2026-05-28 03:51:32,128 - INFO - Initializing database connection at: news_articles.db
2026-05-28 03:51:32,128 - INFO - --- Scraper service started (CI Mode: Run Once) ---
2026-05-28 03:51:32,128 - INFO - --- Starting new scraping job (Parallel Mode) ---
2026-05-28 03:51:32,128 - INFO - Creating new robust session with 3 retries on 5xx/connection/read errors.
2026-05-28 03:51:32,128 - INFO - Proxy is DISABLED.
2026-05-28 03:51:32,129 - INFO - Starting scrape for BBC RSS feed: http://feeds.bbci.co.uk/news/world/rss.xml
2026-05-28 03:51:32,129 - INFO - [Times of India] (Thread) requires Selenium. Initializing driver...
2026-05-28 03:51:32,129 - INFO - Initializing headless Selenium Chrome driver (using SeleniumManager)...
2026-05-28 03:51:32,129 - INFO - Starting scrape for The Guardian RSS feed: https://www.theguardian.com/world/rss
2026-05-28 03:51:32,130 - INFO - [The Hindu] (Thread) requires Selenium. Initializing driver...
2026-05-28 03:51:32,130 - INFO - Submitted 4 jobs to thread pool. Waiting up to 420s for completion...
2026-05-28 03:51:32,130 - INFO - Initializing headless Selenium Chrome driver (using SeleniumManager)...
2026-05-28 03:51:32,392 - INFO - Found 45 articles in The Guardian RSS feed. Processing up to 25.
2026-05-28 03:51:32,392 - INFO - [The Guardian] Article: https://www.theguardian.com/us-news/2026/may/27/trump-administration-ebola-quarantine-kenya
2026-05-28 03:51:32,392 - INFO - [The Guardian] Attempt 1/1: Trying with 'requests_browser' strategy...
2026-05-28 03:51:32,488 - INFO - [The Guardian] Success with 'requests_browser'. Found content (560 words).
2026-05-28 03:51:32,554 - INFO - Saved article: US building Ebola quarantine center in Kenya for Americans amid outbreak | Trump administration | The Guardian from The Guardian
2026-05-28 03:51:32,747 - INFO - Found 26 articles in BBC RSS feed. Processing up to 25.
2026-05-28 03:51:32,747 - INFO - [BBC] Article: https://www.bbc.com/news/articles/c98r2qy5809o?at_medium=RSS&at_campaign=rss
2026-05-28 03:51:32,747 - INFO - [BBC] Attempt 1/1: Trying with 'requests_browser' strategy...
2026-05-28 03:51:33,184 - INFO - [BBC] Success with 'requests_browser'. Found content (616 words).
2026-05-28 03:51:33,218 - INFO - Saved article: US strikes Iran targets for second time in three days from BBC
2026-05-28 03:51:33,944 - INFO - [The Guardian] Article: https://www.theguardian.com/world/2026/may/27/who-chief-tedros-calls-for-drc-ceasefire-ebola
2026-05-28 03:51:33,944 - INFO - [The Guardian] Attempt 1/1: Trying with 'requests_browser' strategy...
2026-05-28 03:51:34,034 - INFO - [The Guardian] Success with 'requests_browser'. Found content (848 words).
2026-05-28 03:51:34,064 - INFO - Duplicate article skipped: WHO chief calls for DRC ceasefire to tackle Ebola outbreak | Democratic Republic of the Congo | The Guardian from The Guardian
2026-05-28 03:51:34,491 - INFO - [BBC] Article: https://www.bbc.com/news/articles/cj3pgrpmlklo?at_medium=RSS&at_campaign=rss
2026-05-28 03:51:34,492 - INFO - [BBC] Attempt 1/1: Trying with 'requests_browser' strategy...
2026-05-28 03:51:34,546 - INFO - [BBC] Success with 'requests_browser'. Found content (710 words).
2026-05-28 03:51:34,577 - INFO - Duplicate article skipped: Israel issues evacuation order for swathes of southern Lebanon from BBC
2026-05-28 03:51:35,172 - INFO - [The Guardian] Article: https://www.theguardian.com/world/2026/may/25/spread-of-ebola-in-drc-outpacing-response-efforts-warns-who
2026-05-28 03:51:35,172 - INFO - [The Guardian] Attempt 1/1: Trying with 'requests_browser' strategy...
2026-05-28 03:51:35,267 - INFO - [The Guardian] Success with 'requests_browser'. Found content (548 words).
2026-05-28 03:51:35,295 - INFO - Duplicate article skipped: Spread of Ebola in DRC ‘outpacing’ response efforts, warns WHO | Democratic Republic of the Congo | The Guardian from The Guardian
2026-05-28 03:51:35,644 - INFO - [BBC] Article: https://www.bbc.com/news/articles/c99l270vy3no?at_medium=RSS&at_campaign=rss
2026-05-28 03:51:35,644 - INFO - [BBC] Attempt 1/1: Trying with 'requests_browser' strategy...
2026-05-28 03:51:35,705 - INFO - [BBC] Success with 'requests_browser'. Found content (511 words).
2026-05-28 03:51:35,752 - INFO - Saved article: Jill Biden says she thought Joe Biden was 'having a stroke' during 2024 debate from BBC
2026-05-28 03:51:36,077 - INFO - [The Guardian] Article: https://www.theguardian.com/world/2026/may/25/same-sex-marriage-botswana-couple-court
2026-05-28 03:51:36,077 - INFO - [The Guardian] Attempt 1/1: Trying with 'requests_browser' strategy...
2026-05-28 03:51:36,164 - INFO - [The Guardian] Success with 'requests_browser'. Found content (968 words).
2026-05-28 03:51:36,193 - INFO - Duplicate article skipped: ‘She does not back down’: the couple seeking to legalise same-sex marriage in Botswana | Botswana | The Guardian from The Guardian
2026-05-28 03:51:36,819 - INFO - [The Guardian] Article: https://www.theguardian.com/world/2026/may/24/suspected-ebola-cases-congo-health-workers-attacks
2026-05-28 03:51:36,819 - INFO - [The Guardian] Attempt 1/1: Trying with 'requests_browser' strategy...
2026-05-28 03:51:36,932 - INFO - [BBC] Article: https://www.bbc.com/news/articles/cdxpdex062yo?at_medium=RSS&at_campaign=rss
2026-05-28 03:51:36,932 - INFO - [BBC] Attempt 1/1: Trying with 'requests_browser' strategy...
2026-05-28 03:51:36,994 - INFO - [The Guardian] Success with 'requests_browser'. Found content (744 words).
2026-05-28 03:51:37,022 - INFO - Duplicate article skipped: Suspected Ebola cases in DRC pass 900 as health workers face attacks and shortages | Ebola | The Guardian from The Guardian
2026-05-28 03:51:37,027 - INFO - [BBC] Success with 'requests_browser'. Found content (680 words).
2026-05-28 03:51:37,062 - INFO - Duplicate article skipped: Ebola-hit DR Congo faces 'catastrophic collision' of disease and conflict, WHO warns from BBC
2026-05-28 03:51:37,664 - INFO - [BBC] Article: https://www.bbc.com/news/articles/cjepvx151gqo?at_medium=RSS&at_campaign=rss
2026-05-28 03:51:37,664 - INFO - [BBC] Attempt 1/1: Trying with 'requests_browser' strategy...
2026-05-28 03:51:37,725 - INFO - [BBC] Success with 'requests_browser'. Found content (861 words).
2026-05-28 03:51:37,764 - INFO - Saved article: Matthew Perry's assistant jailed for 41 months over actor's ketamine death from BBC
2026-05-28 03:51:37,936 - INFO - [The Guardian] Article: https://www.theguardian.com/world/2026/may/27/canada-sweden-saab-globaleye-aircraft
2026-05-28 03:51:37,936 - INFO - [The Guardian] Attempt 1/1: Trying with 'requests_browser' strategy...
2026-05-28 03:51:38,021 - INFO - [The Guardian] Success with 'requests_browser'. Found content (405 words).
2026-05-28 03:51:38,049 - INFO - Saved article: Canada to order military plane fleet from Sweden in shift from US suppliers | Canada | The Guardian from The Guardian
2026-05-28 03:51:38,121 - INFO - Selenium driver initialized successfully.
2026-05-28 03:51:38,121 - INFO - Starting scrape for The Hindu RSS feed: https://www.thehindu.com/news/national/feeder/default.rss
2026-05-28 03:51:38,122 - INFO - Selenium driver initialized successfully.
2026-05-28 03:51:38,122 - INFO - Starting scrape for Times of India RSS feed: https://timesofindia.indiatimes.com/rssfeeds/296589292.cms
2026-05-28 03:51:38,312 - INFO - Found 60 articles in The Hindu RSS feed. Processing up to 25.
2026-05-28 03:51:38,312 - INFO - [The Hindu] Article: https://www.thehindu.com/news/national/gujarat/4-lion-cubs-die-in-gujarats-gir-forest-region-17-isolated-amid-viral-infection-scare/article71031878.ece
2026-05-28 03:51:38,312 - INFO - [The Hindu] Attempt 1/1: Trying with 'selenium_browser' strategy...
2026-05-28 03:51:38,376 - INFO - Found 20 articles in Times of India RSS feed. Processing up to 25.
2026-05-28 03:51:38,376 - INFO - [Times of India] Article: https://timesofindia.indiatimes.com/world/middle-east/90-days-of-middle-east-chaos-us-slaps-sanctions-on-iranian-agency-that-charged-2-million-toll-per-ship/articleshow/131361734.cms
2026-05-28 03:51:38,376 - INFO - [Times of India] Attempt 1/1: Trying with 'selenium_browser' strategy...
2026-05-28 03:51:38,395 - INFO - [BBC] Article: https://www.bbc.com/news/articles/crkpvxrxgp6o?at_medium=RSS&at_campaign=rss
2026-05-28 03:51:38,395 - INFO - [BBC] Attempt 1/1: Trying with 'requests_browser' strategy...
2026-05-28 03:51:38,536 - INFO - [BBC] Success with 'requests_browser'. Found content (405 words).
2026-05-28 03:51:38,601 - INFO - Duplicate article skipped: Five people found alive after week trapped in flooded Laos cave from BBC
2026-05-28 03:51:38,774 - INFO - [The Guardian] Article: https://www.theguardian.com/world/2026/may/25/mexico-fifa-iran-team
2026-05-28 03:51:38,774 - INFO - [The Guardian] Attempt 1/1: Trying with 'requests_browser' strategy...
2026-05-28 03:51:38,852 - INFO - [The Guardian] Success with 'requests_browser'. Found content (437 words).
2026-05-28 03:51:38,880 - INFO - Duplicate article skipped: President Sheinbaum allows Iran team to stay in Mexico during World Cup after US refusal | Mexico | The Guardian from The Guardian
2026-05-28 03:51:39,623 - INFO - [The Guardian] Article: https://www.theguardian.com/world/2026/may/25/venezuela-inmates-occupy-prison-roof-protest-alleged-abuses
2026-05-28 03:51:39,623 - INFO - [The Guardian] Attempt 1/1: Trying with 'requests_browser' strategy...
2026-05-28 03:51:39,832 - INFO - [The Guardian] Success with 'requests_browser'. Found content (329 words).
2026-05-28 03:51:39,865 - INFO - Duplicate article skipped: Venezuela inmates occupy prison roof and set fire to mattresses to highlight alleged abuse | Venezuela | The Guardian from The Guardian
2026-05-28 03:51:39,930 - INFO - [BBC] Article: https://www.bbc.com/news/articles/cjwppj1yn7go?at_medium=RSS&at_campaign=rss
2026-05-28 03:51:39,930 - INFO - [BBC] Attempt 1/1: Trying with 'requests_browser' strategy...
2026-05-28 03:51:40,003 - INFO - [BBC] Success with 'requests_browser'. Found content (841 words).
2026-05-28 03:51:40,053 - INFO - Duplicate article skipped: Mohammed Odeh: Israeli strike in Gaza kills new head of Hamas's military wing from BBC
2026-05-28 03:51:41,214 - INFO - [The Guardian] Article: https://www.theguardian.com/world/2026/may/23/canadians-refugees-rejected-face-ice-detention
2026-05-28 03:51:41,214 - INFO - [The Guardian] Attempt 1/1: Trying with 'requests_browser' strategy...
2026-05-28 03:51:41,304 - INFO - [The Guardian] Success with 'requests_browser'. Found content (1375 words).
2026-05-28 03:51:41,339 - INFO - Duplicate article skipped: ‘Canada is handing people over to ICE’: refugees rejected at border face US detention | Canada | The Guardian from The Guardian
2026-05-28 03:51:41,395 - INFO - [BBC] Article: https://www.bbc.com/news/articles/cx21dr3lekpo?at_medium=RSS&at_campaign=rss
2026-05-28 03:51:41,395 - INFO - [BBC] Attempt 1/1: Trying with 'requests_browser' strategy...
2026-05-28 03:51:41,494 - INFO - [BBC] Success with 'requests_browser'. Found content (718 words).
2026-05-28 03:51:41,557 - INFO - Duplicate article skipped: German ex-Red Army Faction militant Daniela Klette jailed for armed robberies after years on the run from BBC
2026-05-28 03:51:42,231 - INFO - [The Hindu] Page content loaded.
2026-05-28 03:51:42,499 - INFO - [BBC] Article: https://www.bbc.com/news/articles/cj9ppm94xw9o?at_medium=RSS&at_campaign=rss
2026-05-28 03:51:42,499 - INFO - [BBC] Attempt 1/1: Trying with 'requests_browser' strategy...
2026-05-28 03:51:42,587 - INFO - [BBC] Success with 'requests_browser'. Found content (519 words).
2026-05-28 03:51:42,647 - INFO - Duplicate article skipped: Longview explosion: one killed and nine missing after blast at paper mill from BBC
2026-05-28 03:51:42,741 - INFO - [The Hindu] Success with 'selenium_browser'. Found content (330 words).
2026-05-28 03:51:42,774 - INFO - [The Guardian] Article: https://www.theguardian.com/us-news/2026/may/22/kilmar-abrego-garcia-case-dismissed
2026-05-28 03:51:42,775 - INFO - [The Guardian] Attempt 1/1: Trying with 'requests_browser' strategy...
2026-05-28 03:51:42,860 - INFO - Saved article: 4 lion cubs die in Gujarat's Gir forest region, 17 isolated amid viral infection scare - The Hindu from The Hindu
2026-05-28 03:51:42,964 - INFO - [The Guardian] Success with 'requests_browser'. Found content (692 words).
2026-05-28 03:51:43,023 - INFO - Duplicate article skipped: US judge dismisses criminal indictment against Kilmar Ábrego García | Kilmar Ábrego García | The Guardian from The Guardian
2026-05-28 03:51:43,667 - INFO - [BBC] Article: https://www.bbc.com/news/articles/c4g4yd8q0j7o?at_medium=RSS&at_campaign=rss
2026-05-28 03:51:43,667 - INFO - [BBC] Attempt 1/1: Trying with 'requests_browser' strategy...
2026-05-28 03:51:43,733 - INFO - [BBC] Success with 'requests_browser'. Found content (345 words).
2026-05-28 03:51:43,819 - INFO - [The Hindu] Article: https://www.thehindu.com/news/national/karnataka/karnataka-cm-news-leadership-change-live-updates-dk-shivakumar-siddaramaiah-congress-meet-rajya-sabha-seat-may-28-2026/article71029253.ece
2026-05-28 03:51:43,819 - INFO - [The Hindu] Attempt 1/1: Trying with 'selenium_browser' strategy...
2026-05-28 03:51:43,860 - INFO - Duplicate article skipped: Hotel that refused to give tourist tap water acted lawfully, Italian court rules from BBC
2026-05-28 03:51:44,370 - INFO - [The Guardian] Article: https://www.theguardian.com/world/2026/may/27/five-villagers-found-alive-in-laos-cave-as-search-continues-for-two-missing
2026-05-28 03:51:44,370 - INFO - [The Guardian] Attempt 1/1: Trying with 'requests_browser' strategy...
2026-05-28 03:51:44,619 - INFO - [The Guardian] Success with 'requests_browser'. Found content (748 words).
2026-05-28 03:51:44,755 - INFO - Duplicate article skipped: Five villagers found alive in Laos cave as search continues for two missing | Laos | The Guardian from The Guardian
2026-05-28 03:51:45,234 - INFO - [BBC] Article: https://www.bbc.com/news/articles/cwy2d6j14l5o?at_medium=RSS&at_campaign=rss
2026-05-28 03:51:45,234 - INFO - [BBC] Attempt 1/1: Trying with 'requests_browser' strategy...
2026-05-28 03:51:45,422 - INFO - [BBC] Success with 'requests_browser'. Found content (614 words).
2026-05-28 03:51:45,484 - INFO - [The Guardian] Article: https://www.theguardian.com/technology/2026/may/27/samsung-memory-chip-staff-bonuses-ai-profit-sharing-deal
2026-05-28 03:51:45,484 - INFO - [The Guardian] Attempt 1/1: Trying with 'requests_browser' strategy...
2026-05-28 03:51:45,645 - INFO - Duplicate article skipped: Ghana welcomes Pope Leo XIV's apology over Catholic Church's role in slavery from BBC
2026-05-28 03:51:45,678 - INFO - [The Guardian] Success with 'requests_browser'. Found content (503 words).
2026-05-28 03:51:45,770 - INFO - Duplicate article skipped: Samsung memory chip staff in line for £310,000 bonuses after AI profit-sharing deal | Samsung | The Guardian from The Guardian
2026-05-28 03:51:46,873 - INFO - [The Guardian] Article: https://www.theguardian.com/world/2026/may/27/dissident-dong-guangping-south-korea-flee-china-rubber-boat
2026-05-28 03:51:46,873 - INFO - [The Guardian] Attempt 1/1: Trying with 'requests_browser' strategy...
2026-05-28 03:51:47,071 - INFO - [BBC] Article: https://www.bbc.com/news/articles/clypprglrlyo?at_medium=RSS&at_campaign=rss
2026-05-28 03:51:47,071 - INFO - [BBC] Attempt 1/1: Trying with 'requests_browser' strategy...
2026-05-28 03:51:47,158 - INFO - [The Guardian] Success with 'requests_browser'. Found content (572 words).
2026-05-28 03:51:47,438 - INFO - Duplicate article skipped: Dissident detained in South Korea after fleeing China in rubber boat | China | The Guardian from The Guardian
2026-05-28 03:51:47,452 - INFO - [BBC] Success with 'requests_browser'. Found content (1110 words).
2026-05-28 03:51:47,543 - INFO - Duplicate article skipped: Ken Paxton's win over John Cornyn in Texas primary may also help Democrats in Senate battle from BBC
2026-05-28 03:51:48,855 - INFO - [The Guardian] Article: https://www.theguardian.com/world/2026/may/27/us-arms-sales-to-taiwan-pause-unlikely-due-to-iran-war-experts
2026-05-28 03:51:48,855 - INFO - [The Guardian] Attempt 1/1: Trying with 'requests_browser' strategy...
2026-05-28 03:51:49,042 - INFO - [BBC] Article: https://www.bbc.com/news/articles/c87q2pdwpw3o?at_medium=RSS&at_campaign=rss
2026-05-28 03:51:49,051 - INFO - [BBC] Attempt 1/1: Trying with 'requests_browser' strategy...
2026-05-28 03:51:49,071 - INFO - [The Guardian] Success with 'requests_browser'. Found content (765 words).
2026-05-28 03:51:49,267 - INFO - Duplicate article skipped: ‘Makes no sense’: experts doubt pause in US arms sale to Taiwan is due to Iran war | Taiwan | The Guardian from The Guardian
2026-05-28 03:51:49,292 - INFO - [BBC] Success with 'requests_browser'. Found content (647 words).
2026-05-28 03:51:49,469 - INFO - Duplicate article skipped: South Korea detains dissident who fled China in rubber boat from BBC
2026-05-28 03:51:49,969 - INFO - [The Guardian] Article: https://www.theguardian.com/world/2026/may/25/laos-flooded-cave-thai-rescuers
2026-05-28 03:51:49,969 - INFO - [The Guardian] Attempt 1/1: Trying with 'requests_browser' strategy...
2026-05-28 03:51:50,040 - INFO - [BBC] Article: https://www.bbc.com/news/articles/c759y6pvezgo?at_medium=RSS&at_campaign=rss
2026-05-28 03:51:50,040 - INFO - [BBC] Attempt 1/1: Trying with 'requests_browser' strategy...
2026-05-28 03:51:50,210 - INFO - [BBC] Success with 'requests_browser'. Found content (502 words).
2026-05-28 03:51:50,312 - INFO - [The Guardian] Success with 'requests_browser'. Found content (546 words).
2026-05-28 03:51:50,441 - INFO - Duplicate article skipped: Kim Soo-hyun: YouTuber arrested for allegedly using AI to defame Korean actor from BBC
2026-05-28 03:51:50,460 - INFO - Duplicate article skipped: Thai rescuers join effort to free seven people trapped in Laos cave | Laos | The Guardian from The Guardian
2026-05-28 03:51:51,561 - INFO - [BBC] Article: https://www.bbc.com/news/articles/c39228nxyr4o?at_medium=RSS&at_campaign=rss
2026-05-28 03:51:51,561 - INFO - [BBC] Attempt 1/1: Trying with 'requests_browser' strategy...
2026-05-28 03:51:51,762 - INFO - [The Guardian] Article: https://www.theguardian.com/australia-news/live/2026/may/28/australia-politics-live-rishworth-jobseeker-capital-gains-tax-jim-chalmers-anthony-albanese-angus-taylor-question-time-senate-estimates-ntwnfb
2026-05-28 03:51:51,763 - INFO - [The Guardian] Attempt 1/1: Trying with 'requests_browser' strategy...
2026-05-28 03:51:51,793 - INFO - [BBC] Success with 'requests_browser'. Found content (619 words).
2026-05-28 03:51:52,069 - INFO - Duplicate article skipped: Nasa unveils next steps to build permanent Moon base from BBC
2026-05-28 03:51:52,867 - INFO - [The Guardian] Success with 'requests_browser'. Found content (2871 words).
2026-05-28 03:51:53,047 - INFO - Saved article: Australia politics live: government launches ‘largest ever’ lawsuit over Pfas contamination; Melbourne woman who returned from Syria charged over alleged IS links | Australia news | The Guardian from The Guardian
2026-05-28 03:51:53,448 - INFO - [The Hindu] Page content loaded.
2026-05-28 03:51:53,541 - INFO - [BBC] Article: https://www.bbc.com/news/articles/c4g44yl7q70o?at_medium=RSS&at_campaign=rss
2026-05-28 03:51:53,541 - INFO - [BBC] Attempt 1/1: Trying with 'requests_browser' strategy...
2026-05-28 03:51:53,726 - INFO - [The Hindu] Success with 'selenium_browser'. Found content (138 words).
2026-05-28 03:51:53,808 - INFO - [BBC] Success with 'requests_browser'. Found content (589 words).
2026-05-28 03:51:53,993 - INFO - Saved article: Karnataka politics LIVE: Karnataka Governor in Indore as CM Siddaramaiah meets Cabinet colleagues today - The Hindu from The Hindu
2026-05-28 03:51:53,993 - INFO - Duplicate article skipped: US strikes were 'gross violation' of ceasefire, Iran says from BBC
2026-05-28 03:51:54,074 - INFO - [The Guardian] Article: https://www.theguardian.com/media/2026/may/28/simon-robinson-expected-abc-news-director
2026-05-28 03:51:54,074 - INFO - [The Guardian] Attempt 1/1: Trying with 'requests_browser' strategy...
2026-05-28 03:51:54,251 - INFO - [The Guardian] Success with 'requests_browser'. Found content (773 words).
2026-05-28 03:51:54,385 - INFO - Saved article: Reuters executive Simon Robinson expected to replace Justin Stevens as ABC news director | Australian Broadcasting Corporation | The Guardian from The Guardian
2026-05-28 03:51:55,362 - INFO - [BBC] Article: https://www.bbc.com/news/articles/cy0269pwxg3o?at_medium=RSS&at_campaign=rss
2026-05-28 03:51:55,362 - INFO - [BBC] Attempt 1/1: Trying with 'requests_browser' strategy...
2026-05-28 03:51:55,587 - INFO - [The Hindu] Article: https://www.thehindu.com/news/national/jamiat-chief-says-do-not-sacrifice-prohibited-animals-avoid-sharing-slaughter-photos-on-social-media/article71024655.ece
2026-05-28 03:51:55,587 - INFO - [The Hindu] Attempt 1/1: Trying with 'selenium_browser' strategy...
2026-05-28 03:51:55,641 - INFO - [BBC] Success with 'requests_browser'. Found content (685 words).
2026-05-28 03:51:55,729 - INFO - [The Guardian] Article: https://www.theguardian.com/australia-news/2026/may/28/australia-weather-rain-flooding-expected-queensland-nsw-tasmania-bom-severe-weather-warning
2026-05-28 03:51:55,729 - INFO - [The Guardian] Attempt 1/1: Trying with 'requests_browser' strategy...
2026-05-28 03:51:55,744 - INFO - Duplicate article skipped: Ghanaians evacuated from South Africa over immigration protests land in Accra from BBC
2026-05-28 03:51:55,985 - INFO - [The Guardian] Success with 'requests_browser'. Found content (451 words).
2026-05-28 03:51:56,224 - INFO - Saved article: Flooding rains expected across three Australian states as parched interior receives drenching | Australia weather | The Guardian from The Guardian
2026-05-28 03:51:56,463 - INFO - [BBC] Article: https://www.bbc.com/news/videos/cpvp30gpd0ko?at_medium=RSS&at_campaign=rss
2026-05-28 03:51:56,463 - INFO - [BBC] Attempt 1/1: Trying with 'requests_browser' strategy...
2026-05-28 03:51:56,626 - INFO - [BBC] Success with 'requests_browser'. Found content (101 words).
2026-05-28 03:51:56,720 - INFO - Saved article: Watch: We analysed thousands of Trump’s posts - here’s what we found from BBC
2026-05-28 03:51:57,327 - INFO - [BBC] Article: https://www.bbc.com/news/articles/cjwppxwxpg1o?at_medium=RSS&at_campaign=rss
2026-05-28 03:51:57,327 - INFO - [BBC] Attempt 1/1: Trying with 'requests_browser' strategy...
2026-05-28 03:51:57,496 - INFO - [BBC] Success with 'requests_browser'. Found content (1743 words).
2026-05-28 03:51:57,558 - INFO - [The Guardian] Article: https://www.theguardian.com/media/2026/may/28/four-corners-reporter-mahmood-fazal-no-longer-working-abc-external-podcast-ntwnfb
2026-05-28 03:51:57,567 - INFO - [The Guardian] Attempt 1/1: Trying with 'requests_browser' strategy...
2026-05-28 03:51:57,623 - INFO - Saved article: How my brother went from liberal Hollywood actor to manosphere 'messiah' from BBC
2026-05-28 03:51:58,418 - INFO - [The Guardian] Success with 'requests_browser'. Found content (459 words).
2026-05-28 03:51:58,610 - INFO - Saved article: Four Corners reporter Mahmood Fazal no longer working for the ABC after external podcast appearance | Australian Broadcasting Corporation | The Guardian from The Guardian
2026-05-28 03:51:59,111 - INFO - [BBC] Article: https://www.bbc.com/news/articles/cj6p0wrkpj8o?at_medium=RSS&at_campaign=rss
2026-05-28 03:51:59,111 - INFO - [BBC] Attempt 1/1: Trying with 'requests_browser' strategy...
2026-05-28 03:51:59,244 - INFO - [BBC] Success with 'requests_browser'. Found content (1147 words).
2026-05-28 03:51:59,345 - INFO - Saved article: Is 'out of control' US tipping culture spreading overseas? from BBC
2026-05-28 03:51:59,628 - INFO - [The Hindu] Page content loaded.
2026-05-28 03:51:59,742 - INFO - [The Guardian] Article: https://www.theguardian.com/australia-news/2026/may/28/anti-abortion-activist-joanna-howe-says-using-hoax-twin-foetuses-doesnt-matter-ntwnfb
2026-05-28 03:51:59,742 - INFO - [The Guardian] Attempt 1/1: Trying with 'requests_browser' strategy...
2026-05-28 03:51:59,900 - INFO - [The Guardian] Success with 'requests_browser'. Found content (759 words).
2026-05-28 03:52:00,002 - INFO - [BBC] Article: https://www.bbc.com/news/articles/ce8pjg6jp38o?at_medium=RSS&at_campaign=rss
2026-05-28 03:52:00,003 - INFO - [BBC] Attempt 1/1: Trying with 'requests_browser' strategy...
2026-05-28 03:52:00,049 - INFO - Saved article: Anti-abortion activist concedes pictures of human foetuses may have been sugar glider joeys | Australia news | The Guardian from The Guardian
2026-05-28 03:52:00,237 - INFO - [BBC] Success with 'requests_browser'. Found content (1718 words).
2026-05-28 03:52:00,414 - INFO - Saved article: Paul McCartney on playing guitar with Paul Mescal: 'He knew it better than I did!' from BBC
2026-05-28 03:52:00,480 - INFO - [The Hindu] Success with 'selenium_browser'. Found content (435 words).
2026-05-28 03:52:00,617 - INFO - Saved article: Jamiat chief says do not sacrifice prohibited animals, avoid sharing slaughter photos on social media - The Hindu from The Hindu
2026-05-28 03:52:00,733 - INFO - [The Guardian] Article: https://www.theguardian.com/world/2026/may/27/nearly-half-a-million-russians-killed-in-ukraine-war-uk-spy-chief-says
2026-05-28 03:52:00,733 - INFO - [The Guardian] Attempt 1/1: Trying with 'requests_browser' strategy...
2026-05-28 03:52:00,887 - INFO - [The Guardian] Success with 'requests_browser'. Found content (580 words).
2026-05-28 03:52:00,983 - INFO - Saved article: Nearly half a million Russians killed in Ukraine war, UK spy chief says | Russia | The Guardian from The Guardian
2026-05-28 03:52:01,028 - INFO - [BBC] Article: https://www.bbc.com/news/articles/c4g8vg72z43o?at_medium=RSS&at_campaign=rss
2026-05-28 03:52:01,028 - INFO - [BBC] Attempt 1/1: Trying with 'requests_browser' strategy...
2026-05-28 03:52:01,160 - INFO - [BBC] Success with 'requests_browser'. Found content (1087 words).
2026-05-28 03:52:01,356 - INFO - Saved article: The world's carmakers are struggling to compete with China from BBC
2026-05-28 03:52:01,637 - INFO - [The Guardian] Article: https://www.theguardian.com/politics/2026/may/27/brexiters-peddled-nationalistic-pish-said-reform-uk-makerfield-candidate
2026-05-28 03:52:01,637 - INFO - [The Guardian] Attempt 1/1: Trying with 'requests_browser' strategy...
2026-05-28 03:52:02,081 - INFO - [The Hindu] Article: https://www.thehindu.com/news/national/jammu-and-kashmir/id-prayers-disallowed-at-srinagars-jama-masjid-for-eighth-year-in-a-row/article71027957.ece
2026-05-28 03:52:02,081 - INFO - [The Hindu] Attempt 1/1: Trying with 'selenium_browser' strategy...
2026-05-28 03:52:02,087 - INFO - [The Guardian] Success with 'requests_browser'. Found content (434 words).
2026-05-28 03:52:02,191 - INFO - Saved article: Brexiters peddled ‘nationalistic pish’, said Reform UK’s Makerfield candidate | Makerfield byelection | The Guardian from The Guardian
2026-05-28 03:52:02,483 - INFO - [BBC] Article: https://www.bbc.com/news/videos/cewpqy948ero?at_medium=RSS&at_campaign=rss
2026-05-28 03:52:02,483 - INFO - [BBC] Attempt 1/1: Trying with 'requests_browser' strategy...
2026-05-28 03:52:02,648 - INFO - [BBC] Success with 'requests_browser'. Found content (89 words).
2026-05-28 03:52:02,767 - INFO - Saved article: Watch: Moment rescuers find five men trapped in Laos cave from BBC
2026-05-28 03:52:03,642 - INFO - [The Guardian] Article: https://www.theguardian.com/film/2026/may/27/russian-director-andrey-zvyagintsev-makes-appeal-to-putin
2026-05-28 03:52:03,642 - INFO - [The Guardian] Attempt 1/1: Trying with 'requests_browser' strategy...
2026-05-28 03:52:03,733 - INFO - [BBC] Article: https://www.bbc.com/news/videos/cz7253q4g4jo?at_medium=RSS&at_campaign=rss
2026-05-28 03:52:03,733 - INFO - [BBC] Attempt 1/1: Trying with 'requests_browser' strategy...
2026-05-28 03:52:03,764 - INFO - [The Guardian] Success with 'requests_browser'. Found content (543 words).
2026-05-28 03:52:03,928 - INFO - Saved article: ‘Put an end to this war’: Russian director Andrey Zvyagintsev makes new plea to Putin | Cannes film festival | The Guardian from The Guardian
2026-05-28 03:52:04,000 - INFO - [BBC] Success with 'requests_browser'. Found content (88 words).
2026-05-28 03:52:04,176 - INFO - Duplicate article skipped: Watch: UFC arena construction begins at White House from BBC
2026-05-28 03:52:04,845 - INFO - [The Guardian] Article: https://www.theguardian.com/world/2026/may/27/uk-will-get-no-special-treatment-eu-european-ministers-say
2026-05-28 03:52:04,845 - INFO - [The Guardian] Attempt 1/1: Trying with 'requests_browser' strategy...
2026-05-28 03:52:05,012 - INFO - [The Guardian] Success with 'requests_browser'. Found content (587 words).
2026-05-28 03:52:05,161 - INFO - Saved article: UK will get no special treatment from EU, European ministers say | European Union | The Guardian from The Guardian
2026-05-28 03:52:05,382 - INFO - [BBC] Article: https://www.bbc.com/news/videos/cy522zrkr7lo?at_medium=RSS&at_campaign=rss
2026-05-28 03:52:05,382 - INFO - [BBC] Attempt 1/1: Trying with 'requests_browser' strategy...
2026-05-28 03:52:05,721 - INFO - [The Guardian] Article: https://www.theguardian.com/world/live/2026/may/27/spain-pedro-sanchez-pope-leo-heatwave-ukraine-latest-updates-europe-live-news
2026-05-28 03:52:05,721 - INFO - [The Guardian] Attempt 1/1: Trying with 'requests_browser' strategy...
2026-05-28 03:52:05,873 - INFO - [BBC] Success with 'requests_browser'. Found content (116 words).
2026-05-28 03:52:06,128 - INFO - Duplicate article skipped: Paris 'punishingly hot' as western Europe hit by heatwave from BBC
2026-05-28 03:52:06,349 - INFO - [The Guardian] Success with 'requests_browser'. Found content (3732 words).
2026-05-28 03:52:06,558 - INFO - Duplicate article skipped: Zelenskyy asks Trump for help with air defences as Russia continues attacks – as it happened | Europe | The Guardian from The Guardian
2026-05-28 03:52:08,019 - INFO - [The Hindu] Page content loaded.
2026-05-28 03:52:08,205 - INFO - [The Hindu] Success with 'selenium_browser'. Found content (228 words).
2026-05-28 03:52:08,340 - INFO - Saved article: Id prayers disallowed at Srinagar's Jama Masjid for eighth year in a row - The Hindu from The Hindu
2026-05-28 03:52:09,836 - INFO - [The Hindu] Article: https://www.thehindu.com/news/national/bihar/bihar-cabinetapproves-cashless-treatment-for-mlas-government-officials-employees-and-pensioners/article71030389.ece
2026-05-28 03:52:09,837 - INFO - [The Hindu] Attempt 1/1: Trying with 'selenium_browser' strategy...
2026-05-28 03:52:16,394 - INFO - [The Hindu] Page content loaded.
2026-05-28 03:52:16,605 - INFO - [The Hindu] Success with 'selenium_browser'. Found content (107 words).
2026-05-28 03:52:16,728 - INFO - Saved article: Bihar cabinet approves ‘cashless treatment’ for MLAs, government officials, employees and pensioners - The Hindu from The Hindu
2026-05-28 03:52:17,960 - INFO - [The Hindu] Article: https://www.thehindu.com/news/national/west-bengal/west-bengal-to-launch-annapurna-yojana-offer-3000-monthly-aid-to-women/article71028322.ece
2026-05-28 03:52:17,961 - INFO - [The Hindu] Attempt 1/1: Trying with 'selenium_browser' strategy...
2026-05-28 03:52:20,760 - INFO - [The Hindu] Page content loaded.
2026-05-28 03:52:22,987 - WARNING - [The Hindu] FAILED with 'selenium_browser' (content was too short: 79 words).
2026-05-28 03:52:22,987 - ERROR - [The Hindu] All scrape strategies failed for https://www.thehindu.com/news/national/west-bengal/west-bengal-to-launch-annapurna-yojana-offer-3000-monthly-aid-to-women/article71028322.ece. Falling back to RSS description.
2026-05-28 03:52:22,990 - INFO - Saved article: Annapurna Yojana: How to enrol in West Bengal’s new cash aid scheme for women from The Hindu
2026-05-28 03:52:24,009 - INFO - [The Hindu] Article: https://www.thehindu.com/news/national/jammu-and-kashmir/jk-govt-declares-3-day-holiday-for-id-in-kashmir/article71025931.ece
2026-05-28 03:52:24,009 - INFO - [The Hindu] Attempt 1/1: Trying with 'selenium_browser' strategy...
2026-05-28 03:52:25,700 - INFO - [The Hindu] Page content loaded.
2026-05-28 03:52:26,209 - INFO - [The Hindu] Success with 'selenium_browser'. Found content (109 words).
2026-05-28 03:52:26,423 - INFO - Duplicate article skipped: J&K govt. declares 3-day holiday for Id in Kashmir - The Hindu from The Hindu
2026-05-28 03:52:27,398 - INFO - [The Hindu] Article: https://www.thehindu.com/sci-tech/health/whatsapp-training-and-tenecteplase-injection-bring-heart-attack-care-to-rural-punjab/article71020047.ece
2026-05-28 03:52:27,398 - INFO - [The Hindu] Attempt 1/1: Trying with 'selenium_browser' strategy...
2026-05-28 03:52:30,020 - INFO - [The Hindu] Page content loaded.
2026-05-28 03:52:30,542 - WARNING - [The Hindu] FAILED with 'selenium_browser' (content was too short: 56 words).
2026-05-28 03:52:30,542 - ERROR - [The Hindu] All scrape strategies failed for https://www.thehindu.com/sci-tech/health/whatsapp-training-and-tenecteplase-injection-bring-heart-attack-care-to-rural-punjab/article71020047.ece. Falling back to RSS description.
2026-05-28 03:52:30,546 - INFO - Saved article: WhatsApp, training and tenecteplase injection bring heart attack care to rural Punjab from The Hindu
2026-05-28 03:52:31,736 - INFO - [The Hindu] Article: https://www.thehindu.com/news/national/madhya-pradesh/twisha-sharma-death-case-madhya-pradesh-hc-quashes-anticipatory-bail-giribala-singh/article71030927.ece
2026-05-28 03:52:31,736 - INFO - [The Hindu] Attempt 1/1: Trying with 'selenium_browser' strategy...
2026-05-28 03:52:34,948 - INFO - [The Hindu] Page content loaded.
2026-05-28 03:52:35,045 - WARNING - [The Hindu] FAILED with 'selenium_browser' (content was too short: 47 words).
2026-05-28 03:52:35,045 - ERROR - [The Hindu] All scrape strategies failed for https://www.thehindu.com/news/national/madhya-pradesh/twisha-sharma-death-case-madhya-pradesh-hc-quashes-anticipatory-bail-giribala-singh/article71030927.ece. Falling back to RSS description.
2026-05-28 03:52:35,047 - INFO - Saved article: Twisha Sharma death case: Madhya Pradesh HC quashes anticipatory bail of retired judge Giribala Singh from The Hindu
2026-05-28 03:52:36,529 - INFO - [The Hindu] Article: https://www.thehindu.com/news/national/telangana/imd-issues-orange-alert-in-nine-telangana-districts-today/article71029148.ece
2026-05-28 03:52:36,529 - INFO - [The Hindu] Attempt 1/1: Trying with 'selenium_browser' strategy...
2026-05-28 03:52:37,904 - INFO - [The Hindu] Page content loaded.
2026-05-28 03:52:37,999 - WARNING - [The Hindu] FAILED with 'selenium_browser' (content was too short: 58 words).
2026-05-28 03:52:37,999 - ERROR - [The Hindu] All scrape strategies failed for https://www.thehindu.com/news/national/telangana/imd-issues-orange-alert-in-nine-telangana-districts-today/article71029148.ece. Falling back to RSS description.
2026-05-28 03:52:38,003 - INFO - Saved article: IMD issues orange alert in nine Telangana districts today from The Hindu
2026-05-28 03:52:39,377 - INFO - [The Hindu] Article: https://www.thehindu.com/news/national/tamil-nadu/ban-cow-slaughter-in-tamil-nadu-with-immediate-effect-orders-madras-high-court/article71029921.ece
2026-05-28 03:52:39,377 - INFO - [The Hindu] Attempt 1/1: Trying with 'selenium_browser' strategy...
2026-05-28 03:52:40,825 - INFO - [The Hindu] Page content loaded.
2026-05-28 03:52:41,059 - INFO - [The Hindu] Success with 'selenium_browser'. Found content (111 words).
2026-05-28 03:52:41,146 - INFO - Saved article: Ban cow slaughter in Tamil Nadu with immediate effect, orders Madras High Court - The Hindu from The Hindu
2026-05-28 03:52:42,086 - INFO - [The Hindu] Article: https://www.thehindu.com/news/national/karnataka/karnataka-will-go-to-mid-term-polls-says-bjp-president-by-vijayendra/article71028805.ece
2026-05-28 03:52:42,086 - INFO - [The Hindu] Attempt 1/1: Trying with 'selenium_browser' strategy...
2026-05-28 03:52:43,742 - ERROR - [Times of India] Request failed for strategy 'selenium_browser' on URL https://timesofindia.indiatimes.com/world/middle-east/90-days-of-middle-east-chaos-us-slaps-sanctions-on-iranian-agency-that-charged-2-million-toll-per-ship/articleshow/131361734.cms: Message: timeout: Timed out receiving message from renderer: 58.838
  (Session info: chrome=148.0.7778.167)
Stacktrace:
#0 0x55d893a5a22a <unknown>
#1 0x55d893458ab9 <unknown>
#2 0x55d89344010b <unknown>
#3 0x55d89343fd86 <unknown>
#4 0x55d89343d8ab <unknown>
#5 0x55d89343e22f <unknown>
#6 0x55d89344d6e0 <unknown>
#7 0x55d893467847 <unknown>
#8 0x55d89346f07b <unknown>
#9 0x55d89343e999 <unknown>
#10 0x55d8934675d2 <unknown>
#11 0x55d8934f542a <unknown>
#12 0x55d8934a0662 <unknown>
#13 0x55d8934a1451 <unknown>
#14 0x55d893a1dd8b <unknown>
#15 0x55d893a20c65 <unknown>
#16 0x55d893a0a458 <unknown>
#17 0x55d893a217f0 <unknown>
#18 0x55d8939f11c0 <unknown>
#19 0x55d893a47168 <unknown>
#20 0x55d893a47305 <unknown>
#21 0x55d893a58c5e <unknown>
#22 0x7efc8fa9caa4 <unknown>
#23 0x7efc8fb29c6c <unknown>

2026-05-28 03:52:43,742 - ERROR - [Times of India] All scrape strategies failed for https://timesofindia.indiatimes.com/world/middle-east/90-days-of-middle-east-chaos-us-slaps-sanctions-on-iranian-agency-that-charged-2-million-toll-per-ship/articleshow/131361734.cms. Falling back to RSS description.
2026-05-28 03:52:43,758 - INFO - Saved article: 'War left regime desperate for cash': US sanctions authority overseeing Strait of Hormuz as Middle East conflict enters 90th day from Times of India
2026-05-28 03:52:43,969 - INFO - [The Hindu] Page content loaded.
2026-05-28 03:52:44,054 - INFO - [The Hindu] Success with 'selenium_browser'. Found content (108 words).
2026-05-28 03:52:44,143 - INFO - Duplicate article skipped: Karnataka will go to mid-term polls, says BJP State president B.Y. Vijayendra - The Hindu from The Hindu
2026-05-28 03:52:44,651 - INFO - [Times of India] Article: https://timesofindia.indiatimes.com/world/pakistan/let-turns-on-its-pakistan-masters-over-recognising-israel/articleshow/131361851.cms
2026-05-28 03:52:44,652 - INFO - [Times of India] Attempt 1/1: Trying with 'selenium_browser' strategy...
2026-05-28 03:52:45,140 - INFO - [The Hindu] Article: https://www.thehindu.com/news/national/karnataka/amid-official-denials-sources-say-congress-high-command-nudges-karnataka-chief-ministersiddaramaiah-to-come-to-the-rajya-sabha/article71025684.ece
2026-05-28 03:52:45,141 - INFO - [The Hindu] Attempt 1/1: Trying with 'selenium_browser' strategy...
2026-05-28 03:52:46,596 - INFO - [Times of India] Page content loaded.
2026-05-28 03:52:46,755 - INFO - [Times of India] Success with 'selenium_browser'. Found content (296 words).
2026-05-28 03:52:46,834 - INFO - Saved article: LeT turns on its Pakistan masters over recognising Israel - The Times of India from Times of India
2026-05-28 03:52:47,236 - INFO - [The Hindu] Page content loaded.
2026-05-28 03:52:47,727 - INFO - [The Hindu] Success with 'selenium_browser'. Found content (111 words).
2026-05-28 03:52:47,851 - INFO - Duplicate article skipped: Leadership tussle in Karnataka: Congress high command wants Siddaramaiah to move to Rajya Sabha, sources say, even as party officially denies - The Hindu from The Hindu
2026-05-28 03:52:47,864 - INFO - [Times of India] Article: https://timesofindia.indiatimes.com/world/us-streamers/superman-to-clark-kent-clavicular-heavily-trolled-after-quitting-testosterone-as-viral-transformation-shocks-viewers/articleshow/131360998.cms
2026-05-28 03:52:47,864 - INFO - [Times of India] Attempt 1/1: Trying with 'selenium_browser' strategy...
2026-05-28 03:52:48,824 - INFO - [The Hindu] Article: https://www.thehindu.com/news/national/karnataka/congress-will-be-destroyed-if-siddaramaiah-is-replaced-says-lakhan-jarkiholi/article71029177.ece
2026-05-28 03:52:48,824 - INFO - [The Hindu] Attempt 1/1: Trying with 'selenium_browser' strategy...
2026-05-28 03:52:50,258 - INFO - [Times of India] Page content loaded.
2026-05-28 03:52:50,428 - INFO - [Times of India] Success with 'selenium_browser'. Found content (474 words).
2026-05-28 03:52:50,492 - INFO - Saved article: "Superman to Clark Kent": Clavicular heavily trolled after quitting testosterone as viral transformation shocks viewers - The Times of India from Times of India
2026-05-28 03:52:50,803 - INFO - [The Hindu] Page content loaded.
2026-05-28 03:52:50,989 - INFO - [The Hindu] Success with 'selenium_browser'. Found content (148 words).
2026-05-28 03:52:51,146 - INFO - Saved article: Congress will be destroyed if Siddaramaiah is replaced, says Lakhan Jarkiholi - The Hindu from The Hindu
2026-05-28 03:52:51,313 - INFO - [Times of India] Article: https://timesofindia.indiatimes.com/world/us-streamers/charlie-makes-me-emotional-candace-owens-revisits-old-charlie-kirk-post-after-reaching-new-youtube-milestone/articleshow/131360986.cms
2026-05-28 03:52:51,313 - INFO - [Times of India] Attempt 1/1: Trying with 'selenium_browser' strategy...
2026-05-28 03:52:52,137 - INFO - [The Hindu] Article: https://www.thehindu.com/news/national/karnataka/i-will-speak-tomorrow-karnataka-cm-siddaramaiah-says-amid-talk-of-power-transition/article71028481.ece
2026-05-28 03:52:52,137 - INFO - [The Hindu] Attempt 1/1: Trying with 'selenium_browser' strategy...
2026-05-28 03:52:55,807 - INFO - [The Hindu] Page content loaded.
2026-05-28 03:52:57,436 - INFO - [The Hindu] Success with 'selenium_browser'. Found content (115 words).
2026-05-28 03:52:57,602 - INFO - Saved article: ‘I will speak tomorrow’: Karnataka CM Siddaramaiah says, amid talk of power transition - The Hindu from The Hindu
2026-05-28 03:52:58,897 - INFO - [The Hindu] Article: https://www.thehindu.com/news/national/uganda-national-isolated-in-bengaluru-tests-negative-for-ebola-india/article71027744.ece
2026-05-28 03:52:58,897 - INFO - [The Hindu] Attempt 1/1: Trying with 'selenium_browser' strategy...
2026-05-28 03:53:00,853 - INFO - [The Hindu] Page content loaded.
2026-05-28 03:53:00,999 - WARNING - [The Hindu] FAILED with 'selenium_browser' (content was too short: 56 words).
2026-05-28 03:53:00,999 - ERROR - [The Hindu] All scrape strategies failed for https://www.thehindu.com/news/national/uganda-national-isolated-in-bengaluru-tests-negative-for-ebola-india/article71027744.ece. Falling back to RSS description.
2026-05-28 03:53:01,002 - INFO - Saved article: Isolated Bengaluru passenger tests negative for Ebola from The Hindu
2026-05-28 03:53:02,457 - INFO - [The Hindu] Article: https://www.thehindu.com/sci-tech/health/dgca-issues-ebola-sop-for-airlines/article71021962.ece
2026-05-28 03:53:02,457 - INFO - [The Hindu] Attempt 1/1: Trying with 'selenium_browser' strategy...
2026-05-28 03:53:04,556 - INFO - [The Hindu] Page content loaded.
2026-05-28 03:53:04,658 - WARNING - [The Hindu] FAILED with 'selenium_browser' (content was too short: 69 words).
2026-05-28 03:53:04,658 - ERROR - [The Hindu] All scrape strategies failed for https://www.thehindu.com/sci-tech/health/dgca-issues-ebola-sop-for-airlines/article71021962.ece. Falling back to RSS description.
2026-05-28 03:53:04,659 - INFO - Duplicate article skipped: DGCA issues Ebola SOP for airlines from The Hindu
2026-05-28 03:53:05,775 - INFO - [The Hindu] Article: https://www.thehindu.com/news/national/india-sends-emergency-medical-supplies-for-ebola-outbreak-response-in-congo/article71030934.ece
2026-05-28 03:53:05,775 - INFO - [The Hindu] Attempt 1/1: Trying with 'selenium_browser' strategy...
2026-05-28 03:53:07,008 - INFO - [The Hindu] Page content loaded.
2026-05-28 03:53:07,204 - WARNING - [The Hindu] FAILED with 'selenium_browser' (content was too short: 63 words).
2026-05-28 03:53:07,204 - ERROR - [The Hindu] All scrape strategies failed for https://www.thehindu.com/news/national/india-sends-emergency-medical-supplies-for-ebola-outbreak-response-in-congo/article71030934.ece. Falling back to RSS description.
2026-05-28 03:53:07,206 - INFO - Saved article: India sends emergency medical supplies for Ebola outbreak response in Congo from The Hindu
2026-05-28 03:53:08,341 - INFO - [The Hindu] Article: https://www.thehindu.com/news/national/supreme-court-refuses-urgent-hearing-of-pil-seeking-complete-ban-on-cow-slaughter/article71023916.ece
2026-05-28 03:53:08,342 - INFO - [The Hindu] Attempt 1/1: Trying with 'selenium_browser' strategy...
2026-05-28 03:53:09,885 - INFO - [The Hindu] Page content loaded.
2026-05-28 03:53:09,995 - WARNING - [The Hindu] FAILED with 'selenium_browser' (content was too short: 76 words).
2026-05-28 03:53:09,995 - ERROR - [The Hindu] All scrape strategies failed for https://www.thehindu.com/news/national/supreme-court-refuses-urgent-hearing-of-pil-seeking-complete-ban-on-cow-slaughter/article71023916.ece. Falling back to RSS description.
2026-05-28 03:53:10,001 - INFO - Saved article: Supreme Court refuses urgent hearing of PIL seeking complete ban on cow slaughter from The Hindu
2026-05-28 03:53:11,104 - INFO - [The Hindu] Article: https://www.thehindu.com/sitemapamp/fuel-price-hike-private-schools-in-bengaluru-plan-to-increase-transport-fee/article71029718.ece
2026-05-28 03:53:11,104 - INFO - [The Hindu] Attempt 1/1: Trying with 'selenium_browser' strategy...
2026-05-28 03:53:13,428 - INFO - [The Hindu] Page content loaded.
2026-05-28 03:53:13,493 - WARNING - [The Hindu] FAILED with 'selenium_browser' (content was too short: 57 words).
2026-05-28 03:53:13,493 - ERROR - [The Hindu] All scrape strategies failed for https://www.thehindu.com/sitemapamp/fuel-price-hike-private-schools-in-bengaluru-plan-to-increase-transport-fee/article71029718.ece. Falling back to RSS description.
2026-05-28 03:53:13,496 - INFO - Saved article: Fuel price hike: Private schools in Bengaluru plan to increase transport fee from The Hindu
2026-05-28 03:53:14,402 - INFO - [The Hindu] Article: https://www.thehindu.com/news/national/karnataka/boycott-of-cattle-market-in-hassan-to-extend-to-other-parts-of-karnataka-pressure-to-be-maintained-on-govt-to-repeal-law/article71029859.ece
2026-05-28 03:53:14,402 - INFO - [The Hindu] Attempt 1/1: Trying with 'selenium_browser' strategy...
2026-05-28 03:53:16,258 - INFO - [The Hindu] Page content loaded.
2026-05-28 03:53:16,576 - INFO - [The Hindu] Success with 'selenium_browser'. Found content (81 words).
2026-05-28 03:53:16,808 - INFO - Saved article: Boycott of cattle market in Hassan to extend to other parts of Karnataka, pressure to be maintained on govt. to repeal law - The Hindu from The Hindu
2026-05-28 03:53:17,616 - INFO - [The Hindu] Article: https://www.thehindu.com/news/national/supreme-court-seeks-centre-ncerts-responses-on-plea-against-cbses-three-language-rule-for-class-9-students/article71029041.ece
2026-05-28 03:53:17,616 - INFO - [The Hindu] Attempt 1/1: Trying with 'selenium_browser' strategy...
2026-05-28 03:53:18,915 - INFO - [The Hindu] Page content loaded.
2026-05-28 03:53:19,303 - INFO - [The Hindu] Success with 'selenium_browser'. Found content (86 words).
2026-05-28 03:53:19,372 - INFO - Saved article: Supreme Court to examine if CBSE’s three-language rule is ‘unreasonable’ on kids, resources - The Hindu from The Hindu
2026-05-28 03:53:20,285 - INFO - [The Hindu] Article: https://www.thehindu.com/news/national/ncw-calls-for-legislation-to-codify-muslim-personal-law-related-to-marriage/article71029777.ece
2026-05-28 03:53:20,285 - INFO - [The Hindu] Attempt 1/1: Trying with 'selenium_browser' strategy...
2026-05-28 03:53:22,308 - INFO - [The Hindu] Page content loaded.
2026-05-28 03:53:22,395 - INFO - [The Hindu] Success with 'selenium_browser'. Found content (86 words).
2026-05-28 03:53:22,459 - INFO - Duplicate article skipped: NCW calls for legislation to codify Muslim personal law related to marriage - The Hindu from The Hindu
2026-05-28 03:53:23,272 - INFO - [The Hindu] Article: https://www.thehindu.com/news/national/respite-from-heat-expected-over-weekend/article71030676.ece
2026-05-28 03:53:23,273 - INFO - [The Hindu] Attempt 1/1: Trying with 'selenium_browser' strategy...
2026-05-28 03:53:24,588 - INFO - [The Hindu] Page content loaded.
2026-05-28 03:53:24,746 - INFO - [The Hindu] Success with 'selenium_browser'. Found content (101 words).
2026-05-28 03:53:24,848 - INFO - Saved article: Respite from heat expected over weekend - The Hindu from The Hindu
2026-05-28 03:53:25,628 - INFO - [The Hindu] Article: https://www.thehindu.com/news/national/maharashtra/court-allows-police-interrogation-of-shiv-sena-mla-sanjay-gaikwad-over-threat-to-publisher/article71022070.ece
2026-05-28 03:53:25,628 - INFO - [The Hindu] Attempt 1/1: Trying with 'selenium_browser' strategy...
2026-05-28 03:53:27,297 - INFO - [The Hindu] Page content loaded.
2026-05-28 03:53:27,562 - INFO - [The Hindu] Success with 'selenium_browser'. Found content (123 words).
2026-05-28 03:53:27,645 - INFO - Duplicate article skipped: Court allows police interrogation of Shiv Sena MLA Sanjay Gaikwad over threat to publisher - The Hindu from The Hindu
2026-05-28 03:53:28,556 - INFO - [The Hindu] (Thread) Finished. Attempting to shut down its Selenium driver.
2026-05-28 03:53:28,750 - INFO - [The Hindu] (Thread) driver.quit() successful.
2026-05-28 03:53:51,323 - ERROR - [Times of India] Request failed for strategy 'selenium_browser' on URL https://timesofindia.indiatimes.com/world/us-streamers/charlie-makes-me-emotional-candace-owens-revisits-old-charlie-kirk-post-after-reaching-new-youtube-milestone/articleshow/131360986.cms: Message: timeout: Timed out receiving message from renderer: 59.648
  (Session info: chrome=148.0.7778.167)
Stacktrace:
#0 0x55d893a5a22a <unknown>
#1 0x55d893458ab9 <unknown>
#2 0x55d89344010b <unknown>
#3 0x55d89343fd86 <unknown>
#4 0x55d89343d8ab <unknown>
#5 0x55d89343e22f <unknown>
#6 0x55d89344d6e0 <unknown>
#7 0x55d893467847 <unknown>
#8 0x55d89346f07b <unknown>
#9 0x55d89343e999 <unknown>
#10 0x55d8934675d2 <unknown>
#11 0x55d8934f542a <unknown>
#12 0x55d8934a0662 <unknown>
#13 0x55d8934a1451 <unknown>
#14 0x55d893a1dd8b <unknown>
#15 0x55d893a20c65 <unknown>
#16 0x55d893a0a458 <unknown>
#17 0x55d893a217f0 <unknown>
#18 0x55d8939f11c0 <unknown>
#19 0x55d893a47168 <unknown>
#20 0x55d893a47305 <unknown>
#21 0x55d893a58c5e <unknown>
#22 0x7efc8fa9caa4 <unknown>
#23 0x7efc8fb29c6c <unknown>

2026-05-28 03:53:51,323 - ERROR - [Times of India] All scrape strategies failed for https://timesofindia.indiatimes.com/world/us-streamers/charlie-makes-me-emotional-candace-owens-revisits-old-charlie-kirk-post-after-reaching-new-youtube-milestone/articleshow/131360986.cms. Falling back to RSS description.
2026-05-28 03:53:51,325 - INFO - Saved article: "Charlie makes me emotional": Candace Owens revisits old Charlie Kirk post after reaching new YouTube milestone from Times of India
2026-05-28 03:53:51,991 - INFO - [Times of India] Article: https://timesofindia.indiatimes.com/world/us-streamers/why-did-adin-ross-refuse-ufc-freedom-250-appearance-despite-donald-trump-planning-historic-white-house-fight-night/articleshow/131360943.cms
2026-05-28 03:53:51,991 - INFO - [Times of India] Attempt 1/1: Trying with 'selenium_browser' strategy...
2026-05-28 03:53:53,794 - INFO - [Times of India] Page content loaded.
2026-05-28 03:53:53,910 - INFO - [Times of India] Success with 'selenium_browser'. Found content (497 words).
2026-05-28 03:53:53,956 - INFO - Saved article: Why did Adin Ross refuse UFC Freedom 250 appearance despite Donald Trump planning historic White House fight night? - The Times of India from Times of India
2026-05-28 03:53:54,747 - INFO - [Times of India] Article: https://timesofindia.indiatimes.com/world/us-streamers/this-is-so-stupid-candace-owens-challenges-blake-neff-over-charlie-kirk-and-erika-kirk-tpusa-successor-claims/articleshow/131360939.cms
2026-05-28 03:53:54,747 - INFO - [Times of India] Attempt 1/1: Trying with 'selenium_browser' strategy...
2026-05-28 03:53:55,801 - INFO - [Times of India] Page content loaded.
2026-05-28 03:53:55,935 - INFO - [Times of India] Success with 'selenium_browser'. Found content (474 words).
2026-05-28 03:53:55,989 - INFO - Saved article: “This is so stupid”: Candace Owens challenges Blake Neff over Charlie Kirk and Erika Kirk TPUSA successor claims - The Times of India from Times of India
2026-05-28 03:53:56,932 - INFO - [Times of India] Article: https://timesofindia.indiatimes.com/world/us-streamers/valorant-streamer-grannygamingz-reveals-heartbreaking-reason-behind-return-to-streaming/articleshow/131359096.cms
2026-05-28 03:53:56,932 - INFO - [Times of India] Attempt 1/1: Trying with 'selenium_browser' strategy...
2026-05-28 03:53:57,920 - INFO - [Times of India] Page content loaded.
2026-05-28 03:53:58,052 - INFO - [Times of India] Success with 'selenium_browser'. Found content (380 words).
2026-05-28 03:53:58,098 - INFO - Saved article: Grannygamingz: Valorant streamer GrannyGamingz reveals heartbreaking reason behind return to streaming - The Times of India from Times of India
2026-05-28 03:53:59,478 - INFO - [Times of India] Article: https://timesofindia.indiatimes.com/sports/football/top-stories/arsenal-thobe-for-eid-zohran-mamdani-goes-viral-in-bold-football-themed-outfit-at-eid-al-adha-celebration/articleshow/131358895.cms
2026-05-28 03:53:59,478 - INFO - [Times of India] Attempt 1/1: Trying with 'selenium_browser' strategy...
2026-05-28 03:54:00,694 - INFO - [Times of India] Page content loaded.
2026-05-28 03:54:00,824 - INFO - [Times of India] Success with 'selenium_browser'. Found content (385 words).
2026-05-28 03:54:00,886 - INFO - Saved article: Arsenal Thobe for Eid? Zohran Mamdani goes viral in bold football-themed outfit at Eid al-Adha celebration | Football News - The Times of India from Times of India
2026-05-28 03:54:02,325 - INFO - [Times of India] Article: https://timesofindia.indiatimes.com/world/us/from-iran-talks-update-to-ebola-preparedness-key-takeaways-from-donald-trumps-cabinet-meeting/articleshow/131358872.cms
2026-05-28 03:54:02,325 - INFO - [Times of India] Attempt 1/1: Trying with 'selenium_browser' strategy...
2026-05-28 03:54:03,232 - INFO - [Times of India] Page content loaded.
2026-05-28 03:54:03,395 - INFO - [Times of India] Success with 'selenium_browser'. Found content (902 words).
2026-05-28 03:54:03,443 - INFO - Saved article: From Iran deal ultimatum to Ebola preparedness: Key takeaways from Donald Trump’s cabinet meeting - The Times of India from Times of India
2026-05-28 03:54:04,476 - INFO - [Times of India] Article: https://timesofindia.indiatimes.com/world/us-streamers/kick-streamer-deenthegreat-faces-felony-charge-over-yacht-party-incident/articleshow/131358867.cms
2026-05-28 03:54:04,476 - INFO - [Times of India] Attempt 1/1: Trying with 'selenium_browser' strategy...
2026-05-28 03:54:05,347 - INFO - [Times of India] Page content loaded.
2026-05-28 03:54:05,489 - INFO - [Times of India] Success with 'selenium_browser'. Found content (377 words).
2026-05-28 03:54:05,623 - INFO - Saved article: Deenthegreat: Kick streamer DeenTheGreat faces felony charge over yacht party incident - The Times of India from Times of India
2026-05-28 03:54:06,764 - INFO - [Times of India] Article: https://timesofindia.indiatimes.com/world/us/from-642-to-4-million-fired-jpmorgan-employee-wins-huge-compensation-over-food-platter-dispute/articleshow/131358784.cms
2026-05-28 03:54:06,764 - INFO - [Times of India] Attempt 1/1: Trying with 'selenium_browser' strategy...
2026-05-28 03:54:08,046 - INFO - [Times of India] Page content loaded.
2026-05-28 03:54:08,204 - INFO - [Times of India] Success with 'selenium_browser'. Found content (407 words).
2026-05-28 03:54:08,260 - INFO - Saved article: From $642 to $4 million: Fired JPMorgan employee wins huge compensation over food platter dispute - The Times of India from Times of India
2026-05-28 03:54:09,437 - INFO - [Times of India] Article: https://timesofindia.indiatimes.com/world/us/matthew-perrys-assistant-kenneth-iwamasa-sentenced-to-41-months-for-supplying-ketamine-linked-to-actors-death/articleshow/131358149.cms
2026-05-28 03:54:09,437 - INFO - [Times of India] Attempt 1/1: Trying with 'selenium_browser' strategy...
2026-05-28 03:54:10,481 - INFO - [Times of India] Page content loaded.
2026-05-28 03:54:10,597 - INFO - [Times of India] Success with 'selenium_browser'. Found content (426 words).
2026-05-28 03:54:10,642 - INFO - Saved article: Matthew Perry’s assistant Kenneth Iwamasa sentenced to 41 months for supplying ketamine linked to actor’s death - The Times of India from Times of India
2026-05-28 03:54:11,696 - INFO - [Times of India] Article: https://timesofindia.indiatimes.com/world/rest-of-world/indian-origin-mma-fighter-hrishikesh-koloth-killed-in-bear-attack-in-canada-wanted-to-fight-in-ufc/articleshow/131357995.cms
2026-05-28 03:54:11,696 - INFO - [Times of India] Attempt 1/1: Trying with 'selenium_browser' strategy...
2026-05-28 03:54:12,758 - INFO - [Times of India] Page content loaded.
2026-05-28 03:54:12,894 - INFO - [Times of India] Success with 'selenium_browser'. Found content (403 words).
2026-05-28 03:54:12,954 - INFO - Saved article: Indian-origin MMA fighter Hrishikesh Koloth killed in bear attack in Canada: ‘Wanted to fight in UFC’ - The Times of India from Times of India
2026-05-28 03:54:14,423 - INFO - [Times of India] Article: https://timesofindia.indiatimes.com/world/us/elon-musks-ex-girlfriend-ashley-st-clair-claims-she-was-offered-enough-money-equal-to-gdp-of-small-nation-to-not-expose-maga/articleshow/131356332.cms
2026-05-28 03:54:14,423 - INFO - [Times of India] Attempt 1/1: Trying with 'selenium_browser' strategy...
2026-05-28 03:54:15,339 - INFO - [Times of India] Page content loaded.
2026-05-28 03:54:15,468 - INFO - [Times of India] Success with 'selenium_browser'. Found content (448 words).
2026-05-28 03:54:15,534 - INFO - Saved article: Elon Musk’s ex-girlfriend Ashley St Clair claims she was offered 'enough money equal to GDP of small nation' to not expose MAGA - The Times of India from Times of India
2026-05-28 03:54:16,970 - INFO - [Times of India] Article: https://timesofindia.indiatimes.com/world/us/quote-of-the-day-by-george-washington-be-courteous-to-all-but-intimate-with-few-and-let-those-few-be/articleshow/131356935.cms
2026-05-28 03:54:16,970 - INFO - [Times of India] Attempt 1/1: Trying with 'selenium_browser' strategy...
2026-05-28 03:54:18,164 - INFO - [Times of India] Page content loaded.
2026-05-28 03:54:18,375 - INFO - [Times of India] Success with 'selenium_browser'. Found content (1104 words).
2026-05-28 03:54:18,429 - INFO - Saved article: Quote of the day by George Washington: “Be courteous to all, but intimate with few, and let those few be…” | World News - The Times of India from Times of India
2026-05-28 03:54:19,889 - INFO - [Times of India] Article: https://timesofindia.indiatimes.com/world/rest-of-world/meet-hana-khider-the-woman-leading-an-all-female-team-clearing-isis-landmines-in-iraq-where-one-wrong-move-means-death/articleshow/131356380.cms
2026-05-28 03:54:19,889 - INFO - [Times of India] Attempt 1/1: Trying with 'selenium_browser' strategy...
2026-05-28 03:54:20,584 - INFO - [Times of India] Page content loaded.
2026-05-28 03:54:20,773 - INFO - [Times of India] Success with 'selenium_browser'. Found content (562 words).
2026-05-28 03:54:20,822 - INFO - Saved article: Meet Hana Khider: The woman leading an all-female team clearing ISIS landmines in Iraq where one wrong move means death | World News - The Times of India from Times of India
2026-05-28 03:54:22,090 - INFO - [Times of India] Article: https://timesofindia.indiatimes.com/science/quote-of-the-day-by-stephen-hawking-the-greatest-enemy-of-knowledge-is-not-ignorance-it-is/articleshow/131355888.cms
2026-05-28 03:54:22,090 - INFO - [Times of India] Attempt 1/1: Trying with 'selenium_browser' strategy...
2026-05-28 03:54:23,297 - INFO - [Times of India] Page content loaded.
2026-05-28 03:54:23,448 - INFO - [Times of India] Success with 'selenium_browser'. Found content (1139 words).
2026-05-28 03:54:23,496 - INFO - Saved article: Quote of the day by Stephen Hawking: “The greatest enemy of knowledge is not ignorance, it is…” | - The Times of India from Times of India
2026-05-28 03:54:24,476 - INFO - [Times of India] Article: https://timesofindia.indiatimes.com/world/uk/wicked-lie-sikh-mans-racism-claims-challenged-in-southampton-kirpan-murder-trial-over-killing-of-18-year-old-student/articleshow/131355922.cms
2026-05-28 03:54:24,476 - INFO - [Times of India] Attempt 1/1: Trying with 'selenium_browser' strategy...
2026-05-28 03:54:25,512 - INFO - [Times of India] Page content loaded.
2026-05-28 03:54:25,685 - INFO - [Times of India] Success with 'selenium_browser'. Found content (392 words).
2026-05-28 03:54:25,733 - INFO - Saved article: ‘Wicked lie’: Sikh man’s racism claims challenged in Southampton kirpan murder trial over killing of 18-year-old student - The Times of India from Times of India
2026-05-28 03:54:27,026 - INFO - [Times of India] Article: https://timesofindia.indiatimes.com/world/us/who-is-pia-dandiya-indian-american-educator-who-taught-in-delhi-slums-now-running-for-congress-in-florida/articleshow/131354169.cms
2026-05-28 03:54:27,026 - INFO - [Times of India] Attempt 1/1: Trying with 'selenium_browser' strategy...
2026-05-28 03:54:28,446 - INFO - [Times of India] Page content loaded.
2026-05-28 03:54:28,589 - INFO - [Times of India] Success with 'selenium_browser'. Found content (388 words).
2026-05-28 03:54:28,708 - INFO - Duplicate article skipped: Who is Pia Dandiya? Indian-American educator who taught in Delhi slums now running for Congress in Florida - The Times of India from Times of India
2026-05-28 03:54:29,923 - INFO - [Times of India] Article: https://timesofindia.indiatimes.com/world/us/drunk-illegal-immigrant-driving-on-wrong-side-kills-4-people-in-deadly-highway-crash-in-oklahoma-may-face-deportation/articleshow/131352803.cms
2026-05-28 03:54:29,923 - INFO - [Times of India] Attempt 1/1: Trying with 'selenium_browser' strategy...
2026-05-28 03:54:31,404 - INFO - [Times of India] Page content loaded.
2026-05-28 03:54:31,568 - INFO - [Times of India] Success with 'selenium_browser'. Found content (277 words).
2026-05-28 03:54:31,612 - INFO - Duplicate article skipped: Drunk illegal immigrant driving on wrong side kills 4 people in deadly highway crash in Oklahoma; may face deportation - The Times of India from Times of India
2026-05-28 03:54:32,963 - INFO - [Times of India] (Thread) Finished. Attempting to shut down its Selenium driver.
2026-05-28 03:54:33,406 - INFO - [Times of India] (Thread) driver.quit() successful.
2026-05-28 03:54:33,407 - INFO - Shutting down thread pool (wait=False)...
2026-05-28 03:54:33,407 - INFO - Scraped: 19 The Hindu, 11 The Guardian, 18 Times of India, 9 BBC articles. (Total saved: 57)
2026-05-28 03:54:33,407 - INFO - --- Scraping job finished ---
2026-05-28 03:54:33,417 - INFO - --- Scraper service stopped and database connection closed. ---
2026-05-28 03:54:33,418 - INFO - --- Main thread finished. Forcing process exit to kill zombie threads. ---
