2026-06-04 04:16:30,488 - INFO - Initializing database connection at: news_articles.db
2026-06-04 04:16:30,489 - INFO - --- Scraper service started (CI Mode: Run Once) ---
2026-06-04 04:16:30,489 - INFO - --- Starting new scraping job (Parallel Mode) ---
2026-06-04 04:16:30,489 - INFO - Creating new robust session with 3 retries on 5xx/connection/read errors.
2026-06-04 04:16:30,489 - INFO - Proxy is DISABLED.
2026-06-04 04:16:30,489 - INFO - Starting scrape for BBC RSS feed: http://feeds.bbci.co.uk/news/world/rss.xml
2026-06-04 04:16:30,490 - INFO - [Times of India] (Thread) requires Selenium. Initializing driver...
2026-06-04 04:16:30,490 - INFO - Initializing headless Selenium Chrome driver (using SeleniumManager)...
2026-06-04 04:16:30,490 - INFO - Starting scrape for The Guardian RSS feed: https://www.theguardian.com/world/rss
2026-06-04 04:16:30,490 - INFO - [The Hindu] (Thread) requires Selenium. Initializing driver...
2026-06-04 04:16:30,491 - INFO - Initializing headless Selenium Chrome driver (using SeleniumManager)...
2026-06-04 04:16:30,491 - INFO - Submitted 4 jobs to thread pool. Waiting up to 420s for completion...
2026-06-04 04:16:30,564 - INFO - Found 32 articles in BBC RSS feed. Processing up to 25.
2026-06-04 04:16:30,564 - INFO - [BBC] Article: https://www.bbc.com/news/articles/c5y01pdqvkgo?at_medium=RSS&at_campaign=rss
2026-06-04 04:16:30,564 - INFO - [BBC] Attempt 1/1: Trying with 'requests_browser' strategy...
2026-06-04 04:16:30,593 - INFO - Found 45 articles in The Guardian RSS feed. Processing up to 25.
2026-06-04 04:16:30,593 - INFO - [The Guardian] Article: https://www.theguardian.com/global-development/2026/jun/04/allied-democratic-forces-adf-rebel-attacks-massacre-eastern-drc-ebola-response
2026-06-04 04:16:30,593 - INFO - [The Guardian] Attempt 1/1: Trying with 'requests_browser' strategy...
2026-06-04 04:16:30,674 - INFO - [The Guardian] Success with 'requests_browser'. Found content (883 words).
2026-06-04 04:16:30,707 - INFO - Saved article: Rebel attacks in eastern DRC kill 30 people and hamper Ebola response | Global development | The Guardian from The Guardian
2026-06-04 04:16:30,861 - INFO - [BBC] Success with 'requests_browser'. Found content (1297 words).
2026-06-04 04:16:30,898 - INFO - Saved article: Israel and Lebanon agree to implement ceasefire if Hezbollah stops attacks from BBC
2026-06-04 04:16:31,959 - INFO - [The Guardian] Article: https://www.theguardian.com/global-development/2026/jun/03/drc-ebola-outbreak-could-have-begun-as-early-as-january-who-chief-says
2026-06-04 04:16:31,959 - INFO - [The Guardian] Attempt 1/1: Trying with 'requests_browser' strategy...
2026-06-04 04:16:32,023 - INFO - [The Guardian] Success with 'requests_browser'. Found content (451 words).
2026-06-04 04:16:32,058 - INFO - Saved article: DRC Ebola outbreak could have begun as early as January, WHO chief says | Global development | The Guardian from The Guardian
2026-06-04 04:16:32,353 - INFO - [BBC] Article: https://www.bbc.com/news/articles/cj6pldg39deo?at_medium=RSS&at_campaign=rss
2026-06-04 04:16:32,353 - INFO - [BBC] Attempt 1/1: Trying with 'requests_browser' strategy...
2026-06-04 04:16:32,388 - INFO - [BBC] Success with 'requests_browser'. Found content (569 words).
2026-06-04 04:16:32,420 - INFO - Saved article: US House votes to halt Iran war, in rebuke to Trump from BBC
2026-06-04 04:16:32,932 - INFO - [BBC] Article: https://www.bbc.com/news/articles/cvgz21pq3g6o?at_medium=RSS&at_campaign=rss
2026-06-04 04:16:32,932 - INFO - [BBC] Attempt 1/1: Trying with 'requests_browser' strategy...
2026-06-04 04:16:32,974 - INFO - [BBC] Success with 'requests_browser'. Found content (987 words).
2026-06-04 04:16:33,011 - INFO - Saved article: 'Crazy' phone call between Trump and Netanyahu complicates Iran talks from BBC
2026-06-04 04:16:33,518 - INFO - [The Guardian] Article: https://www.theguardian.com/world/2026/jun/02/kenyans-fear-us-plan-for-ebola-quarantine-site
2026-06-04 04:16:33,518 - INFO - [The Guardian] Attempt 1/1: Trying with 'requests_browser' strategy...
2026-06-04 04:16:33,595 - INFO - [The Guardian] Success with 'requests_browser'. Found content (880 words).
2026-06-04 04:16:33,631 - INFO - Duplicate article skipped: ‘We don’t have another country to run to’: Kenyans fear US plan for Ebola quarantine site | Ebola | The Guardian from The Guardian
2026-06-04 04:16:34,286 - INFO - [BBC] Article: https://www.bbc.com/news/articles/cy823n3ln29o?at_medium=RSS&at_campaign=rss
2026-06-04 04:16:34,286 - INFO - [BBC] Attempt 1/1: Trying with 'requests_browser' strategy...
2026-06-04 04:16:34,329 - INFO - [BBC] Success with 'requests_browser'. Found content (1276 words).
2026-06-04 04:16:34,367 - INFO - Saved article: Grab what you can while you can: The new reality in the South China Sea from BBC
2026-06-04 04:16:34,932 - INFO - [The Guardian] Article: https://www.theguardian.com/world/2026/jun/02/mozambique-citizens-killed-xenophobic-attacks-south-africa
2026-06-04 04:16:34,932 - INFO - [The Guardian] Attempt 1/1: Trying with 'requests_browser' strategy...
2026-06-04 04:16:34,973 - INFO - [The Guardian] Success with 'requests_browser'. Found content (614 words).
2026-06-04 04:16:35,000 - INFO - Duplicate article skipped: Mozambique says five citizens killed in ‘xenophobic attacks’ in South Africa | South Africa | The Guardian from The Guardian
2026-06-04 04:16:35,545 - INFO - [BBC] Article: https://www.bbc.com/news/articles/c0e2vqd3j1vo?at_medium=RSS&at_campaign=rss
2026-06-04 04:16:35,545 - INFO - [BBC] Attempt 1/1: Trying with 'requests_browser' strategy...
2026-06-04 04:16:35,580 - INFO - [BBC] Success with 'requests_browser'. Found content (538 words).
2026-06-04 04:16:35,612 - INFO - Duplicate article skipped: Ukrainian drones hit St Petersburg as Putin's flagship economic forum opens from BBC
2026-06-04 04:16:36,303 - INFO - [The Guardian] Article: https://www.theguardian.com/global-development/2026/jun/01/ghana-new-law-criminalising-lgbtq-activity
2026-06-04 04:16:36,303 - INFO - [The Guardian] Attempt 1/1: Trying with 'requests_browser' strategy...
2026-06-04 04:16:36,369 - INFO - [The Guardian] Success with 'requests_browser'. Found content (926 words).
2026-06-04 04:16:36,397 - INFO - Duplicate article skipped: People ‘panicking’ as Ghana passes sweeping law criminalising LGBTQ+ activity | Global development | The Guardian from The Guardian
2026-06-04 04:16:36,779 - INFO - [BBC] Article: https://www.bbc.com/news/articles/cgmp3pg71edo?at_medium=RSS&at_campaign=rss
2026-06-04 04:16:36,779 - INFO - [BBC] Attempt 1/1: Trying with 'requests_browser' strategy...
2026-06-04 04:16:36,810 - INFO - [BBC] Success with 'requests_browser'. Found content (365 words).
2026-06-04 04:16:36,843 - INFO - Saved article: Germany blames Russia for failed UN Security Council bid from BBC
2026-06-04 04:16:37,593 - INFO - [BBC] Article: https://www.bbc.com/news/articles/c5yx135yg53o?at_medium=RSS&at_campaign=rss
2026-06-04 04:16:37,593 - INFO - [BBC] Attempt 1/1: Trying with 'requests_browser' strategy...
2026-06-04 04:16:37,640 - INFO - [BBC] Success with 'requests_browser'. Found content (809 words).
2026-06-04 04:16:37,710 - INFO - Duplicate article skipped: One killed and dozens injured in Iranian drone strikes on Kuwait airport from BBC
2026-06-04 04:16:37,802 - INFO - [The Guardian] Article: https://www.theguardian.com/us-news/2026/jun/03/north-carolina-judge-deport-teen-murder-victim
2026-06-04 04:16:37,802 - INFO - [The Guardian] Attempt 1/1: Trying with 'requests_browser' strategy...
2026-06-04 04:16:37,860 - INFO - [The Guardian] Success with 'requests_browser'. Found content (1202 words).
2026-06-04 04:16:37,892 - INFO - Saved article: Dead but deportable: US immigration judge signed order to eject teen murder victim | US immigration | The Guardian from The Guardian
2026-06-04 04:16:39,196 - INFO - [BBC] Article: https://www.bbc.com/news/articles/cx21r1y223ro?at_medium=RSS&at_campaign=rss
2026-06-04 04:16:39,196 - INFO - [BBC] Attempt 1/1: Trying with 'requests_browser' strategy...
2026-06-04 04:16:39,228 - INFO - [BBC] Success with 'requests_browser'. Found content (584 words).
2026-06-04 04:16:39,254 - INFO - [The Guardian] Article: https://www.theguardian.com/world/2026/jun/03/how-can-mexico-confront-rise-in-deadly-extortion
2026-06-04 04:16:39,259 - INFO - [The Guardian] Attempt 1/1: Trying with 'requests_browser' strategy...
2026-06-04 04:16:39,264 - INFO - Saved article: China bans four New Zealand MPs over Taiwan visit from BBC
2026-06-04 04:16:39,324 - INFO - [The Guardian] Success with 'requests_browser'. Found content (830 words).
2026-06-04 04:16:39,350 - INFO - Duplicate article skipped: Kidnappings, threats and ‘protection fees’: how can Mexico confront rise in deadly extortion? | Mexico | The Guardian from The Guardian
2026-06-04 04:16:39,932 - INFO - [The Guardian] Article: https://www.theguardian.com/us-news/2026/jun/02/san-diego-drug-tunnel
2026-06-04 04:16:39,932 - INFO - [The Guardian] Attempt 1/1: Trying with 'requests_browser' strategy...
2026-06-04 04:16:39,997 - INFO - [BBC] Article: https://www.bbc.com/news/articles/c0r2kxrvlgpo?at_medium=RSS&at_campaign=rss
2026-06-04 04:16:39,997 - INFO - [BBC] Attempt 1/1: Trying with 'requests_browser' strategy...
2026-06-04 04:16:40,001 - INFO - [The Guardian] Success with 'requests_browser'. Found content (453 words).
2026-06-04 04:16:40,031 - INFO - Saved article: One-ton cocaine bust reveals secret US-Mexico tunnel | California | The Guardian from The Guardian
2026-06-04 04:16:40,051 - INFO - [BBC] Success with 'requests_browser'. Found content (410 words).
2026-06-04 04:16:40,083 - INFO - Saved article: Senate advances funding bill after Republicans cut $1bn for White House ballroom from BBC
2026-06-04 04:16:41,217 - INFO - [BBC] Article: https://www.bbc.com/news/articles/czd29327qzvo?at_medium=RSS&at_campaign=rss
2026-06-04 04:16:41,218 - INFO - [BBC] Attempt 1/1: Trying with 'requests_browser' strategy...
2026-06-04 04:16:41,248 - INFO - [BBC] Success with 'requests_browser'. Found content (550 words).
2026-06-04 04:16:41,280 - INFO - Duplicate article skipped: Malviya Nagar: At least 21 people killed in Delhi restaurant fire from BBC
2026-06-04 04:16:41,353 - INFO - [The Guardian] Article: https://www.theguardian.com/business/2026/jun/02/trump-administration-brazil-tariffs
2026-06-04 04:16:41,353 - INFO - [The Guardian] Attempt 1/1: Trying with 'requests_browser' strategy...
2026-06-04 04:16:41,426 - INFO - [The Guardian] Success with 'requests_browser'. Found content (801 words).
2026-06-04 04:16:41,454 - INFO - Duplicate article skipped: Trump administration proposes 25% tariffs on Brazil despite US trade surplus | Tariffs | The Guardian from The Guardian
2026-06-04 04:16:42,485 - INFO - [The Guardian] Article: https://www.theguardian.com/world/2026/jun/02/cricket-canada-suspension
2026-06-04 04:16:42,485 - INFO - [The Guardian] Attempt 1/1: Trying with 'requests_browser' strategy...
2026-06-04 04:16:42,546 - INFO - [The Guardian] Success with 'requests_browser'. Found content (553 words).
2026-06-04 04:16:42,552 - INFO - [BBC] Article: https://www.bbc.com/news/articles/cn8p0yz512no?at_medium=RSS&at_campaign=rss
2026-06-04 04:16:42,553 - INFO - [BBC] Attempt 1/1: Trying with 'requests_browser' strategy...
2026-06-04 04:16:42,574 - INFO - Duplicate article skipped: Cricket Canada suspended over allegations of gang-linked corruption | Canada cricket team | The Guardian from The Guardian
2026-06-04 04:16:42,605 - INFO - [BBC] Success with 'requests_browser'. Found content (670 words).
2026-06-04 04:16:42,637 - INFO - Duplicate article skipped: Steve Hilton and Xavier Becerra lead California governor primary vote count from BBC
2026-06-04 04:16:43,549 - INFO - [The Guardian] Article: https://www.theguardian.com/world/2026/jun/04/japan-naphtha-shortage-plastic-bag
2026-06-04 04:16:43,549 - INFO - [The Guardian] Attempt 1/1: Trying with 'requests_browser' strategy...
2026-06-04 04:16:43,692 - INFO - [The Guardian] Success with 'requests_browser'. Found content (729 words).
2026-06-04 04:16:43,725 - INFO - Saved article: Japan sees shortage of plastic bags, trays and gloves, as Iran war-induced naphtha shortage worsens | Japan | The Guardian from The Guardian
2026-06-04 04:16:44,089 - INFO - [BBC] Article: https://www.bbc.com/news/articles/c99legznj8do?at_medium=RSS&at_campaign=rss
2026-06-04 04:16:44,089 - INFO - [BBC] Attempt 1/1: Trying with 'requests_browser' strategy...
2026-06-04 04:16:44,118 - INFO - [BBC] Success with 'requests_browser'. Found content (464 words).
2026-06-04 04:16:44,147 - INFO - Saved article: Wim Wenders withdraws 1975 film Wrong Move over Nastassja Kinski's teen topless scene from BBC
2026-06-04 04:16:44,922 - INFO - [The Guardian] Article: https://www.theguardian.com/environment/2026/jun/01/typhoon-jangmi-japan-europe-temperatures-australia
2026-06-04 04:16:44,922 - INFO - [The Guardian] Attempt 1/1: Trying with 'requests_browser' strategy...
2026-06-04 04:16:45,005 - INFO - [BBC] Article: https://www.bbc.com/news/articles/cq6pe7nvldmo?at_medium=RSS&at_campaign=rss
2026-06-04 04:16:45,005 - INFO - [BBC] Attempt 1/1: Trying with 'requests_browser' strategy...
2026-06-04 04:16:45,008 - INFO - [The Guardian] Success with 'requests_browser'. Found content (299 words).
2026-06-04 04:16:45,039 - INFO - Duplicate article skipped: Typhoon Jangmi threatens Japan as Europe swelters | Japan | The Guardian from The Guardian
2026-06-04 04:16:45,071 - INFO - [BBC] Success with 'requests_browser'. Found content (881 words).
2026-06-04 04:16:45,155 - INFO - Duplicate article skipped: US announces new tariffs over forced labour concerns from BBC
2026-06-04 04:16:45,162 - INFO - Selenium driver initialized successfully.
2026-06-04 04:16:45,162 - INFO - Starting scrape for The Hindu RSS feed: https://www.thehindu.com/news/national/feeder/default.rss
2026-06-04 04:16:45,164 - INFO - Selenium driver initialized successfully.
2026-06-04 04:16:45,164 - INFO - Starting scrape for Times of India RSS feed: https://timesofindia.indiatimes.com/rssfeeds/296589292.cms
2026-06-04 04:16:45,219 - INFO - Found 20 articles in Times of India RSS feed. Processing up to 25.
2026-06-04 04:16:45,220 - INFO - [Times of India] Article: https://timesofindia.indiatimes.com/world/us/us-charges-tech-ceo-over-alleged-exports-of-restricted-equipment-to-iran/articleshow/131495080.cms
2026-06-04 04:16:45,220 - INFO - [Times of India] Attempt 1/1: Trying with 'selenium_browser' strategy...
2026-06-04 04:16:45,312 - INFO - Found 60 articles in The Hindu RSS feed. Processing up to 25.
2026-06-04 04:16:45,312 - INFO - [The Hindu] Article: https://www.thehindu.com/sci-tech/energy-and-environment/monsoon-tracker-live-kerala-southwest-rains-june-4-2026-updates/article71059458.ece
2026-06-04 04:16:45,312 - INFO - [The Hindu] Attempt 1/1: Trying with 'selenium_browser' strategy...
2026-06-04 04:16:45,954 - INFO - [The Guardian] Article: https://www.theguardian.com/world/2026/may/31/japan-defence-minister-rebuffs-claims-of-new-militarism-levelled-by-china
2026-06-04 04:16:45,954 - INFO - [The Guardian] Attempt 1/1: Trying with 'requests_browser' strategy...
2026-06-04 04:16:46,015 - INFO - [The Guardian] Success with 'requests_browser'. Found content (377 words).
2026-06-04 04:16:46,045 - INFO - Duplicate article skipped: Japan defence minister rebuffs claims of ‘new militarism’ levelled by China | Japan | The Guardian from The Guardian
2026-06-04 04:16:46,203 - INFO - [BBC] Article: https://www.bbc.com/news/articles/cj0p57q1m36o?at_medium=RSS&at_campaign=rss
2026-06-04 04:16:46,203 - INFO - [BBC] Attempt 1/1: Trying with 'requests_browser' strategy...
2026-06-04 04:16:46,251 - INFO - [BBC] Success with 'requests_browser'. Found content (555 words).
2026-06-04 04:16:46,288 - INFO - Duplicate article skipped: Nigeria sentences four to death over Owo Catholic church attack which killed 41 from BBC
2026-06-04 04:16:47,344 - INFO - [The Guardian] Article: https://www.theguardian.com/australia-news/2026/may/31/richard-marles-defence-summit-singapore-china-transparency-pete-hegseth
2026-06-04 04:16:47,344 - INFO - [The Guardian] Attempt 1/1: Trying with 'requests_browser' strategy...
2026-06-04 04:16:47,426 - INFO - [The Guardian] Success with 'requests_browser'. Found content (865 words).
2026-06-04 04:16:47,465 - INFO - Duplicate article skipped: New Aukus drone tech to protect critical undersea cables as Marles warns: ‘seabed is a battlefield’ | Richard Marles | The Guardian from The Guardian
2026-06-04 04:16:47,739 - INFO - [BBC] Article: https://www.bbc.com/news/articles/cm2pjk8ggrdo?at_medium=RSS&at_campaign=rss
2026-06-04 04:16:47,739 - INFO - [BBC] Attempt 1/1: Trying with 'requests_browser' strategy...
2026-06-04 04:16:47,806 - INFO - [BBC] Success with 'requests_browser'. Found content (812 words).
2026-06-04 04:16:47,864 - INFO - Saved article: Norwegian teen was in UK to 'undertake a hit', court hears from BBC
2026-06-04 04:16:48,710 - INFO - [The Guardian] Article: https://www.theguardian.com/world/2026/may/30/four-more-men-freed-from-flooded-laos-cave-in-hazardous-rescue-mission
2026-06-04 04:16:48,710 - INFO - [The Guardian] Attempt 1/1: Trying with 'requests_browser' strategy...
2026-06-04 04:16:48,754 - INFO - [BBC] Article: https://www.bbc.com/news/articles/cdrp8v7407ro?at_medium=RSS&at_campaign=rss
2026-06-04 04:16:48,754 - INFO - [BBC] Attempt 1/1: Trying with 'requests_browser' strategy...
2026-06-04 04:16:48,994 - INFO - [The Guardian] Success with 'requests_browser'. Found content (541 words).
2026-06-04 04:16:49,183 - INFO - [BBC] Success with 'requests_browser'. Found content (1795 words).
2026-06-04 04:16:49,434 - INFO - Duplicate article skipped: Four more men freed from flooded Laos cave in hazardous rescue mission | Laos | The Guardian from The Guardian
2026-06-04 04:16:49,666 - INFO - Duplicate article skipped: Shell pumped oil through Nigeria pipeline for years despite pollution evidence, documents show from BBC
2026-06-04 04:16:49,971 - INFO - [The Guardian] Article: https://www.theguardian.com/australia-news/live/2026/jun/04/australia-politics-live-capital-gains-tax-property-prices-economy-budget-jim-chalmers-anthony-albanese-angus-taylor-pauline-hanson-senate-estimates-question-time-ntwnfb
2026-06-04 04:16:49,971 - INFO - [The Guardian] Attempt 1/1: Trying with 'requests_browser' strategy...
2026-06-04 04:16:50,711 - INFO - [BBC] Article: https://www.bbc.com/news/articles/cn0pdrgy623o?at_medium=RSS&at_campaign=rss
2026-06-04 04:16:50,712 - INFO - [BBC] Attempt 1/1: Trying with 'requests_browser' strategy...
2026-06-04 04:16:50,984 - INFO - [BBC] Success with 'requests_browser'. Found content (309 words).
2026-06-04 04:16:51,138 - INFO - [The Guardian] Success with 'requests_browser'. Found content (1833 words).
2026-06-04 04:16:51,203 - INFO - Duplicate article skipped: Man shot dead after taking multiple hostages in California bank from BBC
2026-06-04 04:16:51,963 - INFO - Saved article: Australia politics live: independent MPs split as Labor’s tax bill passes lower house vote | Australia news | The Guardian from The Guardian
2026-06-04 04:16:51,988 - INFO - [BBC] Article: https://www.bbc.com/news/articles/cp3peyykxd5o?at_medium=RSS&at_campaign=rss
2026-06-04 04:16:51,988 - INFO - [BBC] Attempt 1/1: Trying with 'requests_browser' strategy...
2026-06-04 04:16:52,071 - INFO - [BBC] Success with 'requests_browser'. Found content (731 words).
2026-06-04 04:16:52,187 - INFO - Duplicate article skipped: Eight killed after drone hits bus in Russian-occupied part of Ukraine from BBC
2026-06-04 04:16:52,817 - INFO - [The Guardian] Article: https://www.theguardian.com/australia-news/2026/jun/04/bruce-lehrmann-diary-court-case-declassification-legal-ntwnfb
2026-06-04 04:16:52,817 - INFO - [The Guardian] Attempt 1/1: Trying with 'requests_browser' strategy...
2026-06-04 04:16:53,156 - INFO - [The Guardian] Success with 'requests_browser'. Found content (470 words).
2026-06-04 04:16:53,817 - INFO - [BBC] Article: https://www.bbc.com/news/articles/c62rpdkem0mo?at_medium=RSS&at_campaign=rss
2026-06-04 04:16:53,817 - INFO - [BBC] Attempt 1/1: Trying with 'requests_browser' strategy...
2026-06-04 04:16:53,850 - INFO - Saved article: Court fight over Bruce Lehrmann’s diary that allegedly contains eight pages of classified information | Australia news | The Guardian from The Guardian
2026-06-04 04:16:54,001 - INFO - [BBC] Success with 'requests_browser'. Found content (644 words).
2026-06-04 04:16:54,122 - INFO - Duplicate article skipped: CBS News fires correspondent Scott Pelley from 60 Minutes from BBC
2026-06-04 04:16:54,741 - INFO - [BBC] Article: https://www.bbc.com/news/articles/cy826nlp158o?at_medium=RSS&at_campaign=rss
2026-06-04 04:16:54,744 - INFO - [BBC] Attempt 1/1: Trying with 'requests_browser' strategy...
2026-06-04 04:16:54,897 - INFO - [BBC] Success with 'requests_browser'. Found content (469 words).
2026-06-04 04:16:55,107 - INFO - Duplicate article skipped: Peabo Bryson: Celine Dion 'heartbroken' by death of Beauty and the Beast singer from BBC
2026-06-04 04:16:55,124 - INFO - [The Guardian] Article: https://www.theguardian.com/australia-news/2026/jun/04/diphtheria-outbreak-nt-aboriginal-community-health-clinic-ntwnfb
2026-06-04 04:16:55,124 - INFO - [The Guardian] Attempt 1/1: Trying with 'requests_browser' strategy...
2026-06-04 04:16:55,330 - INFO - [The Guardian] Success with 'requests_browser'. Found content (885 words).
2026-06-04 04:16:55,491 - INFO - Duplicate article skipped: Diphtheria outbreak: residents of remote NT community say health clinic has no hand sanitiser | Indigenous Australians | The Guardian from The Guardian
2026-06-04 04:16:56,042 - INFO - [BBC] Article: https://www.bbc.com/news/articles/c4g8nd48jxro?at_medium=RSS&at_campaign=rss
2026-06-04 04:16:56,042 - INFO - [BBC] Attempt 1/1: Trying with 'requests_browser' strategy...
2026-06-04 04:16:56,149 - INFO - [BBC] Success with 'requests_browser'. Found content (601 words).
2026-06-04 04:16:56,222 - INFO - Duplicate article skipped: Trump-backed candidate in Iowa loses primary from BBC
2026-06-04 04:16:56,320 - INFO - [The Guardian] Article: https://www.theguardian.com/australia-news/2026/jun/04/nsw-drivers-medicinal-cannabis-proposed-new-laws
2026-06-04 04:16:56,320 - INFO - [The Guardian] Attempt 1/1: Trying with 'requests_browser' strategy...
2026-06-04 04:16:56,413 - INFO - [The Guardian] Success with 'requests_browser'. Found content (736 words).
2026-06-04 04:16:56,459 - INFO - Duplicate article skipped: NSW motorists who use medicinal cannabis may soon be able to drive without fear of major penalty | New South Wales | The Guardian from The Guardian
2026-06-04 04:16:57,280 - INFO - [The Guardian] Article: https://www.theguardian.com/australia-news/2026/jun/03/anti-abortion-activists-are-trying-to-limit-access-in-nsw-and-they-are-just-getting-started
2026-06-04 04:16:57,280 - INFO - [The Guardian] Attempt 1/1: Trying with 'requests_browser' strategy...
2026-06-04 04:16:57,458 - INFO - [The Guardian] Success with 'requests_browser'. Found content (747 words).
2026-06-04 04:16:57,579 - INFO - [BBC] Article: https://www.bbc.com/news/videos/cm2pjed56j3o?at_medium=RSS&at_campaign=rss
2026-06-04 04:16:57,579 - INFO - [BBC] Attempt 1/1: Trying with 'requests_browser' strategy...
2026-06-04 04:16:57,672 - INFO - Duplicate article skipped: Anti-abortion activists are trying to limit access in NSW – and they are just getting started | New South Wales politics | The Guardian from The Guardian
2026-06-04 04:16:57,886 - INFO - [BBC] Success with 'requests_browser'. Found content (155 words).
2026-06-04 04:16:58,214 - INFO - Duplicate article skipped: Watch: Man attacked by bear at steel works in Japan from BBC
2026-06-04 04:16:58,288 - INFO - [The Hindu] Page content loaded.
2026-06-04 04:16:58,642 - INFO - [The Hindu] Success with 'selenium_browser'. Found content (159 words).
2026-06-04 04:16:58,866 - INFO - [BBC] Article: https://www.bbc.com/news/articles/c142y4p2eyxo?at_medium=RSS&at_campaign=rss
2026-06-04 04:16:58,866 - INFO - [BBC] Attempt 1/1: Trying with 'requests_browser' strategy...
2026-06-04 04:16:58,899 - INFO - Saved article: Monsoon 2026 LIVE: Heavy rains lash parts of Kerala; IMD issues orange alert in three districts - The Hindu from The Hindu
2026-06-04 04:16:58,931 - INFO - [The Guardian] Article: https://www.theguardian.com/world/2026/jun/04/protests-in-albania-grow-over-jared-kushner-backed-luxury-resort
2026-06-04 04:16:58,931 - INFO - [The Guardian] Attempt 1/1: Trying with 'requests_browser' strategy...
2026-06-04 04:16:59,032 - INFO - [BBC] Success with 'requests_browser'. Found content (1170 words).
2026-06-04 04:16:59,208 - INFO - [The Guardian] Success with 'requests_browser'. Found content (856 words).
2026-06-04 04:16:59,293 - INFO - Saved article: Why Canada has generic Ozempic, and the US doesn't from BBC
2026-06-04 04:16:59,376 - INFO - Saved article: Protests in Albania grow over Jared Kushner-backed luxury resort | Albania | The Guardian from The Guardian
2026-06-04 04:16:59,979 - INFO - [The Guardian] Article: https://www.theguardian.com/film/2026/jun/03/wim-wenders-withdraws-1975-film-featuring-13-year-old-nastassja-kinski-topless
2026-06-04 04:16:59,979 - INFO - [The Guardian] Attempt 1/1: Trying with 'requests_browser' strategy...
2026-06-04 04:17:00,072 - INFO - [BBC] Article: https://www.bbc.com/news/articles/cx21181yq4no?at_medium=RSS&at_campaign=rss
2026-06-04 04:17:00,072 - INFO - [BBC] Attempt 1/1: Trying with 'requests_browser' strategy...
2026-06-04 04:17:00,258 - INFO - [The Guardian] Success with 'requests_browser'. Found content (400 words).
2026-06-04 04:17:00,381 - INFO - [The Hindu] Article: https://www.thehindu.com/news/national/kerala/kerala-cm-vd-satheesan-tables-white-paper-on-state-finances-in-assembly/article71059591.ece
2026-06-04 04:17:00,381 - INFO - [The Hindu] Attempt 1/1: Trying with 'selenium_browser' strategy...
2026-06-04 04:17:00,631 - INFO - Saved article: Wim Wenders withdraws 1975 film featuring 13-year-old Nastassja Kinski topless | Wim Wenders | The Guardian from The Guardian
2026-06-04 04:17:00,642 - INFO - [BBC] Success with 'requests_browser'. Found content (887 words).
2026-06-04 04:17:00,728 - INFO - Saved article: Electric vehicles: Costly fuel pushes more Indians to buy EVs yet obstacles remain from BBC
2026-06-04 04:17:01,685 - INFO - [The Guardian] Article: https://www.theguardian.com/world/2026/jun/03/behind-historic-efforts-transport-bayeux-tapestry-france-uk
2026-06-04 04:17:01,685 - INFO - [The Guardian] Attempt 1/1: Trying with 'requests_browser' strategy...
2026-06-04 04:17:01,773 - INFO - [The Guardian] Success with 'requests_browser'. Found content (768 words).
2026-06-04 04:17:01,859 - INFO - Saved article: ‘Of course we will give it back’: Bayeux tapestry set for secret journey across Channel | Bayeux tapestry | The Guardian from The Guardian
2026-06-04 04:17:02,203 - INFO - [BBC] Article: https://www.bbc.com/news/articles/czr25k7g7d7o?at_medium=RSS&at_campaign=rss
2026-06-04 04:17:02,203 - INFO - [BBC] Attempt 1/1: Trying with 'requests_browser' strategy...
2026-06-04 04:17:02,355 - INFO - [BBC] Success with 'requests_browser'. Found content (446 words).
2026-06-04 04:17:02,441 - INFO - Saved article: From butterflies to breast milk, Uber's list of lost items reveals wild backseat discoveries from BBC
2026-06-04 04:17:02,852 - INFO - [The Guardian] Article: https://www.theguardian.com/world/2026/jun/03/why-is-europe-still-not-ready-for-extreme-heat
2026-06-04 04:17:02,854 - INFO - [The Guardian] Attempt 1/1: Trying with 'requests_browser' strategy...
2026-06-04 04:17:03,041 - INFO - [The Guardian] Success with 'requests_browser'. Found content (954 words).
2026-06-04 04:17:03,174 - INFO - Duplicate article skipped: ​Why is Europe still not ready for extreme heat? | World news | The Guardian from The Guardian
2026-06-04 04:17:03,792 - INFO - [The Guardian] Article: https://www.theguardian.com/world/2026/jun/03/migrant-workers-burned-alive-in-car-in-italy
2026-06-04 04:17:03,792 - INFO - [The Guardian] Attempt 1/1: Trying with 'requests_browser' strategy...
2026-06-04 04:17:03,868 - INFO - [The Guardian] Success with 'requests_browser'. Found content (582 words).
2026-06-04 04:17:03,923 - INFO - Duplicate article skipped: Four migrant workers reportedly burned alive in their car in attack in Italy | Italy | The Guardian from The Guardian
2026-06-04 04:17:04,294 - INFO - [The Hindu] Page content loaded.
2026-06-04 04:17:04,518 - INFO - [The Hindu] Success with 'selenium_browser'. Found content (376 words).
2026-06-04 04:17:04,628 - INFO - Saved article: Kerala CM V.D. Satheesan tables White Paper on State finances in Assembly - The Hindu from The Hindu
2026-06-04 04:17:05,175 - INFO - [The Hindu] Article: https://www.thehindu.com/news/national/karnataka/explained-when-an-economy-built-on-cheap-labour-faces-higher-wages-karnataka/article71058014.ece
2026-06-04 04:17:05,175 - INFO - [The Hindu] Attempt 1/1: Trying with 'selenium_browser' strategy...
2026-06-04 04:17:07,044 - INFO - [The Hindu] Page content loaded.
2026-06-04 04:17:07,109 - INFO - [The Hindu] Success with 'selenium_browser'. Found content (814 words).
2026-06-04 04:17:07,164 - INFO - Saved article: EXPLAINED: When an economy built on cheap labour faces higher wages - The Hindu from The Hindu
2026-06-04 04:17:08,462 - INFO - [The Hindu] Article: https://www.thehindu.com/news/national/bihar/muzaffarpur-hospital-fire-in-bihar/article71059549.ece
2026-06-04 04:17:08,462 - INFO - [The Hindu] Attempt 1/1: Trying with 'selenium_browser' strategy...
2026-06-04 04:17:10,018 - INFO - [The Hindu] Page content loaded.
2026-06-04 04:17:10,099 - INFO - [The Hindu] Success with 'selenium_browser'. Found content (368 words).
2026-06-04 04:17:10,179 - INFO - Saved article: 4 dead, others injured in Muzaffarpur hospital fire in Bihar - The Hindu from The Hindu
2026-06-04 04:17:11,157 - INFO - [The Hindu] Article: https://www.thehindu.com/news/national/karnataka/dk-shivakumar-takes-oath-in-the-name-of-ajjayya-and-with-the-constitution-in-hand/article71057717.ece
2026-06-04 04:17:11,157 - INFO - [The Hindu] Attempt 1/1: Trying with 'selenium_browser' strategy...
2026-06-04 04:17:13,101 - INFO - [The Hindu] Page content loaded.
2026-06-04 04:17:13,185 - INFO - [The Hindu] Success with 'selenium_browser'. Found content (255 words).
2026-06-04 04:17:13,285 - INFO - Saved article: D.K. Shivakumar takes oath in the name of Ajjayya, and with the Constitution in hand - The Hindu from The Hindu
2026-06-04 04:17:14,312 - INFO - [The Hindu] Article: https://www.thehindu.com/news/cities/Hyderabad/cyberabad-mulls-paid-parking-on-knowledge-city-roads-amid-traffic-street-racing-concerns/article71059531.ece
2026-06-04 04:17:14,313 - INFO - [The Hindu] Attempt 1/1: Trying with 'selenium_browser' strategy...
2026-06-04 04:17:15,667 - INFO - [The Hindu] Page content loaded.
2026-06-04 04:17:15,944 - INFO - [The Hindu] Success with 'selenium_browser'. Found content (484 words).
2026-06-04 04:17:16,007 - INFO - Saved article: Cyberabad mulls paid parking on Knowledge City roads amid traffic, street racing concerns - The Hindu from The Hindu
2026-06-04 04:17:17,375 - INFO - [The Hindu] Article: https://www.thehindu.com/news/national/karnataka/belagavi-family-counselled-to-take-back-old-woman-it-abandoned/article71057579.ece
2026-06-04 04:17:17,375 - INFO - [The Hindu] Attempt 1/1: Trying with 'selenium_browser' strategy...
2026-06-04 04:17:18,797 - INFO - [The Hindu] Page content loaded.
2026-06-04 04:17:18,915 - INFO - [The Hindu] Success with 'selenium_browser'. Found content (192 words).
2026-06-04 04:17:19,123 - INFO - Saved article: NWKRTC employee abandons mother near dam in Belagavi district - The Hindu from The Hindu
2026-06-04 04:17:19,903 - INFO - [The Hindu] Article: https://www.thehindu.com/news/national/monsoon-2026-kerala-how-to-track-insat-3ds-satellite-imagery-imd/article71059489.ece
2026-06-04 04:17:19,903 - INFO - [The Hindu] Attempt 1/1: Trying with 'selenium_browser' strategy...
2026-06-04 04:17:21,564 - INFO - [The Hindu] Page content loaded.
2026-06-04 04:17:21,654 - INFO - [The Hindu] Success with 'selenium_browser'. Found content (455 words).
2026-06-04 04:17:21,797 - INFO - Saved article: Kerala Monsoon 2026: How to track clouds through IMD imagery - The Hindu from The Hindu
2026-06-04 04:17:22,630 - INFO - [The Hindu] Article: https://www.thehindu.com/news/national/karnataka/i-will-not-make-unilateral-decisions-and-will-take-everyone-along-says-dks/article71058353.ece
2026-06-04 04:17:22,630 - INFO - [The Hindu] Attempt 1/1: Trying with 'selenium_browser' strategy...
2026-06-04 04:17:25,412 - INFO - [The Hindu] Page content loaded.
2026-06-04 04:17:25,527 - INFO - [The Hindu] Success with 'selenium_browser'. Found content (375 words).
2026-06-04 04:17:25,650 - INFO - Saved article: I will not take unilateral decisions and will take everyone along: DKS - The Hindu from The Hindu
2026-06-04 04:17:27,015 - INFO - [The Hindu] Article: https://www.thehindu.com/news/national/karnataka/the-hindu-huddle-on-campus-at-amity-university-debates-social-media/article71058347.ece
2026-06-04 04:17:27,015 - INFO - [The Hindu] Attempt 1/1: Trying with 'selenium_browser' strategy...
2026-06-04 04:17:28,642 - INFO - [The Hindu] Page content loaded.
2026-06-04 04:17:28,789 - INFO - [The Hindu] Success with 'selenium_browser'. Found content (366 words).
2026-06-04 04:17:28,887 - INFO - Saved article: ‘Social media protects people from being held accountable for actions’ - The Hindu from The Hindu
2026-06-04 04:17:30,191 - INFO - [The Hindu] Article: https://www.thehindu.com/news/national/karnataka/realtor-accuses-live-in-partner-of-cheating-and-extortion-concealing-marriage-in-bengaluru/article71056425.ece
2026-06-04 04:17:30,191 - INFO - [The Hindu] Attempt 1/1: Trying with 'selenium_browser' strategy...
2026-06-04 04:17:32,164 - INFO - [The Hindu] Page content loaded.
2026-06-04 04:17:32,329 - INFO - [The Hindu] Success with 'selenium_browser'. Found content (342 words).
2026-06-04 04:17:32,461 - INFO - Saved article: Realtor accuses live-in partner of taking ₹1 crore, marrying someone else in Bengaluru - The Hindu from The Hindu
2026-06-04 04:17:33,319 - INFO - [The Hindu] Article: https://www.thehindu.com/news/national/karnataka/chinnaswamy-stadium-stampede-one-year-on-grief-still-fresh-for-victims-kin/article71056925.ece
2026-06-04 04:17:33,319 - INFO - [The Hindu] Attempt 1/1: Trying with 'selenium_browser' strategy...
2026-06-04 04:17:34,494 - INFO - [The Hindu] Page content loaded.
2026-06-04 04:17:34,684 - INFO - [The Hindu] Success with 'selenium_browser'. Found content (148 words).
2026-06-04 04:17:34,800 - INFO - Saved article: Chinnaswamy stadium stampede: One year on, grief still fresh for victims’ kin - The Hindu from The Hindu
2026-06-04 04:17:35,525 - INFO - [The Hindu] Article: https://www.thehindu.com/news/cities/bangalore/bengaluru-stampede-a-sea-of-cheers-drowned-out-by-wailing-sirens/article69660074.ece
2026-06-04 04:17:35,525 - INFO - [The Hindu] Attempt 1/1: Trying with 'selenium_browser' strategy...
2026-06-04 04:17:37,803 - INFO - [The Hindu] Page content loaded.
2026-06-04 04:17:38,300 - INFO - [The Hindu] Success with 'selenium_browser'. Found content (132 words).
2026-06-04 04:17:38,429 - INFO - Saved article: Bengaluru stampede: How RCB’s victory parade turned into a deadly tragedy - The Hindu from The Hindu
2026-06-04 04:17:39,655 - INFO - [The Hindu] Article: https://www.thehindu.com/opinion/op-ed/a-re-entry-into-telangana-politics/article71058445.ece
2026-06-04 04:17:39,655 - INFO - [The Hindu] Attempt 1/1: Trying with 'selenium_browser' strategy...
2026-06-04 04:17:41,376 - INFO - [The Hindu] Page content loaded.
2026-06-04 04:17:41,514 - INFO - [The Hindu] Success with 'selenium_browser'. Found content (128 words).
2026-06-04 04:17:41,610 - INFO - Saved article: A re-entry into Telangana politics - The Hindu from The Hindu
2026-06-04 04:17:42,493 - INFO - [The Hindu] Article: https://www.thehindu.com/news/national/west-bengal/trinamool-loyalist-says-expelled-leader-ritabrata-banerjee-cannot-be-chosen-as-lop/article71057837.ece
2026-06-04 04:17:42,493 - INFO - [The Hindu] Attempt 1/1: Trying with 'selenium_browser' strategy...
2026-06-04 04:17:44,138 - INFO - [The Hindu] Page content loaded.
2026-06-04 04:17:44,450 - INFO - [The Hindu] Success with 'selenium_browser'. Found content (137 words).
2026-06-04 04:17:44,513 - INFO - Duplicate article skipped: Loyalists rally behind Mamata, say an ousted leader cannot lead Trinamool in Assembly - The Hindu from The Hindu
2026-06-04 04:17:45,236 - ERROR - [Times of India] Request failed for strategy 'selenium_browser' on URL https://timesofindia.indiatimes.com/world/us/us-charges-tech-ceo-over-alleged-exports-of-restricted-equipment-to-iran/articleshow/131495080.cms: Message: timeout: Timed out receiving message from renderer: 59.627
  (Session info: chrome=148.0.7778.178)
Stacktrace:
#0 0x56353adff16a <unknown>
#1 0x56353a7fc6b9 <unknown>
#2 0x56353a7e3d0b <unknown>
#3 0x56353a7e3986 <unknown>
#4 0x56353a7e14ab <unknown>
#5 0x56353a7e1e2f <unknown>
#6 0x56353a7f12e0 <unknown>
#7 0x56353a80b427 <unknown>
#8 0x56353a812c5b <unknown>
#9 0x56353a7e2599 <unknown>
#10 0x56353a80b1bd <unknown>
#11 0x56353a898fcf <unknown>
#12 0x56353a844222 <unknown>
#13 0x56353a845011 <unknown>
#14 0x56353adc4a0b <unknown>
#15 0x56353adc792d <unknown>
#16 0x56353adb1948 <unknown>
#17 0x56353adc84c0 <unknown>
#18 0x56353ad98560 <unknown>
#19 0x56353adebdd8 <unknown>
#20 0x56353adebf75 <unknown>
#21 0x56353adfdbce <unknown>
#22 0x7fbe3889caa4 <unknown>
#23 0x7fbe38929c6c <unknown>

2026-06-04 04:17:45,236 - ERROR - [Times of India] All scrape strategies failed for https://timesofindia.indiatimes.com/world/us/us-charges-tech-ceo-over-alleged-exports-of-restricted-equipment-to-iran/articleshow/131495080.cms. Falling back to RSS description.
2026-06-04 04:17:45,240 - INFO - Saved article: US charges tech CEO over alleged exports of restricted equipment to Iran from Times of India
2026-06-04 04:17:45,920 - INFO - [The Hindu] Article: https://www.thehindu.com/news/cities/Delhi/delhi-hotel-fire-locals-turn-saviours-amid-wails-screams-burning-bodies/article71058323.ece
2026-06-04 04:17:45,920 - INFO - [The Hindu] Attempt 1/1: Trying with 'selenium_browser' strategy...
2026-06-04 04:17:46,530 - INFO - [Times of India] Article: https://timesofindia.indiatimes.com/world/pakistan/lack-of-effort-to-free-imran-khan-pakistan-tehreek-i-insaf-lawmakers-revolt-against-party-leadership/articleshow/131495048.cms
2026-06-04 04:17:46,530 - INFO - [Times of India] Attempt 1/1: Trying with 'selenium_browser' strategy...
2026-06-04 04:17:49,205 - INFO - [The Hindu] Page content loaded.
2026-06-04 04:17:49,317 - INFO - [The Hindu] Success with 'selenium_browser'. Found content (80 words).
2026-06-04 04:17:49,421 - INFO - Saved article: Delhi hotel fire: Locals turn saviours amid wails, screams, burning bodies - The Hindu from The Hindu
2026-06-04 04:17:49,500 - INFO - [Times of India] Page content loaded.
2026-06-04 04:17:50,057 - INFO - [Times of India] Success with 'selenium_browser'. Found content (355 words).
2026-06-04 04:17:50,162 - INFO - Saved article: Imran Khan: 'Lack of effort' to free Imran Khan? Pakistan Tehreek-i-Insaf lawmakers revolt against party leadership | World News - The Times of India from Times of India
2026-06-04 04:17:50,532 - INFO - [The Hindu] Article: https://www.thehindu.com/news/national/kerala/monsoon-may-remain-subdued-after-vigorous-onset-in-kerala/article71053336.ece
2026-06-04 04:17:50,532 - INFO - [The Hindu] Attempt 1/1: Trying with 'selenium_browser' strategy...
2026-06-04 04:17:51,455 - INFO - [Times of India] Article: https://timesofindia.indiatimes.com/world/us/donald-trump-says-us-iran-to-jointly-remove-buried-nuclear-material-tehran-sees-no-breakthrough-in-talks/articleshow/131495261.cms
2026-06-04 04:17:51,455 - INFO - [Times of India] Attempt 1/1: Trying with 'selenium_browser' strategy...
2026-06-04 04:17:52,457 - INFO - [The Hindu] Page content loaded.
2026-06-04 04:17:52,569 - INFO - [The Hindu] Success with 'selenium_browser'. Found content (179 words).
2026-06-04 04:17:52,637 - INFO - Saved article: Monsoon may remain subdued after vigorous onset in Kerala - The Hindu from The Hindu
2026-06-04 04:17:53,215 - INFO - [Times of India] Page content loaded.
2026-06-04 04:17:53,502 - INFO - [Times of India] Success with 'selenium_browser'. Found content (408 words).
2026-06-04 04:17:53,581 - INFO - Saved article: Trump Hints at US-Iran Nuclear Deal While Iran Reports No Progress in Talks | World News - The Times of India from Times of India
2026-06-04 04:17:53,837 - INFO - [The Hindu] Article: https://www.thehindu.com/news/national/kerala-monsoon-onset-june-4-imd-why-southwest-monsoon-arrival-matters-for-india/article71055995.ece
2026-06-04 04:17:53,837 - INFO - [The Hindu] Attempt 1/1: Trying with 'selenium_browser' strategy...
2026-06-04 04:17:54,396 - INFO - [Times of India] Article: https://timesofindia.indiatimes.com/world/us-streamers/i-was-so-scared-pokimanes-nightmare-birthday-trip-began-with-a-medical-emergency-doctors-rarely-see/articleshow/131494309.cms
2026-06-04 04:17:54,396 - INFO - [Times of India] Attempt 1/1: Trying with 'selenium_browser' strategy...
2026-06-04 04:17:55,797 - INFO - [The Hindu] Page content loaded.
2026-06-04 04:17:55,876 - WARNING - [The Hindu] FAILED with 'selenium_browser' (content was too short: 68 words).
2026-06-04 04:17:55,876 - ERROR - [The Hindu] All scrape strategies failed for https://www.thehindu.com/news/national/kerala-monsoon-onset-june-4-imd-why-southwest-monsoon-arrival-matters-for-india/article71055995.ece. Falling back to RSS description.
2026-06-04 04:17:55,878 - INFO - Saved article: Kerala monsoon onset: Why southwest monsoon arrival matters for India from The Hindu
2026-06-04 04:17:57,087 - INFO - [The Hindu] Article: https://www.thehindu.com/news/national/telangana/telangana-is-the-jagir-of-its-four-crore-people-ktr-tells-pawan-kalyan/article71057813.ece
2026-06-04 04:17:57,087 - INFO - [The Hindu] Attempt 1/1: Trying with 'selenium_browser' strategy...
2026-06-04 04:17:57,168 - INFO - [Times of India] Page content loaded.
2026-06-04 04:17:57,319 - INFO - [Times of India] Success with 'selenium_browser'. Found content (490 words).
2026-06-04 04:17:57,378 - INFO - Saved article: "I was so scared": Pokimane's nightmare birthday trip began with a medical emergency doctors rarely see - The Times of India from Times of India
2026-06-04 04:17:58,503 - INFO - [Times of India] Article: https://timesofindia.indiatimes.com/world/us-streamers/new-details-surface-as-chudthebuilders-release-bid-stalls-despite-alex-rosen-offering-100000-toward-bond/articleshow/131494307.cms
2026-06-04 04:17:58,503 - INFO - [Times of India] Attempt 1/1: Trying with 'selenium_browser' strategy...
2026-06-04 04:17:58,793 - INFO - [The Hindu] Page content loaded.
2026-06-04 04:17:58,895 - INFO - [The Hindu] Success with 'selenium_browser'. Found content (125 words).
2026-06-04 04:17:59,083 - INFO - Saved article: “Telangana is the Jagir of its four crore people”, KTR tells Pawan Kalyan - The Hindu from The Hindu
2026-06-04 04:17:59,950 - INFO - [The Hindu] Article: https://www.thehindu.com/news/national/assam-meghalaya-farmers-resume-farming-in-disputed-border-area-after-weeks-of-conflict/article71057540.ece
2026-06-04 04:17:59,950 - INFO - [The Hindu] Attempt 1/1: Trying with 'selenium_browser' strategy...
2026-06-04 04:18:00,334 - INFO - [Times of India] Page content loaded.
2026-06-04 04:18:00,843 - INFO - [Times of India] Success with 'selenium_browser'. Found content (519 words).
2026-06-04 04:18:00,921 - INFO - Saved article: New details surface as ChudTheBuilder’s release bid stalls despite Alex Rosen offering $100,000 toward bond - The Times of India from Times of India
2026-06-04 04:18:01,473 - INFO - [Times of India] Article: https://timesofindia.indiatimes.com/world/us-streamers/bro-in-a-wheelchair-claviculars-new-rhinoplasty-recovery-photos-spark-leg-lengthening-surgery-speculation/articleshow/131494192.cms
2026-06-04 04:18:01,473 - INFO - [Times of India] Attempt 1/1: Trying with 'selenium_browser' strategy...
2026-06-04 04:18:01,529 - INFO - [The Hindu] Page content loaded.
2026-06-04 04:18:01,978 - WARNING - [The Hindu] FAILED with 'selenium_browser' (content was too short: 72 words).
2026-06-04 04:18:01,978 - ERROR - [The Hindu] All scrape strategies failed for https://www.thehindu.com/news/national/assam-meghalaya-farmers-resume-farming-in-disputed-border-area-after-weeks-of-conflict/article71057540.ece. Falling back to RSS description.
2026-06-04 04:18:01,983 - INFO - Saved article: Assam, Meghalaya farmers resume farming in disputed border area after weeks of conflict from The Hindu
2026-06-04 04:18:03,211 - INFO - [Times of India] Page content loaded.
2026-06-04 04:18:03,294 - INFO - [The Hindu] Article: https://www.thehindu.com/news/national/indian-national-killed-in-attack-on-kuwait-airport/article71057014.ece
2026-06-04 04:18:03,294 - INFO - [The Hindu] Attempt 1/1: Trying with 'selenium_browser' strategy...
2026-06-04 04:18:03,426 - INFO - [Times of India] Success with 'selenium_browser'. Found content (433 words).
2026-06-04 04:18:03,593 - INFO - Saved article: “Bro in a wheelchair?”: Clavicular’s new rhinoplasty recovery photos spark leg lengthening surgery speculation - The Times of India from Times of India
2026-06-04 04:18:04,742 - INFO - [Times of India] Article: https://timesofindia.indiatimes.com/world/us-streamers/who-is-hasan-pikers-mom-lker-sedef-report-links-her-to-streamers-college-transfer-after-low-gpa/articleshow/131492710.cms
2026-06-04 04:18:04,742 - INFO - [Times of India] Attempt 1/1: Trying with 'selenium_browser' strategy...
2026-06-04 04:18:05,128 - INFO - [The Hindu] Page content loaded.
2026-06-04 04:18:05,443 - WARNING - [The Hindu] FAILED with 'selenium_browser' (content was too short: 58 words).
2026-06-04 04:18:05,443 - ERROR - [The Hindu] All scrape strategies failed for https://www.thehindu.com/news/national/indian-national-killed-in-attack-on-kuwait-airport/article71057014.ece. Falling back to RSS description.
2026-06-04 04:18:05,455 - INFO - Saved article: Indian national killed in attack on Kuwait airport from The Hindu
2026-06-04 04:18:06,738 - INFO - [Times of India] Page content loaded.
2026-06-04 04:18:06,895 - INFO - [The Hindu] Article: https://www.thehindu.com/news/national/cockroach-janata-party-abhijeet-dipke-press-conference-june-3-2026/article71057821.ece
2026-06-04 04:18:06,895 - INFO - [The Hindu] Attempt 1/1: Trying with 'selenium_browser' strategy...
2026-06-04 04:18:07,012 - INFO - [Times of India] Success with 'selenium_browser'. Found content (477 words).
2026-06-04 04:18:07,142 - INFO - Saved article: Who is Hasan Piker’s mom Ülker Sedef? Report links her to streamer’s college transfer after low GPA - The Times of India from Times of India
2026-06-04 04:18:07,673 - INFO - [Times of India] Article: https://timesofindia.indiatimes.com/world/us/california-techie-living-in-35-million-mansion-arrested-for-supplying-sensitive-us-equipment-to-irans-military-faces-up-to-20-years/articleshow/131492050.cms
2026-06-04 04:18:07,673 - INFO - [Times of India] Attempt 1/1: Trying with 'selenium_browser' strategy...
2026-06-04 04:18:08,794 - INFO - [The Hindu] Page content loaded.
2026-06-04 04:18:09,113 - INFO - [The Hindu] Success with 'selenium_browser'. Found content (105 words).
2026-06-04 04:18:09,202 - INFO - Duplicate article skipped: Cockroach Janta Party zeroes in on Pradhan resignation demand, sets protest for June 6 - The Hindu from The Hindu
2026-06-04 04:18:09,695 - INFO - [Times of India] Page content loaded.
2026-06-04 04:18:09,858 - INFO - [The Hindu] Article: https://www.thehindu.com/news/national/no-role-for-any-third-parties-in-resolution-of-india-nepal-border-issue-mea/article71052660.ece
2026-06-04 04:18:09,859 - INFO - [The Hindu] Attempt 1/1: Trying with 'selenium_browser' strategy...
2026-06-04 04:18:09,871 - INFO - [Times of India] Success with 'selenium_browser'. Found content (413 words).
2026-06-04 04:18:09,915 - INFO - Saved article: California techie living in $35 million mansion arrested for supplying sensitive US equipment to Iran’s military, faces up to 20 years - The Times of India from Times of India
2026-06-04 04:18:10,874 - INFO - [Times of India] Article: https://timesofindia.indiatimes.com/world/us-streamers/ishowspeeds-viral-champions-song-officially-added-to-fifa-world-cup-2026-album/articleshow/131492012.cms
2026-06-04 04:18:10,874 - INFO - [Times of India] Attempt 1/1: Trying with 'selenium_browser' strategy...
2026-06-04 04:18:12,812 - INFO - [The Hindu] Page content loaded.
2026-06-04 04:18:13,294 - INFO - [The Hindu] Success with 'selenium_browser'. Found content (146 words).
2026-06-04 04:18:13,410 - INFO - Duplicate article skipped: MEA responds to Nepal PM's India border comment - The Hindu from The Hindu
2026-06-04 04:18:13,412 - INFO - [Times of India] Page content loaded.
2026-06-04 04:18:13,612 - INFO - [Times of India] Success with 'selenium_browser'. Found content (422 words).
2026-06-04 04:18:13,685 - INFO - Saved article: Fifa World Cup 2026: IShowSpeed’s viral ‘Champions’ song officially added to FIFA World Cup 2026 album - The Times of India from Times of India
2026-06-04 04:18:14,378 - INFO - [The Hindu] Article: https://www.thehindu.com/news/national/nepal-is-a-priority-partner-says-modi-after-meeting-rsp-chief/article71058228.ece
2026-06-04 04:18:14,378 - INFO - [The Hindu] Attempt 1/1: Trying with 'selenium_browser' strategy...
2026-06-04 04:18:14,650 - INFO - [Times of India] Article: https://timesofindia.indiatimes.com/world/us/mother-of-pregnant-teen-killed-in-ohio-crash-wants-33-year-old-indian-man-deported/articleshow/131490617.cms
2026-06-04 04:18:14,651 - INFO - [Times of India] Attempt 1/1: Trying with 'selenium_browser' strategy...
2026-06-04 04:18:16,006 - INFO - [The Hindu] Page content loaded.
2026-06-04 04:18:16,098 - WARNING - [The Hindu] FAILED with 'selenium_browser' (content was too short: 65 words).
2026-06-04 04:18:16,099 - ERROR - [The Hindu] All scrape strategies failed for https://www.thehindu.com/news/national/nepal-is-a-priority-partner-says-modi-after-meeting-rsp-chief/article71058228.ece. Falling back to RSS description.
2026-06-04 04:18:16,104 - INFO - Saved article: Nepal is a priority partner, says Modi after meeting RSP chief from The Hindu
2026-06-04 04:18:16,368 - INFO - [Times of India] Page content loaded.
2026-06-04 04:18:16,504 - INFO - [Times of India] Success with 'selenium_browser'. Found content (405 words).
2026-06-04 04:18:16,559 - INFO - Saved article: Ohio Car Crash: Mother of Pregnant Teen Killed in Ohio Crash Seeks Deportation of 33-Year-Old Indian Man | World News - The Times of India from Times of India
2026-06-04 04:18:16,810 - INFO - [The Hindu] Article: https://www.thehindu.com/news/national/karnataka/siddaramaiah-karnataka-cm-dk-shivakumar-congress-who-is-he-profile/article71030399.ece
2026-06-04 04:18:16,810 - INFO - [The Hindu] Attempt 1/1: Trying with 'selenium_browser' strategy...
2026-06-04 04:18:17,803 - INFO - [Times of India] Article: https://timesofindia.indiatimes.com/world/uk/princess-dianas-forgotten-letter-reveals-what-she-wanted-for-prince-william-and-prince-harrys-future/articleshow/131491662.cms
2026-06-04 04:18:17,804 - INFO - [Times of India] Attempt 1/1: Trying with 'selenium_browser' strategy...
2026-06-04 04:18:19,286 - INFO - [The Hindu] Page content loaded.
2026-06-04 04:18:19,378 - INFO - [The Hindu] Success with 'selenium_browser'. Found content (89 words).
2026-06-04 04:18:19,456 - INFO - Duplicate article skipped: Siddaramaiah resignation: Tracing his long political history - The Hindu from The Hindu
2026-06-04 04:18:19,500 - INFO - [Times of India] Page content loaded.
2026-06-04 04:18:19,685 - INFO - [Times of India] Success with 'selenium_browser'. Found content (870 words).
2026-06-04 04:18:19,750 - INFO - Saved article: Princess Diana's forgotten letter reveals what she wanted for Prince William and Prince Harry's future | World News - The Times of India from Times of India
2026-06-04 04:18:20,297 - INFO - [Times of India] Article: https://timesofindia.indiatimes.com/world/uk/who-is-stephen-mccullagh-uk-youtuber-who-murdered-pregnant-girlfriend-and-tried-to-hide-it-through-a-gaming-livestream/articleshow/131489190.cms
2026-06-04 04:18:20,297 - INFO - [Times of India] Attempt 1/1: Trying with 'selenium_browser' strategy...
2026-06-04 04:18:20,875 - INFO - [The Hindu] (Thread) Finished. Attempting to shut down its Selenium driver.
2026-06-04 04:18:21,122 - INFO - [The Hindu] (Thread) driver.quit() successful.
2026-06-04 04:18:21,294 - INFO - [Times of India] Page content loaded.
2026-06-04 04:18:21,409 - INFO - [Times of India] Success with 'selenium_browser'. Found content (361 words).
2026-06-04 04:18:21,526 - INFO - Saved article: Who is Stephen McCullagh? UK YouTuber who murdered pregnant girlfriend and tried to hide it through a gaming livestream - The Times of India from Times of India
2026-06-04 04:18:22,061 - INFO - [Times of India] Article: https://timesofindia.indiatimes.com/world/us-streamers/kick-streamer-clavicular-chased-a-new-look-through-live-rhinoplasty-and-left-viewers-speechless/articleshow/131488685.cms
2026-06-04 04:18:22,062 - INFO - [Times of India] Attempt 1/1: Trying with 'selenium_browser' strategy...
2026-06-04 04:18:22,973 - INFO - [Times of India] Page content loaded.
2026-06-04 04:18:23,111 - INFO - [Times of India] Success with 'selenium_browser'. Found content (441 words).
2026-06-04 04:18:23,165 - INFO - Saved article: Kick streamer Clavicular chased a new look through live rhinoplasty and left viewers speechless - The Times of India from Times of India
2026-06-04 04:18:24,643 - INFO - [Times of India] Article: https://timesofindia.indiatimes.com/world/rest-of-world/quote-of-the-day-by-leonardo-da-vinci-a-painter-should-begin-every-canvas-with-a-wash-of-black-because-all-things-in-nature-are/articleshow/131489159.cms
2026-06-04 04:18:24,643 - INFO - [Times of India] Attempt 1/1: Trying with 'selenium_browser' strategy...
2026-06-04 04:18:25,408 - INFO - [Times of India] Page content loaded.
2026-06-04 04:18:25,575 - INFO - [Times of India] Success with 'selenium_browser'. Found content (1210 words).
2026-06-04 04:18:25,622 - INFO - Saved article: Quote of the day by Leonardo da Vinci: “A painter should begin every canvas with a wash of black, because all things in nature are…” | World News - The Times of India from Times of India
2026-06-04 04:18:26,381 - INFO - [Times of India] Article: https://timesofindia.indiatimes.com/world/us/us-visa-holder-denied-entry-at-los-angeles-airport-after-previous-visit-held-in-cbp-custody-family-unable-to-contact-him/articleshow/131488386.cms
2026-06-04 04:18:26,381 - INFO - [Times of India] Attempt 1/1: Trying with 'selenium_browser' strategy...
2026-06-04 04:18:27,124 - INFO - [Times of India] Page content loaded.
2026-06-04 04:18:27,272 - INFO - [Times of India] Success with 'selenium_browser'. Found content (438 words).
2026-06-04 04:18:27,317 - INFO - Saved article: US visa holder denied entry at Los Angeles airport after previous visit, held in CBP custody; family unable to contact him - The Times of India from Times of India
2026-06-04 04:18:27,983 - INFO - [Times of India] Article: https://timesofindia.indiatimes.com/world/us/entering-h1-b-lottery-at-very-high-rate-indian-students-may-face-tougher-path-to-us-jobs-under-new-visa-rule-says-ceo/articleshow/131488150.cms
2026-06-04 04:18:27,983 - INFO - [Times of India] Attempt 1/1: Trying with 'selenium_browser' strategy...
2026-06-04 04:18:28,901 - INFO - [Times of India] Page content loaded.
2026-06-04 04:18:29,049 - INFO - [Times of India] Success with 'selenium_browser'. Found content (597 words).
2026-06-04 04:18:29,097 - INFO - Duplicate article skipped: 'Entering H1-B lottery at very high rate': Indian students may face tougher path to US jobs under new visa rule, says CEO - The Times of India from Times of India
2026-06-04 04:18:30,137 - INFO - [Times of India] Article: https://timesofindia.indiatimes.com/world/us/18-year-old-chicago-student-kicked-out-of-graduation-ceremony-denied-diploma-after-doing-a-split-on-stage-really-hurt-my-feelings/articleshow/131486758.cms
2026-06-04 04:18:30,137 - INFO - [Times of India] Attempt 1/1: Trying with 'selenium_browser' strategy...
2026-06-04 04:18:30,689 - INFO - [Times of India] Page content loaded.
2026-06-04 04:18:30,833 - INFO - [Times of India] Success with 'selenium_browser'. Found content (347 words).
2026-06-04 04:18:30,884 - INFO - Duplicate article skipped: 18-year-old Chicago student kicked out of graduation ceremony, denied diploma after doing a 'split' on stage: 'Really hurt my feelings' - The Times of India from Times of India
2026-06-04 04:18:31,648 - INFO - [Times of India] Article: https://timesofindia.indiatimes.com/world/us/its-not-nice-donald-trump-says-us-has-other-way-to-deal-with-iran/articleshow/131486362.cms
2026-06-04 04:18:31,648 - INFO - [Times of India] Attempt 1/1: Trying with 'selenium_browser' strategy...
2026-06-04 04:18:32,559 - INFO - [Times of India] Page content loaded.
2026-06-04 04:18:32,731 - INFO - [Times of India] Success with 'selenium_browser'. Found content (275 words).
2026-06-04 04:18:32,839 - INFO - Duplicate article skipped: 'It's not nice': Donald Trump says US has 'other way' to deal with Iran - The Times of India from Times of India
2026-06-04 04:18:33,945 - INFO - [Times of India] Article: https://timesofindia.indiatimes.com/world/uk/three-british-navy-personnel-killed-in-helicopter-crash-during-training-exercise-in-devon-mod-confirms/articleshow/131485946.cms
2026-06-04 04:18:33,945 - INFO - [Times of India] Attempt 1/1: Trying with 'selenium_browser' strategy...
2026-06-04 04:18:34,570 - INFO - [Times of India] Page content loaded.
2026-06-04 04:18:34,756 - INFO - [Times of India] Success with 'selenium_browser'. Found content (313 words).
2026-06-04 04:18:34,795 - INFO - Duplicate article skipped: Three British Navy personnel killed in helicopter crash during training exercise in Devon, MOD confirms | World News - The Times of India from Times of India
2026-06-04 04:18:36,013 - INFO - [Times of India] Article: https://timesofindia.indiatimes.com/world/us/we-would-not-fly-in-this-visibility-indian-origin-pilot-dave-fiji-warned-before-fatal-helicopter-crash-in-georgia-says-father/articleshow/131485774.cms
2026-06-04 04:18:36,013 - INFO - [Times of India] Attempt 1/1: Trying with 'selenium_browser' strategy...
2026-06-04 04:18:36,828 - INFO - [Times of India] Page content loaded.
2026-06-04 04:18:36,947 - INFO - [Times of India] Success with 'selenium_browser'. Found content (534 words).
2026-06-04 04:18:36,990 - INFO - Duplicate article skipped: 'We would not fly in this visibility': Indian-origin pilot Dave Fiji warned before fatal helicopter crash in Georgia, says father - The Times of India from Times of India
2026-06-04 04:18:37,992 - INFO - [Times of India] (Thread) Finished. Attempting to shut down its Selenium driver.
2026-06-04 04:18:38,154 - INFO - [Times of India] (Thread) driver.quit() successful.
2026-06-04 04:18:38,154 - INFO - Shutting down thread pool (wait=False)...
2026-06-04 04:18:38,154 - INFO - Scraped: 15 Times of India, 10 The Guardian, 21 The Hindu, 12 BBC articles. (Total saved: 58)
2026-06-04 04:18:38,154 - INFO - --- Scraping job finished ---
2026-06-04 04:18:38,159 - INFO - --- Scraper service stopped and database connection closed. ---
2026-06-04 04:18:38,159 - INFO - --- Main thread finished. Forcing process exit to kill zombie threads. ---
