2025-12-01 12:48:52,325 - INFO - Initializing database connection at: news_articles.db
2025-12-01 12:48:52,326 - INFO - --- Scraper service started (CI Mode: Run Once) ---
2025-12-01 12:48:52,326 - INFO - --- Starting new scraping job (Parallel Mode) ---
2025-12-01 12:48:52,326 - INFO - Creating new robust session with 3 retries on 5xx/connection/read errors.
2025-12-01 12:48:52,326 - INFO - Proxy is DISABLED.
2025-12-01 12:48:52,326 - INFO - Starting scrape for BBC RSS feed: http://feeds.bbci.co.uk/news/world/rss.xml
2025-12-01 12:48:52,326 - INFO - [Times of India] (Thread) requires Selenium. Initializing driver...
2025-12-01 12:48:52,327 - INFO - Initializing headless Selenium Chrome driver (using SeleniumManager)...
2025-12-01 12:48:52,328 - INFO - Starting scrape for The Guardian RSS feed: https://www.theguardian.com/world/rss
2025-12-01 12:48:52,332 - INFO - [The Hindu] (Thread) requires Selenium. Initializing driver...
2025-12-01 12:48:52,332 - INFO - Initializing headless Selenium Chrome driver (using SeleniumManager)...
2025-12-01 12:48:52,333 - INFO - Submitted 4 jobs to thread pool. Waiting up to 420s for completion...
2025-12-01 12:48:52,461 - INFO - Found 39 articles in BBC RSS feed. Processing up to 25.
2025-12-01 12:48:52,461 - INFO - [BBC] Article: https://www.bbc.com/news/articles/c1m8nmx75evo?at_medium=RSS&at_campaign=rss
2025-12-01 12:48:52,461 - INFO - [BBC] Attempt 1/1: Trying with 'requests_browser' strategy...
2025-12-01 12:48:52,601 - INFO - Found 45 articles in The Guardian RSS feed. Processing up to 25.
2025-12-01 12:48:52,602 - INFO - [The Guardian] Article: https://www.theguardian.com/global-development/2025/dec/01/global-health-hiv-aids-funding-cuts-infections-prevention
2025-12-01 12:48:52,602 - INFO - [The Guardian] Attempt 1/1: Trying with 'requests_browser' strategy...
2025-12-01 12:48:52,668 - INFO - [BBC] Success with 'requests_browser'. Found content (573 words).
2025-12-01 12:48:52,711 - INFO - Saved article: Four dead in Russian attack as diplomatic efforts to end war continue from BBC
2025-12-01 12:48:52,729 - INFO - [The Guardian] Success with 'requests_browser'. Found content (674 words).
2025-12-01 12:48:52,790 - INFO - Saved article: Aid cuts have shaken HIV/Aids care to its core – and will mean millions more infections ahead | Global health | The Guardian from The Guardian
2025-12-01 12:48:53,401 - INFO - [BBC] Article: https://www.bbc.com/news/articles/czrk7g50e1po?at_medium=RSS&at_campaign=rss
2025-12-01 12:48:53,401 - INFO - [BBC] Attempt 1/1: Trying with 'requests_browser' strategy...
2025-12-01 12:48:53,438 - INFO - [BBC] Success with 'requests_browser'. Found content (1693 words).
2025-12-01 12:48:53,476 - INFO - Duplicate article skipped: WW1 toxic compound sprayed on Georgian protesters, BBC evidence suggests from BBC
2025-12-01 12:48:54,185 - INFO - [BBC] Article: https://www.bbc.com/news/articles/c4g9dyd84lwo?at_medium=RSS&at_campaign=rss
2025-12-01 12:48:54,185 - INFO - [BBC] Attempt 1/1: Trying with 'requests_browser' strategy...
2025-12-01 12:48:54,238 - INFO - [BBC] Success with 'requests_browser'. Found content (1092 words).
2025-12-01 12:48:54,265 - INFO - [The Guardian] Article: https://www.theguardian.com/world/2025/nov/30/african-leaders-push-for-recognition-of-colonial-crimes-and-reparations
2025-12-01 12:48:54,265 - INFO - [The Guardian] Attempt 1/1: Trying with 'requests_browser' strategy...
2025-12-01 12:48:54,279 - INFO - Saved article: Tulip Siddiq MP given jail sentence in Bangladesh after trial in her absence from BBC
2025-12-01 12:48:54,300 - INFO - [The Guardian] Success with 'requests_browser'. Found content (670 words).
2025-12-01 12:48:54,345 - INFO - Duplicate article skipped: African leaders push for recognition of colonial crimes and reparations | Colonialism | The Guardian from The Guardian
2025-12-01 12:48:55,573 - INFO - [The Guardian] Article: https://www.theguardian.com/world/2025/nov/28/jacob-zuma-daughter-resigns-claims-south-africans-tricked-fight-russia
2025-12-01 12:48:55,573 - INFO - [The Guardian] Attempt 1/1: Trying with 'requests_browser' strategy...
2025-12-01 12:48:55,601 - INFO - [The Guardian] Success with 'requests_browser'. Found content (753 words).
2025-12-01 12:48:55,640 - INFO - Duplicate article skipped: Jacob Zuma’s daughter resigns amid claims South Africans tricked to fight for Russia | South Africa | The Guardian from The Guardian
2025-12-01 12:48:55,716 - INFO - [BBC] Article: https://www.bbc.com/news/articles/cx2dgp8mvmno?at_medium=RSS&at_campaign=rss
2025-12-01 12:48:55,716 - INFO - [BBC] Attempt 1/1: Trying with 'requests_browser' strategy...
2025-12-01 12:48:55,743 - INFO - [BBC] Success with 'requests_browser'. Found content (663 words).
2025-12-01 12:48:55,783 - INFO - Duplicate article skipped: Honduras election on a knife edge as Trump-backed man slightly ahead from BBC
2025-12-01 12:48:56,722 - INFO - [The Guardian] Article: https://www.theguardian.com/environment/2025/nov/28/africa-forests-transformed-carbon-sink-carbon-source-study
2025-12-01 12:48:56,722 - INFO - [The Guardian] Attempt 1/1: Trying with 'requests_browser' strategy...
2025-12-01 12:48:56,745 - INFO - [The Guardian] Success with 'requests_browser'. Found content (458 words).
2025-12-01 12:48:56,786 - INFO - Duplicate article skipped: Africa’s forests transformed from carbon sink to carbon source, study finds | Climate crisis | The Guardian from The Guardian
2025-12-01 12:48:57,215 - INFO - [BBC] Article: https://www.bbc.com/news/articles/c4g4enlp6kzo?at_medium=RSS&at_campaign=rss
2025-12-01 12:48:57,215 - INFO - [BBC] Attempt 1/1: Trying with 'requests_browser' strategy...
2025-12-01 12:48:57,245 - INFO - [BBC] Success with 'requests_browser'. Found content (607 words).
2025-12-01 12:48:57,292 - INFO - Saved article: Death toll in Indonesia floods passes 500 from BBC
2025-12-01 12:48:57,510 - INFO - [The Guardian] Article: https://www.theguardian.com/world/2025/nov/26/guinea-bissau-officers-take-total-control-close-borders-amid-election-chaos
2025-12-01 12:48:57,510 - INFO - [The Guardian] Attempt 1/1: Trying with 'requests_browser' strategy...
2025-12-01 12:48:57,534 - INFO - [The Guardian] Success with 'requests_browser'. Found content (412 words).
2025-12-01 12:48:57,609 - INFO - Duplicate article skipped: Guinea-Bissau military takes ‘total control’ amid election chaos | Guinea-Bissau | The Guardian from The Guardian
2025-12-01 12:48:58,164 - INFO - [The Guardian] Article: https://www.theguardian.com/us-news/live/2025/dec/01/donald-trump-pete-hegseth-caribbean-boats-venezuela-immigration-us-politics-latest-news-updates
2025-12-01 12:48:58,164 - INFO - [The Guardian] Attempt 1/1: Trying with 'requests_browser' strategy...
2025-12-01 12:48:58,363 - INFO - [The Guardian] Success with 'requests_browser'. Found content (1003 words).
2025-12-01 12:48:58,448 - INFO - Saved article: Trump backs Hegseth as defense secretary denies ordering second strike on boat – US politics live | US news | The Guardian from The Guardian
2025-12-01 12:48:58,504 - INFO - [BBC] Article: https://www.bbc.com/news/articles/cpvdn8pmmd1o?at_medium=RSS&at_campaign=rss
2025-12-01 12:48:58,504 - INFO - [BBC] Attempt 1/1: Trying with 'requests_browser' strategy...
2025-12-01 12:48:58,547 - INFO - [BBC] Success with 'requests_browser'. Found content (1661 words).
2025-12-01 12:48:58,602 - INFO - Duplicate article skipped: Sudan civil war: The terrifying escape from el-Fasher in Darfur from BBC
2025-12-01 12:48:59,407 - INFO - [BBC] Article: https://www.bbc.com/news/articles/cp8zyp988zvo?at_medium=RSS&at_campaign=rss
2025-12-01 12:48:59,407 - INFO - [BBC] Attempt 1/1: Trying with 'requests_browser' strategy...
2025-12-01 12:48:59,435 - INFO - [BBC] Success with 'requests_browser'. Found content (848 words).
2025-12-01 12:48:59,475 - INFO - Saved article: US lawmakers demand answers over Hegseth Venezuela boat strike reports from BBC
2025-12-01 12:48:59,879 - INFO - [The Guardian] Article: https://www.theguardian.com/world/2025/dec/01/trump-maduro-ultimatum-relinquish-power-venezuela
2025-12-01 12:48:59,879 - INFO - [The Guardian] Attempt 1/1: Trying with 'requests_browser' strategy...
2025-12-01 12:48:59,902 - INFO - [The Guardian] Success with 'requests_browser'. Found content (498 words).
2025-12-01 12:48:59,945 - INFO - Saved article: Trump reportedly gave Maduro ultimatum to relinquish power in Venezuela | Nicolás Maduro | The Guardian from The Guardian
2025-12-01 12:49:00,800 - INFO - [BBC] Article: https://www.bbc.com/news/articles/cvgrwedyr0eo?at_medium=RSS&at_campaign=rss
2025-12-01 12:49:00,800 - INFO - [BBC] Attempt 1/1: Trying with 'requests_browser' strategy...
2025-12-01 12:49:00,838 - INFO - [BBC] Success with 'requests_browser'. Found content (1047 words).
2025-12-01 12:49:00,894 - INFO - Duplicate article skipped: Pope Leo finds his voice on first foreign trip from BBC
2025-12-01 12:49:01,144 - INFO - [The Guardian] Article: https://www.theguardian.com/world/2025/dec/01/st-lucia-votes-election-economy-crime-passport-sales
2025-12-01 12:49:01,144 - INFO - [The Guardian] Attempt 1/1: Trying with 'requests_browser' strategy...
2025-12-01 12:49:01,167 - INFO - Selenium driver initialized successfully.
2025-12-01 12:49:01,167 - INFO - Starting scrape for The Hindu RSS feed: https://www.thehindu.com/news/national/feeder/default.rss
2025-12-01 12:49:01,169 - INFO - Selenium driver initialized successfully.
2025-12-01 12:49:01,169 - INFO - Starting scrape for Times of India RSS feed: https://timesofindia.indiatimes.com/rssfeeds/296589292.cms
2025-12-01 12:49:01,259 - INFO - [The Guardian] Success with 'requests_browser'. Found content (284 words).
2025-12-01 12:49:01,303 - INFO - Saved article: St Lucia votes in election dominated by economy, crime and passport sales | St Lucia | The Guardian from The Guardian
2025-12-01 12:49:01,329 - INFO - Found 100 articles in The Hindu RSS feed. Processing up to 25.
2025-12-01 12:49:01,330 - INFO - [The Hindu] Article: https://www.thehindu.com/news/national/pm-led-panel-to-meet-on-dec-10-to-select-chief-information-commissioner-centre-to-sc/article70345249.ece
2025-12-01 12:49:01,330 - INFO - [The Hindu] Attempt 1/1: Trying with 'selenium_browser' strategy...
2025-12-01 12:49:01,370 - INFO - Found 20 articles in Times of India RSS feed. Processing up to 25.
2025-12-01 12:49:01,370 - INFO - [Times of India] Article: https://timesofindia.indiatimes.com/world/us/man-who-beheaded-indin-origin-motel-owner-in-texas-wont-face-death-penalty-prosecution-goes-soft-on-cuban-murderer/articleshow/125694464.cms
2025-12-01 12:49:01,370 - INFO - [Times of India] Attempt 1/1: Trying with 'selenium_browser' strategy...
2025-12-01 12:49:01,857 - INFO - [BBC] Article: https://www.bbc.com/news/articles/ckg989gnen5o?at_medium=RSS&at_campaign=rss
2025-12-01 12:49:01,858 - INFO - [BBC] Attempt 1/1: Trying with 'requests_browser' strategy...
2025-12-01 12:49:02,008 - INFO - [BBC] Success with 'requests_browser'. Found content (373 words).
2025-12-01 12:49:02,117 - INFO - Saved article: Ukrainian President Volodymyr Zelensky set for Republic of Ireland visit from BBC
2025-12-01 12:49:02,144 - INFO - [The Guardian] Article: https://www.theguardian.com/us-news/2025/nov/30/trump-nicolas-maduro-venezuela-call
2025-12-01 12:49:02,144 - INFO - [The Guardian] Attempt 1/1: Trying with 'requests_browser' strategy...
2025-12-01 12:49:02,181 - INFO - [The Guardian] Success with 'requests_browser'. Found content (760 words).
2025-12-01 12:49:02,283 - INFO - Duplicate article skipped: Trump ‘wouldn’t have wanted’ second strike on Caribbean boat survivors | US foreign policy | The Guardian from The Guardian
2025-12-01 12:49:03,016 - INFO - [The Guardian] Article: https://www.theguardian.com/world/2025/nov/30/honduras-vote-election-trump-threat-cut-aid-if-nasry-tito-asfura-loses
2025-12-01 12:49:03,017 - INFO - [The Guardian] Attempt 1/1: Trying with 'requests_browser' strategy...
2025-12-01 12:49:03,065 - INFO - [The Guardian] Success with 'requests_browser'. Found content (534 words).
2025-12-01 12:49:03,143 - INFO - Duplicate article skipped: Hondurans vote amid Trump threat to cut aid if his preferred candidate loses | Honduras | The Guardian from The Guardian
2025-12-01 12:49:03,440 - INFO - [BBC] Article: https://www.bbc.com/news/articles/cj01q6p7ndlo?at_medium=RSS&at_campaign=rss
2025-12-01 12:49:03,440 - INFO - [BBC] Attempt 1/1: Trying with 'requests_browser' strategy...
2025-12-01 12:49:03,508 - INFO - [BBC] Success with 'requests_browser'. Found content (409 words).
2025-12-01 12:49:03,629 - INFO - Saved article: South Korea police say 120,000 home cameras hacked for 'sexploitation' footage from BBC
2025-12-01 12:49:04,117 - INFO - [The Guardian] Article: https://www.theguardian.com/world/live/2025/dec/01/death-toll-floods-indonesia-sri-lanka-malaysia-thailand-latest-updates-news-live
2025-12-01 12:49:04,117 - INFO - [The Guardian] Attempt 1/1: Trying with 'requests_browser' strategy...
2025-12-01 12:49:04,300 - INFO - [The Guardian] Success with 'requests_browser'. Found content (1722 words).
2025-12-01 12:49:04,679 - INFO - Saved article: Death toll passes 1,100 in devastating floods across Indonesia, Sri Lanka, Malaysia and Thailand – latest updates | South and central Asia | The Guardian from The Guardian
2025-12-01 12:49:04,865 - INFO - [BBC] Article: https://www.bbc.com/news/articles/c997n2zlegzo?at_medium=RSS&at_campaign=rss
2025-12-01 12:49:04,866 - INFO - [BBC] Attempt 1/1: Trying with 'requests_browser' strategy...
2025-12-01 12:49:05,501 - INFO - [The Guardian] Article: https://www.theguardian.com/world/2025/dec/01/asia-flood-sri-lanka-indonesia-deploy-military
2025-12-01 12:49:05,501 - INFO - [The Guardian] Attempt 1/1: Trying with 'requests_browser' strategy...
2025-12-01 12:49:05,653 - INFO - [BBC] Success with 'requests_browser'. Found content (653 words).
2025-12-01 12:49:06,024 - INFO - [The Guardian] Success with 'requests_browser'. Found content (698 words).
2025-12-01 12:49:06,195 - INFO - Saved article: One Piece: Japanese singer Maki Otsuki stopped mid-show after China row from BBC
2025-12-01 12:49:06,358 - INFO - Saved article: Sri Lanka and Indonesia deploy militaries as Asia floods death toll passes 1,300 | Asia Pacific | The Guardian from The Guardian
2025-12-01 12:49:06,700 - INFO - [BBC] Article: https://www.bbc.com/news/articles/c075zd0j2j3o?at_medium=RSS&at_campaign=rss
2025-12-01 12:49:06,700 - INFO - [BBC] Attempt 1/1: Trying with 'requests_browser' strategy...
2025-12-01 12:49:06,869 - INFO - [BBC] Success with 'requests_browser'. Found content (316 words).
2025-12-01 12:49:07,170 - INFO - Duplicate article skipped: Couple accused of cheating with spycam to win A$1.2m in Australian casino from BBC
2025-12-01 12:49:07,172 - INFO - [The Guardian] Article: https://www.theguardian.com/news/2025/dec/01/hong-kong-arrests-manslaughter-apartment-fires
2025-12-01 12:49:07,172 - INFO - [The Guardian] Attempt 1/1: Trying with 'requests_browser' strategy...
2025-12-01 12:49:07,364 - INFO - [The Guardian] Success with 'requests_browser'. Found content (763 words).
2025-12-01 12:49:07,764 - INFO - Saved article: Hong Kong arrests 13 on suspicion of manslaughter over apartment fires | Hong Kong apartment fires | The Guardian from The Guardian
2025-12-01 12:49:07,821 - INFO - [BBC] Article: https://www.bbc.com/news/articles/c4gv76r5qpvo?at_medium=RSS&at_campaign=rss
2025-12-01 12:49:07,821 - INFO - [BBC] Attempt 1/1: Trying with 'requests_browser' strategy...
2025-12-01 12:49:08,096 - INFO - [BBC] Success with 'requests_browser'. Found content (647 words).
2025-12-01 12:49:08,535 - INFO - Duplicate article skipped: Benjamin Netanyahu seeks pardon from Israel's president from BBC
2025-12-01 12:49:09,015 - INFO - [The Hindu] Page content loaded.
2025-12-01 12:49:09,094 - INFO - [The Guardian] Article: https://www.theguardian.com/world/2025/nov/30/indonesia-thailand-floods
2025-12-01 12:49:09,094 - INFO - [The Guardian] Attempt 1/1: Trying with 'requests_browser' strategy...
2025-12-01 12:49:09,428 - INFO - [The Guardian] Success with 'requests_browser'. Found content (998 words).
2025-12-01 12:49:09,799 - INFO - [BBC] Article: https://www.bbc.com/news/articles/c79x8x82gy4o?at_medium=RSS&at_campaign=rss
2025-12-01 12:49:09,800 - INFO - [BBC] Attempt 1/1: Trying with 'requests_browser' strategy...
2025-12-01 12:49:10,090 - INFO - Duplicate article skipped: Death toll passes 900 in Indonesia, Thailand and Sri Lanka floods | Extreme weather | The Guardian from The Guardian
2025-12-01 12:49:10,273 - INFO - [BBC] Success with 'requests_browser'. Found content (518 words).
2025-12-01 12:49:10,681 - INFO - Duplicate article skipped: Ludwig Minelli: Dignitas founder dies by assisted suicide aged 92, group says from BBC
2025-12-01 12:49:11,339 - INFO - [The Guardian] Article: https://www.theguardian.com/world/2025/nov/30/hong-kong-mourns-as-apartment-blaze-death-toll-rises
2025-12-01 12:49:11,339 - INFO - [The Guardian] Attempt 1/1: Trying with 'requests_browser' strategy...
2025-12-01 12:49:11,785 - INFO - [The Guardian] Success with 'requests_browser'. Found content (697 words).
2025-12-01 12:49:11,824 - INFO - [BBC] Article: https://www.bbc.com/news/articles/cp34yk7z6yxo?at_medium=RSS&at_campaign=rss
2025-12-01 12:49:11,824 - INFO - [BBC] Attempt 1/1: Trying with 'requests_browser' strategy...
2025-12-01 12:49:12,408 - INFO - [BBC] Success with 'requests_browser'. Found content (713 words).
2025-12-01 12:49:12,595 - INFO - Duplicate article skipped: Hong Kong mourns as apartment fire death toll rises to 146 | Hong Kong apartment fires | The Guardian from The Guardian
2025-12-01 12:49:12,958 - INFO - Duplicate article skipped: Hong Kong fire: Death toll rises to 146 as thousands pay their respects from BBC
2025-12-01 12:49:13,372 - INFO - [The Hindu] Success with 'selenium_browser'. Found content (911 words).
2025-12-01 12:49:13,474 - INFO - [The Guardian] Article: https://www.theguardian.com/australia-news/2025/dec/01/labor-rejects-standalone-ai-legislation-with-plan-that-offers-to-help-unlock-public-and-private-data
2025-12-01 12:49:13,474 - INFO - [The Guardian] Attempt 1/1: Trying with 'requests_browser' strategy...
2025-12-01 12:49:13,784 - INFO - [The Guardian] Success with 'requests_browser'. Found content (668 words).
2025-12-01 12:49:14,011 - INFO - [BBC] Article: https://www.bbc.com/news/articles/cp9ky5z2gx0o?at_medium=RSS&at_campaign=rss
2025-12-01 12:49:14,011 - INFO - [BBC] Attempt 1/1: Trying with 'requests_browser' strategy...
2025-12-01 12:49:14,333 - INFO - Saved article: PM-led panel to meet on Dec 10 to select Chief Information Commissioner: Centre to SC - The Hindu from The Hindu
2025-12-01 12:49:14,548 - INFO - [BBC] Success with 'requests_browser'. Found content (508 words).
2025-12-01 12:49:14,590 - INFO - Saved article: Labor rejects standalone AI legislation with plan that offers to help ‘unlock’ public and private data | Australian politics | The Guardian from The Guardian
2025-12-01 12:49:14,983 - INFO - Duplicate article skipped: Ukraine hits tankers in Black Sea in escalation against Russia from BBC
2025-12-01 12:49:15,480 - INFO - [The Guardian] Article: https://www.theguardian.com/environment/2025/dec/01/australia-could-miss-clean-energy-target-as-solar-and-wind-investment-slumps-investors-warn
2025-12-01 12:49:15,480 - INFO - [The Guardian] Attempt 1/1: Trying with 'requests_browser' strategy...
2025-12-01 12:49:15,696 - INFO - [BBC] Article: https://www.bbc.com/news/articles/cvg81p61dnmo?at_medium=RSS&at_campaign=rss
2025-12-01 12:49:15,700 - INFO - [BBC] Attempt 1/1: Trying with 'requests_browser' strategy...
2025-12-01 12:49:15,698 - INFO - [The Guardian] Success with 'requests_browser'. Found content (656 words).
2025-12-01 12:49:15,798 - INFO - [The Hindu] Article: https://www.thehindu.com/news/national/telangana/hyderabad-ocean-research-resilience-in-focus-as-iiosc-2025-opens-in-incois/article70344969.ece
2025-12-01 12:49:15,798 - INFO - [The Hindu] Attempt 1/1: Trying with 'selenium_browser' strategy...
2025-12-01 12:49:16,943 - INFO - [BBC] Success with 'requests_browser'. Found content (506 words).
2025-12-01 12:49:17,102 - INFO - Saved article: Australia could miss clean energy target as solar and wind investment slumps, investors warn | Renewable energy | The Guardian from The Guardian
2025-12-01 12:49:17,469 - INFO - Duplicate article skipped: Three children among four killed in Stockton, California shooting from BBC
2025-12-01 12:49:17,816 - INFO - [The Guardian] Article: https://www.theguardian.com/australia-news/2025/dec/01/australian-woman-67-suspected-to-have-died-while-sailing-in-mozambique-channel
2025-12-01 12:49:17,816 - INFO - [The Guardian] Attempt 1/1: Trying with 'requests_browser' strategy...
2025-12-01 12:49:17,996 - INFO - [The Guardian] Success with 'requests_browser'. Found content (612 words).
2025-12-01 12:49:18,255 - INFO - Saved article: Australian woman, 67, suspected to have died while sailing in Mozambique channel | Australia news | The Guardian from The Guardian
2025-12-01 12:49:18,918 - INFO - [BBC] Article: https://www.bbc.com/news/articles/c741mpdyw9no?at_medium=RSS&at_campaign=rss
2025-12-01 12:49:18,918 - INFO - [BBC] Attempt 1/1: Trying with 'requests_browser' strategy...
2025-12-01 12:49:19,003 - INFO - [BBC] Success with 'requests_browser'. Found content (516 words).
2025-12-01 12:49:19,118 - INFO - Duplicate article skipped: Venezuela calls Trump airspace closure warning 'colonialist threat' from BBC
2025-12-01 12:49:19,158 - INFO - [The Guardian] Article: https://www.theguardian.com/australia-news/2025/dec/01/mental-health-warning-issued-for-weight-loss-drugs-including-ozempic-in-australia
2025-12-01 12:49:19,158 - INFO - [The Guardian] Attempt 1/1: Trying with 'requests_browser' strategy...
2025-12-01 12:49:19,330 - INFO - [The Guardian] Success with 'requests_browser'. Found content (676 words).
2025-12-01 12:49:19,626 - INFO - Saved article: Australia’s drug regulator issues mental health warning for weight-loss drugs including Ozempic | Health | The Guardian from The Guardian
2025-12-01 12:49:19,777 - INFO - [BBC] Article: https://www.bbc.com/news/articles/c8e97kl240lo?at_medium=RSS&at_campaign=rss
2025-12-01 12:49:19,777 - INFO - [BBC] Attempt 1/1: Trying with 'requests_browser' strategy...
2025-12-01 12:49:19,931 - INFO - [BBC] Success with 'requests_browser'. Found content (324 words).
2025-12-01 12:49:20,169 - INFO - Duplicate article skipped: More than 70,000 killed in Gaza since Israel offensive began, Hamas-run health ministry says from BBC
2025-12-01 12:49:20,850 - INFO - [The Guardian] Article: https://www.theguardian.com/australia-news/live/2025/dec/01/australia-news-live-greens-gas-export-tax-cost-of-living-house-prices-interest-rates-reserve-bank-inflation-newcastle-rising-tide-coal-labor-coalition-ntwnfb
2025-12-01 12:49:20,851 - INFO - [The Guardian] Attempt 1/1: Trying with 'requests_browser' strategy...
2025-12-01 12:49:20,938 - INFO - [The Hindu] Page content loaded.
2025-12-01 12:49:21,159 - INFO - [BBC] Article: https://www.bbc.com/news/articles/c93wnyxjkxko?at_medium=RSS&at_campaign=rss
2025-12-01 12:49:21,159 - INFO - [BBC] Attempt 1/1: Trying with 'requests_browser' strategy...
2025-12-01 12:49:21,306 - INFO - [BBC] Success with 'requests_browser'. Found content (309 words).
2025-12-01 12:49:21,378 - INFO - [The Guardian] Success with 'requests_browser'. Found content (1437 words).
2025-12-01 12:49:21,558 - INFO - Duplicate article skipped: French farm has €90,000 worth of escargot snails stolen from BBC
2025-12-01 12:49:21,890 - INFO - Duplicate article skipped: More than 20 taken to hospital after Melbourne carbon monoxide leak – as it happened | Australia news | The Guardian from The Guardian
2025-12-01 12:49:22,443 - INFO - [BBC] Article: https://www.bbc.com/news/articles/cp39yw120kdo?at_medium=RSS&at_campaign=rss
2025-12-01 12:49:22,443 - INFO - [BBC] Attempt 1/1: Trying with 'requests_browser' strategy...
2025-12-01 12:49:22,679 - INFO - [BBC] Success with 'requests_browser'. Found content (376 words).
2025-12-01 12:49:22,874 - INFO - [The Guardian] Article: https://www.theguardian.com/world/live/2025/dec/01/zelenskyy-macron-us-ukraine-russia-steve-witkoff-jared-kushner-moscow-europe-live-latest-news-updates
2025-12-01 12:49:22,874 - INFO - [The Guardian] Attempt 1/1: Trying with 'requests_browser' strategy...
2025-12-01 12:49:23,113 - INFO - Duplicate article skipped: The Wiggles issue statement after appearing in Ecstasy music video from BBC
2025-12-01 12:49:23,371 - INFO - [The Hindu] Success with 'selenium_browser'. Found content (242 words).
2025-12-01 12:49:23,402 - INFO - [Times of India] Page content loaded.
2025-12-01 12:49:23,834 - INFO - Saved article: Hyderabad: Ocean research, resilience in focus as IIOSC-2025 opens in INCOIS - The Hindu from The Hindu
2025-12-01 12:49:23,834 - INFO - [The Guardian] Success with 'requests_browser'. Found content (1942 words).
2025-12-01 12:49:24,281 - INFO - [BBC] Article: https://www.bbc.com/news/articles/c4gp917zr8no?at_medium=RSS&at_campaign=rss
2025-12-01 12:49:24,281 - INFO - [BBC] Attempt 1/1: Trying with 'requests_browser' strategy...
2025-12-01 12:49:24,346 - INFO - Saved article: Zelenskyy meets with Macron, as US negotiators Steve Witkoff and Jared Kushner head to Moscow – Europe live | Ukraine | The Guardian from The Guardian
2025-12-01 12:49:24,635 - INFO - [BBC] Success with 'requests_browser'. Found content (355 words).
2025-12-01 12:49:24,936 - INFO - Duplicate article skipped: Pope Leo visits Istanbul's Blue Mosque from BBC
2025-12-01 12:49:24,992 - INFO - [Times of India] Success with 'selenium_browser'. Found content (381 words).
2025-12-01 12:49:25,147 - INFO - [The Hindu] Article: https://www.thehindu.com/news/national/telangana/revanth-reddy-urges-hudco-to-grant-loans-at-low-interest-rates/article70345029.ece
2025-12-01 12:49:25,147 - INFO - [The Hindu] Attempt 1/1: Trying with 'selenium_browser' strategy...
2025-12-01 12:49:25,526 - INFO - [The Guardian] Article: https://www.theguardian.com/world/2025/dec/01/polish-german-leaders-meet-tensions-ukraine
2025-12-01 12:49:25,526 - INFO - [The Guardian] Attempt 1/1: Trying with 'requests_browser' strategy...
2025-12-01 12:49:25,684 - INFO - Saved article: Man who beheaded Indin-origin motel owner in Texas won't face death penalty; prosecution goes soft on Cuban murderer - The Times of India from Times of India
2025-12-01 12:49:25,752 - INFO - [The Guardian] Success with 'requests_browser'. Found content (1185 words).
2025-12-01 12:49:25,879 - INFO - Saved article: Old tensions simmer just below surface as Tusk and Merz to meet in Berlin | Poland | The Guardian from The Guardian
2025-12-01 12:49:26,113 - INFO - [BBC] Article: https://www.bbc.com/news/articles/ce865kpdzz8o?at_medium=RSS&at_campaign=rss
2025-12-01 12:49:26,113 - INFO - [BBC] Attempt 1/1: Trying with 'requests_browser' strategy...
2025-12-01 12:49:26,628 - INFO - [Times of India] Article: https://timesofindia.indiatimes.com/world/us/cory-booker-weds-alexis-lewis-decoding-the-homosexuality-rumours-that-have-persisted-for-long/articleshow/125694311.cms
2025-12-01 12:49:26,628 - INFO - [Times of India] Attempt 1/1: Trying with 'selenium_browser' strategy...
2025-12-01 12:49:26,645 - INFO - [BBC] Success with 'requests_browser'. Found content (356 words).
2025-12-01 12:49:26,664 - INFO - [The Guardian] Article: https://www.theguardian.com/world/2025/dec/01/harassment-and-hate-forcing-women-out-of-swedish-politics
2025-12-01 12:49:26,664 - INFO - [The Guardian] Attempt 1/1: Trying with 'requests_browser' strategy...
2025-12-01 12:49:26,981 - INFO - [The Guardian] Success with 'requests_browser'. Found content (1050 words).
2025-12-01 12:49:26,992 - INFO - [The Hindu] Page content loaded.
2025-12-01 12:49:26,996 - INFO - Duplicate article skipped: Australian prime minister Albanese becomes first to wed in office from BBC
2025-12-01 12:49:27,214 - INFO - Saved article: Rising levels of hate forcing women out of Swedish public life, says equality agency | Sweden | The Guardian from The Guardian
2025-12-01 12:49:27,276 - INFO - [The Hindu] Success with 'selenium_browser'. Found content (259 words).
2025-12-01 12:49:27,514 - INFO - [BBC] Article: https://www.bbc.com/news/articles/cx2gylngx7go?at_medium=RSS&at_campaign=rss
2025-12-01 12:49:27,515 - INFO - [BBC] Attempt 1/1: Trying with 'requests_browser' strategy...
2025-12-01 12:49:27,781 - INFO - Saved article: Revanth Reddy urges HUDCO to grant loans at low interest rates - The Hindu from The Hindu
2025-12-01 12:49:27,827 - INFO - [BBC] Success with 'requests_browser'. Found content (625 words).
2025-12-01 12:49:28,099 - INFO - [The Guardian] Article: https://www.theguardian.com/world/2025/nov/30/ukrainian-and-us-officials-talks-florida-russia-war
2025-12-01 12:49:28,099 - INFO - [The Guardian] Attempt 1/1: Trying with 'requests_browser' strategy...
2025-12-01 12:49:28,343 - INFO - Duplicate article skipped: Russian strikes cause power outages for more than 600,000 in Ukraine from BBC
2025-12-01 12:49:28,535 - INFO - [The Guardian] Success with 'requests_browser'. Found content (1192 words).
2025-12-01 12:49:29,025 - INFO - Duplicate article skipped: Ukrainian and US officials meet in Florida to discuss proposals to end Russia’s war | Ukraine | The Guardian from The Guardian
2025-12-01 12:49:29,153 - INFO - [The Hindu] Article: https://www.thehindu.com/news/national/telangana/cm-revanth-reddy-wants-quality-standards-in-medaram-development-works/article70344928.ece
2025-12-01 12:49:29,153 - INFO - [The Hindu] Attempt 1/1: Trying with 'selenium_browser' strategy...
2025-12-01 12:49:29,718 - INFO - [BBC] Article: https://www.bbc.com/news/articles/c4gp9d28p74o?at_medium=RSS&at_campaign=rss
2025-12-01 12:49:29,718 - INFO - [BBC] Attempt 1/1: Trying with 'requests_browser' strategy...
2025-12-01 12:49:29,841 - INFO - [The Guardian] Article: https://www.theguardian.com/society/2025/nov/30/dignitas-founder-ludwig-minelli-assisted-death
2025-12-01 12:49:29,842 - INFO - [The Guardian] Attempt 1/1: Trying with 'requests_browser' strategy...
2025-12-01 12:49:30,141 - INFO - [BBC] Success with 'requests_browser'. Found content (430 words).
2025-12-01 12:49:30,150 - INFO - [The Guardian] Success with 'requests_browser'. Found content (527 words).
2025-12-01 12:49:30,451 - INFO - Duplicate article skipped: Airbus: Flights resume as normal after software update warning from BBC
2025-12-01 12:49:30,639 - INFO - Duplicate article skipped: Dignitas founder ends his own life through assisted death | Assisted dying | The Guardian from The Guardian
2025-12-01 12:49:32,816 - INFO - [The Hindu] Page content loaded.
2025-12-01 12:49:33,094 - INFO - [The Hindu] Success with 'selenium_browser'. Found content (233 words).
2025-12-01 12:49:33,432 - INFO - Saved article: CM Revanth Reddy wants quality standards in Medaram development works - The Hindu from The Hindu
2025-12-01 12:49:34,710 - INFO - [The Hindu] Article: https://www.thehindu.com/news/national/on-bhopal-gas-tragedy-eve-survivors-groups-slam-bjp-over-denial-of-justice/article70345305.ece
2025-12-01 12:49:34,710 - INFO - [The Hindu] Attempt 1/1: Trying with 'selenium_browser' strategy...
2025-12-01 12:49:39,179 - INFO - [The Hindu] Page content loaded.
2025-12-01 12:49:39,428 - INFO - [The Hindu] Success with 'selenium_browser'. Found content (514 words).
2025-12-01 12:49:39,985 - INFO - Saved article: On Bhopal gas tragedy eve, survivors' groups slam BJP over 'denial' of justice - The Hindu from The Hindu
2025-12-01 12:49:40,939 - INFO - [The Hindu] Article: https://www.thehindu.com/news/national/tamil-nadu/coimbatore-burglaries-arrested-trio-from-up-planned-more-loot-reserved-ac-train-tickets-for-return-say-police/article70345000.ece
2025-12-01 12:49:40,939 - INFO - [The Hindu] Attempt 1/1: Trying with 'selenium_browser' strategy...
2025-12-01 12:49:46,458 - INFO - [The Hindu] Page content loaded.
2025-12-01 12:49:46,684 - INFO - [The Hindu] Success with 'selenium_browser'. Found content (564 words).
2025-12-01 12:49:46,794 - INFO - Saved article: Coimbatore burglaries: Arrested trio from U.P. planned more loot, reserved AC train tickets for return, say police - The Hindu from The Hindu
2025-12-01 12:49:48,095 - INFO - [The Hindu] Article: https://www.thehindu.com/news/national/karnataka/karnataka-leadership-tussle-round-two-of-breakfast-meeting-between-cm-dcm-on-december-2/article70345206.ece
2025-12-01 12:49:48,095 - INFO - [The Hindu] Attempt 1/1: Trying with 'selenium_browser' strategy...
2025-12-01 12:49:52,096 - INFO - [The Hindu] Page content loaded.
2025-12-01 12:49:52,338 - INFO - [The Hindu] Success with 'selenium_browser'. Found content (307 words).
2025-12-01 12:49:52,427 - INFO - Saved article: Karnataka leadership tussle: Round Two of breakfast meeting between CM, DCM on December 2 - The Hindu from The Hindu
2025-12-01 12:49:53,353 - INFO - [The Hindu] Article: https://www.thehindu.com/news/cities/Delhi/traffic-not-stubble-behind-daily-pollution-spikes-in-delhi-study/article70345234.ece
2025-12-01 12:49:53,353 - INFO - [The Hindu] Attempt 1/1: Trying with 'selenium_browser' strategy...
2025-12-01 12:49:54,568 - INFO - [The Hindu] Page content loaded.
2025-12-01 12:49:54,692 - INFO - [The Hindu] Success with 'selenium_browser'. Found content (740 words).
2025-12-01 12:49:54,846 - INFO - Saved article: Traffic, not stubble, behind daily pollution spikes in Delhi: Study - The Hindu from The Hindu
2025-12-01 12:49:56,263 - INFO - [The Hindu] Article: https://www.thehindu.com/news/national/govt-considering-legislative-amendments-to-push-private-investments-in-nuclear-space-shripad-naik/article70345174.ece
2025-12-01 12:49:56,263 - INFO - [The Hindu] Attempt 1/1: Trying with 'selenium_browser' strategy...
2025-12-01 12:49:57,571 - INFO - [The Hindu] Page content loaded.
2025-12-01 12:49:57,780 - INFO - [The Hindu] Success with 'selenium_browser'. Found content (250 words).
2025-12-01 12:49:57,932 - INFO - Saved article: Govt considering legislative amendments to push private investments in nuclear space: Shripad Naik - The Hindu from The Hindu
2025-12-01 12:49:59,131 - INFO - [The Hindu] Article: https://www.thehindu.com/news/national/west-bengal/sir-exercise-phase-2-bjp-delegation-visits-bengals-chief-electoral-officer/article70345028.ece
2025-12-01 12:49:59,131 - INFO - [The Hindu] Attempt 1/1: Trying with 'selenium_browser' strategy...
2025-12-01 12:50:04,933 - INFO - [The Hindu] Page content loaded.
2025-12-01 12:50:05,072 - INFO - [The Hindu] Success with 'selenium_browser'. Found content (184 words).
2025-12-01 12:50:05,188 - INFO - Saved article: SIR exercise Phase-2: BJP delegation visits Bengal’s Chief Electoral Officer - The Hindu from The Hindu
2025-12-01 12:50:05,915 - INFO - [The Hindu] Article: https://www.thehindu.com/news/national/government-not-averse-to-taking-up-discussion-on-sir-electoral-reforms-says-kiren-rijiju/article70345168.ece
2025-12-01 12:50:05,915 - INFO - [The Hindu] Attempt 1/1: Trying with 'selenium_browser' strategy...
2025-12-01 12:50:08,745 - INFO - [The Hindu] Page content loaded.
2025-12-01 12:50:08,804 - INFO - [The Hindu] Success with 'selenium_browser'. Found content (514 words).
2025-12-01 12:50:08,885 - INFO - Saved article: Government not averse to taking up discussion on SIR, electoral reforms, says Kiren Rijiju - The Hindu from The Hindu
2025-12-01 12:50:09,412 - INFO - [The Hindu] Article: https://www.thehindu.com/news/cities/chennai/srinivasan-periathiruvadi-the-doctor-from-tamil-nadu-who-found-his-calling-in-photography-in-the-himalayan-terrain/article70335631.ece
2025-12-01 12:50:09,412 - INFO - [The Hindu] Attempt 1/1: Trying with 'selenium_browser' strategy...
2025-12-01 12:50:12,403 - INFO - [The Hindu] Page content loaded.
2025-12-01 12:50:13,132 - INFO - [The Hindu] Success with 'selenium_browser'. Found content (539 words).
2025-12-01 12:50:13,247 - INFO - Saved article: Tamil Nadu: This doctor found his calling in photography in the Himalayan terrain - The Hindu from The Hindu
2025-12-01 12:50:14,255 - INFO - [The Hindu] Article: https://www.thehindu.com/news/national/uttar-pradesh/beef-in-buffet-triggers-row-at-aligarh-wedding-samples-sent-for-forensic-test/article70344987.ece
2025-12-01 12:50:14,255 - INFO - [The Hindu] Attempt 1/1: Trying with 'selenium_browser' strategy...
2025-12-01 12:50:17,368 - INFO - [The Hindu] Page content loaded.
2025-12-01 12:50:18,255 - INFO - [The Hindu] Success with 'selenium_browser'. Found content (234 words).
2025-12-01 12:50:18,338 - INFO - Saved article: 'Beef' in buffet triggers row at Aligarh wedding; samples sent for forensic test - The Hindu from The Hindu
2025-12-01 12:50:19,016 - INFO - [The Hindu] Article: https://www.thehindu.com/news/national/kerala/gcto-accuses-kannur-university-of-violating-norms-by-fixing-exams-on-saturdays/article70344933.ece
2025-12-01 12:50:19,017 - INFO - [The Hindu] Attempt 1/1: Trying with 'selenium_browser' strategy...
2025-12-01 12:50:22,307 - INFO - [The Hindu] Page content loaded.
2025-12-01 12:50:22,506 - INFO - [The Hindu] Success with 'selenium_browser'. Found content (226 words).
2025-12-01 12:50:23,004 - INFO - Saved article: GCTO accuses Kannur University of violating norms by fixing exams on Saturdays - The Hindu from The Hindu
2025-12-01 12:50:24,377 - INFO - [The Hindu] Article: https://www.thehindu.com/news/national/karnataka/rohigya-refugee-and-rape-victim-lives-in-fear-in-bengaluru/article70330312.ece
2025-12-01 12:50:24,377 - INFO - [The Hindu] Attempt 1/1: Trying with 'selenium_browser' strategy...
2025-12-01 12:50:25,591 - INFO - [The Hindu] Page content loaded.
2025-12-01 12:50:25,777 - INFO - [The Hindu] Success with 'selenium_browser'. Found content (411 words).
2025-12-01 12:50:25,926 - INFO - Saved article: Rohigya refugee and rape victim lives in fear in Bengaluru - The Hindu from The Hindu
2025-12-01 12:50:26,476 - INFO - [The Hindu] Article: https://www.thehindu.com/news/national/west-bengal/mp-abhishek-banerjee-hits-back-at-prime-minister-narendra-modi/article70344877.ece
2025-12-01 12:50:26,476 - INFO - [The Hindu] Attempt 1/1: Trying with 'selenium_browser' strategy...
2025-12-01 12:50:26,702 - ERROR - [Times of India] Request failed for strategy 'selenium_browser' on URL https://timesofindia.indiatimes.com/world/us/cory-booker-weds-alexis-lewis-decoding-the-homosexuality-rumours-that-have-persisted-for-long/articleshow/125694311.cms: Message: timeout: Timed out receiving message from renderer: 59.491
  (Session info: chrome=142.0.7444.162)
Stacktrace:
#0 0x55741d07232a <unknown>
#1 0x55741cabee4b <unknown>
#2 0x55741caa6e0d <unknown>
#3 0x55741caa6af0 <unknown>
#4 0x55741caa48ff <unknown>
#5 0x55741caa527f <unknown>
#6 0x55741cab3ca3 <unknown>
#7 0x55741cacd601 <unknown>
#8 0x55741cad3e0b <unknown>
#9 0x55741caa59bd <unknown>
#10 0x55741cacd3a7 <unknown>
#11 0x55741cb5e170 <unknown>
#12 0x55741cb03c1a <unknown>
#13 0x55741cb04921 <unknown>
#14 0x55741d039239 <unknown>
#15 0x55741d03c1e8 <unknown>
#16 0x55741d0224c9 <unknown>
#17 0x55741d03cdb5 <unknown>
#18 0x55741d009e93 <unknown>
#19 0x55741d05f098 <unknown>
#20 0x55741d05f273 <unknown>
#21 0x55741d0712c3 <unknown>
#22 0x7f4c40e9caa4 <unknown>
#23 0x7f4c40f29c6c <unknown>

2025-12-01 12:50:26,702 - ERROR - [Times of India] All scrape strategies failed for https://timesofindia.indiatimes.com/world/us/cory-booker-weds-alexis-lewis-decoding-the-homosexuality-rumours-that-have-persisted-for-long/articleshow/125694311.cms. Falling back to RSS description.
2025-12-01 12:50:26,716 - INFO - Saved article: Cory Booker weds Alexis Lewis: Decoding the homosexuality rumours that have persisted for long from Times of India
2025-12-01 12:50:28,034 - INFO - [Times of India] Article: https://timesofindia.indiatimes.com/world/us-streamers/nina-lin-accused-of-stealing-on-livestream-as-target-video-shocks-twitch-viewers/articleshow/125691021.cms
2025-12-01 12:50:28,034 - INFO - [Times of India] Attempt 1/1: Trying with 'selenium_browser' strategy...
2025-12-01 12:50:29,876 - INFO - [The Hindu] Page content loaded.
2025-12-01 12:50:30,241 - INFO - [The Hindu] Success with 'selenium_browser'. Found content (463 words).
2025-12-01 12:50:30,453 - INFO - Saved article: MP Abhishek Banerjee hits back at Prime Minister Narendra Modi - The Hindu from The Hindu
2025-12-01 12:50:31,943 - INFO - [The Hindu] Article: https://www.thehindu.com/news/cities/Delhi/untreated-sewage-missing-effluent-plants-key-reasons-for-yamunas-pollution-govt/article70344980.ece
2025-12-01 12:50:31,943 - INFO - [The Hindu] Attempt 1/1: Trying with 'selenium_browser' strategy...
2025-12-01 12:50:46,067 - INFO - [The Hindu] Page content loaded.
2025-12-01 12:50:46,179 - INFO - [Times of India] Page content loaded.
2025-12-01 12:50:46,280 - INFO - [The Hindu] Success with 'selenium_browser'. Found content (280 words).
2025-12-01 12:50:46,467 - INFO - Saved article: Untreated sewage, missing effluent plants key reasons for Yamuna's pollution: Govt - The Hindu from The Hindu
2025-12-01 12:50:46,552 - INFO - [Times of India] Success with 'selenium_browser'. Found content (417 words).
2025-12-01 12:50:46,671 - INFO - Saved article: Nina Lin accused of stealing on livestream as Target video shocks Twitch viewers - The Times of India from Times of India
2025-12-01 12:50:47,638 - INFO - [The Hindu] Article: https://www.thehindu.com/news/national/kerala/more-details-of-financial-mismanagement-in-kerala-bjp-controlled-cooperative-society-surface/article70344963.ece
2025-12-01 12:50:47,638 - INFO - [The Hindu] Attempt 1/1: Trying with 'selenium_browser' strategy...
2025-12-01 12:50:47,719 - INFO - [Times of India] Article: https://timesofindia.indiatimes.com/world/us/elon-musks-indian-origin-beta-sekhar-a-cheatsheet-to-the-desi-heir-to-tesla-ceos-fortune/articleshow/125691176.cms
2025-12-01 12:50:47,719 - INFO - [Times of India] Attempt 1/1: Trying with 'selenium_browser' strategy...
2025-12-01 12:50:51,221 - INFO - [The Hindu] Page content loaded.
2025-12-01 12:50:51,451 - INFO - [The Hindu] Success with 'selenium_browser'. Found content (359 words).
2025-12-01 12:50:51,785 - INFO - Saved article: More details of financial mismanagement in Kerala BJP-controlled cooperative society surface - The Hindu from The Hindu
2025-12-01 12:50:52,370 - INFO - [The Hindu] Article: https://www.thehindu.com/news/national/maharashtra/maharashtra-local-elections-on-december-2-amid-friendly-fights-alliance-strain-legal-tangles/article70344894.ece
2025-12-01 12:50:52,370 - INFO - [The Hindu] Attempt 1/1: Trying with 'selenium_browser' strategy...
2025-12-01 12:51:02,924 - INFO - [Times of India] Page content loaded.
2025-12-01 12:51:03,329 - INFO - [Times of India] Success with 'selenium_browser'. Found content (1012 words).
2025-12-01 12:51:03,519 - INFO - Saved article: Elon Musk's Indian-origin 'beta' Sekhar: A cheatsheet to the desi 'heir' to Tesla CEO's fortune | World News - The Times of India from Times of India
2025-12-01 12:51:04,468 - INFO - [Times of India] Article: https://timesofindia.indiatimes.com/world/south-asia/corruption-charges-bangladesh-court-convicts-sheikh-hasina-to-5-year-jail-niece-tulip-siddiq-for-2-years/articleshow/125688818.cms
2025-12-01 12:51:04,468 - INFO - [Times of India] Attempt 1/1: Trying with 'selenium_browser' strategy...
2025-12-01 12:51:05,964 - INFO - [Times of India] Page content loaded.
2025-12-01 12:51:06,495 - INFO - [Times of India] Success with 'selenium_browser'. Found content (421 words).
2025-12-01 12:51:06,749 - INFO - Saved article: Corruption charges: Bangladesh court convicts Sheikh Hasina to 5-year jail; niece Tulip Siddiq for 2 years - The Times of India from Times of India
2025-12-01 12:51:07,545 - INFO - [Times of India] Article: https://timesofindia.indiatimes.com/world/europe/honour-killing-18-year-old-dutch-girl-drowned-for-western-behaviour-father-two-brothers-on-trial/articleshow/125688663.cms
2025-12-01 12:51:07,545 - INFO - [Times of India] Attempt 1/1: Trying with 'selenium_browser' strategy...
2025-12-01 12:51:21,280 - INFO - [Times of India] Page content loaded.
2025-12-01 12:51:21,569 - INFO - [Times of India] Success with 'selenium_browser'. Found content (295 words).
2025-12-01 12:51:21,791 - INFO - Saved article: Honour killing: 18-year-old Dutch girl drowned for 'Western behaviour'; father, two brothers on trial - The Times of India from Times of India
2025-12-01 12:51:22,836 - INFO - [Times of India] Article: https://timesofindia.indiatimes.com/world/china/china-japan-tensions-flare-singer-maki-otsukis-concert-abruptly-stopped-in-shanghai-watch/articleshow/125687227.cms
2025-12-01 12:51:22,836 - INFO - [Times of India] Attempt 1/1: Trying with 'selenium_browser' strategy...
2025-12-01 12:51:24,778 - INFO - [Times of India] Page content loaded.
2025-12-01 12:51:25,151 - INFO - [Times of India] Success with 'selenium_browser'. Found content (265 words).
2025-12-01 12:51:25,368 - INFO - Saved article: China-Japan tensions flare: Singer Maki Otsuki's concert abruptly stopped in Shanghai — watch - The Times of India from Times of India
2025-12-01 12:51:26,786 - INFO - [Times of India] Article: https://timesofindia.indiatimes.com/world/middle-east/qatar-upgrades-hayya-visa-gcc-residents-now-get-2-month-multiple-entry-stay/articleshow/125686903.cms
2025-12-01 12:51:26,786 - INFO - [Times of India] Attempt 1/1: Trying with 'selenium_browser' strategy...
2025-12-01 12:51:32,641 - INFO - [Times of India] Page content loaded.
2025-12-01 12:51:32,999 - INFO - [Times of India] Success with 'selenium_browser'. Found content (619 words).
2025-12-01 12:51:33,200 - INFO - Saved article: Qatar upgrades Hayya Visa: GCC residents now get 2-month, multiple-entry stay | World News - The Times of India from Times of India
2025-12-01 12:51:34,079 - INFO - [Times of India] Article: https://timesofindia.indiatimes.com/world/us/high-probability-elon-musk-suggests-our-reality-may-be-a-simulation-cites-rapid-evolution-of-video-games/articleshow/125684880.cms
2025-12-01 12:51:34,079 - INFO - [Times of India] Attempt 1/1: Trying with 'selenium_browser' strategy...
2025-12-01 12:51:52,411 - ERROR - [The Hindu] Request failed for strategy 'selenium_browser' on URL https://www.thehindu.com/news/national/maharashtra/maharashtra-local-elections-on-december-2-amid-friendly-fights-alliance-strain-legal-tangles/article70344894.ece: Message: timeout: Timed out receiving message from renderer: 59.899
  (Session info: chrome=142.0.7444.162)
Stacktrace:
#0 0x55b5e305d32a <unknown>
#1 0x55b5e2aa9e4b <unknown>
#2 0x55b5e2a91e0d <unknown>
#3 0x55b5e2a91af0 <unknown>
#4 0x55b5e2a8f8ff <unknown>
#5 0x55b5e2a9027f <unknown>
#6 0x55b5e2a9eca3 <unknown>
#7 0x55b5e2ab8601 <unknown>
#8 0x55b5e2abee0b <unknown>
#9 0x55b5e2a909bd <unknown>
#10 0x55b5e2ab83a7 <unknown>
#11 0x55b5e2b49170 <unknown>
#12 0x55b5e2aeec1a <unknown>
#13 0x55b5e2aef921 <unknown>
#14 0x55b5e3024239 <unknown>
#15 0x55b5e30271e8 <unknown>
#16 0x55b5e300d4c9 <unknown>
#17 0x55b5e3027db5 <unknown>
#18 0x55b5e2ff4e93 <unknown>
#19 0x55b5e304a098 <unknown>
#20 0x55b5e304a273 <unknown>
#21 0x55b5e305c2c3 <unknown>
#22 0x7f10bea9caa4 <unknown>
#23 0x7f10beb29c6c <unknown>

2025-12-01 12:51:52,411 - ERROR - [The Hindu] All scrape strategies failed for https://www.thehindu.com/news/national/maharashtra/maharashtra-local-elections-on-december-2-amid-friendly-fights-alliance-strain-legal-tangles/article70344894.ece. Falling back to RSS description.
2025-12-01 12:51:52,413 - INFO - Saved article: Maharashtra local elections on December 2 amid friendly fights, alliance strain, legal tangles from The Hindu
2025-12-01 12:51:53,384 - INFO - [The Hindu] Article: https://www.thehindu.com/news/national/those-sitting-inside-bite-congress-mp-renuka-chowdhury-on-row-over-bringing-rescued-stray-dog-to-parliament/article70344899.ece
2025-12-01 12:51:53,384 - INFO - [The Hindu] Attempt 1/1: Trying with 'selenium_browser' strategy...
2025-12-01 12:51:57,893 - INFO - [The Hindu] Page content loaded.
2025-12-01 12:51:58,133 - INFO - [The Hindu] Success with 'selenium_browser'. Found content (323 words).
2025-12-01 12:51:58,309 - INFO - Saved article: Those sitting inside bite: Congress MP Renuka Chowdhury on row over bringing rescued stray dog to Parliament - The Hindu from The Hindu
2025-12-01 12:51:59,049 - INFO - [The Hindu] Article: https://www.thehindu.com/videos/cyclone-ditwah-massive-rainfall-pounds-tamil-nadu-andhra-pradesh-on-alert/article70344865.ece
2025-12-01 12:51:59,049 - INFO - [The Hindu] Attempt 1/1: Trying with 'selenium_browser' strategy...
2025-12-01 12:52:01,748 - INFO - [The Hindu] Page content loaded.
2025-12-01 12:52:02,000 - INFO - [The Hindu] Success with 'selenium_browser'. Found content (147 words).
2025-12-01 12:52:02,074 - INFO - Saved article: Cyclone Ditwah: Massive rainfall pounds Tamil Nadu, Andhra Pradesh on alert - The Hindu from The Hindu
2025-12-01 12:52:03,546 - INFO - [The Hindu] Article: https://www.thehindu.com/news/national/supreme-court-entrusts-cbi-with-pan-india-probe-into-digital-arrest-cases/article70344884.ece
2025-12-01 12:52:03,546 - INFO - [The Hindu] Attempt 1/1: Trying with 'selenium_browser' strategy...
2025-12-01 12:52:06,202 - INFO - [The Hindu] Page content loaded.
2025-12-01 12:52:06,406 - INFO - [The Hindu] Success with 'selenium_browser'. Found content (506 words).
2025-12-01 12:52:06,538 - INFO - Saved article: In an extraordinary move, Supreme Court unleashes CBI on ‘digital arrest’ scammers - The Hindu from The Hindu
2025-12-01 12:52:07,838 - INFO - [The Hindu] Article: https://www.thehindu.com/news/national/lok-sabha-passes-resolution-for-election-of-two-house-members-to-iisc-bengaluru-council/article70344845.ece
2025-12-01 12:52:07,838 - INFO - [The Hindu] Attempt 1/1: Trying with 'selenium_browser' strategy...
2025-12-01 12:52:10,512 - INFO - [The Hindu] Page content loaded.
2025-12-01 12:52:10,772 - INFO - [The Hindu] Success with 'selenium_browser'. Found content (167 words).
2025-12-01 12:52:11,097 - INFO - Saved article: Lok Sabha passes resolution for election of two House members to IISc Bengaluru Council - The Hindu from The Hindu
2025-12-01 12:52:11,668 - INFO - [The Hindu] Article: https://www.thehindu.com/news/national/kerala/key-accused-in-major-mdma-case-in-kerala-arrested-at-airport-while-attempting-to-flee-abroad/article70344855.ece
2025-12-01 12:52:11,668 - INFO - [The Hindu] Attempt 1/1: Trying with 'selenium_browser' strategy...
2025-12-01 12:52:14,357 - INFO - [The Hindu] Page content loaded.
2025-12-01 12:52:14,703 - INFO - [The Hindu] Success with 'selenium_browser'. Found content (248 words).
2025-12-01 12:52:15,068 - INFO - Saved article: Key accused in major MDMA case in Kerala arrested at airport while attempting to flee abroad - The Hindu from The Hindu
2025-12-01 12:52:15,791 - INFO - [The Hindu] Article: https://www.thehindu.com/news/national/bihar/bihar-18th-assembly-session-members-sworn-in-dec-1-2025/article70344830.ece
2025-12-01 12:52:15,791 - INFO - [The Hindu] Attempt 1/1: Trying with 'selenium_browser' strategy...
2025-12-01 12:52:18,428 - INFO - [The Hindu] Page content loaded.
2025-12-01 12:52:18,755 - INFO - [The Hindu] Success with 'selenium_browser'. Found content (500 words).
2025-12-01 12:52:19,029 - INFO - Saved article: 18th Bihar Assembly commences with swearing in of newly elected members - The Hindu from The Hindu
2025-12-01 12:52:19,940 - INFO - [The Hindu] (Thread) Finished. Attempting to shut down its Selenium driver.
2025-12-01 12:52:20,349 - INFO - [The Hindu] (Thread) driver.quit() successful.
2025-12-01 12:53:34,132 - ERROR - [Times of India] Request failed for strategy 'selenium_browser' on URL https://timesofindia.indiatimes.com/world/us/high-probability-elon-musk-suggests-our-reality-may-be-a-simulation-cites-rapid-evolution-of-video-games/articleshow/125684880.cms: HTTPConnectionPool(host='localhost', port=37411): Read timed out. (read timeout=120)
2025-12-01 12:53:34,132 - ERROR - [Times of India] All scrape strategies failed for https://timesofindia.indiatimes.com/world/us/high-probability-elon-musk-suggests-our-reality-may-be-a-simulation-cites-rapid-evolution-of-video-games/articleshow/125684880.cms. Falling back to RSS description.
2025-12-01 12:53:34,135 - INFO - Saved article: Musk suggests our reality may be a simulation; cites rapid evolution of video games from Times of India
2025-12-01 12:53:34,670 - INFO - [Times of India] Article: https://timesofindia.indiatimes.com/world/us-streamers/candace-owens-and-charlie-kirk-controversy-explained-inside-her-statements-on-erika-kirk-emmanuel-macron-and-mystery-around-his-death/articleshow/125661671.cms
2025-12-01 12:53:34,671 - INFO - [Times of India] Attempt 1/1: Trying with 'selenium_browser' strategy...
2025-12-01 12:55:34,766 - ERROR - [Times of India] Request failed for strategy 'selenium_browser' on URL https://timesofindia.indiatimes.com/world/us-streamers/candace-owens-and-charlie-kirk-controversy-explained-inside-her-statements-on-erika-kirk-emmanuel-macron-and-mystery-around-his-death/articleshow/125661671.cms: HTTPConnectionPool(host='localhost', port=37411): Read timed out. (read timeout=120)
2025-12-01 12:55:34,766 - ERROR - [Times of India] All scrape strategies failed for https://timesofindia.indiatimes.com/world/us-streamers/candace-owens-and-charlie-kirk-controversy-explained-inside-her-statements-on-erika-kirk-emmanuel-macron-and-mystery-around-his-death/articleshow/125661671.cms. Falling back to RSS description.
2025-12-01 12:55:34,768 - INFO - Saved article: Candace Owens and Charlie Kirk controversy explained: Inside her statements on Erika Kirk, Emmanuel Macron and mystery around his death from Times of India
2025-12-01 12:55:35,760 - INFO - [Times of India] Article: https://timesofindia.indiatimes.com/world/middle-east/kuwait-opens-first-geological-park-here-what-makes-it-worth-the-visit/articleshow/125685969.cms
2025-12-01 12:55:35,760 - INFO - [Times of India] Attempt 1/1: Trying with 'selenium_browser' strategy...
2025-12-01 12:55:52,334 - CRITICAL - --- TIMEOUT: 1 scrape jobs did not complete in 420s. ---
2025-12-01 12:55:52,334 - ERROR - A thread has timed out and will be abandoned.
2025-12-01 12:55:52,334 - INFO - Shutting down thread pool (wait=False)...
2025-12-01 12:55:52,334 - INFO - Scraped: 25 The Hindu, 7 BBC, 14 The Guardian, 1 Timed_Out_Jobs articles. (Total saved: 46)
2025-12-01 12:55:52,334 - INFO - --- Scraping job finished ---
2025-12-01 12:55:52,334 - INFO - --- Scraper service stopped and database connection closed. ---
2025-12-01 12:55:52,334 - INFO - --- Main thread finished. Forcing process exit to kill zombie threads. ---
