2026-01-23 12:53:22,489 - INFO - Initializing database connection at: news_articles.db
2026-01-23 12:53:22,489 - INFO - --- Scraper service started (CI Mode: Run Once) ---
2026-01-23 12:53:22,489 - INFO - --- Starting new scraping job (Parallel Mode) ---
2026-01-23 12:53:22,489 - INFO - Creating new robust session with 3 retries on 5xx/connection/read errors.
2026-01-23 12:53:22,489 - INFO - Proxy is DISABLED.
2026-01-23 12:53:22,489 - INFO - Starting scrape for BBC RSS feed: http://feeds.bbci.co.uk/news/world/rss.xml
2026-01-23 12:53:22,490 - INFO - [Times of India] (Thread) requires Selenium. Initializing driver...
2026-01-23 12:53:22,490 - INFO - Initializing headless Selenium Chrome driver (using SeleniumManager)...
2026-01-23 12:53:22,490 - INFO - Starting scrape for The Guardian RSS feed: https://www.theguardian.com/world/rss
2026-01-23 12:53:22,491 - INFO - [The Hindu] (Thread) requires Selenium. Initializing driver...
2026-01-23 12:53:22,493 - INFO - Submitted 4 jobs to thread pool. Waiting up to 420s for completion...
2026-01-23 12:53:22,494 - INFO - Initializing headless Selenium Chrome driver (using SeleniumManager)...
2026-01-23 12:53:22,582 - INFO - Found 45 articles in The Guardian RSS feed. Processing up to 25.
2026-01-23 12:53:22,582 - INFO - [The Guardian] Article: https://www.theguardian.com/world/2026/jan/23/guinea-bissau-hepatitis-b-vaccine-study
2026-01-23 12:53:22,582 - INFO - [The Guardian] Attempt 1/1: Trying with 'requests_browser' strategy...
2026-01-23 12:53:22,609 - INFO - [The Guardian] Success with 'requests_browser'. Found content (1044 words).
2026-01-23 12:53:22,647 - INFO - Saved article: ‘It’s the sovereignty of the country’: Guinea-Bissau says US vaccine study suspended | Guinea-Bissau | The Guardian from The Guardian
2026-01-23 12:53:22,746 - INFO - Found 42 articles in BBC RSS feed. Processing up to 25.
2026-01-23 12:53:22,747 - INFO - [BBC] Article: https://www.bbc.com/news/articles/czr444j671vo?at_medium=RSS&at_campaign=rss
2026-01-23 12:53:22,747 - INFO - [BBC] Attempt 1/1: Trying with 'requests_browser' strategy...
2026-01-23 12:53:22,882 - INFO - [BBC] Success with 'requests_browser'. Found content (1024 words).
2026-01-23 12:53:22,922 - INFO - Duplicate article skipped: Trump's claim Nato troops avoided Afghanistan front line sparks outrage in UK from BBC
2026-01-23 12:53:23,757 - INFO - [BBC] Article: https://www.bbc.com/news/articles/c3r117w55q4o?at_medium=RSS&at_campaign=rss
2026-01-23 12:53:23,757 - INFO - [BBC] Attempt 1/1: Trying with 'requests_browser' strategy...
2026-01-23 12:53:23,793 - INFO - [BBC] Success with 'requests_browser'. Found content (1339 words).
2026-01-23 12:53:23,833 - INFO - Saved article: Yemen civil war: BBC sees UAE-run secret prisons from BBC
2026-01-23 12:53:23,931 - INFO - [The Guardian] Article: https://www.theguardian.com/global-development/2026/jan/22/actionaid-rethink-child-sponsorship-decolonise-funding
2026-01-23 12:53:23,931 - INFO - [The Guardian] Attempt 1/1: Trying with 'requests_browser' strategy...
2026-01-23 12:53:24,391 - INFO - [The Guardian] Success with 'requests_browser'. Found content (688 words).
2026-01-23 12:53:24,435 - INFO - Duplicate article skipped: ActionAid to rethink child sponsorship as part of plan to ‘decolonise’ its work | Global development | The Guardian from The Guardian
2026-01-23 12:53:25,317 - INFO - [BBC] Article: https://www.bbc.com/news/articles/c0r44l05q52o?at_medium=RSS&at_campaign=rss
2026-01-23 12:53:25,317 - INFO - [BBC] Attempt 1/1: Trying with 'requests_browser' strategy...
2026-01-23 12:53:25,345 - INFO - [BBC] Success with 'requests_browser'. Found content (336 words).
2026-01-23 12:53:25,384 - INFO - Saved article: US braces for 'extremely dangerous' winter storm from BBC
2026-01-23 12:53:25,413 - INFO - [The Guardian] Article: https://www.theguardian.com/us-news/2026/jan/20/us-diplomats-urged-to-remind-african-leaders-of-us-generosity-despite-usaid-closing
2026-01-23 12:53:25,413 - INFO - [The Guardian] Attempt 1/1: Trying with 'requests_browser' strategy...
2026-01-23 12:53:25,575 - INFO - [The Guardian] Success with 'requests_browser'. Found content (797 words).
2026-01-23 12:53:25,610 - INFO - Duplicate article skipped: Head of US Africa bureau urges staff to highlight US ‘generosity’ despite aid cuts | US foreign policy | The Guardian from The Guardian
2026-01-23 12:53:26,510 - INFO - [BBC] Article: https://www.bbc.com/news/articles/cwy11485jeno?at_medium=RSS&at_campaign=rss
2026-01-23 12:53:26,510 - INFO - [BBC] Attempt 1/1: Trying with 'requests_browser' strategy...
2026-01-23 12:53:26,536 - INFO - [BBC] Success with 'requests_browser'. Found content (290 words).
2026-01-23 12:53:26,575 - INFO - Saved article: Pakistan: Gul Plaza fire death toll jumps to 67 from BBC
2026-01-23 12:53:26,844 - INFO - [The Guardian] Article: https://www.theguardian.com/global-development/2026/jan/19/brazen-political-influence-rich-laid-bare-wealth-billionaires-inequality-poverty-instability-oxfam
2026-01-23 12:53:26,844 - INFO - [The Guardian] Attempt 1/1: Trying with 'requests_browser' strategy...
2026-01-23 12:53:27,014 - INFO - [The Guardian] Success with 'requests_browser'. Found content (639 words).
2026-01-23 12:53:27,049 - INFO - Duplicate article skipped: ‘Brazen’ political influence of rich laid bare as wealth of billionaires reaches $18.3tn, says Oxfam | Global development | The Guardian from The Guardian
2026-01-23 12:53:27,718 - INFO - [BBC] Article: https://www.bbc.com/news/articles/cn7jjp8gl0jo?at_medium=RSS&at_campaign=rss
2026-01-23 12:53:27,718 - INFO - [BBC] Attempt 1/1: Trying with 'requests_browser' strategy...
2026-01-23 12:53:27,752 - INFO - [BBC] Success with 'requests_browser'. Found content (701 words).
2026-01-23 12:53:27,794 - INFO - Saved article: Trump withdraws Canada's invite to join Board of Peace from BBC
2026-01-23 12:53:28,268 - INFO - [The Guardian] Article: https://www.theguardian.com/world/2026/jan/18/ugandas-president-calls-opponents-terrorists-in-victory-speech
2026-01-23 12:53:28,268 - INFO - [The Guardian] Attempt 1/1: Trying with 'requests_browser' strategy...
2026-01-23 12:53:28,449 - INFO - [The Guardian] Success with 'requests_browser'. Found content (533 words).
2026-01-23 12:53:28,513 - INFO - Duplicate article skipped: Uganda’s president calls opponents 'terrorists' in victory speech | Uganda | The Guardian from The Guardian
2026-01-23 12:53:28,549 - INFO - [BBC] Article: https://www.bbc.com/news/articles/cp822g353y6o?at_medium=RSS&at_campaign=rss
2026-01-23 12:53:28,550 - INFO - [BBC] Attempt 1/1: Trying with 'requests_browser' strategy...
2026-01-23 12:53:28,580 - INFO - [BBC] Success with 'requests_browser'. Found content (570 words).
2026-01-23 12:53:28,619 - INFO - Saved article: Nelson Mandela's personal items can be sold after daughter wins South Africa court battle from BBC
2026-01-23 12:53:29,493 - INFO - [The Guardian] Article: https://www.theguardian.com/world/2026/jan/23/venezuela-leaked-video-delcy-rodriguez-maduro
2026-01-23 12:53:29,493 - INFO - [The Guardian] Attempt 1/1: Trying with 'requests_browser' strategy...
2026-01-23 12:53:29,624 - INFO - [BBC] Article: https://www.bbc.com/news/articles/cn8jj228g2vo?at_medium=RSS&at_campaign=rss
2026-01-23 12:53:29,624 - INFO - [BBC] Attempt 1/1: Trying with 'requests_browser' strategy...
2026-01-23 12:53:29,669 - INFO - [The Guardian] Success with 'requests_browser'. Found content (927 words).
2026-01-23 12:53:29,707 - INFO - Saved article: Leaked video shows Venezuela regime’s desperate struggle to control message | Venezuela | The Guardian from The Guardian
2026-01-23 12:53:29,714 - INFO - [BBC] Success with 'requests_browser'. Found content (1593 words).
2026-01-23 12:53:29,754 - INFO - Duplicate article skipped: Board of Peace: Could Trump's bid to become peacemaker-in-chief sideline the struggling UN? from BBC
2026-01-23 12:53:30,211 - INFO - [The Guardian] Article: https://www.theguardian.com/us-news/2026/jan/22/trump-withdraws-invitation-canada
2026-01-23 12:53:30,211 - INFO - [The Guardian] Attempt 1/1: Trying with 'requests_browser' strategy...
2026-01-23 12:53:30,231 - INFO - [The Guardian] Success with 'requests_browser'. Found content (464 words).
2026-01-23 12:53:30,265 - INFO - Saved article: Trump withdraws invitation for Canada to join his global ‘board of peace’ | Donald Trump | The Guardian from The Guardian
2026-01-23 12:53:31,248 - INFO - [The Guardian] Article: https://www.theguardian.com/us-news/2026/jan/22/house-war-powers-resolution-trump-military-venezuela
2026-01-23 12:53:31,249 - INFO - [The Guardian] Attempt 1/1: Trying with 'requests_browser' strategy...
2026-01-23 12:53:31,252 - INFO - [BBC] Article: https://www.bbc.com/news/articles/c2d77rr51rko?at_medium=RSS&at_campaign=rss
2026-01-23 12:53:31,252 - INFO - [BBC] Attempt 1/1: Trying with 'requests_browser' strategy...
2026-01-23 12:53:31,271 - INFO - [The Guardian] Success with 'requests_browser'. Found content (588 words).
2026-01-23 12:53:31,307 - INFO - Duplicate article skipped: House rejects resolution that would bar Trump from sending troops to Venezuela | House of Representatives | The Guardian from The Guardian
2026-01-23 12:53:31,323 - INFO - [BBC] Success with 'requests_browser'. Found content (1098 words).
2026-01-23 12:53:31,369 - INFO - Saved article: Dozens of sanctioned Russian tankers navigate Channel despite UK vow of 'assertive' action from BBC
2026-01-23 12:53:31,545 - INFO - Selenium driver initialized successfully.
2026-01-23 12:53:31,545 - INFO - Starting scrape for Times of India RSS feed: https://timesofindia.indiatimes.com/rssfeeds/296589292.cms
2026-01-23 12:53:31,547 - INFO - Selenium driver initialized successfully.
2026-01-23 12:53:31,547 - INFO - Starting scrape for The Hindu RSS feed: https://www.thehindu.com/news/national/feeder/default.rss
2026-01-23 12:53:31,603 - INFO - Found 20 articles in Times of India RSS feed. Processing up to 25.
2026-01-23 12:53:31,604 - INFO - [Times of India] Article: https://timesofindia.indiatimes.com/world/us/who-is-jigar-thakkar-the-indian-origin-engineer-now-leading-amazon-quick-suite/articleshow/127280720.cms
2026-01-23 12:53:31,604 - INFO - [Times of India] Attempt 1/1: Trying with 'selenium_browser' strategy...
2026-01-23 12:53:31,702 - INFO - Found 100 articles in The Hindu RSS feed. Processing up to 25.
2026-01-23 12:53:31,702 - INFO - [The Hindu] Article: https://www.thehindu.com/news/national/tamil-nadu/trade-unions-farmers-call-for-strike-on-february-12/article70542522.ece
2026-01-23 12:53:31,702 - INFO - [The Hindu] Attempt 1/1: Trying with 'selenium_browser' strategy...
2026-01-23 12:53:32,115 - INFO - [The Guardian] Article: https://www.theguardian.com/world/2026/jan/22/carney-says-canada-must-be-a-beacon-to-a-world-thats-at-sea
2026-01-23 12:53:32,115 - INFO - [The Guardian] Attempt 1/1: Trying with 'requests_browser' strategy...
2026-01-23 12:53:32,154 - INFO - [The Guardian] Success with 'requests_browser'. Found content (503 words).
2026-01-23 12:53:32,170 - INFO - [BBC] Article: https://www.bbc.com/news/articles/cn422q1py95o?at_medium=RSS&at_campaign=rss
2026-01-23 12:53:32,171 - INFO - [BBC] Attempt 1/1: Trying with 'requests_browser' strategy...
2026-01-23 12:53:32,206 - INFO - Duplicate article skipped: Mark Carney says Canada must ‘be a beacon to a world that’s at sea’ | Canada | The Guardian from The Guardian
2026-01-23 12:53:32,244 - INFO - [BBC] Success with 'requests_browser'. Found content (908 words).
2026-01-23 12:53:32,287 - INFO - Duplicate article skipped: Kaduna kidnapping: woman escapes Nigeria church abduction from BBC
2026-01-23 12:53:32,996 - INFO - [The Guardian] Article: https://www.theguardian.com/us-news/2026/jan/22/trump-board-peace-davos-un
2026-01-23 12:53:32,996 - INFO - [The Guardian] Attempt 1/1: Trying with 'requests_browser' strategy...
2026-01-23 12:53:33,033 - INFO - [The Guardian] Success with 'requests_browser'. Found content (565 words).
2026-01-23 12:53:33,103 - INFO - Duplicate article skipped: Davos onlookers notice Trump’s ‘board of peace’ logo resembles UN emblem | Donald Trump | The Guardian from The Guardian
2026-01-23 12:53:33,549 - INFO - [BBC] Article: https://www.bbc.com/news/articles/cy7mmpljze7o?at_medium=RSS&at_campaign=rss
2026-01-23 12:53:33,549 - INFO - [BBC] Attempt 1/1: Trying with 'requests_browser' strategy...
2026-01-23 12:53:33,607 - INFO - [BBC] Success with 'requests_browser'. Found content (1037 words).
2026-01-23 12:53:33,679 - INFO - Duplicate article skipped: US unveils plans for development of 'New Gaza' with skyscrapers from BBC
2026-01-23 12:53:33,852 - INFO - [The Guardian] Article: https://www.theguardian.com/environment/2026/jan/23/tapanuli-orangutans-floods-indonesia-government-mining-extraction-companies-aoe
2026-01-23 12:53:33,852 - INFO - [The Guardian] Attempt 1/1: Trying with 'requests_browser' strategy...
2026-01-23 12:53:33,900 - INFO - [The Guardian] Success with 'requests_browser'. Found content (610 words).
2026-01-23 12:53:33,977 - INFO - Saved article: Indonesia takes action against mining firms after floods devastate population of world’s rarest ape | Indonesia | The Guardian from The Guardian
2026-01-23 12:53:35,097 - INFO - [BBC] Article: https://www.bbc.com/news/articles/c3eddk53vxqo?at_medium=RSS&at_campaign=rss
2026-01-23 12:53:35,097 - INFO - [BBC] Attempt 1/1: Trying with 'requests_browser' strategy...
2026-01-23 12:53:35,167 - INFO - [The Hindu] Page content loaded.
2026-01-23 12:53:35,269 - INFO - [BBC] Success with 'requests_browser'. Found content (743 words).
2026-01-23 12:53:35,301 - INFO - [The Guardian] Article: https://www.theguardian.com/world/2026/jan/23/two-confirmed-dead-and-more-presumed-buried-after-landslides-hit-house-and-campground-in-new-zealand
2026-01-23 12:53:35,301 - INFO - [The Guardian] Attempt 1/1: Trying with 'requests_browser' strategy...
2026-01-23 12:53:35,674 - INFO - [The Guardian] Success with 'requests_browser'. Found content (908 words).
2026-01-23 12:53:35,688 - INFO - Saved article: Telangana: India state investigates killings of hundreds of stray dogs from BBC
2026-01-23 12:53:35,877 - INFO - Duplicate article skipped: Two dead and six missing after landslides hit house and campground in New Zealand | New Zealand | The Guardian from The Guardian
2026-01-23 12:53:36,933 - INFO - [BBC] Article: https://www.bbc.com/news/articles/clyzzzd2y7do?at_medium=RSS&at_campaign=rss
2026-01-23 12:53:36,933 - INFO - [BBC] Attempt 1/1: Trying with 'requests_browser' strategy...
2026-01-23 12:53:37,034 - INFO - [The Guardian] Article: https://www.theguardian.com/world/2026/jan/23/japan-pauses-kashiwazaki-kariwa-worlds-largest-nuclear-power-plant
2026-01-23 12:53:37,034 - INFO - [The Guardian] Attempt 1/1: Trying with 'requests_browser' strategy...
2026-01-23 12:53:37,165 - INFO - [BBC] Success with 'requests_browser'. Found content (455 words).
2026-01-23 12:53:37,319 - INFO - [The Guardian] Success with 'requests_browser'. Found content (405 words).
2026-01-23 12:53:37,519 - INFO - Duplicate article skipped: UN to take over al-Hol camp for IS families in Syria after unrest from BBC
2026-01-23 12:53:37,559 - INFO - Duplicate article skipped: Japan pauses restart of world’s largest nuclear power plant one day after it went online | Japan | The Guardian from The Guardian
2026-01-23 12:53:37,956 - INFO - [The Hindu] Success with 'selenium_browser'. Found content (264 words).
2026-01-23 12:53:38,299 - INFO - Saved article: Trade unions, farmers call for strike on February 12 - The Hindu from The Hindu
2026-01-23 12:53:38,391 - INFO - [The Guardian] Article: https://www.theguardian.com/world/2026/jan/22/frenchie-mae-cumpio-philippine-journalist-found-guilty
2026-01-23 12:53:38,391 - INFO - [The Guardian] Attempt 1/1: Trying with 'requests_browser' strategy...
2026-01-23 12:53:38,480 - INFO - [The Guardian] Success with 'requests_browser'. Found content (522 words).
2026-01-23 12:53:38,654 - INFO - Duplicate article skipped: Filipino journalist Frenchie Cumpio found guilty of terror financing in verdict rights groups call ‘absurd’ | Philippines | The Guardian from The Guardian
2026-01-23 12:53:38,852 - INFO - [BBC] Article: https://www.bbc.com/news/articles/cwyrrqwxpz7o?at_medium=RSS&at_campaign=rss
2026-01-23 12:53:38,852 - INFO - [BBC] Attempt 1/1: Trying with 'requests_browser' strategy...
2026-01-23 12:53:39,009 - INFO - [BBC] Success with 'requests_browser'. Found content (754 words).
2026-01-23 12:53:39,309 - INFO - [The Hindu] Article: https://www.thehindu.com/news/national/karnataka/congress-bjp-continue-to-trade-charges-on-ruckus-during-karnataka-governors-address/article70542294.ece
2026-01-23 12:53:39,309 - INFO - [The Hindu] Attempt 1/1: Trying with 'selenium_browser' strategy...
2026-01-23 12:53:39,354 - INFO - Duplicate article skipped: ICE detains five-year-old and father in Minnesota, lawyer says from BBC
2026-01-23 12:53:39,480 - INFO - [The Guardian] Article: https://www.theguardian.com/world/2026/jan/22/hong-kong-national-security-trial-pro-democracy-activists-chow-hang-tung-lee-cheuk-yan-albert-ho
2026-01-23 12:53:39,480 - INFO - [The Guardian] Attempt 1/1: Trying with 'requests_browser' strategy...
2026-01-23 12:53:39,996 - INFO - [The Guardian] Success with 'requests_browser'. Found content (872 words).
2026-01-23 12:53:40,176 - INFO - Duplicate article skipped: Hong Kong national security trial of three pro-democracy activists begins | Hong Kong | The Guardian from The Guardian
2026-01-23 12:53:40,642 - INFO - [BBC] Article: https://www.bbc.com/news/articles/cdexxr2y907o?at_medium=RSS&at_campaign=rss
2026-01-23 12:53:40,643 - INFO - [BBC] Attempt 1/1: Trying with 'requests_browser' strategy...
2026-01-23 12:53:40,700 - INFO - [The Guardian] Article: https://www.theguardian.com/australia-news/2026/jan/23/piper-james-backpacker-kgari-dingoes-coroner-autopsy-evidence-drowning-dingo-bites
2026-01-23 12:53:40,701 - INFO - [The Guardian] Attempt 1/1: Trying with 'requests_browser' strategy...
2026-01-23 12:53:40,932 - INFO - [BBC] Success with 'requests_browser'. Found content (485 words).
2026-01-23 12:53:40,942 - INFO - [The Guardian] Success with 'requests_browser'. Found content (425 words).
2026-01-23 12:53:41,360 - INFO - Duplicate article skipped: France seizes suspected Russian 'shadow fleet' tanker in the Mediterranean from BBC
2026-01-23 12:53:41,409 - INFO - Saved article: Piper James autopsy finds ‘evidence consistent with drowning and injuries consistent with dingo bites’ | Queensland | The Guardian from The Guardian
2026-01-23 12:53:41,933 - INFO - [The Guardian] Article: https://www.theguardian.com/australia-news/2026/jan/23/sussan-ley-confident-she-will-survive-as-opposition-leader-and-says-door-is-open-to-nationals-rejoining-coalition
2026-01-23 12:53:41,934 - INFO - [The Guardian] Attempt 1/1: Trying with 'requests_browser' strategy...
2026-01-23 12:53:42,241 - INFO - [The Guardian] Success with 'requests_browser'. Found content (829 words).
2026-01-23 12:53:42,380 - INFO - [BBC] Article: https://www.bbc.com/news/articles/ckgjjy55x2mo?at_medium=RSS&at_campaign=rss
2026-01-23 12:53:42,380 - INFO - [BBC] Attempt 1/1: Trying with 'requests_browser' strategy...
2026-01-23 12:53:42,383 - INFO - Duplicate article skipped: Andrew Hastie firms as Liberal leadership challenger amid push for Ley to step aside | Coalition | The Guardian from The Guardian
2026-01-23 12:53:42,436 - INFO - [BBC] Success with 'requests_browser'. Found content (466 words).
2026-01-23 12:53:42,544 - INFO - Duplicate article skipped: German nurse jailed for murder may face inquiry into 100 more deaths from BBC
2026-01-23 12:53:43,129 - INFO - [The Guardian] Article: https://www.theguardian.com/environment/2026/jan/23/intense-heat-across-south-east-australia-could-shatter-temperature-records-in-coming-days
2026-01-23 12:53:43,129 - INFO - [The Guardian] Attempt 1/1: Trying with 'requests_browser' strategy...
2026-01-23 12:53:43,306 - INFO - [The Guardian] Success with 'requests_browser'. Found content (649 words).
2026-01-23 12:53:43,589 - INFO - Saved article: Intense heat could smash temperature records in south-east Australia with catastrophic fire danger forecast | Australia weather | The Guardian from The Guardian
2026-01-23 12:53:43,851 - INFO - [BBC] Article: https://www.bbc.com/news/articles/c6200g826d2o?at_medium=RSS&at_campaign=rss
2026-01-23 12:53:43,851 - INFO - [BBC] Attempt 1/1: Trying with 'requests_browser' strategy...
2026-01-23 12:53:43,994 - INFO - [BBC] Success with 'requests_browser'. Found content (609 words).
2026-01-23 12:53:44,304 - INFO - Duplicate article skipped: Ubisoft cancels six games including Prince of Persia and closes studios from BBC
2026-01-23 12:53:44,380 - INFO - [The Guardian] Article: https://www.theguardian.com/australia-news/live/2026/jan/23/australia-news-live-sussan-ley-liberals-coalition-nationals-littleproud-hastie-taylor-anthony-albanese-labor-spill-ntwnfb
2026-01-23 12:53:44,380 - INFO - [The Guardian] Attempt 1/1: Trying with 'requests_browser' strategy...
2026-01-23 12:53:44,822 - INFO - [The Hindu] Page content loaded.
2026-01-23 12:53:45,066 - INFO - [BBC] Article: https://www.bbc.com/news/articles/c620l5e2q1vo?at_medium=RSS&at_campaign=rss
2026-01-23 12:53:45,066 - INFO - [BBC] Attempt 1/1: Trying with 'requests_browser' strategy...
2026-01-23 12:53:45,138 - INFO - [The Hindu] Success with 'selenium_browser'. Found content (530 words).
2026-01-23 12:53:45,326 - INFO - [BBC] Success with 'requests_browser'. Found content (793 words).
2026-01-23 12:53:45,548 - INFO - Saved article: Congress, BJP continue to trade charges on ruckus during Karnataka Governor’s address - The Hindu from The Hindu
2026-01-23 12:53:45,640 - INFO - Duplicate article skipped: Noida: Outrage over Yuvraj Mehta's death in dug-up pit after begging for help for hours from BBC
2026-01-23 12:53:45,847 - INFO - [The Guardian] Success with 'requests_browser'. Found content (3234 words).
2026-01-23 12:53:46,045 - INFO - Duplicate article skipped: SA and Victoria brace for weekend of dangerous fire conditions – as it happened | Australia news | The Guardian from The Guardian
2026-01-23 12:53:46,185 - INFO - [The Hindu] Article: https://www.thehindu.com/news/national/uttar-pradesh/cough-syrup-smuggling-up-police-attaches-assets-worth-285-crore-of-key-accused/article70542511.ece
2026-01-23 12:53:46,418 - INFO - [The Hindu] Attempt 1/1: Trying with 'selenium_browser' strategy...
2026-01-23 12:53:46,255 - INFO - [BBC] Article: https://www.bbc.com/news/articles/cg5gg05y0mlo?at_medium=RSS&at_campaign=rss
2026-01-23 12:53:46,427 - INFO - [BBC] Attempt 1/1: Trying with 'requests_browser' strategy...
2026-01-23 12:53:46,671 - INFO - [BBC] Success with 'requests_browser'. Found content (696 words).
2026-01-23 12:53:46,967 - INFO - Duplicate article skipped: Barron Trump called UK police after seeing woman 'beat up', court hears from BBC
2026-01-23 12:53:47,133 - INFO - [The Guardian] Article: https://www.theguardian.com/australia-news/2026/jan/23/peter-dutton-alienated-voters-labor-election-review
2026-01-23 12:53:47,133 - INFO - [The Guardian] Attempt 1/1: Trying with 'requests_browser' strategy...
2026-01-23 12:53:47,405 - INFO - [The Guardian] Success with 'requests_browser'. Found content (650 words).
2026-01-23 12:53:47,633 - INFO - [BBC] Article: https://www.bbc.com/news/articles/cz0ppdjmjy9o?at_medium=RSS&at_campaign=rss
2026-01-23 12:53:47,633 - INFO - [BBC] Attempt 1/1: Trying with 'requests_browser' strategy...
2026-01-23 12:53:47,715 - INFO - Saved article: Peter Dutton alienated voters with ‘arrogant and aggressive’ approach, Labor election review finds | Labor party | The Guardian from The Guardian
2026-01-23 12:53:47,847 - INFO - [BBC] Success with 'requests_browser'. Found content (1099 words).
2026-01-23 12:53:48,018 - INFO - Duplicate article skipped: Oscar nominations 2026: Vampire film Sinners breaks record from BBC
2026-01-23 12:53:48,602 - INFO - [BBC] Article: https://www.bbc.com/news/articles/cp9jj1j74ggo?at_medium=RSS&at_campaign=rss
2026-01-23 12:53:48,602 - INFO - [BBC] Attempt 1/1: Trying with 'requests_browser' strategy...
2026-01-23 12:53:48,668 - INFO - [The Guardian] Article: https://www.theguardian.com/world/live/2026/jan/23/ukraine-war-russia-us-trilateral-talks-latest-updates-news
2026-01-23 12:53:48,669 - INFO - [The Guardian] Attempt 1/1: Trying with 'requests_browser' strategy...
2026-01-23 12:53:48,689 - INFO - [BBC] Success with 'requests_browser'. Found content (967 words).
2026-01-23 12:53:48,815 - INFO - Duplicate article skipped: UK holds off joining Trump's peace board over Putin concerns from BBC
2026-01-23 12:53:49,064 - INFO - [The Guardian] Success with 'requests_browser'. Found content (1845 words).
2026-01-23 12:53:49,131 - INFO - [The Hindu] Page content loaded.
2026-01-23 12:53:49,311 - INFO - Saved article: EU says Russia wants to ‘freeze Ukraine’ ahead of rare trilateral talks with US – Europe live | World news | The Guardian from The Guardian
2026-01-23 12:53:49,415 - INFO - [The Hindu] Success with 'selenium_browser'. Found content (402 words).
2026-01-23 12:53:49,441 - INFO - [BBC] Article: https://www.bbc.com/news/articles/cje11x527n4o?at_medium=RSS&at_campaign=rss
2026-01-23 12:53:49,442 - INFO - [BBC] Attempt 1/1: Trying with 'requests_browser' strategy...
2026-01-23 12:53:49,612 - INFO - Saved article: Cough syrup smuggling: U.P. Police attaches assets worth ₹28.5 crore of key accused - The Hindu from The Hindu
2026-01-23 12:53:49,627 - INFO - [BBC] Success with 'requests_browser'. Found content (714 words).
2026-01-23 12:53:49,948 - INFO - Duplicate article skipped: New Zealand: Two dead and several missing after deadly landslides from BBC
2026-01-23 12:53:50,179 - INFO - [The Hindu] Article: https://www.thehindu.com/news/cities/bangalore/india-to-become-third-largest-space-tech-economy-by-2030-report/article70542388.ece
2026-01-23 12:53:50,180 - INFO - [The Hindu] Attempt 1/1: Trying with 'selenium_browser' strategy...
2026-01-23 12:53:50,287 - INFO - [The Guardian] Article: https://www.theguardian.com/world/2026/jan/23/russia-deploys-new-high-speed-drones-amid-claims-they-contain-western-parts
2026-01-23 12:53:50,287 - INFO - [The Guardian] Attempt 1/1: Trying with 'requests_browser' strategy...
2026-01-23 12:53:50,616 - INFO - [The Guardian] Success with 'requests_browser'. Found content (593 words).
2026-01-23 12:53:50,982 - INFO - Saved article: Russia deploys new high-speed drones amid claims they contain western parts | Ukraine | The Guardian from The Guardian
2026-01-23 12:53:51,225 - INFO - [BBC] Article: https://www.bbc.com/news/articles/cx2yy8z91n4o?at_medium=RSS&at_campaign=rss
2026-01-23 12:53:51,225 - INFO - [BBC] Attempt 1/1: Trying with 'requests_browser' strategy...
2026-01-23 12:53:51,359 - INFO - [BBC] Success with 'requests_browser'. Found content (397 words).
2026-01-23 12:53:51,562 - INFO - Duplicate article skipped: Japan suspends world's largest nuclear plant hours after restart from BBC
2026-01-23 12:53:51,626 - INFO - [The Guardian] Article: https://www.theguardian.com/world/2026/jan/23/weather-tracker-record-snowfall-eastern-russia-people-stranded
2026-01-23 12:53:51,626 - INFO - [The Guardian] Attempt 1/1: Trying with 'requests_browser' strategy...
2026-01-23 12:53:51,676 - INFO - [The Guardian] Success with 'requests_browser'. Found content (483 words).
2026-01-23 12:53:51,820 - INFO - Saved article: Weather tracker: Record snowfall in eastern Russia leaves people stranded | Russia | The Guardian from The Guardian
2026-01-23 12:53:52,474 - INFO - [The Guardian] Article: https://www.theguardian.com/world/2026/jan/23/spanish-court-drops-pegasus-spyware-case-again-israel-spain-nso
2026-01-23 12:53:52,474 - INFO - [The Guardian] Attempt 1/1: Trying with 'requests_browser' strategy...
2026-01-23 12:53:52,504 - INFO - [BBC] Article: https://www.bbc.com/news/articles/c4g00mv29j5o?at_medium=RSS&at_campaign=rss
2026-01-23 12:53:52,505 - INFO - [BBC] Attempt 1/1: Trying with 'requests_browser' strategy...
2026-01-23 12:53:52,577 - INFO - [The Guardian] Success with 'requests_browser'. Found content (652 words).
2026-01-23 12:53:52,787 - INFO - Saved article: Spanish court points finger at Israel as it drops Pegasus spyware case again | Spain | The Guardian from The Guardian
2026-01-23 12:53:52,891 - INFO - [The Hindu] Page content loaded.
2026-01-23 12:53:52,984 - INFO - [BBC] Success with 'requests_browser'. Found content (264 words).
2026-01-23 12:53:53,111 - INFO - Duplicate article skipped: Australia: Three dead in New South Wales shooting from BBC
2026-01-23 12:53:53,172 - INFO - [The Hindu] Success with 'selenium_browser'. Found content (479 words).
2026-01-23 12:53:53,358 - INFO - Saved article: India to become third largest space-tech economy by 2030: Report - The Hindu from The Hindu
2026-01-23 12:53:53,452 - INFO - [The Guardian] Article: https://www.theguardian.com/world/2026/jan/23/us-ukraine-russia-abu-dhabi-talks-putin-witkoff-kushner
2026-01-23 12:53:53,452 - INFO - [The Guardian] Attempt 1/1: Trying with 'requests_browser' strategy...
2026-01-23 12:53:54,042 - INFO - [The Guardian] Success with 'requests_browser'. Found content (820 words).
2026-01-23 12:53:54,139 - INFO - [BBC] Article: https://www.bbc.com/news/articles/cq5yywx39e7o?at_medium=RSS&at_campaign=rss
2026-01-23 12:53:54,140 - INFO - [BBC] Attempt 1/1: Trying with 'requests_browser' strategy...
2026-01-23 12:53:54,349 - INFO - Saved article: Russia keeps up demands for Ukraine land before three-way talks in UAE | Ukraine | The Guardian from The Guardian
2026-01-23 12:53:54,367 - INFO - [BBC] Success with 'requests_browser'. Found content (799 words).
2026-01-23 12:53:54,412 - INFO - [The Hindu] Article: https://www.thehindu.com/news/national/tamil-nadu/dmk-sharpens-women-centric-pitch-with-booth-level-mobilisation-plan/article70542272.ece
2026-01-23 12:53:54,412 - INFO - [The Hindu] Attempt 1/1: Trying with 'selenium_browser' strategy...
2026-01-23 12:53:54,467 - INFO - Duplicate article skipped: Son-in-law of Venezuelan opposition candidate freed from jail, wife says from BBC
2026-01-23 12:53:55,765 - INFO - [BBC] Article: https://www.bbc.com/news/articles/c4gwp2me3gzo?at_medium=RSS&at_campaign=rss
2026-01-23 12:53:55,765 - INFO - [BBC] Attempt 1/1: Trying with 'requests_browser' strategy...
2026-01-23 12:53:55,909 - INFO - [BBC] Success with 'requests_browser'. Found content (996 words).
2026-01-23 12:53:56,006 - INFO - Duplicate article skipped: EU suspends approval of US trade deal from BBC
2026-01-23 12:53:56,202 - INFO - [The Hindu] Page content loaded.
2026-01-23 12:53:56,558 - INFO - [The Hindu] Success with 'selenium_browser'. Found content (584 words).
2026-01-23 12:53:56,682 - INFO - Saved article: DMK sharpens women-centric pitch with booth-level mobilisation plan - The Hindu from The Hindu
2026-01-23 12:53:58,128 - INFO - [The Hindu] Article: https://www.thehindu.com/news/national/tamil-nadu/zoho-launches-resource-planning-software/article70542412.ece
2026-01-23 12:53:58,128 - INFO - [The Hindu] Attempt 1/1: Trying with 'selenium_browser' strategy...
2026-01-23 12:54:01,852 - INFO - [The Hindu] Page content loaded.
2026-01-23 12:54:01,965 - INFO - [The Hindu] Success with 'selenium_browser'. Found content (201 words).
2026-01-23 12:54:02,103 - INFO - Saved article: Zoho launches resource planning software - The Hindu from The Hindu
2026-01-23 12:54:03,566 - INFO - [The Hindu] Article: https://www.thehindu.com/news/national/kerala/illegal-sand-mining-police-step-up-surveillance-along-banks-of-chaliyar-river/article70542257.ece
2026-01-23 12:54:03,566 - INFO - [The Hindu] Attempt 1/1: Trying with 'selenium_browser' strategy...
2026-01-23 12:54:04,304 - INFO - [The Hindu] Page content loaded.
2026-01-23 12:54:04,385 - INFO - [The Hindu] Success with 'selenium_browser'. Found content (384 words).
2026-01-23 12:54:04,586 - INFO - Saved article: Illegal sand mining: Police step up surveillance along banks of Chaliyar river - The Hindu from The Hindu
2026-01-23 12:54:05,717 - INFO - [The Hindu] Article: https://www.thehindu.com/news/national/west-bengal/110-dead-due-to-sir-in-bengal-says-mamata-blames-ec-and-centre/article70542245.ece
2026-01-23 12:54:05,718 - INFO - [The Hindu] Attempt 1/1: Trying with 'selenium_browser' strategy...
2026-01-23 12:54:06,771 - INFO - [The Hindu] Page content loaded.
2026-01-23 12:54:06,870 - INFO - [The Hindu] Success with 'selenium_browser'. Found content (397 words).
2026-01-23 12:54:06,989 - INFO - Saved article: 110 dead due to SIR in Bengal, says Mamata, blames EC and Centre - The Hindu from The Hindu
2026-01-23 12:54:07,666 - INFO - [The Hindu] Article: https://www.thehindu.com/news/national/cash-for-query-lokpal-gets-more-time-to-decide-on-sanction-to-file-chargesheet-against-mahua-moitra/article70542368.ece
2026-01-23 12:54:07,666 - INFO - [The Hindu] Attempt 1/1: Trying with 'selenium_browser' strategy...
2026-01-23 12:54:09,255 - INFO - [The Hindu] Page content loaded.
2026-01-23 12:54:09,379 - INFO - [The Hindu] Success with 'selenium_browser'. Found content (402 words).
2026-01-23 12:54:09,463 - INFO - Saved article: Cash-for-query: Lokpal gets more time to decide on sanction to file chargesheet against Mahua Moitra - The Hindu from The Hindu
2026-01-23 12:54:10,923 - INFO - [The Hindu] Article: https://www.thehindu.com/news/national/kerala/twenty20s-nda-entry-puts-congress-in-a-bind-at-vadavucode-puthencruz-panchayat/article70542175.ece
2026-01-23 12:54:10,923 - INFO - [The Hindu] Attempt 1/1: Trying with 'selenium_browser' strategy...
2026-01-23 12:54:12,493 - INFO - [The Hindu] Page content loaded.
2026-01-23 12:54:12,600 - INFO - [The Hindu] Success with 'selenium_browser'. Found content (453 words).
2026-01-23 12:54:12,689 - INFO - Saved article: Twenty20’s NDA entry puts Congress in a bind at Vadavucode-Puthencruz panchayat - The Hindu from The Hindu
2026-01-23 12:54:13,199 - INFO - [The Hindu] Article: https://www.thehindu.com/news/national/andhra-pradesh/apssdc-announces-overseas-job-opportunity-in-russia-for-iti-and-diploma-holders/article70542207.ece
2026-01-23 12:54:13,199 - INFO - [The Hindu] Attempt 1/1: Trying with 'selenium_browser' strategy...
2026-01-23 12:54:14,998 - INFO - [The Hindu] Page content loaded.
2026-01-23 12:54:15,048 - INFO - [The Hindu] Success with 'selenium_browser'. Found content (215 words).
2026-01-23 12:54:15,124 - INFO - Saved article: APSSDC announces overseas job opportunity in Russia for ITI and diploma holders - The Hindu from The Hindu
2026-01-23 12:54:15,792 - INFO - [The Hindu] Article: https://www.thehindu.com/news/cities/Hyderabad/ban-on-drones-paragliding-in-parts-of-secunderabad-for-republic-day-celebrations/article70541181.ece
2026-01-23 12:54:15,792 - INFO - [The Hindu] Attempt 1/1: Trying with 'selenium_browser' strategy...
2026-01-23 12:54:17,409 - INFO - [The Hindu] Page content loaded.
2026-01-23 12:54:17,461 - INFO - [The Hindu] Success with 'selenium_browser'. Found content (165 words).
2026-01-23 12:54:17,562 - INFO - Saved article: Ban on drones, paragliding in parts of Secunderabad for Republic Day celebrations - The Hindu from The Hindu
2026-01-23 12:54:18,878 - INFO - [The Hindu] Article: https://www.thehindu.com/news/cities/Coimbatore/ooty-arts-college-student-to-take-part-in-republic-day-parade-in-delhi/article70541890.ece
2026-01-23 12:54:18,878 - INFO - [The Hindu] Attempt 1/1: Trying with 'selenium_browser' strategy...
2026-01-23 12:54:19,826 - INFO - [The Hindu] Page content loaded.
2026-01-23 12:54:19,884 - INFO - [The Hindu] Success with 'selenium_browser'. Found content (230 words).
2026-01-23 12:54:19,976 - INFO - Saved article: Ooty arts college student to take part in Republic Day parade in Delhi - The Hindu from The Hindu
2026-01-23 12:54:21,073 - INFO - [The Hindu] Article: https://www.thehindu.com/news/national/tamil-nadu/tn-assembly-condoles-deaths-of-soldiers-in-jammu-and-kashmirs-doda/article70541842.ece
2026-01-23 12:54:21,073 - INFO - [The Hindu] Attempt 1/1: Trying with 'selenium_browser' strategy...
2026-01-23 12:54:22,629 - INFO - [The Hindu] Page content loaded.
2026-01-23 12:54:22,811 - INFO - [The Hindu] Success with 'selenium_browser'. Found content (134 words).
2026-01-23 12:54:22,903 - INFO - Saved article: T.N. Assembly condoles deaths of soldiers in Jammu and Kashmir’s Doda - The Hindu from The Hindu
2026-01-23 12:54:23,634 - INFO - [The Hindu] Article: https://www.thehindu.com/news/national/telangana/medaram-jatara-telangana-rtc-special-bus-services-to-begin-from-january-25-city-operations-likely-to-be-affected/article70541774.ece
2026-01-23 12:54:23,634 - INFO - [The Hindu] Attempt 1/1: Trying with 'selenium_browser' strategy...
2026-01-23 12:54:24,454 - INFO - [The Hindu] Page content loaded.
2026-01-23 12:54:24,522 - INFO - [The Hindu] Success with 'selenium_browser'. Found content (358 words).
2026-01-23 12:54:24,601 - INFO - Saved article: Medaram Jatara: Telangana RTC special bus services to begin from January 25; city operations likely to be affected - The Hindu from The Hindu
2026-01-23 12:54:26,084 - INFO - [The Hindu] Article: https://www.thehindu.com/news/national/indian-railways-says-fare-fixation-formula-is-trade-secret/article70542202.ece
2026-01-23 12:54:26,084 - INFO - [The Hindu] Attempt 1/1: Trying with 'selenium_browser' strategy...
2026-01-23 12:54:27,170 - INFO - [The Hindu] Page content loaded.
2026-01-23 12:54:27,334 - INFO - [The Hindu] Success with 'selenium_browser'. Found content (370 words).
2026-01-23 12:54:27,432 - INFO - Saved article: Indian Railways says fare fixation formula is ‘trade secret’ - The Hindu from The Hindu
2026-01-23 12:54:28,318 - INFO - [The Hindu] Article: https://www.thehindu.com/news/national/tamil-nadu/tn-proposes-special-area-development-authority-for-places-of-historical-ecological-importance/article70541779.ece
2026-01-23 12:54:28,319 - INFO - [The Hindu] Attempt 1/1: Trying with 'selenium_browser' strategy...
2026-01-23 12:54:29,208 - INFO - [The Hindu] Page content loaded.
2026-01-23 12:54:29,248 - INFO - [The Hindu] Success with 'selenium_browser'. Found content (306 words).
2026-01-23 12:54:29,403 - INFO - Saved article: T.N. proposes Special Area Development Authority for places of historical, ecological importance - The Hindu from The Hindu
2026-01-23 12:54:30,300 - INFO - [The Hindu] Article: https://www.thehindu.com/news/national/tamil-nadu/tn-government-will-take-steps-to-resolve-issues-related-to-broiler-chicken-production-minister/article70541895.ece
2026-01-23 12:54:30,300 - INFO - [The Hindu] Attempt 1/1: Trying with 'selenium_browser' strategy...
2026-01-23 12:54:31,321 - INFO - [The Hindu] Page content loaded.
2026-01-23 12:54:31,369 - INFO - [The Hindu] Success with 'selenium_browser'. Found content (145 words).
2026-01-23 12:54:31,454 - INFO - Saved article: T.N. government will take steps to resolve issues related to broiler chicken production: Minister - The Hindu from The Hindu
2026-01-23 12:54:31,706 - ERROR - [Times of India] Request failed for strategy 'selenium_browser' on URL https://timesofindia.indiatimes.com/world/us/who-is-jigar-thakkar-the-indian-origin-engineer-now-leading-amazon-quick-suite/articleshow/127280720.cms: Message: timeout: Timed out receiving message from renderer: 59.944
  (Session info: chrome=144.0.7559.59)
Stacktrace:
#0 0x55fe46de3c3a <unknown>
#1 0x55fe467fd969 <unknown>
#2 0x55fe467e5201 <unknown>
#3 0x55fe467e4e26 <unknown>
#4 0x55fe467e294b <unknown>
#5 0x55fe467e32cf <unknown>
#6 0x55fe467f2700 <unknown>
#7 0x55fe4680c6f7 <unknown>
#8 0x55fe4681397b <unknown>
#9 0x55fe467e3a39 <unknown>
#10 0x55fe4680c48a <unknown>
#11 0x55fe4689bd98 <unknown>
#12 0x55fe46844be2 <unknown>
#13 0x55fe46845991 <unknown>
#14 0x55fe46da9a99 <unknown>
#15 0x55fe46dac9b1 <unknown>
#16 0x55fe46d960a9 <unknown>
#17 0x55fe46dad56e <unknown>
#18 0x55fe46d7c5e0 <unknown>
#19 0x55fe46dd1358 <unknown>
#20 0x55fe46dd1528 <unknown>
#21 0x55fe46de2fa8 <unknown>
#22 0x7f4343a9caa4 <unknown>
#23 0x7f4343b29c6c <unknown>

2026-01-23 12:54:31,706 - ERROR - [Times of India] All scrape strategies failed for https://timesofindia.indiatimes.com/world/us/who-is-jigar-thakkar-the-indian-origin-engineer-now-leading-amazon-quick-suite/articleshow/127280720.cms. Falling back to RSS description.
2026-01-23 12:54:31,713 - INFO - Saved article: Who is Jigar Thakkar? The Indian-origin engineer now leading Amazon Quick Suite from Times of India
2026-01-23 12:54:32,521 - INFO - [Times of India] Article: https://timesofindia.indiatimes.com/world/us/trump-teases-another-run-for-president-what-does-he-mean-by-a-fourth-term/articleshow/127271856.cms
2026-01-23 12:54:32,521 - INFO - [Times of India] Attempt 1/1: Trying with 'selenium_browser' strategy...
2026-01-23 12:54:32,923 - INFO - [The Hindu] Article: https://www.thehindu.com/news/national/telangana/telangana-dca-adilabad-police-seize-109-oxytocin-bottles-meant-for-illegal-use-in-cattle/article70541671.ece
2026-01-23 12:54:32,924 - INFO - [The Hindu] Attempt 1/1: Trying with 'selenium_browser' strategy...
2026-01-23 12:54:34,319 - INFO - [Times of India] Page content loaded.
2026-01-23 12:54:34,552 - INFO - [Times of India] Success with 'selenium_browser'. Found content (716 words).
2026-01-23 12:54:34,668 - INFO - [The Hindu] Page content loaded.
2026-01-23 12:54:34,671 - INFO - Saved article: Trump teases another run for president — what does he mean by a ‘fourth’ term? - The Times of India from Times of India
2026-01-23 12:54:34,768 - INFO - [The Hindu] Success with 'selenium_browser'. Found content (154 words).
2026-01-23 12:54:34,847 - INFO - Saved article: Telangana DCA, Adilabad Police seize 109 oxytocin bottles meant for illegal use in cattle - The Hindu from The Hindu
2026-01-23 12:54:36,073 - INFO - [The Hindu] Article: https://www.thehindu.com/news/national/mizoram/aizawl-drinking-water-supply/article70542151.ece
2026-01-23 12:54:36,074 - INFO - [The Hindu] Attempt 1/1: Trying with 'selenium_browser' strategy...
2026-01-23 12:54:36,156 - INFO - [Times of India] Article: https://timesofindia.indiatimes.com/world/us/uk-author-claims-article5-triggered-for-us-after-trumps-nato-remarks-was-it-invoked-after-9/11/articleshow/127264819.cms
2026-01-23 12:54:36,156 - INFO - [Times of India] Attempt 1/1: Trying with 'selenium_browser' strategy...
2026-01-23 12:54:37,261 - INFO - [The Hindu] Page content loaded.
2026-01-23 12:54:37,325 - INFO - [The Hindu] Success with 'selenium_browser'. Found content (284 words).
2026-01-23 12:54:37,439 - INFO - Saved article: Nearly 300 households in Aizawl to get 24x7 drinking water supply soon - The Hindu from The Hindu
2026-01-23 12:54:37,592 - INFO - [Times of India] Page content loaded.
2026-01-23 12:54:37,723 - INFO - [Times of India] Success with 'selenium_browser'. Found content (547 words).
2026-01-23 12:54:37,831 - INFO - Saved article: UK author claims 'Article5 triggered for US' after Trump's Nato remarks— was it invoked after 9/11? - The Times of India from Times of India
2026-01-23 12:54:38,160 - INFO - [The Hindu] Article: https://www.thehindu.com/news/national/karnataka/leopard-involved-in-fatal-attack-on-devotee-at-m-m-hills-captured-by-karnataka-forest-department/article70542158.ece
2026-01-23 12:54:38,160 - INFO - [The Hindu] Attempt 1/1: Trying with 'selenium_browser' strategy...
2026-01-23 12:54:39,172 - INFO - [Times of India] Article: https://timesofindia.indiatimes.com/world/pakistan/fascism-at-its-peak-pakistan-cops-arrest-lawyers-over-anti-army-protests-bar-bodies-announce-strikes/articleshow/127277752.cms
2026-01-23 12:54:39,173 - INFO - [Times of India] Attempt 1/1: Trying with 'selenium_browser' strategy...
2026-01-23 12:54:40,118 - INFO - [The Hindu] Page content loaded.
2026-01-23 12:54:40,529 - INFO - [The Hindu] Success with 'selenium_browser'. Found content (295 words).
2026-01-23 12:54:40,668 - INFO - Saved article: Leopard involved in fatal attack on devotee at M. M. Hills captured - The Hindu from The Hindu
2026-01-23 12:54:41,292 - INFO - [Times of India] Page content loaded.
2026-01-23 12:54:41,500 - INFO - [Times of India] Success with 'selenium_browser'. Found content (668 words).
2026-01-23 12:54:41,573 - INFO - Saved article: 'Fascism at its peak': Pakistan cops arrest lawyers over anti-army protests; bar bodies announce strikes - The Times of India from Times of India
2026-01-23 12:54:42,040 - INFO - [The Hindu] Article: https://www.thehindu.com/news/national/kerala/youth-congress-activists-house-vandalised-in-kannur/article70541128.ece
2026-01-23 12:54:42,040 - INFO - [The Hindu] Attempt 1/1: Trying with 'selenium_browser' strategy...
2026-01-23 12:54:42,754 - INFO - [Times of India] Article: https://timesofindia.indiatimes.com/world/us-streamers/fact-check-was-ishowspeed-assaulted-and-robbed-in-nigeria-during-his-african-tour/articleshow/127244078.cms
2026-01-23 12:54:42,754 - INFO - [Times of India] Attempt 1/1: Trying with 'selenium_browser' strategy...
2026-01-23 12:54:43,452 - INFO - [The Hindu] Page content loaded.
2026-01-23 12:54:43,553 - INFO - [The Hindu] Success with 'selenium_browser'. Found content (147 words).
2026-01-23 12:54:43,653 - INFO - Saved article: Youth Congress activist’s house vandalised in Kannur - The Hindu from The Hindu
2026-01-23 12:54:44,413 - INFO - [The Hindu] Article: https://www.thehindu.com/news/national/karnataka/youth-congress-leaders-protest-against-karnataka-governor-urges-president-to-recall-him/article70542026.ece
2026-01-23 12:54:44,413 - INFO - [The Hindu] Attempt 1/1: Trying with 'selenium_browser' strategy...
2026-01-23 12:54:45,415 - INFO - [Times of India] Page content loaded.
2026-01-23 12:54:45,616 - INFO - [Times of India] Success with 'selenium_browser'. Found content (368 words).
2026-01-23 12:54:45,709 - INFO - Saved article: Fact check: Was IShowSpeed assaulted and robbed in Nigeria during his African tour? - The Times of India from Times of India
2026-01-23 12:54:46,033 - INFO - [The Hindu] Page content loaded.
2026-01-23 12:54:46,226 - INFO - [The Hindu] Success with 'selenium_browser'. Found content (180 words).
2026-01-23 12:54:46,355 - INFO - Saved article: Youth Congress leaders protest against Karnataka Governor, urges President to recall him - The Hindu from The Hindu
2026-01-23 12:54:46,690 - INFO - [Times of India] Article: https://timesofindia.indiatimes.com/world/us-streamers/candace-owens-shares-alleged-threatening-messages-sent-to-charlie-kirk-and-questions-erika-kirks-leadership-after-his-murder/articleshow/127239229.cms
2026-01-23 12:54:46,691 - INFO - [Times of India] Attempt 1/1: Trying with 'selenium_browser' strategy...
2026-01-23 12:54:47,555 - INFO - [The Hindu] Article: https://www.thehindu.com/news/national/wef-to-launch-five-new-centres-for-fourth-industrial-revolution-one-in-india/article70542051.ece
2026-01-23 12:54:47,555 - INFO - [The Hindu] Attempt 1/1: Trying with 'selenium_browser' strategy...
2026-01-23 12:54:47,789 - INFO - [Times of India] Page content loaded.
2026-01-23 12:54:47,920 - INFO - [Times of India] Success with 'selenium_browser'. Found content (373 words).
2026-01-23 12:54:48,118 - INFO - Saved article: Candace Owens shares alleged threatening messages sent to Charlie Kirk and questions Erika Kirk’s leadership after his murder - The Times of India from Times of India
2026-01-23 12:54:48,654 - INFO - [Times of India] Article: https://timesofindia.indiatimes.com/world/europe/ahead-of-russia-ukraine-us-talks-kremlin-lays-down-very-important-condition-what-is-it-donbas/articleshow/127270861.cms
2026-01-23 12:54:48,655 - INFO - [Times of India] Attempt 1/1: Trying with 'selenium_browser' strategy...
2026-01-23 12:54:48,784 - INFO - [The Hindu] Page content loaded.
2026-01-23 12:54:48,894 - INFO - [The Hindu] Success with 'selenium_browser'. Found content (391 words).
2026-01-23 12:54:49,069 - INFO - Saved article: WEF to launch five new Centres for Fourth Industrial Revolution, one in India - The Hindu from The Hindu
2026-01-23 12:54:50,410 - INFO - [The Hindu] Article: https://www.thehindu.com/news/national/tamil-nadu/tamil-nadu-govt-announces-relaxations-in-norms-for-jallikattu-organisers-participants/article70541643.ece
2026-01-23 12:54:50,410 - INFO - [The Hindu] Attempt 1/1: Trying with 'selenium_browser' strategy...
2026-01-23 12:54:50,417 - INFO - [Times of India] Page content loaded.
2026-01-23 12:54:50,583 - INFO - [Times of India] Success with 'selenium_browser'. Found content (422 words).
2026-01-23 12:54:50,655 - INFO - Saved article: Ahead of Russia-Ukraine-US talks: Kremlin lays down ‘very important condition’ — what is it - The Times of India from Times of India
2026-01-23 12:54:51,454 - INFO - [The Hindu] Page content loaded.
2026-01-23 12:54:51,550 - INFO - [The Hindu] Success with 'selenium_browser'. Found content (169 words).
2026-01-23 12:54:51,697 - INFO - Saved article: T.N. government announces relaxations in norms for jallikattu organisers, participants - The Hindu from The Hindu
2026-01-23 12:54:51,801 - INFO - [Times of India] Article: https://timesofindia.indiatimes.com/world/middle-east/one-man-1000-dependents-how-a-dead-mans-identity-fueled-kuwaits-biggest-citizenship-scam/articleshow/127269800.cms
2026-01-23 12:54:51,802 - INFO - [Times of India] Attempt 1/1: Trying with 'selenium_browser' strategy...
2026-01-23 12:54:52,915 - INFO - [The Hindu] (Thread) Finished. Attempting to shut down its Selenium driver.
2026-01-23 12:54:53,103 - INFO - [The Hindu] (Thread) driver.quit() successful.
2026-01-23 12:54:53,297 - INFO - [Times of India] Page content loaded.
2026-01-23 12:54:53,412 - INFO - [Times of India] Success with 'selenium_browser'. Found content (510 words).
2026-01-23 12:54:53,478 - INFO - Saved article: One man, 1,000 dependents: How a dead man’s identity fueled Kuwait’s biggest citizenship scam | World News - The Times of India from Times of India
2026-01-23 12:54:54,434 - INFO - [Times of India] Article: https://timesofindia.indiatimes.com/world/us/how-driving-a-uber-in-trumps-america-changed-a-former-journalists-views-on-immigration/articleshow/127265099.cms
2026-01-23 12:54:54,435 - INFO - [Times of India] Attempt 1/1: Trying with 'selenium_browser' strategy...
2026-01-23 12:54:55,218 - INFO - [Times of India] Page content loaded.
2026-01-23 12:54:55,341 - INFO - [Times of India] Success with 'selenium_browser'. Found content (768 words).
2026-01-23 12:54:55,416 - INFO - Saved article: How driving a Uber in Trump's America changed a former journalist's views on immigration | World News - The Times of India from Times of India
2026-01-23 12:54:56,374 - INFO - [Times of India] Article: https://timesofindia.indiatimes.com/world/middle-east/saudi-arabia-rolls-out-nitaqat-2-0-targeting-340000-private-sector-jobs-over-three-years/articleshow/127246550.cms
2026-01-23 12:54:56,374 - INFO - [Times of India] Attempt 1/1: Trying with 'selenium_browser' strategy...
2026-01-23 12:54:57,125 - INFO - [Times of India] Page content loaded.
2026-01-23 12:54:57,215 - INFO - [Times of India] Success with 'selenium_browser'. Found content (482 words).
2026-01-23 12:54:57,265 - INFO - Saved article: Saudi Arabia rolls out Nitaqat 2.0, targeting 340,000 private sector jobs over three years | World News - The Times of India from Times of India
2026-01-23 12:54:57,781 - INFO - [Times of India] Article: https://timesofindia.indiatimes.com/world/rest-of-world/the-worlds-largest-and-deepest-gravity-hole-sits-in-the-indian-ocean/articleshow/127241211.cms
2026-01-23 12:54:57,781 - INFO - [Times of India] Attempt 1/1: Trying with 'selenium_browser' strategy...
2026-01-23 12:54:58,535 - INFO - [Times of India] Page content loaded.
2026-01-23 12:54:58,660 - INFO - [Times of India] Success with 'selenium_browser'. Found content (781 words).
2026-01-23 12:54:58,718 - INFO - Saved article: The world’s largest and deepest gravity hole sits in the Indian Ocean - The Times of India from Times of India
2026-01-23 12:54:59,621 - INFO - [Times of India] Article: https://timesofindia.indiatimes.com/world/us/board-of-peace-donald-trump-calls-putins-idea-of-using-frozen-russian-assets-very-interesting/articleshow/127238807.cms
2026-01-23 12:54:59,621 - INFO - [Times of India] Attempt 1/1: Trying with 'selenium_browser' strategy...
2026-01-23 12:55:00,653 - INFO - [Times of India] Page content loaded.
2026-01-23 12:55:00,788 - INFO - [Times of India] Success with 'selenium_browser'. Found content (384 words).
2026-01-23 12:55:00,842 - INFO - Saved article: Board of Peace: Donald Trump calls Putin’s idea of using frozen Russian assets ‘very interesting’ - The Times of India from Times of India
2026-01-23 12:55:01,810 - INFO - [Times of India] Article: https://timesofindia.indiatimes.com/world/middle-east/waiting-over-saudi-arabia-opens-property-ownership-applications-to-non-saudis-heres-how-to-apply/articleshow/127237031.cms
2026-01-23 12:55:01,810 - INFO - [Times of India] Attempt 1/1: Trying with 'selenium_browser' strategy...
2026-01-23 12:55:02,869 - INFO - [Times of India] Page content loaded.
2026-01-23 12:55:02,994 - INFO - [Times of India] Success with 'selenium_browser'. Found content (580 words).
2026-01-23 12:55:03,075 - INFO - Saved article: Waiting over: Saudi Arabia opens property ownership applications to non-Saudis, here’s how to apply | World News - The Times of India from Times of India
2026-01-23 12:55:04,483 - INFO - [Times of India] Article: https://timesofindia.indiatimes.com/world/us/donald-trump-sues-jpmorgan-ceo-jamie-dimon-for-5bn-over-political-debanking/articleshow/127235087.cms
2026-01-23 12:55:04,483 - INFO - [Times of India] Attempt 1/1: Trying with 'selenium_browser' strategy...
2026-01-23 12:55:05,668 - INFO - [Times of India] Page content loaded.
2026-01-23 12:55:05,782 - INFO - [Times of India] Success with 'selenium_browser'. Found content (428 words).
2026-01-23 12:55:05,863 - INFO - Saved article: Donald Trump sues JPMorgan, CEO Jamie Dimon for $5bn over ‘political debanking’ - The Times of India from Times of India
2026-01-23 12:55:07,330 - INFO - [Times of India] Article: https://timesofindia.indiatimes.com/world/rest-of-world/earthquakes-beneath-antarctica-may-be-the-reason-of-rich-marine-life/articleshow/127223099.cms
2026-01-23 12:55:07,330 - INFO - [Times of India] Attempt 1/1: Trying with 'selenium_browser' strategy...
2026-01-23 12:55:08,396 - INFO - [Times of India] Page content loaded.
2026-01-23 12:55:08,512 - INFO - [Times of India] Success with 'selenium_browser'. Found content (741 words).
2026-01-23 12:55:08,622 - INFO - Saved article: Earthquakes beneath Antarctica may be the reason of rich marine life | World News - The Times of India from Times of India
2026-01-23 12:55:09,401 - INFO - [Times of India] Article: https://timesofindia.indiatimes.com/world/middle-east/uae-sees-cloudy-weather-possible-rain-in-northern-regions-today/articleshow/127232406.cms
2026-01-23 12:55:09,401 - INFO - [Times of India] Attempt 1/1: Trying with 'selenium_browser' strategy...
2026-01-23 12:55:10,340 - INFO - [Times of India] Page content loaded.
2026-01-23 12:55:10,445 - INFO - [Times of India] Success with 'selenium_browser'. Found content (574 words).
2026-01-23 12:55:10,497 - INFO - Saved article: UAE sees cloudy weather, possible rain in northern regions today | World News - The Times of India from Times of India
2026-01-23 12:55:11,954 - INFO - [Times of India] Article: https://timesofindia.indiatimes.com/world/middle-east/no-outdoor-loudspeakers-this-ramadan-saudi-ministry-issues-clear-mosque-rules/articleshow/127232745.cms
2026-01-23 12:55:11,954 - INFO - [Times of India] Attempt 1/1: Trying with 'selenium_browser' strategy...
2026-01-23 12:55:12,800 - INFO - [Times of India] Page content loaded.
2026-01-23 12:55:12,915 - INFO - [Times of India] Success with 'selenium_browser'. Found content (363 words).
2026-01-23 12:55:12,979 - INFO - Saved article: No outdoor loudspeakers this Ramadan: Saudi Ministry issues clear mosque rules | World News - The Times of India from Times of India
2026-01-23 12:55:14,320 - INFO - [Times of India] Article: https://timesofindia.indiatimes.com/world/us/i-clippled-it-trump-says-his-hand-bruise-result-of-big-aspirin-he-takes/articleshow/127223894.cms
2026-01-23 12:55:14,320 - INFO - [Times of India] Attempt 1/1: Trying with 'selenium_browser' strategy...
2026-01-23 12:55:15,418 - INFO - [Times of India] Page content loaded.
2026-01-23 12:55:15,520 - INFO - [Times of India] Success with 'selenium_browser'. Found content (512 words).
2026-01-23 12:55:15,572 - INFO - Saved article: 'I clippled it': Trump says his hand bruise result of 'big aspirin' he takes - The Times of India from Times of India
2026-01-23 12:55:16,114 - INFO - [Times of India] Article: https://timesofindia.indiatimes.com/world/us/massive-us-military-fleet-moving-towards-iran-donald-trump-after-tehran-says-it-has-finger-on-trigger/articleshow/127221290.cms
2026-01-23 12:55:16,115 - INFO - [Times of India] Attempt 1/1: Trying with 'selenium_browser' strategy...
2026-01-23 12:55:16,865 - INFO - [Times of India] Page content loaded.
2026-01-23 12:55:16,975 - INFO - [Times of India] Success with 'selenium_browser'. Found content (768 words).
2026-01-23 12:55:17,042 - INFO - Saved article: ‘Massive US military fleet moving towards Iran’: Donald Trump after Tehran says it has ‘finger on trigger’ - The Times of India from Times of India
2026-01-23 12:55:17,982 - INFO - [Times of India] Article: https://timesofindia.indiatimes.com/world/us/h-1bs-are-taking-american-jobs-florida-set-to-ban-new-h-1b-hires-at-state-universities/articleshow/127222939.cms
2026-01-23 12:55:17,982 - INFO - [Times of India] Attempt 1/1: Trying with 'selenium_browser' strategy...
2026-01-23 12:55:19,118 - INFO - [Times of India] Page content loaded.
2026-01-23 12:55:19,244 - INFO - [Times of India] Success with 'selenium_browser'. Found content (431 words).
2026-01-23 12:55:19,312 - INFO - Saved article: ‘H-1Bs are taking American jobs’: Florida set to ban new H-1B hires at state universities | World News - The Times of India from Times of India
2026-01-23 12:55:20,687 - INFO - [Times of India] (Thread) Finished. Attempting to shut down its Selenium driver.
2026-01-23 12:55:21,073 - INFO - [Times of India] (Thread) driver.quit() successful.
2026-01-23 12:55:21,074 - INFO - Shutting down thread pool (wait=False)...
2026-01-23 12:55:21,074 - INFO - Scraped: 20 Times of India, 7 BBC, 25 The Hindu, 12 The Guardian articles. (Total saved: 64)
2026-01-23 12:55:21,074 - INFO - --- Scraping job finished ---
2026-01-23 12:55:21,080 - INFO - --- Scraper service stopped and database connection closed. ---
2026-01-23 12:55:21,080 - INFO - --- Main thread finished. Forcing process exit to kill zombie threads. ---
