2025-12-16 12:51:03,506 - INFO - Initializing database connection at: news_articles.db
2025-12-16 12:51:03,507 - INFO - --- Scraper service started (CI Mode: Run Once) ---
2025-12-16 12:51:03,507 - INFO - --- Starting new scraping job (Parallel Mode) ---
2025-12-16 12:51:03,507 - INFO - Creating new robust session with 3 retries on 5xx/connection/read errors.
2025-12-16 12:51:03,507 - INFO - Proxy is DISABLED.
2025-12-16 12:51:03,507 - INFO - Starting scrape for BBC RSS feed: http://feeds.bbci.co.uk/news/world/rss.xml
2025-12-16 12:51:03,508 - INFO - [Times of India] (Thread) requires Selenium. Initializing driver...
2025-12-16 12:51:03,508 - INFO - Initializing headless Selenium Chrome driver (using SeleniumManager)...
2025-12-16 12:51:03,508 - INFO - Starting scrape for The Guardian RSS feed: https://www.theguardian.com/world/rss
2025-12-16 12:51:03,509 - INFO - [The Hindu] (Thread) requires Selenium. Initializing driver...
2025-12-16 12:51:03,509 - INFO - Submitted 4 jobs to thread pool. Waiting up to 420s for completion...
2025-12-16 12:51:03,509 - INFO - Initializing headless Selenium Chrome driver (using SeleniumManager)...
2025-12-16 12:51:03,894 - INFO - Found 45 articles in The Guardian RSS feed. Processing up to 25.
2025-12-16 12:51:03,895 - INFO - [The Guardian] Article: https://www.theguardian.com/world/2025/dec/16/five-key-moments-in-the-assault-on-the-rights-of-women-and-girls-in-2025
2025-12-16 12:51:03,895 - INFO - [The Guardian] Attempt 1/1: Trying with 'requests_browser' strategy...
2025-12-16 12:51:04,075 - INFO - [The Guardian] Success with 'requests_browser'. Found content (914 words).
2025-12-16 12:51:04,119 - INFO - Saved article: Five key moments in the assault on the rights of women and girls in 2025 | Anti-rights movement | The Guardian from The Guardian
2025-12-16 12:51:04,137 - INFO - Found 30 articles in BBC RSS feed. Processing up to 25.
2025-12-16 12:51:04,138 - INFO - [BBC] Article: https://www.bbc.com/news/articles/cx2341yx719o?at_medium=RSS&at_campaign=rss
2025-12-16 12:51:04,138 - INFO - [BBC] Attempt 1/1: Trying with 'requests_browser' strategy...
2025-12-16 12:51:04,550 - INFO - [BBC] Success with 'requests_browser'. Found content (717 words).
2025-12-16 12:51:04,602 - INFO - Saved article: Hero couple tried to stop gunman before being killed in Bondi attack from BBC
2025-12-16 12:51:04,912 - INFO - [The Guardian] Article: https://www.theguardian.com/world/2025/dec/16/south-africa-russia-men-tricked-fighting-ukraine
2025-12-16 12:51:04,912 - INFO - [The Guardian] Attempt 1/1: Trying with 'requests_browser' strategy...
2025-12-16 12:51:04,966 - INFO - [The Guardian] Success with 'requests_browser'. Found content (503 words).
2025-12-16 12:51:05,022 - INFO - Selenium driver initialized successfully.
2025-12-16 12:51:05,022 - INFO - Starting scrape for The Hindu RSS feed: https://www.thehindu.com/news/national/feeder/default.rss
2025-12-16 12:51:05,023 - INFO - Selenium driver initialized successfully.
2025-12-16 12:51:05,023 - INFO - Starting scrape for Times of India RSS feed: https://timesofindia.indiatimes.com/rssfeeds/296589292.cms
2025-12-16 12:51:05,027 - INFO - Saved article: South Africa in talks with Russia over men ‘tricked’ into fighting in Ukraine | South Africa | The Guardian from The Guardian
2025-12-16 12:51:05,412 - INFO - Found 20 articles in Times of India RSS feed. Processing up to 25.
2025-12-16 12:51:05,412 - INFO - [Times of India] Article: https://timesofindia.indiatimes.com/world/us/go-check-on-father-schizophrenic-indian-origin-man-in-illinois-tells-mom-after-killing-dad-calls-murder-religious-duty/articleshow/126003818.cms
2025-12-16 12:51:05,412 - INFO - [Times of India] Attempt 1/1: Trying with 'selenium_browser' strategy...
2025-12-16 12:51:05,541 - INFO - [The Guardian] Article: https://www.theguardian.com/world/2025/dec/16/libya-national-museum-reopens
2025-12-16 12:51:05,541 - INFO - [The Guardian] Attempt 1/1: Trying with 'requests_browser' strategy...
2025-12-16 12:51:05,583 - INFO - [The Guardian] Success with 'requests_browser'. Found content (1229 words).
2025-12-16 12:51:05,632 - INFO - Saved article: Libya looks to its past to build a new future as national museum reopens | Libya | The Guardian from The Guardian
2025-12-16 12:51:05,766 - INFO - [BBC] Article: https://www.bbc.com/news/articles/cvg13z47vpdo?at_medium=RSS&at_campaign=rss
2025-12-16 12:51:05,766 - INFO - [BBC] Attempt 1/1: Trying with 'requests_browser' strategy...
2025-12-16 12:51:05,820 - INFO - [BBC] Success with 'requests_browser'. Found content (363 words).
2025-12-16 12:51:05,861 - INFO - Saved article: Australia PM Anthony Albanese visits Bondi hero Ahmed al Ahmed in hospital from BBC
2025-12-16 12:51:06,081 - INFO - Found 100 articles in The Hindu RSS feed. Processing up to 25.
2025-12-16 12:51:06,081 - INFO - [The Hindu] Article: https://www.thehindu.com/news/cities/bangalore/bengaluru-police-arrest-woman-in-chittoor-for-theft-on-tiruvannamalai-bound-bus-jewellery-worth-75-lakh-seized/article70402162.ece
2025-12-16 12:51:06,081 - INFO - [The Hindu] Attempt 1/1: Trying with 'selenium_browser' strategy...
2025-12-16 12:51:06,334 - INFO - [The Guardian] Article: https://www.theguardian.com/education/2025/dec/14/ghana-students-uk-universities-face-deportion-funding-crisis
2025-12-16 12:51:06,334 - INFO - [The Guardian] Attempt 1/1: Trying with 'requests_browser' strategy...
2025-12-16 12:51:06,495 - INFO - [The Guardian] Success with 'requests_browser'. Found content (604 words).
2025-12-16 12:51:06,550 - INFO - Duplicate article skipped: Ghanaian students at UK universities face deportation amid funding crisis | International students | The Guardian from The Guardian
2025-12-16 12:51:06,635 - INFO - [BBC] Article: https://www.bbc.com/news/articles/cde644367j0o?at_medium=RSS&at_campaign=rss
2025-12-16 12:51:06,635 - INFO - [BBC] Attempt 1/1: Trying with 'requests_browser' strategy...
2025-12-16 12:51:06,716 - INFO - [BBC] Success with 'requests_browser'. Found content (618 words).
2025-12-16 12:51:06,789 - INFO - Saved article: Police 'shot in the front': NSW premier rejects criticism of Bondi response from BBC
2025-12-16 12:51:07,470 - INFO - [The Guardian] Article: https://www.theguardian.com/science/2025/dec/15/little-foot-hominin-fossil-may-be-new-species-of-human-ancestor
2025-12-16 12:51:07,471 - INFO - [The Guardian] Attempt 1/1: Trying with 'requests_browser' strategy...
2025-12-16 12:51:07,567 - INFO - [The Guardian] Success with 'requests_browser'. Found content (553 words).
2025-12-16 12:51:07,667 - INFO - Duplicate article skipped: Little Foot hominin fossil may be new species of human ancestor | Evolution | The Guardian from The Guardian
2025-12-16 12:51:08,097 - INFO - [BBC] Article: https://www.bbc.com/news/articles/c7413d9xvkeo?at_medium=RSS&at_campaign=rss
2025-12-16 12:51:08,097 - INFO - [BBC] Attempt 1/1: Trying with 'requests_browser' strategy...
2025-12-16 12:51:08,197 - INFO - [BBC] Success with 'requests_browser'. Found content (635 words).
2025-12-16 12:51:08,378 - INFO - Saved article: Trump defends his criticism of killed Hollywood director Rob Reiner from BBC
2025-12-16 12:51:09,040 - INFO - [The Guardian] Article: https://www.theguardian.com/world/2025/dec/16/joesley-batista-brazil-luiz-inacio-lula-da-silva-trump
2025-12-16 12:51:09,040 - INFO - [The Guardian] Attempt 1/1: Trying with 'requests_browser' strategy...
2025-12-16 12:51:09,109 - INFO - [The Guardian] Success with 'requests_browser'. Found content (878 words).
2025-12-16 12:51:09,199 - INFO - Saved article: How a Brazilian meat tycoon accused of bribery and deforestation became a key player in regional diplomacy | Venezuela | The Guardian from The Guardian
2025-12-16 12:51:09,216 - INFO - [BBC] Article: https://www.bbc.com/news/articles/c4ge7412evlo?at_medium=RSS&at_campaign=rss
2025-12-16 12:51:09,216 - INFO - [BBC] Attempt 1/1: Trying with 'requests_browser' strategy...
2025-12-16 12:51:09,278 - INFO - [BBC] Success with 'requests_browser'. Found content (733 words).
2025-12-16 12:51:09,372 - INFO - Saved article: Roger Lumbala trial: French court sentences former DR Congo rebel leader to 30 years in jail from BBC
2025-12-16 12:51:09,775 - INFO - [The Hindu] Page content loaded.
2025-12-16 12:51:09,895 - INFO - [The Guardian] Article: https://www.theguardian.com/us-news/2025/dec/15/us-military-strikes-vessels-pacific
2025-12-16 12:51:09,895 - INFO - [The Guardian] Attempt 1/1: Trying with 'requests_browser' strategy...
2025-12-16 12:51:09,984 - INFO - [The Guardian] Success with 'requests_browser'. Found content (244 words).
2025-12-16 12:51:10,099 - INFO - Saved article: US military says eight killed in strikes on three boats in eastern Pacific | US military | The Guardian from The Guardian
2025-12-16 12:51:10,143 - INFO - [BBC] Article: https://www.bbc.com/news/articles/c3e0wd7110vo?at_medium=RSS&at_campaign=rss
2025-12-16 12:51:10,143 - INFO - [BBC] Attempt 1/1: Trying with 'requests_browser' strategy...
2025-12-16 12:51:10,253 - INFO - [BBC] Success with 'requests_browser'. Found content (477 words).
2025-12-16 12:51:10,467 - INFO - Saved article: US military says eight killed in strikes on alleged drug vessels from BBC
2025-12-16 12:51:10,826 - INFO - [The Hindu] Success with 'selenium_browser'. Found content (229 words).
2025-12-16 12:51:10,845 - INFO - [The Guardian] Article: https://www.theguardian.com/world/2025/dec/15/trinidad-tobago-us-access-airports-venezuela-tensions-grow
2025-12-16 12:51:10,845 - INFO - [The Guardian] Attempt 1/1: Trying with 'requests_browser' strategy...
2025-12-16 12:51:11,025 - INFO - Saved article: Bengaluru police arrest woman in Chittoor for theft on Tiruvannamalai-bound bus, jewellery worth ₹7.5 lakh seized - The Hindu from The Hindu
2025-12-16 12:51:11,032 - INFO - [The Guardian] Success with 'requests_browser'. Found content (678 words).
2025-12-16 12:51:11,135 - INFO - Duplicate article skipped: Venezuela accuses Trinidad and Tobago of taking part in US seizure of oil tanker | Trinidad and Tobago | The Guardian from The Guardian
2025-12-16 12:51:11,209 - INFO - [BBC] Article: https://www.bbc.com/news/articles/cn41gqq8vyko?at_medium=RSS&at_campaign=rss
2025-12-16 12:51:11,210 - INFO - [BBC] Attempt 1/1: Trying with 'requests_browser' strategy...
2025-12-16 12:51:11,272 - INFO - [BBC] Success with 'requests_browser'. Found content (355 words).
2025-12-16 12:51:11,346 - INFO - Duplicate article skipped: FBI foils New Year's Eve terror plot in Los Angeles, officials say from BBC
2025-12-16 12:51:12,216 - INFO - [The Hindu] Article: https://www.thehindu.com/videos/prakash-veer-interview-on-working-with-darshan-and-making-the-movie-the-devil/article70403163.ece
2025-12-16 12:51:12,216 - INFO - [The Hindu] Attempt 1/1: Trying with 'selenium_browser' strategy...
2025-12-16 12:51:12,392 - INFO - [The Guardian] Article: https://www.theguardian.com/world/2025/dec/15/jose-antonio-kast-chile-election-analysis
2025-12-16 12:51:12,392 - INFO - [The Guardian] Attempt 1/1: Trying with 'requests_browser' strategy...
2025-12-16 12:51:12,500 - INFO - [The Guardian] Success with 'requests_browser'. Found content (839 words).
2025-12-16 12:51:12,573 - INFO - [BBC] Article: https://www.bbc.com/news/articles/ce8qnzd680ro?at_medium=RSS&at_campaign=rss
2025-12-16 12:51:12,582 - INFO - [BBC] Attempt 1/1: Trying with 'requests_browser' strategy...
2025-12-16 12:51:12,666 - INFO - Duplicate article skipped: Chile’s new far-right head is latest Latin American leader to ride hardline wave to power | Chile | The Guardian from The Guardian
2025-12-16 12:51:12,764 - INFO - [BBC] Success with 'requests_browser'. Found content (763 words).
2025-12-16 12:51:12,992 - INFO - Duplicate article skipped: Rob Reiner's son Nick arrested after director and wife found dead from BBC
2025-12-16 12:51:13,541 - INFO - [The Guardian] Article: https://www.theguardian.com/world/2025/dec/15/maria-corina-machado-venezuela-norway
2025-12-16 12:51:13,541 - INFO - [The Guardian] Attempt 1/1: Trying with 'requests_browser' strategy...
2025-12-16 12:51:13,687 - INFO - [The Guardian] Success with 'requests_browser'. Found content (192 words).
2025-12-16 12:51:13,861 - INFO - [BBC] Article: https://www.bbc.com/news/articles/cjrjq2v7l3po?at_medium=RSS&at_campaign=rss
2025-12-16 12:51:13,861 - INFO - [BBC] Attempt 1/1: Trying with 'requests_browser' strategy...
2025-12-16 12:51:13,925 - INFO - Duplicate article skipped: Machado suffered vertebra fracture on secret trip from Venezuela to Norway | María Corina Machado | The Guardian from The Guardian
2025-12-16 12:51:14,071 - INFO - [BBC] Success with 'requests_browser'. Found content (780 words).
2025-12-16 12:51:14,174 - INFO - Duplicate article skipped: US offers Ukraine 'strong' security guarantees but territory still unresolved from BBC
2025-12-16 12:51:14,979 - INFO - [The Guardian] Article: https://www.theguardian.com/world/2025/dec/16/trump-urges-xi-jinping-to-free-hk-pro-democracy-media-tycoon-jimmy-lai
2025-12-16 12:51:14,979 - INFO - [The Guardian] Attempt 1/1: Trying with 'requests_browser' strategy...
2025-12-16 12:51:15,037 - INFO - [The Hindu] Page content loaded.
2025-12-16 12:51:15,053 - INFO - [The Guardian] Success with 'requests_browser'. Found content (401 words).
2025-12-16 12:51:15,075 - INFO - [BBC] Article: https://www.bbc.com/news/articles/cp844kjj37vo?at_medium=RSS&at_campaign=rss
2025-12-16 12:51:15,075 - INFO - [BBC] Attempt 1/1: Trying with 'requests_browser' strategy...
2025-12-16 12:51:15,253 - INFO - Saved article: Trump urges Xi Jinping to free HK pro-democracy media tycoon Jimmy Lai | Jimmy Lai | The Guardian from The Guardian
2025-12-16 12:51:15,311 - INFO - [BBC] Success with 'requests_browser'. Found content (1364 words).
2025-12-16 12:51:15,458 - INFO - Duplicate article skipped: Jimmy Lai: Hong Kong tycoon found guilty in high-profile national security case from BBC
2025-12-16 12:51:15,645 - INFO - [The Hindu] Success with 'selenium_browser'. Found content (95 words).
2025-12-16 12:51:15,891 - INFO - Saved article: Prakash Veer interview: On working with Darshan and making ‘The Devil’ - The Hindu from The Hindu
2025-12-16 12:51:16,607 - INFO - [The Guardian] Article: https://www.theguardian.com/business/2025/dec/15/uk-south-korea-sign-new-trade-deal-cars-food-drink-pharmaceutical-exports
2025-12-16 12:51:16,607 - INFO - [The Guardian] Attempt 1/1: Trying with 'requests_browser' strategy...
2025-12-16 12:51:16,676 - INFO - [BBC] Article: https://www.bbc.com/news/articles/c2dz15556l1o?at_medium=RSS&at_campaign=rss
2025-12-16 12:51:16,676 - INFO - [BBC] Attempt 1/1: Trying with 'requests_browser' strategy...
2025-12-16 12:51:16,699 - INFO - [The Guardian] Success with 'requests_browser'. Found content (419 words).
2025-12-16 12:51:16,797 - INFO - Duplicate article skipped: UK and South Korea sign new trade deal aimed at cars, salmon and Guinness | International trade | The Guardian from The Guardian
2025-12-16 12:51:16,845 - INFO - [BBC] Success with 'requests_browser'. Found content (563 words).
2025-12-16 12:51:16,896 - INFO - Duplicate article skipped: Iran Nobel laureate taken to hospital after 'violent arrest' - family from BBC
2025-12-16 12:51:17,193 - INFO - [The Hindu] Article: https://www.thehindu.com/news/national/west-bengal/west-bengal-sports-minister-aroop-biswas-resigns-lionel-messi-kolkata-salt-lake-stadium/article70403110.ece
2025-12-16 12:51:17,193 - INFO - [The Hindu] Attempt 1/1: Trying with 'selenium_browser' strategy...
2025-12-16 12:51:17,750 - INFO - [BBC] Article: https://www.bbc.com/news/articles/cjwyzlly6eno?at_medium=RSS&at_campaign=rss
2025-12-16 12:51:17,750 - INFO - [BBC] Attempt 1/1: Trying with 'requests_browser' strategy...
2025-12-16 12:51:17,802 - INFO - [BBC] Success with 'requests_browser'. Found content (250 words).
2025-12-16 12:51:17,869 - INFO - Duplicate article skipped: Morocco floods: Dozens killed in port city of Safi after heavy rains from BBC
2025-12-16 12:51:18,047 - INFO - [The Hindu] Page content loaded.
2025-12-16 12:51:18,252 - INFO - [The Hindu] Success with 'selenium_browser'. Found content (285 words).
2025-12-16 12:51:18,264 - INFO - [The Guardian] Article: https://www.theguardian.com/world/2025/dec/15/china-uyghur-human-rights-ice
2025-12-16 12:51:18,264 - INFO - [The Guardian] Attempt 1/1: Trying with 'requests_browser' strategy...
2025-12-16 12:51:18,360 - INFO - Saved article: West Bengal Sports Minister Aroop Biswas resigns over chaos at Lionel Messi’s event at Salt Lake stadium - The Hindu from The Hindu
2025-12-16 12:51:18,369 - INFO - [The Guardian] Success with 'requests_browser'. Found content (528 words).
2025-12-16 12:51:18,433 - INFO - Duplicate article skipped: Man who documented Uyghur camps in China may face removal from US after ICE arrest | China | The Guardian from The Guardian
2025-12-16 12:51:19,168 - INFO - [BBC] Article: https://www.bbc.com/news/articles/cdxwg94v4veo?at_medium=RSS&at_campaign=rss
2025-12-16 12:51:19,168 - INFO - [BBC] Attempt 1/1: Trying with 'requests_browser' strategy...
2025-12-16 12:51:19,259 - INFO - [BBC] Success with 'requests_browser'. Found content (546 words).
2025-12-16 12:51:19,342 - INFO - Duplicate article skipped: Messi: Football icon wraps up India tour with Delhi visit from BBC
2025-12-16 12:51:19,536 - INFO - [The Hindu] Article: https://www.thehindu.com/videos/watch-vb-g-ram-g-bill-will-weaken-mgnrega-priyanka-gandhi/article70403117.ece
2025-12-16 12:51:19,536 - INFO - [The Hindu] Attempt 1/1: Trying with 'selenium_browser' strategy...
2025-12-16 12:51:19,806 - INFO - [The Guardian] Article: https://www.theguardian.com/world/2025/dec/15/uk-condemns-hong-kongs-politically-motivated-targeting-of-jimmy-lai-after-conviction
2025-12-16 12:51:19,806 - INFO - [The Guardian] Attempt 1/1: Trying with 'requests_browser' strategy...
2025-12-16 12:51:19,905 - INFO - [BBC] Article: https://www.bbc.com/news/articles/ckg9ll6jpl0o?at_medium=RSS&at_campaign=rss
2025-12-16 12:51:19,906 - INFO - [BBC] Attempt 1/1: Trying with 'requests_browser' strategy...
2025-12-16 12:51:19,925 - INFO - [The Guardian] Success with 'requests_browser'. Found content (985 words).
2025-12-16 12:51:20,110 - INFO - Duplicate article skipped: Governments and rights groups condemn conviction of Hong Kong activist Jimmy Lai | Jimmy Lai | The Guardian from The Guardian
2025-12-16 12:51:20,158 - INFO - [BBC] Success with 'requests_browser'. Found content (969 words).
2025-12-16 12:51:20,287 - INFO - Duplicate article skipped: Brown University shooting: Two victims named as hunt resumes for gunman from BBC
2025-12-16 12:51:20,796 - INFO - [BBC] Article: https://www.bbc.com/news/articles/c0kde07lvvro?at_medium=RSS&at_campaign=rss
2025-12-16 12:51:20,796 - INFO - [BBC] Attempt 1/1: Trying with 'requests_browser' strategy...
2025-12-16 12:51:20,849 - INFO - [BBC] Success with 'requests_browser'. Found content (911 words).
2025-12-16 12:51:20,900 - INFO - Duplicate article skipped: Chile elects far-right José Antonio Kast as next president from BBC
2025-12-16 12:51:21,136 - INFO - [The Guardian] Article: https://www.theguardian.com/world/2025/dec/15/jimmy-lai-verdict-hong-kong-judges-national-security-charges
2025-12-16 12:51:21,136 - INFO - [The Guardian] Attempt 1/1: Trying with 'requests_browser' strategy...
2025-12-16 12:51:21,198 - INFO - [The Guardian] Success with 'requests_browser'. Found content (1179 words).
2025-12-16 12:51:21,254 - INFO - Duplicate article skipped: Hong Kong: Jimmy Lai facing life in prison after conviction on security charges | Hong Kong | The Guardian from The Guardian
2025-12-16 12:51:21,556 - INFO - [The Hindu] Page content loaded.
2025-12-16 12:51:21,638 - INFO - [The Hindu] Success with 'selenium_browser'. Found content (143 words).
2025-12-16 12:51:21,650 - INFO - [BBC] Article: https://www.bbc.com/news/articles/cvg1r89m6g7o?at_medium=RSS&at_campaign=rss
2025-12-16 12:51:21,650 - INFO - [BBC] Attempt 1/1: Trying with 'requests_browser' strategy...
2025-12-16 12:51:21,726 - INFO - Saved article: Watch: ‘VB-G RAM G’ Bill will weaken MGNREGA: Priyanka Gandhi - The Hindu from The Hindu
2025-12-16 12:51:21,759 - INFO - [BBC] Success with 'requests_browser'. Found content (1005 words).
2025-12-16 12:51:21,925 - INFO - Duplicate article skipped: 'Never give up': Belarusian prisoners celebrate release after US lifts sanctions from BBC
2025-12-16 12:51:22,011 - INFO - [The Guardian] Article: https://www.theguardian.com/australia-news/live/2025/dec/16/bondi-beach-shooting-live-updates-victims-terror-attack-jewish-festival-hanukah-al-ahmed-hero-gun-control-ntwnfb
2025-12-16 12:51:22,011 - INFO - [The Guardian] Attempt 1/1: Trying with 'requests_browser' strategy...
2025-12-16 12:51:22,424 - INFO - [The Hindu] Article: https://www.thehindu.com/news/national/maharashtra/bombay-high-court-reserves-order-on-pil-seeking-cbi-probe-into-lavasa-project/article70402817.ece
2025-12-16 12:51:22,424 - INFO - [The Hindu] Attempt 1/1: Trying with 'selenium_browser' strategy...
2025-12-16 12:51:22,499 - INFO - [The Guardian] Success with 'requests_browser'. Found content (2312 words).
2025-12-16 12:51:22,700 - INFO - Duplicate article skipped: Bondi beach shooting: ‘I couldn’t imagine I would lose my daughter here,’ says mother of youngest attack victim Matilda – as it happened | Australia news | The Guardian from The Guardian
2025-12-16 12:51:23,278 - INFO - [BBC] Article: https://www.bbc.com/news/articles/c2dz7r708dxo?at_medium=RSS&at_campaign=rss
2025-12-16 12:51:23,278 - INFO - [BBC] Attempt 1/1: Trying with 'requests_browser' strategy...
2025-12-16 12:51:23,332 - INFO - [BBC] Success with 'requests_browser'. Found content (295 words).
2025-12-16 12:51:23,370 - INFO - Duplicate article skipped: Five arrested over plot to attack German Christmas market from BBC
2025-12-16 12:51:23,567 - INFO - [The Guardian] Article: https://www.theguardian.com/business/2025/dec/16/myefo-jim-chalmers-australian-treasurer-budget-announcement
2025-12-16 12:51:23,567 - INFO - [The Guardian] Attempt 1/1: Trying with 'requests_browser' strategy...
2025-12-16 12:51:23,676 - INFO - [The Guardian] Success with 'requests_browser'. Found content (704 words).
2025-12-16 12:51:23,779 - INFO - Saved article: Jim Chalmers won’t have good news in Myefo. Instead, he’ll be trying to sell Labor’s good intentions | Australian economy | The Guardian from The Guardian
2025-12-16 12:51:24,027 - INFO - [BBC] Article: https://www.bbc.com/news/articles/ckgz15d5718o?at_medium=RSS&at_campaign=rss
2025-12-16 12:51:24,027 - INFO - [BBC] Attempt 1/1: Trying with 'requests_browser' strategy...
2025-12-16 12:51:24,144 - INFO - [BBC] Success with 'requests_browser'. Found content (1591 words).
2025-12-16 12:51:24,228 - INFO - Duplicate article skipped: Who were the Bondi beach shooting victims? from BBC
2025-12-16 12:51:24,767 - INFO - [The Guardian] Article: https://www.theguardian.com/australia-news/2025/dec/16/australian-prime-minister-albanese-visits-ahmed-al-ahmed-hospital-bondi-hero-ntwnfb
2025-12-16 12:51:24,767 - INFO - [The Guardian] Attempt 1/1: Trying with 'requests_browser' strategy...
2025-12-16 12:51:24,808 - INFO - [The Guardian] Success with 'requests_browser'. Found content (693 words).
2025-12-16 12:51:24,884 - INFO - Saved article: Australian prime minister praises Bondi hero Ahmed al-Ahmed as ‘best of our country’ | Bondi beach terror attack | The Guardian from The Guardian
2025-12-16 12:51:25,026 - INFO - [BBC] Article: https://www.bbc.com/news/articles/crl938n0872o?at_medium=RSS&at_campaign=rss
2025-12-16 12:51:25,026 - INFO - [BBC] Attempt 1/1: Trying with 'requests_browser' strategy...
2025-12-16 12:51:25,146 - INFO - [BBC] Success with 'requests_browser'. Found content (2100 words).
2025-12-16 12:51:25,214 - INFO - [The Hindu] Page content loaded.
2025-12-16 12:51:25,296 - INFO - Duplicate article skipped: What the divides within the Maga base mean for Trump from BBC
2025-12-16 12:51:25,361 - INFO - [The Hindu] Success with 'selenium_browser'. Found content (817 words).
2025-12-16 12:51:25,679 - INFO - Saved article: Bombay High Court reserves order on PIL seeking CBI probe into Lavasa project - The Hindu from The Hindu
2025-12-16 12:51:25,876 - INFO - [The Guardian] Article: https://www.theguardian.com/australia-news/2025/dec/16/anthony-albanese-strength-navigating-path-ahead-important-bravery-bondi-ntwnfb
2025-12-16 12:51:25,876 - INFO - [The Guardian] Attempt 1/1: Trying with 'requests_browser' strategy...
2025-12-16 12:51:25,914 - INFO - [The Guardian] Success with 'requests_browser'. Found content (773 words).
2025-12-16 12:51:26,134 - INFO - Saved article: Albanese’s own strength navigating the path ahead will be just as important as the bravery seen at Bondi | Bondi beach terror attack | The Guardian from The Guardian
2025-12-16 12:51:26,219 - INFO - [The Hindu] Article: https://www.thehindu.com/news/national/chhattisgarh/chhattisgarh-assembly-uproar-deforestation-mining-allegations-discussion-kedar-kashyap/article70402776.ece
2025-12-16 12:51:26,220 - INFO - [The Hindu] Attempt 1/1: Trying with 'selenium_browser' strategy...
2025-12-16 12:51:26,637 - INFO - [BBC] Article: https://www.bbc.com/news/articles/c8655gn84ego?at_medium=RSS&at_campaign=rss
2025-12-16 12:51:26,637 - INFO - [BBC] Attempt 1/1: Trying with 'requests_browser' strategy...
2025-12-16 12:51:26,758 - INFO - [BBC] Success with 'requests_browser'. Found content (1270 words).
2025-12-16 12:51:26,847 - INFO - Saved article: Balloons from Belarus are causing chaos in Lithuania. Is it smugglers, or a hybrid attack? from BBC
2025-12-16 12:51:26,874 - INFO - [The Guardian] Article: https://www.theguardian.com/australia-news/2025/dec/16/boris-and-sofia-gurman-identified-as-couple-who-lost-lives-trying-to-stop-bondi-gunmen-as-attack-began-ntwnfb
2025-12-16 12:51:26,874 - INFO - [The Guardian] Attempt 1/1: Trying with 'requests_browser' strategy...
2025-12-16 12:51:26,955 - INFO - [The Guardian] Success with 'requests_browser'. Found content (726 words).
2025-12-16 12:51:27,020 - INFO - Saved article: Couple in dashcam footage who were killed trying to fight off Bondi shooter identified as Boris and Sofia Gurman | Bondi beach terror attack | The Guardian from The Guardian
2025-12-16 12:51:27,800 - INFO - [The Hindu] Page content loaded.
2025-12-16 12:51:27,879 - INFO - [The Hindu] Success with 'selenium_browser'. Found content (416 words).
2025-12-16 12:51:28,119 - INFO - [The Guardian] Article: https://www.theguardian.com/world/2025/dec/16/ukraine-russia-peace-plans-zelenskyy-berlin-talks-putin
2025-12-16 12:51:28,119 - INFO - [The Guardian] Attempt 1/1: Trying with 'requests_browser' strategy...
2025-12-16 12:51:28,121 - INFO - [BBC] Article: https://www.bbc.com/news/articles/c8dy54e6ljqo?at_medium=RSS&at_campaign=rss
2025-12-16 12:51:28,121 - INFO - [BBC] Attempt 1/1: Trying with 'requests_browser' strategy...
2025-12-16 12:51:28,359 - INFO - Saved article: Chhattisgarh Assembly: Opposition alleged deforestation and mining claims create uproar - The Hindu from The Hindu
2025-12-16 12:51:28,409 - INFO - [BBC] Success with 'requests_browser'. Found content (1000 words).
2025-12-16 12:51:28,520 - INFO - [The Guardian] Success with 'requests_browser'. Found content (871 words).
2025-12-16 12:51:28,601 - INFO - Duplicate article skipped: How Bondi's Hanukkah festival turned from joy to horror within minutes from BBC
2025-12-16 12:51:28,695 - INFO - Saved article: Peace plans ready to be presented to Russia in days, says Zelenskyy | Ukraine | The Guardian from The Guardian
2025-12-16 12:51:29,366 - INFO - [The Guardian] Article: https://www.theguardian.com/world/live/2025/dec/16/ukraine-peace-talks-russia-europe-us-trump-latest-news-updates
2025-12-16 12:51:29,366 - INFO - [The Guardian] Attempt 1/1: Trying with 'requests_browser' strategy...
2025-12-16 12:51:29,455 - INFO - [The Guardian] Success with 'requests_browser'. Found content (2215 words).
2025-12-16 12:51:29,539 - INFO - Saved article: European leaders sign treaty establishing Ukraine war damages body – Europe live | Ukraine | The Guardian from The Guardian
2025-12-16 12:51:29,833 - INFO - [The Hindu] Article: https://www.thehindu.com/news/national/west-bengal/declared-dead-in-draft-rolls-trinamool-councillor-walks-into-crematorium-demands-own-last-rites/article70402920.ece
2025-12-16 12:51:29,833 - INFO - [The Hindu] Attempt 1/1: Trying with 'selenium_browser' strategy...
2025-12-16 12:51:30,058 - INFO - [BBC] Article: https://www.bbc.com/news/articles/cy4709kylkxo?at_medium=RSS&at_campaign=rss
2025-12-16 12:51:30,058 - INFO - [BBC] Attempt 1/1: Trying with 'requests_browser' strategy...
2025-12-16 12:51:30,111 - INFO - [BBC] Success with 'requests_browser'. Found content (1541 words).
2025-12-16 12:51:30,205 - INFO - Duplicate article skipped: Epstein’s UK flights had alleged British abuse victims on board, BBC finds from BBC
2025-12-16 12:51:30,421 - INFO - [The Guardian] Article: https://www.theguardian.com/world/2025/dec/16/europeans-mistakenly-think-most-immigrants-are-illegal-survey
2025-12-16 12:51:30,421 - INFO - [The Guardian] Attempt 1/1: Trying with 'requests_browser' strategy...
2025-12-16 12:51:30,584 - INFO - [The Guardian] Success with 'requests_browser'. Found content (712 words).
2025-12-16 12:51:30,633 - INFO - Saved article: Many Europeans mistakenly think most immigrants are illegal, poll shows | Migration | The Guardian from The Guardian
2025-12-16 12:51:30,760 - INFO - [BBC] Article: https://www.bbc.com/news/articles/c20gl66r0wno?at_medium=RSS&at_campaign=rss
2025-12-16 12:51:30,760 - INFO - [BBC] Attempt 1/1: Trying with 'requests_browser' strategy...
2025-12-16 12:51:30,818 - INFO - [BBC] Success with 'requests_browser'. Found content (1234 words).
2025-12-16 12:51:30,869 - INFO - Duplicate article skipped: Bondi shooting: Australian Jews react to attack with grief and anger from BBC
2025-12-16 12:51:31,154 - INFO - [The Hindu] Page content loaded.
2025-12-16 12:51:31,226 - INFO - [The Hindu] Success with 'selenium_browser'. Found content (473 words).
2025-12-16 12:51:31,283 - INFO - Saved article: Declared ‘dead’ in draft rolls, Trinamool councillor walks into crematorium, demands own last rites - The Hindu from The Hindu
2025-12-16 12:51:31,674 - INFO - [The Guardian] Article: https://www.theguardian.com/world/live/2025/dec/15/ukraine-us-russia-berlin-nato-eu-russian-funds-steve-witkoff-volodymyr-zelenskyy-vladimir-putin-europe-live-news
2025-12-16 12:51:31,674 - INFO - [The Guardian] Attempt 1/1: Trying with 'requests_browser' strategy...
2025-12-16 12:51:31,739 - INFO - [BBC] Article: https://www.bbc.com/news/articles/ckg9l1j9wxno?at_medium=RSS&at_campaign=rss
2025-12-16 12:51:31,739 - INFO - [BBC] Attempt 1/1: Trying with 'requests_browser' strategy...
2025-12-16 12:51:31,956 - INFO - [BBC] Success with 'requests_browser'. Found content (1098 words).
2025-12-16 12:51:32,059 - INFO - Duplicate article skipped: What we know so far about the Brown University shooting from BBC
2025-12-16 12:51:32,131 - INFO - [The Guardian] Success with 'requests_browser'. Found content (3417 words).
2025-12-16 12:51:32,462 - INFO - Duplicate article skipped: European leaders propose ‘multinational force’ and hail ‘significant progress’ on Ukraine talks – as it happened | Europe | The Guardian from The Guardian
2025-12-16 12:51:32,517 - INFO - [Times of India] Page content loaded.
2025-12-16 12:51:32,832 - INFO - [The Hindu] Article: https://www.thehindu.com/news/national/kerala/ksrtc-nets-record-ticket-collection-of-1077-crore/article70402841.ece
2025-12-16 12:51:32,838 - INFO - [The Hindu] Attempt 1/1: Trying with 'selenium_browser' strategy...
2025-12-16 12:51:32,918 - INFO - [Times of India] Success with 'selenium_browser'. Found content (311 words).
2025-12-16 12:51:32,990 - INFO - [BBC] Article: https://www.bbc.com/news/articles/clyzzxggl7go?at_medium=RSS&at_campaign=rss
2025-12-16 12:51:32,990 - INFO - [BBC] Attempt 1/1: Trying with 'requests_browser' strategy...
2025-12-16 12:51:33,096 - INFO - Saved article: Indian-origin man kills father in Illinois, asks mother to check on him | World News - The Times of India from Times of India
2025-12-16 12:51:33,130 - INFO - [BBC] Success with 'requests_browser'. Found content (2306 words).
2025-12-16 12:51:33,175 - INFO - Duplicate article skipped: What it would really take to stop Putin fighting in Ukraine from BBC
2025-12-16 12:51:33,444 - INFO - [The Guardian] Article: https://www.theguardian.com/world/2025/dec/15/ukraine-talks-european-leaders-meet-berlin-starmer-macron-zelenskyy-merz-us-witkoff
2025-12-16 12:51:33,444 - INFO - [The Guardian] Attempt 1/1: Trying with 'requests_browser' strategy...
2025-12-16 12:51:33,508 - INFO - [The Guardian] Success with 'requests_browser'. Found content (1606 words).
2025-12-16 12:51:33,568 - INFO - Duplicate article skipped: Europe ready to lead ‘multinational force’ in Ukraine as part of US peace plan | Ukraine | The Guardian from The Guardian
2025-12-16 12:51:33,681 - INFO - [Times of India] Article: https://timesofindia.indiatimes.com/world/middle-east/qatar-announces-2025-national-day-parade-timings/articleshow/126003534.cms
2025-12-16 12:51:33,681 - INFO - [Times of India] Attempt 1/1: Trying with 'selenium_browser' strategy...
2025-12-16 12:51:34,188 - INFO - [The Hindu] Page content loaded.
2025-12-16 12:51:34,503 - INFO - [The Hindu] Success with 'selenium_browser'. Found content (145 words).
2025-12-16 12:51:34,651 - INFO - Saved article: KSRTC nets record ticket collection of ₹10.77 crore - The Hindu from The Hindu
2025-12-16 12:51:35,812 - INFO - [The Hindu] Article: https://www.thehindu.com/news/national/kerala/local-body-polls-heads-and-deputy-heads-of-local-bodies-to-be-elected-on-december-26-and-27/article70402818.ece
2025-12-16 12:51:35,812 - INFO - [The Hindu] Attempt 1/1: Trying with 'selenium_browser' strategy...
2025-12-16 12:51:35,935 - INFO - [Times of India] Page content loaded.
2025-12-16 12:51:36,130 - INFO - [Times of India] Success with 'selenium_browser'. Found content (154 words).
2025-12-16 12:51:36,271 - INFO - Saved article: Qatar announces 2025 National Day parade timings | World News - The Times of India from Times of India
2025-12-16 12:51:37,668 - INFO - [Times of India] Article: https://timesofindia.indiatimes.com/world/rest-of-world/bondi-beach-attack-fresh-details-reveal-sajid-akrams-roots-in-hyderabad-migrated-to-australia-27-years-ago/articleshow/126002981.cms
2025-12-16 12:51:37,668 - INFO - [Times of India] Attempt 1/1: Trying with 'selenium_browser' strategy...
2025-12-16 12:51:39,395 - INFO - [Times of India] Page content loaded.
2025-12-16 12:51:39,522 - INFO - [Times of India] Success with 'selenium_browser'. Found content (594 words).
2025-12-16 12:51:39,584 - INFO - Saved article: Bondi Beach Attack: Fresh details reveal Sajid Akram’s roots in Hyderabad; migrated to Australia 27 years ago - The Times of India from Times of India
2025-12-16 12:51:40,192 - INFO - [Times of India] Article: https://timesofindia.indiatimes.com/nri/middle-east-news/dubai-visa-rejected-heres-what-youre-doing-wrong/articleshow/126000250.cms
2025-12-16 12:51:40,192 - INFO - [Times of India] Attempt 1/1: Trying with 'selenium_browser' strategy...
2025-12-16 12:51:41,253 - INFO - [Times of India] Page content loaded.
2025-12-16 12:51:41,402 - INFO - [Times of India] Success with 'selenium_browser'. Found content (513 words).
2025-12-16 12:51:41,451 - INFO - Saved article: Dubai visa rejected? Here’s what you’re doing wrong | - The Times of India from Times of India
2025-12-16 12:51:42,882 - INFO - [Times of India] Article: https://timesofindia.indiatimes.com/world/rest-of-world/bondi-beach-attack-shooters-inspired-by-is-under-went-military-style-training-what-cops-revealed/articleshow/125997869.cms
2025-12-16 12:51:42,882 - INFO - [Times of India] Attempt 1/1: Trying with 'selenium_browser' strategy...
2025-12-16 12:51:43,735 - INFO - [The Hindu] Page content loaded.
2025-12-16 12:51:43,888 - INFO - [The Hindu] Success with 'selenium_browser'. Found content (631 words).
2025-12-16 12:51:44,032 - INFO - Saved article: Heads and deputy heads of local bodies in Kerala to be elected on December 26 and 27 - The Hindu from The Hindu
2025-12-16 12:51:44,214 - INFO - [Times of India] Page content loaded.
2025-12-16 12:51:44,382 - INFO - [Times of India] Success with 'selenium_browser'. Found content (579 words).
2025-12-16 12:51:44,534 - INFO - Saved article: Bondi beach attack: Shooters inspired by IS, under went military style training — What cops revealed - The Times of India from Times of India
2025-12-16 12:51:44,880 - INFO - [The Hindu] Article: https://www.thehindu.com/news/national/kerala/kerala-seeks-withdrawal-of-vb-g-ram-g-bill-replacing-mgnregs/article70402665.ece
2025-12-16 12:51:44,880 - INFO - [The Hindu] Attempt 1/1: Trying with 'selenium_browser' strategy...
2025-12-16 12:51:45,038 - INFO - [Times of India] Article: https://timesofindia.indiatimes.com/world/europe/watch-russian-submarine-blows-up-as-ukraine-claims-underwater-drone-strike-first-such-attack/articleshow/125998225.cms
2025-12-16 12:51:45,039 - INFO - [Times of India] Attempt 1/1: Trying with 'selenium_browser' strategy...
2025-12-16 12:51:46,069 - INFO - [The Hindu] Page content loaded.
2025-12-16 12:51:46,518 - INFO - [The Hindu] Success with 'selenium_browser'. Found content (625 words).
2025-12-16 12:51:46,625 - INFO - Saved article: Kerala seeks withdrawal of ‘VB G RAM G’ Bill replacing MGNREGS - The Hindu from The Hindu
2025-12-16 12:51:47,225 - INFO - [Times of India] Page content loaded.
2025-12-16 12:51:47,437 - INFO - [Times of India] Success with 'selenium_browser'. Found content (226 words).
2025-12-16 12:51:47,519 - INFO - [The Hindu] Article: https://www.thehindu.com/news/national/telangana/cold-wave-alert-in-six-telangana-districts-on-december-17/article70402294.ece
2025-12-16 12:51:47,525 - INFO - [The Hindu] Attempt 1/1: Trying with 'selenium_browser' strategy...
2025-12-16 12:51:47,542 - INFO - Saved article: Watch: Russian submarine blows up as Ukraine claims underwater drone strike; first such attack - The Times of India from Times of India
2025-12-16 12:51:48,493 - INFO - [Times of India] Article: https://timesofindia.indiatimes.com/world/us/rob-and-michele-reiners-murder-what-happened-at-conan-obriens-party-hours-before-the-director-and-his-wife-were-found-dead/articleshow/125997352.cms
2025-12-16 12:51:48,493 - INFO - [Times of India] Attempt 1/1: Trying with 'selenium_browser' strategy...
2025-12-16 12:51:49,828 - INFO - [The Hindu] Page content loaded.
2025-12-16 12:51:50,058 - INFO - [Times of India] Page content loaded.
2025-12-16 12:51:50,363 - INFO - [Times of India] Success with 'selenium_browser'. Found content (530 words).
2025-12-16 12:51:50,441 - INFO - [The Hindu] Success with 'selenium_browser'. Found content (204 words).
2025-12-16 12:51:50,632 - INFO - Saved article: Rob and Michele Reiner’s murder: What happened at Conan O’Brien’s party hours before the director and his wife were found dead? - The Times of India from Times of India
2025-12-16 12:51:50,661 - INFO - Saved article: Cold wave alert in six Telangana districts on December 17 - The Hindu from The Hindu
2025-12-16 12:51:51,228 - INFO - [Times of India] Article: https://timesofindia.indiatimes.com/world/us/elon-musks-net-worth-the-worlds-richest-man-becomes-the-first-ever-with-600-billion-worth-amid-spacexs-valuation-surge/articleshow/125995554.cms
2025-12-16 12:51:51,228 - INFO - [Times of India] Attempt 1/1: Trying with 'selenium_browser' strategy...
2025-12-16 12:51:51,245 - INFO - [The Hindu] Article: https://www.thehindu.com/news/national/telangana/singareni-collieries-altmin-to-collaborate-for-battery-grade-lithium-refinery-in-telanganas-hyderabad/article70401973.ece
2025-12-16 12:51:51,245 - INFO - [The Hindu] Attempt 1/1: Trying with 'selenium_browser' strategy...
2025-12-16 12:51:52,316 - INFO - [Times of India] Page content loaded.
2025-12-16 12:51:52,591 - INFO - [Times of India] Success with 'selenium_browser'. Found content (656 words).
2025-12-16 12:51:52,707 - INFO - Saved article: Elon Musk's net worth: The world's richest man becomes the first ever with $600 billion worth amid SpaceX's valuation surge | World News - The Times of India from Times of India
2025-12-16 12:51:53,632 - INFO - [Times of India] Article: https://timesofindia.indiatimes.com/world/middle-east/saudi-arabia-imposes-heavy-fines-on-landlords-for-rent-and-contract-violations/articleshow/125995689.cms
2025-12-16 12:51:53,632 - INFO - [Times of India] Attempt 1/1: Trying with 'selenium_browser' strategy...
2025-12-16 12:51:53,735 - INFO - [The Hindu] Page content loaded.
2025-12-16 12:51:53,827 - INFO - [The Hindu] Success with 'selenium_browser'. Found content (393 words).
2025-12-16 12:51:53,941 - INFO - Saved article: Singareni Collieries, Altmin to collaborate for battery-grade lithium refinery in Telangana’s Hyderabad - The Hindu from The Hindu
2025-12-16 12:51:54,547 - INFO - [The Hindu] Article: https://www.thehindu.com/news/national/kerala/kerala-local-body-polls-2025-special-elections-on-january-13-in-three-postponed-wards/article70402641.ece
2025-12-16 12:51:54,547 - INFO - [The Hindu] Attempt 1/1: Trying with 'selenium_browser' strategy...
2025-12-16 12:51:55,593 - INFO - [Times of India] Page content loaded.
2025-12-16 12:51:55,739 - INFO - [Times of India] Success with 'selenium_browser'. Found content (360 words).
2025-12-16 12:51:55,836 - INFO - Saved article: Saudi Arabia imposes heavy fines on landlords for rent and contract violations | World News - The Times of India from Times of India
2025-12-16 12:51:55,837 - INFO - [The Hindu] Page content loaded.
2025-12-16 12:51:55,910 - INFO - [The Hindu] Success with 'selenium_browser'. Found content (155 words).
2025-12-16 12:51:55,997 - INFO - Saved article: Kerala local body polls 2025: Notification for special elections in three wards to be issued on Wednesday - The Hindu from The Hindu
2025-12-16 12:51:56,766 - INFO - [The Hindu] Article: https://www.thehindu.com/news/national/karnataka/noise-pollution-by-azaan-triggers-debate-in-karnataka-council/article70402544.ece
2025-12-16 12:51:56,766 - INFO - [The Hindu] Attempt 1/1: Trying with 'selenium_browser' strategy...
2025-12-16 12:51:56,965 - INFO - [Times of India] Article: https://timesofindia.indiatimes.com/world/middle-east/uae-ncm-predicts-rain-across-islands-and-northern-regions-on-tuesday-and-wednesday/articleshow/125996916.cms
2025-12-16 12:51:56,965 - INFO - [Times of India] Attempt 1/1: Trying with 'selenium_browser' strategy...
2025-12-16 12:51:58,511 - INFO - [The Hindu] Page content loaded.
2025-12-16 12:51:58,602 - INFO - [The Hindu] Success with 'selenium_browser'. Found content (325 words).
2025-12-16 12:51:58,684 - INFO - [Times of India] Page content loaded.
2025-12-16 12:51:58,705 - INFO - Saved article: ‘Noise pollution’ by azaan triggers debate in Karnataka Council - The Hindu from The Hindu
2025-12-16 12:51:58,897 - INFO - [Times of India] Success with 'selenium_browser'. Found content (365 words).
2025-12-16 12:51:59,258 - INFO - Saved article: UAE: NCM predicts rain across Islands and Northern Regions on Tuesday and Wednesday | World News - The Times of India from Times of India
2025-12-16 12:51:59,493 - INFO - [The Hindu] Article: https://www.thehindu.com/news/national/karnataka/karnataka-government-acted-on-violation-of-kannada-language-act-by-two-schools-in-bengaluru-says-minister-madhu-bangarappa/article70402513.ece
2025-12-16 12:51:59,493 - INFO - [The Hindu] Attempt 1/1: Trying with 'selenium_browser' strategy...
2025-12-16 12:51:59,830 - INFO - [Times of India] Article: https://timesofindia.indiatimes.com/world/middle-east/dubai-introduces-new-number-plates-for-delivery-motorcycles-and-e-bikes/articleshow/125996989.cms
2025-12-16 12:51:59,830 - INFO - [Times of India] Attempt 1/1: Trying with 'selenium_browser' strategy...
2025-12-16 12:52:01,261 - INFO - [Times of India] Page content loaded.
2025-12-16 12:52:01,362 - INFO - [Times of India] Success with 'selenium_browser'. Found content (201 words).
2025-12-16 12:52:01,423 - INFO - Saved article: Dubai introduces new number plates for delivery motorcycles and e-bikes | World News - The Times of India from Times of India
2025-12-16 12:52:02,065 - INFO - [The Hindu] Page content loaded.
2025-12-16 12:52:02,167 - INFO - [Times of India] Article: https://timesofindia.indiatimes.com/world/us/rift-cooling-erika-kirk-candace-owens-share-and-clarify-intel-hold-productive-meeting/articleshow/125994101.cms
2025-12-16 12:52:02,167 - INFO - [Times of India] Attempt 1/1: Trying with 'selenium_browser' strategy...
2025-12-16 12:52:02,663 - INFO - [The Hindu] Success with 'selenium_browser'. Found content (239 words).
2025-12-16 12:52:02,799 - INFO - Saved article: Govt acted on violation of Kannada language Act by two schools in Bengaluru: Minister - The Hindu from The Hindu
2025-12-16 12:52:03,588 - INFO - [Times of India] Page content loaded.
2025-12-16 12:52:03,745 - INFO - [Times of India] Success with 'selenium_browser'. Found content (235 words).
2025-12-16 12:52:03,802 - INFO - Saved article: Rift cooling? Erika Kirk, Candace Owens 'share and clarify' intel; hold 'productive' meeting - The Times of India from Times of India
2025-12-16 12:52:04,083 - INFO - [The Hindu] Article: https://www.thehindu.com/news/national/west-bengal/bengal-govt-issues-show-cause-notices-to-dgp-senior-officers-for-messi-event-mismanagement-at-salt-lake-stadium/article70402614.ece
2025-12-16 12:52:04,083 - INFO - [The Hindu] Attempt 1/1: Trying with 'selenium_browser' strategy...
2025-12-16 12:52:04,705 - INFO - [Times of India] Article: https://timesofindia.indiatimes.com/world/us/no-bomb-does-what-this-is-doing-why-trump-called-fentanyl-a-weapon-of-mass-destruction-what-it-is/articleshow/125996094.cms
2025-12-16 12:52:04,705 - INFO - [Times of India] Attempt 1/1: Trying with 'selenium_browser' strategy...
2025-12-16 12:52:04,793 - INFO - [The Hindu] Page content loaded.
2025-12-16 12:52:04,975 - INFO - [The Hindu] Success with 'selenium_browser'. Found content (264 words).
2025-12-16 12:52:05,058 - INFO - Saved article: Bengal Govt issues show-cause notices to DGP, senior officers for Messi event 'mismanagement' at Salt Lake Stadium - The Hindu from The Hindu
2025-12-16 12:52:05,738 - INFO - [Times of India] Page content loaded.
2025-12-16 12:52:05,767 - INFO - [The Hindu] Article: https://www.thehindu.com/news/national/tamil-nadu/bjp-eyes-stronger-nda-for-2026-tn-assembly-polls-with-fresh-election-in-charge-appointments/article70401910.ece
2025-12-16 12:52:05,767 - INFO - [The Hindu] Attempt 1/1: Trying with 'selenium_browser' strategy...
2025-12-16 12:52:06,019 - INFO - [Times of India] Success with 'selenium_browser'. Found content (658 words).
2025-12-16 12:52:06,137 - INFO - Saved article: ‘No bomb does what this is doing’: Why Trump called fentanyl a ‘weapon of mass destruction’ - what it is - The Times of India from Times of India
2025-12-16 12:52:07,386 - INFO - [Times of India] Article: https://timesofindia.indiatimes.com/world/us-streamers/we-had-chemistry-nick-fuentes-makes-bold-comment-on-candace-owens-as-charlie-kirk-controversy-grows/articleshow/125992757.cms
2025-12-16 12:52:07,386 - INFO - [Times of India] Attempt 1/1: Trying with 'selenium_browser' strategy...
2025-12-16 12:52:08,405 - INFO - [The Hindu] Page content loaded.
2025-12-16 12:52:08,517 - INFO - [The Hindu] Success with 'selenium_browser'. Found content (479 words).
2025-12-16 12:52:08,616 - INFO - Saved article: BJP eyes stronger NDA for 2026 T.N. Assembly polls with fresh election in-charge appointments - The Hindu from The Hindu
2025-12-16 12:52:08,800 - INFO - [Times of India] Page content loaded.
2025-12-16 12:52:08,944 - INFO - [Times of India] Success with 'selenium_browser'. Found content (551 words).
2025-12-16 12:52:08,999 - INFO - Duplicate article skipped: “We had chemistry”: Nick Fuentes makes bold comment on Candace Owens as Charlie Kirk controversy grows - The Times of India from Times of India
2025-12-16 12:52:09,751 - INFO - [The Hindu] Article: https://www.thehindu.com/news/national/kerala/infopark-kochi-proposes-shifting-silverline-station-to-phase-3-to-free-up-frozen-land-under-phase-2/article70402398.ece
2025-12-16 12:52:09,751 - INFO - [The Hindu] Attempt 1/1: Trying with 'selenium_browser' strategy...
2025-12-16 12:52:10,272 - INFO - [Times of India] Article: https://timesofindia.indiatimes.com/world/us/rob-and-michele-reiner-murder-son-arrested-photos-emerge-of-nick-handcuffed-and-pinned-to-the-ground/articleshow/125994404.cms
2025-12-16 12:52:10,272 - INFO - [Times of India] Attempt 1/1: Trying with 'selenium_browser' strategy...
2025-12-16 12:52:12,699 - INFO - [Times of India] Page content loaded.
2025-12-16 12:52:12,821 - INFO - [The Hindu] Page content loaded.
2025-12-16 12:52:12,954 - INFO - [Times of India] Success with 'selenium_browser'. Found content (449 words).
2025-12-16 12:52:13,123 - INFO - Saved article: Rob and Michele Reiner murder: Son arrested; photos emerge of Nick handcuffed and pinned to the ground - The Times of India from Times of India
2025-12-16 12:52:13,128 - INFO - [The Hindu] Success with 'selenium_browser'. Found content (394 words).
2025-12-16 12:52:13,337 - INFO - Saved article: Infopark Kochi proposes shifting SilverLine station to Phase 3 to free up frozen land under Phase 2 - The Hindu from The Hindu
2025-12-16 12:52:14,432 - INFO - [The Hindu] Article: https://www.thehindu.com/news/national/bondi-beach-attack-gunmen-indian-visited-hyderabad-dec-16-2025/article70402458.ece
2025-12-16 12:52:14,432 - INFO - [The Hindu] Attempt 1/1: Trying with 'selenium_browser' strategy...
2025-12-16 12:52:14,504 - INFO - [Times of India] Article: https://timesofindia.indiatimes.com/world/us/she-said-yes-donald-trump-jr-announces-engagement-to-bettina-anderson-in-front-of-father-watch/articleshow/125995547.cms
2025-12-16 12:52:14,504 - INFO - [Times of India] Attempt 1/1: Trying with 'selenium_browser' strategy...
2025-12-16 12:52:15,482 - INFO - [The Hindu] Page content loaded.
2025-12-16 12:52:15,746 - INFO - [The Hindu] Success with 'selenium_browser'. Found content (437 words).
2025-12-16 12:52:15,907 - INFO - Saved article: One of two Bondi Beach attackers is an Indian, last visited Hyderabad in 2022: Indian officials - The Hindu from The Hindu
2025-12-16 12:52:16,330 - INFO - [Times of India] Page content loaded.
2025-12-16 12:52:16,553 - INFO - [Times of India] Success with 'selenium_browser'. Found content (239 words).
2025-12-16 12:52:16,649 - INFO - Saved article: 'She said yes': Donald Trump Jr. announces engagement to Bettina Anderson in front of father — Watch - The Times of India from Times of India
2025-12-16 12:52:17,268 - INFO - [The Hindu] Article: https://www.thehindu.com/news/national/jaishankar-arrives-in-israel-on-two-day-visit-to-hold-talks-with-top-leadership/article70402562.ece
2025-12-16 12:52:17,268 - INFO - [The Hindu] Attempt 1/1: Trying with 'selenium_browser' strategy...
2025-12-16 12:52:17,334 - INFO - [Times of India] Article: https://timesofindia.indiatimes.com/world/us/wedding-bells-soon-fbi-director-kash-patels-girlfriend-alexis-wilkins-fuels-engagement-buzz-online/articleshow/125994978.cms
2025-12-16 12:52:17,335 - INFO - [Times of India] Attempt 1/1: Trying with 'selenium_browser' strategy...
2025-12-16 12:52:18,548 - INFO - [The Hindu] Page content loaded.
2025-12-16 12:52:18,717 - INFO - [The Hindu] Success with 'selenium_browser'. Found content (370 words).
2025-12-16 12:52:18,816 - INFO - Saved article: Jaishankar arrives in Israel on two-day visit; to hold talks with top leadership - The Hindu from The Hindu
2025-12-16 12:52:18,936 - INFO - [Times of India] Page content loaded.
2025-12-16 12:52:19,123 - INFO - [Times of India] Success with 'selenium_browser'. Found content (364 words).
2025-12-16 12:52:19,204 - INFO - Saved article: Wedding bells soon? FBI director Kash Patel’s girlfriend Alexis Wilkins fuels engagement buzz online - The Times of India from Times of India
2025-12-16 12:52:19,445 - INFO - [The Hindu] Article: https://www.thehindu.com/news/national/andhra-pradesh/andhras-vissannapeta-police-launch-search-for-life-is-beautiful-ceo-shivani/article70402392.ece
2025-12-16 12:52:19,445 - INFO - [The Hindu] Attempt 1/1: Trying with 'selenium_browser' strategy...
2025-12-16 12:52:20,017 - INFO - [Times of India] Article: https://timesofindia.indiatimes.com/world/us-streamers/ted-cruz-reacts-as-candace-owens-and-erika-kirk-plan-face-to-face-meeting-over-charlie-kirk-killing/articleshow/125990300.cms
2025-12-16 12:52:20,017 - INFO - [Times of India] Attempt 1/1: Trying with 'selenium_browser' strategy...
2025-12-16 12:52:21,352 - INFO - [Times of India] Page content loaded.
2025-12-16 12:52:21,526 - INFO - [Times of India] Success with 'selenium_browser'. Found content (572 words).
2025-12-16 12:52:21,655 - INFO - Duplicate article skipped: Ted Cruz reacts as Candace Owens and Erika Kirk plan face to face meeting over Charlie Kirk killing - The Times of India from Times of India
2025-12-16 12:52:22,444 - INFO - [Times of India] Article: https://timesofindia.indiatimes.com/world/us-streamers/tucker-genal-cause-of-death-popular-tiktok-star-dies-at-31/articleshow/125995692.cms
2025-12-16 12:52:22,444 - INFO - [Times of India] Attempt 1/1: Trying with 'selenium_browser' strategy...
2025-12-16 12:52:22,650 - INFO - [The Hindu] Page content loaded.
2025-12-16 12:52:22,798 - INFO - [The Hindu] Success with 'selenium_browser'. Found content (202 words).
2025-12-16 12:52:22,883 - INFO - Saved article: Andhra’s Vissannapeta police launch search for ‘Life is Beautiful’ CEO Shivani - The Hindu from The Hindu
2025-12-16 12:52:23,325 - INFO - [Times of India] Page content loaded.
2025-12-16 12:52:23,487 - INFO - [Times of India] Success with 'selenium_browser'. Found content (492 words).
2025-12-16 12:52:23,569 - INFO - Saved article: Tucker Genal cause of death: Popular TikTok star dies at 31 - The Times of India from Times of India
2025-12-16 12:52:24,351 - INFO - [The Hindu] Article: https://www.thehindu.com/news/national/andhra-pradesh/andhra-cm-naidu-stresses-on-need-to-promote-naturopathy-yoga-for-preventive-wellness/article70402290.ece
2025-12-16 12:52:24,351 - INFO - [The Hindu] Attempt 1/1: Trying with 'selenium_browser' strategy...
2025-12-16 12:52:24,528 - INFO - [Times of India] Article: https://timesofindia.indiatimes.com/world/us/watch-us-conducts-strikes-on-3-suspected-narco-trafficking-vessels-video-shows-kinetic-strike/articleshow/125994160.cms
2025-12-16 12:52:24,528 - INFO - [Times of India] Attempt 1/1: Trying with 'selenium_browser' strategy...
2025-12-16 12:52:26,387 - INFO - [Times of India] Page content loaded.
2025-12-16 12:52:26,457 - INFO - [The Hindu] Page content loaded.
2025-12-16 12:52:26,620 - INFO - [Times of India] Success with 'selenium_browser'. Found content (217 words).
2025-12-16 12:52:26,703 - INFO - Saved article: Watch: US conducts strikes on 3 suspected narco-trafficking vessels; video shows 'kinetic strike' - The Times of India from Times of India
2025-12-16 12:52:26,729 - INFO - [The Hindu] Success with 'selenium_browser'. Found content (302 words).
2025-12-16 12:52:26,896 - INFO - Saved article: Andhra ​CM Naidu stresses on need to promote Naturopathy, Yoga for preventive wellness - The Hindu from The Hindu
2025-12-16 12:52:27,262 - INFO - [Times of India] (Thread) Finished. Attempting to shut down its Selenium driver.
2025-12-16 12:52:27,405 - INFO - [Times of India] (Thread) driver.quit() successful.
2025-12-16 12:52:28,004 - INFO - [The Hindu] Article: https://www.thehindu.com/news/national/pm-narendra-modi-ethiopia-visit-updates-december-16-2025/article70402401.ece
2025-12-16 12:52:28,004 - INFO - [The Hindu] Attempt 1/1: Trying with 'selenium_browser' strategy...
2025-12-16 12:52:28,534 - INFO - [The Hindu] Page content loaded.
2025-12-16 12:52:28,656 - INFO - [The Hindu] Success with 'selenium_browser'. Found content (240 words).
2025-12-16 12:52:28,718 - INFO - Saved article: Prime Minister Narendra Modi departed for Ethiopia from Jordan - The Hindu from The Hindu
2025-12-16 12:52:29,445 - INFO - [The Hindu] Article: https://www.thehindu.com/news/national/andhra-pradesh/andhra-pradesh-congress-chief-sharmila-slams-centres-move-to-rename-mgnrega/article70402057.ece
2025-12-16 12:52:29,445 - INFO - [The Hindu] Attempt 1/1: Trying with 'selenium_browser' strategy...
2025-12-16 12:52:30,195 - INFO - [The Hindu] Page content loaded.
2025-12-16 12:52:30,239 - INFO - [The Hindu] Success with 'selenium_browser'. Found content (238 words).
2025-12-16 12:52:30,312 - INFO - Saved article: Andhra Pradesh Congress chief Sharmila slams Centre’s move to rename MGNREGA - The Hindu from The Hindu
2025-12-16 12:52:31,427 - INFO - [The Hindu] Article: https://www.thehindu.com/news/cities/Coimbatore/leopard-found-dead-near-kotagiri/article70402368.ece
2025-12-16 12:52:31,427 - INFO - [The Hindu] Attempt 1/1: Trying with 'selenium_browser' strategy...
2025-12-16 12:52:32,196 - INFO - [The Hindu] Page content loaded.
2025-12-16 12:52:32,441 - INFO - [The Hindu] Success with 'selenium_browser'. Found content (92 words).
2025-12-16 12:52:32,524 - INFO - Saved article: Leopard found dead near Kotagiri - The Hindu from The Hindu
2025-12-16 12:52:33,261 - INFO - [The Hindu] (Thread) Finished. Attempting to shut down its Selenium driver.
2025-12-16 12:52:33,429 - INFO - [The Hindu] (Thread) driver.quit() successful.
2025-12-16 12:52:33,429 - INFO - Shutting down thread pool (wait=False)...
2025-12-16 12:52:33,429 - INFO - Scraped: 25 The Hindu, 7 BBC, 13 The Guardian, 18 Times of India articles. (Total saved: 63)
2025-12-16 12:52:33,429 - INFO - --- Scraping job finished ---
2025-12-16 12:52:33,435 - INFO - --- Scraper service stopped and database connection closed. ---
2025-12-16 12:52:33,435 - INFO - --- Main thread finished. Forcing process exit to kill zombie threads. ---
