2025-12-14 12:42:34,721 - INFO - Initializing database connection at: news_articles.db
2025-12-14 12:42:34,721 - INFO - --- Scraper service started (CI Mode: Run Once) ---
2025-12-14 12:42:34,721 - INFO - --- Starting new scraping job (Parallel Mode) ---
2025-12-14 12:42:34,721 - INFO - Creating new robust session with 3 retries on 5xx/connection/read errors.
2025-12-14 12:42:34,721 - INFO - Proxy is DISABLED.
2025-12-14 12:42:34,722 - INFO - Starting scrape for BBC RSS feed: http://feeds.bbci.co.uk/news/world/rss.xml
2025-12-14 12:42:34,722 - INFO - [Times of India] (Thread) requires Selenium. Initializing driver...
2025-12-14 12:42:34,722 - INFO - Initializing headless Selenium Chrome driver (using SeleniumManager)...
2025-12-14 12:42:34,723 - INFO - Starting scrape for The Guardian RSS feed: https://www.theguardian.com/world/rss
2025-12-14 12:42:34,724 - INFO - [The Hindu] (Thread) requires Selenium. Initializing driver...
2025-12-14 12:42:34,724 - INFO - Initializing headless Selenium Chrome driver (using SeleniumManager)...
2025-12-14 12:42:34,725 - INFO - Submitted 4 jobs to thread pool. Waiting up to 420s for completion...
2025-12-14 12:42:34,820 - INFO - Found 45 articles in The Guardian RSS feed. Processing up to 25.
2025-12-14 12:42:34,820 - INFO - [The Guardian] Article: https://www.theguardian.com/world/2025/dec/13/drone-strike-on-un-facility-in-war-torn-sudan-leaves-six-peacekeepers-dead
2025-12-14 12:42:34,820 - INFO - [The Guardian] Attempt 1/1: Trying with 'requests_browser' strategy...
2025-12-14 12:42:34,854 - INFO - [The Guardian] Success with 'requests_browser'. Found content (357 words).
2025-12-14 12:42:34,900 - INFO - Duplicate article skipped: Drone strike on UN facility in war-torn Sudan leaves six peacekeepers dead | Sudan | The Guardian from The Guardian
2025-12-14 12:42:34,955 - INFO - Found 29 articles in BBC RSS feed. Processing up to 25.
2025-12-14 12:42:34,956 - INFO - [BBC] Article: https://www.bbc.com/news/videos/c62l00q1v88o?at_medium=RSS&at_campaign=rss
2025-12-14 12:42:34,956 - INFO - [BBC] Attempt 1/1: Trying with 'requests_browser' strategy...
2025-12-14 12:42:35,058 - WARNING - [BBC] FAILED with 'requests_browser' (content was too short: 77 words).
2025-12-14 12:42:35,058 - ERROR - [BBC] All scrape strategies failed for https://www.bbc.com/news/videos/c62l00q1v88o?at_medium=RSS&at_campaign=rss. Falling back to RSS description.
2025-12-14 12:42:35,062 - INFO - Saved article: Eyewitness captures moment man tackles and disarms Bondi shooter from BBC
2025-12-14 12:42:36,010 - INFO - [BBC] Article: https://www.bbc.com/news/articles/ckg9ll6jpl0o?at_medium=RSS&at_campaign=rss
2025-12-14 12:42:36,010 - INFO - [BBC] Attempt 1/1: Trying with 'requests_browser' strategy...
2025-12-14 12:42:36,040 - INFO - [BBC] Success with 'requests_browser'. Found content (200 words).
2025-12-14 12:42:36,088 - INFO - Saved article: 'Person of interest' detained over Brown University shooting, official says from BBC
2025-12-14 12:42:36,236 - INFO - [The Guardian] Article: https://www.theguardian.com/world/2025/dec/13/us-accuses-rwanda-of-violating-peace-deal
2025-12-14 12:42:36,236 - INFO - [The Guardian] Attempt 1/1: Trying with 'requests_browser' strategy...
2025-12-14 12:42:36,257 - INFO - [The Guardian] Success with 'requests_browser'. Found content (632 words).
2025-12-14 12:42:36,294 - INFO - Duplicate article skipped: US scolds Rwanda for breaking peace deal as M23 rebels seize key Congo city | Rwanda | The Guardian from The Guardian
2025-12-14 12:42:36,854 - INFO - [The Guardian] Article: https://www.theguardian.com/us-news/2025/dec/12/trump-ends-temporary-legal-status-ethiopia
2025-12-14 12:42:36,854 - INFO - [The Guardian] Attempt 1/1: Trying with 'requests_browser' strategy...
2025-12-14 12:42:36,875 - INFO - [The Guardian] Success with 'requests_browser'. Found content (322 words).
2025-12-14 12:42:36,911 - INFO - Duplicate article skipped: US ends temporary legal status for Ethiopians amid Trump crackdown | Trump administration | The Guardian from The Guardian
2025-12-14 12:42:37,309 - INFO - [BBC] Article: https://www.bbc.com/news/articles/cvg1r89m6g7o?at_medium=RSS&at_campaign=rss
2025-12-14 12:42:37,309 - INFO - [BBC] Attempt 1/1: Trying with 'requests_browser' strategy...
2025-12-14 12:42:37,336 - INFO - [BBC] Success with 'requests_browser'. Found content (1005 words).
2025-12-14 12:42:37,374 - INFO - Saved article: 'Never give up': Belarusian prisoners celebrate release after US lifts sanctions from BBC
2025-12-14 12:42:38,386 - INFO - [The Guardian] Article: https://www.theguardian.com/world/2025/dec/12/uk-sanctions-four-rsf-commanders-heinous-violence-against-sudan-civilians
2025-12-14 12:42:38,386 - INFO - [The Guardian] Attempt 1/1: Trying with 'requests_browser' strategy...
2025-12-14 12:42:38,415 - INFO - [The Guardian] Success with 'requests_browser'. Found content (798 words).
2025-12-14 12:42:38,466 - INFO - Duplicate article skipped: UK imposes sanctions on four RSF officers for ‘heinous’ mass killings in Sudan | Sudan | The Guardian from The Guardian
2025-12-14 12:42:38,622 - INFO - [BBC] Article: https://www.bbc.com/news/articles/c2dz7r708dxo?at_medium=RSS&at_campaign=rss
2025-12-14 12:42:38,622 - INFO - [BBC] Attempt 1/1: Trying with 'requests_browser' strategy...
2025-12-14 12:42:38,644 - INFO - [BBC] Success with 'requests_browser'. Found content (295 words).
2025-12-14 12:42:38,677 - INFO - Saved article: Five arrested over plot to attack German Christmas market from BBC
2025-12-14 12:42:39,281 - INFO - [BBC] Article: https://www.bbc.com/news/articles/cx2dklj3rxvo?at_medium=RSS&at_campaign=rss
2025-12-14 12:42:39,281 - INFO - [BBC] Attempt 1/1: Trying with 'requests_browser' strategy...
2025-12-14 12:42:39,307 - INFO - [BBC] Success with 'requests_browser'. Found content (597 words).
2025-12-14 12:42:39,342 - INFO - Duplicate article skipped: Israel targets senior Hamas official in deadly Gaza strike from BBC
2025-12-14 12:42:39,451 - INFO - [The Guardian] Article: https://www.theguardian.com/world/2025/dec/11/fate-of-11-nigerian-troops-unclear-after-unauthorised-plane-landing-in-burkina-faso
2025-12-14 12:42:39,451 - INFO - [The Guardian] Attempt 1/1: Trying with 'requests_browser' strategy...
2025-12-14 12:42:39,471 - INFO - [The Guardian] Success with 'requests_browser'. Found content (276 words).
2025-12-14 12:42:39,504 - INFO - Duplicate article skipped: Fate of 11 Nigerian troops unclear after ‘unauthorised’ plane landing in Burkina Faso | Burkina Faso | The Guardian from The Guardian
2025-12-14 12:42:39,947 - INFO - [BBC] Article: https://www.bbc.com/news/videos/cy4xgxm2848o?at_medium=RSS&at_campaign=rss
2025-12-14 12:42:39,947 - INFO - [BBC] Attempt 1/1: Trying with 'requests_browser' strategy...
2025-12-14 12:42:39,992 - INFO - [BBC] Success with 'requests_browser'. Found content (126 words).
2025-12-14 12:42:40,057 - INFO - Saved article: John Cena takes his final bow, after last ever WWE fight from BBC
2025-12-14 12:42:40,766 - INFO - [The Guardian] Article: https://www.theguardian.com/world/2025/dec/14/chile-presidential-election
2025-12-14 12:42:40,766 - INFO - [The Guardian] Attempt 1/1: Trying with 'requests_browser' strategy...
2025-12-14 12:42:40,789 - INFO - [The Guardian] Success with 'requests_browser'. Found content (809 words).
2025-12-14 12:42:40,825 - INFO - Saved article: Far-right José Antonio Kast favored to win as Chile votes in presidential runoff | Chile | The Guardian from The Guardian
2025-12-14 12:42:40,965 - INFO - [BBC] Article: https://www.bbc.com/news/articles/c9d9vpxjp2go?at_medium=RSS&at_campaign=rss
2025-12-14 12:42:40,965 - INFO - [BBC] Attempt 1/1: Trying with 'requests_browser' strategy...
2025-12-14 12:42:40,991 - INFO - [BBC] Success with 'requests_browser'. Found content (532 words).
2025-12-14 12:42:41,023 - INFO - Duplicate article skipped: Three Americans killed by IS gunman in Syria, US military says from BBC
2025-12-14 12:42:41,594 - INFO - [The Guardian] Article: https://www.theguardian.com/world/2025/dec/13/venezuela-oil-exports-reportedly-fall-sharply-after-us-seizure-of-tanker-skipper
2025-12-14 12:42:41,594 - INFO - [The Guardian] Attempt 1/1: Trying with 'requests_browser' strategy...
2025-12-14 12:42:41,616 - INFO - [The Guardian] Success with 'requests_browser'. Found content (574 words).
2025-12-14 12:42:41,652 - INFO - Duplicate article skipped: Venezuela oil exports reportedly fall sharply after US seizure of tanker | Venezuela | The Guardian from The Guardian
2025-12-14 12:42:41,766 - INFO - [BBC] Article: https://www.bbc.com/news/articles/c4g66nll48do?at_medium=RSS&at_campaign=rss
2025-12-14 12:42:41,766 - INFO - [BBC] Attempt 1/1: Trying with 'requests_browser' strategy...
2025-12-14 12:42:41,796 - INFO - [BBC] Success with 'requests_browser'. Found content (694 words).
2025-12-14 12:42:41,836 - INFO - Duplicate article skipped: Anger at Lionel Messi 'GOAT' India tour as fans throw chairs and bottles at stadium event from BBC
2025-12-14 12:42:42,631 - INFO - Selenium driver initialized successfully.
2025-12-14 12:42:42,631 - INFO - Starting scrape for Times of India RSS feed: https://timesofindia.indiatimes.com/rssfeeds/296589292.cms
2025-12-14 12:42:42,632 - INFO - Selenium driver initialized successfully.
2025-12-14 12:42:42,632 - INFO - Starting scrape for The Hindu RSS feed: https://www.thehindu.com/news/national/feeder/default.rss
2025-12-14 12:42:42,742 - INFO - [BBC] Article: https://www.bbc.com/news/articles/c0l9954yr9ko?at_medium=RSS&at_campaign=rss
2025-12-14 12:42:42,742 - INFO - [BBC] Attempt 1/1: Trying with 'requests_browser' strategy...
2025-12-14 12:42:42,773 - INFO - Found 100 articles in The Hindu RSS feed. Processing up to 25.
2025-12-14 12:42:42,773 - INFO - [The Hindu] Article: https://www.thehindu.com/news/national/kerala/kerala-bags-first-rank-in-group-3-division-of-state-energy-efficiency-index/article70395498.ece
2025-12-14 12:42:42,773 - INFO - [The Hindu] Attempt 1/1: Trying with 'selenium_browser' strategy...
2025-12-14 12:42:42,798 - INFO - [BBC] Success with 'requests_browser'. Found content (963 words).
2025-12-14 12:42:42,843 - INFO - Duplicate article skipped: One million households without electricity in Ukraine after Russian strikes from BBC
2025-12-14 12:42:42,894 - INFO - Found 20 articles in Times of India RSS feed. Processing up to 25.
2025-12-14 12:42:42,894 - INFO - [Times of India] Article: https://timesofindia.indiatimes.com/world/us/i-dont-know-brown-university-president-draws-flak-for-cluelessness-after-shooting-her-yearly-salary-is-3-1-million/articleshow/125961185.cms
2025-12-14 12:42:42,894 - INFO - [Times of India] Attempt 1/1: Trying with 'selenium_browser' strategy...
2025-12-14 12:42:43,071 - INFO - [The Guardian] Article: https://www.theguardian.com/world/2025/dec/12/brazilian-judge-sanction-lifted-bolsonaro
2025-12-14 12:42:43,071 - INFO - [The Guardian] Attempt 1/1: Trying with 'requests_browser' strategy...
2025-12-14 12:42:43,103 - INFO - [The Guardian] Success with 'requests_browser'. Found content (426 words).
2025-12-14 12:42:43,151 - INFO - Duplicate article skipped: US treasury lifts sanctions on Brazilian judge who presided over Bolsonaro case | Brazil | The Guardian from The Guardian
2025-12-14 12:42:43,403 - INFO - [BBC] Article: https://www.bbc.com/news/articles/cd0kkyx3vvxo?at_medium=RSS&at_campaign=rss
2025-12-14 12:42:43,403 - INFO - [BBC] Attempt 1/1: Trying with 'requests_browser' strategy...
2025-12-14 12:42:43,434 - INFO - [BBC] Success with 'requests_browser'. Found content (633 words).
2025-12-14 12:42:43,476 - INFO - Duplicate article skipped: Cambodia shuts border crossings with Thailand as fighting continues from BBC
2025-12-14 12:42:44,103 - INFO - [The Guardian] Article: https://www.theguardian.com/world/2025/dec/12/colombia-eln-guerrilla-rebels-trump
2025-12-14 12:42:44,103 - INFO - [The Guardian] Attempt 1/1: Trying with 'requests_browser' strategy...
2025-12-14 12:42:44,137 - INFO - [The Guardian] Success with 'requests_browser'. Found content (436 words).
2025-12-14 12:42:44,207 - INFO - Duplicate article skipped: Colombian rebels warn civilians of military drills amid ‘imperialist’ Trump threats | Colombia | The Guardian from The Guardian
2025-12-14 12:42:44,466 - INFO - [BBC] Article: https://www.bbc.com/news/articles/crk777lj763o?at_medium=RSS&at_campaign=rss
2025-12-14 12:42:44,466 - INFO - [BBC] Attempt 1/1: Trying with 'requests_browser' strategy...
2025-12-14 12:42:44,543 - INFO - [BBC] Success with 'requests_browser'. Found content (1013 words).
2025-12-14 12:42:44,727 - INFO - Duplicate article skipped: New Epstein photos show Trump, Clinton and Andrew from BBC
2025-12-14 12:42:45,350 - INFO - [The Guardian] Article: https://www.theguardian.com/world/2025/dec/12/canada-liberals-government-majority-conservative-michael-ma
2025-12-14 12:42:45,351 - INFO - [The Guardian] Attempt 1/1: Trying with 'requests_browser' strategy...
2025-12-14 12:42:45,383 - INFO - [BBC] Article: https://www.bbc.com/news/articles/c5y2271q20lo?at_medium=RSS&at_campaign=rss
2025-12-14 12:42:45,385 - INFO - [BBC] Attempt 1/1: Trying with 'requests_browser' strategy...
2025-12-14 12:42:45,491 - INFO - [The Guardian] Success with 'requests_browser'. Found content (467 words).
2025-12-14 12:42:45,599 - INFO - [BBC] Success with 'requests_browser'. Found content (444 words).
2025-12-14 12:42:45,653 - INFO - Duplicate article skipped: Canada’s Liberals edge closer to majority after Conservative lawmaker crosses floor | Canada | The Guardian from The Guardian
2025-12-14 12:42:45,698 - INFO - Duplicate article skipped: Drunk raccoon found in liquor store suspected in karate studio break-in from BBC
2025-12-14 12:42:46,591 - INFO - [The Hindu] Page content loaded.
2025-12-14 12:42:46,635 - INFO - [The Guardian] Article: https://www.theguardian.com/world/2025/dec/14/hong-kong-opposition-democratic-party-disbands-chinese-pressure
2025-12-14 12:42:46,635 - INFO - [The Guardian] Attempt 1/1: Trying with 'requests_browser' strategy...
2025-12-14 12:42:46,739 - INFO - [The Guardian] Success with 'requests_browser'. Found content (522 words).
2025-12-14 12:42:46,857 - INFO - [BBC] Article: https://www.bbc.com/news/articles/c4ge4q8gypzo?at_medium=RSS&at_campaign=rss
2025-12-14 12:42:46,858 - INFO - [BBC] Attempt 1/1: Trying with 'requests_browser' strategy...
2025-12-14 12:42:46,961 - INFO - [The Hindu] Success with 'selenium_browser'. Found content (186 words).
2025-12-14 12:42:46,980 - INFO - Saved article: Hong Kong’s last major opposition party disbands amid Chinese pressure | Hong Kong | The Guardian from The Guardian
2025-12-14 12:42:47,207 - INFO - [BBC] Success with 'requests_browser'. Found content (421 words).
2025-12-14 12:42:47,228 - INFO - Saved article: Kerala bags first rank in Group 3 division of State Energy Efficiency Index - The Hindu from The Hindu
2025-12-14 12:42:47,294 - INFO - Duplicate article skipped: Lagos' first street art festival turns city into 'open-air gallery' from BBC
2025-12-14 12:42:48,119 - INFO - [BBC] Article: https://www.bbc.com/news/articles/cqlkk9qk7vyo?at_medium=RSS&at_campaign=rss
2025-12-14 12:42:48,119 - INFO - [BBC] Attempt 1/1: Trying with 'requests_browser' strategy...
2025-12-14 12:42:48,193 - INFO - [BBC] Success with 'requests_browser'. Found content (521 words).
2025-12-14 12:42:48,249 - INFO - [The Guardian] Article: https://www.theguardian.com/world/2025/dec/12/thailand-and-cambodia-agree-to-restart-ceasefire-brokered-by-us-says-trump
2025-12-14 12:42:48,249 - INFO - [The Guardian] Attempt 1/1: Trying with 'requests_browser' strategy...
2025-12-14 12:42:48,272 - INFO - Duplicate article skipped: Ukraine's health supplies hit in series of Russian strikes on medical warehouses from BBC
2025-12-14 12:42:48,314 - INFO - [The Guardian] Success with 'requests_browser'. Found content (841 words).
2025-12-14 12:42:48,372 - INFO - Duplicate article skipped: Thailand denies Trump ceasefire claim as clashes with Cambodia continue at border | Thailand | The Guardian from The Guardian
2025-12-14 12:42:48,670 - INFO - [The Hindu] Article: https://www.thehindu.com/news/national/karnataka/with-122-lakh-crore-losses-due-to-natural-disasters-in-five-years-karnataka-sets-timeline-for-mitigation/article70395295.ece
2025-12-14 12:42:48,670 - INFO - [The Hindu] Attempt 1/1: Trying with 'selenium_browser' strategy...
2025-12-14 12:42:49,486 - INFO - [BBC] Article: https://www.bbc.com/news/articles/c5yjj2epvlro?at_medium=RSS&at_campaign=rss
2025-12-14 12:42:49,486 - INFO - [BBC] Attempt 1/1: Trying with 'requests_browser' strategy...
2025-12-14 12:42:49,625 - INFO - [BBC] Success with 'requests_browser'. Found content (615 words).
2025-12-14 12:42:49,777 - INFO - [The Guardian] Article: https://www.theguardian.com/world/2025/dec/13/north-korea-troops-cleared-landmines-russia-kim-jong-un
2025-12-14 12:42:49,780 - INFO - [The Guardian] Attempt 1/1: Trying with 'requests_browser' strategy...
2025-12-14 12:42:49,778 - INFO - Duplicate article skipped: Ukraine accuses Russia of bombing Turkish ship in Odesa from BBC
2025-12-14 12:42:49,907 - INFO - [The Guardian] Success with 'requests_browser'. Found content (444 words).
2025-12-14 12:42:50,070 - INFO - Duplicate article skipped: Kim Jong-un admits North Korean troops clearing landmines for Russia | North Korea | The Guardian from The Guardian
2025-12-14 12:42:50,624 - INFO - [The Guardian] Article: https://www.theguardian.com/world/2025/dec/12/indonesia-floods-extinction-level-rare-orangutan-tapanuli
2025-12-14 12:42:50,624 - INFO - [The Guardian] Attempt 1/1: Trying with 'requests_browser' strategy...
2025-12-14 12:42:50,785 - INFO - [BBC] Article: https://www.bbc.com/news/articles/cly559exm87o?at_medium=RSS&at_campaign=rss
2025-12-14 12:42:50,785 - INFO - [BBC] Attempt 1/1: Trying with 'requests_browser' strategy...
2025-12-14 12:42:50,882 - INFO - [The Guardian] Success with 'requests_browser'. Found content (757 words).
2025-12-14 12:42:50,979 - INFO - [BBC] Success with 'requests_browser'. Found content (450 words).
2025-12-14 12:42:51,084 - INFO - Duplicate article skipped: Indonesia floods were ‘extinction level’ disturbance for world’s rarest ape | Indonesia | The Guardian from The Guardian
2025-12-14 12:42:51,135 - INFO - Duplicate article skipped: Nobel laureate Narges Mohammadi arrested in Iran, supporters say from BBC
2025-12-14 12:42:51,824 - INFO - [BBC] Article: https://www.bbc.com/news/articles/ckg9l1j9wxno?at_medium=RSS&at_campaign=rss
2025-12-14 12:42:51,824 - INFO - [BBC] Attempt 1/1: Trying with 'requests_browser' strategy...
2025-12-14 12:42:51,960 - INFO - [BBC] Success with 'requests_browser'. Found content (778 words).
2025-12-14 12:42:52,100 - INFO - Saved article: Brown University shooting: What we know as police launch huge manhunt from BBC
2025-12-14 12:42:52,326 - INFO - [The Guardian] Article: https://www.theguardian.com/world/2025/dec/12/south-korea-exam-chief-quits-after-complaints-english-test-was-too-hard
2025-12-14 12:42:52,326 - INFO - [The Guardian] Attempt 1/1: Trying with 'requests_browser' strategy...
2025-12-14 12:42:52,412 - INFO - [The Hindu] Page content loaded.
2025-12-14 12:42:52,481 - INFO - [The Guardian] Success with 'requests_browser'. Found content (471 words).
2025-12-14 12:42:52,565 - INFO - Duplicate article skipped: South Korea exam chief quits after complaints English test was too hard | South Korea | The Guardian from The Guardian
2025-12-14 12:42:52,715 - INFO - [The Hindu] Success with 'selenium_browser'. Found content (508 words).
2025-12-14 12:42:52,964 - INFO - Saved article: With ₹1.22-lakh crore losses due to natural disasters in five years, Karnataka sets timeline for mitigation - The Hindu from The Hindu
2025-12-14 12:42:53,060 - INFO - [BBC] Article: https://www.bbc.com/news/articles/c8dyy47qy82o?at_medium=RSS&at_campaign=rss
2025-12-14 12:42:53,060 - INFO - [BBC] Attempt 1/1: Trying with 'requests_browser' strategy...
2025-12-14 12:42:53,224 - INFO - [BBC] Success with 'requests_browser'. Found content (1297 words).
2025-12-14 12:42:53,346 - INFO - Saved article: Hollywood panics as Paramount-Netflix battle for Warner Bros from BBC
2025-12-14 12:42:53,461 - INFO - [The Guardian] Article: https://www.theguardian.com/australia-news/live/2025/dec/14/nsw-police-responding-to-reports-of-shooting-at-sydneys-bondi-beach-follow-latest
2025-12-14 12:42:53,461 - INFO - [The Guardian] Attempt 1/1: Trying with 'requests_browser' strategy...
2025-12-14 12:42:53,771 - INFO - [The Hindu] Article: https://www.thehindu.com/news/national/pm-modi-condemns-terror-attack-in-australia/article70395516.ece
2025-12-14 12:42:53,771 - INFO - [The Hindu] Attempt 1/1: Trying with 'selenium_browser' strategy...
2025-12-14 12:42:54,164 - INFO - [The Guardian] Success with 'requests_browser'. Found content (1976 words).
2025-12-14 12:42:54,248 - INFO - [BBC] Article: https://www.bbc.com/news/articles/cj38rj0y6k5o?at_medium=RSS&at_campaign=rss
2025-12-14 12:42:54,248 - INFO - [BBC] Attempt 1/1: Trying with 'requests_browser' strategy...
2025-12-14 12:42:55,085 - INFO - [BBC] Success with 'requests_browser'. Found content (1465 words).
2025-12-14 12:42:55,208 - INFO - Saved article: Bondi beach shooting live updates: PM condemns ‘evil antisemitism’ as death toll from terror attack at Jewish festival rises to 12 | Bondi beach terror attack | The Guardian from The Guardian
2025-12-14 12:42:55,286 - INFO - Saved article: US-Somalia deportations: He was an Uber driver in the US. Now he's scared of jihadists in Somalia from BBC
2025-12-14 12:42:56,360 - INFO - [The Guardian] Article: https://www.theguardian.com/australia-news/2025/dec/14/bystander-tackles-and-wrestles-gun-from-alleged-gunmen-during-bondi-beach-mass-shooting
2025-12-14 12:42:56,360 - INFO - [The Guardian] Attempt 1/1: Trying with 'requests_browser' strategy...
2025-12-14 12:42:56,438 - INFO - [BBC] Article: https://www.bbc.com/news/articles/c4gk34k9k23o?at_medium=RSS&at_campaign=rss
2025-12-14 12:42:56,438 - INFO - [BBC] Attempt 1/1: Trying with 'requests_browser' strategy...
2025-12-14 12:42:56,502 - INFO - [The Guardian] Success with 'requests_browser'. Found content (506 words).
2025-12-14 12:42:56,718 - INFO - Saved article: Bystander tackles and wrestles gun from alleged gunman during Bondi beach mass shooting | Bondi beach shooting | The Guardian from The Guardian
2025-12-14 12:42:56,732 - INFO - [BBC] Success with 'requests_browser'. Found content (1716 words).
2025-12-14 12:42:56,828 - INFO - Duplicate article skipped: DR Congo-Rwanda peace process: Can Trump's shattered plan be glued back together? from BBC
2025-12-14 12:42:57,517 - INFO - [The Guardian] Article: https://www.theguardian.com/australia-news/2025/dec/14/police-advise-people-to-take-shelter-following-reports-of-active-shooter-at-bondi-beach
2025-12-14 12:42:57,517 - INFO - [The Guardian] Attempt 1/1: Trying with 'requests_browser' strategy...
2025-12-14 12:42:57,603 - INFO - [The Guardian] Success with 'requests_browser'. Found content (963 words).
2025-12-14 12:42:57,831 - INFO - [BBC] Article: https://www.bbc.com/news/articles/cx2dp15zglxo?at_medium=RSS&at_campaign=rss
2025-12-14 12:42:57,831 - INFO - [BBC] Attempt 1/1: Trying with 'requests_browser' strategy...
2025-12-14 12:42:57,920 - INFO - [BBC] Success with 'requests_browser'. Found content (1313 words).
2025-12-14 12:42:58,047 - INFO - Saved article: Bondi beach terror attack: 12 people killed after gunshots fired at park in Australia hosting Jewish festival | Bondi beach terror attack | The Guardian from The Guardian
2025-12-14 12:42:58,067 - INFO - Duplicate article skipped: John Cena last match: How he reached the top of WWE from BBC
2025-12-14 12:42:58,571 - INFO - [The Guardian] Article: https://www.theguardian.com/australia-news/2025/dec/14/michelle-rowland-to-repay-part-of-family-trip-to-wa-ipea-watchdog-finds-spending-breached-rules
2025-12-14 12:42:58,572 - INFO - [The Guardian] Attempt 1/1: Trying with 'requests_browser' strategy...
2025-12-14 12:42:58,603 - INFO - [BBC] Article: https://www.bbc.com/news/articles/czrkkm83znpo?at_medium=RSS&at_campaign=rss
2025-12-14 12:42:58,603 - INFO - [BBC] Attempt 1/1: Trying with 'requests_browser' strategy...
2025-12-14 12:42:58,732 - INFO - [The Guardian] Success with 'requests_browser'. Found content (740 words).
2025-12-14 12:42:59,003 - INFO - [BBC] Success with 'requests_browser'. Found content (1128 words).
2025-12-14 12:42:59,159 - INFO - Duplicate article skipped: Michelle Rowland to repay part of family trip to WA after watchdog finds spending breached rules | Australian politicians' expenses | The Guardian from The Guardian
2025-12-14 12:42:59,360 - INFO - Duplicate article skipped: Takeaways from Luigi Mangione's evidence hearing from BBC
2025-12-14 12:43:00,123 - INFO - [BBC] Article: https://www.bbc.com/news/articles/c075mr3190mo?at_medium=RSS&at_campaign=rss
2025-12-14 12:43:00,123 - INFO - [BBC] Attempt 1/1: Trying with 'requests_browser' strategy...
2025-12-14 12:43:00,207 - INFO - [BBC] Success with 'requests_browser'. Found content (785 words).
2025-12-14 12:43:00,320 - INFO - Duplicate article skipped: Has Venezuela been ditched by its strongest allies - Russia and China? from BBC
2025-12-14 12:43:00,600 - INFO - [The Guardian] Article: https://www.theguardian.com/australia-news/live/2025/dec/14/australia-news-live-michelle-rowland-family-travel-entitlements-labor-liberal-coles-woolworths-price-gouging-nsw-vic-wa-fire-weather-heatwave-warnings-albanese-sussan-ley-ntwnfb
2025-12-14 12:43:00,600 - INFO - [The Guardian] Attempt 1/1: Trying with 'requests_browser' strategy...
2025-12-14 12:43:00,709 - INFO - [The Hindu] Page content loaded.
2025-12-14 12:43:00,915 - INFO - [The Guardian] Success with 'requests_browser'. Found content (2223 words).
2025-12-14 12:43:01,049 - INFO - Duplicate article skipped: Queensland driver charged with eight attempted murders after pedestrians struck – as it happened | Australia news | The Guardian from The Guardian
2025-12-14 12:43:01,056 - INFO - [The Hindu] Success with 'selenium_browser'. Found content (147 words).
2025-12-14 12:43:01,189 - INFO - Saved article: PM Modi condemns terror attack in Australia - The Hindu from The Hindu
2025-12-14 12:43:01,680 - INFO - [BBC] Article: https://www.bbc.com/news/articles/c0q5pygel84o?at_medium=RSS&at_campaign=rss
2025-12-14 12:43:01,680 - INFO - [BBC] Attempt 1/1: Trying with 'requests_browser' strategy...
2025-12-14 12:43:01,733 - INFO - [BBC] Success with 'requests_browser'. Found content (1167 words).
2025-12-14 12:43:01,965 - INFO - Duplicate article skipped: Dhurandhar: New Bollywood film divides opinions in India and Pakistan from BBC
2025-12-14 12:43:02,242 - INFO - [The Guardian] Article: https://www.theguardian.com/world/2025/dec/14/like-a-mini-louvre-two-generations-of-rothschilds-fight-over-treasure-trove-of-artworks
2025-12-14 12:43:02,242 - INFO - [The Guardian] Attempt 1/1: Trying with 'requests_browser' strategy...
2025-12-14 12:43:02,291 - INFO - [The Hindu] Article: https://www.thehindu.com/news/national/bihar-minister-nitin-nabin-appointed-bjps-national-working-president/article70395491.ece
2025-12-14 12:43:02,291 - INFO - [The Hindu] Attempt 1/1: Trying with 'selenium_browser' strategy...
2025-12-14 12:43:02,413 - INFO - [The Guardian] Success with 'requests_browser'. Found content (933 words).
2025-12-14 12:43:02,567 - INFO - [BBC] Article: https://www.bbc.com/news/videos/c8jw3841vk9o?at_medium=RSS&at_campaign=rss
2025-12-14 12:43:02,568 - INFO - [BBC] Attempt 1/1: Trying with 'requests_browser' strategy...
2025-12-14 12:43:02,594 - INFO - Saved article: ‘Like a mini Louvre’: two generations of Rothschilds fight over treasure trove of artworks | Europe | The Guardian from The Guardian
2025-12-14 12:43:02,689 - WARNING - [BBC] FAILED with 'requests_browser' (content was too short: 60 words).
2025-12-14 12:43:02,689 - ERROR - [BBC] All scrape strategies failed for https://www.bbc.com/news/videos/c8jw3841vk9o?at_medium=RSS&at_campaign=rss. Falling back to RSS description.
2025-12-14 12:43:02,692 - INFO - Saved article: BBC captures celebrations as Belarus frees political prisoners from BBC
2025-12-14 12:43:03,250 - INFO - [The Guardian] Article: https://www.theguardian.com/world/2025/dec/13/belarus-releases-123-prisoners-including-opposition-leaders-after-us-lifts-sanctions
2025-12-14 12:43:03,250 - INFO - [The Guardian] Attempt 1/1: Trying with 'requests_browser' strategy...
2025-12-14 12:43:03,311 - INFO - [The Guardian] Success with 'requests_browser'. Found content (610 words).
2025-12-14 12:43:03,379 - INFO - Duplicate article skipped: Belarus releases 123 prisoners including opposition leaders after US lifts sanctions | Belarus | The Guardian from The Guardian
2025-12-14 12:43:04,141 - INFO - [The Guardian] Article: https://www.theguardian.com/fashion/2025/dec/13/veja-ethical-paris-trainer-worn-a-listers-and-royalty
2025-12-14 12:43:04,141 - INFO - [The Guardian] Attempt 1/1: Trying with 'requests_browser' strategy...
2025-12-14 12:43:04,187 - INFO - [The Guardian] Success with 'requests_browser'. Found content (1017 words).
2025-12-14 12:43:04,249 - INFO - Duplicate article skipped: Dior, Chanel and … Veja? The ethical Paris trainer worn by A-listers and royalty | Fashion | The Guardian from The Guardian
2025-12-14 12:43:05,047 - INFO - [The Guardian] Article: https://www.theguardian.com/law/2025/dec/13/europe-echr-rethink-moral-retreat-say-human-rights-experts
2025-12-14 12:43:05,047 - INFO - [The Guardian] Attempt 1/1: Trying with 'requests_browser' strategy...
2025-12-14 12:43:05,144 - INFO - [The Guardian] Success with 'requests_browser'. Found content (924 words).
2025-12-14 12:43:05,313 - INFO - Duplicate article skipped: ‘Who’s it going to be next time?’: ECHR rethink is ‘moral retreat’, say rights experts | European court of human rights | The Guardian from The Guardian
2025-12-14 12:43:05,488 - INFO - [The Hindu] Page content loaded.
2025-12-14 12:43:05,694 - INFO - [The Hindu] Success with 'selenium_browser'. Found content (122 words).
2025-12-14 12:43:05,863 - INFO - Saved article: Bihar Minister Nitin Nabin appointed BJP's national working president - The Hindu from The Hindu
2025-12-14 12:43:06,172 - INFO - [The Guardian] Article: https://www.theguardian.com/world/2025/dec/12/eu-to-freeze-210bn-in-russian-assets-indefinitely
2025-12-14 12:43:06,172 - INFO - [The Guardian] Attempt 1/1: Trying with 'requests_browser' strategy...
2025-12-14 12:43:06,194 - INFO - [The Guardian] Success with 'requests_browser'. Found content (736 words).
2025-12-14 12:43:06,230 - INFO - Duplicate article skipped: EU to freeze €210bn in Russian assets indefinitely | European Union | The Guardian from The Guardian
2025-12-14 12:43:06,367 - INFO - [The Hindu] Article: https://www.thehindu.com/news/national/kerala/pension-is-not-ldfs-charity-it-is-peoples-right-says-kerala-youth-congress-oj-janeesh/article70395158.ece
2025-12-14 12:43:06,367 - INFO - [The Hindu] Attempt 1/1: Trying with 'selenium_browser' strategy...
2025-12-14 12:43:07,055 - INFO - [The Hindu] Page content loaded.
2025-12-14 12:43:07,175 - INFO - [The Hindu] Success with 'selenium_browser'. Found content (282 words).
2025-12-14 12:43:07,270 - INFO - Saved article: Pension is not LDF’s charity, it is people’s right, says Kerala Youth Congress O.J. Janeesh - The Hindu from The Hindu
2025-12-14 12:43:08,725 - INFO - [The Hindu] Article: https://www.thehindu.com/news/national/karnataka/miscreants-posing-as-police-rob-25-year-old-at-his-home-in-bengaluru-four-held/article70395303.ece
2025-12-14 12:43:08,726 - INFO - [The Hindu] Attempt 1/1: Trying with 'selenium_browser' strategy...
2025-12-14 12:43:10,523 - INFO - [The Hindu] Page content loaded.
2025-12-14 12:43:10,729 - INFO - [The Hindu] Success with 'selenium_browser'. Found content (415 words).
2025-12-14 12:43:10,840 - INFO - Saved article: Miscreants posing as police rob 25-year-old at his home in Bengaluru; four held - The Hindu from The Hindu
2025-12-14 12:43:11,606 - INFO - [The Hindu] Article: https://www.thehindu.com/news/national/kerala/kerala-governor-flags-judicial-overreach-in-university-v-c-selection/article70395289.ece
2025-12-14 12:43:11,606 - INFO - [The Hindu] Attempt 1/1: Trying with 'selenium_browser' strategy...
2025-12-14 12:43:12,425 - INFO - [The Hindu] Page content loaded.
2025-12-14 12:43:12,632 - INFO - [The Hindu] Success with 'selenium_browser'. Found content (464 words).
2025-12-14 12:43:12,745 - INFO - Saved article: Kerala Governor flags judicial overreach in university V-C selection - The Hindu from The Hindu
2025-12-14 12:43:14,155 - INFO - [The Hindu] Article: https://www.thehindu.com/news/national/tamil-nadu/after-madras-hc-order-igr-issues-advisory-onconcession-in-stamp-duty-registrationfee-in-special-economic-zone-area/article70395243.ece
2025-12-14 12:43:14,155 - INFO - [The Hindu] Attempt 1/1: Trying with 'selenium_browser' strategy...
2025-12-14 12:43:15,459 - INFO - [The Hindu] Page content loaded.
2025-12-14 12:43:15,529 - INFO - [The Hindu] Success with 'selenium_browser'. Found content (370 words).
2025-12-14 12:43:15,654 - INFO - Saved article: After Madras HC order, IGR issues advisory on concession in stamp duty, registration fee in Special Economic Zone area - The Hindu from The Hindu
2025-12-14 12:43:16,338 - INFO - [The Hindu] Article: https://www.thehindu.com/news/cities/Coimbatore/take-dmk-achievementsevery-household-turn-them-into-votes-cm-stalin/article70395210.ece
2025-12-14 12:43:16,339 - INFO - [The Hindu] Attempt 1/1: Trying with 'selenium_browser' strategy...
2025-12-14 12:43:18,793 - INFO - [The Hindu] Page content loaded.
2025-12-14 12:43:18,871 - INFO - [The Hindu] Success with 'selenium_browser'. Found content (489 words).
2025-12-14 12:43:19,008 - INFO - Saved article: Take the achievements of DMK government to every household and turn them into votes, says Chief Minister - The Hindu from The Hindu
2025-12-14 12:43:20,035 - INFO - [The Hindu] Article: https://www.thehindu.com/news/cities/Coimbatore/erode-sp-inspects-venue-for-tvks-public-meeting-in-perundurai-on-dec-18/article70395306.ece
2025-12-14 12:43:20,035 - INFO - [The Hindu] Attempt 1/1: Trying with 'selenium_browser' strategy...
2025-12-14 12:43:20,683 - INFO - [The Hindu] Page content loaded.
2025-12-14 12:43:20,769 - INFO - [The Hindu] Success with 'selenium_browser'. Found content (256 words).
2025-12-14 12:43:20,884 - INFO - Saved article: Erode SP inspects venue for TVK’s public meeting in Perundurai on Dec. 18 - The Hindu from The Hindu
2025-12-14 12:43:21,438 - INFO - [The Hindu] Article: https://www.thehindu.com/news/national/karnataka/hassan-airport-a-project-grounded-for-over-six-decades/article70395177.ece
2025-12-14 12:43:21,438 - INFO - [The Hindu] Attempt 1/1: Trying with 'selenium_browser' strategy...
2025-12-14 12:43:22,572 - INFO - [The Hindu] Page content loaded.
2025-12-14 12:43:22,683 - INFO - [The Hindu] Success with 'selenium_browser'. Found content (531 words).
2025-12-14 12:43:22,822 - INFO - Saved article: Hassan Airport: A project grounded for over six decades - The Hindu from The Hindu
2025-12-14 12:43:24,114 - INFO - [The Hindu] Article: https://www.thehindu.com/news/cities/Mangalore/sarod-recital-by-pt-sarothy-mesmerises-mangaluru-audience/article70395108.ece
2025-12-14 12:43:24,114 - INFO - [The Hindu] Attempt 1/1: Trying with 'selenium_browser' strategy...
2025-12-14 12:43:25,238 - INFO - [The Hindu] Page content loaded.
2025-12-14 12:43:25,320 - INFO - [The Hindu] Success with 'selenium_browser'. Found content (234 words).
2025-12-14 12:43:25,464 - INFO - Saved article: Sarod recital by Pt. Sarothy mesmerises Mangaluru audience - The Hindu from The Hindu
2025-12-14 12:43:26,523 - INFO - [The Hindu] Article: https://www.thehindu.com/news/national/andhra-pradesh/googles-data-center-cognizant-and-other-companies-ensure-more-jobs-for-youngsters-cutm-founder/article70394944.ece
2025-12-14 12:43:26,523 - INFO - [The Hindu] Attempt 1/1: Trying with 'selenium_browser' strategy...
2025-12-14 12:43:29,840 - INFO - [The Hindu] Page content loaded.
2025-12-14 12:43:29,953 - INFO - [The Hindu] Success with 'selenium_browser'. Found content (233 words).
2025-12-14 12:43:30,055 - INFO - Saved article: Google’s data center, Cognizant and other companies ensure more jobs for youngsters: CUTM founder - The Hindu from The Hindu
2025-12-14 12:43:30,569 - INFO - [The Hindu] Article: https://www.thehindu.com/news/national/uttar-pradesh/union-minister-of-state-for-finance-pankaj-chaudhary-new-up-bjp-chief/article70395249.ece
2025-12-14 12:43:30,569 - INFO - [The Hindu] Attempt 1/1: Trying with 'selenium_browser' strategy...
2025-12-14 12:43:31,503 - INFO - [The Hindu] Page content loaded.
2025-12-14 12:43:31,558 - INFO - [The Hindu] Success with 'selenium_browser'. Found content (170 words).
2025-12-14 12:43:31,620 - INFO - Saved article: Union Minister of State for Finance Pankaj Chaudhary new U.P. BJP Chief - The Hindu from The Hindu
2025-12-14 12:43:32,855 - INFO - [The Hindu] Article: https://www.thehindu.com/news/cities/Madurai/sivaganga-man-booked-under-passport-act/article70395015.ece
2025-12-14 12:43:32,855 - INFO - [The Hindu] Attempt 1/1: Trying with 'selenium_browser' strategy...
2025-12-14 12:43:33,804 - INFO - [The Hindu] Page content loaded.
2025-12-14 12:43:33,960 - INFO - [The Hindu] Success with 'selenium_browser'. Found content (199 words).
2025-12-14 12:43:34,039 - INFO - Saved article: Sivaganga man booked under Passport Act - The Hindu from The Hindu
2025-12-14 12:43:34,694 - INFO - [The Hindu] Article: https://www.thehindu.com/news/national/kerala/mm-mani-expresses-contrition-for-blaming-ungrateful-social-welfare-pension-beneficiaries-for-ldfs-local-body-poll-losses/article70395089.ece
2025-12-14 12:43:34,694 - INFO - [The Hindu] Attempt 1/1: Trying with 'selenium_browser' strategy...
2025-12-14 12:43:35,681 - INFO - [The Hindu] Page content loaded.
2025-12-14 12:43:35,821 - INFO - [The Hindu] Success with 'selenium_browser'. Found content (347 words).
2025-12-14 12:43:35,915 - INFO - Saved article: M.M. Mani expresses contrition for blaming ‘ungrateful’ social welfare pension beneficiaries for LDF’s poll losses - The Hindu from The Hindu
2025-12-14 12:43:36,450 - INFO - [The Hindu] Article: https://www.thehindu.com/news/national/rajasthan/nearly-4-gw-of-solar-capacity-in-rajasthan-hit-by-transmission-constraints/article70395031.ece
2025-12-14 12:43:36,450 - INFO - [The Hindu] Attempt 1/1: Trying with 'selenium_browser' strategy...
2025-12-14 12:43:37,440 - INFO - [The Hindu] Page content loaded.
2025-12-14 12:43:37,571 - INFO - [The Hindu] Success with 'selenium_browser'. Found content (868 words).
2025-12-14 12:43:37,653 - INFO - Saved article: Rajasthan Solar Power Curtailment: 4.3 GW Hit by Transmission Shortage - The Hindu from The Hindu
2025-12-14 12:43:38,606 - INFO - [The Hindu] Article: https://www.thehindu.com/news/national/west-bengal/organiser-of-messis-kolkata-event-remanded-to-police-custody-members-of-enquiry-committee-visit-stadium/article70395178.ece
2025-12-14 12:43:38,606 - INFO - [The Hindu] Attempt 1/1: Trying with 'selenium_browser' strategy...
2025-12-14 12:43:39,552 - INFO - [The Hindu] Page content loaded.
2025-12-14 12:43:39,629 - INFO - [The Hindu] Success with 'selenium_browser'. Found content (408 words).
2025-12-14 12:43:39,738 - INFO - Saved article: Organiser of Messi’s Kolkata event remanded to police custody, members of enquiry committee visit stadium - The Hindu from The Hindu
2025-12-14 12:43:40,712 - INFO - [The Hindu] Article: https://www.thehindu.com/news/national/odisha/excise-officials-attacked-by-miscreants-during-raids-on-bars-in-bhubaneswar/article70395198.ece
2025-12-14 12:43:40,712 - INFO - [The Hindu] Attempt 1/1: Trying with 'selenium_browser' strategy...
2025-12-14 12:43:42,442 - INFO - [The Hindu] Page content loaded.
2025-12-14 12:43:42,506 - INFO - [The Hindu] Success with 'selenium_browser'. Found content (174 words).
2025-12-14 12:43:42,638 - INFO - Saved article: Excise officials attacked by miscreants during raids on bars in Bhubaneswar - The Hindu from The Hindu
2025-12-14 12:43:44,132 - INFO - [The Hindu] Article: https://www.thehindu.com/news/national/attempt-to-shield-infiltrators-bjp-ahead-of-congresss-rally-against-vote-theft/article70395141.ece
2025-12-14 12:43:44,132 - INFO - [The Hindu] Attempt 1/1: Trying with 'selenium_browser' strategy...
2025-12-14 12:43:44,994 - INFO - [The Hindu] Page content loaded.
2025-12-14 12:43:45,054 - INFO - [The Hindu] Success with 'selenium_browser'. Found content (390 words).
2025-12-14 12:43:45,109 - INFO - Saved article: Attempt to shield ‘infiltrators’: BJP ahead of Congress’s rally against ‘vote theft’ - The Hindu from The Hindu
2025-12-14 12:43:45,865 - INFO - [The Hindu] Article: https://www.thehindu.com/news/national/congress-vote-chori-rally-rahul-gandhi-mallikarjun-kharge-live-updates-december-14-2025/article70395138.ece
2025-12-14 12:43:45,865 - INFO - [The Hindu] Attempt 1/1: Trying with 'selenium_browser' strategy...
2025-12-14 12:43:48,100 - INFO - [The Hindu] Page content loaded.
2025-12-14 12:43:48,219 - INFO - [The Hindu] Success with 'selenium_browser'. Found content (96 words).
2025-12-14 12:43:48,354 - INFO - Saved article: Congress rally against 'vote chori': Congress seeks to hold govt., ECI accountable; attempt to shield infiltrators, says BJP - The Hindu from The Hindu
2025-12-14 12:43:49,127 - INFO - [The Hindu] Article: https://www.thehindu.com/news/national/tamil-nadu/nirl-inks-mou-with-ptc-india-limited-for-establishment-of-green-energy-joint-venture/article70394999.ece
2025-12-14 12:43:49,127 - INFO - [The Hindu] Attempt 1/1: Trying with 'selenium_browser' strategy...
2025-12-14 12:43:50,536 - INFO - [The Hindu] Page content loaded.
2025-12-14 12:43:50,874 - INFO - [The Hindu] Success with 'selenium_browser'. Found content (169 words).
2025-12-14 12:43:50,957 - INFO - Saved article: NIRL inks MoU with PTC India Limited for establishment of green energy joint venture - The Hindu from The Hindu
2025-12-14 12:43:52,046 - INFO - [The Hindu] Article: https://www.thehindu.com/news/national/andhra-pradesh/privatisation-of-medical-colleges-is-against-the-principles-of-the-constitution-says-ysrcp-mlc-kumbha-ravibabu/article70394880.ece
2025-12-14 12:43:52,047 - INFO - [The Hindu] Attempt 1/1: Trying with 'selenium_browser' strategy...
2025-12-14 12:43:53,199 - INFO - [The Hindu] Page content loaded.
2025-12-14 12:43:53,277 - INFO - [The Hindu] Success with 'selenium_browser'. Found content (185 words).
2025-12-14 12:43:53,357 - INFO - Saved article: Privatisation of medical colleges is against the principles of the Constitution, says YSRCP MLC Kumbha Ravibabu - The Hindu from The Hindu
2025-12-14 12:43:54,798 - INFO - [The Hindu] Article: https://www.thehindu.com/news/national/assam/a-woman-among-two-granted-citizenship-under-caa-in-assam-tally-rises-to-four/article70395095.ece
2025-12-14 12:43:54,798 - INFO - [The Hindu] Attempt 1/1: Trying with 'selenium_browser' strategy...
2025-12-14 12:43:55,628 - INFO - [The Hindu] Page content loaded.
2025-12-14 12:43:55,690 - INFO - [The Hindu] Success with 'selenium_browser'. Found content (522 words).
2025-12-14 12:43:55,771 - INFO - Saved article: A woman among two granted citizenship under CAA in Assam, tally rises to four - The Hindu from The Hindu
2025-12-14 12:43:56,972 - INFO - [The Hindu] Article: https://www.thehindu.com/news/national/andhra-pradesh/government-should-take-up-land-reforms-ysrcp-leader/article70394891.ece
2025-12-14 12:43:56,972 - INFO - [The Hindu] Attempt 1/1: Trying with 'selenium_browser' strategy...
2025-12-14 12:43:57,901 - INFO - [The Hindu] Page content loaded.
2025-12-14 12:43:57,954 - INFO - [The Hindu] Success with 'selenium_browser'. Found content (180 words).
2025-12-14 12:43:58,041 - INFO - Saved article: Government should take up land reforms: YSRCP leader - The Hindu from The Hindu
2025-12-14 12:43:59,220 - INFO - [The Hindu] (Thread) Finished. Attempting to shut down its Selenium driver.
2025-12-14 12:43:59,378 - INFO - [The Hindu] (Thread) driver.quit() successful.
2025-12-14 12:44:42,906 - ERROR - [Times of India] Request failed for strategy 'selenium_browser' on URL https://timesofindia.indiatimes.com/world/us/i-dont-know-brown-university-president-draws-flak-for-cluelessness-after-shooting-her-yearly-salary-is-3-1-million/articleshow/125961185.cms: HTTPConnectionPool(host='localhost', port=42717): Read timed out. (read timeout=120)
2025-12-14 12:44:42,907 - ERROR - [Times of India] All scrape strategies failed for https://timesofindia.indiatimes.com/world/us/i-dont-know-brown-university-president-draws-flak-for-cluelessness-after-shooting-her-yearly-salary-is-3-1-million/articleshow/125961185.cms. Falling back to RSS description.
2025-12-14 12:44:42,908 - INFO - Saved article: 'I don't know': Brown University president draws flak for cluelessness after shooting; 'Her yearly salary is $3.1 million' from Times of India
2025-12-14 12:44:43,688 - INFO - [Times of India] Article: https://timesofindia.indiatimes.com/world/us/brown-university-student-says-she-survived-second-campus-shooting-happening-to-me-all-over-again-/articleshow/125960875.cms
2025-12-14 12:44:43,688 - INFO - [Times of India] Attempt 1/1: Trying with 'selenium_browser' strategy...
2025-12-14 12:46:43,691 - ERROR - [Times of India] Request failed for strategy 'selenium_browser' on URL https://timesofindia.indiatimes.com/world/us/brown-university-student-says-she-survived-second-campus-shooting-happening-to-me-all-over-again-/articleshow/125960875.cms: HTTPConnectionPool(host='localhost', port=42717): Read timed out. (read timeout=120)
2025-12-14 12:46:43,691 - ERROR - [Times of India] All scrape strategies failed for https://timesofindia.indiatimes.com/world/us/brown-university-student-says-she-survived-second-campus-shooting-happening-to-me-all-over-again-/articleshow/125960875.cms. Falling back to RSS description.
2025-12-14 12:46:43,692 - INFO - Saved article: Brown University student says she survived second campus shooting: 'Happening to me all over again...' from Times of India
2025-12-14 12:46:44,783 - INFO - [Times of India] Article: https://timesofindia.indiatimes.com/entertainment/english/hollywood/news/the-watchlist-end-your-week-with-the-ultimate-cozy-flick-the-holiday/articleshow/125960803.cms
2025-12-14 12:46:44,783 - INFO - [Times of India] Attempt 1/1: Trying with 'selenium_browser' strategy...
2025-12-14 12:48:44,884 - ERROR - [Times of India] Request failed for strategy 'selenium_browser' on URL https://timesofindia.indiatimes.com/entertainment/english/hollywood/news/the-watchlist-end-your-week-with-the-ultimate-cozy-flick-the-holiday/articleshow/125960803.cms: HTTPConnectionPool(host='localhost', port=42717): Read timed out. (read timeout=120)
2025-12-14 12:48:44,884 - ERROR - [Times of India] All scrape strategies failed for https://timesofindia.indiatimes.com/entertainment/english/hollywood/news/the-watchlist-end-your-week-with-the-ultimate-cozy-flick-the-holiday/articleshow/125960803.cms. Falling back to RSS description.
2025-12-14 12:48:44,886 - INFO - Saved article: The watchlist: End your week with the ultimate cozy flick — The Holiday from Times of India
2025-12-14 12:48:45,780 - INFO - [Times of India] Article: https://timesofindia.indiatimes.com/world/middle-east/how-rich-is-saudi-arabias-king-salman-bin-abdulaziz-al-saud-net-worth-in-2025/articleshow/125961000.cms
2025-12-14 12:48:45,780 - INFO - [Times of India] Attempt 1/1: Trying with 'selenium_browser' strategy...
2025-12-14 12:49:34,725 - CRITICAL - --- TIMEOUT: 1 scrape jobs did not complete in 420s. ---
2025-12-14 12:49:34,725 - ERROR - A thread has timed out and will be abandoned.
2025-12-14 12:49:34,725 - INFO - Shutting down thread pool (wait=False)...
2025-12-14 12:49:34,725 - INFO - Scraped: 9 BBC, 25 The Hindu, 6 The Guardian, 1 Timed_Out_Jobs articles. (Total saved: 40)
2025-12-14 12:49:34,725 - INFO - --- Scraping job finished ---
2025-12-14 12:49:34,726 - INFO - --- Scraper service stopped and database connection closed. ---
2025-12-14 12:49:34,726 - INFO - --- Main thread finished. Forcing process exit to kill zombie threads. ---
