2026-04-21 13:47:18,280 - INFO - Initializing database connection at: news_articles.db
2026-04-21 13:47:18,280 - INFO - --- Scraper service started (CI Mode: Run Once) ---
2026-04-21 13:47:18,280 - INFO - --- Starting new scraping job (Parallel Mode) ---
2026-04-21 13:47:18,280 - INFO - Creating new robust session with 3 retries on 5xx/connection/read errors.
2026-04-21 13:47:18,281 - INFO - Proxy is DISABLED.
2026-04-21 13:47:18,281 - INFO - Starting scrape for BBC RSS feed: http://feeds.bbci.co.uk/news/world/rss.xml
2026-04-21 13:47:18,281 - INFO - [Times of India] (Thread) requires Selenium. Initializing driver...
2026-04-21 13:47:18,281 - INFO - Initializing headless Selenium Chrome driver (using SeleniumManager)...
2026-04-21 13:47:18,282 - INFO - Starting scrape for The Guardian RSS feed: https://www.theguardian.com/world/rss
2026-04-21 13:47:18,282 - INFO - [The Hindu] (Thread) requires Selenium. Initializing driver...
2026-04-21 13:47:18,282 - INFO - Initializing headless Selenium Chrome driver (using SeleniumManager)...
2026-04-21 13:47:18,282 - INFO - Submitted 4 jobs to thread pool. Waiting up to 420s for completion...
2026-04-21 13:47:18,392 - INFO - Found 45 articles in The Guardian RSS feed. Processing up to 25.
2026-04-21 13:47:18,393 - INFO - [The Guardian] Article: https://www.theguardian.com/film/2026/apr/20/charlize-theron-timothee-chalamet-ballet-comments
2026-04-21 13:47:18,393 - INFO - [The Guardian] Attempt 1/1: Trying with 'requests_browser' strategy...
2026-04-21 13:47:18,453 - INFO - [The Guardian] Success with 'requests_browser'. Found content (526 words).
2026-04-21 13:47:18,484 - INFO - Duplicate article skipped: Charlize Theron joins chorus of disapproval over Timothée Chalamet’s ballet comments | Movies | The Guardian from The Guardian
2026-04-21 13:47:18,557 - INFO - Found 26 articles in BBC RSS feed. Processing up to 25.
2026-04-21 13:47:18,557 - INFO - [BBC] Article: https://www.bbc.com/news/articles/cd9v420y190o?at_medium=RSS&at_campaign=rss
2026-04-21 13:47:18,557 - INFO - [BBC] Attempt 1/1: Trying with 'requests_browser' strategy...
2026-04-21 13:47:18,676 - INFO - [BBC] Success with 'requests_browser'. Found content (674 words).
2026-04-21 13:47:18,725 - INFO - Saved article: Zelensky says failure of US envoys to visit Kyiv is 'disrespectful' from BBC
2026-04-21 13:47:19,357 - INFO - [BBC] Article: https://www.bbc.com/news/articles/cddqvyr0yjro?at_medium=RSS&at_campaign=rss
2026-04-21 13:47:19,357 - INFO - [BBC] Attempt 1/1: Trying with 'requests_browser' strategy...
2026-04-21 13:47:19,396 - INFO - [BBC] Success with 'requests_browser'. Found content (656 words).
2026-04-21 13:47:19,444 - INFO - Saved article: Unprecedented ruling finds Hungary's anti-LGBTQ laws in breach of EU values from BBC
2026-04-21 13:47:19,451 - INFO - [The Guardian] Article: https://www.theguardian.com/world/2026/apr/20/madagascar-gen-z-protesters-fear-new-regime
2026-04-21 13:47:19,451 - INFO - [The Guardian] Attempt 1/1: Trying with 'requests_browser' strategy...
2026-04-21 13:47:19,507 - INFO - [The Guardian] Success with 'requests_browser'. Found content (802 words).
2026-04-21 13:47:19,541 - INFO - Duplicate article skipped: Arrests fuel fears among Madagascar’s gen Z protesters that new regime no better than one they overthrew | Madagascar | The Guardian from The Guardian
2026-04-21 13:47:19,763 - INFO - Selenium driver initialized successfully.
2026-04-21 13:47:19,763 - INFO - Starting scrape for The Hindu RSS feed: https://www.thehindu.com/news/national/feeder/default.rss
2026-04-21 13:47:19,774 - INFO - Selenium driver initialized successfully.
2026-04-21 13:47:19,774 - INFO - Starting scrape for Times of India RSS feed: https://timesofindia.indiatimes.com/rssfeeds/296589292.cms
2026-04-21 13:47:19,969 - INFO - Found 60 articles in The Hindu RSS feed. Processing up to 25.
2026-04-21 13:47:19,969 - INFO - [The Hindu] Article: https://www.thehindu.com/news/national/karnataka/searing-heat-grips-mysuru-district-low-heat-risk-forecast-over-next-three-days-hd-kote-nears-40c-on-april-19/article70888239.ece
2026-04-21 13:47:19,969 - INFO - [The Hindu] Attempt 1/1: Trying with 'selenium_browser' strategy...
2026-04-21 13:47:20,183 - INFO - Found 20 articles in Times of India RSS feed. Processing up to 25.
2026-04-21 13:47:20,183 - INFO - [Times of India] Article: https://timesofindia.indiatimes.com/world/us/china-helping-prop-up-irans-regime-nikki-hailey-says-ship-seized-by-us-linked-to-chemical-shipments-for-missiles/articleshow/130415195.cms
2026-04-21 13:47:20,183 - INFO - [Times of India] Attempt 1/1: Trying with 'selenium_browser' strategy...
2026-04-21 13:47:20,411 - INFO - [BBC] Article: https://www.bbc.com/news/articles/clyx4vlqy4vo?at_medium=RSS&at_campaign=rss
2026-04-21 13:47:20,412 - INFO - [BBC] Attempt 1/1: Trying with 'requests_browser' strategy...
2026-04-21 13:47:20,452 - INFO - [The Guardian] Article: https://www.theguardian.com/us-news/2026/apr/19/woman-arrested-la-arms-trafficking-iran-africa
2026-04-21 13:47:20,453 - INFO - [The Guardian] Attempt 1/1: Trying with 'requests_browser' strategy...
2026-04-21 13:47:20,460 - INFO - [BBC] Success with 'requests_browser'. Found content (685 words).
2026-04-21 13:47:20,526 - INFO - Saved article: Japan loosens arms export rules in break from post-WW2 pacifism from BBC
2026-04-21 13:47:20,617 - INFO - [The Guardian] Success with 'requests_browser'. Found content (348 words).
2026-04-21 13:47:20,651 - INFO - Duplicate article skipped: Iranian American woman arrested in Los Angeles for alleged arms trafficking | Los Angeles | The Guardian from The Guardian
2026-04-21 13:47:21,806 - INFO - [BBC] Article: https://www.bbc.com/news/articles/c0krlxg384eo?at_medium=RSS&at_campaign=rss
2026-04-21 13:47:21,806 - INFO - [BBC] Attempt 1/1: Trying with 'requests_browser' strategy...
2026-04-21 13:47:21,919 - INFO - [The Guardian] Article: https://www.theguardian.com/technology/2026/apr/17/kenyan-outsourcing-company-for-meta-sacks-workers
2026-04-21 13:47:21,922 - INFO - [The Guardian] Attempt 1/1: Trying with 'requests_browser' strategy...
2026-04-21 13:47:22,073 - INFO - [The Guardian] Success with 'requests_browser'. Found content (431 words).
2026-04-21 13:47:22,106 - INFO - [BBC] Success with 'requests_browser'. Found content (451 words).
2026-04-21 13:47:22,307 - INFO - Duplicate article skipped: Kenyan firm sacks more than 1,000 workers after losing Meta contract | Meta | The Guardian from The Guardian
2026-04-21 13:47:22,340 - INFO - Saved article: Nigeria coup plot: Six people charged with treason over attempt to overthrow President Tinubu from BBC
2026-04-21 13:47:23,043 - INFO - [The Guardian] Article: https://www.theguardian.com/environment/2026/apr/17/weather-tracker-hail-covers-parts-of-tunisia-and-algeria-like-snow
2026-04-21 13:47:23,044 - INFO - [The Guardian] Attempt 1/1: Trying with 'requests_browser' strategy...
2026-04-21 13:47:23,116 - INFO - [The Guardian] Success with 'requests_browser'. Found content (372 words).
2026-04-21 13:47:23,177 - INFO - Duplicate article skipped: Weather tracker: hail covers parts of Tunisia and Algeria like snow | Extreme weather | The Guardian from The Guardian
2026-04-21 13:47:23,467 - INFO - [BBC] Article: https://www.bbc.com/news/articles/c86expy881qo?at_medium=RSS&at_campaign=rss
2026-04-21 13:47:23,467 - INFO - [BBC] Attempt 1/1: Trying with 'requests_browser' strategy...
2026-04-21 13:47:23,725 - INFO - [BBC] Success with 'requests_browser'. Found content (424 words).
2026-04-21 13:47:23,916 - INFO - [The Guardian] Article: https://www.theguardian.com/global-development/2026/apr/21/ecuador-us-boat-strike-survivors
2026-04-21 13:47:23,916 - INFO - [The Guardian] Attempt 1/1: Trying with 'requests_browser' strategy...
2026-04-21 13:47:24,083 - INFO - Saved article: Role of US officials killed in Mexico crash under scrutiny from BBC
2026-04-21 13:47:24,140 - INFO - [The Guardian] Success with 'requests_browser'. Found content (1422 words).
2026-04-21 13:47:24,404 - INFO - Saved article: ‘We were terrified they were going to kill us’: fishers who survived US boat strike speak out | Global development | The Guardian from The Guardian
2026-04-21 13:47:25,215 - INFO - [The Guardian] Article: https://www.theguardian.com/world/2026/apr/20/canadian-woman-killed-after-gunman-opens-fire-at-mexicos-teotihuacan-pyramids
2026-04-21 13:47:25,215 - INFO - [The Guardian] Attempt 1/1: Trying with 'requests_browser' strategy...
2026-04-21 13:47:25,466 - INFO - [BBC] Article: https://www.bbc.com/news/articles/crm19j48wnno?at_medium=RSS&at_campaign=rss
2026-04-21 13:47:25,466 - INFO - [BBC] Attempt 1/1: Trying with 'requests_browser' strategy...
2026-04-21 13:47:25,625 - INFO - [The Guardian] Success with 'requests_browser'. Found content (570 words).
2026-04-21 13:47:25,633 - INFO - [BBC] Success with 'requests_browser'. Found content (281 words).
2026-04-21 13:47:26,043 - INFO - Duplicate article skipped: Canadian woman killed after gunman opens fire at Mexico’s Teotihuacán pyramids | Mexico | The Guardian from The Guardian
2026-04-21 13:47:26,065 - INFO - Saved article: Madonna offers reward for return of missing Coachella costume from BBC
2026-04-21 13:47:26,240 - INFO - [The Hindu] Page content loaded.
2026-04-21 13:47:26,897 - INFO - [BBC] Article: https://www.bbc.com/news/articles/c20ql985gryo?at_medium=RSS&at_campaign=rss
2026-04-21 13:47:26,897 - INFO - [BBC] Attempt 1/1: Trying with 'requests_browser' strategy...
2026-04-21 13:47:27,027 - INFO - [BBC] Success with 'requests_browser'. Found content (358 words).
2026-04-21 13:47:27,131 - INFO - [The Guardian] Article: https://www.theguardian.com/world/2026/apr/20/mark-carney-canada-us-economy-trade
2026-04-21 13:47:27,131 - INFO - [The Guardian] Attempt 1/1: Trying with 'requests_browser' strategy...
2026-04-21 13:47:27,394 - INFO - Saved article: Mass trial for 486 alleged MS-13 gang leaders begins in El Salvador from BBC
2026-04-21 13:47:27,416 - INFO - [The Guardian] Success with 'requests_browser'. Found content (535 words).
2026-04-21 13:47:27,569 - INFO - Duplicate article skipped: Carney says Canada’s strong economic ties to US are ‘weakness’ to be corrected | Mark Carney | The Guardian from The Guardian
2026-04-21 13:47:28,817 - WARNING - [The Hindu] FAILED with 'selenium_browser' (content was too short: 47 words).
2026-04-21 13:47:28,817 - ERROR - [The Hindu] All scrape strategies failed for https://www.thehindu.com/news/national/karnataka/searing-heat-grips-mysuru-district-low-heat-risk-forecast-over-next-three-days-hd-kote-nears-40c-on-april-19/article70888239.ece. Falling back to RSS description.
2026-04-21 13:47:28,823 - INFO - Saved article: Searing heat grips Mysuru district, H.D. Kote nears 40°C; low heat risk forecast over next three days from The Hindu
2026-04-21 13:47:28,880 - INFO - [BBC] Article: https://www.bbc.com/news/articles/cr71de2dr32o?at_medium=RSS&at_campaign=rss
2026-04-21 13:47:28,880 - INFO - [BBC] Attempt 1/1: Trying with 'requests_browser' strategy...
2026-04-21 13:47:29,057 - INFO - [The Guardian] Article: https://www.theguardian.com/us-news/2026/apr/20/mexico-car-accident-drug-officials-killed
2026-04-21 13:47:29,057 - INFO - [The Guardian] Attempt 1/1: Trying with 'requests_browser' strategy...
2026-04-21 13:47:29,180 - INFO - [BBC] Success with 'requests_browser'. Found content (453 words).
2026-04-21 13:47:29,338 - INFO - [The Guardian] Success with 'requests_browser'. Found content (210 words).
2026-04-21 13:47:29,741 - INFO - Duplicate article skipped: US and Mexican officials assigned to cartel case killed in car accident | US news | The Guardian from The Guardian
2026-04-21 13:47:29,828 - INFO - Saved article: Nigeria monarch's abduction in Kwara: Police arrest miners from BBC
2026-04-21 13:47:29,936 - INFO - [The Hindu] Article: https://www.thehindu.com/news/national/andhra-pradesh/tdp-jana-sena-leaders-clash-over-missing-ap-chief-ministers-photo-at-government-event/article70888602.ece
2026-04-21 13:47:29,936 - INFO - [The Hindu] Attempt 1/1: Trying with 'selenium_browser' strategy...
2026-04-21 13:47:30,325 - INFO - [The Guardian] Article: https://www.theguardian.com/world/2026/apr/19/artemis-astronaut-jeremy-hansen-french-canada
2026-04-21 13:47:30,325 - INFO - [The Guardian] Attempt 1/1: Trying with 'requests_browser' strategy...
2026-04-21 13:47:30,483 - INFO - [The Guardian] Success with 'requests_browser'. Found content (925 words).
2026-04-21 13:47:30,519 - INFO - [BBC] Article: https://www.bbc.com/news/articles/crm1rg3ydkvo?at_medium=RSS&at_campaign=rss
2026-04-21 13:47:30,519 - INFO - [BBC] Attempt 1/1: Trying with 'requests_browser' strategy...
2026-04-21 13:47:30,882 - INFO - Duplicate article skipped: Canadian astronaut’s bon mots help heal wounds from French language row | Canada | The Guardian from The Guardian
2026-04-21 13:47:30,886 - INFO - [BBC] Success with 'requests_browser'. Found content (806 words).
2026-04-21 13:47:31,142 - INFO - Duplicate article skipped: Canadian woman killed in shooting at Mexico's ancient pyramids from BBC
2026-04-21 13:47:31,940 - INFO - [The Guardian] Article: https://www.theguardian.com/us-news/2026/apr/21/george-ariyoshi-former-hawaii-governor-dies
2026-04-21 13:47:31,940 - INFO - [The Guardian] Attempt 1/1: Trying with 'requests_browser' strategy...
2026-04-21 13:47:31,974 - INFO - [BBC] Article: https://www.bbc.com/news/articles/crr1v4gzkvlo?at_medium=RSS&at_campaign=rss
2026-04-21 13:47:31,974 - INFO - [BBC] Attempt 1/1: Trying with 'requests_browser' strategy...
2026-04-21 13:47:32,122 - INFO - [The Guardian] Success with 'requests_browser'. Found content (712 words).
2026-04-21 13:47:32,239 - INFO - [BBC] Success with 'requests_browser'. Found content (903 words).
2026-04-21 13:47:32,358 - INFO - Saved article: George Ariyoshi, first US governor of Asian American descent, dies aged 100 | Hawaii | The Guardian from The Guardian
2026-04-21 13:47:32,420 - INFO - Duplicate article skipped: US singer D4vd pleads not guilty to murder in death of missing teen girl from BBC
2026-04-21 13:47:32,999 - INFO - [BBC] Article: https://www.bbc.com/news/articles/cn784g76v63o?at_medium=RSS&at_campaign=rss
2026-04-21 13:47:32,999 - INFO - [BBC] Attempt 1/1: Trying with 'requests_browser' strategy...
2026-04-21 13:47:33,088 - INFO - [BBC] Success with 'requests_browser'. Found content (463 words).
2026-04-21 13:47:33,274 - INFO - [The Guardian] Article: https://www.theguardian.com/world/2026/apr/21/supporters-of-new-zealand-goldmine-threaten-sam-neill-with-violence
2026-04-21 13:47:33,274 - INFO - [The Guardian] Attempt 1/1: Trying with 'requests_browser' strategy...
2026-04-21 13:47:33,284 - INFO - Saved article: Fannie Masemola: South Africa's police boss charged in connection with controversial health contract from BBC
2026-04-21 13:47:33,351 - INFO - [The Guardian] Success with 'requests_browser'. Found content (555 words).
2026-04-21 13:47:33,432 - INFO - Saved article: Sam Neill says New Zealand goldmine supporters have threatened him with violence | New Zealand | The Guardian from The Guardian
2026-04-21 13:47:34,034 - INFO - [The Guardian] Article: https://www.theguardian.com/world/2026/apr/21/us-reportedly-restricts-south-korea-intelligence-sharing-after-minister-identified-suspected-nuclear-site
2026-04-21 13:47:34,035 - INFO - [The Guardian] Attempt 1/1: Trying with 'requests_browser' strategy...
2026-04-21 13:47:34,092 - INFO - [BBC] Article: https://www.bbc.com/news/articles/ckgr7dw55lwo?at_medium=RSS&at_campaign=rss
2026-04-21 13:47:34,092 - INFO - [BBC] Attempt 1/1: Trying with 'requests_browser' strategy...
2026-04-21 13:47:34,227 - INFO - [The Guardian] Success with 'requests_browser'. Found content (578 words).
2026-04-21 13:47:34,237 - INFO - [BBC] Success with 'requests_browser'. Found content (438 words).
2026-04-21 13:47:34,464 - INFO - Saved article: The Onion launches new effort to turn Infowars into parody website from BBC
2026-04-21 13:47:34,468 - INFO - Saved article: US ‘restricts intelligence sharing with South Korea’ after minister identified suspected nuclear site | South Korea | The Guardian from The Guardian
2026-04-21 13:47:35,146 - INFO - [The Hindu] Page content loaded.
2026-04-21 13:47:35,646 - INFO - [BBC] Article: https://www.bbc.com/news/articles/c4gxj049wljo?at_medium=RSS&at_campaign=rss
2026-04-21 13:47:35,646 - INFO - [BBC] Attempt 1/1: Trying with 'requests_browser' strategy...
2026-04-21 13:47:35,668 - INFO - [The Guardian] Article: https://www.theguardian.com/world/2026/apr/21/south-korea-music-executive-bang-si-hyuk-k-pop-bts-police
2026-04-21 13:47:35,668 - INFO - [The Guardian] Attempt 1/1: Trying with 'requests_browser' strategy...
2026-04-21 13:47:35,861 - INFO - [The Guardian] Success with 'requests_browser'. Found content (333 words).
2026-04-21 13:47:35,907 - INFO - [BBC] Success with 'requests_browser'. Found content (680 words).
2026-04-21 13:47:36,357 - INFO - Saved article: Music executive behind K-pop group BTS faces arrest in South Korea | South Korea | The Guardian from The Guardian
2026-04-21 13:47:36,404 - INFO - Saved article: Ofcom probing Telegram over child sexual abuse material concerns from BBC
2026-04-21 13:47:36,725 - INFO - [The Hindu] Success with 'selenium_browser'. Found content (270 words).
2026-04-21 13:47:37,063 - INFO - [The Guardian] Article: https://www.theguardian.com/world/live/2026/apr/20/japan-tsunami-earthquake-sanriku-latest-news-updates
2026-04-21 13:47:37,063 - INFO - [The Guardian] Attempt 1/1: Trying with 'requests_browser' strategy...
2026-04-21 13:47:37,161 - INFO - Saved article: TDP, Jana Sena leaders clash over ‘missing' A.P. Chief Minister’s photo at government event - The Hindu from The Hindu
2026-04-21 13:47:37,203 - INFO - [BBC] Article: https://www.bbc.com/news/articles/cpd575n1znzo?at_medium=RSS&at_campaign=rss
2026-04-21 13:47:37,203 - INFO - [BBC] Attempt 1/1: Trying with 'requests_browser' strategy...
2026-04-21 13:47:37,679 - INFO - [BBC] Success with 'requests_browser'. Found content (687 words).
2026-04-21 13:47:38,179 - INFO - Duplicate article skipped: Outrage over Israeli soldier's vandalism of Jesus statue in Lebanon from BBC
2026-04-21 13:47:38,291 - INFO - [The Hindu] Article: https://www.thehindu.com/news/national/telangana/cm-misrepresenting-facts-on-kaleshwaram-says-harish-rao/article70888891.ece
2026-04-21 13:47:38,291 - INFO - [The Hindu] Attempt 1/1: Trying with 'selenium_browser' strategy...
2026-04-21 13:47:38,456 - INFO - [The Guardian] Success with 'requests_browser'. Found content (704 words).
2026-04-21 13:47:38,700 - INFO - Duplicate article skipped: Japan tsunami alerts downgraded following powerful earthquake off northern coast – as it happened | Japan | The Guardian from The Guardian
2026-04-21 13:47:39,344 - INFO - [BBC] Article: https://www.bbc.com/news/articles/czd7m7d699do?at_medium=RSS&at_campaign=rss
2026-04-21 13:47:39,344 - INFO - [BBC] Attempt 1/1: Trying with 'requests_browser' strategy...
2026-04-21 13:47:39,481 - INFO - [BBC] Success with 'requests_browser'. Found content (531 words).
2026-04-21 13:47:39,604 - INFO - Duplicate article skipped: Japan on high alert for 'huge' second earthquake after lifting tsunami warning from BBC
2026-04-21 13:47:39,782 - INFO - [The Guardian] Article: https://www.theguardian.com/australia-news/2026/apr/21/labor-to-tighten-child-ndis-eligibility-to-curb-spending-as-queensland-mp-warns-change-is-failing-kids
2026-04-21 13:47:39,783 - INFO - [The Guardian] Attempt 1/1: Trying with 'requests_browser' strategy...
2026-04-21 13:47:39,947 - INFO - [The Guardian] Success with 'requests_browser'. Found content (809 words).
2026-04-21 13:47:40,068 - INFO - Saved article: Labor to tighten child NDIS eligibility to curb spending as Queensland MP warns change is ‘failing kids’ | Disability | The Guardian from The Guardian
2026-04-21 13:47:40,620 - INFO - [The Guardian] Article: https://www.theguardian.com/australia-news/2026/apr/21/farrer-byelection-liberal-national-one-nation-pauline-hanson-preference-ntwnfb
2026-04-21 13:47:40,620 - INFO - [The Guardian] Attempt 1/1: Trying with 'requests_browser' strategy...
2026-04-21 13:47:40,688 - INFO - [The Guardian] Success with 'requests_browser'. Found content (515 words).
2026-04-21 13:47:40,745 - INFO - Saved article: Liberals and Nationals to preference One Nation in blow to Michelle Milthorpe in Farrer byelection | Farrer byelection 2026 | The Guardian from The Guardian
2026-04-21 13:47:41,027 - INFO - [BBC] Article: https://www.bbc.com/news/articles/cjr9vwz48npo?at_medium=RSS&at_campaign=rss
2026-04-21 13:47:41,028 - INFO - [BBC] Attempt 1/1: Trying with 'requests_browser' strategy...
2026-04-21 13:47:41,051 - INFO - [The Hindu] Page content loaded.
2026-04-21 13:47:41,101 - INFO - [BBC] Success with 'requests_browser'. Found content (426 words).
2026-04-21 13:47:41,201 - INFO - Duplicate article skipped: Blue Origin rocket grounded after satellite 'mishap' from BBC
2026-04-21 13:47:41,223 - INFO - [The Hindu] Success with 'selenium_browser'. Found content (239 words).
2026-04-21 13:47:41,342 - INFO - Saved article: CM misrepresenting facts on Kaleshwaram, says Harish Rao - The Hindu from The Hindu
2026-04-21 13:47:41,958 - INFO - [The Guardian] Article: https://www.theguardian.com/film/2026/apr/21/rebel-wilson-defamation-case-labelled-nuts-own-pr-team-ntwnfb
2026-04-21 13:47:41,959 - INFO - [The Guardian] Attempt 1/1: Trying with 'requests_browser' strategy...
2026-04-21 13:47:42,108 - INFO - [The Guardian] Success with 'requests_browser'. Found content (616 words).
2026-04-21 13:47:42,272 - INFO - [BBC] Article: https://www.bbc.com/news/articles/cjr9vvr904wo?at_medium=RSS&at_campaign=rss
2026-04-21 13:47:42,273 - INFO - [BBC] Attempt 1/1: Trying with 'requests_browser' strategy...
2026-04-21 13:47:42,326 - INFO - Saved article: Rebel Wilson labelled ‘nuts’ by PR team she allegedly hired to attack colleague, court hears | Rebel Wilson | The Guardian from The Guardian
2026-04-21 13:47:42,331 - INFO - [The Hindu] Article: https://www.thehindu.com/news/cities/Hyderabad/four-arrested-contraband-worth-over-46-lakh-seized-in-multiple-excise-cases-in-hyderabad/article70888543.ece
2026-04-21 13:47:42,331 - INFO - [The Hindu] Attempt 1/1: Trying with 'selenium_browser' strategy...
2026-04-21 13:47:42,456 - INFO - [BBC] Success with 'requests_browser'. Found content (404 words).
2026-04-21 13:47:42,610 - INFO - Duplicate article skipped: Rio De Janeiro: Tourists stranded on hilltop after police raid on favela from BBC
2026-04-21 13:47:43,717 - INFO - [The Guardian] Article: https://www.theguardian.com/film/2026/apr/21/practical-magic-2-first-look-trailer-sandra-bullock-nicole-kidman-sequel-
2026-04-21 13:47:43,718 - INFO - [The Guardian] Attempt 1/1: Trying with 'requests_browser' strategy...
2026-04-21 13:47:43,792 - INFO - [The Guardian] Success with 'requests_browser'. Found content (352 words).
2026-04-21 13:47:43,853 - INFO - Saved article: ‘The witches are back’: first look at Practical Magic 2 as Sandra Bullock and Nicole Kidman return for spooky sequel | Movies | The Guardian from The Guardian
2026-04-21 13:47:44,085 - INFO - [BBC] Article: https://www.bbc.com/news/articles/cn4vkye71ypo?at_medium=RSS&at_campaign=rss
2026-04-21 13:47:44,085 - INFO - [BBC] Attempt 1/1: Trying with 'requests_browser' strategy...
2026-04-21 13:47:44,129 - INFO - [BBC] Success with 'requests_browser'. Found content (1140 words).
2026-04-21 13:47:44,222 - INFO - Saved article: John Ternus' challenges as new Apple boss - AI, Trump and product launches from BBC
2026-04-21 13:47:44,361 - INFO - [The Guardian] Article: https://www.theguardian.com/australia-news/2026/apr/21/woolworths-price-drop-marketing-trick-customers-accc-court
2026-04-21 13:47:44,361 - INFO - [The Guardian] Attempt 1/1: Trying with 'requests_browser' strategy...
2026-04-21 13:47:44,525 - INFO - [The Guardian] Success with 'requests_browser'. Found content (918 words).
2026-04-21 13:47:44,563 - INFO - Saved article: Woolworths engaged in ‘marketing magic’ to trick customers, consumer watchdog tells court | Business | The Guardian from The Guardian
2026-04-21 13:47:45,270 - INFO - [The Guardian] Article: https://www.theguardian.com/world/2026/apr/21/kremlin-russia-forcing-firms-join-vpn-witch-hunt-internet
2026-04-21 13:47:45,271 - INFO - [The Guardian] Attempt 1/1: Trying with 'requests_browser' strategy...
2026-04-21 13:47:45,393 - INFO - [The Guardian] Success with 'requests_browser'. Found content (570 words).
2026-04-21 13:47:45,421 - INFO - [BBC] Article: https://www.bbc.com/news/articles/cwyw2zvqxe2o?at_medium=RSS&at_campaign=rss
2026-04-21 13:47:45,427 - INFO - [BBC] Attempt 1/1: Trying with 'requests_browser' strategy...
2026-04-21 13:47:45,445 - INFO - Saved article: Kremlin forcing big firms to join ‘witch-hunt’ against internet rebels, claims report | Russia | The Guardian from The Guardian
2026-04-21 13:47:45,484 - INFO - [BBC] Success with 'requests_browser'. Found content (1175 words).
2026-04-21 13:47:45,537 - INFO - Duplicate article skipped: West Bengal election: Why politicians are campaigning with fish in hand from BBC
2026-04-21 13:47:46,699 - INFO - [BBC] Article: https://www.bbc.com/news/articles/c0krm128mgyo?at_medium=RSS&at_campaign=rss
2026-04-21 13:47:46,699 - INFO - [BBC] Attempt 1/1: Trying with 'requests_browser' strategy...
2026-04-21 13:47:46,735 - INFO - [BBC] Success with 'requests_browser'. Found content (531 words).
2026-04-21 13:47:46,777 - INFO - Saved article: Nigeria's Iroro Tanshi wins Goldman Environmental Prize for trying to save bats from BBC
2026-04-21 13:47:46,782 - INFO - [The Guardian] Article: https://www.theguardian.com/world/live/2026/apr/21/eu-foreign-ministers-meet-to-discuss-ukraine-russia-and-the-middle-east-europe-live
2026-04-21 13:47:46,782 - INFO - [The Guardian] Attempt 1/1: Trying with 'requests_browser' strategy...
2026-04-21 13:47:47,345 - INFO - [The Guardian] Success with 'requests_browser'. Found content (2487 words).
2026-04-21 13:47:47,426 - INFO - Saved article: EU optimistic over approval of €90bn loan for Ukraine following Orbán defeat – Europe live | Europe | The Guardian from The Guardian
2026-04-21 13:47:48,026 - INFO - [BBC] Article: https://www.bbc.com/news/articles/cge0grppe3po?at_medium=RSS&at_campaign=rss
2026-04-21 13:47:48,026 - INFO - [BBC] Attempt 1/1: Trying with 'requests_browser' strategy...
2026-04-21 13:47:48,101 - INFO - [BBC] Success with 'requests_browser'. Found content (1382 words).
2026-04-21 13:47:48,163 - INFO - Duplicate article skipped: The insider trading suspicions looming over Trump's presidency from BBC
2026-04-21 13:47:48,236 - INFO - [The Guardian] Article: https://www.theguardian.com/film/2026/apr/21/martin-scorsese-film-about-pope-francis-world-premiere-vatican-city-aldeas-the-final-dream-of-pope-francis
2026-04-21 13:47:48,237 - INFO - [The Guardian] Attempt 1/1: Trying with 'requests_browser' strategy...
2026-04-21 13:47:48,303 - INFO - [The Guardian] Success with 'requests_browser'. Found content (336 words).
2026-04-21 13:47:48,349 - INFO - Saved article: Martin Scorsese’s film about Pope Francis to receive world premiere in Vatican City | Movies | The Guardian from The Guardian
2026-04-21 13:47:48,864 - INFO - [The Guardian] Article: https://www.theguardian.com/football/2026/apr/21/midtjylland-footballer-alamara-djabi-seriously-injured-after-stabbing-in-denmark
2026-04-21 13:47:48,864 - INFO - [The Guardian] Attempt 1/1: Trying with 'requests_browser' strategy...
2026-04-21 13:47:48,922 - INFO - [The Guardian] Success with 'requests_browser'. Found content (162 words).
2026-04-21 13:47:48,963 - INFO - Saved article: Midtjylland footballer Alamara Djabi seriously injured after stabbing in Denmark | Midtjylland | The Guardian from The Guardian
2026-04-21 13:47:49,220 - INFO - [BBC] Article: https://www.bbc.com/news/articles/c895k3537kgo?at_medium=RSS&at_campaign=rss
2026-04-21 13:47:49,220 - INFO - [BBC] Attempt 1/1: Trying with 'requests_browser' strategy...
2026-04-21 13:47:49,269 - INFO - [BBC] Success with 'requests_browser'. Found content (1667 words).
2026-04-21 13:47:49,313 - INFO - Duplicate article skipped: 'They told me he was dead': Children born near Kenyan army base learn truth about UK soldier dads from BBC
2026-04-21 13:47:49,718 - INFO - [The Guardian] Article: https://www.theguardian.com/world/2026/apr/21/eu-court-ecj-hungary-anti-gay-lgbtq-law
2026-04-21 13:47:49,719 - INFO - [The Guardian] Attempt 1/1: Trying with 'requests_browser' strategy...
2026-04-21 13:47:49,790 - INFO - [The Guardian] Success with 'requests_browser'. Found content (749 words).
2026-04-21 13:47:49,847 - INFO - Saved article: EU’s top court finds Hungary’s anti-LGBTQ+ law in breach of key values | Hungary | The Guardian from The Guardian
2026-04-21 13:47:50,575 - INFO - [BBC] Article: https://www.bbc.com/news/videos/c15d1enqgl3o?at_medium=RSS&at_campaign=rss
2026-04-21 13:47:50,576 - INFO - [BBC] Attempt 1/1: Trying with 'requests_browser' strategy...
2026-04-21 13:47:50,624 - WARNING - [BBC] FAILED with 'requests_browser' (content was too short: 75 words).
2026-04-21 13:47:50,624 - ERROR - [BBC] All scrape strategies failed for https://www.bbc.com/news/videos/c15d1enqgl3o?at_medium=RSS&at_campaign=rss. Falling back to RSS description.
2026-04-21 13:47:50,625 - INFO - Saved article: Hot air balloon makes emergency landing in California backyard from BBC
2026-04-21 13:47:51,766 - INFO - [BBC] Article: https://www.bbc.com/news/videos/c9qd9335838o?at_medium=RSS&at_campaign=rss
2026-04-21 13:47:51,766 - INFO - [BBC] Attempt 1/1: Trying with 'requests_browser' strategy...
2026-04-21 13:47:51,813 - WARNING - [BBC] FAILED with 'requests_browser' (content was too short: 65 words).
2026-04-21 13:47:51,813 - ERROR - [BBC] All scrape strategies failed for https://www.bbc.com/news/videos/c9qd9335838o?at_medium=RSS&at_campaign=rss. Falling back to RSS description.
2026-04-21 13:47:51,813 - INFO - Duplicate article skipped: Are insider traders making millions from the Iran war? from BBC
2026-04-21 13:47:52,943 - INFO - [BBC] Article: https://www.bbc.com/news/videos/cvg09900zx5o?at_medium=RSS&at_campaign=rss
2026-04-21 13:47:52,944 - INFO - [BBC] Attempt 1/1: Trying with 'requests_browser' strategy...
2026-04-21 13:47:52,991 - WARNING - [BBC] FAILED with 'requests_browser' (content was too short: 54 words).
2026-04-21 13:47:52,991 - ERROR - [BBC] All scrape strategies failed for https://www.bbc.com/news/videos/cvg09900zx5o?at_medium=RSS&at_campaign=rss. Falling back to RSS description.
2026-04-21 13:47:52,993 - INFO - Saved article: Victory slips away as marathon runner celebrates too soon from BBC
2026-04-21 13:47:54,210 - WARNING - [The Hindu] Page timed out (10s). No <p> tags found. Proceeding anyway.
2026-04-21 13:47:54,216 - WARNING - discarding data: None
2026-04-21 13:47:54,216 - WARNING - [The Hindu] FAILED with 'selenium_browser' (content was too short: 0 words).
2026-04-21 13:47:54,216 - ERROR - [The Hindu] All scrape strategies failed for https://www.thehindu.com/news/cities/Hyderabad/four-arrested-contraband-worth-over-46-lakh-seized-in-multiple-excise-cases-in-hyderabad/article70888543.ece. Falling back to RSS description.
2026-04-21 13:47:54,217 - INFO - Saved article: Four arrested, contraband worth over ₹46 lakh seized in multiple excise cases in Hyderabad from The Hindu
2026-04-21 13:47:55,542 - INFO - [The Hindu] Article: https://www.thehindu.com/news/national/andhra-pradesh/apsrtc-draws-roadmap-to-shift-to-electric-fleet/article70888767.ece
2026-04-21 13:47:55,542 - INFO - [The Hindu] Attempt 1/1: Trying with 'selenium_browser' strategy...
2026-04-21 13:48:05,843 - WARNING - [The Hindu] Page timed out (10s). No <p> tags found. Proceeding anyway.
2026-04-21 13:48:05,849 - WARNING - discarding data: None
2026-04-21 13:48:05,849 - WARNING - [The Hindu] FAILED with 'selenium_browser' (content was too short: 0 words).
2026-04-21 13:48:05,849 - ERROR - [The Hindu] All scrape strategies failed for https://www.thehindu.com/news/national/andhra-pradesh/apsrtc-draws-roadmap-to-shift-to-electric-fleet/article70888767.ece. Falling back to RSS description.
2026-04-21 13:48:05,851 - INFO - Saved article: APSRTC draws roadmap to shift to electric fleet from The Hindu
2026-04-21 13:48:07,079 - INFO - [The Hindu] Article: https://www.thehindu.com/news/national/kerala/kerala-advised-to-revise-dpr-of-semi-high-speed-rail-corridor-on-broad-gauge/article70888359.ece
2026-04-21 13:48:07,080 - INFO - [The Hindu] Attempt 1/1: Trying with 'selenium_browser' strategy...
2026-04-21 13:48:07,757 - INFO - [The Hindu] Page content loaded.
2026-04-21 13:48:07,923 - INFO - [The Hindu] Success with 'selenium_browser'. Found content (114 words).
2026-04-21 13:48:08,087 - INFO - Saved article: Kerala advised to revise DPR of semi-high speed rail corridor on broad gauge - The Hindu from The Hindu
2026-04-21 13:48:09,461 - INFO - [The Hindu] Article: https://www.thehindu.com/news/national/telangana/kavitha-to-launch-political-party-in-medchal-on-april-25/article70888688.ece
2026-04-21 13:48:09,462 - INFO - [The Hindu] Attempt 1/1: Trying with 'selenium_browser' strategy...
2026-04-21 13:48:10,792 - INFO - [The Hindu] Page content loaded.
2026-04-21 13:48:10,864 - INFO - [The Hindu] Success with 'selenium_browser'. Found content (132 words).
2026-04-21 13:48:10,986 - INFO - Saved article: Kavitha to launch political party in Medchal on April 25 - The Hindu from The Hindu
2026-04-21 13:48:12,197 - INFO - [The Hindu] Article: https://www.thehindu.com/news/national/karnataka/two-workers-electrocuted-in-belagavi-stone-quarry/article70888556.ece
2026-04-21 13:48:12,197 - INFO - [The Hindu] Attempt 1/1: Trying with 'selenium_browser' strategy...
2026-04-21 13:48:13,774 - INFO - [The Hindu] Page content loaded.
2026-04-21 13:48:14,024 - WARNING - [The Hindu] FAILED with 'selenium_browser' (content was too short: 75 words).
2026-04-21 13:48:14,024 - ERROR - [The Hindu] All scrape strategies failed for https://www.thehindu.com/news/national/karnataka/two-workers-electrocuted-in-belagavi-stone-quarry/article70888556.ece. Falling back to RSS description.
2026-04-21 13:48:14,026 - INFO - Saved article: Two workers electrocuted in Belagavi stone quarry from The Hindu
2026-04-21 13:48:15,337 - INFO - [The Hindu] Article: https://www.thehindu.com/news/national/assembly-elections-2026-april-21-live-updates-tamil-nadu-kerala-puducherry-chennai-kerala-assam-poll-updates-poll-results-date/article70887085.ece
2026-04-21 13:48:15,338 - INFO - [The Hindu] Attempt 1/1: Trying with 'selenium_browser' strategy...
2026-04-21 13:48:16,417 - INFO - [The Hindu] Page content loaded.
2026-04-21 13:48:16,581 - INFO - [The Hindu] Success with 'selenium_browser'. Found content (169 words).
2026-04-21 13:48:16,682 - INFO - Saved article: Assembly Elections 2026 LIVE: Kharge accuses PM Modi of terrorising political parties, people by misusing govt machinery - The Hindu from The Hindu
2026-04-21 13:48:17,405 - INFO - [The Hindu] Article: https://www.thehindu.com/elections/tamil-nadu-assembly/will-set-up-war-rooms-to-monitor-crimes-against-women-aiadmk/article70888611.ece
2026-04-21 13:48:17,405 - INFO - [The Hindu] Attempt 1/1: Trying with 'selenium_browser' strategy...
2026-04-21 13:48:18,720 - INFO - [The Hindu] Page content loaded.
2026-04-21 13:48:18,950 - INFO - [The Hindu] Success with 'selenium_browser'. Found content (221 words).
2026-04-21 13:48:19,070 - INFO - Saved article: Will set up ‘war rooms’ to monitor crimes against women: AIADMK - The Hindu from The Hindu
2026-04-21 13:48:19,614 - INFO - [The Hindu] Article: https://www.thehindu.com/news/cities/Hyderabad/four-arrested-in-chain-snatching-case-in-hyderabad/article70888495.ece
2026-04-21 13:48:19,614 - INFO - [The Hindu] Attempt 1/1: Trying with 'selenium_browser' strategy...
2026-04-21 13:48:20,220 - ERROR - [Times of India] Request failed for strategy 'selenium_browser' on URL https://timesofindia.indiatimes.com/world/us/china-helping-prop-up-irans-regime-nikki-hailey-says-ship-seized-by-us-linked-to-chemical-shipments-for-missiles/articleshow/130415195.cms: Message: timeout: Timed out receiving message from renderer: 59.862
  (Session info: chrome=147.0.7727.55)
Stacktrace:
#0 0x55a86ebfdb6a <unknown>
#1 0x55a86e5ff265 <unknown>
#2 0x55a86e5e6b1b <unknown>
#3 0x55a86e5e6804 <unknown>
#4 0x55a86e5e454b <unknown>
#5 0x55a86e5e4ecf <unknown>
#6 0x55a86e5f3e90 <unknown>
#7 0x55a86e60dc67 <unknown>
#8 0x55a86e61479b <unknown>
#9 0x55a86e5e561f <unknown>
#10 0x55a86e60d9fd <unknown>
#11 0x55a86e69ac7d <unknown>
#12 0x55a86e6455cf <unknown>
#13 0x55a86e646391 <unknown>
#14 0x55a86ebc304b <unknown>
#15 0x55a86ebc600d <unknown>
#16 0x55a86ebaf808 <unknown>
#17 0x55a86ebc6ba0 <unknown>
#18 0x55a86eb96280 <unknown>
#19 0x55a86ebeadb8 <unknown>
#20 0x55a86ebeaf88 <unknown>
#21 0x55a86ebfc5de <unknown>
#22 0x7eff82a9caa4 <unknown>
#23 0x7eff82b29c6c <unknown>

2026-04-21 13:48:20,220 - ERROR - [Times of India] All scrape strategies failed for https://timesofindia.indiatimes.com/world/us/china-helping-prop-up-irans-regime-nikki-hailey-says-ship-seized-by-us-linked-to-chemical-shipments-for-missiles/articleshow/130415195.cms. Falling back to RSS description.
2026-04-21 13:48:20,224 - INFO - Saved article: 'China helping prop up Iran's regime': Nikki Hailey says ship seized by US linked to chemical shipments for missiles from Times of India
2026-04-21 13:48:21,020 - INFO - [Times of India] Article: https://timesofindia.indiatimes.com/science/two-sun-planets-keep-disappearing-heres-why-scientists-point-to-einstein/articleshow/130414760.cms
2026-04-21 13:48:21,020 - INFO - [Times of India] Attempt 1/1: Trying with 'selenium_browser' strategy...
2026-04-21 13:48:21,105 - INFO - [The Hindu] Page content loaded.
2026-04-21 13:48:21,277 - INFO - [The Hindu] Success with 'selenium_browser'. Found content (217 words).
2026-04-21 13:48:21,362 - INFO - Saved article: Four arrested in chain-snatching case in Hyderabad - The Hindu from The Hindu
2026-04-21 13:48:22,603 - INFO - [The Hindu] Article: https://www.thehindu.com/news/national/karnataka/vice-president-urged-not-to-share-dais-with-central-university-v-c-during-convocation-today/article70888515.ece
2026-04-21 13:48:22,604 - INFO - [The Hindu] Attempt 1/1: Trying with 'selenium_browser' strategy...
2026-04-21 13:48:22,835 - INFO - [Times of India] Page content loaded.
2026-04-21 13:48:22,926 - INFO - [Times of India] Success with 'selenium_browser'. Found content (587 words).
2026-04-21 13:48:23,015 - INFO - Saved article: Two-sun planets keep disappearing: Here’s why scientists point to Einstein | - The Times of India from Times of India
2026-04-21 13:48:23,828 - INFO - [Times of India] Article: https://timesofindia.indiatimes.com/world/us/big-tech-loves-this-arrangement-congressman-riley-writes-to-dhs-for-ending-opt-claims-450000-jobs-stolen-from-americans/articleshow/130416934.cms
2026-04-21 13:48:23,829 - INFO - [Times of India] Attempt 1/1: Trying with 'selenium_browser' strategy...
2026-04-21 13:48:25,541 - INFO - [Times of India] Page content loaded.
2026-04-21 13:48:25,716 - INFO - [The Hindu] Page content loaded.
2026-04-21 13:48:25,823 - INFO - [Times of India] Success with 'selenium_browser'. Found content (491 words).
2026-04-21 13:48:25,952 - INFO - [The Hindu] Success with 'selenium_browser'. Found content (451 words).
2026-04-21 13:48:25,959 - INFO - Saved article: Congressman Riley: Big tech loves this arrangement: Congressman Riley writes to DHS for ending OPT; claims 450,000 jobs 'stolen' from Americans - The Times of India from Times of India
2026-04-21 13:48:26,042 - INFO - Saved article: Vice-President urged not to share dais with Central University V-C during convocation today - The Hindu from The Hindu
2026-04-21 13:48:26,470 - INFO - [Times of India] Article: https://timesofindia.indiatimes.com/world/us-streamers/the-fight-involved-a-man-klaudia-glam-case-explodes-as-friend-lala-reveals-hidden-tensions-with-rielleuk/articleshow/130415665.cms
2026-04-21 13:48:26,470 - INFO - [Times of India] Attempt 1/1: Trying with 'selenium_browser' strategy...
2026-04-21 13:48:26,816 - INFO - [The Hindu] Article: https://www.thehindu.com/newsletter/karnataka-today/here-are-the-big-stories-from-karnataka-today/article70888354.ece
2026-04-21 13:48:26,816 - INFO - [The Hindu] Attempt 1/1: Trying with 'selenium_browser' strategy...
2026-04-21 13:48:27,336 - INFO - [Times of India] Page content loaded.
2026-04-21 13:48:27,489 - INFO - [Times of India] Success with 'selenium_browser'. Found content (371 words).
2026-04-21 13:48:27,540 - INFO - Saved article: Viral Controversy: “The fight involved a man": Klaudia Glam case explodes as friend LALA reveals hidden tensions with RIELLEUK - The Times of India from Times of India
2026-04-21 13:48:28,955 - INFO - [Times of India] Article: https://timesofindia.indiatimes.com/world/us-streamers/who-is-dillon-latham-viral-clip-shows-streamer-using-tears-as-hair-spray-while-explaining-crymaxxing/articleshow/130416203.cms
2026-04-21 13:48:28,955 - INFO - [Times of India] Attempt 1/1: Trying with 'selenium_browser' strategy...
2026-04-21 13:48:29,428 - INFO - [The Hindu] Page content loaded.
2026-04-21 13:48:29,623 - INFO - [The Hindu] Success with 'selenium_browser'. Found content (594 words).
2026-04-21 13:48:29,920 - INFO - Saved article: Here are the big stories from Karnataka today - The Hindu from The Hindu
2026-04-21 13:48:30,344 - INFO - [Times of India] Page content loaded.
2026-04-21 13:48:30,455 - INFO - [Times of India] Success with 'selenium_browser'. Found content (443 words).
2026-04-21 13:48:30,515 - INFO - Saved article: Dillon Latham: Who is Dillon Latham? Viral clip shows streamer using tears as hair spray while explaining “crymaxxing” - The Times of India from Times of India
2026-04-21 13:48:31,417 - INFO - [The Hindu] Article: https://www.thehindu.com/elections/west-bengal-assembly/west-bengal-assembly-elections-candidates-criminal-cases-richest-lowest-assets-crorepatis-adr-report-2026/article70887651.ece
2026-04-21 13:48:31,417 - INFO - [The Hindu] Attempt 1/1: Trying with 'selenium_browser' strategy...
2026-04-21 13:48:31,627 - INFO - [Times of India] Article: https://timesofindia.indiatimes.com/world/rest-of-world/killer-of-indian-student-kartik-vasudev-in-canada-found-guilty-judge-says-schizophrenia-no-excuse-for-random-murder/articleshow/130415322.cms
2026-04-21 13:48:31,627 - INFO - [Times of India] Attempt 1/1: Trying with 'selenium_browser' strategy...
2026-04-21 13:48:32,644 - INFO - [Times of India] Page content loaded.
2026-04-21 13:48:32,839 - INFO - [Times of India] Success with 'selenium_browser'. Found content (295 words).
2026-04-21 13:48:32,901 - INFO - Saved article: Indian Student Killed In Canada: Killer of Indian student Kartik Vasudev in Canada found guilty, judge says schizophrenia no excuse for random murder - The Times of India from Times of India
2026-04-21 13:48:33,827 - INFO - [The Hindu] Page content loaded.
2026-04-21 13:48:34,049 - INFO - [Times of India] Article: https://timesofindia.indiatimes.com/world/uk/i-have-nothing-left-indian-origin-man-who-lost-wife-daughter-in-air-india-crash-faces-deportation-from-uk/articleshow/130412545.cms
2026-04-21 13:48:34,049 - INFO - [Times of India] Attempt 1/1: Trying with 'selenium_browser' strategy...
2026-04-21 13:48:34,705 - INFO - [The Hindu] Success with 'selenium_browser'. Found content (667 words).
2026-04-21 13:48:34,894 - INFO - Saved article: West Bengal polls - phase 1: 294 candidates face serious criminal charges, 98 booked for crimes against women - The Hindu from The Hindu
2026-04-21 13:48:35,760 - INFO - [Times of India] Page content loaded.
2026-04-21 13:48:35,792 - INFO - [The Hindu] Article: https://www.thehindu.com/news/cities/Hyderabad/man-arrested-in-hyderabad-for-stealing-gold-ornaments-from-sleeping-passenger-on-private-bus/article70888139.ece
2026-04-21 13:48:35,792 - INFO - [The Hindu] Attempt 1/1: Trying with 'selenium_browser' strategy...
2026-04-21 13:48:35,973 - INFO - [Times of India] Success with 'selenium_browser'. Found content (450 words).
2026-04-21 13:48:36,062 - INFO - Saved article: 'I have nothing left': Indian-origin man who lost wife, daughter in Air India crash faces deportation from UK - The Times of India from Times of India
2026-04-21 13:48:36,621 - INFO - [Times of India] Article: https://timesofindia.indiatimes.com/world/uk/felt-political-pressure-sacked-uk-official-blames-starmers-office-over-mandelson-us-appointment/articleshow/130413042.cms
2026-04-21 13:48:36,621 - INFO - [Times of India] Attempt 1/1: Trying with 'selenium_browser' strategy...
2026-04-21 13:48:37,447 - INFO - [The Hindu] Page content loaded.
2026-04-21 13:48:37,564 - INFO - [The Hindu] Success with 'selenium_browser'. Found content (314 words).
2026-04-21 13:48:37,883 - INFO - Saved article: Man arrested in Hyderabad for stealing gold ornaments from sleeping passenger on private bus - The Hindu from The Hindu
2026-04-21 13:48:38,796 - INFO - [Times of India] Page content loaded.
2026-04-21 13:48:38,972 - INFO - [Times of India] Success with 'selenium_browser'. Found content (335 words).
2026-04-21 13:48:39,073 - INFO - Saved article: Kier Starmer: 'Felt political pressure': Sacked UK official blames Starmer’s office over Mandelson US appointment - The Times of India from Times of India
2026-04-21 13:48:39,342 - INFO - [The Hindu] Article: https://www.thehindu.com/news/national/kerala/several-injured-in-blast-at-fireworks-unit-in-keralas-thrissur-ahead-of-pooram/article70888297.ece
2026-04-21 13:48:39,342 - INFO - [The Hindu] Attempt 1/1: Trying with 'selenium_browser' strategy...
2026-04-21 13:48:40,231 - INFO - [Times of India] Article: https://timesofindia.indiatimes.com/world/us-streamers/ishowspeeds-caribbean-tour-schedule-start-date-and-countries-revealed/articleshow/130411547.cms
2026-04-21 13:48:40,232 - INFO - [Times of India] Attempt 1/1: Trying with 'selenium_browser' strategy...
2026-04-21 13:48:41,525 - INFO - [The Hindu] Page content loaded.
2026-04-21 13:48:41,698 - INFO - [Times of India] Page content loaded.
2026-04-21 13:48:41,951 - INFO - [The Hindu] Success with 'selenium_browser'. Found content (279 words).
2026-04-21 13:48:42,138 - INFO - Saved article: 13 dead, several injured in blast at fireworks unit in Kerala’s Thrissur ahead of Pooram - The Hindu from The Hindu
2026-04-21 13:48:42,151 - INFO - [Times of India] Success with 'selenium_browser'. Found content (413 words).
2026-04-21 13:48:42,286 - INFO - Saved article: Ishowspeed: IShowSpeed’s Caribbean tour schedule: Start date and countries revealed - The Times of India from Times of India
2026-04-21 13:48:43,226 - INFO - [Times of India] Article: https://timesofindia.indiatimes.com/world/us/then-lots-of-bombs-start-going-off-donald-trump-explains-what-will-happen-when-us-iran-ceasefire-expires/articleshow/130411832.cms
2026-04-21 13:48:43,226 - INFO - [Times of India] Attempt 1/1: Trying with 'selenium_browser' strategy...
2026-04-21 13:48:43,420 - INFO - [The Hindu] Article: https://www.thehindu.com/news/national/fire-tragedies-accidents-india-since-independence-timeline/article68217677.ece
2026-04-21 13:48:43,421 - INFO - [The Hindu] Attempt 1/1: Trying with 'selenium_browser' strategy...
2026-04-21 13:48:44,448 - INFO - [Times of India] Page content loaded.
2026-04-21 13:48:44,552 - INFO - [Times of India] Success with 'selenium_browser'. Found content (339 words).
2026-04-21 13:48:44,681 - INFO - Saved article: Donald Trump: ‘Then lots of bombs start going off’: Donald Trump explains what will happen when US-Iran ceasefire expires - The Times of India from Times of India
2026-04-21 13:48:45,075 - INFO - [The Hindu] Page content loaded.
2026-04-21 13:48:45,366 - INFO - [The Hindu] Success with 'selenium_browser'. Found content (110 words).
2026-04-21 13:48:45,467 - INFO - Saved article: Thrissur firecracker unit explosion: A timeline of Major fire accidents since Independence - The Hindu from The Hindu
2026-04-21 13:48:46,019 - INFO - [The Hindu] Article: https://www.thehindu.com/news/national/andhra-pradesh/minister-directs-officials-to-inspect-quality-of-mid-day-meals-served-at-schools/article70888669.ece
2026-04-21 13:48:46,019 - INFO - [The Hindu] Attempt 1/1: Trying with 'selenium_browser' strategy...
2026-04-21 13:48:46,075 - INFO - [Times of India] Article: https://timesofindia.indiatimes.com/world/uk/uk-unemployment-rate-falls-to-4-9-as-wage-growth-hits-slowest-pace-since-2020/articleshow/130411418.cms
2026-04-21 13:48:46,075 - INFO - [Times of India] Attempt 1/1: Trying with 'selenium_browser' strategy...
2026-04-21 13:48:47,009 - INFO - [Times of India] Page content loaded.
2026-04-21 13:48:47,255 - INFO - [Times of India] Success with 'selenium_browser'. Found content (354 words).
2026-04-21 13:48:47,320 - INFO - Saved article: Uk Unemployment Rate: UK unemployment rate falls to 4.9% as wage growth hits slowest pace since 2020 | World News - The Times of India from Times of India
2026-04-21 13:48:47,616 - INFO - [The Hindu] Page content loaded.
2026-04-21 13:48:47,877 - INFO - [The Hindu] Success with 'selenium_browser'. Found content (324 words).
2026-04-21 13:48:48,058 - INFO - Saved article: Minister directs officials to inspect quality of mid-day meals served at schools - The Hindu from The Hindu
2026-04-21 13:48:48,171 - INFO - [Times of India] Article: https://timesofindia.indiatimes.com/world/middle-east/kuwaiti-actress-hayat-al-fahad-dies-at-78-veteran-gulf-screen-icon-passes-away-after-prolonged-illness/articleshow/130411576.cms
2026-04-21 13:48:48,172 - INFO - [Times of India] Attempt 1/1: Trying with 'selenium_browser' strategy...
2026-04-21 13:48:49,009 - INFO - [The Hindu] Article: https://www.thehindu.com/news/national/karnataka/basavanna-belongs-to-the-entire-human-race-says-minister/article70885235.ece
2026-04-21 13:48:49,010 - INFO - [The Hindu] Attempt 1/1: Trying with 'selenium_browser' strategy...
2026-04-21 13:48:49,840 - INFO - [Times of India] Page content loaded.
2026-04-21 13:48:50,070 - INFO - [Times of India] Success with 'selenium_browser'. Found content (501 words).
2026-04-21 13:48:50,135 - INFO - Saved article: Hayat Al-Fahad: Kuwaiti actress Hayat Al-Fahad dies at 78: Veteran Gulf screen icon passes away after prolonged illness | World News - The Times of India from Times of India
2026-04-21 13:48:50,750 - INFO - [The Hindu] Page content loaded.
2026-04-21 13:48:50,863 - INFO - [The Hindu] Success with 'selenium_browser'. Found content (294 words).
2026-04-21 13:48:51,162 - INFO - Saved article: Basavanna belongs to the entire human race, says Minister - The Hindu from The Hindu
2026-04-21 13:48:51,383 - INFO - [Times of India] Article: https://timesofindia.indiatimes.com/world/us/us-limits-intelligence-sharing-with-korea-after-remarks-on-north-korea-nuclear-site-report/articleshow/130410824.cms
2026-04-21 13:48:51,384 - INFO - [Times of India] Attempt 1/1: Trying with 'selenium_browser' strategy...
2026-04-21 13:48:52,134 - INFO - [The Hindu] Article: https://www.thehindu.com/news/national/karnataka/woman-assaulted-by-neighbours-over-feeding-community-dogs-case-registered/article70887958.ece
2026-04-21 13:48:52,135 - INFO - [The Hindu] Attempt 1/1: Trying with 'selenium_browser' strategy...
2026-04-21 13:48:52,328 - INFO - [Times of India] Page content loaded.
2026-04-21 13:48:52,568 - INFO - [Times of India] Success with 'selenium_browser'. Found content (331 words).
2026-04-21 13:48:52,640 - INFO - Saved article: North Korea: US limits intelligence sharing with Korea after remarks on North Korea nuclear site: Report - The Times of India from Times of India
2026-04-21 13:48:53,704 - INFO - [Times of India] Article: https://timesofindia.indiatimes.com/world/us-streamers/im-glad-hes-exposed-sodapoppin-blasts-sykkuno-amid-controversy/articleshow/130411037.cms
2026-04-21 13:48:53,704 - INFO - [Times of India] Attempt 1/1: Trying with 'selenium_browser' strategy...
2026-04-21 13:48:53,903 - INFO - [The Hindu] Page content loaded.
2026-04-21 13:48:54,882 - INFO - [The Hindu] Success with 'selenium_browser'. Found content (314 words).
2026-04-21 13:48:55,012 - INFO - Saved article: Bengaluru woman assaulted by neighbours over feeding community dogs; case registered - The Hindu from The Hindu
2026-04-21 13:48:55,548 - INFO - [Times of India] Page content loaded.
2026-04-21 13:48:55,686 - INFO - [Times of India] Success with 'selenium_browser'. Found content (414 words).
2026-04-21 13:48:55,735 - INFO - Saved article: Sykkuno Controversy: "I’m glad he’s exposed": Sodapoppin blasts Sykkuno amid controversy - The Times of India from Times of India
2026-04-21 13:48:56,194 - INFO - [The Hindu] Article: https://www.thehindu.com/news/national/telangana/interstate-gang-arrested-for-hash-oil-smuggling-in-warangal-contraband-worth-25-crore-seized/article70887779.ece
2026-04-21 13:48:56,194 - INFO - [The Hindu] Attempt 1/1: Trying with 'selenium_browser' strategy...
2026-04-21 13:48:57,166 - INFO - [Times of India] Article: https://timesofindia.indiatimes.com/science/nasa-confirms-bus-sized-monster-asteroid-2026-hj1-is-roaring-past-earth-today-sparking-a-wave-of-global-attention/articleshow/130410370.cms
2026-04-21 13:48:57,167 - INFO - [Times of India] Attempt 1/1: Trying with 'selenium_browser' strategy...
2026-04-21 13:48:58,404 - INFO - [The Hindu] Page content loaded.
2026-04-21 13:48:58,584 - INFO - [The Hindu] Success with 'selenium_browser'. Found content (252 words).
2026-04-21 13:48:58,638 - INFO - [Times of India] Page content loaded.
2026-04-21 13:48:58,717 - INFO - Saved article: Interstate gang arrested for hash oil smuggling in Warangal; contraband worth ₹2.5 crore seized - The Hindu from The Hindu
2026-04-21 13:48:58,841 - INFO - [Times of India] Success with 'selenium_browser'. Found content (603 words).
2026-04-21 13:48:58,940 - INFO - Saved article: NASA confirms bus-sized monster asteroid 2026 HJ1 is roaring past Earth today, sparking a wave of global attention | - The Times of India from Times of India
2026-04-21 13:49:00,145 - INFO - [The Hindu] Article: https://www.thehindu.com/news/national/karnataka/bjp-has-no-genuine-interest-in-empowering-women-kimmane-ratnakar/article70887392.ece
2026-04-21 13:49:00,146 - INFO - [The Hindu] Attempt 1/1: Trying with 'selenium_browser' strategy...
2026-04-21 13:49:00,274 - INFO - [Times of India] Article: https://timesofindia.indiatimes.com/world/rest-of-world/1000-times-more-powerful-than-hiroshima-what-really-happened-in-tunguska-in-1908/articleshow/130410128.cms
2026-04-21 13:49:00,275 - INFO - [Times of India] Attempt 1/1: Trying with 'selenium_browser' strategy...
2026-04-21 13:49:01,520 - INFO - [Times of India] Page content loaded.
2026-04-21 13:49:01,789 - INFO - [Times of India] Success with 'selenium_browser'. Found content (609 words).
2026-04-21 13:49:01,875 - INFO - Saved article: Most Powerful Explosion In The World: 1000 times more powerful than Hiroshima: What really happened in Tunguska in 1908 | World News - The Times of India from Times of India
2026-04-21 13:49:01,902 - INFO - [The Hindu] Page content loaded.
2026-04-21 13:49:01,981 - INFO - [The Hindu] Success with 'selenium_browser'. Found content (384 words).
2026-04-21 13:49:02,179 - INFO - Saved article: BJP has no genuine interest in empowering women: Kimmane Ratnakar - The Hindu from The Hindu
2026-04-21 13:49:03,060 - INFO - [The Hindu] Article: https://www.thehindu.com/news/national/telangana/telanganas-class-2-students-show-improvement-in-foundational-literacy-and-numeracy-survey/article70888587.ece
2026-04-21 13:49:03,060 - INFO - [The Hindu] Attempt 1/1: Trying with 'selenium_browser' strategy...
2026-04-21 13:49:03,075 - INFO - [Times of India] Article: https://timesofindia.indiatimes.com/world/uk/uk-electricity-price-shake-up-will-your-bills-rise-or-fall-under-the-new-clean-energy-plan/articleshow/130410130.cms
2026-04-21 13:49:03,075 - INFO - [Times of India] Attempt 1/1: Trying with 'selenium_browser' strategy...
2026-04-21 13:49:04,436 - INFO - [Times of India] Page content loaded.
2026-04-21 13:49:04,658 - INFO - [Times of India] Success with 'selenium_browser'. Found content (628 words).
2026-04-21 13:49:04,762 - INFO - Saved article: Uk Electricity Price: UK electricity price shake-up: Will your bills rise or fall under the new clean energy plan? | World News - The Times of India from Times of India
2026-04-21 13:49:04,894 - INFO - [The Hindu] Page content loaded.
2026-04-21 13:49:05,127 - INFO - [The Hindu] Success with 'selenium_browser'. Found content (247 words).
2026-04-21 13:49:05,301 - INFO - Saved article: Telangana’s Class 2 students show improvement in foundational literacy and numeracy: survey - The Hindu from The Hindu
2026-04-21 13:49:05,636 - INFO - [Times of India] Article: https://timesofindia.indiatimes.com/science/chinese-researchers-turn-desert-sand-into-fertile-soil-in-just-10-months-using-cyanobacteria/articleshow/130391558.cms
2026-04-21 13:49:05,636 - INFO - [Times of India] Attempt 1/1: Trying with 'selenium_browser' strategy...
2026-04-21 13:49:06,348 - INFO - [The Hindu] Article: https://www.thehindu.com/news/national/telangana/hours-to-go-before-stir-telangana-govt-to-hold-talks-with-rtc-jac/article70888220.ece
2026-04-21 13:49:06,348 - INFO - [The Hindu] Attempt 1/1: Trying with 'selenium_browser' strategy...
2026-04-21 13:49:08,195 - INFO - [Times of India] Page content loaded.
2026-04-21 13:49:08,408 - INFO - [Times of India] Success with 'selenium_browser'. Found content (437 words).
2026-04-21 13:49:08,493 - INFO - [The Hindu] Page content loaded.
2026-04-21 13:49:08,564 - INFO - Saved article: Chinese Researchers Soil Innovation: Chinese researchers turn desert sand into fertile soil in just 10 months using cyanobacteria | - The Times of India from Times of India
2026-04-21 13:49:08,597 - INFO - [The Hindu] Success with 'selenium_browser'. Found content (243 words).
2026-04-21 13:49:08,689 - INFO - Saved article: Hours before proposed stir, Telangana govt to hold talks with RTC JAC - The Hindu from The Hindu
2026-04-21 13:49:09,367 - INFO - [Times of India] Article: https://timesofindia.indiatimes.com/world/us/digging-nuclear-dust-sites-will-be-a-difficult-process-trump-says-irans-n-sites-obliterated/articleshow/130407954.cms
2026-04-21 13:49:09,367 - INFO - [Times of India] Attempt 1/1: Trying with 'selenium_browser' strategy...
2026-04-21 13:49:09,888 - INFO - [The Hindu] Article: https://www.thehindu.com/news/national/karnataka/jss-medical-college-to-host-workshop-on-generic-medicines-global-challenges/article70888138.ece
2026-04-21 13:49:09,889 - INFO - [The Hindu] Attempt 1/1: Trying with 'selenium_browser' strategy...
2026-04-21 13:49:10,680 - INFO - [Times of India] Page content loaded.
2026-04-21 13:49:10,803 - INFO - [Times of India] Success with 'selenium_browser'. Found content (325 words).
2026-04-21 13:49:10,875 - INFO - Saved article: Donald Trump: ‘Digging nuclear dust sites will be a difficult process’: Donald Trump says Iran's N-sites 'obliterated' | World News - The Times of India from Times of India
2026-04-21 13:49:11,846 - INFO - [Times of India] Article: https://timesofindia.indiatimes.com/world/rest-of-world/dubais-burj-al-arab-hotel-shutting-down-for-18-months-for-major-refurbishment-since-1999/articleshow/130407012.cms
2026-04-21 13:49:11,846 - INFO - [Times of India] Attempt 1/1: Trying with 'selenium_browser' strategy...
2026-04-21 13:49:12,115 - INFO - [The Hindu] Page content loaded.
2026-04-21 13:49:12,213 - INFO - [The Hindu] Success with 'selenium_browser'. Found content (412 words).
2026-04-21 13:49:12,404 - INFO - Saved article: JSS Medical College to host workshop on generic medicines, global challenges - The Hindu from The Hindu
2026-04-21 13:49:13,698 - INFO - [The Hindu] (Thread) Finished. Attempting to shut down its Selenium driver.
2026-04-21 13:49:13,832 - INFO - [Times of India] Page content loaded.
2026-04-21 13:49:13,880 - INFO - [The Hindu] (Thread) driver.quit() successful.
2026-04-21 13:49:13,988 - INFO - [Times of India] Success with 'selenium_browser'. Found content (383 words).
2026-04-21 13:49:14,088 - INFO - Saved article: Burj Al Arab Hotel Closed: Dubai’s Burj Al Arab hotel shutting down for 18 months for major refurbishment since 1999 | World News - The Times of India from Times of India
2026-04-21 13:49:15,300 - INFO - [Times of India] (Thread) Finished. Attempting to shut down its Selenium driver.
2026-04-21 13:49:15,576 - INFO - [Times of India] (Thread) driver.quit() successful.
2026-04-21 13:49:15,576 - INFO - Shutting down thread pool (wait=False)...
2026-04-21 13:49:15,576 - INFO - Scraped: 20 Times of India, 15 BBC, 15 The Guardian, 25 The Hindu articles. (Total saved: 75)
2026-04-21 13:49:15,576 - INFO - --- Scraping job finished ---
2026-04-21 13:49:15,582 - INFO - --- Scraper service stopped and database connection closed. ---
2026-04-21 13:49:15,582 - INFO - --- Main thread finished. Forcing process exit to kill zombie threads. ---
