2026-05-23 03:30:43,604 - INFO - Initializing database connection at: news_articles.db
2026-05-23 03:30:43,604 - INFO - --- Scraper service started (CI Mode: Run Once) ---
2026-05-23 03:30:43,604 - INFO - --- Starting new scraping job (Parallel Mode) ---
2026-05-23 03:30:43,604 - INFO - Creating new robust session with 3 retries on 5xx/connection/read errors.
2026-05-23 03:30:43,604 - INFO - Proxy is DISABLED.
2026-05-23 03:30:43,604 - INFO - Starting scrape for BBC RSS feed: http://feeds.bbci.co.uk/news/world/rss.xml
2026-05-23 03:30:43,605 - INFO - [Times of India] (Thread) requires Selenium. Initializing driver...
2026-05-23 03:30:43,605 - INFO - Initializing headless Selenium Chrome driver (using SeleniumManager)...
2026-05-23 03:30:43,605 - INFO - Starting scrape for The Guardian RSS feed: https://www.theguardian.com/world/rss
2026-05-23 03:30:43,606 - INFO - [The Hindu] (Thread) requires Selenium. Initializing driver...
2026-05-23 03:30:43,606 - INFO - Initializing headless Selenium Chrome driver (using SeleniumManager)...
2026-05-23 03:30:43,606 - INFO - Submitted 4 jobs to thread pool. Waiting up to 420s for completion...
2026-05-23 03:30:43,702 - INFO - Found 22 articles in BBC RSS feed. Processing up to 25.
2026-05-23 03:30:43,702 - INFO - [BBC] Article: https://www.bbc.com/news/articles/c5y74lwx395o?at_medium=RSS&at_campaign=rss
2026-05-23 03:30:43,702 - INFO - [BBC] Attempt 1/1: Trying with 'requests_browser' strategy...
2026-05-23 03:30:43,756 - INFO - Found 45 articles in The Guardian RSS feed. Processing up to 25.
2026-05-23 03:30:43,756 - INFO - [The Guardian] Article: https://www.theguardian.com/global-development/2026/may/22/suspected-ebola-cases-triple-in-a-week-as-who-warns-of-rapid-spread-in-drc
2026-05-23 03:30:43,756 - INFO - [The Guardian] Attempt 1/1: Trying with 'requests_browser' strategy...
2026-05-23 03:30:43,819 - INFO - [The Guardian] Success with 'requests_browser'. Found content (547 words).
2026-05-23 03:30:43,863 - INFO - Saved article: Suspected Ebola cases triple in a week as WHO warns of rapid spread in DRC | Global development | The Guardian from The Guardian
2026-05-23 03:30:44,142 - INFO - [BBC] Success with 'requests_browser'. Found content (378 words).
2026-05-23 03:30:44,174 - INFO - Saved article: Russia's Putin vows retaliation after accusing Ukraine of hitting student dormitory from BBC
2026-05-23 03:30:45,211 - INFO - [BBC] Article: https://www.bbc.com/news/articles/cedpz9669deo?at_medium=RSS&at_campaign=rss
2026-05-23 03:30:45,211 - INFO - [BBC] Attempt 1/1: Trying with 'requests_browser' strategy...
2026-05-23 03:30:45,253 - INFO - [BBC] Success with 'requests_browser'. Found content (671 words).
2026-05-23 03:30:45,259 - INFO - [The Guardian] Article: https://www.theguardian.com/global-development/2026/may/21/ebola-us-ban-travellers-drc-uganda-south-sudan
2026-05-23 03:30:45,259 - INFO - [The Guardian] Attempt 1/1: Trying with 'requests_browser' strategy...
2026-05-23 03:30:45,286 - INFO - Duplicate article skipped: Rubio tries to reassure Nato allies over US troop deployments from BBC
2026-05-23 03:30:45,349 - INFO - [The Guardian] Success with 'requests_browser'. Found content (500 words).
2026-05-23 03:30:45,384 - INFO - Duplicate article skipped: Ebola: US ban on travellers from DRC, Uganda or South Sudan ‘not the solution’ | Global development | The Guardian from The Guardian
2026-05-23 03:30:46,134 - INFO - [BBC] Article: https://www.bbc.com/news/articles/c62d65y16nno?at_medium=RSS&at_campaign=rss
2026-05-23 03:30:46,134 - INFO - [BBC] Attempt 1/1: Trying with 'requests_browser' strategy...
2026-05-23 03:30:46,166 - INFO - [BBC] Success with 'requests_browser'. Found content (375 words).
2026-05-23 03:30:46,197 - INFO - Saved article: Elon Musk's SpaceX launches Starship V3 rocket after delays from BBC
2026-05-23 03:30:46,628 - INFO - [The Guardian] Article: https://www.theguardian.com/news/2026/may/21/macron-pressure-reparatory-justice-france-slave-trade-legacies-enslavement
2026-05-23 03:30:46,628 - INFO - [The Guardian] Attempt 1/1: Trying with 'requests_browser' strategy...
2026-05-23 03:30:46,701 - INFO - [The Guardian] Success with 'requests_browser'. Found content (949 words).
2026-05-23 03:30:46,737 - INFO - Duplicate article skipped: Macron says France must address issue of reparations for its role in slave trade | Slavery | The Guardian from The Guardian
2026-05-23 03:30:47,465 - INFO - [BBC] Article: https://www.bbc.com/news/articles/cr7p30m1dn1o?at_medium=RSS&at_campaign=rss
2026-05-23 03:30:47,465 - INFO - [BBC] Attempt 1/1: Trying with 'requests_browser' strategy...
2026-05-23 03:30:47,502 - INFO - [BBC] Success with 'requests_browser'. Found content (674 words).
2026-05-23 03:30:47,535 - INFO - Saved article: Ebola risk raised to 'very high' in DR Congo from BBC
2026-05-23 03:30:48,170 - INFO - [The Guardian] Article: https://www.theguardian.com/world/2026/may/21/ebola-outbreak-public-health
2026-05-23 03:30:48,170 - INFO - [The Guardian] Attempt 1/1: Trying with 'requests_browser' strategy...
2026-05-23 03:30:48,276 - INFO - [The Guardian] Success with 'requests_browser'. Found content (1314 words).
2026-05-23 03:30:48,305 - INFO - Duplicate article skipped: US is ‘simply choosing not to stop’ Ebola outbreak after massive public health cuts, experts say | Ebola | The Guardian from The Guardian
2026-05-23 03:30:48,567 - INFO - [BBC] Article: https://www.bbc.com/news/articles/cglp5z63k9no?at_medium=RSS&at_campaign=rss
2026-05-23 03:30:48,567 - INFO - [BBC] Attempt 1/1: Trying with 'requests_browser' strategy...
2026-05-23 03:30:48,603 - INFO - [BBC] Success with 'requests_browser'. Found content (768 words).
2026-05-23 03:30:48,638 - INFO - Saved article: Gaza flotilla activists allege abuse by Israeli forces while detained from BBC
2026-05-23 03:30:49,332 - INFO - [The Guardian] Article: https://www.theguardian.com/world/2026/may/20/ebola-outbreak-us-doctor-germany
2026-05-23 03:30:49,332 - INFO - [The Guardian] Attempt 1/1: Trying with 'requests_browser' strategy...
2026-05-23 03:30:49,399 - INFO - [The Guardian] Success with 'requests_browser'. Found content (533 words).
2026-05-23 03:30:49,440 - INFO - Duplicate article skipped: US doctor who contracted Ebola in DRC flown to Germany for treatment | Ebola | The Guardian from The Guardian
2026-05-23 03:30:49,764 - INFO - [BBC] Article: https://www.bbc.com/news/articles/c0l2j723nrxo?at_medium=RSS&at_campaign=rss
2026-05-23 03:30:49,764 - INFO - [BBC] Attempt 1/1: Trying with 'requests_browser' strategy...
2026-05-23 03:30:49,802 - INFO - [BBC] Success with 'requests_browser'. Found content (551 words).
2026-05-23 03:30:49,844 - INFO - Saved article: Bodies of Italian divers did not have optimal equipment, says rescuer from BBC
2026-05-23 03:30:50,225 - INFO - [The Guardian] Article: https://www.theguardian.com/us-news/2026/may/22/kilmar-abrego-garcia-case-dismissed
2026-05-23 03:30:50,225 - INFO - [The Guardian] Attempt 1/1: Trying with 'requests_browser' strategy...
2026-05-23 03:30:50,306 - INFO - [The Guardian] Success with 'requests_browser'. Found content (692 words).
2026-05-23 03:30:50,335 - INFO - Saved article: US judge dismisses criminal indictment against Kilmar Ábrego García | Kilmar Ábrego García | The Guardian from The Guardian
2026-05-23 03:30:50,533 - INFO - [BBC] Article: https://www.bbc.com/news/articles/cvgj2gkv1x1o?at_medium=RSS&at_campaign=rss
2026-05-23 03:30:50,533 - INFO - [BBC] Attempt 1/1: Trying with 'requests_browser' strategy...
2026-05-23 03:30:50,579 - INFO - [BBC] Success with 'requests_browser'. Found content (707 words).
2026-05-23 03:30:50,648 - INFO - Saved article: Tulsi Gabbard resigns as US director of national intelligence from BBC
2026-05-23 03:30:51,703 - INFO - [BBC] Article: https://www.bbc.com/news/articles/c3w2l249j8go?at_medium=RSS&at_campaign=rss
2026-05-23 03:30:51,703 - INFO - [BBC] Attempt 1/1: Trying with 'requests_browser' strategy...
2026-05-23 03:30:51,727 - INFO - [BBC] Success with 'requests_browser'. Found content (306 words).
2026-05-23 03:30:51,744 - INFO - [The Guardian] Article: https://www.theguardian.com/world/2026/may/22/canada-mark-carney-alberta-secession
2026-05-23 03:30:51,749 - INFO - [The Guardian] Attempt 1/1: Trying with 'requests_browser' strategy...
2026-05-23 03:30:51,758 - INFO - Saved article: More than 40,000 evacuated in Orange County due to chemical tank leak from BBC
2026-05-23 03:30:51,825 - INFO - [The Guardian] Success with 'requests_browser'. Found content (381 words).
2026-05-23 03:30:51,855 - INFO - Saved article: PM says Alberta ‘essential’ to Canada as separatists push for independence | Canada | The Guardian from The Guardian
2026-05-23 03:30:52,267 - INFO - Selenium driver initialized successfully.
2026-05-23 03:30:52,267 - INFO - Starting scrape for Times of India RSS feed: https://timesofindia.indiatimes.com/rssfeeds/296589292.cms
2026-05-23 03:30:52,268 - INFO - Selenium driver initialized successfully.
2026-05-23 03:30:52,268 - INFO - Starting scrape for The Hindu RSS feed: https://www.thehindu.com/news/national/feeder/default.rss
2026-05-23 03:30:52,329 - INFO - Found 20 articles in Times of India RSS feed. Processing up to 25.
2026-05-23 03:30:52,329 - INFO - [Times of India] Article: https://timesofindia.indiatimes.com/science/watch-spacex-starship-bursts-into-flames-during-fiery-indian-ocean-splashdown-after-test-flight/articleshow/131270952.cms
2026-05-23 03:30:52,330 - INFO - [Times of India] Attempt 1/1: Trying with 'selenium_browser' strategy...
2026-05-23 03:30:52,425 - INFO - Found 60 articles in The Hindu RSS feed. Processing up to 25.
2026-05-23 03:30:52,425 - INFO - [The Hindu] Article: https://www.thehindu.com/news/national/telangana/silver-price-surge-takes-the-shine-off-karimnagar-silver-filigree-art/article71011867.ece
2026-05-23 03:30:52,425 - INFO - [The Hindu] Attempt 1/1: Trying with 'selenium_browser' strategy...
2026-05-23 03:30:52,753 - INFO - [BBC] Article: https://www.bbc.com/news/articles/cy42w778e72o?at_medium=RSS&at_campaign=rss
2026-05-23 03:30:52,753 - INFO - [BBC] Attempt 1/1: Trying with 'requests_browser' strategy...
2026-05-23 03:30:52,796 - INFO - [BBC] Success with 'requests_browser'. Found content (596 words).
2026-05-23 03:30:52,837 - INFO - Saved article: Carney says Alberta is 'essential' to Canada as province plans vote on separation from BBC
2026-05-23 03:30:53,083 - INFO - [The Guardian] Article: https://www.theguardian.com/us-news/2026/may/22/venezuelan-makeup-artist-cecot-spain-asylum
2026-05-23 03:30:53,083 - INFO - [The Guardian] Attempt 1/1: Trying with 'requests_browser' strategy...
2026-05-23 03:30:53,162 - INFO - [The Guardian] Success with 'requests_browser'. Found content (1269 words).
2026-05-23 03:30:53,203 - INFO - Duplicate article skipped: Venezuelan makeup artist who was deported to El Salvador seeks asylum in Spain: ‘I feel safe here’ | US immigration | The Guardian from The Guardian
2026-05-23 03:30:53,818 - INFO - [BBC] Article: https://www.bbc.com/news/articles/cx21r04wg8qo?at_medium=RSS&at_campaign=rss
2026-05-23 03:30:53,818 - INFO - [BBC] Attempt 1/1: Trying with 'requests_browser' strategy...
2026-05-23 03:30:53,900 - INFO - [BBC] Success with 'requests_browser'. Found content (559 words).
2026-05-23 03:30:53,966 - INFO - Saved article: Judge drops criminal case against Kilmar Abrego Garcia from BBC
2026-05-23 03:30:54,087 - INFO - [The Hindu] Page content loaded.
2026-05-23 03:30:54,223 - INFO - [The Guardian] Article: https://www.theguardian.com/us-news/2026/may/22/marco-rubio-doubtful-diplomacy-cuba-trump-renews-threat-military-action
2026-05-23 03:30:54,223 - INFO - [The Guardian] Attempt 1/1: Trying with 'requests_browser' strategy...
2026-05-23 03:30:54,247 - INFO - [The Hindu] Success with 'selenium_browser'. Found content (626 words).
2026-05-23 03:30:54,365 - INFO - Saved article: Silver price surge takes the shine off Karimnagar Silver Filigree art - The Hindu from The Hindu
2026-05-23 03:30:54,380 - INFO - [The Guardian] Success with 'requests_browser'. Found content (799 words).
2026-05-23 03:30:54,448 - INFO - Duplicate article skipped: Rubio doubtful of diplomacy with Cuba as Trump renews threat of military action | US news | The Guardian from The Guardian
2026-05-23 03:30:54,828 - INFO - [BBC] Article: https://www.bbc.com/sport/tennis/articles/ce3pg95djdeo?at_medium=RSS&at_campaign=rss
2026-05-23 03:30:54,828 - INFO - [BBC] Attempt 1/1: Trying with 'requests_browser' strategy...
2026-05-23 03:30:54,903 - INFO - [BBC] Success with 'requests_browser'. Found content (932 words).
2026-05-23 03:30:54,964 - INFO - Saved article: French Open 2026: Aryna Sabalenka cuts short news conference as top players protest over Grand Slam prize money - BBC Sport from BBC
2026-05-23 03:30:55,225 - INFO - [Times of India] Page content loaded.
2026-05-23 03:30:55,488 - INFO - [The Guardian] Article: https://www.theguardian.com/world/2026/may/21/cuba-us-attack-raul-castro-indictment
2026-05-23 03:30:55,488 - INFO - [The Guardian] Attempt 1/1: Trying with 'requests_browser' strategy...
2026-05-23 03:30:55,493 - INFO - [Times of India] Success with 'selenium_browser'. Found content (571 words).
2026-05-23 03:30:55,570 - INFO - Saved article: Watch: SpaceX Starship bursts into flames during fiery Indian Ocean splashdown after test flight - The Times of India from Times of India
2026-05-23 03:30:55,573 - INFO - [The Hindu] Article: https://www.thehindu.com/news/national/bjps-bengal-win-can-reshape-indias-economic-direction-pradeep-gupta/article71011488.ece
2026-05-23 03:30:55,573 - INFO - [The Hindu] Attempt 1/1: Trying with 'selenium_browser' strategy...
2026-05-23 03:30:55,629 - INFO - [The Guardian] Success with 'requests_browser'. Found content (962 words).
2026-05-23 03:30:55,680 - INFO - Duplicate article skipped: Cubans outraged at US charges against Raúl Castro as fears of military strikes grow | Cuba | The Guardian from The Guardian
2026-05-23 03:30:55,922 - INFO - [BBC] Article: https://www.bbc.com/news/articles/ckgplyxxl75o?at_medium=RSS&at_campaign=rss
2026-05-23 03:30:55,922 - INFO - [BBC] Attempt 1/1: Trying with 'requests_browser' strategy...
2026-05-23 03:30:55,996 - INFO - [BBC] Success with 'requests_browser'. Found content (420 words).
2026-05-23 03:30:56,232 - INFO - Saved article: Waymo pauses robotaxis in four Texas cities and Atlanta over flooded road risk from BBC
2026-05-23 03:30:56,956 - INFO - [The Guardian] Article: https://www.theguardian.com/environment/2026/may/22/un-climate-crisis-vote-shows-political-momentum-growing-experts
2026-05-23 03:30:56,956 - INFO - [The Guardian] Attempt 1/1: Trying with 'requests_browser' strategy...
2026-05-23 03:30:56,987 - INFO - [Times of India] Article: https://timesofindia.indiatimes.com/world/us-streamers/youtuber-danny-gos-son-isaac-colemans-cause-of-death-inside-the-14-year-olds-battle-with-rare-illness/articleshow/131270509.cms
2026-05-23 03:30:56,987 - INFO - [Times of India] Attempt 1/1: Trying with 'selenium_browser' strategy...
2026-05-23 03:30:57,108 - INFO - [The Guardian] Success with 'requests_browser'. Found content (783 words).
2026-05-23 03:30:57,230 - INFO - Duplicate article skipped: UN’s climate crisis vote shows political momentum is growing, say experts | Climate crisis | The Guardian from The Guardian
2026-05-23 03:30:57,638 - INFO - [BBC] Article: https://www.bbc.com/news/articles/cj3p2rdx0l8o?at_medium=RSS&at_campaign=rss
2026-05-23 03:30:57,638 - INFO - [BBC] Attempt 1/1: Trying with 'requests_browser' strategy...
2026-05-23 03:30:57,784 - INFO - [The Guardian] Article: https://www.theguardian.com/world/2026/may/22/us-arms-sales-taiwan-pause-iran-war-says-acting-navy-chief
2026-05-23 03:30:57,784 - INFO - [The Guardian] Attempt 1/1: Trying with 'requests_browser' strategy...
2026-05-23 03:30:58,017 - INFO - [BBC] Success with 'requests_browser'. Found content (1551 words).
2026-05-23 03:30:58,029 - INFO - [The Guardian] Success with 'requests_browser'. Found content (548 words).
2026-05-23 03:30:58,328 - INFO - Duplicate article skipped: US arms sales to Taiwan on ‘pause’ due to Iran war, says acting navy chief | Taiwan | The Guardian from The Guardian
2026-05-23 03:30:58,337 - INFO - Saved article: Ebola outbreak: 'Speed, money and compassion' - lessons from a survivor and other experts from BBC
2026-05-23 03:30:59,346 - INFO - [BBC] Article: https://www.bbc.com/news/articles/c5yrkl96xwvo?at_medium=RSS&at_campaign=rss
2026-05-23 03:30:59,346 - INFO - [BBC] Attempt 1/1: Trying with 'requests_browser' strategy...
2026-05-23 03:30:59,673 - INFO - [The Guardian] Article: https://www.theguardian.com/environment/2026/may/22/slow-moving-bands-heavy-rain-flooding-landslides-china
2026-05-23 03:30:59,673 - INFO - [The Guardian] Attempt 1/1: Trying with 'requests_browser' strategy...
2026-05-23 03:30:59,818 - INFO - [BBC] Success with 'requests_browser'. Found content (1476 words).
2026-05-23 03:30:59,948 - INFO - [The Guardian] Success with 'requests_browser'. Found content (306 words).
2026-05-23 03:31:00,542 - INFO - Saved article: Why is the US putting pressure on Cuba and what are Trump's aims? from BBC
2026-05-23 03:31:00,542 - INFO - Duplicate article skipped: Weather tracker: Heavy rain triggers flooding and landslides in parts of China | China | The Guardian from The Guardian
2026-05-23 03:31:01,397 - INFO - [The Guardian] Article: https://www.theguardian.com/world/2026/may/21/png-dead-fish-dying-new-ireland-province-fishing-warning-papua-new-guinea
2026-05-23 03:31:01,397 - INFO - [The Guardian] Attempt 1/1: Trying with 'requests_browser' strategy...
2026-05-23 03:31:01,695 - INFO - [The Guardian] Success with 'requests_browser'. Found content (583 words).
2026-05-23 03:31:01,917 - INFO - Duplicate article skipped: Papua New Guinea warns against fishing in New Ireland after mystery deaths of marine life | Papua New Guinea | The Guardian from The Guardian
2026-05-23 03:31:02,000 - INFO - [BBC] Article: https://www.bbc.com/news/articles/czd2q140my1o?at_medium=RSS&at_campaign=rss
2026-05-23 03:31:02,000 - INFO - [BBC] Attempt 1/1: Trying with 'requests_browser' strategy...
2026-05-23 03:31:02,234 - INFO - [BBC] Success with 'requests_browser'. Found content (1134 words).
2026-05-23 03:31:02,409 - INFO - Duplicate article skipped: Twisha Sharma: Rival claims of murder and suicide set off media frenzy after Indian bride dies from BBC
2026-05-23 03:31:03,085 - INFO - [The Guardian] Article: https://www.theguardian.com/news/audio/2026/may/20/are-xi-and-putin-still-best-friends-the-latest
2026-05-23 03:31:03,085 - INFO - [The Guardian] Attempt 1/1: Trying with 'requests_browser' strategy...
2026-05-23 03:31:03,402 - WARNING - [The Guardian] FAILED with 'requests_browser' (content was too short: 75 words).
2026-05-23 03:31:03,402 - ERROR - [The Guardian] All scrape strategies failed for https://www.theguardian.com/news/audio/2026/may/20/are-xi-and-putin-still-best-friends-the-latest. Falling back to RSS description.
2026-05-23 03:31:03,403 - INFO - Duplicate article skipped: Are Xi and Putin still ‘best friends’? – The Latest from The Guardian
2026-05-23 03:31:03,802 - INFO - [BBC] Article: https://www.bbc.com/news/articles/cq5py64gvwzo?at_medium=RSS&at_campaign=rss
2026-05-23 03:31:03,802 - INFO - [BBC] Attempt 1/1: Trying with 'requests_browser' strategy...
2026-05-23 03:31:04,042 - INFO - [BBC] Success with 'requests_browser'. Found content (624 words).
2026-05-23 03:31:04,191 - INFO - Duplicate article skipped: Strait of Hormuz: Iran steps up claim to control Middle East waterway from BBC
2026-05-23 03:31:04,818 - INFO - [The Guardian] Article: https://www.theguardian.com/australia-news/2026/may/23/three-die-in-horrific-south-sydney-vehicle-crash-after-police-welfare-check
2026-05-23 03:31:04,818 - INFO - [The Guardian] Attempt 1/1: Trying with 'requests_browser' strategy...
2026-05-23 03:31:05,029 - INFO - [BBC] Article: https://www.bbc.com/news/articles/cwy2gxvnq1zo?at_medium=RSS&at_campaign=rss
2026-05-23 03:31:05,033 - INFO - [BBC] Attempt 1/1: Trying with 'requests_browser' strategy...
2026-05-23 03:31:05,048 - INFO - [The Guardian] Success with 'requests_browser'. Found content (332 words).
2026-05-23 03:31:05,252 - INFO - Saved article: Three die in ‘horrific’ south Sydney vehicle crash after police welfare check | Sydney | The Guardian from The Guardian
2026-05-23 03:31:05,345 - INFO - [BBC] Success with 'requests_browser'. Found content (857 words).
2026-05-23 03:31:05,506 - INFO - Duplicate article skipped: Greenlanders protest against Trump outside new US consulate in Nuuk from BBC
2026-05-23 03:31:05,553 - INFO - [The Hindu] Page content loaded.
2026-05-23 03:31:06,307 - INFO - [The Guardian] Article: https://www.theguardian.com/australia-news/2026/may/23/police-drop-case-against-artist-who-depicted-prominent-australians-in-uniforms-with-nazi-symbols-ntwnfb
2026-05-23 03:31:06,308 - INFO - [The Guardian] Attempt 1/1: Trying with 'requests_browser' strategy...
2026-05-23 03:31:06,423 - INFO - [The Guardian] Success with 'requests_browser'. Found content (566 words).
2026-05-23 03:31:06,497 - INFO - Saved article: Police drop case against artist who depicted high-profile Australians in uniforms with Nazi symbols | New South Wales | The Guardian from The Guardian
2026-05-23 03:31:06,775 - INFO - [BBC] Article: https://www.bbc.com/news/videos/cd6pzg7z319o?at_medium=RSS&at_campaign=rss
2026-05-23 03:31:06,775 - INFO - [BBC] Attempt 1/1: Trying with 'requests_browser' strategy...
2026-05-23 03:31:06,809 - INFO - [The Hindu] Success with 'selenium_browser'. Found content (505 words).
2026-05-23 03:31:07,176 - INFO - [BBC] Success with 'requests_browser'. Found content (101 words).
2026-05-23 03:31:07,238 - INFO - Saved article: BJP's Bengal win can reshape India's economic direction: Pradeep Gupta - The Hindu from The Hindu
2026-05-23 03:31:07,294 - INFO - Saved article: Why thousands of stock trades tied to Trump are raising eyebrows from BBC
2026-05-23 03:31:07,425 - INFO - [The Guardian] Article: https://www.theguardian.com/australia-news/2026/may/23/state-sponsored-apprenticeships-and-decriminalising-cannabis-on-the-bill-at-victorias-labor-conference
2026-05-23 03:31:07,426 - INFO - [The Guardian] Attempt 1/1: Trying with 'requests_browser' strategy...
2026-05-23 03:31:07,587 - INFO - [The Guardian] Success with 'requests_browser'. Found content (763 words).
2026-05-23 03:31:07,796 - INFO - [BBC] Article: https://www.bbc.com/news/videos/cx214kxw2y4o?at_medium=RSS&at_campaign=rss
2026-05-23 03:31:07,797 - INFO - [BBC] Attempt 1/1: Trying with 'requests_browser' strategy...
2026-05-23 03:31:07,848 - INFO - [BBC] Success with 'requests_browser'. Found content (153 words).
2026-05-23 03:31:08,183 - INFO - [The Hindu] Article: https://www.thehindu.com/news/cities/Coimbatore/two-arrestd-for-abduction-murder-of-10-year-old-girl-near-coimbatore/article71013384.ece
2026-05-23 03:31:08,192 - INFO - [The Hindu] Attempt 1/1: Trying with 'selenium_browser' strategy...
2026-05-23 03:31:08,395 - INFO - Saved article: State-sponsored apprenticeships and decriminalising cannabis on the bill at Victoria’s Labor conference | Jacinta Allan | The Guardian from The Guardian
2026-05-23 03:31:08,584 - INFO - Saved article: Timelapse footage shows giant 'cave' inflated over Paris bridge from BBC
2026-05-23 03:31:09,407 - INFO - [Times of India] Page content loaded.
2026-05-23 03:31:09,438 - INFO - [The Guardian] Article: https://www.theguardian.com/australia-news/2026/may/23/australia-planned-in-march-for-worst-case-scenario-fuel-rationing-documents-reveal
2026-05-23 03:31:09,438 - INFO - [The Guardian] Attempt 1/1: Trying with 'requests_browser' strategy...
2026-05-23 03:31:09,558 - INFO - [Times of India] Success with 'selenium_browser'. Found content (441 words).
2026-05-23 03:31:09,626 - INFO - Saved article: YouTuber Danny Go’s son Isaac Coleman’s cause of death: Inside the 14-year-old’s battle with rare illness | World News - The Times of India from Times of India
2026-05-23 03:31:09,773 - INFO - [The Guardian] Success with 'requests_browser'. Found content (765 words).
2026-05-23 03:31:09,822 - INFO - [BBC] Article: https://www.bbc.com/news/videos/cy92ge22298o?at_medium=RSS&at_campaign=rss
2026-05-23 03:31:09,822 - INFO - [BBC] Attempt 1/1: Trying with 'requests_browser' strategy...
2026-05-23 03:31:09,924 - INFO - Saved article: Australian government plans for ‘worst-case scenario’ retail fuel rationing, documents reveal | Energy | The Guardian from The Guardian
2026-05-23 03:31:10,032 - WARNING - [BBC] FAILED with 'requests_browser' (content was too short: 77 words).
2026-05-23 03:31:10,032 - ERROR - [BBC] All scrape strategies failed for https://www.bbc.com/news/videos/cy92ge22298o?at_medium=RSS&at_campaign=rss. Falling back to RSS description.
2026-05-23 03:31:10,035 - INFO - [The Hindu] Page content loaded.
2026-05-23 03:31:10,036 - INFO - Saved article: How Cuban-Americans feel about Raúl Castro's indictment from BBC
2026-05-23 03:31:10,419 - INFO - [The Hindu] Success with 'selenium_browser'. Found content (284 words).
2026-05-23 03:31:10,518 - INFO - Saved article: Coimbatore girl's murder: police arrested two persons - The Hindu from The Hindu
2026-05-23 03:31:10,665 - INFO - [The Guardian] Article: https://www.theguardian.com/australia-news/2026/may/22/tony-abbott-new-liberal-party-president
2026-05-23 03:31:10,665 - INFO - [The Guardian] Attempt 1/1: Trying with 'requests_browser' strategy...
2026-05-23 03:31:10,704 - INFO - [BBC] Article: https://www.bbc.com/news/videos/cvgz36rx755o?at_medium=RSS&at_campaign=rss
2026-05-23 03:31:10,704 - INFO - [BBC] Attempt 1/1: Trying with 'requests_browser' strategy...
2026-05-23 03:31:10,922 - INFO - [The Guardian] Success with 'requests_browser'. Found content (614 words).
2026-05-23 03:31:10,985 - INFO - [BBC] Success with 'requests_browser'. Found content (84 words).
2026-05-23 03:31:11,008 - INFO - [Times of India] Article: https://timesofindia.indiatimes.com/world/us-streamers/chudthebuilder-may-be-released-after-reported-1m-bond-offer-from-crypto-casino-duel/articleshow/131268163.cms
2026-05-23 03:31:11,017 - INFO - [Times of India] Attempt 1/1: Trying with 'selenium_browser' strategy...
2026-05-23 03:31:11,126 - INFO - [The Hindu] Article: https://www.thehindu.com/news/national/neet-ug-candidates-can-submit-bank-details-for-fee-refund-till-may-27-nta/article71013417.ece
2026-05-23 03:31:11,137 - INFO - [The Hindu] Attempt 1/1: Trying with 'selenium_browser' strategy...
2026-05-23 03:31:11,138 - INFO - Duplicate article skipped: Tony Abbott to become new Liberal party president in former PM’s return to political frontlines | Tony Abbott | The Guardian from The Guardian
2026-05-23 03:31:11,185 - INFO - Saved article: Fans react to Stephen Colbert’s final show from BBC
2026-05-23 03:31:11,990 - INFO - [BBC] Article: https://www.bbc.com/news/videos/cj3pvglp3vzo?at_medium=RSS&at_campaign=rss
2026-05-23 03:31:11,990 - INFO - [BBC] Attempt 1/1: Trying with 'requests_browser' strategy...
2026-05-23 03:31:12,078 - INFO - [BBC] Success with 'requests_browser'. Found content (107 words).
2026-05-23 03:31:12,130 - INFO - Saved article: Watch: Moment car explodes into massive fireball in NYC from BBC
2026-05-23 03:31:12,414 - INFO - [The Guardian] Article: https://www.theguardian.com/politics/2026/may/22/uk-pitched-single-market-for-goods-with-eu-as-it-pursues-trade-reintegration
2026-05-23 03:31:12,414 - INFO - [The Guardian] Attempt 1/1: Trying with 'requests_browser' strategy...
2026-05-23 03:31:12,596 - INFO - [The Guardian] Success with 'requests_browser'. Found content (1083 words).
2026-05-23 03:31:12,817 - INFO - Saved article: UK pitched single market for goods with EU in pursuit of deeper trade ties | Brexit | The Guardian from The Guardian
2026-05-23 03:31:12,829 - INFO - [Times of India] Page content loaded.
2026-05-23 03:31:12,968 - INFO - [Times of India] Success with 'selenium_browser'. Found content (400 words).
2026-05-23 03:31:13,043 - INFO - Saved article: Chudthebuilder Bond Offer: ChudTheBuilder may be released after reported $1M bond offer from crypto casino “Duel” - The Times of India from Times of India
2026-05-23 03:31:13,550 - INFO - [The Hindu] Page content loaded.
2026-05-23 03:31:13,952 - INFO - [The Hindu] Success with 'selenium_browser'. Found content (308 words).
2026-05-23 03:31:14,002 - INFO - [Times of India] Article: https://timesofindia.indiatimes.com/world/us-streamers/youtube-star-danny-go-mourns-heartbreaking-loss-of-14-year-old-son-isaac/articleshow/131268121.cms
2026-05-23 03:31:14,002 - INFO - [Times of India] Attempt 1/1: Trying with 'selenium_browser' strategy...
2026-05-23 03:31:14,052 - INFO - Saved article: NEET-UG candidates can submit bank details for fee refund till May 27: NTA - The Hindu from The Hindu
2026-05-23 03:31:14,117 - INFO - [The Guardian] Article: https://www.theguardian.com/world/2026/may/22/czech-president-petr-pavel-nato-show-teeth-russia-provocations
2026-05-23 03:31:14,117 - INFO - [The Guardian] Attempt 1/1: Trying with 'requests_browser' strategy...
2026-05-23 03:31:14,314 - INFO - [The Guardian] Success with 'requests_browser'. Found content (1097 words).
2026-05-23 03:31:14,489 - INFO - Saved article: Czech president urges Nato to ‘show its teeth’ over Russia’s provocations | Nato | The Guardian from The Guardian
2026-05-23 03:31:14,702 - INFO - [The Hindu] Article: https://www.thehindu.com/news/national/us-secretary-of-state-marco-rubio-four-day-visit-to-india/article71013400.ece
2026-05-23 03:31:14,702 - INFO - [The Hindu] Attempt 1/1: Trying with 'selenium_browser' strategy...
2026-05-23 03:31:15,511 - INFO - [The Guardian] Article: https://www.theguardian.com/world/live/2026/may/22/nato-mark-rutte-us-donald-trump-troops-poland-summit-russia-baltics-drones-tensions-ukraine-latest-news-updates
2026-05-23 03:31:15,511 - INFO - [The Guardian] Attempt 1/1: Trying with 'requests_browser' strategy...
2026-05-23 03:31:15,671 - INFO - [Times of India] Page content loaded.
2026-05-23 03:31:16,107 - INFO - [The Guardian] Success with 'requests_browser'. Found content (1909 words).
2026-05-23 03:31:16,192 - INFO - Duplicate article skipped: US concerned Russian campaign against Baltics could ‘spark into something bigger’, says Rubio – as it happened | World news | The Guardian from The Guardian
2026-05-23 03:31:16,200 - INFO - [Times of India] Success with 'selenium_browser'. Found content (376 words).
2026-05-23 03:31:16,278 - INFO - Saved article: Danny Go: YouTube star Danny Go mourns heartbreaking loss of 14-year-old son Isaac - The Times of India from Times of India
2026-05-23 03:31:16,891 - INFO - [The Hindu] Page content loaded.
2026-05-23 03:31:17,095 - INFO - [The Hindu] Success with 'selenium_browser'. Found content (278 words).
2026-05-23 03:31:17,245 - INFO - [Times of India] Article: https://timesofindia.indiatimes.com/world/us/go-home-for-green-card-rule-immigration-attorney-rahul-reddy-explains-what-h-1b-visa-holders-should-do-now/articleshow/131267879.cms
2026-05-23 03:31:17,245 - INFO - [Times of India] Attempt 1/1: Trying with 'selenium_browser' strategy...
2026-05-23 03:31:17,368 - INFO - Saved article: U.S. Secretary of State Marco Rubio arrives in Kolkata, visits Saint Teresa’s Mother House - The Hindu from The Hindu
2026-05-23 03:31:17,608 - INFO - [The Guardian] Article: https://www.theguardian.com/politics/2026/may/22/soft-power-sell-off-anger-british-council-sale-historic-madrid-building
2026-05-23 03:31:17,608 - INFO - [The Guardian] Attempt 1/1: Trying with 'requests_browser' strategy...
2026-05-23 03:31:17,794 - INFO - [The Guardian] Success with 'requests_browser'. Found content (995 words).
2026-05-23 03:31:17,900 - INFO - Saved article: Soft power sell-off: anger as British Council announces sale of historic Madrid building | Foreign policy | The Guardian from The Guardian
2026-05-23 03:31:18,668 - INFO - [The Hindu] Article: https://www.thehindu.com/news/national/cbi-arrests-key-accused-linked-to-neet-ug-2026-physics-paper-leak-case/article71011069.ece
2026-05-23 03:31:18,668 - INFO - [The Hindu] Attempt 1/1: Trying with 'selenium_browser' strategy...
2026-05-23 03:31:19,114 - INFO - [The Guardian] Article: https://www.theguardian.com/world/2026/may/22/gaza-flotilla-activists-allege-sexual-assault-and-in-israeli-detention
2026-05-23 03:31:19,114 - INFO - [The Guardian] Attempt 1/1: Trying with 'requests_browser' strategy...
2026-05-23 03:31:19,374 - INFO - [The Guardian] Success with 'requests_browser'. Found content (666 words).
2026-05-23 03:31:19,470 - INFO - Saved article: Gaza flotilla activists allege sexual assault and rape in Israeli detention | Israel | The Guardian from The Guardian
2026-05-23 03:31:21,668 - INFO - [The Hindu] Page content loaded.
2026-05-23 03:31:22,219 - WARNING - [The Hindu] FAILED with 'selenium_browser' (content was too short: 49 words).
2026-05-23 03:31:22,219 - ERROR - [The Hindu] All scrape strategies failed for https://www.thehindu.com/news/national/cbi-arrests-key-accused-linked-to-neet-ug-2026-physics-paper-leak-case/article71011069.ece. Falling back to RSS description.
2026-05-23 03:31:22,225 - INFO - Duplicate article skipped: NEET-UG 2026 case: CBI arrests another key accused for leaking Physics questions from The Hindu
2026-05-23 03:31:23,220 - INFO - [The Hindu] Article: https://www.thehindu.com/news/national/pm-modi-cyprus-president-nikos-christodoulides-hold-bilateral-meeting/article71009769.ece
2026-05-23 03:31:23,220 - INFO - [The Hindu] Attempt 1/1: Trying with 'selenium_browser' strategy...
2026-05-23 03:31:26,898 - INFO - [The Hindu] Page content loaded.
2026-05-23 03:31:29,075 - INFO - [The Hindu] Success with 'selenium_browser'. Found content (82 words).
2026-05-23 03:31:29,331 - INFO - Saved article: Modi expresses support for the sovereignty and territorial integrity of Cyprus - The Hindu from The Hindu
2026-05-23 03:31:30,351 - INFO - [The Hindu] Article: https://www.thehindu.com/news/national/severe-heatwave-conditions-likely-to-prevail-over-parts-of-india-imd/article71010398.ece
2026-05-23 03:31:30,351 - INFO - [The Hindu] Attempt 1/1: Trying with 'selenium_browser' strategy...
2026-05-23 03:31:35,540 - INFO - [The Hindu] Page content loaded.
2026-05-23 03:31:36,028 - INFO - [The Hindu] Success with 'selenium_browser'. Found content (93 words).
2026-05-23 03:31:36,474 - INFO - Saved article: Severe heatwave conditions likely to prevail over parts of India: IMD - The Hindu from The Hindu
2026-05-23 03:31:37,240 - INFO - [The Hindu] Article: https://www.thehindu.com/news/national/demand-driving-growth-but-economic-outlook-somewhat-clouded-by-supply-issues-rbi/article71010816.ece
2026-05-23 03:31:37,240 - INFO - [The Hindu] Attempt 1/1: Trying with 'selenium_browser' strategy...
2026-05-23 03:31:39,368 - INFO - [The Hindu] Page content loaded.
2026-05-23 03:31:39,724 - INFO - [The Hindu] Success with 'selenium_browser'. Found content (92 words).
2026-05-23 03:31:39,813 - INFO - Saved article: Demand driving growth, but economic outlook ‘somewhat clouded’ by supply issues: RBI - The Hindu from The Hindu
2026-05-23 03:31:40,668 - INFO - [The Hindu] Article: https://www.thehindu.com/news/national/madhya-pradesh/twisha-sharma-death-case-absconding-husband-jabalpur-district-court/article71010876.ece
2026-05-23 03:31:40,668 - INFO - [The Hindu] Attempt 1/1: Trying with 'selenium_browser' strategy...
2026-05-23 03:31:42,422 - INFO - [The Hindu] Page content loaded.
2026-05-23 03:31:42,591 - INFO - [The Hindu] Success with 'selenium_browser'. Found content (101 words).
2026-05-23 03:31:42,691 - INFO - Duplicate article skipped: Twisha Sharma death case: husband taken into custody, M.P. HC allows second autopsy - The Hindu from The Hindu
2026-05-23 03:31:43,512 - INFO - [The Hindu] Article: https://www.thehindu.com/news/cities/bangalore/no-permission-for-human-chain-protest-called-by-cockroach-janta-party-bengaluru-police/article71011622.ece
2026-05-23 03:31:43,513 - INFO - [The Hindu] Attempt 1/1: Trying with 'selenium_browser' strategy...
2026-05-23 03:31:46,273 - INFO - [The Hindu] Page content loaded.
2026-05-23 03:31:46,441 - INFO - [The Hindu] Success with 'selenium_browser'. Found content (102 words).
2026-05-23 03:31:46,529 - INFO - Saved article: No permission for human chain protest called by Cockroach Janta Party: Bengaluru police - The Hindu from The Hindu
2026-05-23 03:31:47,410 - INFO - [The Hindu] Article: https://www.thehindu.com/news/national/gujarat/vadodara-to-host-vibrant-gujarat-regional-conference-in-june/article71011157.ece
2026-05-23 03:31:47,410 - INFO - [The Hindu] Attempt 1/1: Trying with 'selenium_browser' strategy...
2026-05-23 03:31:48,383 - INFO - [The Hindu] Page content loaded.
2026-05-23 03:31:48,581 - INFO - [The Hindu] Success with 'selenium_browser'. Found content (84 words).
2026-05-23 03:31:48,656 - INFO - Saved article: Vadodara to host Vibrant Gujarat Regional Conference in June - The Hindu from The Hindu
2026-05-23 03:31:50,066 - INFO - [The Hindu] Article: https://www.thehindu.com/news/national/andhra-pradesh/debt-and-distress-youth-caught-in-cricket-betting-trap/article71006571.ece
2026-05-23 03:31:50,066 - INFO - [The Hindu] Attempt 1/1: Trying with 'selenium_browser' strategy...
2026-05-23 03:31:53,099 - INFO - [The Hindu] Page content loaded.
2026-05-23 03:31:53,383 - INFO - [The Hindu] Success with 'selenium_browser'. Found content (112 words).
2026-05-23 03:31:53,435 - INFO - Saved article: Debt and distress: youth caught in cricket betting trap - The Hindu from The Hindu
2026-05-23 03:31:54,463 - INFO - [The Hindu] Article: https://www.thehindu.com/news/national/rajasthan/rajasthan-cabinet-approves-new-industrial-development-policy-with-focus-on-talent-economy/article71012066.ece
2026-05-23 03:31:54,463 - INFO - [The Hindu] Attempt 1/1: Trying with 'selenium_browser' strategy...
2026-05-23 03:31:56,028 - INFO - [The Hindu] Page content loaded.
2026-05-23 03:31:56,240 - INFO - [The Hindu] Success with 'selenium_browser'. Found content (98 words).
2026-05-23 03:31:56,363 - INFO - Saved article: Rajasthan Cabinet approves new industrial development policy with focus on talent economy - The Hindu from The Hindu
2026-05-23 03:31:57,657 - INFO - [The Hindu] Article: https://www.thehindu.com/news/national/haryana/punjab-government-to-remove-stray-dogs-from-high-footfall-public-spaces-following-supreme-court-order/article71011211.ece
2026-05-23 03:31:57,657 - INFO - [The Hindu] Attempt 1/1: Trying with 'selenium_browser' strategy...
2026-05-23 03:31:59,125 - INFO - [The Hindu] Page content loaded.
2026-05-23 03:31:59,291 - INFO - [The Hindu] Success with 'selenium_browser'. Found content (109 words).
2026-05-23 03:31:59,373 - INFO - Saved article: Punjab government to remove stray dogs from high footfall public spaces following Supreme Court order - The Hindu from The Hindu
2026-05-23 03:32:00,413 - INFO - [The Hindu] Article: https://www.thehindu.com/news/national/meghalaya/public-hearing-for-limestone-mining-called-off-in-meghalaya-after-protest/article71010714.ece
2026-05-23 03:32:00,413 - INFO - [The Hindu] Attempt 1/1: Trying with 'selenium_browser' strategy...
2026-05-23 03:32:02,068 - INFO - [The Hindu] Page content loaded.
2026-05-23 03:32:02,239 - INFO - [The Hindu] Success with 'selenium_browser'. Found content (93 words).
2026-05-23 03:32:02,357 - INFO - Saved article: Public hearing for limestone mining called off in Meghalaya after protest - The Hindu from The Hindu
2026-05-23 03:32:03,130 - INFO - [The Hindu] Article: https://www.thehindu.com/news/national/west-bengal/bengal-cm-on-first-visit-to-delhi-after-taking-charge-meets-president-prime-minister-and-home-minister/article71011958.ece
2026-05-23 03:32:03,131 - INFO - [The Hindu] Attempt 1/1: Trying with 'selenium_browser' strategy...
2026-05-23 03:32:05,686 - INFO - [The Hindu] Page content loaded.
2026-05-23 03:32:05,793 - INFO - [The Hindu] Success with 'selenium_browser'. Found content (109 words).
2026-05-23 03:32:06,068 - INFO - Saved article: Bengal CM on first visit to Delhi after taking charge, meets President, Prime Minister and Home Minister - The Hindu from The Hindu
2026-05-23 03:32:07,275 - INFO - [The Hindu] Article: https://www.thehindu.com/news/national/jammu-and-kashmir/elected-government-has-no-role-in-jammu-demolitions-says-farooq-abdullah/article71012124.ece
2026-05-23 03:32:07,275 - INFO - [The Hindu] Attempt 1/1: Trying with 'selenium_browser' strategy...
2026-05-23 03:32:10,063 - INFO - [The Hindu] Page content loaded.
2026-05-23 03:32:10,277 - INFO - [The Hindu] Success with 'selenium_browser'. Found content (255 words).
2026-05-23 03:32:10,394 - INFO - Saved article: Elected government has no role in Jammu demolitions, says Farooq Abdullah - The Hindu from The Hindu
2026-05-23 03:32:11,301 - INFO - [The Hindu] Article: https://www.thehindu.com/news/national/maharashtra/the-hindu-is-another-name-for-trust-says-eknath-shinde/article71011512.ece
2026-05-23 03:32:11,301 - INFO - [The Hindu] Attempt 1/1: Trying with 'selenium_browser' strategy...
2026-05-23 03:32:13,308 - INFO - [The Hindu] Page content loaded.
2026-05-23 03:32:13,559 - INFO - [The Hindu] Success with 'selenium_browser'. Found content (132 words).
2026-05-23 03:32:13,628 - INFO - Saved article: ‘The Hindu is another name for trust,’ says Eknath Shinde - The Hindu from The Hindu
2026-05-23 03:32:14,957 - INFO - [The Hindu] Article: https://www.thehindu.com/news/national/kerala/woman-sustains-injury-at-kochi-metro-worksite/article71011916.ece
2026-05-23 03:32:14,957 - INFO - [The Hindu] Attempt 1/1: Trying with 'selenium_browser' strategy...
2026-05-23 03:32:17,082 - INFO - [The Hindu] Page content loaded.
2026-05-23 03:32:17,259 - ERROR - [Times of India] Request failed for strategy 'selenium_browser' on URL https://timesofindia.indiatimes.com/world/us/go-home-for-green-card-rule-immigration-attorney-rahul-reddy-explains-what-h-1b-visa-holders-should-do-now/articleshow/131267879.cms: Message: timeout: Timed out receiving message from renderer: 58.299
  (Session info: chrome=148.0.7778.167)
Stacktrace:
#0 0x55709e19a22a <unknown>
#1 0x55709db98ab9 <unknown>
#2 0x55709db8010b <unknown>
#3 0x55709db7fd86 <unknown>
#4 0x55709db7d8ab <unknown>
#5 0x55709db7e22f <unknown>
#6 0x55709db8d6e0 <unknown>
#7 0x55709dba7847 <unknown>
#8 0x55709dbaf07b <unknown>
#9 0x55709db7e999 <unknown>
#10 0x55709dba75d2 <unknown>
#11 0x55709dc3542a <unknown>
#12 0x55709dbe0662 <unknown>
#13 0x55709dbe1451 <unknown>
#14 0x55709e15dd8b <unknown>
#15 0x55709e160c65 <unknown>
#16 0x55709e14a458 <unknown>
#17 0x55709e1617f0 <unknown>
#18 0x55709e1311c0 <unknown>
#19 0x55709e187168 <unknown>
#20 0x55709e187305 <unknown>
#21 0x55709e198c5e <unknown>
#22 0x7fd97f69caa4 <unknown>
#23 0x7fd97f729c6c <unknown>

2026-05-23 03:32:17,259 - ERROR - [Times of India] All scrape strategies failed for https://timesofindia.indiatimes.com/world/us/go-home-for-green-card-rule-immigration-attorney-rahul-reddy-explains-what-h-1b-visa-holders-should-do-now/articleshow/131267879.cms. Falling back to RSS description.
2026-05-23 03:32:17,265 - INFO - Saved article: 'Go home' for Green Card rule: Immigration attorney Rahul Reddy explains what H-1B visa holders should do now from Times of India
2026-05-23 03:32:17,294 - INFO - [The Hindu] Success with 'selenium_browser'. Found content (183 words).
2026-05-23 03:32:17,427 - INFO - Saved article: Woman sustains injury at Kochi metro worksite - The Hindu from The Hindu
2026-05-23 03:32:17,941 - INFO - [The Hindu] Article: https://www.thehindu.com/news/national/maharashtra/infrastructure-is-foundation-of-economic-growth-says-m-jamshed/article71011815.ece
2026-05-23 03:32:17,941 - INFO - [The Hindu] Attempt 1/1: Trying with 'selenium_browser' strategy...
2026-05-23 03:32:18,223 - INFO - [Times of India] Article: https://timesofindia.indiatimes.com/world/rest-of-world/shocking-reality-of-100-families-living-beneath-manila-highways-in-the-philippines/articleshow/131264951.cms
2026-05-23 03:32:18,223 - INFO - [Times of India] Attempt 1/1: Trying with 'selenium_browser' strategy...
2026-05-23 03:32:19,291 - INFO - [Times of India] Page content loaded.
2026-05-23 03:32:19,453 - INFO - [Times of India] Success with 'selenium_browser'. Found content (930 words).
2026-05-23 03:32:19,530 - INFO - Saved article: Shocking reality of 100 families living beneath Manila highways in the Philippines | World News - The Times of India from Times of India
2026-05-23 03:32:19,711 - INFO - [The Hindu] Page content loaded.
2026-05-23 03:32:19,903 - WARNING - [The Hindu] FAILED with 'selenium_browser' (content was too short: 76 words).
2026-05-23 03:32:19,903 - ERROR - [The Hindu] All scrape strategies failed for https://www.thehindu.com/news/national/maharashtra/infrastructure-is-foundation-of-economic-growth-says-m-jamshed/article71011815.ece. Falling back to RSS description.
2026-05-23 03:32:19,908 - INFO - Saved article: Infrastructure is foundation of economic growth, says M. Jamshed from The Hindu
2026-05-23 03:32:20,437 - INFO - [Times of India] Article: https://timesofindia.indiatimes.com/science/quote-of-the-day-by-english-physicistbrian-cox-we-explore-because-we-are-curious-not-because-we-wish-to-develop-grand-views-of-reality-or-better-widgets-/articleshow/131266887.cms
2026-05-23 03:32:20,437 - INFO - [Times of India] Attempt 1/1: Trying with 'selenium_browser' strategy...
2026-05-23 03:32:20,473 - INFO - [The Hindu] Article: https://www.thehindu.com/news/national/maharashtra/mumbai-maharashtra-emerging-as-key-hubs-for-global-investment-and-clean-energy-partnerships-say-diplomats/article71010811.ece
2026-05-23 03:32:20,473 - INFO - [The Hindu] Attempt 1/1: Trying with 'selenium_browser' strategy...
2026-05-23 03:32:22,706 - INFO - [The Hindu] Page content loaded.
2026-05-23 03:32:22,742 - INFO - [Times of India] Page content loaded.
2026-05-23 03:32:22,979 - INFO - [Times of India] Success with 'selenium_browser'. Found content (1211 words).
2026-05-23 03:32:23,093 - INFO - [The Hindu] Success with 'selenium_browser'. Found content (104 words).
2026-05-23 03:32:23,103 - INFO - Saved article: Quote of the day by English physicist Brian Cox: “We explore because we are curious, not because we wish to develop grand views of reality or better widgets.” | - The Times of India from Times of India
2026-05-23 03:32:23,152 - INFO - Saved article: Mumbai, Maharashtra emerging as key hubs for global investment and clean energy partnerships, say diplomats - The Hindu from The Hindu
2026-05-23 03:32:24,035 - INFO - [Times of India] Article: https://timesofindia.indiatimes.com/world/us/who-is-tulsi-gabbards-husband-whose-bone-cancer-cited-as-reason-for-resignation-amid-iran-war-row/articleshow/131266458.cms
2026-05-23 03:32:24,035 - INFO - [Times of India] Attempt 1/1: Trying with 'selenium_browser' strategy...
2026-05-23 03:32:24,195 - INFO - [The Hindu] Article: https://www.thehindu.com/news/national/madhya-pradesh/saffron-clashes-with-green-again/article71011888.ece
2026-05-23 03:32:24,195 - INFO - [The Hindu] Attempt 1/1: Trying with 'selenium_browser' strategy...
2026-05-23 03:32:25,951 - INFO - [The Hindu] Page content loaded.
2026-05-23 03:32:26,392 - WARNING - [The Hindu] FAILED with 'selenium_browser' (content was too short: 74 words).
2026-05-23 03:32:26,392 - ERROR - [The Hindu] All scrape strategies failed for https://www.thehindu.com/news/national/madhya-pradesh/saffron-clashes-with-green-again/article71011888.ece. Falling back to RSS description.
2026-05-23 03:32:26,396 - INFO - Saved article: Saffron clashes with green, again from The Hindu
2026-05-23 03:32:27,786 - INFO - [The Hindu] Article: https://www.thehindu.com/news/national/kerala/hmt-revival-package-at-final-stage-says-union-minister/article71012117.ece
2026-05-23 03:32:27,789 - INFO - [The Hindu] Attempt 1/1: Trying with 'selenium_browser' strategy...
2026-05-23 03:32:30,515 - INFO - [The Hindu] Page content loaded.
2026-05-23 03:32:31,558 - WARNING - [The Hindu] FAILED with 'selenium_browser' (content was too short: 76 words).
2026-05-23 03:32:31,558 - ERROR - [The Hindu] All scrape strategies failed for https://www.thehindu.com/news/national/kerala/hmt-revival-package-at-final-stage-says-union-minister/article71012117.ece. Falling back to RSS description.
2026-05-23 03:32:31,565 - INFO - Saved article: HMT revival package at final stage, says Union Minister from The Hindu
2026-05-23 03:32:32,239 - INFO - [The Hindu] Article: https://www.thehindu.com/news/national/karnataka/kerc-directs-escoms-to-give-consumers-15-clear-days-to-pay-bills/article71012232.ece
2026-05-23 03:32:32,239 - INFO - [The Hindu] Attempt 1/1: Trying with 'selenium_browser' strategy...
2026-05-23 03:32:33,375 - INFO - [The Hindu] Page content loaded.
2026-05-23 03:32:33,446 - INFO - [The Hindu] Success with 'selenium_browser'. Found content (105 words).
2026-05-23 03:32:33,594 - INFO - Saved article: KERC directs Escoms to give consumers 15 clear days to pay bills - The Hindu from The Hindu
2026-05-23 03:32:34,166 - INFO - [The Hindu] (Thread) Finished. Attempting to shut down its Selenium driver.
2026-05-23 03:32:34,393 - INFO - [The Hindu] (Thread) driver.quit() successful.
2026-05-23 03:32:35,532 - INFO - [Times of India] Page content loaded.
2026-05-23 03:32:35,704 - INFO - [Times of India] Success with 'selenium_browser'. Found content (468 words).
2026-05-23 03:32:35,830 - INFO - Saved article: 'I can not in good conscience...': What Tulsi Gabbard wrote about her husband in her resignation letter - The Times of India from Times of India
2026-05-23 03:32:37,040 - INFO - [Times of India] Article: https://timesofindia.indiatimes.com/world/us/tulsi-gabbard-resigns-as-us-spy-chief-cites-husbands-cancer-battle-report/articleshow/131266309.cms
2026-05-23 03:32:37,040 - INFO - [Times of India] Attempt 1/1: Trying with 'selenium_browser' strategy...
2026-05-23 03:32:37,609 - INFO - [Times of India] Page content loaded.
2026-05-23 03:32:37,728 - INFO - [Times of India] Success with 'selenium_browser'. Found content (323 words).
2026-05-23 03:32:37,775 - INFO - Saved article: US spy chief Tulsi Gabbard resigns under pressure from White House: Report - The Times of India from Times of India
2026-05-23 03:32:39,000 - INFO - [Times of India] Article: https://timesofindia.indiatimes.com/world/us/massive-absurd-immigration-experts-foreign-born-founder-react-to-new-green-card-rule/articleshow/131265948.cms
2026-05-23 03:32:39,000 - INFO - [Times of India] Attempt 1/1: Trying with 'selenium_browser' strategy...
2026-05-23 03:32:39,766 - INFO - [Times of India] Page content loaded.
2026-05-23 03:32:39,931 - INFO - [Times of India] Success with 'selenium_browser'. Found content (524 words).
2026-05-23 03:32:39,983 - INFO - Saved article: Massive, absurd: Immigration experts, foreign-born founder react to new Green Card rule - The Times of India from Times of India
2026-05-23 03:32:40,954 - INFO - [Times of India] Article: https://timesofindia.indiatimes.com/world/middle-east/uae-spooked-fearing-gulf-chaos-abu-dhabi-joins-saudis-qatar-in-urging-trump-against-fresh-iran-war/articleshow/131265320.cms
2026-05-23 03:32:40,954 - INFO - [Times of India] Attempt 1/1: Trying with 'selenium_browser' strategy...
2026-05-23 03:32:41,909 - INFO - [Times of India] Page content loaded.
2026-05-23 03:32:42,025 - INFO - [Times of India] Success with 'selenium_browser'. Found content (965 words).
2026-05-23 03:32:42,081 - INFO - Saved article: UAE spooked? Fearing Gulf chaos, Abu Dhabi joins Saudis, Qatar in urging Trump against fresh Iran war - The Times of India from Times of India
2026-05-23 03:32:42,904 - INFO - [Times of India] Article: https://timesofindia.indiatimes.com/world/rest-of-world/west-wants-to-impose-homosexuality-on-the-rest-of-the-world-senegal-pms-makes-shocking-claim/articleshow/131265396.cms
2026-05-23 03:32:42,904 - INFO - [Times of India] Attempt 1/1: Trying with 'selenium_browser' strategy...
2026-05-23 03:32:43,925 - INFO - [Times of India] Page content loaded.
2026-05-23 03:32:44,063 - INFO - [Times of India] Success with 'selenium_browser'. Found content (343 words).
2026-05-23 03:32:44,120 - INFO - Saved article: 'West wants to impose homosexuality on the rest of the world': Senegal PM makes shocking claim - The Times of India from Times of India
2026-05-23 03:32:45,292 - INFO - [Times of India] Article: https://timesofindia.indiatimes.com/world/uk/uk-military-air-show-royal-international-air-tattoo-cancelled-amid-middle-east-conflict-concerns/articleshow/131265137.cms
2026-05-23 03:32:45,292 - INFO - [Times of India] Attempt 1/1: Trying with 'selenium_browser' strategy...
2026-05-23 03:32:46,173 - INFO - [Times of India] Page content loaded.
2026-05-23 03:32:46,334 - INFO - [Times of India] Success with 'selenium_browser'. Found content (240 words).
2026-05-23 03:32:46,416 - INFO - Saved article: UK military air show Royal International Air Tattoo cancelled amid Middle East conflict concerns | World News - The Times of India from Times of India
2026-05-23 03:32:47,538 - INFO - [Times of India] Article: https://timesofindia.indiatimes.com/world/us/indian-man-sentenced-to-15-5-years-in-prison-for-gold-scam-in-us-picked-up-16-gold-bars-from-elderly-victims/articleshow/131264946.cms
2026-05-23 03:32:47,538 - INFO - [Times of India] Attempt 1/1: Trying with 'selenium_browser' strategy...
2026-05-23 03:32:48,144 - INFO - [Times of India] Page content loaded.
2026-05-23 03:32:48,294 - INFO - [Times of India] Success with 'selenium_browser'. Found content (368 words).
2026-05-23 03:32:48,339 - INFO - Saved article: Indian man sentenced to 15.5 years in prison for gold scam in US, picked 16 gold bars from elderly victims - The Times of India from Times of India
2026-05-23 03:32:49,357 - INFO - [Times of India] Article: https://timesofindia.indiatimes.com/world/china/did-china-spy-on-elon-musk-other-tech-executives-during-trumps-beijing-visit-blogger-makes-big-claim/articleshow/131264314.cms
2026-05-23 03:32:49,357 - INFO - [Times of India] Attempt 1/1: Trying with 'selenium_browser' strategy...
2026-05-23 03:32:49,965 - INFO - [Times of India] Page content loaded.
2026-05-23 03:32:50,127 - INFO - [Times of India] Success with 'selenium_browser'. Found content (287 words).
2026-05-23 03:32:50,173 - INFO - Saved article: Did China spy on Elon Musk, other tech executives during Trump's Beijing visit? Blogger makes big claim - The Times of India from Times of India
2026-05-23 03:32:51,626 - INFO - [Times of India] Article: https://timesofindia.indiatimes.com/world/rest-of-world/nobel-prize-winner-olga-tokarczuk-under-fire-after-revealing-she-uses-ai-to-develop-ideas/articleshow/131264613.cms
2026-05-23 03:32:51,626 - INFO - [Times of India] Attempt 1/1: Trying with 'selenium_browser' strategy...
2026-05-23 03:32:52,220 - INFO - [Times of India] Page content loaded.
2026-05-23 03:32:52,367 - INFO - [Times of India] Success with 'selenium_browser'. Found content (634 words).
2026-05-23 03:32:52,415 - INFO - Duplicate article skipped: Nobel Prize winner Olga Tokarczuk under fire after revealing she uses AI to develop ideas | World News - The Times of India from Times of India
2026-05-23 03:32:53,811 - INFO - [Times of India] Article: https://timesofindia.indiatimes.com/world/pakistan/pakistan-gets-its-own-cockroach-awaam-party-as-indias-viral-cjp-sparks-cross-border-satire-wave/articleshow/131263286.cms
2026-05-23 03:32:53,812 - INFO - [Times of India] Attempt 1/1: Trying with 'selenium_browser' strategy...
2026-05-23 03:32:54,755 - INFO - [Times of India] Page content loaded.
2026-05-23 03:32:54,904 - INFO - [Times of India] Success with 'selenium_browser'. Found content (341 words).
2026-05-23 03:32:55,006 - INFO - Duplicate article skipped: Pakistan gets its own ‘Cockroach Awaam Party’ as India’s viral CJP sparks cross-border satire wave - The Times of India from Times of India
2026-05-23 03:32:56,455 - INFO - [Times of India] Article: https://timesofindia.indiatimes.com/world/rest-of-world/it-would-be-a-big-mistake-who-africa-chief-warns-against-underestimating-ebola-virus-risk-in-congo-uganda/articleshow/131264292.cms
2026-05-23 03:32:56,455 - INFO - [Times of India] Attempt 1/1: Trying with 'selenium_browser' strategy...
2026-05-23 03:32:57,221 - INFO - [Times of India] Page content loaded.
2026-05-23 03:32:57,378 - INFO - [Times of India] Success with 'selenium_browser'. Found content (339 words).
2026-05-23 03:32:57,442 - INFO - Duplicate article skipped: ‘It would be a big mistake’: WHO Africa chief warns against underestimating Ebola virus risk in Congo, Uganda - The Times of India from Times of India
2026-05-23 03:32:58,544 - INFO - [Times of India] Article: https://timesofindia.indiatimes.com/world/us/waiting-for-green-card-leave-us-first-re-enter-with-an-immigrant-visa/articleshow/131264268.cms
2026-05-23 03:32:58,544 - INFO - [Times of India] Attempt 1/1: Trying with 'selenium_browser' strategy...
2026-05-23 03:32:59,222 - INFO - [Times of India] Page content loaded.
2026-05-23 03:32:59,374 - INFO - [Times of India] Success with 'selenium_browser'. Found content (395 words).
2026-05-23 03:32:59,427 - INFO - Duplicate article skipped: Waiting for Green Card? Leave US first, re-enter with an immigrant visa - The Times of India from Times of India
2026-05-23 03:33:00,704 - INFO - [Times of India] Article: https://timesofindia.indiatimes.com/world/europe/drugged-raped-and-filmed-german-woman-alleges-years-of-horrific-abuse-by-ex-partner/articleshow/131264112.cms
2026-05-23 03:33:00,704 - INFO - [Times of India] Attempt 1/1: Trying with 'selenium_browser' strategy...
2026-05-23 03:33:01,331 - INFO - [Times of India] Page content loaded.
2026-05-23 03:33:01,449 - INFO - [Times of India] Success with 'selenium_browser'. Found content (332 words).
2026-05-23 03:33:01,499 - INFO - Duplicate article skipped: Drugged, raped and filmed: German woman alleges years of horrific abuse by ex-partner - The Times of India from Times of India
2026-05-23 03:33:02,242 - INFO - [Times of India] (Thread) Finished. Attempting to shut down its Selenium driver.
2026-05-23 03:33:02,631 - INFO - [Times of India] (Thread) driver.quit() successful.
2026-05-23 03:33:02,631 - INFO - Shutting down thread pool (wait=False)...
2026-05-23 03:33:02,631 - INFO - Scraped: 15 Times of India, 11 The Guardian, 18 BBC, 23 The Hindu articles. (Total saved: 67)
2026-05-23 03:33:02,631 - INFO - --- Scraping job finished ---
2026-05-23 03:33:02,639 - INFO - --- Scraper service stopped and database connection closed. ---
2026-05-23 03:33:02,639 - INFO - --- Main thread finished. Forcing process exit to kill zombie threads. ---
