2026-03-09 02:26:48,078 - INFO - Initializing database connection at: news_articles.db
2026-03-09 02:26:48,078 - INFO - --- Scraper service started (CI Mode: Run Once) ---
2026-03-09 02:26:48,078 - INFO - --- Starting new scraping job (Parallel Mode) ---
2026-03-09 02:26:48,078 - INFO - Creating new robust session with 3 retries on 5xx/connection/read errors.
2026-03-09 02:26:48,079 - INFO - Proxy is DISABLED.
2026-03-09 02:26:48,079 - INFO - Starting scrape for BBC RSS feed: http://feeds.bbci.co.uk/news/world/rss.xml
2026-03-09 02:26:48,080 - INFO - [Times of India] (Thread) requires Selenium. Initializing driver...
2026-03-09 02:26:48,080 - INFO - Initializing headless Selenium Chrome driver (using SeleniumManager)...
2026-03-09 02:26:48,080 - INFO - Starting scrape for The Guardian RSS feed: https://www.theguardian.com/world/rss
2026-03-09 02:26:48,081 - INFO - [The Hindu] (Thread) requires Selenium. Initializing driver...
2026-03-09 02:26:48,081 - INFO - Submitted 4 jobs to thread pool. Waiting up to 420s for completion...
2026-03-09 02:26:48,081 - INFO - Initializing headless Selenium Chrome driver (using SeleniumManager)...
2026-03-09 02:26:48,161 - INFO - Found 45 articles in The Guardian RSS feed. Processing up to 25.
2026-03-09 02:26:48,162 - INFO - [The Guardian] Article: https://www.theguardian.com/world/2026/mar/07/descendants-of-zimbabwe-resistance-heroes-urge-uk-to-locate-looted-skulls
2026-03-09 02:26:48,162 - INFO - [The Guardian] Attempt 1/1: Trying with 'requests_browser' strategy...
2026-03-09 02:26:48,200 - INFO - [The Guardian] Success with 'requests_browser'. Found content (878 words).
2026-03-09 02:26:48,233 - INFO - Duplicate article skipped: Descendants of Zimbabwe resistance heroes urge UK to locate looted skulls | Zimbabwe | The Guardian from The Guardian
2026-03-09 02:26:48,357 - INFO - Found 26 articles in BBC RSS feed. Processing up to 25.
2026-03-09 02:26:48,357 - INFO - [BBC] Article: https://www.bbc.com/news/articles/c78xxg05w0zo?at_medium=RSS&at_campaign=rss
2026-03-09 02:26:48,358 - INFO - [BBC] Attempt 1/1: Trying with 'requests_browser' strategy...
2026-03-09 02:26:48,490 - INFO - [BBC] Success with 'requests_browser'. Found content (795 words).
2026-03-09 02:26:48,528 - INFO - Saved article: Who is Mojtaba Khamenei, Iran's new supreme leader? from BBC
2026-03-09 02:26:49,088 - INFO - [The Guardian] Article: https://www.theguardian.com/global-development/2026/mar/06/generic-drugs-weight-loss-semaglutide-ozempic-wegovy-diabetes-obesity-study
2026-03-09 02:26:49,088 - INFO - [The Guardian] Attempt 1/1: Trying with 'requests_browser' strategy...
2026-03-09 02:26:49,110 - INFO - [The Guardian] Success with 'requests_browser'. Found content (612 words).
2026-03-09 02:26:49,140 - INFO - Duplicate article skipped: Weight-loss jab could be made for $3 a month, study finds | Global health | The Guardian from The Guardian
2026-03-09 02:26:49,508 - INFO - [BBC] Article: https://www.bbc.com/news/articles/c79542n0grwo?at_medium=RSS&at_campaign=rss
2026-03-09 02:26:49,508 - INFO - [BBC] Attempt 1/1: Trying with 'requests_browser' strategy...
2026-03-09 02:26:49,549 - INFO - [BBC] Success with 'requests_browser'. Found content (587 words).
2026-03-09 02:26:49,583 - INFO - Saved article: Iran war: Oil prices jump above $100 for first time in four years from BBC
2026-03-09 02:26:49,947 - INFO - [The Guardian] Article: https://www.theguardian.com/world/2026/mar/05/three-men-deported-us-eswatini-legal-case-detention
2026-03-09 02:26:49,947 - INFO - [The Guardian] Attempt 1/1: Trying with 'requests_browser' strategy...
2026-03-09 02:26:49,975 - INFO - [The Guardian] Success with 'requests_browser'. Found content (520 words).
2026-03-09 02:26:50,008 - INFO - Duplicate article skipped: Three men deported by US file legal case against Eswatini over detention | Eswatini | The Guardian from The Guardian
2026-03-09 02:26:50,846 - INFO - [BBC] Article: https://www.bbc.com/sport/football/articles/c0rj2kq978qo?at_medium=RSS&at_campaign=rss
2026-03-09 02:26:50,846 - INFO - [BBC] Attempt 1/1: Trying with 'requests_browser' strategy...
2026-03-09 02:26:50,891 - INFO - [BBC] Success with 'requests_browser'. Found content (221 words).
2026-03-09 02:26:50,921 - INFO - Saved article: VAR: Masked fan unplugs monitor in German second division match - BBC Sport from BBC
2026-03-09 02:26:51,285 - INFO - [The Guardian] Article: https://www.theguardian.com/world/2026/mar/05/south-africa-president-cyril-ramaphosa-calls-donald-trump-policy-white-afrikaners-racist
2026-03-09 02:26:51,285 - INFO - [The Guardian] Attempt 1/1: Trying with 'requests_browser' strategy...
2026-03-09 02:26:51,397 - INFO - [The Guardian] Success with 'requests_browser'. Found content (410 words).
2026-03-09 02:26:51,428 - INFO - Duplicate article skipped: South Africa’s president calls Trump’s policy to offer refuge to white Afrikaners ‘racist’ | South Africa | The Guardian from The Guardian
2026-03-09 02:26:51,494 - INFO - [BBC] Article: https://www.bbc.com/news/articles/crk8rdz5131o?at_medium=RSS&at_campaign=rss
2026-03-09 02:26:51,495 - INFO - [BBC] Attempt 1/1: Trying with 'requests_browser' strategy...
2026-03-09 02:26:51,540 - INFO - [BBC] Success with 'requests_browser'. Found content (1222 words).
2026-03-09 02:26:51,579 - INFO - Saved article: Spain's migrants welcome amnesty: 'It will help us in every way' from BBC
2026-03-09 02:26:52,199 - INFO - [BBC] Article: https://www.bbc.com/news/articles/c5yjegg892lo?at_medium=RSS&at_campaign=rss
2026-03-09 02:26:52,199 - INFO - [BBC] Attempt 1/1: Trying with 'requests_browser' strategy...
2026-03-09 02:26:52,232 - INFO - [BBC] Success with 'requests_browser'. Found content (352 words).
2026-03-09 02:26:52,264 - INFO - Duplicate article skipped: Explosion at US embassy in Oslo may have been terrorism, Norway police say from BBC
2026-03-09 02:26:52,360 - INFO - [The Guardian] Article: https://www.theguardian.com/sport/2026/mar/05/lewis-hamilton-race-africa-grand-prix-retiring-formula-one-colonial
2026-03-09 02:26:52,360 - INFO - [The Guardian] Attempt 1/1: Trying with 'requests_browser' strategy...
2026-03-09 02:26:52,437 - INFO - [The Guardian] Success with 'requests_browser'. Found content (409 words).
2026-03-09 02:26:52,466 - INFO - Duplicate article skipped: Lewis Hamilton sets sights on racing in an African grand prix before retiring | Lewis Hamilton | The Guardian from The Guardian
2026-03-09 02:26:53,518 - INFO - [BBC] Article: https://www.bbc.com/news/articles/c93w6y0lnd9o?at_medium=RSS&at_campaign=rss
2026-03-09 02:26:53,518 - INFO - [BBC] Attempt 1/1: Trying with 'requests_browser' strategy...
2026-03-09 02:26:53,531 - INFO - [The Guardian] Article: https://www.theguardian.com/world/2026/mar/08/haiti-immigrant-mexico-tapachula
2026-03-09 02:26:53,531 - INFO - [The Guardian] Attempt 1/1: Trying with 'requests_browser' strategy...
2026-03-09 02:26:53,561 - INFO - [BBC] Success with 'requests_browser'. Found content (490 words).
2026-03-09 02:26:53,623 - INFO - Duplicate article skipped: Rapper-politician Balendra Shah unseats Nepal's ex-PM as he heads for victory from BBC
2026-03-09 02:26:53,637 - INFO - [The Guardian] Success with 'requests_browser'. Found content (2248 words).
2026-03-09 02:26:53,673 - INFO - Duplicate article skipped: ‘I am trying to live’: Haitians in Mexico seek community despite broken immigration systems | World news | The Guardian from The Guardian
2026-03-09 02:26:54,316 - INFO - [BBC] Article: https://www.bbc.com/news/articles/ckg2pm2kvkeo?at_medium=RSS&at_campaign=rss
2026-03-09 02:26:54,316 - INFO - [BBC] Attempt 1/1: Trying with 'requests_browser' strategy...
2026-03-09 02:26:54,365 - INFO - [BBC] Success with 'requests_browser'. Found content (247 words).
2026-03-09 02:26:54,398 - INFO - Saved article: Rihanna's Beverly Hills home hit by gunfire, police say from BBC
2026-03-09 02:26:54,812 - INFO - [The Guardian] Article: https://www.theguardian.com/world/2026/mar/08/british-columbia-canada-daylight-saving-time
2026-03-09 02:26:54,812 - INFO - [The Guardian] Attempt 1/1: Trying with 'requests_browser' strategy...
2026-03-09 02:26:54,837 - INFO - [The Guardian] Success with 'requests_browser'. Found content (601 words).
2026-03-09 02:26:54,871 - INFO - Duplicate article skipped: Time for a change: British Columbia decides to keep daylight saving time permanently | Canada | The Guardian from The Guardian
2026-03-09 02:26:54,917 - INFO - [BBC] Article: https://www.bbc.com/news/articles/cx2r1xldl1ko?at_medium=RSS&at_campaign=rss
2026-03-09 02:26:54,917 - INFO - [BBC] Attempt 1/1: Trying with 'requests_browser' strategy...
2026-03-09 02:26:54,963 - INFO - [BBC] Success with 'requests_browser'. Found content (715 words).
2026-03-09 02:26:55,000 - INFO - Duplicate article skipped: War fuels debate in Cyprus over UK military bases from BBC
2026-03-09 02:26:55,607 - INFO - [The Guardian] Article: https://www.theguardian.com/world/2026/mar/07/peru-nightclub-bombing
2026-03-09 02:26:55,607 - INFO - [The Guardian] Attempt 1/1: Trying with 'requests_browser' strategy...
2026-03-09 02:26:55,731 - INFO - [The Guardian] Success with 'requests_browser'. Found content (288 words).
2026-03-09 02:26:55,760 - INFO - Duplicate article skipped: Bombing at nightclub in Peru injures 33 people, including minors | Peru | The Guardian from The Guardian
2026-03-09 02:26:55,963 - INFO - [BBC] Article: https://www.bbc.com/news/articles/crrxpwzvd5vo?at_medium=RSS&at_campaign=rss
2026-03-09 02:26:55,963 - INFO - [BBC] Attempt 1/1: Trying with 'requests_browser' strategy...
2026-03-09 02:26:55,996 - INFO - [BBC] Success with 'requests_browser'. Found content (506 words).
2026-03-09 02:26:56,031 - INFO - Duplicate article skipped: Boy, 12, among six dead as tornadoes hit Michigan and Oklahoma from BBC
2026-03-09 02:26:56,638 - INFO - Selenium driver initialized successfully.
2026-03-09 02:26:56,638 - INFO - Selenium driver initialized successfully.
2026-03-09 02:26:56,638 - INFO - Starting scrape for The Hindu RSS feed: https://www.thehindu.com/news/national/feeder/default.rss
2026-03-09 02:26:56,638 - INFO - Starting scrape for Times of India RSS feed: https://timesofindia.indiatimes.com/rssfeeds/296589292.cms
2026-03-09 02:26:56,714 - INFO - Found 20 articles in Times of India RSS feed. Processing up to 25.
2026-03-09 02:26:56,714 - INFO - [Times of India] Article: https://timesofindia.indiatimes.com/world/middle-east/us-israel-iran-war-news-live-udates-middle-east-crisis-conflict-drone-ballistic-missile-attacks-explosions-flights-status-dubai-uae-qatar-tehran-gulf-donald-trump-netanyahu-khamenei/liveblog/129286007.cms
2026-03-09 02:26:56,714 - INFO - [Times of India] Attempt 1/1: Trying with 'selenium_browser' strategy...
2026-03-09 02:26:56,810 - INFO - Found 100 articles in The Hindu RSS feed. Processing up to 25.
2026-03-09 02:26:56,811 - INFO - [The Hindu] Article: https://www.thehindu.com/news/national/karnataka/international-womens-day-shakuntala-grants-launched-to-back-women-researchers-and-stem-education/article70719364.ece
2026-03-09 02:26:56,811 - INFO - [The Hindu] Attempt 1/1: Trying with 'selenium_browser' strategy...
2026-03-09 02:26:57,101 - INFO - [BBC] Article: https://www.bbc.com/news/articles/c0q32322wq8o?at_medium=RSS&at_campaign=rss
2026-03-09 02:26:57,102 - INFO - [BBC] Attempt 1/1: Trying with 'requests_browser' strategy...
2026-03-09 02:26:57,119 - INFO - [The Guardian] Article: https://www.theguardian.com/us-news/2026/mar/07/trump-shield-of-americas-summit
2026-03-09 02:26:57,119 - INFO - [The Guardian] Attempt 1/1: Trying with 'requests_browser' strategy...
2026-03-09 02:26:57,156 - INFO - [BBC] Success with 'requests_browser'. Found content (321 words).
2026-03-09 02:26:57,211 - INFO - Saved article: Swiss reject right-wing plan to cut licence fee for public broadcaster from BBC
2026-03-09 02:26:57,218 - INFO - [The Guardian] Success with 'requests_browser'. Found content (714 words).
2026-03-09 02:26:57,253 - INFO - Duplicate article skipped: Trump convenes ‘Shield of Americas’ summit with 12 Latin American leaders | Donald Trump | The Guardian from The Guardian
2026-03-09 02:26:57,797 - INFO - [BBC] Article: https://www.bbc.com/news/articles/cn87pl8e2l5o?at_medium=RSS&at_campaign=rss
2026-03-09 02:26:57,797 - INFO - [BBC] Attempt 1/1: Trying with 'requests_browser' strategy...
2026-03-09 02:26:57,850 - INFO - [BBC] Success with 'requests_browser'. Found content (353 words).
2026-03-09 02:26:57,920 - INFO - Duplicate article skipped: Nairobi floods: At least 23 dead after heavy rains with Kenyan military deployed from BBC
2026-03-09 02:26:58,490 - INFO - [BBC] Article: https://www.bbc.com/news/articles/cq6qp458zv1o?at_medium=RSS&at_campaign=rss
2026-03-09 02:26:58,490 - INFO - [BBC] Attempt 1/1: Trying with 'requests_browser' strategy...
2026-03-09 02:26:58,536 - INFO - [The Guardian] Article: https://www.theguardian.com/us-news/2026/mar/07/deaf-six-year-old-deported-colombia
2026-03-09 02:26:58,536 - INFO - [The Guardian] Attempt 1/1: Trying with 'requests_browser' strategy...
2026-03-09 02:26:58,568 - INFO - [BBC] Success with 'requests_browser'. Found content (830 words).
2026-03-09 02:26:58,703 - INFO - Duplicate article skipped: Iran ambassador warns UK to be 'very careful' about involvement in war from BBC
2026-03-09 02:26:58,729 - INFO - [The Guardian] Success with 'requests_browser'. Found content (766 words).
2026-03-09 02:26:58,815 - INFO - Duplicate article skipped: ICE deports family, including deaf boy who wasn’t given his assistive devices | California | The Guardian from The Guardian
2026-03-09 02:26:59,250 - INFO - [BBC] Article: https://www.bbc.com/news/articles/cn8zd049l08o?at_medium=RSS&at_campaign=rss
2026-03-09 02:26:59,250 - INFO - [BBC] Attempt 1/1: Trying with 'requests_browser' strategy...
2026-03-09 02:26:59,413 - INFO - [BBC] Success with 'requests_browser'. Found content (359 words).
2026-03-09 02:26:59,548 - INFO - [The Guardian] Article: https://www.theguardian.com/world/2026/mar/09/kasasa-island-japan-china-tension
2026-03-09 02:26:59,548 - INFO - [The Guardian] Attempt 1/1: Trying with 'requests_browser' strategy...
2026-03-09 02:26:59,653 - INFO - Duplicate article skipped: Russian strike on Kharkiv apartment block kills ten from BBC
2026-03-09 02:26:59,749 - INFO - [The Guardian] Success with 'requests_browser'. Found content (1622 words).
2026-03-09 02:26:59,823 - INFO - Saved article: The half-abandoned Japanese island at the heart of tensions with China | Japan | The Guardian from The Guardian
2026-03-09 02:27:00,186 - INFO - [BBC] Article: https://www.bbc.com/news/articles/c62662gzlp8o?at_medium=RSS&at_campaign=rss
2026-03-09 02:27:00,186 - INFO - [BBC] Attempt 1/1: Trying with 'requests_browser' strategy...
2026-03-09 02:27:00,355 - INFO - [BBC] Success with 'requests_browser'. Found content (882 words).
2026-03-09 02:27:00,465 - INFO - Duplicate article skipped: Armed robots take to the battlefield in Ukraine war from BBC
2026-03-09 02:27:00,968 - INFO - [The Guardian] Article: https://www.theguardian.com/sport/2026/mar/08/emperor-naruhito-watches-ohtani-and-japan-survive-scare-against-australia-at-world-baseball-classic
2026-03-09 02:27:00,968 - INFO - [The Guardian] Attempt 1/1: Trying with 'requests_browser' strategy...
2026-03-09 02:27:01,083 - INFO - [The Guardian] Success with 'requests_browser'. Found content (380 words).
2026-03-09 02:27:01,091 - INFO - [The Hindu] Page content loaded.
2026-03-09 02:27:01,167 - INFO - Saved article: Emperor Naruhito watches Ohtani and Japan survive scare against Australia at World Baseball Classic | World Baseball Classic | The Guardian from The Guardian
2026-03-09 02:27:01,235 - INFO - [The Hindu] Success with 'selenium_browser'. Found content (374 words).
2026-03-09 02:27:01,347 - INFO - Saved article: International Women’s Day: Shakuntala Grants launched to back women researchers and STEM education - The Hindu from The Hindu
2026-03-09 02:27:01,899 - INFO - [BBC] Article: https://www.bbc.com/news/articles/c93jdk1yy3zo?at_medium=RSS&at_campaign=rss
2026-03-09 02:27:01,900 - INFO - [BBC] Attempt 1/1: Trying with 'requests_browser' strategy...
2026-03-09 02:27:01,984 - INFO - [The Guardian] Article: https://www.theguardian.com/technology/2026/mar/06/indonesia-social-media-ban-children
2026-03-09 02:27:01,984 - INFO - [The Guardian] Attempt 1/1: Trying with 'requests_browser' strategy...
2026-03-09 02:27:02,064 - INFO - [BBC] Success with 'requests_browser'. Found content (1187 words).
2026-03-09 02:27:02,268 - INFO - [The Guardian] Success with 'requests_browser'. Found content (515 words).
2026-03-09 02:27:02,283 - INFO - [The Hindu] Article: https://www.thehindu.com/news/national/maharashtra/maharashtra-health-department-rolls-out-hpv-vaccine-for-girls-on-womens-day/article70719816.ece
2026-03-09 02:27:02,283 - INFO - [The Hindu] Attempt 1/1: Trying with 'selenium_browser' strategy...
2026-03-09 02:27:02,299 - INFO - Saved article: Cocoa farmers in Ghana and Ivory Coast face bitter times as chocolate market slumps from BBC
2026-03-09 02:27:02,363 - INFO - Duplicate article skipped: Indonesia to ban social media for children under 16 | Technology | The Guardian from The Guardian
2026-03-09 02:27:03,437 - INFO - [The Guardian] Article: https://www.theguardian.com/world/2026/mar/06/philippines-orders-energy-cuts-middle-east-war-fuel-prices
2026-03-09 02:27:03,437 - INFO - [The Guardian] Attempt 1/1: Trying with 'requests_browser' strategy...
2026-03-09 02:27:03,552 - INFO - [BBC] Article: https://www.bbc.com/news/articles/cp32lwy4077o?at_medium=RSS&at_campaign=rss
2026-03-09 02:27:03,552 - INFO - [BBC] Attempt 1/1: Trying with 'requests_browser' strategy...
2026-03-09 02:27:03,638 - INFO - [The Guardian] Success with 'requests_browser'. Found content (558 words).
2026-03-09 02:27:03,876 - INFO - [BBC] Success with 'requests_browser'. Found content (1188 words).
2026-03-09 02:27:03,923 - INFO - Duplicate article skipped: Philippines orders energy cuts in response to Middle East war | Philippines | The Guardian from The Guardian
2026-03-09 02:27:04,097 - INFO - Saved article: Unanswered questions as search for Nancy Guthrie enters a new month from BBC
2026-03-09 02:27:04,843 - INFO - [The Guardian] Article: https://www.theguardian.com/world/2026/mar/06/jimmy-lai-will-not-appeal-conviction-paving-way-for-political-neogtiations-over-release
2026-03-09 02:27:04,843 - INFO - [The Guardian] Attempt 1/1: Trying with 'requests_browser' strategy...
2026-03-09 02:27:05,038 - INFO - [The Guardian] Success with 'requests_browser'. Found content (478 words).
2026-03-09 02:27:05,142 - INFO - Duplicate article skipped: Jimmy Lai will not appeal conviction, paving way for political negotiations over release | Jimmy Lai | The Guardian from The Guardian
2026-03-09 02:27:05,277 - INFO - [BBC] Article: https://www.bbc.com/news/articles/c5y5lqygrn7o?at_medium=RSS&at_campaign=rss
2026-03-09 02:27:05,277 - INFO - [BBC] Attempt 1/1: Trying with 'requests_browser' strategy...
2026-03-09 02:27:05,540 - INFO - [BBC] Success with 'requests_browser'. Found content (1134 words).
2026-03-09 02:27:05,672 - INFO - [The Guardian] Article: https://www.theguardian.com/australia-news/2026/mar/09/asx-australian-shares-plunge-as-spike-in-oil-prices-over-middle-east-conflict-sparks-global-inflation-fears
2026-03-09 02:27:05,672 - INFO - [The Guardian] Attempt 1/1: Trying with 'requests_browser' strategy...
2026-03-09 02:27:05,752 - INFO - Duplicate article skipped: We've been speaking to Iranians during one week of war. Here's what they said from BBC
2026-03-09 02:27:05,955 - INFO - [The Guardian] Success with 'requests_browser'. Found content (389 words).
2026-03-09 02:27:06,088 - INFO - Saved article: ASX plunges as spike in oil prices over Middle East crisis sparks global inflation fears | Business | The Guardian from The Guardian
2026-03-09 02:27:06,194 - INFO - [The Hindu] Page content loaded.
2026-03-09 02:27:06,322 - INFO - [BBC] Article: https://www.bbc.com/news/articles/c7430kn9ze4o?at_medium=RSS&at_campaign=rss
2026-03-09 02:27:06,322 - INFO - [BBC] Attempt 1/1: Trying with 'requests_browser' strategy...
2026-03-09 02:27:06,430 - INFO - [The Hindu] Success with 'selenium_browser'. Found content (349 words).
2026-03-09 02:27:06,752 - INFO - [BBC] Success with 'requests_browser'. Found content (1117 words).
2026-03-09 02:27:06,835 - INFO - Saved article: Maharashtra Health Department rolls out HPV vaccine for girls on Women’s Day - The Hindu from The Hindu
2026-03-09 02:27:06,933 - INFO - Duplicate article skipped: Band Baaja Bitiya: The heartwarming tale of a father, daughter and a wedding band wowing India from BBC
2026-03-09 02:27:07,244 - INFO - [The Guardian] Article: https://www.theguardian.com/australia-news/live/2026/mar/09/northern-territory-queensland-floods-federal-politics-reactions-penny-wong-iran-anthony-albanese-labor-angus-taylor-coalition-ntwnfb
2026-03-09 02:27:07,244 - INFO - [The Guardian] Attempt 1/1: Trying with 'requests_browser' strategy...
2026-03-09 02:27:07,581 - INFO - [The Hindu] Article: https://www.thehindu.com/news/national/chhattisgarh/death-behind-bars-in-chhattisgarh/article70716848.ece
2026-03-09 02:27:07,582 - INFO - [The Hindu] Attempt 1/1: Trying with 'selenium_browser' strategy...
2026-03-09 02:27:07,710 - INFO - [BBC] Article: https://www.bbc.com/news/articles/cgmllk32g72o?at_medium=RSS&at_campaign=rss
2026-03-09 02:27:07,710 - INFO - [BBC] Attempt 1/1: Trying with 'requests_browser' strategy...
2026-03-09 02:27:08,084 - INFO - [BBC] Success with 'requests_browser'. Found content (1023 words).
2026-03-09 02:27:08,495 - INFO - Duplicate article skipped: Unexplored deep-water worlds in Caribbean revealed for the first time from BBC
2026-03-09 02:27:08,685 - INFO - [The Guardian] Success with 'requests_browser'. Found content (2530 words).
2026-03-09 02:27:08,990 - INFO - Saved article: Australia news live: Coalition puts pressure on Labor over fuel supplies; Tasmania to scrap ‘good character’ references for serious crimes | Australia news | The Guardian from The Guardian
2026-03-09 02:27:09,014 - INFO - [BBC] Article: https://www.bbc.com/news/articles/cq6qq6q2692o?at_medium=RSS&at_campaign=rss
2026-03-09 02:27:09,014 - INFO - [BBC] Attempt 1/1: Trying with 'requests_browser' strategy...
2026-03-09 02:27:09,152 - INFO - [BBC] Success with 'requests_browser'. Found content (1390 words).
2026-03-09 02:27:09,237 - INFO - Duplicate article skipped: Kenya weight-loss treatments boom as attitudes to beauty change from BBC
2026-03-09 02:27:09,655 - INFO - [The Hindu] Page content loaded.
2026-03-09 02:27:09,739 - INFO - [The Hindu] Success with 'selenium_browser'. Found content (1358 words).
2026-03-09 02:27:09,786 - INFO - [The Guardian] Article: https://www.theguardian.com/australia-news/2026/mar/09/chris-minns-own-security-expert-warned-that-tougher-police-powers-after-bondi-could-increase-radicalisation
2026-03-09 02:27:09,786 - INFO - [The Guardian] Attempt 1/1: Trying with 'requests_browser' strategy...
2026-03-09 02:27:09,814 - INFO - [BBC] Article: https://www.bbc.com/news/articles/c4g4q9xl4p6o?at_medium=RSS&at_campaign=rss
2026-03-09 02:27:09,814 - INFO - [BBC] Attempt 1/1: Trying with 'requests_browser' strategy...
2026-03-09 02:27:09,828 - INFO - Saved article: Chhattisgarh: Death behind bars - The Hindu from The Hindu
2026-03-09 02:27:09,873 - INFO - [The Guardian] Success with 'requests_browser'. Found content (820 words).
2026-03-09 02:27:09,930 - INFO - Saved article: Chris Minns’ own security expert warned that tougher police powers after Bondi could ‘increase radicalisation’ | Australian police and policing | The Guardian from The Guardian
2026-03-09 02:27:09,978 - INFO - [BBC] Success with 'requests_browser'. Found content (1802 words).
2026-03-09 02:27:10,076 - INFO - Duplicate article skipped: Singapore: Frosted mirrors and dancers set off a fight over public space from BBC
2026-03-09 02:27:10,415 - INFO - [The Hindu] Article: https://www.thehindu.com/news/national/kerala/pink-protection-project-services-extended-to-late-hours-in-aluva/article70719778.ece
2026-03-09 02:27:10,415 - INFO - [The Hindu] Attempt 1/1: Trying with 'selenium_browser' strategy...
2026-03-09 02:27:11,045 - INFO - [BBC] Article: https://www.bbc.com/news/videos/cd03py027vyo?at_medium=RSS&at_campaign=rss
2026-03-09 02:27:11,045 - INFO - [BBC] Attempt 1/1: Trying with 'requests_browser' strategy...
2026-03-09 02:27:11,110 - INFO - [BBC] Success with 'requests_browser'. Found content (116 words).
2026-03-09 02:27:11,158 - INFO - Duplicate article skipped: UK does not 'agree with Trump on every issue' says Cooper from BBC
2026-03-09 02:27:11,347 - INFO - [The Hindu] Page content loaded.
2026-03-09 02:27:11,389 - INFO - [The Guardian] Article: https://www.theguardian.com/australia-news/2026/mar/09/twelve-apostles-visitors-charged-entry-fee-great-ocean-road-victoria
2026-03-09 02:27:11,389 - INFO - [The Guardian] Attempt 1/1: Trying with 'requests_browser' strategy...
2026-03-09 02:27:11,451 - INFO - [The Guardian] Success with 'requests_browser'. Found content (659 words).
2026-03-09 02:27:11,506 - INFO - Saved article: Twelve Apostles visitors to be charged entry fee to see natural wonder | Victoria | The Guardian from The Guardian
2026-03-09 02:27:11,639 - INFO - [The Hindu] Success with 'selenium_browser'. Found content (148 words).
2026-03-09 02:27:11,761 - INFO - Saved article: Pink Protection Project services extended to late hours in Aluva - The Hindu from The Hindu
2026-03-09 02:27:12,235 - INFO - [BBC] Article: https://www.bbc.com/news/videos/c7vj9redqz2o?at_medium=RSS&at_campaign=rss
2026-03-09 02:27:12,237 - INFO - [BBC] Attempt 1/1: Trying with 'requests_browser' strategy...
2026-03-09 02:27:12,360 - WARNING - [BBC] FAILED with 'requests_browser' (content was too short: 71 words).
2026-03-09 02:27:12,360 - ERROR - [BBC] All scrape strategies failed for https://www.bbc.com/news/videos/c7vj9redqz2o?at_medium=RSS&at_campaign=rss. Falling back to RSS description.
2026-03-09 02:27:12,361 - INFO - Duplicate article skipped: Watch: Huge flames in Tehran after air strikes on oil depots from BBC
2026-03-09 02:27:12,540 - INFO - [The Guardian] Article: https://www.theguardian.com/business/2026/mar/09/woolworths-trumpeted-eight-consecutive-quarters-of-price-declines-heres-why-that-claim-doesnt-pass-the-pub-test
2026-03-09 02:27:12,540 - INFO - [The Guardian] Attempt 1/1: Trying with 'requests_browser' strategy...
2026-03-09 02:27:12,579 - INFO - [The Guardian] Success with 'requests_browser'. Found content (645 words).
2026-03-09 02:27:12,629 - INFO - Saved article: Woolworths trumpeted eight consecutive quarters of price declines. Here’s why that claim doesn’t pass the pub test | Woolworths | The Guardian from The Guardian
2026-03-09 02:27:12,851 - INFO - [The Hindu] Article: https://www.thehindu.com/news/national/kerala/kscste-to-organise-sparkher-boot-camp-for-women-scientists/article70719682.ece
2026-03-09 02:27:12,851 - INFO - [The Hindu] Attempt 1/1: Trying with 'selenium_browser' strategy...
2026-03-09 02:27:13,123 - INFO - [BBC] Article: https://www.bbc.com/news/videos/c9wnevqljd0o?at_medium=RSS&at_campaign=rss
2026-03-09 02:27:13,123 - INFO - [BBC] Attempt 1/1: Trying with 'requests_browser' strategy...
2026-03-09 02:27:13,201 - INFO - [BBC] Success with 'requests_browser'. Found content (85 words).
2026-03-09 02:27:13,265 - INFO - Duplicate article skipped: 'This is a moment of grave peril' - UN humanitarian chief from BBC
2026-03-09 02:27:13,920 - INFO - [The Guardian] Article: https://www.theguardian.com/world/2026/mar/09/ukraine-war-briefing-drone-experts-will-be-in-middle-east-in-coming-days-says-zelenskyy
2026-03-09 02:27:13,920 - INFO - [The Guardian] Attempt 1/1: Trying with 'requests_browser' strategy...
2026-03-09 02:27:13,966 - INFO - [The Guardian] Success with 'requests_browser'. Found content (566 words).
2026-03-09 02:27:14,024 - INFO - Saved article: Ukraine war briefing: drone experts will be in Middle East in coming days, says Zelenskyy | Ukraine | The Guardian from The Guardian
2026-03-09 02:27:14,646 - INFO - [The Guardian] Article: https://www.theguardian.com/business/2026/mar/08/great-britain-has-only-two-days-of-gas-stored-as-iran-war-disrupts-supplies
2026-03-09 02:27:14,646 - INFO - [The Guardian] Attempt 1/1: Trying with 'requests_browser' strategy...
2026-03-09 02:27:14,691 - INFO - [BBC] Article: https://www.bbc.com/news/videos/c5yr734zml3o?at_medium=RSS&at_campaign=rss
2026-03-09 02:27:14,691 - INFO - [BBC] Attempt 1/1: Trying with 'requests_browser' strategy...
2026-03-09 02:27:14,775 - INFO - [The Guardian] Success with 'requests_browser'. Found content (613 words).
2026-03-09 02:27:15,036 - INFO - Saved article: Great Britain has only two days of gas stored, while Iran war threatens to disrupt supplies | Gas | The Guardian from The Guardian
2026-03-09 02:27:15,043 - WARNING - [BBC] FAILED with 'requests_browser' (content was too short: 67 words).
2026-03-09 02:27:15,043 - ERROR - [BBC] All scrape strategies failed for https://www.bbc.com/news/videos/c5yr734zml3o?at_medium=RSS&at_campaign=rss. Falling back to RSS description.
2026-03-09 02:27:15,043 - INFO - Duplicate article skipped: Watch: Moment of drone strike close to Dubai Airport from BBC
2026-03-09 02:27:15,328 - INFO - [The Hindu] Page content loaded.
2026-03-09 02:27:15,388 - INFO - [The Hindu] Success with 'selenium_browser'. Found content (342 words).
2026-03-09 02:27:15,454 - INFO - Saved article: KSCSTE to organise ‘SparkHer’ boot camp for women scientists - The Hindu from The Hindu
2026-03-09 02:27:15,953 - INFO - [The Guardian] Article: https://www.theguardian.com/world/2026/mar/08/people-are-thinking-twice-cyprus-feels-the-effect-of-the-iran-war-on-tourism
2026-03-09 02:27:15,953 - INFO - [The Guardian] Attempt 1/1: Trying with 'requests_browser' strategy...
2026-03-09 02:27:15,993 - INFO - [The Guardian] Success with 'requests_browser'. Found content (800 words).
2026-03-09 02:27:16,090 - INFO - Saved article: ‘People are thinking twice’: Cyprus feels the effect of the Iran war on tourism | Cyprus | The Guardian from The Guardian
2026-03-09 02:27:16,789 - INFO - [The Hindu] Article: https://www.thehindu.com/news/cities/Hyderabad/use-our-talent-to-strengthen-the-nation-eatala-rajendar-at-paniit-summit/article70719337.ece
2026-03-09 02:27:16,789 - INFO - [The Hindu] Attempt 1/1: Trying with 'selenium_browser' strategy...
2026-03-09 02:27:16,913 - INFO - [The Guardian] Article: https://www.theguardian.com/world/2026/mar/08/germany-state-election-test-chancellor-friedrich-merz
2026-03-09 02:27:16,913 - INFO - [The Guardian] Attempt 1/1: Trying with 'requests_browser' strategy...
2026-03-09 02:27:16,955 - INFO - [The Guardian] Success with 'requests_browser'. Found content (659 words).
2026-03-09 02:27:17,011 - INFO - Saved article: German state election a test for chancellor Friedrich Merz | Germany | The Guardian from The Guardian
2026-03-09 02:27:17,737 - INFO - [The Guardian] Article: https://www.theguardian.com/world/2026/mar/08/survivors-of-irelands-mother-and-baby-homes-face-benefit-cuts-in-uk-after-accepting-compensation
2026-03-09 02:27:17,737 - INFO - [The Guardian] Attempt 1/1: Trying with 'requests_browser' strategy...
2026-03-09 02:27:17,794 - INFO - [The Guardian] Success with 'requests_browser'. Found content (779 words).
2026-03-09 02:27:17,881 - INFO - Duplicate article skipped: Survivors of Ireland’s mother and baby homes start to have benefits cut in UK after accepting compensation | Ireland | The Guardian from The Guardian
2026-03-09 02:27:18,811 - INFO - [The Hindu] Page content loaded.
2026-03-09 02:27:18,954 - INFO - [The Hindu] Success with 'selenium_browser'. Found content (98 words).
2026-03-09 02:27:19,022 - INFO - Saved article: Use our talent to strengthen the nation: Eatala Rajendar at PanIIT Summit - The Hindu from The Hindu
2026-03-09 02:27:19,642 - INFO - [The Hindu] Article: https://www.thehindu.com/opinion/op-ed/dmk-congress-seat-sharing-deal-a-successful-but-battered-alliance/article70719897.ece
2026-03-09 02:27:19,645 - INFO - [The Hindu] Attempt 1/1: Trying with 'selenium_browser' strategy...
2026-03-09 02:27:21,587 - INFO - [The Hindu] Page content loaded.
2026-03-09 02:27:21,696 - INFO - [The Hindu] Success with 'selenium_browser'. Found content (720 words).
2026-03-09 02:27:21,753 - INFO - Saved article: DMK-Congress seat-sharing deal: A successful but battered alliance - The Hindu from The Hindu
2026-03-09 02:27:23,062 - INFO - [The Hindu] Article: https://www.thehindu.com/news/national/telangana/bal-vivah-mukti-rath-campaign-reaches-over-22-lakh-people-across-telangana/article70719289.ece
2026-03-09 02:27:23,062 - INFO - [The Hindu] Attempt 1/1: Trying with 'selenium_browser' strategy...
2026-03-09 02:27:24,756 - INFO - [The Hindu] Page content loaded.
2026-03-09 02:27:24,812 - INFO - [The Hindu] Success with 'selenium_browser'. Found content (291 words).
2026-03-09 02:27:24,923 - INFO - Saved article: Bal Vivah Mukti Rath campaign reaches over 22 lakh people across Telangana - The Hindu from The Hindu
2026-03-09 02:27:26,109 - INFO - [The Hindu] Article: https://www.thehindu.com/news/national/andhra-pradesh/police-cane-cricket-fans-in-vijayawada/article70720025.ece
2026-03-09 02:27:26,109 - INFO - [The Hindu] Attempt 1/1: Trying with 'selenium_browser' strategy...
2026-03-09 02:27:28,220 - INFO - [The Hindu] Page content loaded.
2026-03-09 02:27:28,411 - INFO - [The Hindu] Success with 'selenium_browser'. Found content (81 words).
2026-03-09 02:27:28,477 - INFO - Saved article: Police cane cricket fans in Vijayawada - The Hindu from The Hindu
2026-03-09 02:27:29,545 - INFO - [The Hindu] Article: https://www.thehindu.com/news/cities/Hyderabad/cafes-salons-community-spaces-bustle-as-hyderabad-celebrates-womens-day/article70719136.ece
2026-03-09 02:27:29,546 - INFO - [The Hindu] Attempt 1/1: Trying with 'selenium_browser' strategy...
2026-03-09 02:27:30,464 - INFO - [The Hindu] Page content loaded.
2026-03-09 02:27:30,506 - INFO - [The Hindu] Success with 'selenium_browser'. Found content (91 words).
2026-03-09 02:27:30,573 - INFO - Saved article: Cafes, salons, community spaces bustle as Hyderabad celebrates Women’s Day - The Hindu from The Hindu
2026-03-09 02:27:32,006 - INFO - [The Hindu] Article: https://www.thehindu.com/news/cities/chennai/senior-journalist-pti-ramaswami-passes-away/article70719814.ece
2026-03-09 02:27:32,006 - INFO - [The Hindu] Attempt 1/1: Trying with 'selenium_browser' strategy...
2026-03-09 02:27:33,145 - INFO - [The Hindu] Page content loaded.
2026-03-09 02:27:33,224 - INFO - [The Hindu] Success with 'selenium_browser'. Found content (118 words).
2026-03-09 02:27:33,333 - INFO - Saved article: Senior journalist ‘PTI Ramaswami’ passes away - The Hindu from The Hindu
2026-03-09 02:27:34,034 - INFO - [The Hindu] Article: https://www.thehindu.com/news/national/tamil-nadu/icc-mens-t20-world-cup-stalin-palaniswami-hail-indias-victory-over-new-zealand/article70719957.ece
2026-03-09 02:27:34,034 - INFO - [The Hindu] Attempt 1/1: Trying with 'selenium_browser' strategy...
2026-03-09 02:27:34,919 - INFO - [The Hindu] Page content loaded.
2026-03-09 02:27:35,059 - INFO - [The Hindu] Success with 'selenium_browser'. Found content (243 words).
2026-03-09 02:27:35,125 - INFO - Saved article: ICC Men's T20 World Cup: Stalin, Palaniswami hail India’s victory over New Zealand - The Hindu from The Hindu
2026-03-09 02:27:35,759 - INFO - [The Hindu] Article: https://www.thehindu.com/opinion/editorial/end-of-chapter-on-governors-and-reshuffle/article70718822.ece
2026-03-09 02:27:35,759 - INFO - [The Hindu] Attempt 1/1: Trying with 'selenium_browser' strategy...
2026-03-09 02:27:37,095 - INFO - [The Hindu] Page content loaded.
2026-03-09 02:27:37,142 - INFO - [The Hindu] Success with 'selenium_browser'. Found content (449 words).
2026-03-09 02:27:37,192 - INFO - Saved article: End of chapter: On Governors and reshuffle - The Hindu from The Hindu
2026-03-09 02:27:38,431 - INFO - [The Hindu] Article: https://www.thehindu.com/opinion/lead/one-nation-one-election-remedy-worse-than-disease/article70719321.ece
2026-03-09 02:27:38,431 - INFO - [The Hindu] Attempt 1/1: Trying with 'selenium_browser' strategy...
2026-03-09 02:27:40,796 - INFO - [The Hindu] Page content loaded.
2026-03-09 02:27:40,954 - INFO - [The Hindu] Success with 'selenium_browser'. Found content (1357 words).
2026-03-09 02:27:41,042 - INFO - Saved article: One Nation, One Election — remedy worse than disease - The Hindu from The Hindu
2026-03-09 02:27:42,142 - INFO - [The Hindu] Article: https://www.thehindu.com/news/national/karnataka/sri-ms-discourse-in-bengaluru-today/article70719730.ece
2026-03-09 02:27:42,250 - INFO - [The Hindu] Attempt 1/1: Trying with 'selenium_browser' strategy...
2026-03-09 02:27:43,936 - INFO - [The Hindu] Page content loaded.
2026-03-09 02:27:43,996 - WARNING - [The Hindu] FAILED with 'selenium_browser' (content was too short: 76 words).
2026-03-09 02:27:43,996 - ERROR - [The Hindu] All scrape strategies failed for https://www.thehindu.com/news/national/karnataka/sri-ms-discourse-in-bengaluru-today/article70719730.ece. Falling back to RSS description.
2026-03-09 02:27:43,998 - INFO - Saved article: Sri M’s discourse in Bengaluru today from The Hindu
2026-03-09 02:27:45,372 - INFO - [The Hindu] Article: https://www.thehindu.com/news/national/andhra-pradesh/governor-congratulates-indian-cricket-team/article70719972.ece
2026-03-09 02:27:45,372 - INFO - [The Hindu] Attempt 1/1: Trying with 'selenium_browser' strategy...
2026-03-09 02:27:46,824 - INFO - [The Hindu] Page content loaded.
2026-03-09 02:27:47,145 - INFO - [The Hindu] Success with 'selenium_browser'. Found content (129 words).
2026-03-09 02:27:47,203 - INFO - Saved article: Governor congratulates Indian cricket team - The Hindu from The Hindu
2026-03-09 02:27:48,120 - INFO - [The Hindu] Article: https://www.thehindu.com/news/national/tamil-nadu/congress-will-lead-secular-alliance-which-includes-dmk-in-puducherry-tncc-chief/article70719501.ece
2026-03-09 02:27:48,120 - INFO - [The Hindu] Attempt 1/1: Trying with 'selenium_browser' strategy...
2026-03-09 02:27:49,229 - INFO - [The Hindu] Page content loaded.
2026-03-09 02:27:49,397 - INFO - [The Hindu] Success with 'selenium_browser'. Found content (249 words).
2026-03-09 02:27:49,554 - INFO - Saved article: Congress will lead secular alliance, which includes DMK, in Puducherry: TNCC chief - The Hindu from The Hindu
2026-03-09 02:27:50,679 - INFO - [The Hindu] Article: https://www.thehindu.com/news/national/krishnammal-jagannathan-a-symbol-of-gandhian-model-of-empowerment/article70719044.ece
2026-03-09 02:27:50,679 - INFO - [The Hindu] Attempt 1/1: Trying with 'selenium_browser' strategy...
2026-03-09 02:27:51,391 - INFO - [The Hindu] Page content loaded.
2026-03-09 02:27:51,477 - INFO - [The Hindu] Success with 'selenium_browser'. Found content (574 words).
2026-03-09 02:27:51,580 - INFO - Saved article: Krishnammal Jagannathan: a symbol of Gandhian model of empowerment - The Hindu from The Hindu
2026-03-09 02:27:52,292 - INFO - [The Hindu] Article: https://www.thehindu.com/news/national/tamil-nadu/tn-forms-panel-to-frame-rules-to-ban-hostile-dog-breeds/article70719503.ece
2026-03-09 02:27:52,293 - INFO - [The Hindu] Attempt 1/1: Trying with 'selenium_browser' strategy...
2026-03-09 02:27:53,502 - INFO - [The Hindu] Page content loaded.
2026-03-09 02:27:53,554 - INFO - [The Hindu] Success with 'selenium_browser'. Found content (480 words).
2026-03-09 02:27:53,671 - INFO - Saved article: T.N. forms panel to frame rules to ban hostile dog breeds - The Hindu from The Hindu
2026-03-09 02:27:55,117 - INFO - [The Hindu] Article: https://www.thehindu.com/news/national/tamil-nadu/madras-hc-judge-helps-transform-british-era-stage-into-an-open-auditorium-at-government-boys-school-in-ranipet/article70718948.ece
2026-03-09 02:27:55,117 - INFO - [The Hindu] Attempt 1/1: Trying with 'selenium_browser' strategy...
2026-03-09 02:27:55,710 - INFO - [The Hindu] Page content loaded.
2026-03-09 02:27:55,814 - INFO - [The Hindu] Success with 'selenium_browser'. Found content (469 words).
2026-03-09 02:27:55,900 - INFO - Saved article: Madras HC judge helps transform British-era ‘stage’ into an open auditorium at Government Boys School in Ranipet - The Hindu from The Hindu
2026-03-09 02:27:56,746 - ERROR - [Times of India] Request failed for strategy 'selenium_browser' on URL https://timesofindia.indiatimes.com/world/middle-east/us-israel-iran-war-news-live-udates-middle-east-crisis-conflict-drone-ballistic-missile-attacks-explosions-flights-status-dubai-uae-qatar-tehran-gulf-donald-trump-netanyahu-khamenei/liveblog/129286007.cms: Message: timeout: Timed out receiving message from renderer: 59.603
  (Session info: chrome=145.0.7632.116)
Stacktrace:
#0 0x563a9f4f0b6a <unknown>
#1 0x563a9ef03a32 <unknown>
#2 0x563a9eeeb007 <unknown>
#3 0x563a9eeeac16 <unknown>
#4 0x563a9eee8731 <unknown>
#5 0x563a9eee90bf <unknown>
#6 0x563a9eef8560 <unknown>
#7 0x563a9ef12707 <unknown>
#8 0x563a9ef198db <unknown>
#9 0x563a9eee9829 <unknown>
#10 0x563a9ef1249c <unknown>
#11 0x563a9efa16e1 <unknown>
#12 0x563a9ef4ac0f <unknown>
#13 0x563a9ef4b9d1 <unknown>
#14 0x563a9f4b56b9 <unknown>
#15 0x563a9f4b85c1 <unknown>
#16 0x563a9f4a1e29 <unknown>
#17 0x563a9f4b917e <unknown>
#18 0x563a9f4884b0 <unknown>
#19 0x563a9f4dd578 <unknown>
#20 0x563a9f4dd74b <unknown>
#21 0x563a9f4ef1a3 <unknown>
#22 0x7f2b3d29caa4 <unknown>
#23 0x7f2b3d329c6c <unknown>

2026-03-09 02:27:56,746 - ERROR - [Times of India] All scrape strategies failed for https://timesofindia.indiatimes.com/world/middle-east/us-israel-iran-war-news-live-udates-middle-east-crisis-conflict-drone-ballistic-missile-attacks-explosions-flights-status-dubai-uae-qatar-tehran-gulf-donald-trump-netanyahu-khamenei/liveblog/129286007.cms. Falling back to RSS description.
2026-03-09 02:27:56,749 - INFO - Saved article: US-Israel-Iran War News Live Updates: Iran fires first wave of missiles at Israel under new Supreme Leader Mojtaba Khamenei from Times of India
2026-03-09 02:27:57,229 - INFO - [The Hindu] Article: https://www.thehindu.com/news/national/indian-womens-press-corps-reiterates-commitment-to-support-safe-equitable-spaces-in-media/article70719029.ece
2026-03-09 02:27:57,229 - INFO - [The Hindu] Attempt 1/1: Trying with 'selenium_browser' strategy...
2026-03-09 02:27:58,238 - INFO - [Times of India] Article: https://timesofindia.indiatimes.com/world/middle-east/salamair-issues-urgent-travel-advisory-after-suspending-flights-to-multiple-destinations-amid-iran-vs-us-israel-war/articleshow/129302454.cms
2026-03-09 02:27:58,238 - INFO - [Times of India] Attempt 1/1: Trying with 'selenium_browser' strategy...
2026-03-09 02:27:58,891 - INFO - [The Hindu] Page content loaded.
2026-03-09 02:27:58,969 - INFO - [The Hindu] Success with 'selenium_browser'. Found content (419 words).
2026-03-09 02:27:59,049 - INFO - Saved article: Indian Women's Press Corps reiterates commitment to support safe, equitable spaces in media - The Hindu from The Hindu
2026-03-09 02:27:59,826 - INFO - [Times of India] Page content loaded.
2026-03-09 02:28:00,069 - INFO - [Times of India] Success with 'selenium_browser'. Found content (692 words).
2026-03-09 02:28:00,138 - INFO - Saved article: SalamAir issues urgent travel advisory after suspending flights to multiple destinations amid Iran vs US-Israel war - The Times of India from Times of India
2026-03-09 02:28:00,359 - INFO - [The Hindu] Article: https://www.thehindu.com/news/national/andhra-pradesh/roof-collapses-at-mopidevi-temple-no-injuries-reported/article70719804.ece
2026-03-09 02:28:00,359 - INFO - [The Hindu] Attempt 1/1: Trying with 'selenium_browser' strategy...
2026-03-09 02:28:01,038 - INFO - [Times of India] Article: https://timesofindia.indiatimes.com/world/middle-east/uae-to-india-flights-back-on-track-indigo-resumes-operations-shares-latest-update-amid-iran-vs-us-israel-war/articleshow/129300367.cms
2026-03-09 02:28:01,038 - INFO - [Times of India] Attempt 1/1: Trying with 'selenium_browser' strategy...
2026-03-09 02:28:01,319 - INFO - [The Hindu] Page content loaded.
2026-03-09 02:28:01,427 - INFO - [The Hindu] Success with 'selenium_browser'. Found content (114 words).
2026-03-09 02:28:01,518 - INFO - Saved article: Roof collapses at Mopidevi temple, no injuries reported - The Hindu from The Hindu
2026-03-09 02:28:02,021 - INFO - [The Hindu] Article: https://www.thehindu.com/news/national/telangana/revanth-seeks-asads-support-for-musi-rejuvenation/article70719942.ece
2026-03-09 02:28:02,022 - INFO - [The Hindu] Attempt 1/1: Trying with 'selenium_browser' strategy...
2026-03-09 02:28:03,009 - INFO - [Times of India] Page content loaded.
2026-03-09 02:28:03,276 - INFO - [Times of India] Success with 'selenium_browser'. Found content (788 words).
2026-03-09 02:28:03,376 - INFO - [The Hindu] Page content loaded.
2026-03-09 02:28:03,380 - INFO - Saved article: UAE to India flights back on track? IndiGo resumes operations, shares latest update amid Iran vs US-Israel war - The Times of India from Times of India
2026-03-09 02:28:03,462 - INFO - [The Hindu] Success with 'selenium_browser'. Found content (275 words).
2026-03-09 02:28:03,550 - INFO - Saved article: Revanth seeks Asad’s support for Musi Rejuvenation - The Hindu from The Hindu
2026-03-09 02:28:03,975 - INFO - [Times of India] Article: https://timesofindia.indiatimes.com/world/middle-east/air-travel-shock-oman-air-cancels-multiple-flights-across-key-destinations-as-iran-vs-us-israel-war-escalates/articleshow/129297636.cms
2026-03-09 02:28:03,975 - INFO - [Times of India] Attempt 1/1: Trying with 'selenium_browser' strategy...
2026-03-09 02:28:04,884 - INFO - [The Hindu] Article: https://www.thehindu.com/news/national/darjeeling-district-officials-had-raised-alarm-over-lack-of-arrangements-at-venue/article70719587.ece
2026-03-09 02:28:04,884 - INFO - [The Hindu] Attempt 1/1: Trying with 'selenium_browser' strategy...
2026-03-09 02:28:05,168 - INFO - [Times of India] Page content loaded.
2026-03-09 02:28:05,359 - INFO - [Times of India] Success with 'selenium_browser'. Found content (704 words).
2026-03-09 02:28:05,482 - INFO - Saved article: Air travel shock: Oman Air cancels multiple flights across key destinations as Iran vs US-Israel war escalates - The Times of India from Times of India
2026-03-09 02:28:05,934 - INFO - [The Hindu] Page content loaded.
2026-03-09 02:28:06,083 - INFO - [The Hindu] Success with 'selenium_browser'. Found content (559 words).
2026-03-09 02:28:06,183 - INFO - Saved article: President Murmu Mamata Banerjee Controversy: Darjeeling district officials had raised alarm over lack of arrangements at venue - The Hindu from The Hindu
2026-03-09 02:28:06,909 - INFO - [Times of India] Article: https://timesofindia.indiatimes.com/world/middle-east/dubai-ruler-sheikh-mohammed-bin-rashid-al-maktoum-introduces-tough-new-safety-law-violators-could-face-dh2-million-fines-in-uae-emirate/articleshow/129295088.cms
2026-03-09 02:28:06,909 - INFO - [Times of India] Attempt 1/1: Trying with 'selenium_browser' strategy...
2026-03-09 02:28:07,545 - INFO - [The Hindu] Article: https://www.thehindu.com/news/cities/Hyderabad/hyderabad-erupts-in-celebration-as-india-clinches-t20-world-cup-tank-bund-turns-into-sea-of-tricolour/article70719933.ece
2026-03-09 02:28:07,545 - INFO - [The Hindu] Attempt 1/1: Trying with 'selenium_browser' strategy...
2026-03-09 02:28:08,476 - INFO - [Times of India] Page content loaded.
2026-03-09 02:28:08,605 - INFO - [Times of India] Success with 'selenium_browser'. Found content (1000 words).
2026-03-09 02:28:08,697 - INFO - Saved article: Dubai ruler Sheikh Mohammed bin Rashid Al Maktoum introduces tough new safety law: Violators could face Dh2 million fines in UAE emirate - The Times of India from Times of India
2026-03-09 02:28:09,516 - INFO - [The Hindu] Page content loaded.
2026-03-09 02:28:09,562 - INFO - [The Hindu] Success with 'selenium_browser'. Found content (147 words).
2026-03-09 02:28:09,724 - INFO - Saved article: Hyderabad erupts in celebration as India clinches T20 World Cup, Tank Bund turns into sea of tricolour - The Hindu from The Hindu
2026-03-09 02:28:09,887 - INFO - [Times of India] Article: https://timesofindia.indiatimes.com/world/middle-east/explained-who-is-mojtaba-khamenei-5-things-to-know-about-rise-of-secretive-son-from-shadow-power-to-irans-new-supreme-leader-after-khameneis-killing/articleshow/129293413.cms
2026-03-09 02:28:09,887 - INFO - [Times of India] Attempt 1/1: Trying with 'selenium_browser' strategy...
2026-03-09 02:28:10,617 - INFO - [Times of India] Page content loaded.
2026-03-09 02:28:10,782 - INFO - [Times of India] Success with 'selenium_browser'. Found content (1150 words).
2026-03-09 02:28:10,868 - INFO - Saved article: Explained: 5 things to know about rise of secretive son, Mojtaba Khamenei, from shadow power to Iran's new supreme leader after Khamenei’s killing - The Times of India from Times of India
2026-03-09 02:28:10,943 - INFO - [The Hindu] (Thread) Finished. Attempting to shut down its Selenium driver.
2026-03-09 02:28:11,083 - INFO - [The Hindu] (Thread) driver.quit() successful.
2026-03-09 02:28:11,851 - INFO - [Times of India] Article: https://timesofindia.indiatimes.com/world/middle-east/who-is-mojtaba-khamenei-the-new-iranian-supreme-leader-facing-us-and-israel/articleshow/129292991.cms
2026-03-09 02:28:11,851 - INFO - [Times of India] Attempt 1/1: Trying with 'selenium_browser' strategy...
2026-03-09 02:28:12,492 - INFO - [Times of India] Page content loaded.
2026-03-09 02:28:12,619 - INFO - [Times of India] Success with 'selenium_browser'. Found content (626 words).
2026-03-09 02:28:12,673 - INFO - Saved article: Who is Mojtaba Khamenei, the new Iranian Supreme Leader facing US and Israel - The Times of India from Times of India
2026-03-09 02:28:13,968 - INFO - [Times of India] Article: https://timesofindia.indiatimes.com/world/middle-east/uae-issues-high-alert-in-abu-dhabi-as-defence-operations-respond-to-missile-threat-amid-iran-vs-us-israel-war/articleshow/129291308.cms
2026-03-09 02:28:13,968 - INFO - [Times of India] Attempt 1/1: Trying with 'selenium_browser' strategy...
2026-03-09 02:28:14,777 - INFO - [Times of India] Page content loaded.
2026-03-09 02:28:14,902 - INFO - [Times of India] Success with 'selenium_browser'. Found content (475 words).
2026-03-09 02:28:14,970 - INFO - Saved article: UAE issues high alert in Abu Dhabi as defence operations respond to missile threat amid Iran vs US-Israel war - The Times of India from Times of India
2026-03-09 02:28:15,851 - INFO - [Times of India] Article: https://timesofindia.indiatimes.com/world/us/historian-reveals-why-epstein-still-haunts-the-royal-family-the-problem-is-british-government-/articleshow/129290490.cms
2026-03-09 02:28:15,851 - INFO - [Times of India] Attempt 1/1: Trying with 'selenium_browser' strategy...
2026-03-09 02:28:16,729 - INFO - [Times of India] Page content loaded.
2026-03-09 02:28:16,869 - INFO - [Times of India] Success with 'selenium_browser'. Found content (534 words).
2026-03-09 02:28:16,930 - INFO - Saved article: Historian reveals why Epstein still haunts the royal family: 'The problem is British government...' - The Times of India from Times of India
2026-03-09 02:28:17,459 - INFO - [Times of India] Article: https://timesofindia.indiatimes.com/world/us/lindsey-graham-says-we-are-going-to-blow-the-hell-out-of-iran-cuba-will-be-next/articleshow/129289920.cms
2026-03-09 02:28:17,459 - INFO - [Times of India] Attempt 1/1: Trying with 'selenium_browser' strategy...
2026-03-09 02:28:28,790 - WARNING - [Times of India] Page timed out (10s). No <p> tags found. Proceeding anyway.
2026-03-09 02:28:28,963 - INFO - [Times of India] Success with 'selenium_browser'. Found content (411 words).
2026-03-09 02:28:29,047 - INFO - Saved article: Lindsey Graham says, 'we are going to blow the hell' out of Iran, Cuba will be next - The Times of India from Times of India
2026-03-09 02:28:29,778 - INFO - [Times of India] Article: https://timesofindia.indiatimes.com/world/us/improvised-explosive-device-thrown-at-anti-islam-protest-outside-mayor-mamdanis-mansion-in-new-york-city/articleshow/129285846.cms
2026-03-09 02:28:29,778 - INFO - [Times of India] Attempt 1/1: Trying with 'selenium_browser' strategy...
2026-03-09 02:28:30,297 - INFO - [Times of India] Page content loaded.
2026-03-09 02:28:30,427 - INFO - [Times of India] Success with 'selenium_browser'. Found content (391 words).
2026-03-09 02:28:30,480 - INFO - Saved article: Improvised explosive device thrown at anti-Islam protest outside mayor Mamdani’s mansion in New York City - The Times of India from Times of India
2026-03-09 02:28:31,969 - INFO - [Times of India] Article: https://timesofindia.indiatimes.com/world/us/fox-news-says-sorry-for-airing-wrong-clip-of-donald-trump-they-did-not-want-to-show-trump-wearing-his-hat/articleshow/129288196.cms
2026-03-09 02:28:31,969 - INFO - [Times of India] Attempt 1/1: Trying with 'selenium_browser' strategy...
2026-03-09 02:28:32,689 - INFO - [Times of India] Page content loaded.
2026-03-09 02:28:32,818 - INFO - [Times of India] Success with 'selenium_browser'. Found content (335 words).
2026-03-09 02:28:32,869 - INFO - Saved article: Fox News says sorry for airing wrong clip of Donald Trump: 'They did not want to show Trump wearing his hat' - The Times of India from Times of India
2026-03-09 02:28:33,408 - INFO - [Times of India] Article: https://timesofindia.indiatimes.com/world/rest-of-world/video-of-brampton-man-clearing-snow-with-lawnmower-goes-viral-not-the-best-and-brightest/articleshow/129284621.cms
2026-03-09 02:28:33,408 - INFO - [Times of India] Attempt 1/1: Trying with 'selenium_browser' strategy...
2026-03-09 02:28:34,000 - INFO - [Times of India] Page content loaded.
2026-03-09 02:28:34,117 - INFO - [Times of India] Success with 'selenium_browser'. Found content (206 words).
2026-03-09 02:28:34,179 - INFO - Saved article: Video of Brampton man clearing snow with lawnmower goes viral: 'Not the best and brightest' - The Times of India from Times of India
2026-03-09 02:28:35,127 - INFO - [Times of India] Article: https://timesofindia.indiatimes.com/world/middle-east/stranded-amid-iran-vs-us-israel-war-know-your-rights-on-salary-leave-remote-work-as-per-uae-labour-law/articleshow/129283178.cms
2026-03-09 02:28:35,127 - INFO - [Times of India] Attempt 1/1: Trying with 'selenium_browser' strategy...
2026-03-09 02:28:36,085 - INFO - [Times of India] Page content loaded.
2026-03-09 02:28:36,259 - INFO - [Times of India] Success with 'selenium_browser'. Found content (1274 words).
2026-03-09 02:28:36,376 - INFO - Saved article: Stranded amid Iran vs US-Israel war? Know your rights on salary, leave, remote work as per UAE Labour Law - The Times of India from Times of India
2026-03-09 02:28:37,357 - INFO - [Times of India] Article: https://timesofindia.indiatimes.com/world/rest-of-world/ancient-mystery-uncovered-in-italy-2600-year-old-etruscan-tomb-found-with-four-skeletons-and-treasure/articleshow/129284802.cms
2026-03-09 02:28:37,357 - INFO - [Times of India] Attempt 1/1: Trying with 'selenium_browser' strategy...
2026-03-09 02:28:48,610 - WARNING - [Times of India] Page timed out (10s). No <p> tags found. Proceeding anyway.
2026-03-09 02:28:48,772 - INFO - [Times of India] Success with 'selenium_browser'. Found content (898 words).
2026-03-09 02:28:48,856 - INFO - Saved article: Ancient mystery uncovered in Italy: 2,600-year-old Etruscan Tomb found with four skeletons and treasure | World News - The Times of India from Times of India
2026-03-09 02:28:50,198 - INFO - [Times of India] Article: https://timesofindia.indiatimes.com/world/us/bomb-threat-at-kansas-city-international-airport-passengers-told-to-immediately-evacuate/articleshow/129284154.cms
2026-03-09 02:28:50,198 - INFO - [Times of India] Attempt 1/1: Trying with 'selenium_browser' strategy...
2026-03-09 02:28:50,932 - INFO - [Times of India] Page content loaded.
2026-03-09 02:28:51,066 - INFO - [Times of India] Success with 'selenium_browser'. Found content (213 words).
2026-03-09 02:28:51,117 - INFO - Saved article: Bomb threat at Kansas City International Airport, passengers told to immediately evacuate - The Times of India from Times of India
2026-03-09 02:28:51,788 - INFO - [Times of India] Article: https://timesofindia.indiatimes.com/etimes/trending/the-drug-paradox-of-queen-victoria-new-book-says-she-loved-drugs-while-empire-sold-opium-worldwide/articleshow/129278125.cms
2026-03-09 02:28:51,788 - INFO - [Times of India] Attempt 1/1: Trying with 'selenium_browser' strategy...
2026-03-09 02:29:02,668 - WARNING - [Times of India] Page timed out (10s). No <p> tags found. Proceeding anyway.
2026-03-09 02:29:02,807 - INFO - [Times of India] Success with 'selenium_browser'. Found content (1271 words).
2026-03-09 02:29:02,892 - INFO - Saved article: The drug paradox of Queen Victoria: New book says she ‘loved’ drugs while empire sold opium worldwide | - The Times of India from Times of India
2026-03-09 02:29:03,850 - INFO - [Times of India] Article: https://timesofindia.indiatimes.com/world/rest-of-world/canadian-media-slammed-for-jaskirat-singh-sidhu-interview-i-want-to-fight-for-my-family/articleshow/129282393.cms
2026-03-09 02:29:03,850 - INFO - [Times of India] Attempt 1/1: Trying with 'selenium_browser' strategy...
2026-03-09 02:29:04,608 - INFO - [Times of India] Page content loaded.
2026-03-09 02:29:04,724 - INFO - [Times of India] Success with 'selenium_browser'. Found content (572 words).
2026-03-09 02:29:04,770 - INFO - Saved article: Canadian media slammed for Jaskirat Singh Sidhu interview: 'I want to fight for my family' - The Times of India from Times of India
2026-03-09 02:29:05,938 - INFO - [Times of India] Article: https://timesofindia.indiatimes.com/world/rest-of-world/from-punch-the-monkey-to-penguin-memes-how-animals-took-over-the-internet-in-2026/articleshow/129276609.cms
2026-03-09 02:29:05,938 - INFO - [Times of India] Attempt 1/1: Trying with 'selenium_browser' strategy...
2026-03-09 02:29:06,690 - INFO - [Times of India] Page content loaded.
2026-03-09 02:29:06,834 - INFO - [Times of India] Success with 'selenium_browser'. Found content (1763 words).
2026-03-09 02:29:06,896 - INFO - Saved article: From Punch the Monkey to Penguin memes: How animals took over the internet in 2026 - The Times of India from Times of India
2026-03-09 02:29:07,800 - INFO - [Times of India] Article: https://timesofindia.indiatimes.com/world/rest-of-world/deeply-troubled-canadian-mp-raises-killing-of-indian-origin-nancy-grewal-in-international-womens-day-message/articleshow/129281310.cms
2026-03-09 02:29:07,800 - INFO - [Times of India] Attempt 1/1: Trying with 'selenium_browser' strategy...
2026-03-09 02:29:08,476 - INFO - [Times of India] Page content loaded.
2026-03-09 02:29:08,601 - INFO - [Times of India] Success with 'selenium_browser'. Found content (588 words).
2026-03-09 02:29:08,666 - INFO - Saved article: ‘Deeply troubled’: Canadian MP raises killing of Indian-origin Nancy Grewal in International Women’s Day message | World News - The Times of India from Times of India
2026-03-09 02:29:09,504 - INFO - [Times of India] (Thread) Finished. Attempting to shut down its Selenium driver.
2026-03-09 02:29:09,700 - INFO - [Times of India] (Thread) driver.quit() successful.
2026-03-09 02:29:09,701 - INFO - Shutting down thread pool (wait=False)...
2026-03-09 02:29:09,701 - INFO - Scraped: 20 Times of India, 25 The Hindu, 11 The Guardian, 8 BBC articles. (Total saved: 64)
2026-03-09 02:29:09,701 - INFO - --- Scraping job finished ---
2026-03-09 02:29:09,707 - INFO - --- Scraper service stopped and database connection closed. ---
2026-03-09 02:29:09,708 - INFO - --- Main thread finished. Forcing process exit to kill zombie threads. ---
