2025-12-24 12:48:11,992 - INFO - Initializing database connection at: news_articles.db
2025-12-24 12:48:11,992 - INFO - --- Scraper service started (CI Mode: Run Once) ---
2025-12-24 12:48:11,992 - INFO - --- Starting new scraping job (Parallel Mode) ---
2025-12-24 12:48:11,992 - INFO - Creating new robust session with 3 retries on 5xx/connection/read errors.
2025-12-24 12:48:11,993 - INFO - Proxy is DISABLED.
2025-12-24 12:48:11,993 - INFO - Starting scrape for BBC RSS feed: http://feeds.bbci.co.uk/news/world/rss.xml
2025-12-24 12:48:11,993 - INFO - [Times of India] (Thread) requires Selenium. Initializing driver...
2025-12-24 12:48:11,993 - INFO - Initializing headless Selenium Chrome driver (using SeleniumManager)...
2025-12-24 12:48:11,994 - INFO - Starting scrape for The Guardian RSS feed: https://www.theguardian.com/world/rss
2025-12-24 12:48:11,994 - INFO - [The Hindu] (Thread) requires Selenium. Initializing driver...
2025-12-24 12:48:11,994 - INFO - Initializing headless Selenium Chrome driver (using SeleniumManager)...
2025-12-24 12:48:11,994 - INFO - Submitted 4 jobs to thread pool. Waiting up to 420s for completion...
2025-12-24 12:48:12,196 - INFO - Found 45 articles in The Guardian RSS feed. Processing up to 25.
2025-12-24 12:48:12,197 - INFO - [The Guardian] Article: https://www.theguardian.com/world/2025/dec/23/libyas-army-chief-dies-in-plane-crash-in-turkey
2025-12-24 12:48:12,197 - INFO - [The Guardian] Attempt 1/1: Trying with 'requests_browser' strategy...
2025-12-24 12:48:12,217 - INFO - Found 25 articles in BBC RSS feed. Processing up to 25.
2025-12-24 12:48:12,217 - INFO - [BBC] Article: https://www.bbc.com/news/articles/c9d9wg2pwl1o?at_medium=RSS&at_campaign=rss
2025-12-24 12:48:12,217 - INFO - [BBC] Attempt 1/1: Trying with 'requests_browser' strategy...
2025-12-24 12:48:12,306 - INFO - [The Guardian] Success with 'requests_browser'. Found content (414 words).
2025-12-24 12:48:12,343 - INFO - Duplicate article skipped: Libya’s army chief dies in plane crash in Turkey | Libya | The Guardian from The Guardian
2025-12-24 12:48:12,451 - INFO - [BBC] Success with 'requests_browser'. Found content (865 words).
2025-12-24 12:48:12,495 - INFO - Saved article: Zelensky moves towards demilitarised zones in latest peace plan for Ukraine from BBC
2025-12-24 12:48:13,471 - INFO - [The Guardian] Article: https://www.theguardian.com/world/2025/dec/22/freed-nigerian-schoolchildren-set-to-be-reunited-with-families
2025-12-24 12:48:13,471 - INFO - [The Guardian] Attempt 1/1: Trying with 'requests_browser' strategy...
2025-12-24 12:48:13,571 - INFO - [The Guardian] Success with 'requests_browser'. Found content (365 words).
2025-12-24 12:48:13,603 - INFO - Duplicate article skipped: Freed Nigerian schoolchildren to be reunited with families | Nigeria | The Guardian from The Guardian
2025-12-24 12:48:13,611 - INFO - [BBC] Article: https://www.bbc.com/news/articles/cd749gqgg11o?at_medium=RSS&at_campaign=rss
2025-12-24 12:48:13,611 - INFO - [BBC] Attempt 1/1: Trying with 'requests_browser' strategy...
2025-12-24 12:48:13,652 - INFO - [BBC] Success with 'requests_browser'. Found content (506 words).
2025-12-24 12:48:13,690 - INFO - Saved article: Venezuela accuses US of 'extortion' over seizure of oil tankers from BBC
2025-12-24 12:48:14,297 - INFO - [The Guardian] Article: https://www.theguardian.com/world/2025/dec/21/more-kidnapped-schoolchildren-freed-in-nigeria
2025-12-24 12:48:14,297 - INFO - [The Guardian] Attempt 1/1: Trying with 'requests_browser' strategy...
2025-12-24 12:48:14,400 - INFO - [The Guardian] Success with 'requests_browser'. Found content (382 words).
2025-12-24 12:48:14,434 - INFO - Duplicate article skipped: Another 130 kidnapped schoolchildren released in Nigeria | Nigeria | The Guardian from The Guardian
2025-12-24 12:48:14,974 - INFO - [BBC] Article: https://www.bbc.com/news/articles/cm28g5exx09o?at_medium=RSS&at_campaign=rss
2025-12-24 12:48:14,974 - INFO - [BBC] Attempt 1/1: Trying with 'requests_browser' strategy...
2025-12-24 12:48:15,009 - INFO - [BBC] Success with 'requests_browser'. Found content (798 words).
2025-12-24 12:48:15,045 - INFO - Duplicate article skipped: Email by 'A' from 'Balmoral' asked Ghislaine Maxwell for 'inappropriate friends', Epstein files show from BBC
2025-12-24 12:48:15,324 - INFO - [The Guardian] Article: https://www.theguardian.com/uk-news/2025/dec/21/manchester-museum-uncover-hidden-histories-africa-hub
2025-12-24 12:48:15,324 - INFO - [The Guardian] Attempt 1/1: Trying with 'requests_browser' strategy...
2025-12-24 12:48:15,356 - INFO - [The Guardian] Success with 'requests_browser'. Found content (543 words).
2025-12-24 12:48:15,392 - INFO - Duplicate article skipped: Manchester Museum seeks help to uncover hidden histories of African collection | Manchester | The Guardian from The Guardian
2025-12-24 12:48:15,959 - INFO - [The Guardian] Article: https://www.theguardian.com/global-development/2025/dec/21/sweden-and-germany-slash-aid-budgets-to-focus-on-ukraine-and-defence-spending
2025-12-24 12:48:15,959 - INFO - [The Guardian] Attempt 1/1: Trying with 'requests_browser' strategy...
2025-12-24 12:48:15,991 - INFO - [The Guardian] Success with 'requests_browser'. Found content (721 words).
2025-12-24 12:48:16,030 - INFO - Duplicate article skipped: Sweden and Germany slash aid budgets to focus on Ukraine and defence spending | Global development | The Guardian from The Guardian
2025-12-24 12:48:16,285 - INFO - [BBC] Article: https://www.bbc.com/news/articles/c5yj4yvx80do?at_medium=RSS&at_campaign=rss
2025-12-24 12:48:16,285 - INFO - [BBC] Attempt 1/1: Trying with 'requests_browser' strategy...
2025-12-24 12:48:16,332 - INFO - [BBC] Success with 'requests_browser'. Found content (1755 words).
2025-12-24 12:48:16,373 - INFO - Duplicate article skipped: Epstein files takeaways: Possible co-conspirators, fake video and Trump trips from BBC
2025-12-24 12:48:16,808 - INFO - [The Guardian] Article: https://www.theguardian.com/media/2025/dec/23/60-minutes-cecot-appears-online
2025-12-24 12:48:16,809 - INFO - [The Guardian] Attempt 1/1: Trying with 'requests_browser' strategy...
2025-12-24 12:48:16,842 - INFO - [The Guardian] Success with 'requests_browser'. Found content (1062 words).
2025-12-24 12:48:16,904 - INFO - Duplicate article skipped: 60 Minutes episode on brutal El Salvador prison, pulled from air by CBS, appears online | CBS | The Guardian from The Guardian
2025-12-24 12:48:17,485 - INFO - [BBC] Article: https://www.bbc.com/news/articles/cgke51rzpvro?at_medium=RSS&at_campaign=rss
2025-12-24 12:48:17,486 - INFO - [BBC] Attempt 1/1: Trying with 'requests_browser' strategy...
2025-12-24 12:48:17,515 - INFO - [BBC] Success with 'requests_browser'. Found content (399 words).
2025-12-24 12:48:17,549 - INFO - Duplicate article skipped: Australia to deport British man charged with displaying Nazi symbols from BBC
2025-12-24 12:48:17,586 - INFO - [The Guardian] Article: https://www.theguardian.com/world/2025/dec/23/brazil-jair-bolsonaro-eduardo-havaianas-television-ad-fernanda-torres
2025-12-24 12:48:17,586 - INFO - [The Guardian] Attempt 1/1: Trying with 'requests_browser' strategy...
2025-12-24 12:48:17,622 - INFO - [The Guardian] Success with 'requests_browser'. Found content (381 words).
2025-12-24 12:48:17,664 - INFO - Duplicate article skipped: Bolsonaro supporters ‘cancel’ Havaianas flip-flop brand over television ad | Brazil | The Guardian from The Guardian
2025-12-24 12:48:18,381 - INFO - [BBC] Article: https://www.bbc.com/news/articles/cp39kngz008o?at_medium=RSS&at_campaign=rss
2025-12-24 12:48:18,381 - INFO - [BBC] Attempt 1/1: Trying with 'requests_browser' strategy...
2025-12-24 12:48:18,418 - INFO - [BBC] Success with 'requests_browser'. Found content (679 words).
2025-12-24 12:48:18,455 - INFO - Duplicate article skipped: UK campaigners among five denied US visas from BBC
2025-12-24 12:48:18,760 - INFO - [The Guardian] Article: https://www.theguardian.com/world/2025/dec/23/canada-bill-refugees
2025-12-24 12:48:18,760 - INFO - [The Guardian] Attempt 1/1: Trying with 'requests_browser' strategy...
2025-12-24 12:48:18,801 - INFO - [The Guardian] Success with 'requests_browser'. Found content (696 words).
2025-12-24 12:48:18,840 - INFO - Duplicate article skipped: Canada bill targeting refugees feared to signal new era of US-style border policy | Canada | The Guardian from The Guardian
2025-12-24 12:48:19,210 - INFO - [BBC] Article: https://www.bbc.com/news/articles/ce3wry1529wo?at_medium=RSS&at_campaign=rss
2025-12-24 12:48:19,210 - INFO - [BBC] Attempt 1/1: Trying with 'requests_browser' strategy...
2025-12-24 12:48:19,238 - INFO - [BBC] Success with 'requests_browser'. Found content (285 words).
2025-12-24 12:48:19,274 - INFO - Duplicate article skipped: At least two dead in explosion at Pennsylvania nursing home from BBC
2025-12-24 12:48:19,343 - INFO - Selenium driver initialized successfully.
2025-12-24 12:48:19,344 - INFO - Starting scrape for The Hindu RSS feed: https://www.thehindu.com/news/national/feeder/default.rss
2025-12-24 12:48:19,345 - INFO - Selenium driver initialized successfully.
2025-12-24 12:48:19,345 - INFO - Starting scrape for Times of India RSS feed: https://timesofindia.indiatimes.com/rssfeeds/296589292.cms
2025-12-24 12:48:19,492 - INFO - Found 20 articles in Times of India RSS feed. Processing up to 25.
2025-12-24 12:48:19,493 - INFO - [Times of India] Article: https://timesofindia.indiatimes.com/world/us-streamers/bryce-hall-threatens-kick-streamer-braden-clavicular-over-alleged-disrespect-toward-his-girlfriend/articleshow/126159715.cms
2025-12-24 12:48:19,493 - INFO - [Times of India] Attempt 1/1: Trying with 'selenium_browser' strategy...
2025-12-24 12:48:19,500 - INFO - Found 100 articles in The Hindu RSS feed. Processing up to 25.
2025-12-24 12:48:19,500 - INFO - [The Hindu] Article: https://www.thehindu.com/news/national/west-bengal/sanatan-dharma-not-safe-in-west-bengal-alleges-suvendu/article70433692.ece
2025-12-24 12:48:19,500 - INFO - [The Hindu] Attempt 1/1: Trying with 'selenium_browser' strategy...
2025-12-24 12:48:20,051 - INFO - [The Guardian] Article: https://www.theguardian.com/us-news/2025/dec/23/us-trump-administration-signs-security-deals-across-latin-america
2025-12-24 12:48:20,051 - INFO - [The Guardian] Attempt 1/1: Trying with 'requests_browser' strategy...
2025-12-24 12:48:20,105 - INFO - [The Guardian] Success with 'requests_browser'. Found content (809 words).
2025-12-24 12:48:20,174 - INFO - Duplicate article skipped: ‘Gunboat diplomacy on steroids’: US signs security deals across Latin America | US military | The Guardian from The Guardian
2025-12-24 12:48:20,549 - INFO - [BBC] Article: https://www.bbc.com/news/articles/c8dy3mvye62o?at_medium=RSS&at_campaign=rss
2025-12-24 12:48:20,549 - INFO - [BBC] Attempt 1/1: Trying with 'requests_browser' strategy...
2025-12-24 12:48:20,602 - INFO - [BBC] Success with 'requests_browser'. Found content (336 words).
2025-12-24 12:48:20,683 - INFO - Duplicate article skipped: Brazil's Supreme Court allows Bolsonaro to leave prison for surgery from BBC
2025-12-24 12:48:20,836 - INFO - [The Guardian] Article: https://www.theguardian.com/world/2025/dec/23/russia-china-support-venezuela-trump-pressure-maduro
2025-12-24 12:48:20,836 - INFO - [The Guardian] Attempt 1/1: Trying with 'requests_browser' strategy...
2025-12-24 12:48:20,890 - INFO - [The Guardian] Success with 'requests_browser'. Found content (600 words).
2025-12-24 12:48:20,949 - INFO - Duplicate article skipped: Russia and China pledge support for Venezuela as Trump ratchets up pressure on Maduro | Venezuela | The Guardian from The Guardian
2025-12-24 12:48:21,400 - INFO - [BBC] Article: https://www.bbc.com/news/articles/cyvgzyepdqno?at_medium=RSS&at_campaign=rss
2025-12-24 12:48:21,400 - INFO - [BBC] Attempt 1/1: Trying with 'requests_browser' strategy...
2025-12-24 12:48:21,553 - INFO - [BBC] Success with 'requests_browser'. Found content (360 words).
2025-12-24 12:48:21,744 - INFO - Duplicate article skipped: Libya's army chief killed in air crash in Turkey from BBC
2025-12-24 12:48:21,862 - INFO - [The Guardian] Article: https://www.theguardian.com/world/2025/dec/24/rare-footage-from-trial-of-chinese-general-who-defied-tiananmen-crackdown-order-leaked-online
2025-12-24 12:48:21,862 - INFO - [The Guardian] Attempt 1/1: Trying with 'requests_browser' strategy...
2025-12-24 12:48:22,022 - INFO - [The Guardian] Success with 'requests_browser'. Found content (820 words).
2025-12-24 12:48:22,138 - INFO - Duplicate article skipped: Rare footage from trial of Chinese general who defied Tiananmen crackdown order leaked online | Tiananmen Square protests 1989 | The Guardian from The Guardian
2025-12-24 12:48:22,602 - INFO - [BBC] Article: https://www.bbc.com/news/articles/czxpz05yj5po?at_medium=RSS&at_campaign=rss
2025-12-24 12:48:22,603 - INFO - [BBC] Attempt 1/1: Trying with 'requests_browser' strategy...
2025-12-24 12:48:22,672 - INFO - [BBC] Success with 'requests_browser'. Found content (539 words).
2025-12-24 12:48:22,772 - INFO - Saved article: Border villagers abducted and taken to Russia, says Ukraine from BBC
2025-12-24 12:48:22,943 - INFO - [The Guardian] Article: https://www.theguardian.com/world/2025/dec/23/christians-pastors-arrested-detained-china-crackdown-house-churches
2025-12-24 12:48:22,943 - INFO - [The Guardian] Attempt 1/1: Trying with 'requests_browser' strategy...
2025-12-24 12:48:23,097 - INFO - [The Guardian] Success with 'requests_browser'. Found content (999 words).
2025-12-24 12:48:23,294 - INFO - Duplicate article skipped: ‘Is this real?’: wife of detained pastor describes anguish as China cracks down on unofficial churches | China | The Guardian from The Guardian
2025-12-24 12:48:24,148 - INFO - [BBC] Article: https://www.bbc.com/news/articles/cwyxz5jken3o?at_medium=RSS&at_campaign=rss
2025-12-24 12:48:24,148 - INFO - [BBC] Attempt 1/1: Trying with 'requests_browser' strategy...
2025-12-24 12:48:24,191 - INFO - [BBC] Success with 'requests_browser'. Found content (637 words).
2025-12-24 12:48:24,279 - INFO - [The Guardian] Article: https://www.theguardian.com/business/2025/dec/22/china-hits-eu-dairy-industry-with-tariffs
2025-12-24 12:48:24,279 - INFO - [The Guardian] Attempt 1/1: Trying with 'requests_browser' strategy...
2025-12-24 12:48:24,321 - INFO - Duplicate article skipped: UN experts urge Iran to stop execution of woman activist from BBC
2025-12-24 12:48:24,349 - INFO - [The Guardian] Success with 'requests_browser'. Found content (437 words).
2025-12-24 12:48:24,460 - INFO - Duplicate article skipped: China hits EU dairy industry with tariffs of up to 42.7% | Food & drink industry | The Guardian from The Guardian
2025-12-24 12:48:25,242 - INFO - [BBC] Article: https://www.bbc.com/news/articles/c62n9ynzrdpo?at_medium=RSS&at_campaign=rss
2025-12-24 12:48:25,242 - INFO - [BBC] Attempt 1/1: Trying with 'requests_browser' strategy...
2025-12-24 12:48:25,385 - INFO - [BBC] Success with 'requests_browser'. Found content (536 words).
2025-12-24 12:48:25,659 - INFO - Duplicate article skipped: US economy grows at fastest pace in two years from BBC
2025-12-24 12:48:25,710 - INFO - [The Guardian] Article: https://www.theguardian.com/world/2025/dec/22/jeju-air-crash-independent-inquiry-south-korea
2025-12-24 12:48:25,710 - INFO - [The Guardian] Attempt 1/1: Trying with 'requests_browser' strategy...
2025-12-24 12:48:25,988 - INFO - [The Guardian] Success with 'requests_browser'. Found content (431 words).
2025-12-24 12:48:26,058 - INFO - Duplicate article skipped: Jeju Air crash: South Korea sets up independent inquiry into disaster that killed 179 amid delays and acrimony | South Korea | The Guardian from The Guardian
2025-12-24 12:48:26,259 - INFO - [The Hindu] Page content loaded.
2025-12-24 12:48:26,488 - INFO - [The Hindu] Success with 'selenium_browser'. Found content (168 words).
2025-12-24 12:48:26,743 - INFO - Saved article: 'Sanatan Dharma' not safe in West Bengal, alleges Suvendu - The Hindu from The Hindu
2025-12-24 12:48:26,900 - INFO - [BBC] Article: https://www.bbc.com/news/articles/cd0kxrr2jyko?at_medium=RSS&at_campaign=rss
2025-12-24 12:48:26,901 - INFO - [BBC] Attempt 1/1: Trying with 'requests_browser' strategy...
2025-12-24 12:48:27,057 - INFO - [BBC] Success with 'requests_browser'. Found content (380 words).
2025-12-24 12:48:27,446 - INFO - Duplicate article skipped: Bondi shooting: Injured officer Jack Hibbert released from hospital from BBC
2025-12-24 12:48:27,559 - INFO - [The Guardian] Article: https://www.theguardian.com/world/2025/dec/22/new-zealand-christchurch-spoof-absurdist-road-signs
2025-12-24 12:48:27,559 - INFO - [The Guardian] Attempt 1/1: Trying with 'requests_browser' strategy...
2025-12-24 12:48:27,917 - INFO - [The Guardian] Success with 'requests_browser'. Found content (368 words).
2025-12-24 12:48:28,124 - INFO - Duplicate article skipped: ‘Slightly haunted but manageable’: new signs cause confusion – and delight – in Christchurch | New Zealand | The Guardian from The Guardian
2025-12-24 12:48:28,201 - INFO - [The Hindu] Article: https://www.thehindu.com/news/national/after-indigo-crisis-aviation-ministry-gives-nod-to-two-new-indian-airlines/article70433508.ece
2025-12-24 12:48:28,201 - INFO - [The Hindu] Attempt 1/1: Trying with 'selenium_browser' strategy...
2025-12-24 12:48:28,867 - INFO - [BBC] Article: https://www.bbc.com/news/articles/c87lnn09yj8o?at_medium=RSS&at_campaign=rss
2025-12-24 12:48:28,869 - INFO - [BBC] Attempt 1/1: Trying with 'requests_browser' strategy...
2025-12-24 12:48:29,073 - INFO - [BBC] Success with 'requests_browser'. Found content (520 words).
2025-12-24 12:48:29,142 - INFO - Duplicate article skipped: Trump says US will keep or sell oil seized from Venezuela from BBC
2025-12-24 12:48:29,592 - INFO - [The Guardian] Article: https://www.theguardian.com/australia-news/2025/dec/24/perth-man-charged-with-racial-harassment-for-alleged-post-backing-bondi-attack-ntwnfb
2025-12-24 12:48:29,593 - INFO - [The Guardian] Attempt 1/1: Trying with 'requests_browser' strategy...
2025-12-24 12:48:29,725 - INFO - [The Guardian] Success with 'requests_browser'. Found content (444 words).
2025-12-24 12:48:29,823 - INFO - Saved article: Perth man charged with racial harassment for alleged post backing Bondi attack | Bondi beach terror attack | The Guardian from The Guardian
2025-12-24 12:48:30,166 - INFO - [BBC] Article: https://www.bbc.com/news/articles/czj0ll7ppewo?at_medium=RSS&at_campaign=rss
2025-12-24 12:48:30,166 - INFO - [BBC] Attempt 1/1: Trying with 'requests_browser' strategy...
2025-12-24 12:48:30,288 - INFO - [BBC] Success with 'requests_browser'. Found content (365 words).
2025-12-24 12:48:30,406 - INFO - Duplicate article skipped: Nigeria kidnappings: Gunmen abduct Muslim travellers in Plateau state from BBC
2025-12-24 12:48:30,769 - INFO - [The Guardian] Article: https://www.theguardian.com/australia-news/live/2025/dec/24/nsw-gun-and-protest-laws-bondi-terror-attack-hate-crime-database-anthony-albanese-sussan-ley-chris-minns-labor-coalition-ntwnfb
2025-12-24 12:48:30,769 - INFO - [The Guardian] Attempt 1/1: Trying with 'requests_browser' strategy...
2025-12-24 12:48:31,496 - INFO - [The Guardian] Success with 'requests_browser'. Found content (2013 words).
2025-12-24 12:48:31,611 - INFO - [BBC] Article: https://www.bbc.com/news/articles/clyd12d38jgo?at_medium=RSS&at_campaign=rss
2025-12-24 12:48:31,611 - INFO - [BBC] Attempt 1/1: Trying with 'requests_browser' strategy...
2025-12-24 12:48:31,825 - INFO - Duplicate article skipped: NSW laws take effect – as it happened | Australia news | The Guardian from The Guardian
2025-12-24 12:48:31,836 - INFO - [BBC] Success with 'requests_browser'. Found content (2008 words).
2025-12-24 12:48:32,336 - INFO - Saved article: How the new order of the Murdoch dynasty is playing out from BBC
2025-12-24 12:48:33,423 - INFO - [The Guardian] Article: https://www.theguardian.com/australia-news/2025/dec/24/nsw-premier-police-commissioner-protest-ban-powers-bondi-shooting-terror-attack-ntwnfb
2025-12-24 12:48:33,423 - INFO - [The Guardian] Attempt 1/1: Trying with 'requests_browser' strategy...
2025-12-24 12:48:33,484 - INFO - [BBC] Article: https://www.bbc.com/news/articles/cvg1361d32ro?at_medium=RSS&at_campaign=rss
2025-12-24 12:48:33,484 - INFO - [BBC] Attempt 1/1: Trying with 'requests_browser' strategy...
2025-12-24 12:48:33,860 - INFO - [BBC] Success with 'requests_browser'. Found content (1376 words).
2025-12-24 12:48:33,956 - INFO - [The Guardian] Success with 'requests_browser'. Found content (822 words).
2025-12-24 12:48:34,284 - INFO - Duplicate article skipped: Have the American Pope and American administration fallen out? from BBC
2025-12-24 12:48:34,313 - INFO - Saved article: NSW premier says police commissioner to decide when to use state’s new protest ban powers | New South Wales politics | The Guardian from The Guardian
2025-12-24 12:48:34,896 - INFO - [BBC] Article: https://www.bbc.com/news/articles/c4gekjjqn1ro?at_medium=RSS&at_campaign=rss
2025-12-24 12:48:34,896 - INFO - [BBC] Attempt 1/1: Trying with 'requests_browser' strategy...
2025-12-24 12:48:35,001 - INFO - [BBC] Success with 'requests_browser'. Found content (1163 words).
2025-12-24 12:48:35,109 - INFO - Duplicate article skipped: Crisis in India-Bangladesh relations spirals amid violent protests from BBC
2025-12-24 12:48:35,815 - INFO - [The Guardian] Article: https://www.theguardian.com/australia-news/2025/dec/24/retribution-fears-australian-muslims-surge-islamophobic-hate-since-bondi-terror-attack-ntwnfb
2025-12-24 12:48:35,815 - INFO - [The Guardian] Attempt 1/1: Trying with 'requests_browser' strategy...
2025-12-24 12:48:35,949 - INFO - [The Guardian] Success with 'requests_browser'. Found content (643 words).
2025-12-24 12:48:36,087 - INFO - Saved article: Retribution fears as Australian Muslims see surge in Islamophobic hate since Bondi terror attack | Bondi beach terror attack | The Guardian from The Guardian
2025-12-24 12:48:36,196 - INFO - [BBC] Article: https://www.bbc.com/news/articles/cj69d8we98jo?at_medium=RSS&at_campaign=rss
2025-12-24 12:48:36,196 - INFO - [BBC] Attempt 1/1: Trying with 'requests_browser' strategy...
2025-12-24 12:48:36,247 - INFO - [BBC] Success with 'requests_browser'. Found content (1710 words).
2025-12-24 12:48:36,321 - INFO - Duplicate article skipped: South Africa's Madlanga Commission so far: An alleged drug cartel and a murdered witness from BBC
2025-12-24 12:48:37,023 - INFO - [The Guardian] Article: https://www.theguardian.com/australia-news/2025/dec/24/british-man-australian-visa-cancelled-display-nazi-symbols-charge
2025-12-24 12:48:37,023 - INFO - [The Guardian] Attempt 1/1: Trying with 'requests_browser' strategy...
2025-12-24 12:48:37,055 - INFO - [The Guardian] Success with 'requests_browser'. Found content (444 words).
2025-12-24 12:48:37,095 - INFO - Saved article: British man’s Australian visa cancelled after being charged with displaying Nazi symbols | Australian immigration and asylum | The Guardian from The Guardian
2025-12-24 12:48:37,780 - INFO - [The Guardian] Article: https://www.theguardian.com/world/2025/dec/24/three-killed-in-moscow-car-explosion-say-russian-authorities
2025-12-24 12:48:37,781 - INFO - [The Guardian] Attempt 1/1: Trying with 'requests_browser' strategy...
2025-12-24 12:48:37,807 - INFO - [BBC] Article: https://www.bbc.com/news/articles/cy95w0x9889o?at_medium=RSS&at_campaign=rss
2025-12-24 12:48:37,807 - INFO - [BBC] Attempt 1/1: Trying with 'requests_browser' strategy...
2025-12-24 12:48:37,810 - INFO - [The Guardian] Success with 'requests_browser'. Found content (312 words).
2025-12-24 12:48:37,853 - INFO - Saved article: Three killed in Moscow car explosion, say Russian authorities | Russia | The Guardian from The Guardian
2025-12-24 12:48:37,871 - INFO - [BBC] Success with 'requests_browser'. Found content (1198 words).
2025-12-24 12:48:37,909 - INFO - Duplicate article skipped: What the underwhelming Epstein files release means for Maga from BBC
2025-12-24 12:48:38,665 - INFO - [The Guardian] Article: https://www.theguardian.com/world/2025/dec/24/militia-leader-murky-death-stanislav-orlov-russia-kremlin-control
2025-12-24 12:48:38,665 - INFO - [The Guardian] Attempt 1/1: Trying with 'requests_browser' strategy...
2025-12-24 12:48:38,698 - INFO - [The Guardian] Success with 'requests_browser'. Found content (952 words).
2025-12-24 12:48:38,742 - INFO - Saved article: ‘Warning to others’: murky death of militia leader as Kremlin reasserts control | Russia | The Guardian from The Guardian
2025-12-24 12:48:38,798 - INFO - [BBC] Article: https://www.bbc.com/news/videos/clydk6vd4rzo?at_medium=RSS&at_campaign=rss
2025-12-24 12:48:38,798 - INFO - [BBC] Attempt 1/1: Trying with 'requests_browser' strategy...
2025-12-24 12:48:38,850 - WARNING - [BBC] FAILED with 'requests_browser' (content was too short: 73 words).
2025-12-24 12:48:38,851 - ERROR - [BBC] All scrape strategies failed for https://www.bbc.com/news/videos/clydk6vd4rzo?at_medium=RSS&at_campaign=rss. Falling back to RSS description.
2025-12-24 12:48:38,852 - INFO - Saved article: Watch: Huge fireball as tanker explodes on Italian motorway from BBC
2025-12-24 12:48:39,930 - INFO - [The Guardian] Article: https://www.theguardian.com/technology/2025/dec/24/us-state-department-visa-ban-former-eu-commissioner-europe
2025-12-24 12:48:39,930 - INFO - [The Guardian] Attempt 1/1: Trying with 'requests_browser' strategy...
2025-12-24 12:48:39,962 - INFO - [The Guardian] Success with 'requests_browser'. Found content (518 words).
2025-12-24 12:48:39,998 - INFO - Duplicate article skipped: Former EU commissioner and activists barred from US in attack on European tech regulators | Technology | The Guardian from The Guardian
2025-12-24 12:48:40,240 - INFO - [BBC] Article: https://www.bbc.com/news/videos/c0edjv3jr3po?at_medium=RSS&at_campaign=rss
2025-12-24 12:48:40,240 - INFO - [BBC] Attempt 1/1: Trying with 'requests_browser' strategy...
2025-12-24 12:48:40,294 - INFO - [BBC] Success with 'requests_browser'. Found content (114 words).
2025-12-24 12:48:40,339 - INFO - Saved article: Watch: Rescuers find survivor in wreckage of Mexican Navy medical flight from BBC
2025-12-24 12:48:41,036 - INFO - [The Guardian] Article: https://www.theguardian.com/world/2025/dec/23/ukrainian-cities-lose-power-in-winter-weather-after-russian-attacks
2025-12-24 12:48:41,036 - INFO - [The Guardian] Attempt 1/1: Trying with 'requests_browser' strategy...
2025-12-24 12:48:41,153 - INFO - [The Guardian] Success with 'requests_browser'. Found content (612 words).
2025-12-24 12:48:41,188 - INFO - Duplicate article skipped: Russian attacks kill three and cut power to freezing Ukrainian regions | Ukraine | The Guardian from The Guardian
2025-12-24 12:48:41,783 - INFO - [BBC] Article: https://www.bbc.com/news/videos/ce3w4x2v0xko?at_medium=RSS&at_campaign=rss
2025-12-24 12:48:41,783 - INFO - [BBC] Attempt 1/1: Trying with 'requests_browser' strategy...
2025-12-24 12:48:41,842 - INFO - [BBC] Success with 'requests_browser'. Found content (134 words).
2025-12-24 12:48:41,887 - INFO - Duplicate article skipped: Ros Atkins on… the oil tanker being pursued by the US from BBC
2025-12-24 12:48:41,934 - INFO - [The Guardian] Article: https://www.theguardian.com/business/2025/dec/23/ryanair-fined-limit-online-travel-agencies-ticket-sales-ota
2025-12-24 12:48:41,934 - INFO - [The Guardian] Attempt 1/1: Trying with 'requests_browser' strategy...
2025-12-24 12:48:41,970 - INFO - [The Guardian] Success with 'requests_browser'. Found content (573 words).
2025-12-24 12:48:42,070 - INFO - Duplicate article skipped: Ryanair fined €256m over ‘abusive strategy’ to limit ticket sales by online travel agencies | Ryanair | The Guardian from The Guardian
2025-12-24 12:48:43,110 - INFO - [BBC] Article: https://www.bbc.com/news/videos/cwywe5zw384o?at_medium=RSS&at_campaign=rss
2025-12-24 12:48:43,110 - INFO - [BBC] Attempt 1/1: Trying with 'requests_browser' strategy...
2025-12-24 12:48:43,162 - INFO - [BBC] Success with 'requests_browser'. Found content (127 words).
2025-12-24 12:48:43,207 - INFO - Duplicate article skipped: Trump's appointment of Greenland envoy sparks fresh row with Denmark from BBC
2025-12-24 12:48:44,164 - INFO - [BBC] Article: https://www.bbc.com/news/videos/cn7kpnjnmklo?at_medium=RSS&at_campaign=rss
2025-12-24 12:48:44,165 - INFO - [BBC] Attempt 1/1: Trying with 'requests_browser' strategy...
2025-12-24 12:48:44,220 - INFO - [BBC] Success with 'requests_browser'. Found content (99 words).
2025-12-24 12:48:44,262 - INFO - Duplicate article skipped: Watch: Images, cassettes and high-profile figures from Epstein files from BBC
2025-12-24 12:49:28,223 - ERROR - [The Hindu] Request failed for strategy 'selenium_browser' on URL https://www.thehindu.com/news/national/after-indigo-crisis-aviation-ministry-gives-nod-to-two-new-indian-airlines/article70433508.ece: Message: timeout: Timed out receiving message from renderer: 59.124
  (Session info: chrome=143.0.7499.109)
Stacktrace:
#0 0x55f478f4319a <unknown>
#1 0x55f4789c0c4b <unknown>
#2 0x55f4789a8cf3 <unknown>
#3 0x55f4789a89d6 <unknown>
#4 0x55f4789a6897 <unknown>
#5 0x55f4789a71af <unknown>
#6 0x55f4789b5970 <unknown>
#7 0x55f4789cf017 <unknown>
#8 0x55f4789d56cb <unknown>
#9 0x55f4789a78d8 <unknown>
#10 0x55f4789cedc3 <unknown>
#11 0x55f478a5df60 <unknown>
#12 0x55f478a04c42 <unknown>
#13 0x55f478a058f1 <unknown>
#14 0x55f478f0bf39 <unknown>
#15 0x55f478f0ee7d <unknown>
#16 0x55f478ef4c81 <unknown>
#17 0x55f478f0fa5b <unknown>
#18 0x55f478edba50 <unknown>
#19 0x55f478f30aa8 <unknown>
#20 0x55f478f30c79 <unknown>
#21 0x55f478f424f3 <unknown>
#22 0x7f1e02e9caa4 <unknown>
#23 0x7f1e02f29c6c <unknown>

2025-12-24 12:49:28,223 - ERROR - [The Hindu] All scrape strategies failed for https://www.thehindu.com/news/national/after-indigo-crisis-aviation-ministry-gives-nod-to-two-new-indian-airlines/article70433508.ece. Falling back to RSS description.
2025-12-24 12:49:28,225 - INFO - Saved article: After IndiGo crisis, aviation ministry gives nod to two new Indian airlines from The Hindu
2025-12-24 12:49:29,391 - INFO - [The Hindu] Article: https://www.thehindu.com/sci-tech/energy-and-environment/western-hoolock-gibbon-endangered-assam-northeast-conservation/article70406652.ece
2025-12-24 12:49:29,391 - INFO - [The Hindu] Attempt 1/1: Trying with 'selenium_browser' strategy...
2025-12-24 12:49:31,486 - INFO - [The Hindu] Page content loaded.
2025-12-24 12:49:31,571 - INFO - [The Hindu] Success with 'selenium_browser'. Found content (900 words).
2025-12-24 12:49:31,630 - INFO - Saved article: Stress tests and drones: the new playbook to protect the endangered western hoolock gibbon - The Hindu from The Hindu
2025-12-24 12:49:32,641 - INFO - [The Hindu] Article: https://www.thehindu.com/news/cities/Hyderabad/hyderabad-traffic-home-guard-killed-in-attapur-accident/article70430628.ece
2025-12-24 12:49:32,641 - INFO - [The Hindu] Attempt 1/1: Trying with 'selenium_browser' strategy...
2025-12-24 12:49:34,642 - INFO - [The Hindu] Page content loaded.
2025-12-24 12:49:34,715 - INFO - [The Hindu] Success with 'selenium_browser'. Found content (181 words).
2025-12-24 12:49:34,794 - INFO - Saved article: Hyderabad Traffic Home Guard killed in Attapur accident - The Hindu from The Hindu
2025-12-24 12:49:36,191 - INFO - [The Hindu] Article: https://www.thehindu.com/news/cities/Hyderabad/new-ceo-for-ikp-knowledge-park/article70430745.ece
2025-12-24 12:49:36,191 - INFO - [The Hindu] Attempt 1/1: Trying with 'selenium_browser' strategy...
2025-12-24 12:49:42,278 - INFO - [The Hindu] Page content loaded.
2025-12-24 12:49:42,488 - INFO - [The Hindu] Success with 'selenium_browser'. Found content (127 words).
2025-12-24 12:49:42,597 - INFO - Saved article: New CEO for IKP Knowledge Park - The Hindu from The Hindu
2025-12-24 12:49:43,256 - INFO - [The Hindu] Article: https://www.thehindu.com/news/national/telangana/sridhar-babu-inspects-collapsed-check-dam-at-adavi-somanpalli-in-peddapalli/article70431065.ece
2025-12-24 12:49:43,256 - INFO - [The Hindu] Attempt 1/1: Trying with 'selenium_browser' strategy...
2025-12-24 12:49:45,121 - INFO - [The Hindu] Page content loaded.
2025-12-24 12:49:45,189 - INFO - [The Hindu] Success with 'selenium_browser'. Found content (118 words).
2025-12-24 12:49:45,270 - INFO - Saved article: Sridhar Babu inspects collapsed check dam at Adavi Somanpalli in Peddapalli - The Hindu from The Hindu
2025-12-24 12:49:46,627 - INFO - [The Hindu] Article: https://www.thehindu.com/news/national/physical-activity-linked-to-lower-breast-cancer-risk-icmr-study/article70433532.ece
2025-12-24 12:49:46,627 - INFO - [The Hindu] Attempt 1/1: Trying with 'selenium_browser' strategy...
2025-12-24 12:49:48,717 - INFO - [The Hindu] Page content loaded.
2025-12-24 12:49:48,944 - INFO - [The Hindu] Success with 'selenium_browser'. Found content (386 words).
2025-12-24 12:49:49,014 - INFO - Saved article: Physical activity linked to lower breast cancer risk: ICMR study - The Hindu from The Hindu
2025-12-24 12:49:50,312 - INFO - [The Hindu] Article: https://www.thehindu.com/videos/maharashtra-poll-results-2025-bjp-gains-sena-ncp-factions-struggle-full-breakdown/article70433594.ece
2025-12-24 12:49:50,312 - INFO - [The Hindu] Attempt 1/1: Trying with 'selenium_browser' strategy...
2025-12-24 12:50:19,526 - ERROR - [Times of India] Request failed for strategy 'selenium_browser' on URL https://timesofindia.indiatimes.com/world/us-streamers/bryce-hall-threatens-kick-streamer-braden-clavicular-over-alleged-disrespect-toward-his-girlfriend/articleshow/126159715.cms: HTTPConnectionPool(host='localhost', port=42471): Read timed out. (read timeout=120)
2025-12-24 12:50:19,526 - ERROR - [Times of India] All scrape strategies failed for https://timesofindia.indiatimes.com/world/us-streamers/bryce-hall-threatens-kick-streamer-braden-clavicular-over-alleged-disrespect-toward-his-girlfriend/articleshow/126159715.cms. Falling back to RSS description.
2025-12-24 12:50:19,528 - INFO - Saved article: Bryce Hall threatens Kick streamer Braden “Clavicular” over alleged disrespect toward his girlfriend from Times of India
2025-12-24 12:50:20,609 - INFO - [Times of India] Article: https://timesofindia.indiatimes.com/world/us/traditional-indian-dinner-nick-fuentes-crosses-line-insults-indians-as-he-reacts-to-jd-vances-rebuff-over-usha-jibe/articleshow/126160080.cms
2025-12-24 12:50:20,609 - INFO - [Times of India] Attempt 1/1: Trying with 'selenium_browser' strategy...
2025-12-24 12:50:22,037 - INFO - [The Hindu] Page content loaded.
2025-12-24 12:50:22,133 - INFO - [The Hindu] Success with 'selenium_browser'. Found content (249 words).
2025-12-24 12:50:22,198 - INFO - Saved article: Maharashtra poll results 2025: BJP gains, Sena & NCP factions struggle | Full breakdown - The Hindu from The Hindu
2025-12-24 12:50:23,569 - INFO - [The Hindu] Article: https://www.thehindu.com/news/national/kerala/sit-moves-closer-to-questioning-more-tdb-higher-ups-in-sabarimala-gold-theft-case/article70433459.ece
2025-12-24 12:50:23,569 - INFO - [The Hindu] Attempt 1/1: Trying with 'selenium_browser' strategy...
2025-12-24 12:50:25,180 - INFO - [The Hindu] Page content loaded.
2025-12-24 12:50:25,298 - INFO - [The Hindu] Success with 'selenium_browser'. Found content (435 words).
2025-12-24 12:50:25,467 - INFO - Saved article: SIT moves closer to questioning more TDB higher-ups in Sabarimala gold theft case - The Hindu from The Hindu
2025-12-24 12:50:26,213 - INFO - [The Hindu] Article: https://www.thehindu.com/news/national/red-fort-blast-delhi-court-extends-judicial-custody-of-7-accused-till-january-8/article70433478.ece
2025-12-24 12:50:26,213 - INFO - [The Hindu] Attempt 1/1: Trying with 'selenium_browser' strategy...
2025-12-24 12:50:39,306 - INFO - [The Hindu] Page content loaded.
2025-12-24 12:50:39,502 - INFO - [The Hindu] Success with 'selenium_browser'. Found content (404 words).
2025-12-24 12:50:39,581 - INFO - Saved article: Red Fort blast: Delhi court extends judicial custody of 7 accused till January 8 - The Hindu from The Hindu
2025-12-24 12:50:40,480 - INFO - [The Hindu] Article: https://www.thehindu.com/news/national/west-bengal/humayun-kabir-names-ex-policeman-abul-hasan-as-jup-candidate-from-bengals-ballygunge-after-dropping-nisha-chatterjee/article70433518.ece
2025-12-24 12:50:40,480 - INFO - [The Hindu] Attempt 1/1: Trying with 'selenium_browser' strategy...
2025-12-24 12:50:51,185 - INFO - [The Hindu] Page content loaded.
2025-12-24 12:50:51,273 - INFO - [The Hindu] Success with 'selenium_browser'. Found content (203 words).
2025-12-24 12:50:51,337 - INFO - Saved article: Humayun Kabir names ex-policeman Abul Hasan as JUP candidate from Bengal’s Ballygunge after dropping Nisha Chatterjee - The Hindu from The Hindu
2025-12-24 12:50:51,939 - INFO - [The Hindu] Article: https://www.thehindu.com/news/national/maharashtra/alliance-of-thackerays-wont-have-much-impact-maharashtra-cm-devendra-fadnavis/article70433350.ece
2025-12-24 12:50:51,939 - INFO - [The Hindu] Attempt 1/1: Trying with 'selenium_browser' strategy...
2025-12-24 12:50:53,496 - INFO - [The Hindu] Page content loaded.
2025-12-24 12:50:53,562 - INFO - [The Hindu] Success with 'selenium_browser'. Found content (578 words).
2025-12-24 12:50:53,627 - INFO - Saved article: Alliance of Thackerays won't have much impact: Maharashtra CM Devendra Fadnavis - The Hindu from The Hindu
2025-12-24 12:50:54,280 - INFO - [The Hindu] Article: https://www.thehindu.com/news/cities/Delhi/delhi-police-arrests-alleged-kingpin-of-organised-crime-syndicate-under-mcoca/article70433469.ece
2025-12-24 12:50:54,281 - INFO - [The Hindu] Attempt 1/1: Trying with 'selenium_browser' strategy...
2025-12-24 12:50:55,750 - INFO - [The Hindu] Page content loaded.
2025-12-24 12:50:55,800 - INFO - [The Hindu] Success with 'selenium_browser'. Found content (240 words).
2025-12-24 12:50:55,856 - INFO - Saved article: Delhi Police arrests alleged kingpin of organised crime syndicate under MCOCA - The Hindu from The Hindu
2025-12-24 12:50:56,538 - INFO - [The Hindu] Article: https://www.thehindu.com/news/international/china-probably-seeks-to-capitalise-on-decreased-tension-along-lac-to-stabilise-ties-with-india-us-report/article70433397.ece
2025-12-24 12:50:56,539 - INFO - [The Hindu] Attempt 1/1: Trying with 'selenium_browser' strategy...
2025-12-24 12:50:57,639 - INFO - [The Hindu] Page content loaded.
2025-12-24 12:50:57,701 - INFO - [The Hindu] Success with 'selenium_browser'. Found content (620 words).
2025-12-24 12:50:57,780 - INFO - Saved article: China probably seeks to capitalise on decreased tension along LAC to stabilise ties with India: U.S. report - The Hindu from The Hindu
2025-12-24 12:50:58,704 - INFO - [The Hindu] Article: https://www.thehindu.com/news/national/himachal-pradesh/himachal-pradesh-custodial-death-case-hc-suspends-jail-term-of-former-igp-zaidi/article70433203.ece
2025-12-24 12:50:58,704 - INFO - [The Hindu] Attempt 1/1: Trying with 'selenium_browser' strategy...
2025-12-24 12:51:01,930 - INFO - [The Hindu] Page content loaded.
2025-12-24 12:51:02,009 - INFO - [The Hindu] Success with 'selenium_browser'. Found content (602 words).
2025-12-24 12:51:02,074 - INFO - Saved article: Himachal Pradesh custodial death case: HC suspends jail term of former IGP Zaidi - The Hindu from The Hindu
2025-12-24 12:51:03,541 - INFO - [The Hindu] Article: https://www.thehindu.com/news/national/kerala/malayalam-filmmaker-anuraj-manohar-challenges-kerala-film-producers-associations-list-of-hits-and-flop-films-in-2025-questions-criteria/article70433185.ece
2025-12-24 12:51:03,541 - INFO - [The Hindu] Attempt 1/1: Trying with 'selenium_browser' strategy...
2025-12-24 12:51:04,268 - INFO - [The Hindu] Page content loaded.
2025-12-24 12:51:04,351 - INFO - [The Hindu] Success with 'selenium_browser'. Found content (360 words).
2025-12-24 12:51:04,439 - INFO - Saved article: Malayalam filmmaker Anuraj Manohar challenges Kerala Film Producers’ Association’s list of hits and flop films in 2025, questions criteria - The Hindu from The Hindu
2025-12-24 12:51:05,276 - INFO - [The Hindu] Article: https://www.thehindu.com/books/books-authors/eminent-writer-vinod-kumar-shuklas-last-rites-performed-with-full-state-honours-in-raipur/article70433306.ece
2025-12-24 12:51:05,276 - INFO - [The Hindu] Attempt 1/1: Trying with 'selenium_browser' strategy...
2025-12-24 12:51:07,163 - INFO - [The Hindu] Page content loaded.
2025-12-24 12:51:07,220 - INFO - [The Hindu] Success with 'selenium_browser'. Found content (499 words).
2025-12-24 12:51:07,286 - INFO - Saved article: Eminent writer Vinod Kumar Shukla’s last rites performed with full state honours in Raipur - The Hindu from The Hindu
2025-12-24 12:51:08,476 - INFO - [The Hindu] Article: https://www.thehindu.com/news/national/karnataka/three-of-family-killed-two-injured-in-road-accident-near-ballari/article70433094.ece
2025-12-24 12:51:08,476 - INFO - [The Hindu] Attempt 1/1: Trying with 'selenium_browser' strategy...
2025-12-24 12:51:09,948 - INFO - [The Hindu] Page content loaded.
2025-12-24 12:51:10,025 - INFO - [The Hindu] Success with 'selenium_browser'. Found content (135 words).
2025-12-24 12:51:10,100 - INFO - Saved article: 3 of family killed, 2 injured in road accident near Ballari - The Hindu from The Hindu
2025-12-24 12:51:11,445 - INFO - [The Hindu] Article: https://www.thehindu.com/news/national/union-cabinet-approves-expansion-of-delhi-metro-rail-network/article70433290.ece
2025-12-24 12:51:11,445 - INFO - [The Hindu] Attempt 1/1: Trying with 'selenium_browser' strategy...
2025-12-24 12:51:13,023 - INFO - [The Hindu] Page content loaded.
2025-12-24 12:51:13,117 - INFO - [The Hindu] Success with 'selenium_browser'. Found content (207 words).
2025-12-24 12:51:13,299 - INFO - Saved article: Union Cabinet approves expansion of Delhi Metro Rail network - The Hindu from The Hindu
2025-12-24 12:51:13,824 - INFO - [The Hindu] Article: https://www.thehindu.com/news/national/chhattisgarh/two-killed-one-injured-as-spark-from-motor-triggers-major-factory-fire-in-chhattisgarhs-bilaspur/article70433220.ece
2025-12-24 12:51:13,824 - INFO - [The Hindu] Attempt 1/1: Trying with 'selenium_browser' strategy...
2025-12-24 12:51:16,351 - INFO - [The Hindu] Page content loaded.
2025-12-24 12:51:16,433 - INFO - [The Hindu] Success with 'selenium_browser'. Found content (316 words).
2025-12-24 12:51:16,500 - INFO - Saved article: Two killed, one injured as spark from motor triggers major factory fire in Chhattisgarh’s Bilaspur - The Hindu from The Hindu
2025-12-24 12:51:17,606 - INFO - [The Hindu] Article: https://www.thehindu.com/news/national/maharashtra/tribunal-grants-6-month-extension-for-uploading-waqf-property-data-on-umeed-portal/article70433190.ece
2025-12-24 12:51:17,606 - INFO - [The Hindu] Attempt 1/1: Trying with 'selenium_browser' strategy...
2025-12-24 12:51:19,267 - INFO - [The Hindu] Page content loaded.
2025-12-24 12:51:19,322 - INFO - [The Hindu] Success with 'selenium_browser'. Found content (357 words).
2025-12-24 12:51:19,424 - INFO - Saved article: Tribunal grants 6-month extension for uploading Waqf property data on UMEED portal - The Hindu from The Hindu
2025-12-24 12:51:20,000 - INFO - [The Hindu] Article: https://www.thehindu.com/news/national/kerala/kochi-mayor-row-congress-leaders-express-differing-opinions/article70432985.ece
2025-12-24 12:51:20,000 - INFO - [The Hindu] Attempt 1/1: Trying with 'selenium_browser' strategy...
2025-12-24 12:51:21,669 - INFO - [The Hindu] Page content loaded.
2025-12-24 12:51:21,727 - INFO - [The Hindu] Success with 'selenium_browser'. Found content (476 words).
2025-12-24 12:51:21,787 - INFO - Saved article: Kochi mayor row: Congress leaders express differing opinions - The Hindu from The Hindu
2025-12-24 12:51:23,099 - INFO - [The Hindu] Article: https://www.thehindu.com/news/national/telangana/339-one-bhk-flats-in-gachibowli-warangal-and-khammam-to-be-allotted-through-lucky-draw/article70412148.ece
2025-12-24 12:51:23,099 - INFO - [The Hindu] Attempt 1/1: Trying with 'selenium_browser' strategy...
2025-12-24 12:51:24,715 - INFO - [The Hindu] Page content loaded.
2025-12-24 12:51:24,796 - INFO - [The Hindu] Success with 'selenium_browser'. Found content (254 words).
2025-12-24 12:51:24,894 - INFO - Saved article: 339 one BHK flats in Gachibowli, Warangal and Khammam to be allotted through lucky draw - The Hindu from The Hindu
2025-12-24 12:51:25,481 - INFO - [The Hindu] Article: https://www.thehindu.com/videos/un-at-80-ellora-caves-host-global-cultural-celebration-with-artists-from-7-nations/article70433209.ece
2025-12-24 12:51:25,481 - INFO - [The Hindu] Attempt 1/1: Trying with 'selenium_browser' strategy...
2025-12-24 12:51:27,288 - INFO - [The Hindu] Page content loaded.
2025-12-24 12:51:27,363 - INFO - [The Hindu] Success with 'selenium_browser'. Found content (183 words).
2025-12-24 12:51:27,422 - INFO - Saved article: UN at 80: Ellora caves host global cultural celebration with artists from 7 nations - The Hindu from The Hindu
2025-12-24 12:51:28,010 - INFO - [The Hindu] Article: https://www.thehindu.com/news/national/uttar-pradesh/uttar-pradesh-govt-recruitments-akhilesh-yadav-accuses-bjp-of-denying-obc-reservation/article70433118.ece
2025-12-24 12:51:28,010 - INFO - [The Hindu] Attempt 1/1: Trying with 'selenium_browser' strategy...
2025-12-24 12:51:28,572 - INFO - [The Hindu] Page content loaded.
2025-12-24 12:51:28,687 - INFO - [The Hindu] Success with 'selenium_browser'. Found content (402 words).
2025-12-24 12:51:28,781 - INFO - Saved article: Uttar Pradesh Govt recruitments: Akhilesh Yadav accuses BJP of denying OBC reservation - The Hindu from The Hindu
2025-12-24 12:51:29,934 - INFO - [The Hindu] (Thread) Finished. Attempting to shut down its Selenium driver.
2025-12-24 12:51:30,153 - INFO - [The Hindu] (Thread) driver.quit() successful.
2025-12-24 12:52:20,702 - ERROR - [Times of India] Request failed for strategy 'selenium_browser' on URL https://timesofindia.indiatimes.com/world/us/traditional-indian-dinner-nick-fuentes-crosses-line-insults-indians-as-he-reacts-to-jd-vances-rebuff-over-usha-jibe/articleshow/126160080.cms: HTTPConnectionPool(host='localhost', port=42471): Read timed out. (read timeout=120)
2025-12-24 12:52:20,702 - ERROR - [Times of India] All scrape strategies failed for https://timesofindia.indiatimes.com/world/us/traditional-indian-dinner-nick-fuentes-crosses-line-insults-indians-as-he-reacts-to-jd-vances-rebuff-over-usha-jibe/articleshow/126160080.cms. Falling back to RSS description.
2025-12-24 12:52:20,704 - INFO - Saved article: 'Traditional Indian dinner': Nick Fuentes crosses line, insults Indians as he targets JD Vance from Times of India
2025-12-24 12:52:21,737 - INFO - [Times of India] Article: https://timesofindia.indiatimes.com/science/why-mosquitoes-bite-you-more-the-surprising-science-behind-being-a-mosquito-magnet/articleshow/126157755.cms
2025-12-24 12:52:21,737 - INFO - [Times of India] Attempt 1/1: Trying with 'selenium_browser' strategy...
2025-12-24 12:54:21,801 - ERROR - [Times of India] Request failed for strategy 'selenium_browser' on URL https://timesofindia.indiatimes.com/science/why-mosquitoes-bite-you-more-the-surprising-science-behind-being-a-mosquito-magnet/articleshow/126157755.cms: HTTPConnectionPool(host='localhost', port=42471): Read timed out. (read timeout=120)
2025-12-24 12:54:21,801 - ERROR - [Times of India] All scrape strategies failed for https://timesofindia.indiatimes.com/science/why-mosquitoes-bite-you-more-the-surprising-science-behind-being-a-mosquito-magnet/articleshow/126157755.cms. Falling back to RSS description.
2025-12-24 12:54:21,804 - INFO - Saved article: Why mosquitoes bite you more: The surprising science behind being a 'mosquito magnet' from Times of India
2025-12-24 12:54:22,818 - INFO - [Times of India] Article: https://timesofindia.indiatimes.com/world/pakistan/pakistan-imran-khan-bishra-bibi-get-interim-bail-extension-in-may-9-cases-court-adjourns-multiple-hearings-till-jan-27/articleshow/126160004.cms
2025-12-24 12:54:22,818 - INFO - [Times of India] Attempt 1/1: Trying with 'selenium_browser' strategy...
2025-12-24 12:55:11,995 - CRITICAL - --- TIMEOUT: 1 scrape jobs did not complete in 420s. ---
2025-12-24 12:55:11,995 - ERROR - A thread has timed out and will be abandoned.
2025-12-24 12:55:11,995 - INFO - Shutting down thread pool (wait=False)...
2025-12-24 12:55:11,995 - INFO - Scraped: 25 The Hindu, 6 BBC, 6 The Guardian, 1 Timed_Out_Jobs articles. (Total saved: 37)
2025-12-24 12:55:11,995 - INFO - --- Scraping job finished ---
2025-12-24 12:55:11,995 - INFO - --- Scraper service stopped and database connection closed. ---
2025-12-24 12:55:11,995 - INFO - --- Main thread finished. Forcing process exit to kill zombie threads. ---
