2025-11-30 01:56:22,436 - INFO - Initializing database connection at: news_articles.db
2025-11-30 01:56:22,437 - INFO - --- Scraper service started (CI Mode: Run Once) ---
2025-11-30 01:56:22,437 - INFO - --- Starting new scraping job (Parallel Mode) ---
2025-11-30 01:56:22,437 - INFO - Creating new robust session with 3 retries on 5xx/connection/read errors.
2025-11-30 01:56:22,437 - INFO - Proxy is DISABLED.
2025-11-30 01:56:22,437 - INFO - Starting scrape for BBC RSS feed: http://feeds.bbci.co.uk/news/world/rss.xml
2025-11-30 01:56:22,438 - INFO - [Times of India] (Thread) requires Selenium. Initializing driver...
2025-11-30 01:56:22,438 - INFO - Initializing headless Selenium Chrome driver (using SeleniumManager)...
2025-11-30 01:56:22,438 - INFO - Starting scrape for The Guardian RSS feed: https://www.theguardian.com/world/rss
2025-11-30 01:56:22,442 - INFO - [The Hindu] (Thread) requires Selenium. Initializing driver...
2025-11-30 01:56:22,442 - INFO - Initializing headless Selenium Chrome driver (using SeleniumManager)...
2025-11-30 01:56:22,443 - INFO - Submitted 4 jobs to thread pool. Waiting up to 420s for completion...
2025-11-30 01:56:22,701 - INFO - Found 25 articles in BBC RSS feed. Processing up to 25.
2025-11-30 01:56:22,702 - INFO - [BBC] Article: https://www.bbc.com/news/articles/c741mpdyw9no?at_medium=RSS&at_campaign=rss
2025-11-30 01:56:22,702 - INFO - [BBC] Attempt 1/1: Trying with 'requests_browser' strategy...
2025-11-30 01:56:22,737 - INFO - Found 45 articles in The Guardian RSS feed. Processing up to 25.
2025-11-30 01:56:22,737 - INFO - [The Guardian] Article: https://www.theguardian.com/world/2025/nov/28/jacob-zuma-daughter-resigns-claims-south-africans-tricked-fight-russia
2025-11-30 01:56:22,737 - INFO - [The Guardian] Attempt 1/1: Trying with 'requests_browser' strategy...
2025-11-30 01:56:22,785 - INFO - [The Guardian] Success with 'requests_browser'. Found content (753 words).
2025-11-30 01:56:22,826 - INFO - Duplicate article skipped: Jacob Zuma’s daughter resigns amid claims South Africans tricked to fight for Russia | South Africa | The Guardian from The Guardian
2025-11-30 01:56:23,182 - INFO - [BBC] Success with 'requests_browser'. Found content (505 words).
2025-11-30 01:56:23,238 - INFO - Saved article: Venezuela calls Trump airspace closure warning 'colonialist threat' from BBC
2025-11-30 01:56:23,354 - INFO - [The Guardian] Article: https://www.theguardian.com/environment/2025/nov/28/africa-forests-transformed-carbon-sink-carbon-source-study
2025-11-30 01:56:23,355 - INFO - [The Guardian] Attempt 1/1: Trying with 'requests_browser' strategy...
2025-11-30 01:56:23,526 - INFO - [The Guardian] Success with 'requests_browser'. Found content (458 words).
2025-11-30 01:56:23,564 - INFO - Duplicate article skipped: Africa’s forests transformed from carbon sink to carbon source, study finds | Climate crisis | The Guardian from The Guardian
2025-11-30 01:56:24,214 - INFO - [BBC] Article: https://www.bbc.com/news/articles/c5y9ejley9do?at_medium=RSS&at_campaign=rss
2025-11-30 01:56:24,214 - INFO - [BBC] Attempt 1/1: Trying with 'requests_browser' strategy...
2025-11-30 01:56:24,265 - INFO - [BBC] Success with 'requests_browser'. Found content (627 words).
2025-11-30 01:56:24,309 - INFO - Saved article: Flooding across Asia leaves 600 dead from BBC
2025-11-30 01:56:24,738 - INFO - [The Guardian] Article: https://www.theguardian.com/world/2025/nov/26/guinea-bissau-officers-take-total-control-close-borders-amid-election-chaos
2025-11-30 01:56:24,738 - INFO - [The Guardian] Attempt 1/1: Trying with 'requests_browser' strategy...
2025-11-30 01:56:24,818 - INFO - [BBC] Article: https://www.bbc.com/news/articles/cp9ky5z2gx0o?at_medium=RSS&at_campaign=rss
2025-11-30 01:56:24,818 - INFO - [BBC] Attempt 1/1: Trying with 'requests_browser' strategy...
2025-11-30 01:56:24,858 - INFO - [BBC] Success with 'requests_browser'. Found content (454 words).
2025-11-30 01:56:24,903 - INFO - Saved article: Ukraine hits tankers in Black Sea in escalation against Russia from BBC
2025-11-30 01:56:24,939 - INFO - [The Guardian] Success with 'requests_browser'. Found content (412 words).
2025-11-30 01:56:24,979 - INFO - Duplicate article skipped: Guinea-Bissau military takes ‘total control’ amid election chaos | Guinea-Bissau | The Guardian from The Guardian
2025-11-30 01:56:26,096 - INFO - [The Guardian] Article: https://www.theguardian.com/world/2025/nov/25/nigerian-schoolgirls-rescued-after-mass-abduction-in-kebbi
2025-11-30 01:56:26,096 - INFO - [The Guardian] Attempt 1/1: Trying with 'requests_browser' strategy...
2025-11-30 01:56:26,137 - INFO - [The Guardian] Success with 'requests_browser'. Found content (515 words).
2025-11-30 01:56:26,195 - INFO - Duplicate article skipped: Nigerian schoolgirls rescued after mass abduction in Kebbi | Nigeria | The Guardian from The Guardian
2025-11-30 01:56:26,289 - INFO - [BBC] Article: https://www.bbc.com/news/articles/cz0nljm4y74o?at_medium=RSS&at_campaign=rss
2025-11-30 01:56:26,289 - INFO - [BBC] Attempt 1/1: Trying with 'requests_browser' strategy...
2025-11-30 01:56:26,333 - INFO - [BBC] Success with 'requests_browser'. Found content (844 words).
2025-11-30 01:56:26,373 - INFO - Duplicate article skipped: Andriy Yermak: How Zelensky's right-hand man fell from power from BBC
2025-11-30 01:56:26,915 - INFO - [The Guardian] Article: https://www.theguardian.com/world/2025/nov/25/jacob-zuma-daughter-accused-tricking-men-fighting-for-russia-in-ukraine
2025-11-30 01:56:26,915 - INFO - [The Guardian] Attempt 1/1: Trying with 'requests_browser' strategy...
2025-11-30 01:56:26,960 - INFO - [The Guardian] Success with 'requests_browser'. Found content (656 words).
2025-11-30 01:56:27,012 - INFO - Duplicate article skipped: Jacob Zuma’s daughter accused of tricking men into fighting for Russia in Ukraine | South Africa | The Guardian from The Guardian
2025-11-30 01:56:27,361 - INFO - [BBC] Article: https://www.bbc.com/news/articles/c4gp917zr8no?at_medium=RSS&at_campaign=rss
2025-11-30 01:56:27,361 - INFO - [BBC] Attempt 1/1: Trying with 'requests_browser' strategy...
2025-11-30 01:56:27,413 - INFO - [BBC] Success with 'requests_browser'. Found content (355 words).
2025-11-30 01:56:27,485 - INFO - Saved article: Pope Leo visits Istanbul's Blue Mosque from BBC
2025-11-30 01:56:28,246 - INFO - [BBC] Article: https://www.bbc.com/news/videos/cy5gn3vpxpno?at_medium=RSS&at_campaign=rss
2025-11-30 01:56:28,246 - INFO - [BBC] Attempt 1/1: Trying with 'requests_browser' strategy...
2025-11-30 01:56:28,271 - INFO - [The Guardian] Article: https://www.theguardian.com/world/2025/nov/29/donald-trump-venezuela-airspace-closure
2025-11-30 01:56:28,271 - INFO - [The Guardian] Attempt 1/1: Trying with 'requests_browser' strategy...
2025-11-30 01:56:28,320 - INFO - [The Guardian] Success with 'requests_browser'. Found content (363 words).
2025-11-30 01:56:28,369 - INFO - Saved article: Venezuela denounces ‘colonialist threat’ as Trump orders airspace closed | Venezuela | The Guardian from The Guardian
2025-11-30 01:56:28,372 - INFO - [BBC] Success with 'requests_browser'. Found content (102 words).
2025-11-30 01:56:28,429 - INFO - Saved article: Watch: Moment huge fireball destroys Sydney waste facility from BBC
2025-11-30 01:56:29,229 - INFO - Selenium driver initialized successfully.
2025-11-30 01:56:29,229 - INFO - Starting scrape for The Hindu RSS feed: https://www.thehindu.com/news/national/feeder/default.rss
2025-11-30 01:56:29,231 - INFO - Selenium driver initialized successfully.
2025-11-30 01:56:29,231 - INFO - Starting scrape for Times of India RSS feed: https://timesofindia.indiatimes.com/rssfeeds/296589292.cms
2025-11-30 01:56:29,399 - INFO - Found 100 articles in The Hindu RSS feed. Processing up to 25.
2025-11-30 01:56:29,400 - INFO - [The Hindu] Article: https://www.thehindu.com/news/national/rajasthan/couple-critical-after-being-set-on-fire-over-family-feud-in-jaipur-village/article70339195.ece
2025-11-30 01:56:29,400 - INFO - [The Hindu] Attempt 1/1: Trying with 'selenium_browser' strategy...
2025-11-30 01:56:29,407 - INFO - Found 20 articles in Times of India RSS feed. Processing up to 25.
2025-11-30 01:56:29,407 - INFO - [Times of India] Article: https://timesofindia.indiatimes.com/world/uk/tom-stoppard-playwright-who-dazzled-with-verbal-gymnastics-dies/articleshow/125667598.cms
2025-11-30 01:56:29,407 - INFO - [Times of India] Attempt 1/1: Trying with 'selenium_browser' strategy...
2025-11-30 01:56:29,464 - INFO - [BBC] Article: https://www.bbc.com/news/articles/c8e97kl240lo?at_medium=RSS&at_campaign=rss
2025-11-30 01:56:29,464 - INFO - [BBC] Attempt 1/1: Trying with 'requests_browser' strategy...
2025-11-30 01:56:29,510 - INFO - [BBC] Success with 'requests_browser'. Found content (324 words).
2025-11-30 01:56:29,547 - INFO - Saved article: More than 70,000 killed in Gaza since Israel offensive began, Hamas-run health ministry says from BBC
2025-11-30 01:56:29,575 - INFO - [The Guardian] Article: https://www.theguardian.com/us-news/2025/nov/29/pete-hegseth-denies-ordering-deaths-narco-boat
2025-11-30 01:56:29,575 - INFO - [The Guardian] Attempt 1/1: Trying with 'requests_browser' strategy...
2025-11-30 01:56:29,612 - INFO - [The Guardian] Success with 'requests_browser'. Found content (846 words).
2025-11-30 01:56:29,677 - INFO - Saved article: Pete Hegseth denies he gave orders to ‘kill everybody’ on alleged ‘narco-boat’ | Pete Hegseth | The Guardian from The Guardian
2025-11-30 01:56:30,118 - INFO - [BBC] Article: https://www.bbc.com/news/articles/ce865kpdzz8o?at_medium=RSS&at_campaign=rss
2025-11-30 01:56:30,118 - INFO - [BBC] Attempt 1/1: Trying with 'requests_browser' strategy...
2025-11-30 01:56:30,211 - INFO - [BBC] Success with 'requests_browser'. Found content (356 words).
2025-11-30 01:56:30,290 - INFO - Duplicate article skipped: Australian prime minister Albanese becomes first to wed in office from BBC
2025-11-30 01:56:30,798 - INFO - [The Guardian] Article: https://www.theguardian.com/world/2025/nov/29/uk-mps-extra-aid-humanitarian-visas-jamaica-hurricane-melissa-dawn-butler
2025-11-30 01:56:30,798 - INFO - [The Guardian] Attempt 1/1: Trying with 'requests_browser' strategy...
2025-11-30 01:56:30,834 - INFO - [BBC] Article: https://www.bbc.com/news/articles/cp39yw120kdo?at_medium=RSS&at_campaign=rss
2025-11-30 01:56:30,834 - INFO - [BBC] Attempt 1/1: Trying with 'requests_browser' strategy...
2025-11-30 01:56:30,895 - INFO - [The Guardian] Success with 'requests_browser'. Found content (873 words).
2025-11-30 01:56:31,043 - INFO - [BBC] Success with 'requests_browser'. Found content (376 words).
2025-11-30 01:56:31,086 - INFO - Duplicate article skipped: UK MPs push for extra aid and visas as Jamaica reels from Hurricane Melissa | Jamaica | The Guardian from The Guardian
2025-11-30 01:56:31,252 - INFO - Saved article: The Wiggles issue statement after appearing in Ecstasy music video from BBC
2025-11-30 01:56:31,802 - INFO - [The Guardian] Article: https://www.theguardian.com/us-news/2025/nov/28/trump-pardon-honduras-hernandez-drugs
2025-11-30 01:56:31,802 - INFO - [The Guardian] Attempt 1/1: Trying with 'requests_browser' strategy...
2025-11-30 01:56:31,937 - INFO - [The Guardian] Success with 'requests_browser'. Found content (558 words).
2025-11-30 01:56:32,228 - INFO - [BBC] Article: https://www.bbc.com/news/articles/c8dy9lne2plo?at_medium=RSS&at_campaign=rss
2025-11-30 01:56:32,239 - INFO - [BBC] Attempt 1/1: Trying with 'requests_browser' strategy...
2025-11-30 01:56:32,536 - INFO - Duplicate article skipped: Trump to pardon ex-Honduras leader serving drug trafficking sentence in US | Donald Trump | The Guardian from The Guardian
2025-11-30 01:56:32,709 - INFO - [BBC] Success with 'requests_browser'. Found content (459 words).
2025-11-30 01:56:33,079 - INFO - Duplicate article skipped: Three days of mourning begins after Hong Kong apartment fire from BBC
2025-11-30 01:56:33,688 - INFO - [The Guardian] Article: https://www.theguardian.com/us-news/2025/nov/28/college-student-deported-boston-flight-thanksgiving
2025-11-30 01:56:33,688 - INFO - [The Guardian] Attempt 1/1: Trying with 'requests_browser' strategy...
2025-11-30 01:56:33,884 - INFO - [The Guardian] Success with 'requests_browser'. Found content (274 words).
2025-11-30 01:56:34,135 - INFO - Duplicate article skipped: College student deported when flying home for Thanksgiving, despite court order | ICE (US Immigration and Customs Enforcement) | The Guardian from The Guardian
2025-11-30 01:56:34,512 - INFO - [BBC] Article: https://www.bbc.com/news/articles/c4gp9d28p74o?at_medium=RSS&at_campaign=rss
2025-11-30 01:56:34,512 - INFO - [BBC] Attempt 1/1: Trying with 'requests_browser' strategy...
2025-11-30 01:56:34,750 - INFO - [BBC] Success with 'requests_browser'. Found content (430 words).
2025-11-30 01:56:34,765 - INFO - [The Guardian] Article: https://www.theguardian.com/world/2025/nov/29/indonesia-and-thailand-flooding-death-toll-tops-350-as-rescuers-struggle-to-reach-worst-hit-areas
2025-11-30 01:56:34,765 - INFO - [The Guardian] Attempt 1/1: Trying with 'requests_browser' strategy...
2025-11-30 01:56:35,141 - INFO - [The Guardian] Success with 'requests_browser'. Found content (645 words).
2025-11-30 01:56:35,167 - INFO - Saved article: Airbus: Flights resume as normal after software update warning from BBC
2025-11-30 01:56:35,461 - INFO - Duplicate article skipped: At least 500 killed in south-east Asia floods and landslides | Indonesia | The Guardian from The Guardian
2025-11-30 01:56:36,412 - INFO - [BBC] Article: https://www.bbc.com/news/articles/cx2gylngx7go?at_medium=RSS&at_campaign=rss
2025-11-30 01:56:36,412 - INFO - [BBC] Attempt 1/1: Trying with 'requests_browser' strategy...
2025-11-30 01:56:36,720 - INFO - [BBC] Success with 'requests_browser'. Found content (625 words).
2025-11-30 01:56:37,260 - INFO - [The Guardian] Article: https://www.theguardian.com/news/2025/nov/29/hong-kong-begins-three-days-of-mourning-after-deadly-apartment-fires
2025-11-30 01:56:37,260 - INFO - [The Guardian] Attempt 1/1: Trying with 'requests_browser' strategy...
2025-11-30 01:56:37,648 - INFO - [The Guardian] Success with 'requests_browser'. Found content (679 words).
2025-11-30 01:56:37,682 - INFO - Duplicate article skipped: Russian strikes cause power outages for more than 600,000 in Ukraine from BBC
2025-11-30 01:56:38,030 - INFO - Duplicate article skipped: Hong Kong begins three days of mourning after deadly apartment fires | Hong Kong apartment fires | The Guardian from The Guardian
2025-11-30 01:56:38,332 - INFO - [BBC] Article: https://www.bbc.com/news/articles/cvgj9dd983xo?at_medium=RSS&at_campaign=rss
2025-11-30 01:56:38,332 - INFO - [BBC] Attempt 1/1: Trying with 'requests_browser' strategy...
2025-11-30 01:56:38,802 - INFO - [The Guardian] Article: https://www.theguardian.com/news/2025/nov/28/hong-kong-apartment-fire-response-rescue-operations-death-toll
2025-11-30 01:56:38,802 - INFO - [The Guardian] Attempt 1/1: Trying with 'requests_browser' strategy...
2025-11-30 01:56:38,921 - INFO - [BBC] Success with 'requests_browser'. Found content (790 words).
2025-11-30 01:56:39,595 - INFO - [The Guardian] Success with 'requests_browser'. Found content (1000 words).
2025-11-30 01:56:40,006 - INFO - Duplicate article skipped: Nigeria blames jihadist groups for wave of kidnappings but others accuse criminal gangs from BBC
2025-11-30 01:56:40,620 - INFO - [BBC] Article: https://www.bbc.com/news/articles/c1kpm0rvxepo?at_medium=RSS&at_campaign=rss
2025-11-30 01:56:40,620 - INFO - [BBC] Attempt 1/1: Trying with 'requests_browser' strategy...
2025-11-30 01:56:40,655 - INFO - Duplicate article skipped: Rescue efforts end at Hong Kong tower block fire as death toll reaches 128 | Hong Kong apartment fires | The Guardian from The Guardian
2025-11-30 01:56:40,877 - INFO - [BBC] Success with 'requests_browser'. Found content (556 words).
2025-11-30 01:56:41,442 - INFO - Duplicate article skipped: Trump says he will pardon ex-Honduras president convicted of drug trafficking from BBC
2025-11-30 01:56:41,746 - INFO - [The Hindu] Page content loaded.
2025-11-30 01:56:41,955 - INFO - [The Guardian] Article: https://www.theguardian.com/news/2025/nov/28/hong-kong-community-groups-deliver-aid-to-survivors-of-wang-fuk-court-fire
2025-11-30 01:56:41,955 - INFO - [The Guardian] Attempt 1/1: Trying with 'requests_browser' strategy...
2025-11-30 01:56:42,177 - INFO - [The Guardian] Success with 'requests_browser'. Found content (687 words).
2025-11-30 01:56:42,608 - INFO - Duplicate article skipped: Hong Kong community groups deliver aid to survivors of Wang Fuk Court fire | Hong Kong apartment fires | The Guardian from The Guardian
2025-11-30 01:56:42,670 - INFO - [BBC] Article: https://www.bbc.com/news/articles/c4g6we59qe4o?at_medium=RSS&at_campaign=rss
2025-11-30 01:56:42,670 - INFO - [BBC] Attempt 1/1: Trying with 'requests_browser' strategy...
2025-11-30 01:56:42,852 - INFO - [The Hindu] Success with 'selenium_browser'. Found content (166 words).
2025-11-30 01:56:43,329 - INFO - [The Guardian] Article: https://www.theguardian.com/world/2025/nov/28/bear-attacks-man-public-toilet-japan
2025-11-30 01:56:43,346 - INFO - [The Guardian] Attempt 1/1: Trying with 'requests_browser' strategy...
2025-11-30 01:56:43,419 - INFO - [BBC] Success with 'requests_browser'. Found content (1774 words).
2025-11-30 01:56:43,896 - INFO - [The Guardian] Success with 'requests_browser'. Found content (373 words).
2025-11-30 01:56:44,429 - INFO - Saved article: Couple critical after being set on fire over family feud in Jaipur village - The Hindu from The Hindu
2025-11-30 01:56:44,964 - INFO - [The Hindu] Article: https://www.thehindu.com/news/national/maharashtra/raj-thackeray-opposes-tree-felling-for-sadhu-gram-ahead-of-nashik-kumbh-mela/article70339170.ece
2025-11-30 01:56:44,997 - INFO - [The Hindu] Attempt 1/1: Trying with 'selenium_browser' strategy...
2025-11-30 01:56:45,064 - INFO - Saved article: Nigeria's kidnapping crisis: 'Too scared to speak' - villagers on living in the midst of bandits from BBC
2025-11-30 01:56:45,071 - INFO - Duplicate article skipped: Bear attacks man in public toilet in Japan | Japan | The Guardian from The Guardian
2025-11-30 01:56:45,856 - INFO - [BBC] Article: https://www.bbc.com/news/articles/c2465lndrnno?at_medium=RSS&at_campaign=rss
2025-11-30 01:56:45,857 - INFO - [BBC] Attempt 1/1: Trying with 'requests_browser' strategy...
2025-11-30 01:56:46,185 - INFO - [The Guardian] Article: https://www.theguardian.com/australia-news/live/2025/nov/30/australia-news-live-jetstar-flights-resume-anthony-albanese-sussan-ley-labor-part-coalition-melbourne-metro-tunnel-ntwnfb
2025-11-30 01:56:46,185 - INFO - [The Guardian] Attempt 1/1: Trying with 'requests_browser' strategy...
2025-11-30 01:56:46,278 - INFO - [BBC] Success with 'requests_browser'. Found content (1355 words).
2025-11-30 01:56:46,596 - INFO - Saved article: Will new warning labels in Ireland turn people away from alcohol? from BBC
2025-11-30 01:56:48,002 - INFO - [BBC] Article: https://www.bbc.com/news/articles/cr435zp7wy5o?at_medium=RSS&at_campaign=rss
2025-11-30 01:56:48,002 - INFO - [BBC] Attempt 1/1: Trying with 'requests_browser' strategy...
2025-11-30 01:56:48,677 - INFO - [BBC] Success with 'requests_browser'. Found content (1177 words).
2025-11-30 01:56:48,945 - INFO - [The Guardian] Success with 'requests_browser'. Found content (2082 words).
2025-11-30 01:56:49,477 - INFO - Saved article: India freedom struggle: The hidden heroines found in long-lost photographs from BBC
2025-11-30 01:56:49,938 - INFO - Saved article: Australia news live: Rising Tide protesters block second coal ship entering Newcastle port; Katy Gallagher says Lodge ‘appropriate’ for PM’s wedding | Australia news | The Guardian from The Guardian
2025-11-30 01:56:50,735 - INFO - [BBC] Article: https://www.bbc.com/news/articles/c5yq6g1gv4jo?at_medium=RSS&at_campaign=rss
2025-11-30 01:56:50,735 - INFO - [BBC] Attempt 1/1: Trying with 'requests_browser' strategy...
2025-11-30 01:56:50,744 - INFO - [The Guardian] Article: https://www.theguardian.com/australia-news/2025/nov/30/couple-from-kazakhstan-allegedly-used-hidden-camera-and-earpieces-to-win-118m-from-sydneys-crown-casino
2025-11-30 01:56:50,744 - INFO - [The Guardian] Attempt 1/1: Trying with 'requests_browser' strategy...
2025-11-30 01:56:51,625 - INFO - [BBC] Success with 'requests_browser'. Found content (1317 words).
2025-11-30 01:56:51,688 - INFO - [The Guardian] Success with 'requests_browser'. Found content (310 words).
2025-11-30 01:56:52,267 - INFO - Saved article: Israel Gaza war: Why I spend hours painstakingly repairing banknotes from BBC
2025-11-30 01:56:52,378 - INFO - Saved article: Couple from Kazakhstan allegedly used hidden camera and earpieces to win $1.18m from Sydney’s Crown casino | Gambling | The Guardian from The Guardian
2025-11-30 01:56:53,012 - INFO - [BBC] Article: https://www.bbc.com/news/articles/clyzdxyjx2eo?at_medium=RSS&at_campaign=rss
2025-11-30 01:56:53,012 - INFO - [BBC] Attempt 1/1: Trying with 'requests_browser' strategy...
2025-11-30 01:56:53,408 - INFO - [BBC] Success with 'requests_browser'. Found content (1524 words).
2025-11-30 01:56:53,682 - INFO - Duplicate article skipped: Are UK Christmas markets as good as German ones? Here's what we found from BBC
2025-11-30 01:56:53,826 - INFO - [The Guardian] Article: https://www.theguardian.com/australia-news/2025/nov/29/four-year-old-gus-lamont-disappeared-from-his-homestead-into-the-australian-outback-two-months-on-questions-remain
2025-11-30 01:56:53,826 - INFO - [The Guardian] Attempt 1/1: Trying with 'requests_browser' strategy...
2025-11-30 01:56:54,372 - INFO - [BBC] Article: https://www.bbc.com/news/articles/cy7v6xl4me8o?at_medium=RSS&at_campaign=rss
2025-11-30 01:56:54,372 - INFO - [BBC] Attempt 1/1: Trying with 'requests_browser' strategy...
2025-11-30 01:56:54,697 - INFO - [The Guardian] Success with 'requests_browser'. Found content (739 words).
2025-11-30 01:56:54,878 - INFO - [BBC] Success with 'requests_browser'. Found content (1445 words).
2025-11-30 01:56:55,302 - INFO - Saved article: Four-year-old Gus Lamont disappeared from his homestead into the Australian outback. Two months on, questions remain | South Australia | The Guardian from The Guardian
2025-11-30 01:56:55,336 - INFO - Duplicate article skipped: Why the rich and powerful couldn't say no to Epstein from BBC
2025-11-30 01:56:55,884 - INFO - [The Guardian] Article: https://www.theguardian.com/australia-news/2025/nov/30/new-behaviour-standards-are-in-place-for-parliament-but-crossbenchers-say-question-time-still-rife-with-bullying
2025-11-30 01:56:55,884 - INFO - [The Guardian] Attempt 1/1: Trying with 'requests_browser' strategy...
2025-11-30 01:56:55,904 - INFO - [BBC] Article: https://www.bbc.com/news/videos/cp9kxxy123do?at_medium=RSS&at_campaign=rss
2025-11-30 01:56:55,905 - INFO - [BBC] Attempt 1/1: Trying with 'requests_browser' strategy...
2025-11-30 01:56:56,480 - INFO - [The Guardian] Success with 'requests_browser'. Found content (844 words).
2025-11-30 01:56:56,506 - WARNING - [BBC] FAILED with 'requests_browser' (content was too short: 66 words).
2025-11-30 01:56:56,515 - ERROR - [BBC] All scrape strategies failed for https://www.bbc.com/news/videos/cp9kxxy123do?at_medium=RSS&at_campaign=rss. Falling back to RSS description.
2025-11-30 01:56:56,515 - INFO - Duplicate article skipped: Scores killed as floods sweep several Asian nations from BBC
2025-11-30 01:56:56,775 - INFO - Saved article: New behaviour standards are in place for parliament but crossbenchers say question time still rife with bullying | Australian politics | The Guardian from The Guardian
2025-11-30 01:56:57,429 - INFO - [BBC] Article: https://www.bbc.com/news/videos/cev8exezvw2o?at_medium=RSS&at_campaign=rss
2025-11-30 01:56:57,429 - INFO - [BBC] Attempt 1/1: Trying with 'requests_browser' strategy...
2025-11-30 01:56:57,438 - INFO - [The Guardian] Article: https://www.theguardian.com/australia-news/2025/nov/30/australian-taxpayers-subsidise-rising-specialist-fees-abbott-era-medicare
2025-11-30 01:56:57,438 - INFO - [The Guardian] Attempt 1/1: Trying with 'requests_browser' strategy...
2025-11-30 01:56:57,926 - INFO - [The Guardian] Success with 'requests_browser'. Found content (736 words).
2025-11-30 01:56:58,052 - INFO - [BBC] Success with 'requests_browser'. Found content (89 words).
2025-11-30 01:56:58,656 - INFO - Saved article: Australian taxpayers subsidise rising specialist fees as spending on Abbott-era Medicare safety net ‘explodes’ | Health | The Guardian from The Guardian
2025-11-30 01:56:58,727 - INFO - Duplicate article skipped: Pope Leo struggles to unveil plaque in Turkey from BBC
2025-11-30 01:56:59,912 - INFO - [The Guardian] Article: https://www.theguardian.com/world/2025/nov/29/ukrainian-naval-drones-strike-two-russian-oil-tankers-in-black-sea
2025-11-30 01:56:59,912 - INFO - [The Guardian] Attempt 1/1: Trying with 'requests_browser' strategy...
2025-11-30 01:57:00,111 - INFO - [The Guardian] Success with 'requests_browser'. Found content (554 words).
2025-11-30 01:57:00,148 - INFO - [BBC] Article: https://www.bbc.com/news/videos/c3w7e2p48l7o?at_medium=RSS&at_campaign=rss
2025-11-30 01:57:00,160 - INFO - [BBC] Attempt 1/1: Trying with 'requests_browser' strategy...
2025-11-30 01:57:00,681 - INFO - Saved article: Ukrainian naval drones strike two Russian oil tankers in Black Sea | Ukraine | The Guardian from The Guardian
2025-11-30 01:57:00,815 - INFO - [BBC] Success with 'requests_browser'. Found content (148 words).
2025-11-30 01:57:01,223 - INFO - Duplicate article skipped: Video shows speed fire spreads in Hong Kong tower block from BBC
2025-11-30 01:57:01,819 - INFO - [The Guardian] Article: https://www.theguardian.com/world/2025/nov/29/deadly-russian-attack-on-kyiv-cuts-power-to-half-of-city
2025-11-30 01:57:01,819 - INFO - [The Guardian] Attempt 1/1: Trying with 'requests_browser' strategy...
2025-11-30 01:57:02,059 - INFO - [The Guardian] Success with 'requests_browser'. Found content (772 words).
2025-11-30 01:57:02,266 - INFO - Saved article: Six dead and dozens wounded in Russian attack on Ukraine | Ukraine | The Guardian from The Guardian
2025-11-30 01:57:02,634 - INFO - [BBC] Article: https://www.bbc.com/news/videos/c1e4ld1830yo?at_medium=RSS&at_campaign=rss
2025-11-30 01:57:02,634 - INFO - [BBC] Attempt 1/1: Trying with 'requests_browser' strategy...
2025-11-30 01:57:03,191 - WARNING - [BBC] FAILED with 'requests_browser' (content was too short: 74 words).
2025-11-30 01:57:03,191 - ERROR - [BBC] All scrape strategies failed for https://www.bbc.com/news/videos/c1e4ld1830yo?at_medium=RSS&at_campaign=rss. Falling back to RSS description.
2025-11-30 01:57:03,209 - INFO - Saved article: Watch: Dawn aerial footage reveals scale of Hong Kong apartment blaze from BBC
2025-11-30 01:57:03,401 - INFO - [The Guardian] Article: https://www.theguardian.com/stage/2025/nov/29/tom-stoppard-playwright-of-dazzling-wit-and-playful-erudition-dies-aged-88
2025-11-30 01:57:03,401 - INFO - [The Guardian] Attempt 1/1: Trying with 'requests_browser' strategy...
2025-11-30 01:57:03,621 - INFO - [The Guardian] Success with 'requests_browser'. Found content (1124 words).
2025-11-30 01:57:03,848 - INFO - Saved article: Tom Stoppard, playwright of dazzling wit and playful erudition, dies aged 88 | Tom Stoppard | The Guardian from The Guardian
2025-11-30 01:57:03,908 - INFO - [BBC] Article: https://www.bbc.com/news/videos/cly1k34y426o?at_medium=RSS&at_campaign=rss
2025-11-30 01:57:03,908 - INFO - [BBC] Attempt 1/1: Trying with 'requests_browser' strategy...
2025-11-30 01:57:04,144 - WARNING - [BBC] FAILED with 'requests_browser' (content was too short: 71 words).
2025-11-30 01:57:04,144 - ERROR - [BBC] All scrape strategies failed for https://www.bbc.com/news/videos/cly1k34y426o?at_medium=RSS&at_campaign=rss. Falling back to RSS description.
2025-11-30 01:57:04,152 - INFO - Saved article: Watch: How the shooting of two National Guard members unfolded from BBC
2025-11-30 01:57:04,835 - INFO - [The Guardian] Article: https://www.theguardian.com/world/2025/nov/29/zelenskyy-faces-mini-revolution-as-yermak-fall-reshapes-ukraine-wartime-power-system
2025-11-30 01:57:04,835 - INFO - [The Guardian] Attempt 1/1: Trying with 'requests_browser' strategy...
2025-11-30 01:57:05,501 - INFO - [The Guardian] Success with 'requests_browser'. Found content (819 words).
2025-11-30 01:57:05,641 - INFO - Saved article: Zelenskyy faces ‘mini-revolution’ as Yermak’s fall reshapes Ukraine’s wartime power system | Ukraine | The Guardian from The Guardian
2025-11-30 01:57:06,392 - INFO - [The Guardian] Article: https://www.theguardian.com/world/2025/nov/29/the-week-europe-realised-it-stands-alone-against-russian-expansionism
2025-11-30 01:57:06,392 - INFO - [The Guardian] Attempt 1/1: Trying with 'requests_browser' strategy...
2025-11-30 01:57:06,614 - INFO - [The Guardian] Success with 'requests_browser'. Found content (2281 words).
2025-11-30 01:57:06,886 - INFO - Duplicate article skipped: The week Europe realised it stands alone against Russian expansionism | Ukraine | The Guardian from The Guardian
2025-11-30 01:57:14,436 - WARNING - [Times of India] Page timed out (10s). No <p> tags found. Proceeding anyway.
2025-11-30 01:57:14,992 - INFO - [Times of India] Success with 'selenium_browser'. Found content (495 words).
2025-11-30 01:57:15,545 - INFO - Saved article: Tom Stoppard, playwright who dazzled with verbal gymnastics, dies - The Times of India from Times of India
2025-11-30 01:57:16,469 - INFO - [Times of India] Article: https://timesofindia.indiatimes.com/world/europe/pope-visits-istanbuls-blue-mosque-but-does-not-pray-as-he-focuses-on-unifying-christians/articleshow/125667581.cms
2025-11-30 01:57:16,469 - INFO - [Times of India] Attempt 1/1: Trying with 'selenium_browser' strategy...
2025-11-30 01:57:32,073 - WARNING - [Times of India] Page timed out (10s). No <p> tags found. Proceeding anyway.
2025-11-30 01:57:32,593 - INFO - [Times of India] Success with 'selenium_browser'. Found content (951 words).
2025-11-30 01:57:32,840 - INFO - Saved article: Pope visits Istanbul's Blue Mosque, but does not pray, as he focuses on unifying Christians - The Times of India from Times of India
2025-11-30 01:57:34,010 - INFO - [Times of India] Article: https://timesofindia.indiatimes.com/world/us/trump-pauses-all-asylum-requests-visas-for-afghans/articleshow/125667523.cms
2025-11-30 01:57:34,010 - INFO - [Times of India] Attempt 1/1: Trying with 'selenium_browser' strategy...
2025-11-30 01:57:47,516 - WARNING - [Times of India] Page timed out (10s). No <p> tags found. Proceeding anyway.
2025-11-30 01:57:47,785 - INFO - [Times of India] Success with 'selenium_browser'. Found content (284 words).
2025-11-30 01:57:47,891 - INFO - Saved article: Trump pauses all asylum requests, visas for Afghans - The Times of India from Times of India
2025-11-30 01:57:48,692 - INFO - [Times of India] Article: https://timesofindia.indiatimes.com/world/us/us-university-to-pay-trump-admin-75m-to-restore-790-million-aid/articleshow/125667515.cms
2025-11-30 01:57:48,692 - INFO - [Times of India] Attempt 1/1: Trying with 'selenium_browser' strategy...
2025-11-30 01:57:59,549 - WARNING - [Times of India] Page timed out (10s). No <p> tags found. Proceeding anyway.
2025-11-30 01:57:59,777 - INFO - [Times of India] Success with 'selenium_browser'. Found content (148 words).
2025-11-30 01:57:59,893 - INFO - Saved article: US university to pay Trump admin $75m to restore $790 million aid - The Times of India from Times of India
2025-11-30 01:58:00,576 - INFO - [Times of India] Article: https://timesofindia.indiatimes.com/world/rest-of-world/gunmen-open-fire-at-bar-in-central-mexico-seven-killed-five-critically-injured-probe-launched/articleshow/125667474.cms
2025-11-30 01:58:00,576 - INFO - [Times of India] Attempt 1/1: Trying with 'selenium_browser' strategy...
2025-11-30 01:58:04,259 - INFO - [Times of India] Page content loaded.
2025-11-30 01:58:04,627 - INFO - [Times of India] Success with 'selenium_browser'. Found content (208 words).
2025-11-30 01:58:04,825 - INFO - Saved article: Gunmen open fire at bar in central Mexico; seven killed, five critically injured; probe launched - The Times of India from Times of India
2025-11-30 01:58:06,294 - INFO - [Times of India] Article: https://timesofindia.indiatimes.com/world/us/ice-out-of-new-york-protesters-clash-with-nypd-in-dramatic-manhattan-standoff-several-arrested/articleshow/125667433.cms
2025-11-30 01:58:06,295 - INFO - [Times of India] Attempt 1/1: Trying with 'selenium_browser' strategy...
2025-11-30 01:58:08,335 - INFO - [Times of India] Page content loaded.
2025-11-30 01:58:08,654 - INFO - [Times of India] Success with 'selenium_browser'. Found content (404 words).
2025-11-30 01:58:08,806 - INFO - Saved article: ‘ICE out of New York’: Protesters clash with NYPD in dramatic Manhattan standoff; several arrested - The Times of India from Times of India
2025-11-30 01:58:09,347 - INFO - [Times of India] Article: https://timesofindia.indiatimes.com/etimes/trending/dark-truth-behind-new-yorks-29-story-windowless-skyscraper-and-why-people-think-its-hiding-something/articleshow/125665182.cms
2025-11-30 01:58:09,347 - INFO - [Times of India] Attempt 1/1: Trying with 'selenium_browser' strategy...
2025-11-30 01:58:23,352 - WARNING - [Times of India] Page timed out (10s). No <p> tags found. Proceeding anyway.
2025-11-30 01:58:23,502 - INFO - [Times of India] Success with 'selenium_browser'. Found content (1238 words).
2025-11-30 01:58:23,580 - INFO - Saved article: Dark truth behind New York’s 29-story windowless skyscraper and why people think it’s hiding something | - The Times of India from Times of India
2025-11-30 01:58:24,272 - INFO - [Times of India] Article: https://timesofindia.indiatimes.com/world/us/alabama-man-who-filmed-himself-abusing-a-child-sentenced-to-965-years-in-prison-for-84-child-sex-abuse-offences/articleshow/125665034.cms
2025-11-30 01:58:24,272 - INFO - [Times of India] Attempt 1/1: Trying with 'selenium_browser' strategy...
2025-11-30 01:58:25,523 - INFO - [Times of India] Page content loaded.
2025-11-30 01:58:26,320 - INFO - [Times of India] Success with 'selenium_browser'. Found content (308 words).
2025-11-30 01:58:26,529 - INFO - Saved article: Alabama man who filmed himself abusing a child sentenced to 965 years in prison for 84 child sex abuse offences | World News - The Times of India from Times of India
2025-11-30 01:58:27,377 - INFO - [Times of India] Article: https://timesofindia.indiatimes.com/world/uk/who-was-tom-stoppard-british-playwright-dies-at-88-famously-attended-jaipur-literature-festival-in-2012/articleshow/125664985.cms
2025-11-30 01:58:27,377 - INFO - [Times of India] Attempt 1/1: Trying with 'selenium_browser' strategy...
2025-11-30 01:58:31,816 - INFO - [Times of India] Page content loaded.
2025-11-30 01:58:32,257 - INFO - [Times of India] Success with 'selenium_browser'. Found content (258 words).
2025-11-30 01:58:32,507 - INFO - Saved article: Who was Tom Stoppard? British playwright dies at 88; famously attended Jaipur Literature Festival in 2012 - The Times of India from Times of India
2025-11-30 01:58:33,716 - INFO - [Times of India] Article: https://timesofindia.indiatimes.com/world/us/strong-brotherhood-in-a-dark-place-sean-diddy-combs-organises-thanksgiving-dinner-for-1000-inmates-in-prison/articleshow/125664976.cms
2025-11-30 01:58:33,717 - INFO - [Times of India] Attempt 1/1: Trying with 'selenium_browser' strategy...
2025-11-30 01:58:38,745 - INFO - [Times of India] Page content loaded.
2025-11-30 01:58:39,132 - INFO - [Times of India] Success with 'selenium_browser'. Found content (253 words).
2025-11-30 01:58:39,295 - INFO - Saved article: ‘Strong brotherhood in a dark place’: Sean ‘Diddy’ Combs organises Thanksgiving dinner for 1,000 inmates in prison | World News - The Times of India from Times of India
2025-11-30 01:58:40,760 - INFO - [Times of India] Article: https://timesofindia.indiatimes.com/world/uk/piers-morgan-shuts-down-racist-claims-that-he-would-trade-white-people-for-chicken-tikka-masala/articleshow/125664860.cms
2025-11-30 01:58:40,760 - INFO - [Times of India] Attempt 1/1: Trying with 'selenium_browser' strategy...
2025-11-30 01:58:45,124 - ERROR - [The Hindu] Request failed for strategy 'selenium_browser' on URL https://www.thehindu.com/news/national/maharashtra/raj-thackeray-opposes-tree-felling-for-sadhu-gram-ahead-of-nashik-kumbh-mela/article70339170.ece: HTTPConnectionPool(host='localhost', port=49351): Read timed out. (read timeout=120)
2025-11-30 01:58:45,125 - ERROR - [The Hindu] All scrape strategies failed for https://www.thehindu.com/news/national/maharashtra/raj-thackeray-opposes-tree-felling-for-sadhu-gram-ahead-of-nashik-kumbh-mela/article70339170.ece. Falling back to RSS description.
2025-11-30 01:58:45,133 - INFO - Saved article: Raj Thackeray opposes tree felling for Sadhu Gram ahead of Nashik Kumbh Mela from The Hindu
2025-11-30 01:58:45,367 - INFO - [Times of India] Page content loaded.
2025-11-30 01:58:45,789 - INFO - [The Hindu] Article: https://www.thehindu.com/news/national/cyclone-ditwah-live-updates-rains-tamil-nadu-andhra-pradesh-sri-lanka-november-30-2025/article70340893.ece
2025-11-30 01:58:45,789 - INFO - [The Hindu] Attempt 1/1: Trying with 'selenium_browser' strategy...
2025-11-30 01:58:46,245 - INFO - [Times of India] Success with 'selenium_browser'. Found content (264 words).
2025-11-30 01:58:46,635 - INFO - Saved article: Piers Morgan shuts down 'racist' claims that he would trade 'White people' for 'chicken tikka masala' - The Times of India from Times of India
2025-11-30 01:58:47,649 - INFO - [Times of India] Article: https://timesofindia.indiatimes.com/world/us/indian-origin-maga-bigwig-the-most-googled-queries-about-nikki-haleys-son-nalin-haley/articleshow/125664398.cms
2025-11-30 01:58:47,649 - INFO - [Times of India] Attempt 1/1: Trying with 'selenium_browser' strategy...
2025-11-30 01:58:49,473 - INFO - [Times of India] Page content loaded.
2025-11-30 01:58:49,647 - INFO - [Times of India] Success with 'selenium_browser'. Found content (842 words).
2025-11-30 01:58:50,028 - INFO - Saved article: Indian-origin MAGA bigwig: The most Googled queries about Nikki Haley's son Nalin Haley - The Times of India from Times of India
2025-11-30 01:58:50,677 - INFO - [Times of India] Article: https://timesofindia.indiatimes.com/world/us-streamers/cuffem-comes-back-to-kick-following-hospitalization-from-playboi-carti-show-fall/articleshow/125664049.cms
2025-11-30 01:58:50,677 - INFO - [Times of India] Attempt 1/1: Trying with 'selenium_browser' strategy...
2025-11-30 02:00:45,885 - ERROR - [The Hindu] Request failed for strategy 'selenium_browser' on URL https://www.thehindu.com/news/national/cyclone-ditwah-live-updates-rains-tamil-nadu-andhra-pradesh-sri-lanka-november-30-2025/article70340893.ece: HTTPConnectionPool(host='localhost', port=49351): Read timed out. (read timeout=120)
2025-11-30 02:00:45,885 - ERROR - [The Hindu] All scrape strategies failed for https://www.thehindu.com/news/national/cyclone-ditwah-live-updates-rains-tamil-nadu-andhra-pradesh-sri-lanka-november-30-2025/article70340893.ece. Falling back to RSS description.
2025-11-30 02:00:45,887 - INFO - Saved article: Cyclone Ditwah LIVE updates: After delta, south coastal districts, Ditwah to batter north T.N. from The Hindu
2025-11-30 02:00:47,068 - INFO - [The Hindu] Article: https://www.thehindu.com/news/national/andhra-pradesh/g-sai-prasad-to-be-new-chief-secretary-of-ap/article70338961.ece
2025-11-30 02:00:47,068 - INFO - [The Hindu] Attempt 1/1: Trying with 'selenium_browser' strategy...
2025-11-30 02:00:59,934 - ERROR - [Times of India] Request failed for strategy 'selenium_browser' on URL https://timesofindia.indiatimes.com/world/us-streamers/cuffem-comes-back-to-kick-following-hospitalization-from-playboi-carti-show-fall/articleshow/125664049.cms: HTTPConnectionPool(host='localhost', port=53297): Read timed out. (read timeout=120)
2025-11-30 02:00:59,934 - ERROR - [Times of India] All scrape strategies failed for https://timesofindia.indiatimes.com/world/us-streamers/cuffem-comes-back-to-kick-following-hospitalization-from-playboi-carti-show-fall/articleshow/125664049.cms. Falling back to RSS description.
2025-11-30 02:00:59,937 - INFO - Saved article: Cuffem comes back to Kick following hospitalization from Playboi Carti show fall from Times of India
2025-11-30 02:01:00,652 - INFO - [Times of India] Article: https://timesofindia.indiatimes.com/world/us/who-is-mohammad-dawood-alokozay-afghan-national-arrested-for-posting-tiktok-video-of-himself-making-a-bomb/articleshow/125663702.cms
2025-11-30 02:01:00,652 - INFO - [Times of India] Attempt 1/1: Trying with 'selenium_browser' strategy...
2025-11-30 02:02:47,169 - ERROR - [The Hindu] Request failed for strategy 'selenium_browser' on URL https://www.thehindu.com/news/national/andhra-pradesh/g-sai-prasad-to-be-new-chief-secretary-of-ap/article70338961.ece: HTTPConnectionPool(host='localhost', port=49351): Read timed out. (read timeout=120)
2025-11-30 02:02:47,169 - ERROR - [The Hindu] All scrape strategies failed for https://www.thehindu.com/news/national/andhra-pradesh/g-sai-prasad-to-be-new-chief-secretary-of-ap/article70338961.ece. Falling back to RSS description.
2025-11-30 02:02:47,173 - INFO - Saved article: G. Sai Prasad to be new Chief Secretary of A.P. from The Hindu
2025-11-30 02:02:47,924 - INFO - [The Hindu] Article: https://www.thehindu.com/news/national/spotlight-on-the-women-capturing-indias-census-data/article70336151.ece
2025-11-30 02:02:47,924 - INFO - [The Hindu] Attempt 1/1: Trying with 'selenium_browser' strategy...
2025-11-30 02:03:00,748 - ERROR - [Times of India] Request failed for strategy 'selenium_browser' on URL https://timesofindia.indiatimes.com/world/us/who-is-mohammad-dawood-alokozay-afghan-national-arrested-for-posting-tiktok-video-of-himself-making-a-bomb/articleshow/125663702.cms: HTTPConnectionPool(host='localhost', port=53297): Read timed out. (read timeout=120)
2025-11-30 02:03:00,748 - ERROR - [Times of India] All scrape strategies failed for https://timesofindia.indiatimes.com/world/us/who-is-mohammad-dawood-alokozay-afghan-national-arrested-for-posting-tiktok-video-of-himself-making-a-bomb/articleshow/125663702.cms. Falling back to RSS description.
2025-11-30 02:03:00,753 - INFO - Saved article: Who is Mohammad Dawood Alokozay? Afghan national arrested for posting TikTok video of himself making a bomb from Times of India
2025-11-30 02:03:01,435 - INFO - [Times of India] Article: https://timesofindia.indiatimes.com/world/us/one-killed-in-shooting-at-patrick-henry-mall-in-virginia-suspect-detained/articleshow/125663188.cms
2025-11-30 02:03:01,435 - INFO - [Times of India] Attempt 1/1: Trying with 'selenium_browser' strategy...
2025-11-30 02:03:22,444 - CRITICAL - --- TIMEOUT: 2 scrape jobs did not complete in 420s. ---
2025-11-30 02:03:22,444 - ERROR - A thread has timed out and will be abandoned.
2025-11-30 02:03:22,444 - ERROR - A thread has timed out and will be abandoned.
2025-11-30 02:03:22,444 - INFO - Shutting down thread pool (wait=False)...
2025-11-30 02:03:22,444 - INFO - Scraped: 14 BBC, 11 The Guardian, 2 Timed_Out_Jobs articles. (Total saved: 25)
2025-11-30 02:03:22,444 - INFO - --- Scraping job finished ---
2025-11-30 02:03:22,444 - INFO - --- Scraper service stopped and database connection closed. ---
2025-11-30 02:03:22,444 - INFO - --- Main thread finished. Forcing process exit to kill zombie threads. ---
