2025-12-08 01:49:56,215 - INFO - Initializing database connection at: news_articles.db
2025-12-08 01:49:56,215 - INFO - --- Scraper service started (CI Mode: Run Once) ---
2025-12-08 01:49:56,215 - INFO - --- Starting new scraping job (Parallel Mode) ---
2025-12-08 01:49:56,215 - INFO - Creating new robust session with 3 retries on 5xx/connection/read errors.
2025-12-08 01:49:56,215 - INFO - Proxy is DISABLED.
2025-12-08 01:49:56,216 - INFO - Starting scrape for BBC RSS feed: http://feeds.bbci.co.uk/news/world/rss.xml
2025-12-08 01:49:56,216 - INFO - [Times of India] (Thread) requires Selenium. Initializing driver...
2025-12-08 01:49:56,216 - INFO - Initializing headless Selenium Chrome driver (using SeleniumManager)...
2025-12-08 01:49:56,217 - INFO - Starting scrape for The Guardian RSS feed: https://www.theguardian.com/world/rss
2025-12-08 01:49:56,220 - INFO - [The Hindu] (Thread) requires Selenium. Initializing driver...
2025-12-08 01:49:56,220 - INFO - Initializing headless Selenium Chrome driver (using SeleniumManager)...
2025-12-08 01:49:56,220 - INFO - Submitted 4 jobs to thread pool. Waiting up to 420s for completion...
2025-12-08 01:49:56,556 - INFO - Found 31 articles in BBC RSS feed. Processing up to 25.
2025-12-08 01:49:56,557 - INFO - [BBC] Article: https://www.bbc.com/news/articles/cpvd01g2kwwo?at_medium=RSS&at_campaign=rss
2025-12-08 01:49:56,557 - INFO - [BBC] Attempt 1/1: Trying with 'requests_browser' strategy...
2025-12-08 01:49:56,576 - INFO - Found 45 articles in The Guardian RSS feed. Processing up to 25.
2025-12-08 01:49:56,576 - INFO - [The Guardian] Article: https://www.theguardian.com/world/2025/dec/07/release-secured-of-100-kidnapped-nigerian-schoolchildren-but-many-still-being-held
2025-12-08 01:49:56,576 - INFO - [The Guardian] Attempt 1/1: Trying with 'requests_browser' strategy...
2025-12-08 01:49:56,603 - INFO - [The Guardian] Success with 'requests_browser'. Found content (413 words).
2025-12-08 01:49:56,635 - INFO - Saved article: Nigerian state secures release of 100 out of 265 kidnapped schoolchildren | Nigeria | The Guardian from The Guardian
2025-12-08 01:49:56,771 - INFO - [BBC] Success with 'requests_browser'. Found content (605 words).
2025-12-08 01:49:56,802 - INFO - Saved article: New US security strategy aligns with Russia's vision, Moscow says from BBC
2025-12-08 01:49:57,581 - INFO - [BBC] Article: https://www.bbc.com/news/articles/c62v7n9wzkyo?at_medium=RSS&at_campaign=rss
2025-12-08 01:49:57,581 - INFO - [BBC] Attempt 1/1: Trying with 'requests_browser' strategy...
2025-12-08 01:49:57,626 - INFO - [BBC] Success with 'requests_browser'. Found content (986 words).
2025-12-08 01:49:57,670 - INFO - Duplicate article skipped: Benin coup thwarted by loyalist troops, President Talon tells nation from BBC
2025-12-08 01:49:57,928 - INFO - [The Guardian] Article: https://www.theguardian.com/world/2025/dec/07/troops-and-warplanes-deployed-in-benin-after-failed-coup-attempt
2025-12-08 01:49:57,928 - INFO - [The Guardian] Attempt 1/1: Trying with 'requests_browser' strategy...
2025-12-08 01:49:57,948 - INFO - [The Guardian] Success with 'requests_browser'. Found content (480 words).
2025-12-08 01:49:57,980 - INFO - Saved article: Troops and warplanes deployed in Benin after ‘failed coup attempt’ | Benin | The Guardian from The Guardian
2025-12-08 01:49:58,494 - INFO - [BBC] Article: https://www.bbc.com/news/articles/cdj82d0nd4eo?at_medium=RSS&at_campaign=rss
2025-12-08 01:49:58,494 - INFO - [BBC] Attempt 1/1: Trying with 'requests_browser' strategy...
2025-12-08 01:49:58,526 - INFO - [BBC] Success with 'requests_browser'. Found content (598 words).
2025-12-08 01:49:58,554 - INFO - Duplicate article skipped: India: Goa nightclub fire kills 25 staff and tourists from BBC
2025-12-08 01:49:58,588 - INFO - [The Guardian] Article: https://www.theguardian.com/world/2025/dec/06/gunmen-kill-pretoria-south-african-hostel
2025-12-08 01:49:58,588 - INFO - [The Guardian] Attempt 1/1: Trying with 'requests_browser' strategy...
2025-12-08 01:49:58,609 - INFO - [The Guardian] Success with 'requests_browser'. Found content (285 words).
2025-12-08 01:49:58,640 - INFO - Duplicate article skipped: Gunmen kill at least 12 people including three-year-old in hostel in South Africa | South Africa | The Guardian from The Guardian
2025-12-08 01:49:59,347 - INFO - [The Guardian] Article: https://www.theguardian.com/world/2025/dec/05/people-flee-dr-congo-fighting-one-day-after-peace-deal-signed-in-washington
2025-12-08 01:49:59,347 - INFO - [The Guardian] Attempt 1/1: Trying with 'requests_browser' strategy...
2025-12-08 01:49:59,379 - INFO - [The Guardian] Success with 'requests_browser'. Found content (411 words).
2025-12-08 01:49:59,416 - INFO - Duplicate article skipped: People flee DR Congo fighting one day after peace deal signed in Washington | Democratic Republic of the Congo | The Guardian from The Guardian
2025-12-08 01:49:59,800 - INFO - [BBC] Article: https://www.bbc.com/news/articles/czj0m2evm40o?at_medium=RSS&at_campaign=rss
2025-12-08 01:49:59,800 - INFO - [BBC] Attempt 1/1: Trying with 'requests_browser' strategy...
2025-12-08 01:49:59,828 - INFO - [BBC] Success with 'requests_browser'. Found content (774 words).
2025-12-08 01:49:59,860 - INFO - Saved article: Death of Venezuelan opposition figure in custody 'vile', US says from BBC
2025-12-08 01:50:00,663 - INFO - [BBC] Article: https://www.bbc.com/news/articles/cz680jx511no?at_medium=RSS&at_campaign=rss
2025-12-08 01:50:00,663 - INFO - [BBC] Attempt 1/1: Trying with 'requests_browser' strategy...
2025-12-08 01:50:00,699 - INFO - [BBC] Success with 'requests_browser'. Found content (599 words).
2025-12-08 01:50:00,729 - INFO - Duplicate article skipped: Ukrainian city hit by 'massive' strike as peace talks in US conclude from BBC
2025-12-08 01:50:00,788 - INFO - [The Guardian] Article: https://www.theguardian.com/global-development/2025/dec/05/rsf-massacres-sudanese-city-el-fasher-slaughterhouse-satellite-images
2025-12-08 01:50:00,788 - INFO - [The Guardian] Attempt 1/1: Trying with 'requests_browser' strategy...
2025-12-08 01:50:00,812 - INFO - [The Guardian] Success with 'requests_browser'. Found content (684 words).
2025-12-08 01:50:00,868 - INFO - Duplicate article skipped: RSF massacres left Sudanese city ‘a slaughterhouse’, satellite images show | Global development | The Guardian from The Guardian
2025-12-08 01:50:01,812 - INFO - [BBC] Article: https://www.bbc.com/news/articles/c3r7plnwr0zo?at_medium=RSS&at_campaign=rss
2025-12-08 01:50:01,812 - INFO - [BBC] Attempt 1/1: Trying with 'requests_browser' strategy...
2025-12-08 01:50:01,842 - INFO - [BBC] Success with 'requests_browser'. Found content (1001 words).
2025-12-08 01:50:01,874 - INFO - Duplicate article skipped: LegCo: Hong Kong votes in election as city mourns deadly fire from BBC
2025-12-08 01:50:02,015 - INFO - [The Guardian] Article: https://www.theguardian.com/world/2025/dec/06/magnitude-7-earthquake-alaska-canada
2025-12-08 01:50:02,015 - INFO - [The Guardian] Attempt 1/1: Trying with 'requests_browser' strategy...
2025-12-08 01:50:02,037 - INFO - [The Guardian] Success with 'requests_browser'. Found content (209 words).
2025-12-08 01:50:02,079 - INFO - Saved article: Magnitude 7.0 earthquake strikes remote area near Alaska-Canada border | Earthquakes | The Guardian from The Guardian
2025-12-08 01:50:02,377 - INFO - [BBC] Article: https://www.bbc.com/news/articles/c98nldr06l2o?at_medium=RSS&at_campaign=rss
2025-12-08 01:50:02,377 - INFO - [BBC] Attempt 1/1: Trying with 'requests_browser' strategy...
2025-12-08 01:50:02,406 - INFO - [BBC] Success with 'requests_browser'. Found content (410 words).
2025-12-08 01:50:02,440 - INFO - Saved article: Chernobyl radiation shield 'lost safety function' after drone strike, UN watchdog says from BBC
2025-12-08 01:50:02,822 - INFO - [The Guardian] Article: https://www.theguardian.com/world/2025/dec/06/venezuela-oil-trump-maduro
2025-12-08 01:50:02,822 - INFO - [The Guardian] Attempt 1/1: Trying with 'requests_browser' strategy...
2025-12-08 01:50:02,846 - INFO - [The Guardian] Success with 'requests_browser'. Found content (863 words).
2025-12-08 01:50:02,877 - INFO - Duplicate article skipped: Maduro says the real reason for Trump’s Venezuela fixation is oil – is he right? | Venezuela | The Guardian from The Guardian
2025-12-08 01:50:03,241 - INFO - [BBC] Article: https://www.bbc.com/news/articles/crmd44yz7nmo?at_medium=RSS&at_campaign=rss
2025-12-08 01:50:03,241 - INFO - [BBC] Attempt 1/1: Trying with 'requests_browser' strategy...
2025-12-08 01:50:03,269 - INFO - [BBC] Success with 'requests_browser'. Found content (405 words).
2025-12-08 01:50:03,300 - INFO - Duplicate article skipped: Katy Perry posts photo with Justin Trudeau in Japan from BBC
2025-12-08 01:50:03,585 - INFO - [The Guardian] Article: https://www.theguardian.com/us-news/2025/dec/05/us-airstrike-survivors-clung-to-boat-wreckage-for-an-hour-before-second-deadly-attack-video-shows
2025-12-08 01:50:03,585 - INFO - [The Guardian] Attempt 1/1: Trying with 'requests_browser' strategy...
2025-12-08 01:50:03,619 - INFO - [The Guardian] Success with 'requests_browser'. Found content (1016 words).
2025-12-08 01:50:03,659 - INFO - Duplicate article skipped: US airstrike survivors clung to boat wreckage for an hour before second deadly attack, video shows | US military | The Guardian from The Guardian
2025-12-08 01:50:04,041 - INFO - [BBC] Article: https://www.bbc.com/news/articles/cqjgydnwxrpo?at_medium=RSS&at_campaign=rss
2025-12-08 01:50:04,041 - INFO - [BBC] Attempt 1/1: Trying with 'requests_browser' strategy...
2025-12-08 01:50:04,069 - INFO - [BBC] Success with 'requests_browser'. Found content (393 words).
2025-12-08 01:50:04,104 - INFO - Duplicate article skipped: Death toll passes 900 after devastating Indonesia floods from BBC
2025-12-08 01:50:04,402 - INFO - [The Guardian] Article: https://www.theguardian.com/us-news/2025/dec/05/neo-nazi-base-leader-on-terrorism-arrest
2025-12-08 01:50:04,402 - INFO - [The Guardian] Attempt 1/1: Trying with 'requests_browser' strategy...
2025-12-08 01:50:04,439 - INFO - [The Guardian] Success with 'requests_browser'. Found content (1072 words).
2025-12-08 01:50:04,480 - INFO - Duplicate article skipped: US leader of global neo-Nazi terrorist group signals retribution for arrests | Far right (US) | The Guardian from The Guardian
2025-12-08 01:50:05,051 - INFO - [The Guardian] Article: https://www.theguardian.com/politics/audio/2025/dec/05/donald-trump-about-to-invade-venezuela-podcast
2025-12-08 01:50:05,051 - INFO - [The Guardian] Attempt 1/1: Trying with 'requests_browser' strategy...
2025-12-08 01:50:05,083 - WARNING - [The Guardian] FAILED with 'requests_browser' (content was too short: 72 words).
2025-12-08 01:50:05,083 - ERROR - [The Guardian] All scrape strategies failed for https://www.theguardian.com/politics/audio/2025/dec/05/donald-trump-about-to-invade-venezuela-podcast. Falling back to RSS description.
2025-12-08 01:50:05,084 - INFO - Duplicate article skipped: “This is war”: Is Trump about to invade Venezuela? – podcast from The Guardian
2025-12-08 01:50:05,148 - INFO - Selenium driver initialized successfully.
2025-12-08 01:50:05,149 - INFO - Selenium driver initialized successfully.
2025-12-08 01:50:05,149 - INFO - Starting scrape for The Hindu RSS feed: https://www.thehindu.com/news/national/feeder/default.rss
2025-12-08 01:50:05,149 - INFO - Starting scrape for Times of India RSS feed: https://timesofindia.indiatimes.com/rssfeeds/296589292.cms
2025-12-08 01:50:05,310 - INFO - [BBC] Article: https://www.bbc.com/news/articles/cwyw5vwrp9jo?at_medium=RSS&at_campaign=rss
2025-12-08 01:50:05,310 - INFO - [BBC] Attempt 1/1: Trying with 'requests_browser' strategy...
2025-12-08 01:50:05,338 - INFO - Found 100 articles in The Hindu RSS feed. Processing up to 25.
2025-12-08 01:50:05,338 - INFO - [The Hindu] Article: https://www.thehindu.com/news/cities/bangalore/overhaul-of-outer-ring-road-to-come-with-tough-new-quality-controls/article70368049.ece
2025-12-08 01:50:05,338 - INFO - [The Hindu] Attempt 1/1: Trying with 'selenium_browser' strategy...
2025-12-08 01:50:05,364 - INFO - [BBC] Success with 'requests_browser'. Found content (543 words).
2025-12-08 01:50:05,400 - INFO - Saved article: Trump criticises Henry Cuellar over not switching parties after pardon from BBC
2025-12-08 01:50:05,510 - INFO - Found 20 articles in Times of India RSS feed. Processing up to 25.
2025-12-08 01:50:05,510 - INFO - [Times of India] Article: https://timesofindia.indiatimes.com/world/us-streamers/kash-patel-addresses-candace-owens-shocking-claim-that-france-hired-killers-to-assassinate-her/articleshow/125824018.cms
2025-12-08 01:50:05,510 - INFO - [Times of India] Attempt 1/1: Trying with 'selenium_browser' strategy...
2025-12-08 01:50:05,936 - INFO - [The Guardian] Article: https://www.theguardian.com/world/2025/dec/07/hostile-powers-spying-universities-canada-former-security-chief
2025-12-08 01:50:05,936 - INFO - [The Guardian] Attempt 1/1: Trying with 'requests_browser' strategy...
2025-12-08 01:50:05,970 - INFO - [The Guardian] Success with 'requests_browser'. Found content (836 words).
2025-12-08 01:50:06,017 - INFO - Duplicate article skipped: Hostile powers sending spies to west’s universities, says former security chief | Espionage | The Guardian from The Guardian
2025-12-08 01:50:06,123 - INFO - [BBC] Article: https://www.bbc.com/news/articles/cr7l4n89lr1o?at_medium=RSS&at_campaign=rss
2025-12-08 01:50:06,123 - INFO - [BBC] Attempt 1/1: Trying with 'requests_browser' strategy...
2025-12-08 01:50:06,164 - INFO - [BBC] Success with 'requests_browser'. Found content (441 words).
2025-12-08 01:50:06,204 - INFO - Duplicate article skipped: National Park Service removes free entry on Martin Luther King Jr Day and Juneteenth from BBC
2025-12-08 01:50:06,829 - INFO - [The Guardian] Article: https://www.theguardian.com/news/2025/dec/06/dont-say-we-didnt-warn-you-beijing-summons-journalists-in-hong-kong-after-fire
2025-12-08 01:50:06,829 - INFO - [The Guardian] Attempt 1/1: Trying with 'requests_browser' strategy...
2025-12-08 01:50:06,866 - INFO - [The Guardian] Success with 'requests_browser'. Found content (383 words).
2025-12-08 01:50:06,930 - INFO - Duplicate article skipped: ‘Don’t say we didn’t warn you’: Hong Kong foreign media told not to cause trouble after fire | Hong Kong apartment fires | The Guardian from The Guardian
2025-12-08 01:50:07,697 - INFO - [BBC] Article: https://www.bbc.com/news/videos/czdg0598ry0o?at_medium=RSS&at_campaign=rss
2025-12-08 01:50:07,697 - INFO - [BBC] Attempt 1/1: Trying with 'requests_browser' strategy...
2025-12-08 01:50:07,736 - INFO - [The Hindu] Page content loaded.
2025-12-08 01:50:07,844 - INFO - [The Guardian] Article: https://www.theguardian.com/stage/2025/dec/05/jeremy-o-harris-arrested-japan
2025-12-08 01:50:07,845 - INFO - [The Guardian] Attempt 1/1: Trying with 'requests_browser' strategy...
2025-12-08 01:50:08,195 - INFO - [The Hindu] Success with 'selenium_browser'. Found content (582 words).
2025-12-08 01:50:08,198 - INFO - [The Guardian] Success with 'requests_browser'. Found content (336 words).
2025-12-08 01:50:08,449 - INFO - Duplicate article skipped: Playwright Jeremy O Harris arrested in Japan for alleged drug smuggling | Jeremy O Harris | The Guardian from The Guardian
2025-12-08 01:50:08,462 - INFO - Saved article: Overhaul of Outer Ring Road to come with tough new quality controls - The Hindu from The Hindu
2025-12-08 01:50:08,624 - INFO - [BBC] Success with 'requests_browser'. Found content (202 words).
2025-12-08 01:50:08,724 - INFO - Duplicate article skipped: Olympic flame arrives in Rome ahead of Winter Olympics from BBC
2025-12-08 01:50:09,452 - INFO - [BBC] Article: https://www.bbc.com/news/articles/c3e0z97qn3eo?at_medium=RSS&at_campaign=rss
2025-12-08 01:50:09,453 - INFO - [BBC] Attempt 1/1: Trying with 'requests_browser' strategy...
2025-12-08 01:50:09,472 - INFO - [The Hindu] Article: https://www.thehindu.com/news/national/india-inaugurates-new-state-of-the-art-consulate-building-in-shanghai/article70370878.ece
2025-12-08 01:50:09,472 - INFO - [The Hindu] Attempt 1/1: Trying with 'selenium_browser' strategy...
2025-12-08 01:50:09,508 - INFO - [BBC] Success with 'requests_browser'. Found content (429 words).
2025-12-08 01:50:09,587 - INFO - Duplicate article skipped: Iran arrests marathon organisers over women not wearing hijab from BBC
2025-12-08 01:50:09,876 - INFO - [The Guardian] Article: https://www.theguardian.com/world/2025/dec/05/police-say-recovered-faberge-pendant-after-new-zealand-man-allegedly-swallowed-it
2025-12-08 01:50:09,876 - INFO - [The Guardian] Attempt 1/1: Trying with 'requests_browser' strategy...
2025-12-08 01:50:09,943 - INFO - [The Guardian] Success with 'requests_browser'. Found content (341 words).
2025-12-08 01:50:10,016 - INFO - Duplicate article skipped: Patient police say they have recovered Fabergé pendant from man accused of swallowing it | New Zealand | The Guardian from The Guardian
2025-12-08 01:50:10,092 - INFO - [BBC] Article: https://www.bbc.com/news/articles/c0q5lejppeno?at_medium=RSS&at_campaign=rss
2025-12-08 01:50:10,093 - INFO - [BBC] Attempt 1/1: Trying with 'requests_browser' strategy...
2025-12-08 01:50:10,167 - INFO - [BBC] Success with 'requests_browser'. Found content (386 words).
2025-12-08 01:50:10,274 - INFO - Duplicate article skipped: National Guardsman 'slowly healing' after being shot in Washington DC from BBC
2025-12-08 01:50:11,245 - INFO - [The Hindu] Page content loaded.
2025-12-08 01:50:11,327 - INFO - [The Guardian] Article: https://www.theguardian.com/world/2025/dec/05/baby-fur-seal-wanders-into-bar-in-new-zealand
2025-12-08 01:50:11,327 - INFO - [The Guardian] Attempt 1/1: Trying with 'requests_browser' strategy...
2025-12-08 01:50:11,371 - INFO - [The Guardian] Success with 'requests_browser'. Found content (425 words).
2025-12-08 01:50:11,440 - INFO - Duplicate article skipped: Baby fur seal wanders into a bar in New Zealand | New Zealand | The Guardian from The Guardian
2025-12-08 01:50:11,478 - INFO - [The Hindu] Success with 'selenium_browser'. Found content (530 words).
2025-12-08 01:50:11,558 - INFO - Saved article: India inaugurates new state-of-the-art Consulate building in Shanghai - The Hindu from The Hindu
2025-12-08 01:50:11,567 - INFO - [BBC] Article: https://www.bbc.com/news/articles/cpd61d0jl6no?at_medium=RSS&at_campaign=rss
2025-12-08 01:50:11,567 - INFO - [BBC] Attempt 1/1: Trying with 'requests_browser' strategy...
2025-12-08 01:50:11,643 - INFO - [BBC] Success with 'requests_browser'. Found content (341 words).
2025-12-08 01:50:11,791 - INFO - Duplicate article skipped: Deadly attack on kindergarten reported in Sudan from BBC
2025-12-08 01:50:12,199 - INFO - [The Guardian] Article: https://www.theguardian.com/australia-news/2025/dec/08/three-men-convicted-gang-raping-teenagers-bucks-party-overturn-convictions
2025-12-08 01:50:12,199 - INFO - [The Guardian] Attempt 1/1: Trying with 'requests_browser' strategy...
2025-12-08 01:50:12,390 - INFO - [The Guardian] Success with 'requests_browser'. Found content (329 words).
2025-12-08 01:50:12,494 - INFO - [BBC] Article: https://www.bbc.com/news/articles/c4g9e34yzvgo?at_medium=RSS&at_campaign=rss
2025-12-08 01:50:12,501 - INFO - [BBC] Attempt 1/1: Trying with 'requests_browser' strategy...
2025-12-08 01:50:12,621 - INFO - Saved article: Three NSW men convicted of gang raping teenagers during bucks party successfully overturn convictions | New South Wales | The Guardian from The Guardian
2025-12-08 01:50:12,679 - INFO - [BBC] Success with 'requests_browser'. Found content (705 words).
2025-12-08 01:50:12,877 - INFO - Duplicate article skipped: Japan is facing a dementia crisis – can technology help? from BBC
2025-12-08 01:50:13,038 - INFO - [The Hindu] Article: https://www.thehindu.com/news/national/kerala/kerala-actor-rape-abduction-case-timeline-dileep-pulsar-suni-malayalam-cinema/article70368058.ece
2025-12-08 01:50:13,038 - INFO - [The Hindu] Attempt 1/1: Trying with 'selenium_browser' strategy...
2025-12-08 01:50:14,064 - INFO - [The Guardian] Article: https://www.theguardian.com/australia-news/live/2025/dec/08/australia-news-live-politics-coalition-housing-policy-liberal-labor-vic-nsw-qld-tasmania-weather-bushfires-economy-education-health-social-media-cost-of-living
2025-12-08 01:50:14,064 - INFO - [The Guardian] Attempt 1/1: Trying with 'requests_browser' strategy...
2025-12-08 01:50:14,264 - INFO - [BBC] Article: https://www.bbc.com/news/articles/crk7xgzj8y8o?at_medium=RSS&at_campaign=rss
2025-12-08 01:50:14,264 - INFO - [BBC] Attempt 1/1: Trying with 'requests_browser' strategy...
2025-12-08 01:50:14,546 - INFO - [BBC] Success with 'requests_browser'. Found content (2224 words).
2025-12-08 01:50:14,674 - INFO - Duplicate article skipped: Social media ban: Can you ban kids from social media? Australia is about to try from BBC
2025-12-08 01:50:14,765 - INFO - [The Guardian] Success with 'requests_browser'. Found content (3254 words).
2025-12-08 01:50:15,134 - INFO - Saved article: Australia news live: government lends Arnott’s $45m for global Tim Tams push; Ashton Hurn confirmed as new SA Liberals leader | Australia news | The Guardian from The Guardian
2025-12-08 01:50:15,333 - INFO - [The Hindu] Page content loaded.
2025-12-08 01:50:15,350 - INFO - [BBC] Article: https://www.bbc.com/news/articles/ce86z84e947o?at_medium=RSS&at_campaign=rss
2025-12-08 01:50:15,350 - INFO - [BBC] Attempt 1/1: Trying with 'requests_browser' strategy...
2025-12-08 01:50:15,403 - INFO - [BBC] Success with 'requests_browser'. Found content (897 words).
2025-12-08 01:50:15,598 - INFO - Duplicate article skipped: Bethlehem Christmas tree lights up for first time since start of Gaza war from BBC
2025-12-08 01:50:15,670 - INFO - [The Hindu] Success with 'selenium_browser'. Found content (257 words).
2025-12-08 01:50:15,782 - INFO - Saved article: Kerala actor rape case timeline: From abduction to verdict - The Hindu from The Hindu
2025-12-08 01:50:15,802 - INFO - [The Guardian] Article: https://www.theguardian.com/australia-news/2025/dec/08/anika-wells-claimed-more-than-8500-for-family-travel-to-melbourne-during-afl-grand-final-weekends-three-years-in-a-row
2025-12-08 01:50:15,802 - INFO - [The Guardian] Attempt 1/1: Trying with 'requests_browser' strategy...
2025-12-08 01:50:16,212 - INFO - [The Guardian] Success with 'requests_browser'. Found content (828 words).
2025-12-08 01:50:16,316 - INFO - Saved article: Anika Wells claimed more than $8,500 for family travel to Melbourne during AFL grand final weekends over three years | Australian politics | The Guardian from The Guardian
2025-12-08 01:50:16,627 - INFO - [The Hindu] Article: https://www.thehindu.com/news/national/chinese-national-detained-was-visiting-jk-ladakh-without-permission-officials/article70370874.ece
2025-12-08 01:50:16,627 - INFO - [The Hindu] Attempt 1/1: Trying with 'selenium_browser' strategy...
2025-12-08 01:50:16,820 - INFO - [The Guardian] Article: https://www.theguardian.com/australia-news/2025/dec/08/queensland-childcare-paedophile-could-have-been-stopped-five-times
2025-12-08 01:50:16,820 - INFO - [The Guardian] Attempt 1/1: Trying with 'requests_browser' strategy...
2025-12-08 01:50:17,092 - INFO - [BBC] Article: https://www.bbc.com/weather/articles/c4g4ey8zxnzo?at_medium=RSS&at_campaign=rss
2025-12-08 01:50:17,092 - INFO - [BBC] Attempt 1/1: Trying with 'requests_browser' strategy...
2025-12-08 01:50:17,194 - INFO - [BBC] Success with 'requests_browser'. Found content (756 words).
2025-12-08 01:50:17,266 - INFO - Duplicate article skipped: How solar storms that cause the Northern Lights have the power to wreak havoc on Earth - BBC Weather from BBC
2025-12-08 01:50:17,277 - INFO - [The Guardian] Success with 'requests_browser'. Found content (487 words).
2025-12-08 01:50:17,358 - INFO - Saved article: Notorious childcare paedophile Ashley Paul Griffith ‘could have been stopped’ five times during decades of offending | Queensland | The Guardian from The Guardian
2025-12-08 01:50:17,907 - INFO - [The Guardian] Article: https://www.theguardian.com/australia-news/2025/dec/08/barnaby-joyce-joins-one-nation-pauline-hanson
2025-12-08 01:50:17,907 - INFO - [The Guardian] Attempt 1/1: Trying with 'requests_browser' strategy...
2025-12-08 01:50:18,185 - INFO - [The Guardian] Success with 'requests_browser'. Found content (181 words).
2025-12-08 01:50:18,248 - INFO - Saved article: Barnaby Joyce joins One Nation as sitting MP with promise of future Senate ticket | One Nation | The Guardian from The Guardian
2025-12-08 01:50:18,649 - INFO - [BBC] Article: https://www.bbc.com/news/articles/c0qlgx275jqo?at_medium=RSS&at_campaign=rss
2025-12-08 01:50:18,649 - INFO - [BBC] Attempt 1/1: Trying with 'requests_browser' strategy...
2025-12-08 01:50:18,751 - INFO - [BBC] Success with 'requests_browser'. Found content (227 words).
2025-12-08 01:50:18,812 - INFO - Duplicate article skipped: Frank Gehry's most iconic work - in pictures from BBC
2025-12-08 01:50:18,941 - INFO - [The Hindu] Page content loaded.
2025-12-08 01:50:19,060 - INFO - [The Hindu] Success with 'selenium_browser'. Found content (370 words).
2025-12-08 01:50:19,136 - INFO - Saved article: Chinese national detained; was visiting J&K, Ladakh without permission: Officials - The Hindu from The Hindu
2025-12-08 01:50:19,168 - INFO - [The Guardian] Article: https://www.theguardian.com/uk-news/2025/dec/08/uk-asylum-policy-causes-more-violence-and-deaths-say-rights-groups
2025-12-08 01:50:19,168 - INFO - [The Guardian] Attempt 1/1: Trying with 'requests_browser' strategy...
2025-12-08 01:50:19,195 - INFO - [The Guardian] Success with 'requests_browser'. Found content (665 words).
2025-12-08 01:50:19,231 - INFO - Saved article: UK asylum policy causes more violence and deaths, say rights groups | Immigration and asylum | The Guardian from The Guardian
2025-12-08 01:50:19,453 - INFO - [BBC] Article: https://www.bbc.com/news/articles/cd0k2r2jpg4o?at_medium=RSS&at_campaign=rss
2025-12-08 01:50:19,453 - INFO - [BBC] Attempt 1/1: Trying with 'requests_browser' strategy...
2025-12-08 01:50:19,489 - INFO - [BBC] Success with 'requests_browser'. Found content (1288 words).
2025-12-08 01:50:19,536 - INFO - Duplicate article skipped: Migration to Europe: Single women face sexual violence from BBC
2025-12-08 01:50:19,743 - INFO - [The Guardian] Article: https://www.theguardian.com/world/2025/dec/07/water-leak-in-the-louvre-damages-hundreds-of-works-museum-says
2025-12-08 01:50:19,743 - INFO - [The Guardian] Attempt 1/1: Trying with 'requests_browser' strategy...
2025-12-08 01:50:19,811 - INFO - [The Guardian] Success with 'requests_browser'. Found content (308 words).
2025-12-08 01:50:19,927 - INFO - Saved article: Water leak in the Louvre damages hundreds of works, museum says | Paris | The Guardian from The Guardian
2025-12-08 01:50:20,110 - INFO - [The Hindu] Article: https://www.thehindu.com/news/national/filmmaker-vikram-bhatt-wife-held-for-cheating-rajasthan-doctor-of-30-crore/article70370872.ece
2025-12-08 01:50:20,110 - INFO - [The Hindu] Attempt 1/1: Trying with 'selenium_browser' strategy...
2025-12-08 01:50:20,730 - INFO - [BBC] Article: https://www.bbc.com/news/articles/c5y937w7xl7o?at_medium=RSS&at_campaign=rss
2025-12-08 01:50:20,730 - INFO - [BBC] Attempt 1/1: Trying with 'requests_browser' strategy...
2025-12-08 01:50:20,882 - INFO - [BBC] Success with 'requests_browser'. Found content (1884 words).
2025-12-08 01:50:20,937 - INFO - Duplicate article skipped: Nerida Hansen: Shoppers loved Australia's 'fabric queen'. Then, order by order, her story fell apart from BBC
2025-12-08 01:50:20,967 - INFO - [The Hindu] Page content loaded.
2025-12-08 01:50:21,044 - INFO - [The Hindu] Success with 'selenium_browser'. Found content (493 words).
2025-12-08 01:50:21,186 - INFO - Saved article: Filmmaker Vikram Bhatt, wife held for cheating Rajasthan doctor of ₹30 crore - The Hindu from The Hindu
2025-12-08 01:50:21,296 - INFO - [The Guardian] Article: https://www.theguardian.com/business/2025/dec/07/paul-mccartney-urges-eu-to-drop-ban-on-veggie-burgers-and-sausages
2025-12-08 01:50:21,296 - INFO - [The Guardian] Attempt 1/1: Trying with 'requests_browser' strategy...
2025-12-08 01:50:21,335 - INFO - [The Guardian] Success with 'requests_browser'. Found content (481 words).
2025-12-08 01:50:21,390 - INFO - Saved article: Let it be: Paul McCartney urges EU to drop ban on veggie ‘burgers’ and ‘sausages’ | Food & drink industry | The Guardian from The Guardian
2025-12-08 01:50:22,226 - INFO - [The Hindu] Article: https://www.thehindu.com/news/national/punjab/missing-saroops-of-guru-granth-sahib-punjab-police-books-16-people/article70370061.ece
2025-12-08 01:50:22,226 - INFO - [The Hindu] Attempt 1/1: Trying with 'selenium_browser' strategy...
2025-12-08 01:50:22,400 - INFO - [BBC] Article: https://www.bbc.com/news/articles/c20gn2d51l1o?at_medium=RSS&at_campaign=rss
2025-12-08 01:50:22,400 - INFO - [BBC] Attempt 1/1: Trying with 'requests_browser' strategy...
2025-12-08 01:50:22,480 - INFO - [BBC] Success with 'requests_browser'. Found content (1374 words).
2025-12-08 01:50:22,541 - INFO - Duplicate article skipped: Kenyans fighting for Russia: Lured by lucrative job offers but sent to the front line from BBC
2025-12-08 01:50:22,619 - INFO - [The Guardian] Article: https://www.theguardian.com/world/2025/dec/07/kremlin-hails-trump-national-security-strategy-as-aligned-with-russia-vision
2025-12-08 01:50:22,619 - INFO - [The Guardian] Attempt 1/1: Trying with 'requests_browser' strategy...
2025-12-08 01:50:22,667 - INFO - [The Guardian] Success with 'requests_browser'. Found content (737 words).
2025-12-08 01:50:22,969 - INFO - Saved article: Kremlin hails Trump’s national security strategy as aligned with Russia’s vision | Russia | The Guardian from The Guardian
2025-12-08 01:50:23,066 - INFO - [The Hindu] Page content loaded.
2025-12-08 01:50:23,114 - INFO - [The Hindu] Success with 'selenium_browser'. Found content (651 words).
2025-12-08 01:50:23,115 - INFO - [BBC] Article: https://www.bbc.com/news/articles/cp858lmrn74o?at_medium=RSS&at_campaign=rss
2025-12-08 01:50:23,120 - INFO - [BBC] Attempt 1/1: Trying with 'requests_browser' strategy...
2025-12-08 01:50:23,196 - INFO - Saved article: Missing ‘saroops’ of Guru Granth Sahib: Punjab Police books 16 people - The Hindu from The Hindu
2025-12-08 01:50:23,248 - INFO - [BBC] Success with 'requests_browser'. Found content (1109 words).
2025-12-08 01:50:23,301 - INFO - Duplicate article skipped: Selling Sunset: How to deal with disliking a friend's partner from BBC
2025-12-08 01:50:23,938 - INFO - [The Hindu] Article: https://www.thehindu.com/news/national/assam/assam-govt-to-hand-over-992-acres-to-aai-for-silchar-greenfield-airport/article70370062.ece
2025-12-08 01:50:23,939 - INFO - [The Hindu] Attempt 1/1: Trying with 'selenium_browser' strategy...
2025-12-08 01:50:24,192 - INFO - [BBC] Article: https://www.bbc.com/news/articles/cvgj4npzp53o?at_medium=RSS&at_campaign=rss
2025-12-08 01:50:24,192 - INFO - [BBC] Attempt 1/1: Trying with 'requests_browser' strategy...
2025-12-08 01:50:24,244 - INFO - [BBC] Success with 'requests_browser'. Found content (978 words).
2025-12-08 01:50:24,296 - INFO - Duplicate article skipped: Which European countries have mandatory or voluntary military service from BBC
2025-12-08 01:50:24,378 - INFO - [The Guardian] Article: https://www.theguardian.com/politics/2025/dec/07/farage-bloc-meps-alleged-to-have-followed-russian-assets-script-ukip-brexit-party
2025-12-08 01:50:24,378 - INFO - [The Guardian] Attempt 1/1: Trying with 'requests_browser' strategy...
2025-12-08 01:50:24,430 - INFO - [The Guardian] Success with 'requests_browser'. Found content (1115 words).
2025-12-08 01:50:24,485 - INFO - Saved article: Three more Farage bloc MEPs alleged to have followed Russian asset’s script | Reform UK | The Guardian from The Guardian
2025-12-08 01:50:24,691 - INFO - [The Hindu] Page content loaded.
2025-12-08 01:50:24,743 - INFO - [The Hindu] Success with 'selenium_browser'. Found content (618 words).
2025-12-08 01:50:24,813 - INFO - Saved article: Assam govt to hand over 992 acres to AAI for Silchar greenfield airport - The Hindu from The Hindu
2025-12-08 01:50:25,985 - INFO - [The Hindu] Article: https://www.thehindu.com/news/national/world-becoming-more-multi-polar-makes-compelling-case-for-deeper-multilateralism-jaishankar/article70370004.ece
2025-12-08 01:50:25,985 - INFO - [The Hindu] Attempt 1/1: Trying with 'selenium_browser' strategy...
2025-12-08 01:50:27,202 - INFO - [The Hindu] Page content loaded.
2025-12-08 01:50:27,366 - INFO - [The Hindu] Success with 'selenium_browser'. Found content (745 words).
2025-12-08 01:50:27,442 - INFO - Saved article: World becoming more multi-polar makes compelling case for deeper multilateralism: Jaishankar - The Hindu from The Hindu
2025-12-08 01:50:28,912 - INFO - [The Hindu] Article: https://www.thehindu.com/news/national/russian-strikes-kill-4-in-ukraine-as-kremlin-praises-new-us-security-strategy/article70370099.ece
2025-12-08 01:50:28,912 - INFO - [The Hindu] Attempt 1/1: Trying with 'selenium_browser' strategy...
2025-12-08 01:50:29,717 - INFO - [The Hindu] Page content loaded.
2025-12-08 01:50:29,889 - INFO - [The Hindu] Success with 'selenium_browser'. Found content (514 words).
2025-12-08 01:50:29,963 - INFO - Saved article: Russian strikes kill 4 in Ukraine as Kremlin praises new U.S. security strategy - The Hindu from The Hindu
2025-12-08 01:50:30,959 - INFO - [The Hindu] Article: https://www.thehindu.com/news/national/uttar-pradesh/panic-grips-assam-migrant-workers-facing-eviction-in-up/article70370111.ece
2025-12-08 01:50:30,959 - INFO - [The Hindu] Attempt 1/1: Trying with 'selenium_browser' strategy...
2025-12-08 01:50:32,687 - INFO - [The Hindu] Page content loaded.
2025-12-08 01:50:32,727 - INFO - [The Hindu] Success with 'selenium_browser'. Found content (508 words).
2025-12-08 01:50:32,793 - INFO - Saved article: Panic grips Assam migrant workers facing eviction in U.P. - The Hindu from The Hindu
2025-12-08 01:50:34,116 - INFO - [The Hindu] Article: https://www.thehindu.com/news/national/uttarakhand/stone-pelting-on-bajrang-dals-procession-in-haridwar-heavy-police-force-deployed/article70370068.ece
2025-12-08 01:50:34,116 - INFO - [The Hindu] Attempt 1/1: Trying with 'selenium_browser' strategy...
2025-12-08 01:50:34,745 - INFO - [The Hindu] Page content loaded.
2025-12-08 01:50:34,812 - INFO - [The Hindu] Success with 'selenium_browser'. Found content (235 words).
2025-12-08 01:50:34,961 - INFO - Saved article: Stone-pelting on Bajrang Dal's procession in Haridwar; heavy police force deployed - The Hindu from The Hindu
2025-12-08 01:50:35,991 - INFO - [The Hindu] Article: https://www.thehindu.com/news/national/kerala/voters-who-participated-in-campco-society-election-in-a-spot/article70369630.ece
2025-12-08 01:50:35,991 - INFO - [The Hindu] Attempt 1/1: Trying with 'selenium_browser' strategy...
2025-12-08 01:50:36,688 - INFO - [The Hindu] Page content loaded.
2025-12-08 01:50:36,764 - INFO - [The Hindu] Success with 'selenium_browser'. Found content (180 words).
2025-12-08 01:50:36,830 - INFO - Saved article: Voters who participated in Campco society election in a spot - The Hindu from The Hindu
2025-12-08 01:50:38,200 - INFO - [The Hindu] Article: https://www.thehindu.com/news/cities/bangalore/congress-backed-candidates-secure-majority-in-bdcc-bank-polls/article70369166.ece
2025-12-08 01:50:38,200 - INFO - [The Hindu] Attempt 1/1: Trying with 'selenium_browser' strategy...
2025-12-08 01:50:38,832 - INFO - [The Hindu] Page content loaded.
2025-12-08 01:50:38,874 - INFO - [The Hindu] Success with 'selenium_browser'. Found content (310 words).
2025-12-08 01:50:38,938 - INFO - Saved article: Congress-backed candidates secure majority in BDCC Bank polls - The Hindu from The Hindu
2025-12-08 01:50:40,312 - INFO - [The Hindu] Article: https://www.thehindu.com/news/national/jammu-and-kashmir/youth-share-tales-of-harassment-at-pdp-meet-on-why-kashmiri-professionals-are-turning-to-violence/article70369326.ece
2025-12-08 01:50:40,312 - INFO - [The Hindu] Attempt 1/1: Trying with 'selenium_browser' strategy...
2025-12-08 01:50:40,847 - INFO - [Times of India] Page content loaded.
2025-12-08 01:50:41,165 - INFO - [Times of India] Success with 'selenium_browser'. Found content (404 words).
2025-12-08 01:50:41,297 - INFO - Saved article: Kash Patel addresses Candace Owens’ shocking claim that France hired killers to assassinate her - The Times of India from Times of India
2025-12-08 01:50:42,623 - INFO - [Times of India] Article: https://timesofindia.indiatimes.com/world/us-streamers/he-told-me-really-dark-stuff-benny-johnson-backs-tim-pool-after-apology-call-and-safety-fears-for-his-family/articleshow/125824183.cms
2025-12-08 01:50:42,623 - INFO - [Times of India] Attempt 1/1: Trying with 'selenium_browser' strategy...
2025-12-08 01:50:55,907 - INFO - [The Hindu] Page content loaded.
2025-12-08 01:50:56,044 - INFO - [The Hindu] Success with 'selenium_browser'. Found content (786 words).
2025-12-08 01:50:56,128 - INFO - Saved article: Youth share tales of harassment at PDP meet on why Kashmiri professionals are turning to violence - The Hindu from The Hindu
2025-12-08 01:50:57,065 - INFO - [The Hindu] Article: https://www.thehindu.com/news/national/kerala/high-pitched-campaign-for-local-body-polls-ends-in-ernakulam/article70369125.ece
2025-12-08 01:50:57,065 - INFO - [The Hindu] Attempt 1/1: Trying with 'selenium_browser' strategy...
2025-12-08 01:50:57,658 - INFO - [The Hindu] Page content loaded.
2025-12-08 01:50:57,708 - INFO - [The Hindu] Success with 'selenium_browser'. Found content (518 words).
2025-12-08 01:50:57,769 - INFO - Saved article: High-pitched campaign for local body polls ends in Ernakulam - The Hindu from The Hindu
2025-12-08 01:50:58,515 - INFO - [The Hindu] Article: https://www.thehindu.com/news/national/tamil-nadu/more-than-half-of-tamil-estampages-covered-under-asis-ongoing-digitisation-drive/article70368749.ece
2025-12-08 01:50:58,515 - INFO - [The Hindu] Attempt 1/1: Trying with 'selenium_browser' strategy...
2025-12-08 01:50:59,249 - INFO - [The Hindu] Page content loaded.
2025-12-08 01:50:59,301 - INFO - [The Hindu] Success with 'selenium_browser'. Found content (273 words).
2025-12-08 01:50:59,360 - INFO - Saved article: More than half of Tamil estampages covered under ASI’s ongoing digitisation drive - The Hindu from The Hindu
2025-12-08 01:51:00,209 - INFO - [The Hindu] Article: https://www.thehindu.com/news/national/jharkhand/bjp-to-raise-issues-related-to-scholarships-paddy-procurement-in-jharkhand-assemblys-winter-session/article70370009.ece
2025-12-08 01:51:00,209 - INFO - [The Hindu] Attempt 1/1: Trying with 'selenium_browser' strategy...
2025-12-08 01:51:00,838 - INFO - [The Hindu] Page content loaded.
2025-12-08 01:51:00,877 - INFO - [The Hindu] Success with 'selenium_browser'. Found content (273 words).
2025-12-08 01:51:00,925 - INFO - Saved article: BJP to raise issues related to scholarships, paddy procurement in Jharkhand Assembly's winter session - The Hindu from The Hindu
2025-12-08 01:51:01,438 - INFO - [The Hindu] Article: https://www.thehindu.com/news/national/kerala/iuml-leader-clarifies-daughters-remarks-on-women-entering-mosques/article70370032.ece
2025-12-08 01:51:01,438 - INFO - [The Hindu] Attempt 1/1: Trying with 'selenium_browser' strategy...
2025-12-08 01:51:02,179 - INFO - [The Hindu] Page content loaded.
2025-12-08 01:51:02,248 - INFO - [The Hindu] Success with 'selenium_browser'. Found content (230 words).
2025-12-08 01:51:02,311 - INFO - Saved article: IUML leader clarifies daughter’s remarks on women entering mosques - The Hindu from The Hindu
2025-12-08 01:51:03,498 - INFO - [The Hindu] Article: https://www.thehindu.com/opinion/op-ed/telangana-needs-more-buses/article70369168.ece
2025-12-08 01:51:03,498 - INFO - [The Hindu] Attempt 1/1: Trying with 'selenium_browser' strategy...
2025-12-08 01:51:04,203 - INFO - [The Hindu] Page content loaded.
2025-12-08 01:51:04,293 - INFO - [The Hindu] Success with 'selenium_browser'. Found content (728 words).
2025-12-08 01:51:04,446 - INFO - Saved article: Telangana needs more buses - The Hindu from The Hindu
2025-12-08 01:51:05,186 - INFO - [The Hindu] Article: https://www.thehindu.com/news/cities/chennai/residents-complain-about-frequent-damage-to-manholes-in-storm-water-drains-this-monsoon/article70368683.ece
2025-12-08 01:51:05,186 - INFO - [The Hindu] Attempt 1/1: Trying with 'selenium_browser' strategy...
2025-12-08 01:51:06,035 - INFO - [The Hindu] Page content loaded.
2025-12-08 01:51:06,109 - INFO - [The Hindu] Success with 'selenium_browser'. Found content (332 words).
2025-12-08 01:51:06,187 - INFO - Saved article: Residents complain about frequent damage to manholes in storm water drains this monsoon - The Hindu from The Hindu
2025-12-08 01:51:07,059 - INFO - [The Hindu] Article: https://www.thehindu.com/opinion/op-ed/a-black-friday-for-aviation-safety-in-india/article70369412.ece
2025-12-08 01:51:07,059 - INFO - [The Hindu] Attempt 1/1: Trying with 'selenium_browser' strategy...
2025-12-08 01:51:07,721 - INFO - [The Hindu] Page content loaded.
2025-12-08 01:51:07,763 - INFO - [The Hindu] Success with 'selenium_browser'. Found content (1031 words).
2025-12-08 01:51:07,827 - INFO - Saved article: A black Friday for aviation safety in India - The Hindu from The Hindu
2025-12-08 01:51:08,563 - INFO - [The Hindu] Article: https://www.thehindu.com/news/cities/Hyderabad/navy-band-sets-tempo-for-public-concert-in-hyderabad/article70369421.ece
2025-12-08 01:51:08,563 - INFO - [The Hindu] Attempt 1/1: Trying with 'selenium_browser' strategy...
2025-12-08 01:51:10,343 - INFO - [The Hindu] Page content loaded.
2025-12-08 01:51:10,447 - INFO - [The Hindu] Success with 'selenium_browser'. Found content (167 words).
2025-12-08 01:51:10,511 - INFO - Saved article: Navy band sets tempo for public concert in Hyderabad - The Hindu from The Hindu
2025-12-08 01:51:11,724 - INFO - [The Hindu] Article: https://www.thehindu.com/news/national/haryana/had-no-choice-but-to-back-bjp-in-2019-dushyant-chautala/article70369419.ece
2025-12-08 01:51:11,724 - INFO - [The Hindu] Attempt 1/1: Trying with 'selenium_browser' strategy...
2025-12-08 01:51:12,277 - INFO - [The Hindu] Page content loaded.
2025-12-08 01:51:12,349 - INFO - [The Hindu] Success with 'selenium_browser'. Found content (559 words).
2025-12-08 01:51:12,416 - INFO - Saved article: Had no choice but to back BJP in 2019: Dushyant Chautala - The Hindu from The Hindu
2025-12-08 01:51:13,237 - INFO - [The Hindu] Article: https://www.thehindu.com/news/national/tamil-nadu/rahul-bhattacharyas-rail-song-resonates-at-the-hindu-lit-for-life-unplugged/article70369729.ece
2025-12-08 01:51:13,237 - INFO - [The Hindu] Attempt 1/1: Trying with 'selenium_browser' strategy...
2025-12-08 01:51:13,953 - INFO - [The Hindu] Page content loaded.
2025-12-08 01:51:14,023 - INFO - [The Hindu] Success with 'selenium_browser'. Found content (251 words).
2025-12-08 01:51:14,101 - INFO - Saved article: Rahul Bhattacharya’s Rail Song Resonates at The Hindu Lit for Life Unplugged - The Hindu from The Hindu
2025-12-08 01:51:14,949 - INFO - [The Hindu] Article: https://www.thehindu.com/news/national/watch-all-officials-found-guilty-will-be-suspended-goa-cm-pramod-sawant/article70370014.ece
2025-12-08 01:51:14,949 - INFO - [The Hindu] Attempt 1/1: Trying with 'selenium_browser' strategy...
2025-12-08 01:51:15,599 - INFO - [The Hindu] Page content loaded.
2025-12-08 01:51:15,649 - WARNING - [The Hindu] FAILED with 'selenium_browser' (content was too short: 73 words).
2025-12-08 01:51:15,650 - ERROR - [The Hindu] All scrape strategies failed for https://www.thehindu.com/news/national/watch-all-officials-found-guilty-will-be-suspended-goa-cm-pramod-sawant/article70370014.ece. Falling back to RSS description.
2025-12-08 01:51:15,652 - INFO - Saved article: Watch: All officials found guilty will be suspended: Goa CM Pramod Sawant from The Hindu
2025-12-08 01:51:16,993 - INFO - [The Hindu] (Thread) Finished. Attempting to shut down its Selenium driver.
2025-12-08 01:51:17,095 - INFO - [The Hindu] (Thread) driver.quit() successful.
2025-12-08 01:52:42,724 - ERROR - [Times of India] Request failed for strategy 'selenium_browser' on URL https://timesofindia.indiatimes.com/world/us-streamers/he-told-me-really-dark-stuff-benny-johnson-backs-tim-pool-after-apology-call-and-safety-fears-for-his-family/articleshow/125824183.cms: HTTPConnectionPool(host='localhost', port=46363): Read timed out. (read timeout=120)
2025-12-08 01:52:42,724 - ERROR - [Times of India] All scrape strategies failed for https://timesofindia.indiatimes.com/world/us-streamers/he-told-me-really-dark-stuff-benny-johnson-backs-tim-pool-after-apology-call-and-safety-fears-for-his-family/articleshow/125824183.cms. Falling back to RSS description.
2025-12-08 01:52:42,731 - INFO - Saved article: “He told me really dark stuff”: Benny Johnson backs Tim Pool after apology call and fears for his family's safety from Times of India
2025-12-08 01:52:43,598 - INFO - [Times of India] Article: https://timesofindia.indiatimes.com/world/us-streamers/kai-cenat-breaks-silence-on-mental-health-struggles-and-reveals-the-quiet-escape-that-helped-him-reset/articleshow/125824081.cms
2025-12-08 01:52:43,598 - INFO - [Times of India] Attempt 1/1: Trying with 'selenium_browser' strategy...
2025-12-08 01:54:43,699 - ERROR - [Times of India] Request failed for strategy 'selenium_browser' on URL https://timesofindia.indiatimes.com/world/us-streamers/kai-cenat-breaks-silence-on-mental-health-struggles-and-reveals-the-quiet-escape-that-helped-him-reset/articleshow/125824081.cms: HTTPConnectionPool(host='localhost', port=46363): Read timed out. (read timeout=120)
2025-12-08 01:54:43,699 - ERROR - [Times of India] All scrape strategies failed for https://timesofindia.indiatimes.com/world/us-streamers/kai-cenat-breaks-silence-on-mental-health-struggles-and-reveals-the-quiet-escape-that-helped-him-reset/articleshow/125824081.cms. Falling back to RSS description.
2025-12-08 01:54:43,701 - INFO - Saved article: Kai Cenat breaks silence on mental health struggles and reveals the quiet escape that helped him reset from Times of India
2025-12-08 01:54:44,364 - INFO - [Times of India] Article: https://timesofindia.indiatimes.com/world/us/no-us-visa-for-fact-checkers-content-moderators-because-trumps-social-media-accounts-were-once-locked/articleshow/125816644.cms
2025-12-08 01:54:44,364 - INFO - [Times of India] Attempt 1/1: Trying with 'selenium_browser' strategy...
2025-12-08 01:56:44,372 - ERROR - [Times of India] Request failed for strategy 'selenium_browser' on URL https://timesofindia.indiatimes.com/world/us/no-us-visa-for-fact-checkers-content-moderators-because-trumps-social-media-accounts-were-once-locked/articleshow/125816644.cms: HTTPConnectionPool(host='localhost', port=46363): Read timed out. (read timeout=120)
2025-12-08 01:56:44,372 - ERROR - [Times of India] All scrape strategies failed for https://timesofindia.indiatimes.com/world/us/no-us-visa-for-fact-checkers-content-moderators-because-trumps-social-media-accounts-were-once-locked/articleshow/125816644.cms. Falling back to RSS description.
2025-12-08 01:56:44,374 - INFO - Saved article: No US visa for fact checkers, content moderators because 'Trump's social media accounts were once locked' from Times of India
2025-12-08 01:56:45,599 - INFO - [Times of India] Article: https://timesofindia.indiatimes.com/world/us-streamers/provide-a-description-candace-owens-challenges-tim-pools-shooting-claim-demands-proof-after-alleged-attack/articleshow/125823818.cms
2025-12-08 01:56:45,599 - INFO - [Times of India] Attempt 1/1: Trying with 'selenium_browser' strategy...
2025-12-08 01:56:56,221 - CRITICAL - --- TIMEOUT: 1 scrape jobs did not complete in 420s. ---
2025-12-08 01:56:56,221 - ERROR - A thread has timed out and will be abandoned.
2025-12-08 01:56:56,221 - INFO - Shutting down thread pool (wait=False)...
2025-12-08 01:56:56,221 - INFO - Scraped: 4 BBC, 25 The Hindu, 13 The Guardian, 1 Timed_Out_Jobs articles. (Total saved: 42)
2025-12-08 01:56:56,221 - INFO - --- Scraping job finished ---
2025-12-08 01:56:56,221 - INFO - --- Scraper service stopped and database connection closed. ---
2025-12-08 01:56:56,221 - INFO - --- Main thread finished. Forcing process exit to kill zombie threads. ---
