2026-02-04 02:21:30,006 - INFO - Initializing database connection at: news_articles.db
2026-02-04 02:21:30,007 - INFO - --- Scraper service started (CI Mode: Run Once) ---
2026-02-04 02:21:30,007 - INFO - --- Starting new scraping job (Parallel Mode) ---
2026-02-04 02:21:30,007 - INFO - Creating new robust session with 3 retries on 5xx/connection/read errors.
2026-02-04 02:21:30,007 - INFO - Proxy is DISABLED.
2026-02-04 02:21:30,007 - INFO - Starting scrape for BBC RSS feed: http://feeds.bbci.co.uk/news/world/rss.xml
2026-02-04 02:21:30,008 - INFO - [Times of India] (Thread) requires Selenium. Initializing driver...
2026-02-04 02:21:30,008 - INFO - Initializing headless Selenium Chrome driver (using SeleniumManager)...
2026-02-04 02:21:30,008 - INFO - Starting scrape for The Guardian RSS feed: https://www.theguardian.com/world/rss
2026-02-04 02:21:30,008 - INFO - [The Hindu] (Thread) requires Selenium. Initializing driver...
2026-02-04 02:21:30,009 - INFO - Initializing headless Selenium Chrome driver (using SeleniumManager)...
2026-02-04 02:21:30,009 - INFO - Submitted 4 jobs to thread pool. Waiting up to 420s for completion...
2026-02-04 02:21:30,116 - INFO - Found 45 articles in The Guardian RSS feed. Processing up to 25.
2026-02-04 02:21:30,117 - INFO - [The Guardian] Article: https://www.theguardian.com/global-development/2026/feb/04/trump-us-china-russia-democratic-recession-peril-human-rights-watch
2026-02-04 02:21:30,117 - INFO - [The Guardian] Attempt 1/1: Trying with 'requests_browser' strategy...
2026-02-04 02:21:30,148 - INFO - [The Guardian] Success with 'requests_browser'. Found content (763 words).
2026-02-04 02:21:30,189 - INFO - Saved article: Trump-led abuses amid ‘democratic recession’ put human rights in peril, HRW report says | Human rights | The Guardian from The Guardian
2026-02-04 02:21:30,264 - INFO - Found 37 articles in BBC RSS feed. Processing up to 25.
2026-02-04 02:21:30,265 - INFO - [BBC] Article: https://www.bbc.com/news/articles/cn0k65pnxjxo?at_medium=RSS&at_campaign=rss
2026-02-04 02:21:30,265 - INFO - [BBC] Attempt 1/1: Trying with 'requests_browser' strategy...
2026-02-04 02:21:30,660 - INFO - [BBC] Success with 'requests_browser'. Found content (689 words).
2026-02-04 02:21:30,700 - INFO - Saved article: Thousands of Epstein documents taken down after victims identified from BBC
2026-02-04 02:21:31,174 - INFO - [The Guardian] Article: https://www.theguardian.com/world/2026/feb/02/israel-agrees-to-limited-reopening-of-rafah-border-crossing-in-gaza
2026-02-04 02:21:31,174 - INFO - [The Guardian] Attempt 1/1: Trying with 'requests_browser' strategy...
2026-02-04 02:21:31,205 - INFO - [The Guardian] Success with 'requests_browser'. Found content (1130 words).
2026-02-04 02:21:31,250 - INFO - Duplicate article skipped: Handful of sick and wounded Palestinians allowed through Rafah crossing on first day | Gaza | The Guardian from The Guardian
2026-02-04 02:21:32,035 - INFO - [BBC] Article: https://www.bbc.com/news/articles/c3dmjn7n985o?at_medium=RSS&at_campaign=rss
2026-02-04 02:21:32,035 - INFO - [BBC] Attempt 1/1: Trying with 'requests_browser' strategy...
2026-02-04 02:21:32,102 - INFO - [BBC] Success with 'requests_browser'. Found content (679 words).
2026-02-04 02:21:32,145 - INFO - Saved article: US says it shot down Iranian drone flying towards aircraft carrier from BBC
2026-02-04 02:21:32,478 - INFO - [The Guardian] Article: https://www.theguardian.com/environment/2026/feb/02/weather-tracker-cyclone-fytia-madagascar-floods
2026-02-04 02:21:32,478 - INFO - [The Guardian] Attempt 1/1: Trying with 'requests_browser' strategy...
2026-02-04 02:21:32,500 - INFO - [The Guardian] Success with 'requests_browser'. Found content (389 words).
2026-02-04 02:21:32,536 - INFO - Duplicate article skipped: Weather tracker: Cyclone Fytia in Madagascar kills several people and floods homes | Madagascar | The Guardian from The Guardian
2026-02-04 02:21:32,688 - INFO - [BBC] Article: https://www.bbc.com/news/articles/c5y2nddvmryo?at_medium=RSS&at_campaign=rss
2026-02-04 02:21:32,688 - INFO - [BBC] Attempt 1/1: Trying with 'requests_browser' strategy...
2026-02-04 02:21:32,740 - INFO - [BBC] Success with 'requests_browser'. Found content (591 words).
2026-02-04 02:21:32,782 - INFO - Saved article: Spain announces plans to ban social media for under-16s from BBC
2026-02-04 02:21:33,591 - INFO - [BBC] Article: https://www.bbc.com/news/articles/cp37g4xgkxdo?at_medium=RSS&at_campaign=rss
2026-02-04 02:21:33,591 - INFO - [BBC] Attempt 1/1: Trying with 'requests_browser' strategy...
2026-02-04 02:21:33,620 - INFO - [BBC] Success with 'requests_browser'. Found content (412 words).
2026-02-04 02:21:33,658 - INFO - Saved article: Saif al-Islam Gaddafi, son of ex-Libyan leader, reportedly shot dead from BBC
2026-02-04 02:21:33,920 - INFO - [The Guardian] Article: https://www.theguardian.com/law/2026/feb/02/more-than-100000-civilians-killed-war-crimes-out-of-control-study
2026-02-04 02:21:33,920 - INFO - [The Guardian] Attempt 1/1: Trying with 'requests_browser' strategy...
2026-02-04 02:21:33,942 - INFO - [The Guardian] Success with 'requests_browser'. Found content (732 words).
2026-02-04 02:21:33,980 - INFO - Duplicate article skipped: International law meant to limit effects of war at breaking point, study finds | War crimes | The Guardian from The Guardian
2026-02-04 02:21:34,412 - INFO - [BBC] Article: https://www.bbc.com/news/articles/cdx43rxgyk1o?at_medium=RSS&at_campaign=rss
2026-02-04 02:21:34,412 - INFO - [BBC] Attempt 1/1: Trying with 'requests_browser' strategy...
2026-02-04 02:21:34,450 - INFO - [BBC] Success with 'requests_browser'. Found content (871 words).
2026-02-04 02:21:34,522 - INFO - Saved article: Trial of Norway crown princess's son hears tearful account in rape trial from BBC
2026-02-04 02:21:35,213 - INFO - [The Guardian] Article: https://www.theguardian.com/world/2026/jan/30/more-than-200-killed-in-coltan-mine-collapse-in-eastern-drc-officials-say
2026-02-04 02:21:35,213 - INFO - [The Guardian] Attempt 1/1: Trying with 'requests_browser' strategy...
2026-02-04 02:21:35,235 - INFO - [The Guardian] Success with 'requests_browser'. Found content (306 words).
2026-02-04 02:21:35,276 - INFO - Duplicate article skipped: More than 200 killed in coltan mine collapse in eastern DRC, officials say | Democratic Republic of the Congo | The Guardian from The Guardian
2026-02-04 02:21:35,658 - INFO - [BBC] Article: https://www.bbc.com/news/articles/c04105ywkkqo?at_medium=RSS&at_campaign=rss
2026-02-04 02:21:35,658 - INFO - [BBC] Attempt 1/1: Trying with 'requests_browser' strategy...
2026-02-04 02:21:35,700 - INFO - [BBC] Success with 'requests_browser'. Found content (1496 words).
2026-02-04 02:21:35,742 - INFO - Saved article: BBC joins Colombian commandos on search for jungle cocaine labs from BBC
2026-02-04 02:21:36,679 - INFO - [The Guardian] Article: https://www.theguardian.com/world/2026/feb/03/colombian-president-and-trump-put-aside-insults-for-amicable-white-house-meeting
2026-02-04 02:21:36,679 - INFO - [The Guardian] Attempt 1/1: Trying with 'requests_browser' strategy...
2026-02-04 02:21:36,713 - INFO - [The Guardian] Success with 'requests_browser'. Found content (740 words).
2026-02-04 02:21:36,758 - INFO - Saved article: Colombian president and Trump put aside insults for amicable White House meeting | Colombia | The Guardian from The Guardian
2026-02-04 02:21:36,959 - INFO - [BBC] Article: https://www.bbc.com/news/articles/cdre825p110o?at_medium=RSS&at_campaign=rss
2026-02-04 02:21:36,959 - INFO - [BBC] Attempt 1/1: Trying with 'requests_browser' strategy...
2026-02-04 02:21:36,994 - INFO - [BBC] Success with 'requests_browser'. Found content (169 words).
2026-02-04 02:21:37,032 - INFO - Saved article: Fourteen migrants dead after collision with Greek coastguard boat from BBC
2026-02-04 02:21:37,389 - INFO - [The Guardian] Article: https://www.theguardian.com/us-news/2026/feb/02/trump-administration-blocked-tps-haitians
2026-02-04 02:21:37,389 - INFO - [The Guardian] Attempt 1/1: Trying with 'requests_browser' strategy...
2026-02-04 02:21:37,412 - INFO - [The Guardian] Success with 'requests_browser'. Found content (475 words).
2026-02-04 02:21:37,451 - INFO - Saved article: Judge blocks Trump administration’s stripping of Haitians’ protected status | US immigration | The Guardian from The Guardian
2026-02-04 02:21:37,721 - INFO - [BBC] Article: https://www.bbc.com/news/articles/cly3ezj3rg3o?at_medium=RSS&at_campaign=rss
2026-02-04 02:21:37,722 - INFO - [BBC] Attempt 1/1: Trying with 'requests_browser' strategy...
2026-02-04 02:21:37,763 - INFO - [BBC] Success with 'requests_browser'. Found content (1021 words).
2026-02-04 02:21:37,815 - INFO - Selenium driver initialized successfully.
2026-02-04 02:21:37,815 - INFO - Starting scrape for The Hindu RSS feed: https://www.thehindu.com/news/national/feeder/default.rss
2026-02-04 02:21:37,816 - INFO - Selenium driver initialized successfully.
2026-02-04 02:21:37,817 - INFO - Starting scrape for Times of India RSS feed: https://timesofindia.indiatimes.com/rssfeeds/296589292.cms
2026-02-04 02:21:37,818 - INFO - Saved article: Austin Appelbee: Australia boy, 13, describes swim to save family from BBC
2026-02-04 02:21:37,931 - INFO - Found 100 articles in The Hindu RSS feed. Processing up to 25.
2026-02-04 02:21:37,932 - INFO - [The Hindu] Article: https://www.thehindu.com/news/national/kerala/government-launches-survey-of-sanitary-napkin-vending-machines-incinerators-in-schools/article70587829.ece
2026-02-04 02:21:37,932 - INFO - [The Hindu] Attempt 1/1: Trying with 'selenium_browser' strategy...
2026-02-04 02:21:37,988 - INFO - Found 20 articles in Times of India RSS feed. Processing up to 25.
2026-02-04 02:21:37,988 - INFO - [Times of India] Article: https://timesofindia.indiatimes.com/world/rest-of-world/who-was-saif-al-islam-gaddafi-son-of-late-libya-dictator-moammar-gaddafi-killed-in-his-home/articleshow/127897864.cms
2026-02-04 02:21:37,988 - INFO - [Times of India] Attempt 1/1: Trying with 'selenium_browser' strategy...
2026-02-04 02:21:38,441 - INFO - [The Guardian] Article: https://www.theguardian.com/world/2026/feb/02/claudia-sheinbaum-mexico-oil-cuba-trump
2026-02-04 02:21:38,442 - INFO - [The Guardian] Attempt 1/1: Trying with 'requests_browser' strategy...
2026-02-04 02:21:38,478 - INFO - [The Guardian] Success with 'requests_browser'. Found content (687 words).
2026-02-04 02:21:38,538 - INFO - Duplicate article skipped: Mexico’s president pledges to send aid to Cuba despite US efforts to cut oil access | Mexico | The Guardian from The Guardian
2026-02-04 02:21:39,111 - INFO - [The Guardian] Article: https://www.theguardian.com/us-news/2026/feb/02/rightwing-brazilian-influencer-junior-pena-arrested-by-ice
2026-02-04 02:21:39,111 - INFO - [The Guardian] Attempt 1/1: Trying with 'requests_browser' strategy...
2026-02-04 02:21:39,156 - INFO - [The Guardian] Success with 'requests_browser'. Found content (422 words).
2026-02-04 02:21:39,203 - INFO - Duplicate article skipped: Brazilian influencer who defended US immigration crackdown arrested by ICE | US news | The Guardian from The Guardian
2026-02-04 02:21:39,242 - INFO - [BBC] Article: https://www.bbc.com/news/articles/c5yd3x7yreno?at_medium=RSS&at_campaign=rss
2026-02-04 02:21:39,242 - INFO - [BBC] Attempt 1/1: Trying with 'requests_browser' strategy...
2026-02-04 02:21:39,310 - INFO - [BBC] Success with 'requests_browser'. Found content (566 words).
2026-02-04 02:21:39,393 - INFO - Saved article: Seven million cancers a year are preventable, says global report from BBC
2026-02-04 02:21:40,280 - INFO - [BBC] Article: https://www.bbc.com/news/articles/c14r685mne4o?at_medium=RSS&at_campaign=rss
2026-02-04 02:21:40,280 - INFO - [BBC] Attempt 1/1: Trying with 'requests_browser' strategy...
2026-02-04 02:21:40,419 - INFO - [BBC] Success with 'requests_browser'. Found content (757 words).
2026-02-04 02:21:40,559 - INFO - Duplicate article skipped: Bill and Hillary Clinton agree to testify in House Epstein investigation from BBC
2026-02-04 02:21:40,604 - INFO - [The Guardian] Article: https://www.theguardian.com/world/2026/feb/02/indigenous-views-trump-greenland-push-inuits-arctic
2026-02-04 02:21:40,604 - INFO - [The Guardian] Attempt 1/1: Trying with 'requests_browser' strategy...
2026-02-04 02:21:40,717 - INFO - [The Guardian] Success with 'requests_browser'. Found content (1005 words).
2026-02-04 02:21:40,941 - INFO - Duplicate article skipped: Trump’s Greenland threats open old wounds for Inuit across Arctic | Greenland | The Guardian from The Guardian
2026-02-04 02:21:41,287 - INFO - [BBC] Article: https://www.bbc.com/news/articles/cpwng25114ro?at_medium=RSS&at_campaign=rss
2026-02-04 02:21:41,288 - INFO - [BBC] Attempt 1/1: Trying with 'requests_browser' strategy...
2026-02-04 02:21:41,402 - INFO - [BBC] Success with 'requests_browser'. Found content (892 words).
2026-02-04 02:21:41,624 - INFO - Duplicate article skipped: Russian hits Ukraine energy sites in 'most powerful blow" so far this year from BBC
2026-02-04 02:21:42,308 - INFO - [The Guardian] Article: https://www.theguardian.com/environment/2026/feb/03/china-to-ban-hidden-car-door-handles-evs
2026-02-04 02:21:42,308 - INFO - [The Guardian] Attempt 1/1: Trying with 'requests_browser' strategy...
2026-02-04 02:21:42,360 - INFO - [The Hindu] Page content loaded.
2026-02-04 02:21:42,370 - INFO - [The Guardian] Success with 'requests_browser'. Found content (440 words).
2026-02-04 02:21:42,483 - INFO - Duplicate article skipped: China to ban hidden car door handles on all EVs over crash safety concerns | Electric, hybrid and low-emission cars | The Guardian from The Guardian
2026-02-04 02:21:42,515 - INFO - [The Hindu] Success with 'selenium_browser'. Found content (437 words).
2026-02-04 02:21:42,586 - INFO - Saved article: Government launches survey of sanitary napkin vending machines, incinerators in schools - The Hindu from The Hindu
2026-02-04 02:21:42,823 - INFO - [BBC] Article: https://www.bbc.com/news/articles/c7v0p818g91o?at_medium=RSS&at_campaign=rss
2026-02-04 02:21:42,823 - INFO - [BBC] Attempt 1/1: Trying with 'requests_browser' strategy...
2026-02-04 02:21:42,891 - INFO - [BBC] Success with 'requests_browser'. Found content (280 words).
2026-02-04 02:21:43,007 - INFO - Saved article: France teacher fighting for life after knife attack by pupil from BBC
2026-02-04 02:21:43,929 - INFO - [The Guardian] Article: https://www.theguardian.com/us-news/2026/feb/03/trump-critical-minerals-stockpile-project-vault
2026-02-04 02:21:43,929 - INFO - [The Guardian] Attempt 1/1: Trying with 'requests_browser' strategy...
2026-02-04 02:21:43,940 - INFO - [The Hindu] Article: https://www.thehindu.com/news/cities/chennai/london-veeraswamy-restaurant-carrying-curry-afar/article70588845.ece
2026-02-04 02:21:43,940 - INFO - [The Hindu] Attempt 1/1: Trying with 'selenium_browser' strategy...
2026-02-04 02:21:44,028 - INFO - [The Guardian] Success with 'requests_browser'. Found content (466 words).
2026-02-04 02:21:44,191 - INFO - Duplicate article skipped: Trump unveils $12bn critical minerals stockpile scheme in apparent move to counter China’s dominance | Donald Trump | The Guardian from The Guardian
2026-02-04 02:21:44,272 - INFO - [BBC] Article: https://www.bbc.com/news/articles/cwygrkm7k0yo?at_medium=RSS&at_campaign=rss
2026-02-04 02:21:44,272 - INFO - [BBC] Attempt 1/1: Trying with 'requests_browser' strategy...
2026-02-04 02:21:44,349 - INFO - [BBC] Success with 'requests_browser'. Found content (403 words).
2026-02-04 02:21:44,496 - INFO - Saved article: Restored angel fresco resembling Italian PM Meloni sparks investigation from BBC
2026-02-04 02:21:44,703 - INFO - [The Guardian] Article: https://www.theguardian.com/business/2026/feb/01/us-uk-eu-australia-critical-minerals-rare-earths-g7-minimum-price
2026-02-04 02:21:44,703 - INFO - [The Guardian] Attempt 1/1: Trying with 'requests_browser' strategy...
2026-02-04 02:21:44,846 - INFO - [The Guardian] Success with 'requests_browser'. Found content (777 words).
2026-02-04 02:21:45,034 - INFO - Duplicate article skipped: US, UK, EU, Australia and more to meet to discuss critical minerals alliance | Mining | The Guardian from The Guardian
2026-02-04 02:21:45,126 - INFO - [BBC] Article: https://www.bbc.com/news/articles/cq6vn5j312lo?at_medium=RSS&at_campaign=rss
2026-02-04 02:21:45,126 - INFO - [BBC] Attempt 1/1: Trying with 'requests_browser' strategy...
2026-02-04 02:21:45,228 - INFO - [BBC] Success with 'requests_browser'. Found content (315 words).
2026-02-04 02:21:45,383 - INFO - Saved article: Brazil: 15 dead after bus carrying pilgrims overturns in Alagoas from BBC
2026-02-04 02:21:45,912 - INFO - [The Guardian] Article: https://www.theguardian.com/world/2026/feb/01/living-hell-of-north-koreas-paradise-on-earth-scheme-back-in-spotlight-in-japan
2026-02-04 02:21:45,912 - INFO - [The Guardian] Attempt 1/1: Trying with 'requests_browser' strategy...
2026-02-04 02:21:46,067 - INFO - [The Guardian] Success with 'requests_browser'. Found content (720 words).
2026-02-04 02:21:46,245 - INFO - Duplicate article skipped: Living hell of North Korea’s ‘paradise on Earth’ scheme back in spotlight in Japan | North Korea | The Guardian from The Guardian
2026-02-04 02:21:46,691 - INFO - [BBC] Article: https://www.bbc.com/news/articles/ckgn8dnxjgwo?at_medium=RSS&at_campaign=rss
2026-02-04 02:21:46,692 - INFO - [BBC] Attempt 1/1: Trying with 'requests_browser' strategy...
2026-02-04 02:21:46,847 - INFO - [BBC] Success with 'requests_browser'. Found content (1076 words).
2026-02-04 02:21:47,020 - INFO - Duplicate article skipped: Son of Norway's crown princess hears details of rape charges in tense trial for royal family from BBC
2026-02-04 02:21:47,274 - INFO - [The Guardian] Article: https://www.theguardian.com/world/2026/jan/31/starmer-hopes-his-china-trip-will-begin-the-thaw-after-recent-ice-age
2026-02-04 02:21:47,274 - INFO - [The Guardian] Attempt 1/1: Trying with 'requests_browser' strategy...
2026-02-04 02:21:47,371 - INFO - [The Guardian] Success with 'requests_browser'. Found content (772 words).
2026-02-04 02:21:47,403 - INFO - [The Hindu] Page content loaded.
2026-02-04 02:21:47,497 - INFO - Duplicate article skipped: Starmer hopes his China trip will begin the thaw after recent ice age | China | The Guardian from The Guardian
2026-02-04 02:21:47,634 - INFO - [The Hindu] Success with 'selenium_browser'. Found content (823 words).
2026-02-04 02:21:47,824 - INFO - Saved article: London’s Veeraswamy restaurant: carrying curry afar - The Hindu from The Hindu
2026-02-04 02:21:47,856 - INFO - [BBC] Article: https://www.bbc.com/news/articles/ce3ex92557jo?at_medium=RSS&at_campaign=rss
2026-02-04 02:21:47,856 - INFO - [BBC] Attempt 1/1: Trying with 'requests_browser' strategy...
2026-02-04 02:21:47,940 - INFO - [BBC] Success with 'requests_browser'. Found content (625 words).
2026-02-04 02:21:48,048 - INFO - Duplicate article skipped: X offices raided in France as UK opens fresh investigation into Grok from BBC
2026-02-04 02:21:48,433 - INFO - [The Hindu] Article: https://www.thehindu.com/news/national/eam-jaishankar-meets-us-secretary-of-state-marco-rubio-in-washington/article70590024.ece
2026-02-04 02:21:48,433 - INFO - [The Hindu] Attempt 1/1: Trying with 'selenium_browser' strategy...
2026-02-04 02:21:48,856 - INFO - [The Guardian] Article: https://www.theguardian.com/australia-news/live/2026/feb/04/australian-politics-live-labor-liberal-anthony-albanese-sussan-ley-leadership-challenge-coalition-littleproud-chalmers-interest-rates-rise-rba-ntwfb
2026-02-04 02:21:48,856 - INFO - [The Guardian] Attempt 1/1: Trying with 'requests_browser' strategy...
2026-02-04 02:21:49,274 - INFO - [Times of India] Page content loaded.
2026-02-04 02:21:49,406 - INFO - [BBC] Article: https://www.bbc.com/news/articles/crkryz35246o?at_medium=RSS&at_campaign=rss
2026-02-04 02:21:49,406 - INFO - [BBC] Attempt 1/1: Trying with 'requests_browser' strategy...
2026-02-04 02:21:49,598 - INFO - [BBC] Success with 'requests_browser'. Found content (283 words).
2026-02-04 02:21:49,671 - INFO - Saved article: Two arrested over attempted sabotage of German naval vessels from BBC
2026-02-04 02:21:49,937 - INFO - [Times of India] Success with 'selenium_browser'. Found content (703 words).
2026-02-04 02:21:50,245 - INFO - [The Guardian] Success with 'requests_browser'. Found content (2685 words).
2026-02-04 02:21:50,418 - INFO - Saved article: Who was Saif al-Islam Gaddafi? Son of late Libya dictator Moammar Gaddafi killed in his home - The Times of India from Times of India
2026-02-04 02:21:50,630 - INFO - Saved article: Australia politics live: Marles reveals $3bn worth of defence properties to be sold off as ‘much of it not being used’ | Australia news | The Guardian from The Guardian
2026-02-04 02:21:51,074 - INFO - [BBC] Article: https://www.bbc.com/news/articles/cx2w3ldex3no?at_medium=RSS&at_campaign=rss
2026-02-04 02:21:51,074 - INFO - [BBC] Attempt 1/1: Trying with 'requests_browser' strategy...
2026-02-04 02:21:51,125 - INFO - [BBC] Success with 'requests_browser'. Found content (478 words).
2026-02-04 02:21:51,200 - INFO - Saved article: Chappell Roan says revealing Grammys outfit wasn't 'that outrageous' from BBC
2026-02-04 02:21:51,797 - INFO - [The Hindu] Page content loaded.
2026-02-04 02:21:51,891 - INFO - [Times of India] Article: https://timesofindia.indiatimes.com/world/europe/does-this-angel-look-familiar-a-modern-face-appears-in-a-rome-fresco/articleshow/127897746.cms
2026-02-04 02:21:51,891 - INFO - [Times of India] Attempt 1/1: Trying with 'selenium_browser' strategy...
2026-02-04 02:21:51,920 - INFO - [The Hindu] Success with 'selenium_browser'. Found content (499 words).
2026-02-04 02:21:52,011 - INFO - [The Guardian] Article: https://www.theguardian.com/australia-news/2026/feb/04/mother-13-year-old-boy-swim-four-hours-save-family
2026-02-04 02:21:52,011 - INFO - [The Guardian] Attempt 1/1: Trying with 'requests_browser' strategy...
2026-02-04 02:21:52,087 - INFO - Saved article: Jaishankar, Rubio welcome trade deal; discuss energy, nuclear, defence, critical minerals - The Hindu from The Hindu
2026-02-04 02:21:52,146 - INFO - [The Guardian] Success with 'requests_browser'. Found content (787 words).
2026-02-04 02:21:52,214 - INFO - Saved article: Mother says asking 13-year-old son to swim four hours to save family ‘one of the hardest decisions’ ever made | Western Australia | The Guardian from The Guardian
2026-02-04 02:21:52,448 - INFO - [BBC] Article: https://www.bbc.com/news/articles/c0mke841zj0o?at_medium=RSS&at_campaign=rss
2026-02-04 02:21:52,448 - INFO - [BBC] Attempt 1/1: Trying with 'requests_browser' strategy...
2026-02-04 02:21:52,578 - INFO - [BBC] Success with 'requests_browser'. Found content (631 words).
2026-02-04 02:21:52,721 - INFO - Saved article: Trump says Republicans 'should take over the voting' and 'nationalise' US elections from BBC
2026-02-04 02:21:53,058 - INFO - [The Guardian] Article: https://www.theguardian.com/australia-news/2026/feb/04/albanese-government-to-sell-off-3bn-worth-of-historic-defence-sites-amid-push-to-free-up-space-for-new-homes
2026-02-04 02:21:53,058 - INFO - [The Guardian] Attempt 1/1: Trying with 'requests_browser' strategy...
2026-02-04 02:21:53,105 - INFO - [The Guardian] Success with 'requests_browser'. Found content (713 words).
2026-02-04 02:21:53,350 - INFO - [The Hindu] Article: https://www.thehindu.com/news/national/tamil-nadu/why-governor-kk-shah-recommended-dismissal-of-dmk-government-in-tamil-nadu-during-emergency-in-1976/article70587237.ece
2026-02-04 02:21:53,440 - INFO - [The Hindu] Attempt 1/1: Trying with 'selenium_browser' strategy...
2026-02-04 02:21:53,493 - INFO - Saved article: Albanese government to sell off $3bn worth of historic defence sites amid push to free up space for new homes | Richard Marles | The Guardian from The Guardian
2026-02-04 02:21:53,832 - INFO - [BBC] Article: https://www.bbc.com/news/articles/c8e5zwndddyo?at_medium=RSS&at_campaign=rss
2026-02-04 02:21:53,832 - INFO - [BBC] Attempt 1/1: Trying with 'requests_browser' strategy...
2026-02-04 02:21:53,902 - INFO - [BBC] Success with 'requests_browser'. Found content (608 words).
2026-02-04 02:21:53,984 - INFO - Duplicate article skipped: DGCA says no fault found in Boeing fuel control switch after Air India grounds plane from BBC
2026-02-04 02:21:54,312 - INFO - [The Guardian] Article: https://www.theguardian.com/australia-news/2026/feb/04/one-nation-south-australia-state-election-pauline-hanson-cory-bernardi-analysis
2026-02-04 02:21:54,312 - INFO - [The Guardian] Attempt 1/1: Trying with 'requests_browser' strategy...
2026-02-04 02:21:54,465 - INFO - [The Guardian] Success with 'requests_browser'. Found content (759 words).
2026-02-04 02:21:54,567 - INFO - Saved article: One Nation has been surging in the polls. Next month’s South Australian election may reveal whether that’s a load of hot air | One Nation | The Guardian from The Guardian
2026-02-04 02:21:55,196 - INFO - [BBC] Article: https://www.bbc.com/news/articles/crkryely657o?at_medium=RSS&at_campaign=rss
2026-02-04 02:21:55,196 - INFO - [BBC] Attempt 1/1: Trying with 'requests_browser' strategy...
2026-02-04 02:21:55,273 - INFO - [BBC] Success with 'requests_browser'. Found content (337 words).
2026-02-04 02:21:55,348 - INFO - Duplicate article skipped: Trump seeks $1bn in damages from Harvard from BBC
2026-02-04 02:21:55,945 - INFO - [The Guardian] Article: https://www.theguardian.com/australia-news/2026/feb/04/nsw-hate-speech-rules-classrooms-ntwnfb
2026-02-04 02:21:55,945 - INFO - [The Guardian] Attempt 1/1: Trying with 'requests_browser' strategy...
2026-02-04 02:21:56,005 - INFO - [BBC] Article: https://www.bbc.com/news/articles/cy4g3rne4n7o?at_medium=RSS&at_campaign=rss
2026-02-04 02:21:56,005 - INFO - [BBC] Attempt 1/1: Trying with 'requests_browser' strategy...
2026-02-04 02:21:56,194 - INFO - [The Guardian] Success with 'requests_browser'. Found content (1051 words).
2026-02-04 02:21:56,224 - INFO - [BBC] Success with 'requests_browser'. Found content (1140 words).
2026-02-04 02:21:56,414 - INFO - Saved article: New hate speech rules for NSW schools could stifle classroom discussions about Gaza, teachers warn | Australian education | The Guardian from The Guardian
2026-02-04 02:21:56,424 - INFO - Saved article: Gazans returning through Rafah crossing describe checks by Palestinian militia from BBC
2026-02-04 02:21:57,041 - INFO - [The Guardian] Article: https://www.theguardian.com/media/2026/feb/04/spain-under-16-social-media-ban-elon-musk-insults
2026-02-04 02:21:57,041 - INFO - [The Guardian] Attempt 1/1: Trying with 'requests_browser' strategy...
2026-02-04 02:21:57,132 - INFO - [The Guardian] Success with 'requests_browser'. Found content (570 words).
2026-02-04 02:21:57,216 - INFO - Saved article: Elon Musk calls Spanish PM a ‘tyrant’ over plan to ban under-16s from social media and curb hateful content | Social media | The Guardian from The Guardian
2026-02-04 02:21:57,611 - INFO - [The Hindu] Page content loaded.
2026-02-04 02:21:57,803 - INFO - [The Hindu] Success with 'selenium_browser'. Found content (800 words).
2026-02-04 02:21:57,841 - INFO - [The Guardian] Article: https://www.theguardian.com/world/2026/feb/03/collision-between-greek-coastguard-patrol-and-boat-carrying-migrants
2026-02-04 02:21:57,841 - INFO - [The Guardian] Attempt 1/1: Trying with 'requests_browser' strategy...
2026-02-04 02:21:57,909 - INFO - [BBC] Article: https://www.bbc.com/news/articles/ce3epxznyzzo?at_medium=RSS&at_campaign=rss
2026-02-04 02:21:57,909 - INFO - [BBC] Attempt 1/1: Trying with 'requests_browser' strategy...
2026-02-04 02:21:58,030 - INFO - [The Guardian] Success with 'requests_browser'. Found content (287 words).
2026-02-04 02:21:58,312 - INFO - Saved article: Why Governor K.K. Shah recommended dismissal of DMK government in Tamil Nadu during Emergency in 1976 - The Hindu from The Hindu
2026-02-04 02:21:58,375 - INFO - Saved article: Collision between Greek coastguard patrol and migrant boat kills 14 | Migration | The Guardian from The Guardian
2026-02-04 02:21:58,424 - INFO - [BBC] Success with 'requests_browser'. Found content (1643 words).
2026-02-04 02:21:58,681 - INFO - Duplicate article skipped: Makoko demolitions: Shanties in Lagos Lagoon in Nigeria bulldozed and burnt from BBC
2026-02-04 02:21:59,049 - INFO - [The Guardian] Article: https://www.theguardian.com/world/2026/feb/03/french-prosecutors-ask-appeal-court-to-keep-ban-on-marine-le-pen-running-for-office
2026-02-04 02:21:59,049 - INFO - [The Guardian] Attempt 1/1: Trying with 'requests_browser' strategy...
2026-02-04 02:21:59,090 - INFO - [The Hindu] Article: https://www.thehindu.com/news/national/no-death-sentences-confirmed-by-supreme-court-for-third-consecutive-year/article70587497.ece
2026-02-04 02:21:59,091 - INFO - [The Hindu] Attempt 1/1: Trying with 'selenium_browser' strategy...
2026-02-04 02:21:59,206 - INFO - [The Guardian] Success with 'requests_browser'. Found content (796 words).
2026-02-04 02:21:59,297 - INFO - [BBC] Article: https://www.bbc.com/news/articles/cpwnlwj80p8o?at_medium=RSS&at_campaign=rss
2026-02-04 02:21:59,300 - INFO - [BBC] Attempt 1/1: Trying with 'requests_browser' strategy...
2026-02-04 02:21:59,583 - INFO - Saved article: French prosecutors ask appeal court to keep ban on Marine Le Pen running for office | Marine Le Pen | The Guardian from The Guardian
2026-02-04 02:21:59,663 - INFO - [BBC] Success with 'requests_browser'. Found content (886 words).
2026-02-04 02:21:59,964 - INFO - Duplicate article skipped: India-US trade deal: Hope and uncertainty as Trump cuts tariffs from BBC
2026-02-04 02:22:00,512 - INFO - [BBC] Article: https://www.bbc.com/news/articles/c20g25w8j0xo?at_medium=RSS&at_campaign=rss
2026-02-04 02:22:00,513 - INFO - [BBC] Attempt 1/1: Trying with 'requests_browser' strategy...
2026-02-04 02:22:00,629 - INFO - [The Guardian] Article: https://www.theguardian.com/technology/2026/feb/03/french-headquarters-elon-musk-x-raided-paris-cybercrime-unit
2026-02-04 02:22:00,629 - INFO - [The Guardian] Attempt 1/1: Trying with 'requests_browser' strategy...
2026-02-04 02:22:00,797 - INFO - [The Guardian] Success with 'requests_browser'. Found content (808 words).
2026-02-04 02:22:00,828 - INFO - [BBC] Success with 'requests_browser'. Found content (1208 words).
2026-02-04 02:22:01,195 - INFO - Duplicate article skipped: French headquarters of Elon Musk’s X raided by Paris cybercrime unit | X | The Guardian from The Guardian
2026-02-04 02:22:01,205 - INFO - Duplicate article skipped: Steve Rosenberg on the tightrope of reporting from Russia on Ukraine war from BBC
2026-02-04 02:22:01,592 - INFO - [The Hindu] Page content loaded.
2026-02-04 02:22:01,839 - INFO - [The Hindu] Success with 'selenium_browser'. Found content (532 words).
2026-02-04 02:22:02,008 - INFO - Saved article: No death sentences confirmed by Supreme Court for third consecutive year - The Hindu from The Hindu
2026-02-04 02:22:02,675 - INFO - [The Hindu] Article: https://www.thehindu.com/news/national/india-bhutan-to-strengthen-cooperation-in-power-sector/article70589302.ece
2026-02-04 02:22:02,675 - INFO - [The Hindu] Attempt 1/1: Trying with 'selenium_browser' strategy...
2026-02-04 02:22:02,680 - INFO - [The Guardian] Article: https://www.theguardian.com/world/2026/feb/03/thousands-without-heating-ukraine-russia-winter-attacks-before-talks
2026-02-04 02:22:02,680 - INFO - [The Guardian] Attempt 1/1: Trying with 'requests_browser' strategy...
2026-02-04 02:22:02,775 - INFO - [The Guardian] Success with 'requests_browser'. Found content (1022 words).
2026-02-04 02:22:03,044 - INFO - Duplicate article skipped: Zelenskyy accuses Russia of violating Trump-brokered truce amid cold snap | Ukraine | The Guardian from The Guardian
2026-02-04 02:22:08,995 - INFO - [The Hindu] Page content loaded.
2026-02-04 02:22:09,220 - INFO - [The Hindu] Success with 'selenium_browser'. Found content (160 words).
2026-02-04 02:22:09,362 - INFO - Saved article: India, Bhutan to strengthen cooperation in power sector - The Hindu from The Hindu
2026-02-04 02:22:10,175 - INFO - [The Hindu] Article: https://www.thehindu.com/news/cities/chennai/sea-trial-of-new-ferry-to-kanniyakumari-soon-ev-velu/article70588776.ece
2026-02-04 02:22:10,175 - INFO - [The Hindu] Attempt 1/1: Trying with 'selenium_browser' strategy...
2026-02-04 02:22:12,421 - WARNING - [Times of India] Page timed out (10s). No <p> tags found. Proceeding anyway.
2026-02-04 02:22:12,778 - INFO - [Times of India] Success with 'selenium_browser'. Found content (498 words).
2026-02-04 02:22:12,974 - INFO - Saved article: Does this angel look familiar? A modern face appears in a Rome fresco - The Times of India from Times of India
2026-02-04 02:22:13,405 - INFO - [The Hindu] Page content loaded.
2026-02-04 02:22:13,547 - INFO - [The Hindu] Success with 'selenium_browser'. Found content (207 words).
2026-02-04 02:22:13,667 - INFO - Saved article: Sea trial of new ferry to Kanniyakumari soon: E.V. Velu - The Hindu from The Hindu
2026-02-04 02:22:13,722 - INFO - [Times of India] Article: https://timesofindia.indiatimes.com/world/china/inside-chinas-gray-zone-activities-how-beijing-is-salami-slicing-its-way-to-influence/articleshow/127881139.cms
2026-02-04 02:22:13,722 - INFO - [Times of India] Attempt 1/1: Trying with 'selenium_browser' strategy...
2026-02-04 02:22:14,549 - INFO - [The Hindu] Article: https://www.thehindu.com/news/national/tamil-nadu/race-car-developed-by-srm-students-wins-big-at-formula-bharat-competition/article70587696.ece
2026-02-04 02:22:14,549 - INFO - [The Hindu] Attempt 1/1: Trying with 'selenium_browser' strategy...
2026-02-04 02:22:17,981 - INFO - [The Hindu] Page content loaded.
2026-02-04 02:22:18,104 - INFO - [The Hindu] Success with 'selenium_browser'. Found content (397 words).
2026-02-04 02:22:18,296 - INFO - Saved article: Race car developed by SRM students wins big at Formula Bharat competition - The Hindu from The Hindu
2026-02-04 02:22:19,761 - INFO - [The Hindu] Article: https://www.thehindu.com/news/cities/chennai/newly-revamped-connemara-library-offers-better-spaces-for-book-lovers-researchers/article70588596.ece
2026-02-04 02:22:19,761 - INFO - [The Hindu] Attempt 1/1: Trying with 'selenium_browser' strategy...
2026-02-04 02:22:21,720 - INFO - [The Hindu] Page content loaded.
2026-02-04 02:22:21,798 - INFO - [The Hindu] Success with 'selenium_browser'. Found content (429 words).
2026-02-04 02:22:21,905 - INFO - Saved article: Newly revamped Connemara Library offers better spaces for book lovers, researchers - The Hindu from The Hindu
2026-02-04 02:22:23,002 - INFO - [The Hindu] Article: https://www.thehindu.com/news/cities/chennai/why-the-church-of-scotland-mission-was-worried-about-schools-in-madras-falling-into-debt/article70587286.ece
2026-02-04 02:22:23,002 - INFO - [The Hindu] Attempt 1/1: Trying with 'selenium_browser' strategy...
2026-02-04 02:22:24,078 - INFO - [The Hindu] Page content loaded.
2026-02-04 02:22:24,169 - INFO - [The Hindu] Success with 'selenium_browser'. Found content (713 words).
2026-02-04 02:22:24,264 - INFO - Saved article: Why the Church of Scotland Mission was worried about schools in Madras falling into debt - The Hindu from The Hindu
2026-02-04 02:22:25,648 - INFO - [The Hindu] Article: https://www.thehindu.com/news/national/tamil-nadu/tnscst-wins-first-prize-in-kerala-science-congress/article70587846.ece
2026-02-04 02:22:25,648 - INFO - [The Hindu] Attempt 1/1: Trying with 'selenium_browser' strategy...
2026-02-04 02:22:26,056 - WARNING - [Times of India] Page timed out (10s). No <p> tags found. Proceeding anyway.
2026-02-04 02:22:26,504 - INFO - [Times of India] Success with 'selenium_browser'. Found content (2442 words).
2026-02-04 02:22:26,646 - INFO - Duplicate article skipped: Inside China’s gray zone activities: How Beijing is salami slicing its way to influence - The Times of India from Times of India
2026-02-04 02:22:27,037 - INFO - [The Hindu] Page content loaded.
2026-02-04 02:22:27,223 - INFO - [The Hindu] Success with 'selenium_browser'. Found content (112 words).
2026-02-04 02:22:27,294 - INFO - Saved article: TNSCST wins first prize in Kerala Science Congress - The Hindu from The Hindu
2026-02-04 02:22:27,970 - INFO - [The Hindu] Article: https://www.thehindu.com/news/national/jammu-and-kashmir/jk-parties-orchardists-hail-centres-decision-to-shelve-railway-projects-in-kashmirs-anantnag-shopian/article70588369.ece
2026-02-04 02:22:27,970 - INFO - [The Hindu] Attempt 1/1: Trying with 'selenium_browser' strategy...
2026-02-04 02:22:28,060 - INFO - [Times of India] Article: https://timesofindia.indiatimes.com/world/us-streamers/twitch-ceo-dan-clancy-debuts-lets-chat-podcast-live-with-cam-skattebo-tomorrow/articleshow/127894503.cms
2026-02-04 02:22:28,060 - INFO - [Times of India] Attempt 1/1: Trying with 'selenium_browser' strategy...
2026-02-04 02:22:29,782 - INFO - [Times of India] Page content loaded.
2026-02-04 02:22:30,031 - INFO - [Times of India] Success with 'selenium_browser'. Found content (349 words).
2026-02-04 02:22:30,129 - INFO - Saved article: Twitch CEO Dan Clancy debuts "Let's Chat" podcast live with Cam Skattebo tomorrow - The Times of India from Times of India
2026-02-04 02:22:30,785 - INFO - [Times of India] Article: https://timesofindia.indiatimes.com/world/us-streamers/clavicular-and-jenny-popach-clash-on-live-stream-as-girlfriend-violets-anger-sparks-shocking-viral-controversy/articleshow/127897081.cms
2026-02-04 02:22:30,785 - INFO - [Times of India] Attempt 1/1: Trying with 'selenium_browser' strategy...
2026-02-04 02:22:31,800 - INFO - [The Hindu] Page content loaded.
2026-02-04 02:22:31,881 - INFO - [The Hindu] Success with 'selenium_browser'. Found content (327 words).
2026-02-04 02:22:31,967 - INFO - Saved article: J&K parties, orchardists hail Centre’s decision to shelve railway projects in Kashmir’s Anantnag, Shopian - The Hindu from The Hindu
2026-02-04 02:22:32,387 - INFO - [Times of India] Page content loaded.
2026-02-04 02:22:32,655 - INFO - [Times of India] Success with 'selenium_browser'. Found content (406 words).
2026-02-04 02:22:32,722 - INFO - Saved article: Clavicular and Jenny Popach clash on live stream as girlfriend Violet’s anger sparks shocking viral controversy - The Times of India from Times of India
2026-02-04 02:22:33,376 - INFO - [The Hindu] Article: https://www.thehindu.com/news/national/imports-can-never-be-fully-eliminated-defence-secretary-on-make-in-india/article70587774.ece
2026-02-04 02:22:33,376 - INFO - [The Hindu] Attempt 1/1: Trying with 'selenium_browser' strategy...
2026-02-04 02:22:33,954 - INFO - [Times of India] Article: https://timesofindia.indiatimes.com/world/uk/indian-origin-restaurant-owner-vikas-nath-caught-spiking-womans-drink-at-uk-club-staff-swap-glass-before-calling-police/articleshow/127897598.cms
2026-02-04 02:22:33,954 - INFO - [Times of India] Attempt 1/1: Trying with 'selenium_browser' strategy...
2026-02-04 02:22:35,710 - INFO - [Times of India] Page content loaded.
2026-02-04 02:22:35,908 - INFO - [Times of India] Success with 'selenium_browser'. Found content (399 words).
2026-02-04 02:22:35,965 - INFO - Saved article: Indian-origin restaurant owner Vikas Nath caught spiking woman’s drink at UK club; staff swap glass before calling police - The Times of India from Times of India
2026-02-04 02:22:36,199 - INFO - [The Hindu] Page content loaded.
2026-02-04 02:22:36,435 - INFO - [The Hindu] Success with 'selenium_browser'. Found content (507 words).
2026-02-04 02:22:36,576 - INFO - Saved article: ‘Imports Can Never Be Fully Eliminated’: Defence Secretary on Make in India - The Hindu from The Hindu
2026-02-04 02:22:37,266 - INFO - [Times of India] Article: https://timesofindia.indiatimes.com/world/us/indian-origin-taxi-driver-gurmeet-singh-to-be-stripped-of-us-citizenship-over-rape-hid-crime-during-naturalisation-process/articleshow/127897402.cms
2026-02-04 02:22:37,266 - INFO - [Times of India] Attempt 1/1: Trying with 'selenium_browser' strategy...
2026-02-04 02:22:37,734 - INFO - [The Hindu] Article: https://www.thehindu.com/news/national/punjab/punjab-governor-kataria-to-hold-foot-march-for-anti-drug-awareness-in-punjabs-border-districts/article70587904.ece
2026-02-04 02:22:37,734 - INFO - [The Hindu] Attempt 1/1: Trying with 'selenium_browser' strategy...
2026-02-04 02:22:38,899 - INFO - [The Hindu] Page content loaded.
2026-02-04 02:22:39,088 - INFO - [The Hindu] Success with 'selenium_browser'. Found content (211 words).
2026-02-04 02:22:39,104 - INFO - [Times of India] Page content loaded.
2026-02-04 02:22:39,195 - INFO - Saved article: Punjab Governor Kataria to hold ‘foot march’ for anti-drug awareness in Punjab’s border districts - The Hindu from The Hindu
2026-02-04 02:22:39,478 - INFO - [Times of India] Success with 'selenium_browser'. Found content (420 words).
2026-02-04 02:22:39,703 - INFO - Saved article: Indian-origin taxi driver Gurmeet Singh to be stripped of US citizenship over rape; hid crime during naturalisation process - The Times of India from Times of India
2026-02-04 02:22:40,599 - INFO - [The Hindu] Article: https://www.thehindu.com/news/national/rajasthan/rajasthan-exploring-scope-for-utilisation-of-clean-energy/article70588003.ece
2026-02-04 02:22:40,599 - INFO - [The Hindu] Attempt 1/1: Trying with 'selenium_browser' strategy...
2026-02-04 02:22:41,113 - INFO - [Times of India] Article: https://timesofindia.indiatimes.com/world/us/was-jeffrey-epstein-a-russian-spy-polands-pm-makes-bombshell-claim-amid-dojs-release-of-millions-of-files/articleshow/127897173.cms
2026-02-04 02:22:41,113 - INFO - [Times of India] Attempt 1/1: Trying with 'selenium_browser' strategy...
2026-02-04 02:22:44,175 - INFO - [Times of India] Page content loaded.
2026-02-04 02:22:44,743 - INFO - [Times of India] Success with 'selenium_browser'. Found content (525 words).
2026-02-04 02:22:44,780 - INFO - [The Hindu] Page content loaded.
2026-02-04 02:22:45,051 - INFO - Saved article: Was Jeffrey Epstein a Russian spy? Poland's PM makes bombshell claim amid DOJ’s release of millions of files - The Times of India from Times of India
2026-02-04 02:22:45,068 - INFO - [The Hindu] Success with 'selenium_browser'. Found content (247 words).
2026-02-04 02:22:45,205 - INFO - Saved article: Rajasthan exploring scope for utilisation of clean energy - The Hindu from The Hindu
2026-02-04 02:22:45,784 - INFO - [Times of India] Article: https://timesofindia.indiatimes.com/world/uk/pakistani-taxi-driver-angry-at-invaders-british-right-wing-activists-conversation-on-refugee-transport-costs-goes-viral/articleshow/127894947.cms
2026-02-04 02:22:45,784 - INFO - [Times of India] Attempt 1/1: Trying with 'selenium_browser' strategy...
2026-02-04 02:22:45,820 - INFO - [The Hindu] Article: https://www.thehindu.com/news/national/arunachal-pradesh/arunachal-pradesh-policeman-killed-in-tiger-attack/article70588278.ece
2026-02-04 02:22:45,820 - INFO - [The Hindu] Attempt 1/1: Trying with 'selenium_browser' strategy...
2026-02-04 02:22:47,641 - INFO - [Times of India] Page content loaded.
2026-02-04 02:22:48,246 - INFO - [Times of India] Success with 'selenium_browser'. Found content (360 words).
2026-02-04 02:22:48,396 - INFO - Saved article: ‘Pakistani taxi driver angry at invaders’: British right-wing activist’s conversation on refugee transport costs goes viral - The Times of India from Times of India
2026-02-04 02:22:48,561 - INFO - [The Hindu] Page content loaded.
2026-02-04 02:22:48,649 - INFO - [The Hindu] Success with 'selenium_browser'. Found content (243 words).
2026-02-04 02:22:48,740 - INFO - Saved article: Arunachal Pradesh policeman killed in tiger attack - The Hindu from The Hindu
2026-02-04 02:22:49,356 - INFO - [The Hindu] Article: https://www.thehindu.com/news/national/kerala/youth-killed-as-bike-rams-metro-pillar-in-kochi/article70588656.ece
2026-02-04 02:22:49,356 - INFO - [The Hindu] Attempt 1/1: Trying with 'selenium_browser' strategy...
2026-02-04 02:22:49,551 - INFO - [Times of India] Article: https://timesofindia.indiatimes.com/world/rest-of-world/four-masked-gunmen-disabled-security-cameras-how-muammar-gaddafis-son-saif-alislam-was-assassinated-in-libya/articleshow/127894493.cms
2026-02-04 02:22:49,551 - INFO - [Times of India] Attempt 1/1: Trying with 'selenium_browser' strategy...
2026-02-04 02:22:51,503 - INFO - [Times of India] Page content loaded.
2026-02-04 02:22:51,675 - INFO - [Times of India] Success with 'selenium_browser'. Found content (297 words).
2026-02-04 02:22:51,776 - INFO - Saved article: Four masked gunmen, disabled security cameras: How Muammar Gaddafi's son Saif al‑Islam was assassinated in Libya - The Times of India from Times of India
2026-02-04 02:22:52,074 - INFO - [The Hindu] Page content loaded.
2026-02-04 02:22:52,196 - INFO - [The Hindu] Success with 'selenium_browser'. Found content (119 words).
2026-02-04 02:22:52,301 - INFO - Saved article: Youth killed as bike rams metro pillar in Kochi - The Hindu from The Hindu
2026-02-04 02:22:53,013 - INFO - [Times of India] Article: https://timesofindia.indiatimes.com/world/us/ice-detains-green-card-lottery-immigrant-charged-with-raping-16-year-old-in-nashville-held-victim-at-gunpoint/articleshow/127894436.cms
2026-02-04 02:22:53,014 - INFO - [Times of India] Attempt 1/1: Trying with 'selenium_browser' strategy...
2026-02-04 02:22:53,175 - INFO - [The Hindu] Article: https://www.thehindu.com/news/national/kerala/plywood-factory-moving-car-gutted-in-fire/article70588806.ece
2026-02-04 02:22:53,175 - INFO - [The Hindu] Attempt 1/1: Trying with 'selenium_browser' strategy...
2026-02-04 02:22:53,801 - INFO - [Times of India] Page content loaded.
2026-02-04 02:22:54,055 - INFO - [Times of India] Success with 'selenium_browser'. Found content (299 words).
2026-02-04 02:22:54,157 - INFO - Saved article: ICE detains Green Card Lottery immigrant charged with raping 16-year-old in Nashville, held victim at gunpoint - The Times of India from Times of India
2026-02-04 02:22:54,790 - INFO - [The Hindu] Page content loaded.
2026-02-04 02:22:54,837 - INFO - [Times of India] Article: https://timesofindia.indiatimes.com/world/us-streamers/twitch-streamer-and-call-of-duty-legend-optic-scump-welcomes-first-child-with-wife-isabelle/articleshow/127894318.cms
2026-02-04 02:22:54,837 - INFO - [Times of India] Attempt 1/1: Trying with 'selenium_browser' strategy...
2026-02-04 02:22:55,022 - INFO - [The Hindu] Success with 'selenium_browser'. Found content (145 words).
2026-02-04 02:22:55,248 - INFO - Saved article: Plywood factory, moving car gutted in fire - The Hindu from The Hindu
2026-02-04 02:22:56,370 - INFO - [The Hindu] Article: https://www.thehindu.com/news/national/kerala/kerala-high-court-upholds-40000-cost-imposed-by-vacation-bench/article70588336.ece
2026-02-04 02:22:56,370 - INFO - [The Hindu] Attempt 1/1: Trying with 'selenium_browser' strategy...
2026-02-04 02:22:56,729 - INFO - [Times of India] Page content loaded.
2026-02-04 02:22:56,933 - INFO - [Times of India] Success with 'selenium_browser'. Found content (387 words).
2026-02-04 02:22:57,017 - INFO - Saved article: Twitch streamer and Call of Duty legend OpTic Scump welcomes first child with wife Isabelle - The Times of India from Times of India
2026-02-04 02:22:57,951 - INFO - [Times of India] Article: https://timesofindia.indiatimes.com/world/us/texas-journalist-exposes-indian-recruiters-behind-h-1b-only-job-ads-on-linkedin-when-i-call-the-numbers-/articleshow/127894199.cms
2026-02-04 02:22:57,951 - INFO - [Times of India] Attempt 1/1: Trying with 'selenium_browser' strategy...
2026-02-04 02:22:58,080 - INFO - [The Hindu] Page content loaded.
2026-02-04 02:22:58,339 - INFO - [The Hindu] Success with 'selenium_browser'. Found content (244 words).
2026-02-04 02:22:58,553 - INFO - Saved article: Kerala High Court upholds ₹40,000 cost imposed by vacation bench - The Hindu from The Hindu
2026-02-04 02:22:59,319 - INFO - [Times of India] Page content loaded.
2026-02-04 02:22:59,548 - INFO - [Times of India] Success with 'selenium_browser'. Found content (366 words).
2026-02-04 02:22:59,632 - INFO - [The Hindu] Article: https://www.thehindu.com/news/national/kerala/govt-told-to-ensure-continuous-supply-of-drinking-water-to-west-kochi-residents/article70584343.ece
2026-02-04 02:22:59,632 - INFO - [The Hindu] Attempt 1/1: Trying with 'selenium_browser' strategy...
2026-02-04 02:22:59,644 - INFO - Saved article: Texas journalist 'exposes' Indian recruiters behind 'H-1B only' job ads on LinkedIn: 'When I call the numbers...' - The Times of India from Times of India
2026-02-04 02:23:00,722 - INFO - [The Hindu] Page content loaded.
2026-02-04 02:23:00,928 - INFO - [The Hindu] Success with 'selenium_browser'. Found content (125 words).
2026-02-04 02:23:01,034 - INFO - Saved article: Govt. told to ensure continuous supply of drinking water to West Kochi residents - The Hindu from The Hindu
2026-02-04 02:23:01,060 - INFO - [Times of India] Article: https://timesofindia.indiatimes.com/world/us/pakistan-born-anosh-ahmed-hospital-executive-who-fled-us-after-290-million-fraud-arrested-in-serbia/articleshow/127893722.cms
2026-02-04 02:23:01,060 - INFO - [Times of India] Attempt 1/1: Trying with 'selenium_browser' strategy...
2026-02-04 02:23:02,111 - INFO - [The Hindu] Article: https://www.thehindu.com/news/national/wingtips-of-air-india-indigo-planes-touch-each-other-at-mumbai-airport/article70590051.ece
2026-02-04 02:23:02,111 - INFO - [The Hindu] Attempt 1/1: Trying with 'selenium_browser' strategy...
2026-02-04 02:23:02,750 - INFO - [Times of India] Page content loaded.
2026-02-04 02:23:02,876 - INFO - [Times of India] Success with 'selenium_browser'. Found content (322 words).
2026-02-04 02:23:02,978 - INFO - Saved article: Pakistan-born Anosh Ahmed, hospital executive who fled US after $290 million fraud, arrested in Serbia - The Times of India from Times of India
2026-02-04 02:23:04,403 - INFO - [Times of India] Article: https://timesofindia.indiatimes.com/world/us-streamers/youtuber-markipliers-indie-film-iron-lung-shocks-the-box-office-with-a-21-7m-global-opening/articleshow/127894163.cms
2026-02-04 02:23:04,403 - INFO - [Times of India] Attempt 1/1: Trying with 'selenium_browser' strategy...
2026-02-04 02:23:10,548 - INFO - [Times of India] Page content loaded.
2026-02-04 02:23:10,799 - INFO - [Times of India] Success with 'selenium_browser'. Found content (381 words).
2026-02-04 02:23:10,893 - INFO - Saved article: YouTuber Markiplier’s indie film ‘Iron Lung’ shocks the box office with a $21.7M global opening - The Times of India from Times of India
2026-02-04 02:23:11,629 - INFO - [Times of India] Article: https://timesofindia.indiatimes.com/world/uk/nhs-introducing-close-relative-marriage-nurse-role-in-uk-draws-backlash/articleshow/127893573.cms
2026-02-04 02:23:11,630 - INFO - [Times of India] Attempt 1/1: Trying with 'selenium_browser' strategy...
2026-02-04 02:23:13,942 - INFO - [The Hindu] Page content loaded.
2026-02-04 02:23:13,994 - INFO - [Times of India] Page content loaded.
2026-02-04 02:23:14,042 - INFO - [The Hindu] Success with 'selenium_browser'. Found content (348 words).
2026-02-04 02:23:14,202 - INFO - Saved article: Wingtips of Air India, IndiGo planes touch each other at Mumbai airport - The Hindu from The Hindu
2026-02-04 02:23:14,378 - INFO - [Times of India] Success with 'selenium_browser'. Found content (444 words).
2026-02-04 02:23:14,488 - INFO - Saved article: NHS introducing ‘close-relative marriage’ nurse role in UK draws backlash | World News - The Times of India from Times of India
2026-02-04 02:23:14,719 - INFO - [The Hindu] Article: https://www.thehindu.com/news/national/kerala/police-register-300-cases-over-alleged-traffic-rule-violations-by-private-buses-in-kochi/article70588868.ece
2026-02-04 02:23:14,719 - INFO - [The Hindu] Attempt 1/1: Trying with 'selenium_browser' strategy...
2026-02-04 02:23:15,682 - INFO - [Times of India] Article: https://timesofindia.indiatimes.com/world/us/empty-offices-no-hospital-equipment-kazakhstan-pakistan-nationals-charged-in-massive-1-billion-medicare-fraud-across-us/articleshow/127892001.cms
2026-02-04 02:23:15,682 - INFO - [Times of India] Attempt 1/1: Trying with 'selenium_browser' strategy...
2026-02-04 02:23:16,751 - INFO - [The Hindu] Page content loaded.
2026-02-04 02:23:17,240 - INFO - [The Hindu] Success with 'selenium_browser'. Found content (215 words).
2026-02-04 02:23:17,385 - INFO - Saved article: Police register 300 cases over alleged traffic rule violations by private buses in Kochi - The Hindu from The Hindu
2026-02-04 02:23:17,472 - INFO - [Times of India] Page content loaded.
2026-02-04 02:23:17,623 - INFO - [Times of India] Success with 'selenium_browser'. Found content (489 words).
2026-02-04 02:23:17,758 - INFO - Saved article: Empty offices, no hospital equipment: Kazakhstan, Pakistan nationals charged in massive $1 billion medicare fraud across US - The Times of India from Times of India
2026-02-04 02:23:18,505 - INFO - [Times of India] Article: https://timesofindia.indiatimes.com/world/us/very-painful-times-in-my-marriage-melinda-french-gates-reacts-to-newly-released-emails-from-epstein-files/articleshow/127893431.cms
2026-02-04 02:23:18,505 - INFO - [Times of India] Attempt 1/1: Trying with 'selenium_browser' strategy...
2026-02-04 02:23:18,510 - INFO - [The Hindu] Article: https://www.thehindu.com/news/national/ed-achieves-9482-conviction-rate-in-money-laundering-cases-at-end-of-2025/article70588330.ece
2026-02-04 02:23:18,510 - INFO - [The Hindu] Attempt 1/1: Trying with 'selenium_browser' strategy...
2026-02-04 02:23:19,358 - INFO - [The Hindu] Page content loaded.
2026-02-04 02:23:19,533 - INFO - [The Hindu] Success with 'selenium_browser'. Found content (340 words).
2026-02-04 02:23:19,747 - INFO - Saved article: ED achieves 94.82% conviction rate in money-laundering cases at end of 2025 - The Hindu from The Hindu
2026-02-04 02:23:20,837 - INFO - [Times of India] Page content loaded.
2026-02-04 02:23:21,051 - INFO - [The Hindu] Article: https://www.thehindu.com/news/national/karnataka/mpharm-option-entry-allowed-from-february-7/article70588615.ece
2026-02-04 02:23:21,051 - INFO - [The Hindu] Attempt 1/1: Trying with 'selenium_browser' strategy...
2026-02-04 02:23:21,076 - INFO - [Times of India] Success with 'selenium_browser'. Found content (400 words).
2026-02-04 02:23:21,215 - INFO - Saved article: 'Very painful times in my marriage': Melinda French Gates reacts to newly released emails from Epstein Files - The Times of India from Times of India
2026-02-04 02:23:22,502 - INFO - [Times of India] Article: https://timesofindia.indiatimes.com/world/us/jill-bidens-ex-husband-william-stevenson-arrested-charged-with-murder-of-wife-in-delaware/articleshow/127891789.cms
2026-02-04 02:23:22,502 - INFO - [Times of India] Attempt 1/1: Trying with 'selenium_browser' strategy...
2026-02-04 02:23:23,665 - INFO - [The Hindu] Page content loaded.
2026-02-04 02:23:23,820 - INFO - [The Hindu] Success with 'selenium_browser'. Found content (175 words).
2026-02-04 02:23:23,914 - INFO - Saved article: MPharm: Option entry allowed from February 7 - The Hindu from The Hindu
2026-02-04 02:23:24,015 - INFO - [Times of India] Page content loaded.
2026-02-04 02:23:24,345 - INFO - [Times of India] Success with 'selenium_browser'. Found content (272 words).
2026-02-04 02:23:24,412 - INFO - Saved article: Jill Biden's ex-husband William Stevenson arrested, charged with murder of wife in Delaware - The Times of India from Times of India
2026-02-04 02:23:24,516 - INFO - [The Hindu] Article: https://www.thehindu.com/news/national/karnataka/bengaluru-hosts-global-summit-on-diamond-open-access/article70588407.ece
2026-02-04 02:23:24,516 - INFO - [The Hindu] Attempt 1/1: Trying with 'selenium_browser' strategy...
2026-02-04 02:23:24,925 - INFO - [Times of India] Article: https://timesofindia.indiatimes.com/world/us/america-invited-us-in-indian-origin-tech-leader-who-funded-over-100-startups-says-hes-worried-about-future/articleshow/127891151.cms
2026-02-04 02:23:24,925 - INFO - [Times of India] Attempt 1/1: Trying with 'selenium_browser' strategy...
2026-02-04 02:23:26,717 - INFO - [Times of India] Page content loaded.
2026-02-04 02:23:26,966 - INFO - [Times of India] Success with 'selenium_browser'. Found content (522 words).
2026-02-04 02:23:27,112 - INFO - [The Hindu] Page content loaded.
2026-02-04 02:23:27,138 - INFO - Saved article: America invited us in: Indian-origin tech leader who funded over 100 startups says he's worried about future - The Times of India from Times of India
2026-02-04 02:23:27,214 - INFO - [The Hindu] Success with 'selenium_browser'. Found content (248 words).
2026-02-04 02:23:27,285 - INFO - Saved article: Bengaluru hosts global summit on Diamond Open Access - The Hindu from The Hindu
2026-02-04 02:23:27,796 - INFO - [The Hindu] (Thread) Finished. Attempting to shut down its Selenium driver.
2026-02-04 02:23:27,988 - INFO - [The Hindu] (Thread) driver.quit() successful.
2026-02-04 02:23:28,369 - INFO - [Times of India] (Thread) Finished. Attempting to shut down its Selenium driver.
2026-02-04 02:23:28,579 - INFO - [Times of India] (Thread) driver.quit() successful.
2026-02-04 02:23:28,579 - INFO - Shutting down thread pool (wait=False)...
2026-02-04 02:23:28,579 - INFO - Scraped: 16 BBC, 25 The Hindu, 19 Times of India, 11 The Guardian articles. (Total saved: 71)
2026-02-04 02:23:28,580 - INFO - --- Scraping job finished ---
2026-02-04 02:23:28,585 - INFO - --- Scraper service stopped and database connection closed. ---
2026-02-04 02:23:28,585 - INFO - --- Main thread finished. Forcing process exit to kill zombie threads. ---
