2026-01-09 01:56:06,991 - INFO - Initializing database connection at: news_articles.db
2026-01-09 01:56:06,991 - INFO - --- Scraper service started (CI Mode: Run Once) ---
2026-01-09 01:56:06,991 - INFO - --- Starting new scraping job (Parallel Mode) ---
2026-01-09 01:56:06,991 - INFO - Creating new robust session with 3 retries on 5xx/connection/read errors.
2026-01-09 01:56:06,991 - INFO - Proxy is DISABLED.
2026-01-09 01:56:06,992 - INFO - Starting scrape for BBC RSS feed: http://feeds.bbci.co.uk/news/world/rss.xml
2026-01-09 01:56:06,992 - INFO - [Times of India] (Thread) requires Selenium. Initializing driver...
2026-01-09 01:56:06,992 - INFO - Initializing headless Selenium Chrome driver (using SeleniumManager)...
2026-01-09 01:56:06,993 - INFO - Starting scrape for The Guardian RSS feed: https://www.theguardian.com/world/rss
2026-01-09 01:56:06,993 - INFO - [The Hindu] (Thread) requires Selenium. Initializing driver...
2026-01-09 01:56:06,993 - INFO - Initializing headless Selenium Chrome driver (using SeleniumManager)...
2026-01-09 01:56:06,993 - INFO - Submitted 4 jobs to thread pool. Waiting up to 420s for completion...
2026-01-09 01:56:07,201 - INFO - Found 28 articles in BBC RSS feed. Processing up to 25.
2026-01-09 01:56:07,201 - INFO - [BBC] Article: https://www.bbc.com/news/articles/cg7y0579lp8o?at_medium=RSS&at_campaign=rss
2026-01-09 01:56:07,201 - INFO - [BBC] Attempt 1/1: Trying with 'requests_browser' strategy...
2026-01-09 01:56:07,217 - INFO - Found 45 articles in The Guardian RSS feed. Processing up to 25.
2026-01-09 01:56:07,217 - INFO - [The Guardian] Article: https://www.theguardian.com/world/2026/jan/08/questions-targeting-impact-us-airstrikes-in-nigeria
2026-01-09 01:56:07,217 - INFO - [The Guardian] Attempt 1/1: Trying with 'requests_browser' strategy...
2026-01-09 01:56:07,266 - INFO - [The Guardian] Success with 'requests_browser'. Found content (795 words).
2026-01-09 01:56:07,305 - INFO - Duplicate article skipped: Two weeks on, questions linger over targeting and impact of US airstrikes in Nigeria | Nigeria | The Guardian from The Guardian
2026-01-09 01:56:07,358 - INFO - [BBC] Success with 'requests_browser'. Found content (1406 words).
2026-01-09 01:56:07,403 - INFO - Saved article: Huge anti-government protests in Tehran and other Iranian cities, videos show from BBC
2026-01-09 01:56:08,638 - INFO - [The Guardian] Article: https://www.theguardian.com/world/2026/jan/02/anthony-joshuas-driver-charged-with-dangerous-driving-after-fatal-crash-in-nigeria
2026-01-09 01:56:08,638 - INFO - [The Guardian] Attempt 1/1: Trying with 'requests_browser' strategy...
2026-01-09 01:56:08,648 - INFO - [BBC] Article: https://www.bbc.com/news/articles/c99knmrx71go?at_medium=RSS&at_campaign=rss
2026-01-09 01:56:08,648 - INFO - [BBC] Attempt 1/1: Trying with 'requests_browser' strategy...
2026-01-09 01:56:08,691 - INFO - [BBC] Success with 'requests_browser'. Found content (781 words).
2026-01-09 01:56:08,731 - INFO - Saved article: Minnesota officials say FBI blocked access to ICE shooting investigation from BBC
2026-01-09 01:56:08,743 - INFO - [The Guardian] Success with 'requests_browser'. Found content (346 words).
2026-01-09 01:56:08,776 - INFO - Duplicate article skipped: Anthony Joshua’s driver charged with dangerous driving after fatal crash in Nigeria | Anthony Joshua | The Guardian from The Guardian
2026-01-09 01:56:09,365 - INFO - [BBC] Article: https://www.bbc.com/news/articles/c2lgjd51v95o?at_medium=RSS&at_campaign=rss
2026-01-09 01:56:09,365 - INFO - [BBC] Attempt 1/1: Trying with 'requests_browser' strategy...
2026-01-09 01:56:09,416 - INFO - [BBC] Success with 'requests_browser'. Found content (740 words).
2026-01-09 01:56:09,455 - INFO - Saved article: Greenland: Vance criticises Denmark and Europe's handling of 'critical' territory from BBC
2026-01-09 01:56:10,036 - INFO - [BBC] Article: https://www.bbc.com/news/articles/cp80ln97py5o?at_medium=RSS&at_campaign=rss
2026-01-09 01:56:10,036 - INFO - [BBC] Attempt 1/1: Trying with 'requests_browser' strategy...
2026-01-09 01:56:10,074 - INFO - [BBC] Success with 'requests_browser'. Found content (633 words).
2026-01-09 01:56:10,109 - INFO - Duplicate article skipped: Trump withdraws US from key climate treaty and dozens of other groups from BBC
2026-01-09 01:56:10,198 - INFO - [The Guardian] Article: https://www.theguardian.com/science/2026/jan/01/cremation-pyre-in-africa-thought-to-be-worlds-oldest-containing-adult-remains
2026-01-09 01:56:10,198 - INFO - [The Guardian] Attempt 1/1: Trying with 'requests_browser' strategy...
2026-01-09 01:56:10,238 - INFO - [The Guardian] Success with 'requests_browser'. Found content (653 words).
2026-01-09 01:56:10,273 - INFO - Duplicate article skipped: Cremation pyre in Africa thought to be world’s oldest containing adult remains | Anthropology | The Guardian from The Guardian
2026-01-09 01:56:11,269 - INFO - [The Guardian] Article: https://www.theguardian.com/global-development/2026/jan/01/us-aid-cuts-conditions-un-humanitarian-pledge-ocha
2026-01-09 01:56:11,270 - INFO - [The Guardian] Attempt 1/1: Trying with 'requests_browser' strategy...
2026-01-09 01:56:11,323 - INFO - [The Guardian] Success with 'requests_browser'. Found content (631 words).
2026-01-09 01:56:11,363 - INFO - Duplicate article skipped: US ‘adapt, shrink or die’ terms for $2bn aid pot will mean UN bowing down to Washington, say experts | Aid | The Guardian from The Guardian
2026-01-09 01:56:11,372 - INFO - [BBC] Article: https://www.bbc.com/news/articles/ckgl8jgdxypo?at_medium=RSS&at_campaign=rss
2026-01-09 01:56:11,372 - INFO - [BBC] Attempt 1/1: Trying with 'requests_browser' strategy...
2026-01-09 01:56:11,421 - INFO - [BBC] Success with 'requests_browser'. Found content (854 words).
2026-01-09 01:56:11,458 - INFO - Duplicate article skipped: China's crackdown on underground churches intensifies with new arrests from BBC
2026-01-09 01:56:11,936 - INFO - [The Guardian] Article: https://www.theguardian.com/world/2025/dec/31/guinea-junta-chief-mamady-doumbouya-elected-president-after-opposition-boycott
2026-01-09 01:56:11,936 - INFO - [The Guardian] Attempt 1/1: Trying with 'requests_browser' strategy...
2026-01-09 01:56:11,984 - INFO - [The Guardian] Success with 'requests_browser'. Found content (399 words).
2026-01-09 01:56:12,042 - INFO - [BBC] Article: https://www.bbc.com/sport/tennis/articles/cx2gr00ndmyo?at_medium=RSS&at_campaign=rss
2026-01-09 01:56:12,053 - INFO - [BBC] Attempt 1/1: Trying with 'requests_browser' strategy...
2026-01-09 01:56:12,054 - INFO - Duplicate article skipped: Guinea’s junta chief elected president after opposition boycott | Guinea | The Guardian from The Guardian
2026-01-09 01:56:12,088 - INFO - [BBC] Success with 'requests_browser'. Found content (427 words).
2026-01-09 01:56:12,122 - INFO - Saved article: Hajar Abdelkader: Wildcard serves 20 doubles faults and loses match in 37 minutes - BBC Sport from BBC
2026-01-09 01:56:12,738 - INFO - [The Guardian] Article: https://www.theguardian.com/world/2026/jan/08/venezuela-to-release-important-number-of-detainees
2026-01-09 01:56:12,738 - INFO - [The Guardian] Attempt 1/1: Trying with 'requests_browser' strategy...
2026-01-09 01:56:12,790 - INFO - [The Guardian] Success with 'requests_browser'. Found content (942 words).
2026-01-09 01:56:12,837 - INFO - Saved article: Venezuela says it is releasing an important number of detainees to ‘consolidate peace’ | Venezuela | The Guardian from The Guardian
2026-01-09 01:56:13,348 - INFO - [BBC] Article: https://www.bbc.com/news/articles/c78e99pzr25o?at_medium=RSS&at_campaign=rss
2026-01-09 01:56:13,348 - INFO - [BBC] Attempt 1/1: Trying with 'requests_browser' strategy...
2026-01-09 01:56:13,401 - INFO - [BBC] Success with 'requests_browser'. Found content (768 words).
2026-01-09 01:56:13,437 - INFO - Saved article: Spain: Catholic Church signs deal on sexual abuse compensation from BBC
2026-01-09 01:56:13,886 - INFO - [The Guardian] Article: https://www.theguardian.com/world/2026/jan/08/brazil-president-lula-vetoes-bill-jair-bolsonaro-prison-sentence
2026-01-09 01:56:13,886 - INFO - [The Guardian] Attempt 1/1: Trying with 'requests_browser' strategy...
2026-01-09 01:56:13,935 - INFO - [The Guardian] Success with 'requests_browser'. Found content (455 words).
2026-01-09 01:56:13,980 - INFO - Saved article: Brazilian president vetoes bill reducing Jair Bolsonaro’s prison sentence | Brazil | The Guardian from The Guardian
2026-01-09 01:56:14,022 - INFO - [BBC] Article: https://www.bbc.com/news/articles/cx20gyn8qvvo?at_medium=RSS&at_campaign=rss
2026-01-09 01:56:14,022 - INFO - [BBC] Attempt 1/1: Trying with 'requests_browser' strategy...
2026-01-09 01:56:14,072 - INFO - [BBC] Success with 'requests_browser'. Found content (922 words).
2026-01-09 01:56:14,111 - INFO - Saved article: US involvement in Venezuela could last years, Trump says from BBC
2026-01-09 01:56:15,030 - INFO - [BBC] Article: https://www.bbc.com/news/articles/cj4ln977w0jo?at_medium=RSS&at_campaign=rss
2026-01-09 01:56:15,031 - INFO - [BBC] Attempt 1/1: Trying with 'requests_browser' strategy...
2026-01-09 01:56:15,067 - INFO - [BBC] Success with 'requests_browser'. Found content (627 words).
2026-01-09 01:56:15,105 - INFO - Saved article: Lebanon: Army says has taken over security in Hezbollah-dominated south from BBC
2026-01-09 01:56:15,146 - INFO - [The Guardian] Article: https://www.theguardian.com/world/2026/jan/08/venezuela-oil-deal-rodriguez-trump-vance-claims-us-control
2026-01-09 01:56:15,147 - INFO - [The Guardian] Attempt 1/1: Trying with 'requests_browser' strategy...
2026-01-09 01:56:15,199 - INFO - [The Guardian] Success with 'requests_browser'. Found content (1234 words).
2026-01-09 01:56:15,252 - INFO - Duplicate article skipped: Venezuela cooperating fully and US will control its oil for years, Trump claims | US attack on Venezuela | The Guardian from The Guardian
2026-01-09 01:56:15,776 - INFO - [BBC] Article: https://www.bbc.com/news/articles/ckgn1lpq52ko?at_medium=RSS&at_campaign=rss
2026-01-09 01:56:15,776 - INFO - [BBC] Attempt 1/1: Trying with 'requests_browser' strategy...
2026-01-09 01:56:15,822 - INFO - [BBC] Success with 'requests_browser'. Found content (453 words).
2026-01-09 01:56:15,862 - INFO - Duplicate article skipped: US halts assistance to Somalia over claims WFP food aid was illegally seized from BBC
2026-01-09 01:56:16,391 - INFO - [The Guardian] Article: https://www.theguardian.com/business/2026/jan/08/shadow-fleet-ships-sanctioned-oil-reflagged-russia-lloyds-list-analysis
2026-01-09 01:56:16,391 - INFO - [The Guardian] Attempt 1/1: Trying with 'requests_browser' strategy...
2026-01-09 01:56:16,431 - INFO - [The Guardian] Success with 'requests_browser'. Found content (654 words).
2026-01-09 01:56:16,481 - INFO - Saved article: ‘Shadow fleet’ ships moving sanctioned oil reflagged to Russia at rising rate | Shipping industry | The Guardian from The Guardian
2026-01-09 01:56:16,618 - INFO - [BBC] Article: https://www.bbc.com/news/articles/c5y2mvp3r2do?at_medium=RSS&at_campaign=rss
2026-01-09 01:56:16,618 - INFO - [BBC] Attempt 1/1: Trying with 'requests_browser' strategy...
2026-01-09 01:56:16,654 - INFO - [BBC] Success with 'requests_browser'. Found content (599 words).
2026-01-09 01:56:16,696 - INFO - Saved article: Saudi-led coalition says UAE helped smuggle separatist leader out of Yemen from BBC
2026-01-09 01:56:17,370 - INFO - [The Guardian] Article: https://www.theguardian.com/us-news/2026/jan/08/venezuela-protester-arrested
2026-01-09 01:56:17,371 - INFO - [The Guardian] Attempt 1/1: Trying with 'requests_browser' strategy...
2026-01-09 01:56:17,452 - INFO - [The Guardian] Success with 'requests_browser'. Found content (636 words).
2026-01-09 01:56:17,491 - INFO - Saved article: US protester arrested after TV interview says she was targeted due to Venezuela trip | Protest (US) | The Guardian from The Guardian
2026-01-09 01:56:17,806 - INFO - [BBC] Article: https://www.bbc.com/news/articles/cj0nqqgy77ro?at_medium=RSS&at_campaign=rss
2026-01-09 01:56:17,806 - INFO - [BBC] Attempt 1/1: Trying with 'requests_browser' strategy...
2026-01-09 01:56:17,859 - INFO - [BBC] Success with 'requests_browser'. Found content (587 words).
2026-01-09 01:56:17,899 - INFO - Saved article: Algeria apologises to DR Congo's Lumumba statue Afcon superfan from BBC
2026-01-09 01:56:18,625 - INFO - [The Guardian] Article: https://www.theguardian.com/world/2026/jan/08/alleged-scam-kingpin-chen-zhi-extradited-china-cambodia-arrest
2026-01-09 01:56:18,625 - INFO - [The Guardian] Attempt 1/1: Trying with 'requests_browser' strategy...
2026-01-09 01:56:18,635 - INFO - [BBC] Article: https://www.bbc.com/news/articles/c8x94lz0gevo?at_medium=RSS&at_campaign=rss
2026-01-09 01:56:18,635 - INFO - [BBC] Attempt 1/1: Trying with 'requests_browser' strategy...
2026-01-09 01:56:18,722 - INFO - [BBC] Success with 'requests_browser'. Found content (770 words).
2026-01-09 01:56:18,756 - INFO - Duplicate article skipped: Australia PM announces royal commission into Bondi shooting from BBC
2026-01-09 01:56:18,983 - INFO - [The Guardian] Success with 'requests_browser'. Found content (590 words).
2026-01-09 01:56:19,018 - INFO - Duplicate article skipped: Alleged scam kingpin Chen Zhi arrives in China after extradition from Cambodia | Cambodia | The Guardian from The Guardian
2026-01-09 01:56:19,577 - INFO - [BBC] Article: https://www.bbc.com/news/articles/cgk8jv4r8nmo?at_medium=RSS&at_campaign=rss
2026-01-09 01:56:19,577 - INFO - [BBC] Attempt 1/1: Trying with 'requests_browser' strategy...
2026-01-09 01:56:19,768 - INFO - [BBC] Success with 'requests_browser'. Found content (580 words).
2026-01-09 01:56:19,805 - INFO - Duplicate article skipped: One million without heat and water after Russian strikes, Ukraine says from BBC
2026-01-09 01:56:20,426 - INFO - [The Guardian] Article: https://www.theguardian.com/world/2026/jan/06/papua-new-guinea-internet-starlink-shut-down
2026-01-09 01:56:20,426 - INFO - [The Guardian] Attempt 1/1: Trying with 'requests_browser' strategy...
2026-01-09 01:56:20,469 - INFO - [The Guardian] Success with 'requests_browser'. Found content (558 words).
2026-01-09 01:56:20,503 - INFO - Duplicate article skipped: Anger in Papua New Guinea after Starlink ordered to shut down internet services | Papua New Guinea | The Guardian from The Guardian
2026-01-09 01:56:20,529 - INFO - [BBC] Article: https://www.bbc.com/news/articles/cy4q898dkwxo?at_medium=RSS&at_campaign=rss
2026-01-09 01:56:20,529 - INFO - [BBC] Attempt 1/1: Trying with 'requests_browser' strategy...
2026-01-09 01:56:20,583 - INFO - [BBC] Success with 'requests_browser'. Found content (483 words).
2026-01-09 01:56:20,614 - INFO - Duplicate article skipped: Heatwave hits Australia as officials warn of 'catastrophic' fire risk from BBC
2026-01-09 01:56:21,472 - INFO - [The Guardian] Article: https://www.theguardian.com/world/2026/jan/06/what-us-action-in-venezuela-means-for-taiwan
2026-01-09 01:56:21,472 - INFO - [The Guardian] Attempt 1/1: Trying with 'requests_browser' strategy...
2026-01-09 01:56:21,502 - INFO - [The Guardian] Success with 'requests_browser'. Found content (938 words).
2026-01-09 01:56:21,528 - INFO - [BBC] Article: https://www.bbc.com/news/articles/c93vny222geo?at_medium=RSS&at_campaign=rss
2026-01-09 01:56:21,528 - INFO - [BBC] Attempt 1/1: Trying with 'requests_browser' strategy...
2026-01-09 01:56:21,542 - INFO - Duplicate article skipped: What does the US raid in Venezuela mean for China’s designs on Taiwan? | Taiwan | The Guardian from The Guardian
2026-01-09 01:56:21,651 - INFO - [BBC] Success with 'requests_browser'. Found content (971 words).
2026-01-09 01:56:21,690 - INFO - Saved article: Two starkly opposed Americas laid bare by deadly ICE shooting from BBC
2026-01-09 01:56:22,716 - INFO - [BBC] Article: https://www.bbc.com/news/articles/cx2wg7437dvo?at_medium=RSS&at_campaign=rss
2026-01-09 01:56:22,717 - INFO - [BBC] Attempt 1/1: Trying with 'requests_browser' strategy...
2026-01-09 01:56:22,769 - INFO - [BBC] Success with 'requests_browser'. Found content (1429 words).
2026-01-09 01:56:22,889 - INFO - [The Guardian] Article: https://www.theguardian.com/world/2026/jan/05/venezuela-trump-attack-china-interests-analysis
2026-01-09 01:56:22,889 - INFO - [The Guardian] Attempt 1/1: Trying with 'requests_browser' strategy...
2026-01-09 01:56:22,923 - INFO - [The Guardian] Success with 'requests_browser'. Found content (788 words).
2026-01-09 01:56:23,320 - INFO - Saved article: Bowen: Trump risks pushing world back to age of empires from BBC
2026-01-09 01:56:23,321 - INFO - Duplicate article skipped: Trump’s attack leaves China worried about its interests in Venezuela | Venezuela | The Guardian from The Guardian
2026-01-09 01:56:24,629 - INFO - [BBC] Article: https://www.bbc.com/news/articles/c1jepdjy256o?at_medium=RSS&at_campaign=rss
2026-01-09 01:56:24,629 - INFO - [BBC] Attempt 1/1: Trying with 'requests_browser' strategy...
2026-01-09 01:56:24,671 - INFO - [BBC] Success with 'requests_browser'. Found content (780 words).
2026-01-09 01:56:24,708 - INFO - Duplicate article skipped: Renee Nicole Good: Who was the woman killed by ICE in Minneapolis? from BBC
2026-01-09 01:56:24,773 - INFO - [The Guardian] Article: https://www.theguardian.com/world/2026/jan/05/giant-bluefin-tuna-sold-record-amount-tokyo-auction-kiyoshi-kimura
2026-01-09 01:56:24,773 - INFO - [The Guardian] Attempt 1/1: Trying with 'requests_browser' strategy...
2026-01-09 01:56:24,814 - INFO - [The Guardian] Success with 'requests_browser'. Found content (266 words).
2026-01-09 01:56:24,846 - INFO - Duplicate article skipped: 'Tuna King' pays record £2.4m for giant bluefin at Tokyo auction | Japan | The Guardian from The Guardian
2026-01-09 01:56:26,107 - INFO - [BBC] Article: https://www.bbc.com/news/articles/c77krp7m362o?at_medium=RSS&at_campaign=rss
2026-01-09 01:56:26,107 - INFO - [BBC] Attempt 1/1: Trying with 'requests_browser' strategy...
2026-01-09 01:56:26,220 - INFO - [BBC] Success with 'requests_browser'. Found content (1157 words).
2026-01-09 01:56:26,252 - INFO - [The Guardian] Article: https://www.theguardian.com/australia-news/2026/jan/09/ten-properties-in-ruffy-destroyed-including-firefighters-home-as-fire-hits-victorian-town-like-a-bomb
2026-01-09 01:56:26,252 - INFO - [The Guardian] Attempt 1/1: Trying with 'requests_browser' strategy...
2026-01-09 01:56:26,261 - INFO - Duplicate article skipped: Why Trump chose Delcy Rodríguez, not María Corina Machado from BBC
2026-01-09 01:56:26,333 - INFO - [The Guardian] Success with 'requests_browser'. Found content (1029 words).
2026-01-09 01:56:26,388 - INFO - Saved article: Three people missing and multiple properties destroyed as bushfire hits Victorian town ‘like a bomb’ | Victoria | The Guardian from The Guardian
2026-01-09 01:56:26,818 - INFO - [BBC] Article: https://www.bbc.com/news/articles/cvgx8w4pgk0o?at_medium=RSS&at_campaign=rss
2026-01-09 01:56:26,818 - INFO - [BBC] Attempt 1/1: Trying with 'requests_browser' strategy...
2026-01-09 01:56:26,912 - INFO - [BBC] Success with 'requests_browser'. Found content (972 words).
2026-01-09 01:56:26,949 - INFO - Duplicate article skipped: Greenlanders express fear and indignation as Trump eyes territory from BBC
2026-01-09 01:56:27,135 - INFO - Selenium driver initialized successfully.
2026-01-09 01:56:27,135 - INFO - Starting scrape for Times of India RSS feed: https://timesofindia.indiatimes.com/rssfeeds/296589292.cms
2026-01-09 01:56:27,136 - INFO - Selenium driver initialized successfully.
2026-01-09 01:56:27,136 - INFO - Starting scrape for The Hindu RSS feed: https://www.thehindu.com/news/national/feeder/default.rss
2026-01-09 01:56:27,252 - INFO - Found 20 articles in Times of India RSS feed. Processing up to 25.
2026-01-09 01:56:27,252 - INFO - [Times of India] Article: https://timesofindia.indiatimes.com/world/rest-of-world/bondi-attack-australia-pm-announces-royal-commission-into-antisemitism/articleshow/126425386.cms
2026-01-09 01:56:27,252 - INFO - [Times of India] Attempt 1/1: Trying with 'selenium_browser' strategy...
2026-01-09 01:56:27,322 - INFO - Found 100 articles in The Hindu RSS feed. Processing up to 25.
2026-01-09 01:56:27,322 - INFO - [The Hindu] Article: https://www.thehindu.com/news/national/telangana/telangana-land-owner-on-ground-not-in-official-records/article70488210.ece
2026-01-09 01:56:27,322 - INFO - [The Hindu] Attempt 1/1: Trying with 'selenium_browser' strategy...
2026-01-09 01:56:27,374 - INFO - [The Guardian] Article: https://www.theguardian.com/australia-news/live/2026/jan/09/australia-news-live-victoria-catastrophic-bushfire-fire-ban-heatwave-tropical-cyclone-floods-royal-commission-antisemitism-bondi-anthony-albanese-ntwnfb
2026-01-09 01:56:27,374 - INFO - [The Guardian] Attempt 1/1: Trying with 'requests_browser' strategy...
2026-01-09 01:56:27,752 - INFO - [The Guardian] Success with 'requests_browser'. Found content (1280 words).
2026-01-09 01:56:27,889 - INFO - Saved article: Australia news live: three missing in Victorian fire hotspot were last seen in front of house later destroyed by flames | Australia news | The Guardian from The Guardian
2026-01-09 01:56:28,065 - INFO - [BBC] Article: https://www.bbc.com/news/articles/c62r6dvpl5ro?at_medium=RSS&at_campaign=rss
2026-01-09 01:56:28,065 - INFO - [BBC] Attempt 1/1: Trying with 'requests_browser' strategy...
2026-01-09 01:56:28,141 - INFO - [BBC] Success with 'requests_browser'. Found content (1531 words).
2026-01-09 01:56:28,197 - INFO - Duplicate article skipped: Google Willow: The secrets of the world's most powerful quantum computer from BBC
2026-01-09 01:56:29,076 - INFO - [BBC] Article: https://www.bbc.com/news/articles/czejp3gep63o?at_medium=RSS&at_campaign=rss
2026-01-09 01:56:29,076 - INFO - [BBC] Attempt 1/1: Trying with 'requests_browser' strategy...
2026-01-09 01:56:29,269 - INFO - [BBC] Success with 'requests_browser'. Found content (1427 words).
2026-01-09 01:56:29,277 - INFO - [The Guardian] Article: https://www.theguardian.com/australia-news/2026/jan/09/luxury-yachts-sydney-harbour-fire-mosman
2026-01-09 01:56:29,277 - INFO - [The Guardian] Attempt 1/1: Trying with 'requests_browser' strategy...
2026-01-09 01:56:29,494 - INFO - Duplicate article skipped: How tariffs will continue to reshape the global economy in 2026 from BBC
2026-01-09 01:56:29,568 - INFO - [The Guardian] Success with 'requests_browser'. Found content (376 words).
2026-01-09 01:56:29,744 - INFO - Saved article: Three luxury yachts sink in Sydney Harbour as fire rips through exclusive Mosman marina | Australia news | The Guardian from The Guardian
2026-01-09 01:56:30,504 - INFO - [BBC] Article: https://www.bbc.com/news/videos/c394vjengdgo?at_medium=RSS&at_campaign=rss
2026-01-09 01:56:30,507 - INFO - [BBC] Attempt 1/1: Trying with 'requests_browser' strategy...
2026-01-09 01:56:30,646 - WARNING - [BBC] FAILED with 'requests_browser' (content was too short: 44 words).
2026-01-09 01:56:30,646 - ERROR - [BBC] All scrape strategies failed for https://www.bbc.com/news/videos/c394vjengdgo?at_medium=RSS&at_campaign=rss. Falling back to RSS description.
2026-01-09 01:56:30,661 - INFO - Saved article: Watch: Eyewitnesses recount deadly ICE shooting from BBC
2026-01-09 01:56:30,709 - INFO - [The Guardian] Article: https://www.theguardian.com/culture/2026/jan/09/adelaide-festival-boycott-pro-palestine-academic-randa-abdel-fattah-ntwnfb
2026-01-09 01:56:30,709 - INFO - [The Guardian] Attempt 1/1: Trying with 'requests_browser' strategy...
2026-01-09 01:56:31,193 - INFO - [The Guardian] Success with 'requests_browser'. Found content (789 words).
2026-01-09 01:56:31,230 - INFO - [BBC] Article: https://www.bbc.com/news/videos/cx2ypz4zjvxo?at_medium=RSS&at_campaign=rss
2026-01-09 01:56:31,241 - INFO - [BBC] Attempt 1/1: Trying with 'requests_browser' strategy...
2026-01-09 01:56:31,319 - INFO - Saved article: Dozens of writers boycott Adelaide festival after it dumps pro-Palestine academic Randa Abdel-Fattah | Adelaide festival | The Guardian from The Guardian
2026-01-09 01:56:31,459 - WARNING - [BBC] FAILED with 'requests_browser' (content was too short: 79 words).
2026-01-09 01:56:31,459 - ERROR - [BBC] All scrape strategies failed for https://www.bbc.com/news/videos/cx2ypz4zjvxo?at_medium=RSS&at_campaign=rss. Falling back to RSS description.
2026-01-09 01:56:31,460 - INFO - Duplicate article skipped: Video shows moment US immigration agent fatally shoots woman from BBC
2026-01-09 01:56:31,894 - INFO - [The Guardian] Article: https://www.theguardian.com/environment/2026/jan/09/heatwave-engulfs-south-eastern-states-as-victoria-faces-catastrophic-bushfire-conditions-not-seen-since-black-summer
2026-01-09 01:56:31,894 - INFO - [The Guardian] Attempt 1/1: Trying with 'requests_browser' strategy...
2026-01-09 01:56:32,018 - INFO - [The Guardian] Success with 'requests_browser'. Found content (849 words).
2026-01-09 01:56:32,210 - INFO - Saved article: Heatwave engulfs Australia’s south-east bringing catastrophic fire conditions not seen since black summer | Environment | The Guardian from The Guardian
2026-01-09 01:56:32,575 - INFO - [BBC] Article: https://www.bbc.com/news/videos/cx2gm7109rwo?at_medium=RSS&at_campaign=rss
2026-01-09 01:56:32,575 - INFO - [BBC] Attempt 1/1: Trying with 'requests_browser' strategy...
2026-01-09 01:56:32,816 - WARNING - [BBC] FAILED with 'requests_browser' (content was too short: 40 words).
2026-01-09 01:56:32,816 - ERROR - [BBC] All scrape strategies failed for https://www.bbc.com/news/videos/cx2gm7109rwo?at_medium=RSS&at_campaign=rss. Falling back to RSS description.
2026-01-09 01:56:32,817 - INFO - Duplicate article skipped: Tracking the oil tankers seized by the US from BBC
2026-01-09 01:56:33,318 - INFO - [The Guardian] Article: https://www.theguardian.com/uk-news/2026/jan/08/two-oil-tankers-us-sanctions-english-channel-russia
2026-01-09 01:56:33,318 - INFO - [The Guardian] Attempt 1/1: Trying with 'requests_browser' strategy...
2026-01-09 01:56:33,431 - INFO - [The Guardian] Success with 'requests_browser'. Found content (436 words).
2026-01-09 01:56:33,544 - INFO - Saved article: Two oil tankers under US sanctions sailing through Channel towards Russia | Water transport | The Guardian from The Guardian
2026-01-09 01:56:34,219 - INFO - [The Guardian] Article: https://www.theguardian.com/world/2026/jan/08/french-farmers-paris-protest-eu-mercosur-trade-deal
2026-01-09 01:56:34,219 - INFO - [The Guardian] Attempt 1/1: Trying with 'requests_browser' strategy...
2026-01-09 01:56:34,378 - INFO - [The Guardian] Success with 'requests_browser'. Found content (675 words).
2026-01-09 01:56:34,574 - INFO - Saved article: French farmers stage protest in Paris to oppose EU-Mercosur trade deal | France | The Guardian from The Guardian
2026-01-09 01:56:35,360 - INFO - [The Hindu] Page content loaded.
2026-01-09 01:56:35,668 - INFO - [The Guardian] Article: https://www.theguardian.com/world/2026/jan/08/runaway-sheep-storm-german-supermarket
2026-01-09 01:56:35,668 - INFO - [The Guardian] Attempt 1/1: Trying with 'requests_browser' strategy...
2026-01-09 01:56:35,985 - INFO - [The Guardian] Success with 'requests_browser'. Found content (511 words).
2026-01-09 01:56:36,320 - INFO - [The Hindu] Success with 'selenium_browser'. Found content (1745 words).
2026-01-09 01:56:36,508 - INFO - Saved article: On the lamb: 50 sheep break away from flock and storm German supermarket | Germany | The Guardian from The Guardian
2026-01-09 01:56:37,074 - INFO - Saved article: Telangana land owner on ground, not in official records - The Hindu from The Hindu
2026-01-09 01:56:37,522 - INFO - [The Guardian] Article: https://www.theguardian.com/us-news/2026/jan/08/french-german-presidents-macron-steinmeier-condemn-us-foreign-policy-trump
2026-01-09 01:56:37,522 - INFO - [The Guardian] Attempt 1/1: Trying with 'requests_browser' strategy...
2026-01-09 01:56:37,692 - INFO - [The Guardian] Success with 'requests_browser'. Found content (628 words).
2026-01-09 01:56:37,854 - INFO - Saved article: French president condemns US for ‘turning away from allies’ | US foreign policy | The Guardian from The Guardian
2026-01-09 01:56:38,562 - INFO - [The Hindu] Article: https://www.thehindu.com/news/national/andhra-pradesh/chittoor-poised-for-a-white-revolution/article70487001.ece
2026-01-09 01:56:38,563 - INFO - [The Hindu] Attempt 1/1: Trying with 'selenium_browser' strategy...
2026-01-09 01:56:39,086 - INFO - [The Guardian] Article: https://www.theguardian.com/environment/2026/jan/08/masses-of-toxic-litter-pours-from-rhine-into-north-sea-each-year-research-finds
2026-01-09 01:56:39,086 - INFO - [The Guardian] Attempt 1/1: Trying with 'requests_browser' strategy...
2026-01-09 01:56:39,235 - INFO - [The Guardian] Success with 'requests_browser'. Found content (325 words).
2026-01-09 01:56:39,481 - INFO - Saved article: Masses of toxic litter pours from Rhine into North Sea each year, research finds | Pollution | The Guardian from The Guardian
2026-01-09 01:56:40,901 - INFO - [Times of India] Page content loaded.
2026-01-09 01:56:42,080 - INFO - [Times of India] Success with 'selenium_browser'. Found content (190 words).
2026-01-09 01:56:42,618 - INFO - Saved article: Bondi attack: Australia PM announces royal commission into antisemitism - The Times of India from Times of India
2026-01-09 01:56:44,070 - INFO - [Times of India] Article: https://timesofindia.indiatimes.com/world/us-streamers/top-10-most-viewed-youtube-videos-in-the-world/articleshow/126422495.cms
2026-01-09 01:56:44,071 - INFO - [Times of India] Attempt 1/1: Trying with 'selenium_browser' strategy...
2026-01-09 01:56:46,274 - INFO - [Times of India] Page content loaded.
2026-01-09 01:56:46,454 - INFO - [Times of India] Success with 'selenium_browser'. Found content (692 words).
2026-01-09 01:56:46,553 - INFO - Saved article: Top 10 most viewed YouTube videos in the world - The Times of India from Times of India
2026-01-09 01:56:47,678 - INFO - [Times of India] Article: https://timesofindia.indiatimes.com/world/us-streamers/who-is-jesse-lopez-in-beast-games-season-2-and-why-is-his-story-winning-hearts-everywhere/articleshow/126423550.cms
2026-01-09 01:56:47,678 - INFO - [Times of India] Attempt 1/1: Trying with 'selenium_browser' strategy...
2026-01-09 01:56:49,724 - INFO - [Times of India] Page content loaded.
2026-01-09 01:56:49,839 - INFO - [Times of India] Success with 'selenium_browser'. Found content (476 words).
2026-01-09 01:56:49,901 - INFO - Saved article: Who is Jesse Lopez in Beast Games Season 2 and why is his story winning hearts everywhere? - The Times of India from Times of India
2026-01-09 01:56:51,358 - INFO - [Times of India] Article: https://timesofindia.indiatimes.com/world/us-streamers/fat-face-clavicular-body-shames-fresh-fit-podcast-member-during-heated-talk-on-cybertruck-incident/articleshow/126424496.cms
2026-01-09 01:56:51,358 - INFO - [Times of India] Attempt 1/1: Trying with 'selenium_browser' strategy...
2026-01-09 01:56:52,612 - INFO - [Times of India] Page content loaded.
2026-01-09 01:56:52,728 - INFO - [Times of India] Success with 'selenium_browser'. Found content (440 words).
2026-01-09 01:56:52,794 - INFO - Saved article: “Fat face”: Clavicular body shames Fresh & Fit podcast member during heated talk on Cybertruck incident - The Times of India from Times of India
2026-01-09 01:56:53,820 - INFO - [Times of India] Article: https://timesofindia.indiatimes.com/world/us-streamers/candace-owens-australia-tour-controversy-deepens-as-promoter-collapses-leaving-fans-unpaid-after-visa-denial-and-liquidation/articleshow/126424880.cms
2026-01-09 01:56:53,820 - INFO - [Times of India] Attempt 1/1: Trying with 'selenium_browser' strategy...
2026-01-09 01:56:55,866 - INFO - [Times of India] Page content loaded.
2026-01-09 01:56:55,992 - INFO - [Times of India] Success with 'selenium_browser'. Found content (509 words).
2026-01-09 01:56:56,119 - INFO - Saved article: Candace Owens Australia tour controversy deepens as promoter collapses leaving fans unpaid after visa denial and liquidation - The Times of India from Times of India
2026-01-09 01:56:56,938 - INFO - [Times of India] Article: https://timesofindia.indiatimes.com/world/us-streamers/little-anime-clowns-mrbeast-slams-toxic-one-piece-fans-after-backlash-over-anime-profile-photo/articleshow/126424893.cms
2026-01-09 01:56:56,938 - INFO - [Times of India] Attempt 1/1: Trying with 'selenium_browser' strategy...
2026-01-09 01:56:58,860 - INFO - [Times of India] Page content loaded.
2026-01-09 01:56:58,987 - INFO - [Times of India] Success with 'selenium_browser'. Found content (365 words).
2026-01-09 01:56:59,059 - INFO - Saved article: “Little anime clowns”: MrBeast slams ‘toxic’ One Piece fans after backlash over anime profile photo - The Times of India from Times of India
2026-01-09 01:57:00,458 - INFO - [Times of India] Article: https://timesofindia.indiatimes.com/world/us-streamers/officially-solved-candace-owens-sparks-backlash-after-claiming-she-has-an-official-theory-about-charlie-kirks-assassination/articleshow/126424879.cms
2026-01-09 01:57:00,458 - INFO - [Times of India] Attempt 1/1: Trying with 'selenium_browser' strategy...
2026-01-09 01:57:01,911 - INFO - [Times of India] Page content loaded.
2026-01-09 01:57:02,150 - INFO - [Times of India] Success with 'selenium_browser'. Found content (366 words).
2026-01-09 01:57:02,257 - INFO - Saved article: “Officially solved”: Candace Owens sparks backlash after claiming she has an ‘official theory’ about Charlie Kirk’s assassination - The Times of India from Times of India
2026-01-09 01:57:03,383 - INFO - [Times of India] Article: https://timesofindia.indiatimes.com/world/us-streamers/white-speed-tracks-ishowspeed-across-continents-in-bizarre-africa-stream-moment/articleshow/126425065.cms
2026-01-09 01:57:03,383 - INFO - [Times of India] Attempt 1/1: Trying with 'selenium_browser' strategy...
2026-01-09 01:57:05,625 - INFO - [Times of India] Page content loaded.
2026-01-09 01:57:05,834 - INFO - [Times of India] Success with 'selenium_browser'. Found content (351 words).
2026-01-09 01:57:05,908 - INFO - Saved article: White Speed tracks IShowSpeed across continents in bizarre Africa stream moment - The Times of India from Times of India
2026-01-09 01:57:06,471 - INFO - [Times of India] Article: https://timesofindia.indiatimes.com/world/rest-of-world/moroccan-cave-fossils-yield-a-possible-missing-link-in-human-evolution/articleshow/126425327.cms
2026-01-09 01:57:06,472 - INFO - [Times of India] Attempt 1/1: Trying with 'selenium_browser' strategy...
2026-01-09 01:57:07,914 - INFO - [Times of India] Page content loaded.
2026-01-09 01:57:08,025 - INFO - [Times of India] Success with 'selenium_browser'. Found content (762 words).
2026-01-09 01:57:08,107 - INFO - Saved article: Moroccan cave fossils yield a possible missing link in human evolution - The Times of India from Times of India
2026-01-09 01:57:09,349 - INFO - [Times of India] Article: https://timesofindia.indiatimes.com/world/us/senate-pushes-back-on-trumps-military-threats-against-venezuela-with-war-powers-vote/articleshow/126425302.cms
2026-01-09 01:57:09,350 - INFO - [Times of India] Attempt 1/1: Trying with 'selenium_browser' strategy...
2026-01-09 01:57:10,464 - INFO - [Times of India] Page content loaded.
2026-01-09 01:57:10,566 - INFO - [Times of India] Success with 'selenium_browser'. Found content (1116 words).
2026-01-09 01:57:10,627 - INFO - Saved article: Senate pushes back on Trump's military threats against Venezuela with war powers vote - The Times of India from Times of India
2026-01-09 01:57:11,247 - INFO - [Times of India] Article: https://timesofindia.indiatimes.com/world/rest-of-world/venezuela-says-its-releasing-a-significant-number-of-prisoners-as-gesture-to-seek-peace/articleshow/126425280.cms
2026-01-09 01:57:11,247 - INFO - [Times of India] Attempt 1/1: Trying with 'selenium_browser' strategy...
2026-01-09 01:57:12,350 - INFO - [Times of India] Page content loaded.
2026-01-09 01:57:12,534 - INFO - [Times of India] Success with 'selenium_browser'. Found content (875 words).
2026-01-09 01:57:12,646 - INFO - Saved article: Venezuela says it's releasing a 'significant number' of prisoners as gesture to 'seek peace' - The Times of India from Times of India
2026-01-09 01:57:13,691 - INFO - [Times of India] Article: https://timesofindia.indiatimes.com/world/us-streamers/candace-owens-raises-new-questions-about-charlie-kirk-after-revealing-a-never-before-seen-image-with-no-visible-blood/articleshow/126402110.cms
2026-01-09 01:57:13,691 - INFO - [Times of India] Attempt 1/1: Trying with 'selenium_browser' strategy...
2026-01-09 01:57:15,142 - INFO - [Times of India] Page content loaded.
2026-01-09 01:57:15,260 - INFO - [Times of India] Success with 'selenium_browser'. Found content (468 words).
2026-01-09 01:57:15,326 - INFO - Duplicate article skipped: Candace Owens raises new questions about Charlie Kirk after revealing a never before seen image with no visible blood - The Times of India from Times of India
2026-01-09 01:57:16,342 - INFO - [Times of India] Article: https://timesofindia.indiatimes.com/world/us/colombias-petro-trump-discuss-disagreements/articleshow/126425252.cms
2026-01-09 01:57:16,343 - INFO - [Times of India] Attempt 1/1: Trying with 'selenium_browser' strategy...
2026-01-09 01:57:17,587 - INFO - [Times of India] Page content loaded.
2026-01-09 01:57:17,686 - INFO - [Times of India] Success with 'selenium_browser'. Found content (274 words).
2026-01-09 01:57:17,760 - INFO - Saved article: Colombia's Petro, Trump discuss 'disagreements' - The Times of India from Times of India
2026-01-09 01:57:18,740 - INFO - [Times of India] Article: https://timesofindia.indiatimes.com/etimes/trending/faint-black-lines-on-nails-harmless-or-sign-of-aggressive-skin-cancer-reddit-post-goes-viral/articleshow/126421840.cms
2026-01-09 01:57:18,740 - INFO - [Times of India] Attempt 1/1: Trying with 'selenium_browser' strategy...
2026-01-09 01:57:20,203 - INFO - [Times of India] Page content loaded.
2026-01-09 01:57:20,306 - INFO - [Times of India] Success with 'selenium_browser'. Found content (826 words).
2026-01-09 01:57:20,366 - INFO - Saved article: Faint black lines on nails: Harmless or sign of aggressive skin cancer? Reddit post goes viral | - The Times of India from Times of India
2026-01-09 01:57:21,522 - INFO - [Times of India] Article: https://timesofindia.indiatimes.com/world/us/dni-do-not-invite-tulsi-gabbard-was-excluded-from-venezuela-operation-planning-heres-why/articleshow/126422465.cms
2026-01-09 01:57:21,522 - INFO - [Times of India] Attempt 1/1: Trying with 'selenium_browser' strategy...
2026-01-09 01:57:22,667 - INFO - [Times of India] Page content loaded.
2026-01-09 01:57:22,819 - INFO - [Times of India] Success with 'selenium_browser'. Found content (471 words).
2026-01-09 01:57:22,893 - INFO - Saved article: 'DNI = Do Not Invite': Tulsi Gabbard was excluded from Venezuela operation planning – here’s why - The Times of India from Times of India
2026-01-09 01:57:23,678 - INFO - [Times of India] Article: https://timesofindia.indiatimes.com/world/us/vivek-ramaswamys-ex-bodyguard-arrested-for-drug-trafficking-261-parcels-delivered-including-meth-fentanyl-in-ohio/articleshow/126422425.cms
2026-01-09 01:57:23,678 - INFO - [Times of India] Attempt 1/1: Trying with 'selenium_browser' strategy...
2026-01-09 01:57:25,056 - INFO - [Times of India] Page content loaded.
2026-01-09 01:57:25,163 - INFO - [Times of India] Success with 'selenium_browser'. Found content (316 words).
2026-01-09 01:57:25,295 - INFO - Saved article: Vivek Ramaswamy’s ex-bodyguard arrested for drug trafficking; 261 parcels delivered including meth, fentanyl in Ohio - The Times of India from Times of India
2026-01-09 01:57:25,853 - INFO - [Times of India] Article: https://timesofindia.indiatimes.com/world/us/who-is-jonathan-ross-the-ice-agent-who-shot-renee-good-dead-in-minneapolis/articleshow/126422438.cms
2026-01-09 01:57:25,853 - INFO - [Times of India] Attempt 1/1: Trying with 'selenium_browser' strategy...
2026-01-09 01:57:26,998 - INFO - [Times of India] Page content loaded.
2026-01-09 01:57:27,223 - INFO - [Times of India] Success with 'selenium_browser'. Found content (377 words).
2026-01-09 01:57:27,322 - INFO - Saved article: Who is Jonathan Ross, the ICE agent who shot Renee Good dead in Minneapolis? - The Times of India from Times of India
2026-01-09 01:57:27,848 - INFO - [Times of India] Article: https://timesofindia.indiatimes.com/world/us-streamers/blackballing-people-candace-owens-revives-kanye-west-tweet-while-blasting-the-daily-wire-over-treatment-and-control/articleshow/126422420.cms
2026-01-09 01:57:27,848 - INFO - [Times of India] Attempt 1/1: Trying with 'selenium_browser' strategy...
2026-01-09 01:57:28,796 - INFO - [Times of India] Page content loaded.
2026-01-09 01:57:28,909 - INFO - [Times of India] Success with 'selenium_browser'. Found content (450 words).
2026-01-09 01:57:28,978 - INFO - Saved article: “Blackballing people”: Candace Owens revives Kanye West tweet while blasting The Daily Wire over treatment and control - The Times of India from Times of India
2026-01-09 01:57:29,795 - INFO - [Times of India] Article: https://timesofindia.indiatimes.com/world/us/minneapolis-shooting-the-heart-rending-poem-that-ice-victim-renee-nicole-good-wrote/articleshow/126422427.cms
2026-01-09 01:57:29,795 - INFO - [Times of India] Attempt 1/1: Trying with 'selenium_browser' strategy...
2026-01-09 01:57:30,894 - INFO - [Times of India] Page content loaded.
2026-01-09 01:57:31,020 - INFO - [Times of India] Success with 'selenium_browser'. Found content (116 words).
2026-01-09 01:57:31,105 - INFO - Saved article: Minneapolis shooting: The heart-rending poem that ICE victim Renee Nicole Good wrote | World News - The Times of India from Times of India
2026-01-09 01:57:32,321 - INFO - [Times of India] Article: https://timesofindia.indiatimes.com/world/us-streamers/mrbeast-says-his-wedding-to-thea-booysen-will-be-private-and-off-camera/articleshow/126422396.cms
2026-01-09 01:57:32,321 - INFO - [Times of India] Attempt 1/1: Trying with 'selenium_browser' strategy...
2026-01-09 01:57:33,445 - INFO - [Times of India] Page content loaded.
2026-01-09 01:57:33,550 - INFO - [Times of India] Success with 'selenium_browser'. Found content (408 words).
2026-01-09 01:57:33,630 - INFO - Saved article: MrBeast says his wedding to Thea Booysen will be private and off-camera - The Times of India from Times of India
2026-01-09 01:57:34,563 - INFO - [Times of India] (Thread) Finished. Attempting to shut down its Selenium driver.
2026-01-09 01:57:34,769 - INFO - [Times of India] (Thread) driver.quit() successful.
2026-01-09 01:58:38,662 - ERROR - [The Hindu] Request failed for strategy 'selenium_browser' on URL https://www.thehindu.com/news/national/andhra-pradesh/chittoor-poised-for-a-white-revolution/article70487001.ece: HTTPConnectionPool(host='localhost', port=38273): Read timed out. (read timeout=120)
2026-01-09 01:58:38,662 - ERROR - [The Hindu] All scrape strategies failed for https://www.thehindu.com/news/national/andhra-pradesh/chittoor-poised-for-a-white-revolution/article70487001.ece. Falling back to RSS description.
2026-01-09 01:58:38,665 - INFO - Saved article: Chittoor poised for a white revolution from The Hindu
2026-01-09 01:58:39,284 - INFO - [The Hindu] Article: https://www.thehindu.com/news/national/andhra-pradesh/defence-corridor-will-be-set-up-in-jaggayyapeta-vijayawada-mp/article70487137.ece
2026-01-09 01:58:39,284 - INFO - [The Hindu] Attempt 1/1: Trying with 'selenium_browser' strategy...
2026-01-09 02:00:39,383 - ERROR - [The Hindu] Request failed for strategy 'selenium_browser' on URL https://www.thehindu.com/news/national/andhra-pradesh/defence-corridor-will-be-set-up-in-jaggayyapeta-vijayawada-mp/article70487137.ece: HTTPConnectionPool(host='localhost', port=38273): Read timed out. (read timeout=120)
2026-01-09 02:00:39,383 - ERROR - [The Hindu] All scrape strategies failed for https://www.thehindu.com/news/national/andhra-pradesh/defence-corridor-will-be-set-up-in-jaggayyapeta-vijayawada-mp/article70487137.ece. Falling back to RSS description.
2026-01-09 02:00:39,385 - INFO - Saved article: Defence corridor will be set up in Jaggayyapeta: Vijayawada MP from The Hindu
2026-01-09 02:00:40,815 - INFO - [The Hindu] Article: https://www.thehindu.com/news/national/andhra-pradesh/despite-ban-roosterfight-arenas-being-set-up-for-sankranti-festival/article70486479.ece
2026-01-09 02:00:40,815 - INFO - [The Hindu] Attempt 1/1: Trying with 'selenium_browser' strategy...
2026-01-09 02:02:40,825 - ERROR - [The Hindu] Request failed for strategy 'selenium_browser' on URL https://www.thehindu.com/news/national/andhra-pradesh/despite-ban-roosterfight-arenas-being-set-up-for-sankranti-festival/article70486479.ece: HTTPConnectionPool(host='localhost', port=38273): Read timed out. (read timeout=120)
2026-01-09 02:02:40,825 - ERROR - [The Hindu] All scrape strategies failed for https://www.thehindu.com/news/national/andhra-pradesh/despite-ban-roosterfight-arenas-being-set-up-for-sankranti-festival/article70486479.ece. Falling back to RSS description.
2026-01-09 02:02:40,828 - INFO - Saved article: Despite ban, roosterfight arenas being set up for Sankranti festival from The Hindu
2026-01-09 02:02:41,995 - INFO - [The Hindu] Article: https://www.thehindu.com/news/national/pm-modi-chairs-roundtable-with-ai-startups-ahead-of-february-summit/article70486782.ece
2026-01-09 02:02:41,995 - INFO - [The Hindu] Attempt 1/1: Trying with 'selenium_browser' strategy...
2026-01-09 02:03:06,994 - CRITICAL - --- TIMEOUT: 1 scrape jobs did not complete in 420s. ---
2026-01-09 02:03:06,994 - ERROR - A thread has timed out and will be abandoned.
2026-01-09 02:03:06,994 - INFO - Shutting down thread pool (wait=False)...
2026-01-09 02:03:06,994 - INFO - Scraped: 14 The Guardian, 12 BBC, 19 Times of India, 1 Timed_Out_Jobs articles. (Total saved: 45)
2026-01-09 02:03:06,994 - INFO - --- Scraping job finished ---
2026-01-09 02:03:06,994 - INFO - --- Scraper service stopped and database connection closed. ---
2026-01-09 02:03:06,994 - INFO - --- Main thread finished. Forcing process exit to kill zombie threads. ---
