2025-11-20 01:43:16,303 - INFO - Initializing database connection at: news_articles.db
2025-11-20 01:43:16,303 - INFO - --- Scraper service started (CI Mode: Run Once) ---
2025-11-20 01:43:16,303 - INFO - --- Starting new scraping job (Parallel Mode) ---
2025-11-20 01:43:16,303 - INFO - Creating new robust session with 3 retries on 5xx/connection/read errors.
2025-11-20 01:43:16,304 - INFO - Proxy is DISABLED.
2025-11-20 01:43:16,304 - INFO - Starting scrape for BBC RSS feed: http://feeds.bbci.co.uk/news/world/rss.xml
2025-11-20 01:43:16,304 - INFO - [Times of India] (Thread) requires Selenium. Initializing driver...
2025-11-20 01:43:16,304 - INFO - Initializing headless Selenium Chrome driver (using SeleniumManager)...
2025-11-20 01:43:16,305 - INFO - Starting scrape for The Guardian RSS feed: https://www.theguardian.com/world/rss
2025-11-20 01:43:16,308 - INFO - [The Hindu] (Thread) requires Selenium. Initializing driver...
2025-11-20 01:43:16,308 - INFO - Initializing headless Selenium Chrome driver (using SeleniumManager)...
2025-11-20 01:43:16,308 - INFO - Submitted 4 jobs to thread pool. Waiting up to 300s for completion...
2025-11-20 01:43:16,493 - INFO - Found 30 articles in BBC RSS feed. Processing up to 10.
2025-11-20 01:43:16,493 - INFO - [BBC] Article: https://www.bbc.com/news/articles/cvgdgrqwnq9o?at_medium=RSS&at_campaign=rss
2025-11-20 01:43:16,493 - INFO - [BBC] Attempt 1/1: Trying with 'requests_browser' strategy...
2025-11-20 01:43:16,506 - INFO - Found 45 articles in The Guardian RSS feed. Processing up to 10.
2025-11-20 01:43:16,506 - INFO - [The Guardian] Article: https://www.theguardian.com/global-development/2025/nov/19/new-drug-could-be-breakthrough-killer-tb-tuberculosis-sorfequiline
2025-11-20 01:43:16,506 - INFO - [The Guardian] Attempt 1/1: Trying with 'requests_browser' strategy...
2025-11-20 01:43:16,546 - INFO - [The Guardian] Success with 'requests_browser'. Found content (589 words).
2025-11-20 01:43:16,578 - INFO - Duplicate article skipped: New drug could be a breakthrough in treatment for killer TB, trial suggests | Global health | The Guardian from The Guardian
2025-11-20 01:43:16,715 - INFO - [BBC] Success with 'requests_browser'. Found content (605 words).
2025-11-20 01:43:16,771 - INFO - Saved article: Top US officials in Ukraine for talks on ending war with Russia from BBC
2025-11-20 01:43:17,405 - INFO - [The Guardian] Article: https://www.theguardian.com/environment/2025/nov/18/congo-basin-rainforest-africa-research-funding-aoe
2025-11-20 01:43:17,405 - INFO - [The Guardian] Attempt 1/1: Trying with 'requests_browser' strategy...
2025-11-20 01:43:17,447 - INFO - [The Guardian] Success with 'requests_browser'. Found content (1040 words).
2025-11-20 01:43:17,482 - INFO - [BBC] Article: https://www.bbc.com/news/articles/cx242yj380no?at_medium=RSS&at_campaign=rss
2025-11-20 01:43:17,482 - INFO - [BBC] Attempt 1/1: Trying with 'requests_browser' strategy...
2025-11-20 01:43:17,483 - INFO - Duplicate article skipped: The rainforest the world forgot: the Congo basin is the second largest on Earth, so why is it being neglected? | Global development | The Guardian from The Guardian
2025-11-20 01:43:17,518 - INFO - [BBC] Success with 'requests_browser'. Found content (635 words).
2025-11-20 01:43:17,547 - INFO - Saved article: Turkey set to host COP31 after reaching compromise with Australia from BBC
2025-11-20 01:43:18,468 - INFO - [The Guardian] Article: https://www.theguardian.com/global-development/2025/nov/17/nestle-accused-of-risking-health-of-babies-for-profit-over-added-sugar-in-cereals-sold-in-african-countries
2025-11-20 01:43:18,468 - INFO - [The Guardian] Attempt 1/1: Trying with 'requests_browser' strategy...
2025-11-20 01:43:18,641 - INFO - [BBC] Article: https://www.bbc.com/news/articles/cy0yere4k0zo?at_medium=RSS&at_campaign=rss
2025-11-20 01:43:18,641 - INFO - [BBC] Attempt 1/1: Trying with 'requests_browser' strategy...
2025-11-20 01:43:18,668 - INFO - [The Guardian] Success with 'requests_browser'. Found content (744 words).
2025-11-20 01:43:18,700 - INFO - Duplicate article skipped: Nestlé accused of ‘risking health of babies for profit’ over added sugar in cereals sold in African countries | Global development | The Guardian from The Guardian
2025-11-20 01:43:18,844 - INFO - [BBC] Success with 'requests_browser'. Found content (969 words).
2025-11-20 01:43:18,871 - INFO - Duplicate article skipped: Russian attack on Ternopil kills 26 in one of deadliest strikes on western Ukraine from BBC
2025-11-20 01:43:19,734 - INFO - [The Guardian] Article: https://www.theguardian.com/music/2025/nov/17/nicki-minaj-un-speech-trump-nigeria-christian
2025-11-20 01:43:19,734 - INFO - [The Guardian] Attempt 1/1: Trying with 'requests_browser' strategy...
2025-11-20 01:43:19,765 - INFO - [The Guardian] Success with 'requests_browser'. Found content (512 words).
2025-11-20 01:43:19,796 - INFO - Duplicate article skipped: Nicki Minaj to spotlight plight of Nigerian Christians in UN speech arranged by White House | Nicki Minaj | The Guardian from The Guardian
2025-11-20 01:43:20,038 - INFO - [BBC] Article: https://www.bbc.com/news/articles/c62e27j69q9o?at_medium=RSS&at_campaign=rss
2025-11-20 01:43:20,038 - INFO - [BBC] Attempt 1/1: Trying with 'requests_browser' strategy...
2025-11-20 01:43:20,073 - INFO - [BBC] Success with 'requests_browser'. Found content (625 words).
2025-11-20 01:43:20,103 - INFO - Saved article: Israeli strikes in Gaza kill 25 Palestinians, health ministry says from BBC
2025-11-20 01:43:20,654 - INFO - [The Guardian] Article: https://www.theguardian.com/world/2025/nov/17/eswatini-5-m-dollars-us-deportees
2025-11-20 01:43:20,654 - INFO - [The Guardian] Attempt 1/1: Trying with 'requests_browser' strategy...
2025-11-20 01:43:20,686 - INFO - [The Guardian] Success with 'requests_browser'. Found content (330 words).
2025-11-20 01:43:20,718 - INFO - Duplicate article skipped: Eswatini confirms receiving over $5m from US to accept deportees | Eswatini | The Guardian from The Guardian
2025-11-20 01:43:21,095 - INFO - [BBC] Article: https://www.bbc.com/news/articles/cp3x3909rqvo?at_medium=RSS&at_campaign=rss
2025-11-20 01:43:21,095 - INFO - [BBC] Attempt 1/1: Trying with 'requests_browser' strategy...
2025-11-20 01:43:21,287 - INFO - [BBC] Success with 'requests_browser'. Found content (461 words).
2025-11-20 01:43:21,316 - INFO - Saved article: Dozens go on trial over deadly North Macedonia nightclub fire from BBC
2025-11-20 01:43:21,627 - INFO - [The Guardian] Article: https://www.theguardian.com/environment/live/2025/nov/19/cop30-live-brazilian-president-lula-climate-summit-belem-latest-news-updates
2025-11-20 01:43:21,627 - INFO - [The Guardian] Attempt 1/1: Trying with 'requests_browser' strategy...
2025-11-20 01:43:22,042 - INFO - [The Guardian] Success with 'requests_browser'. Found content (4748 words).
2025-11-20 01:43:22,128 - INFO - Saved article: Cop30 live: Scientists warn countries must act decisively to protect people and life or risk ‘suffering for billions’ – as it happened | Cop30 | The Guardian from The Guardian
2025-11-20 01:43:22,410 - INFO - [BBC] Article: https://www.bbc.com/news/articles/cz6n6j0d3xpo?at_medium=RSS&at_campaign=rss
2025-11-20 01:43:22,410 - INFO - [BBC] Attempt 1/1: Trying with 'requests_browser' strategy...
2025-11-20 01:43:22,449 - INFO - [BBC] Success with 'requests_browser'. Found content (856 words).
2025-11-20 01:43:22,487 - INFO - Saved article: I won't be silenced, says French anti-drugs activist after murders of two brothers from BBC
2025-11-20 01:43:23,164 - INFO - [The Guardian] Article: https://www.theguardian.com/us-news/2025/nov/19/trump-deportations-el-salvador-court
2025-11-20 01:43:23,164 - INFO - [The Guardian] Attempt 1/1: Trying with 'requests_browser' strategy...
2025-11-20 01:43:23,183 - INFO - [BBC] Article: https://www.bbc.com/news/articles/c4gwgd0rjdzo?at_medium=RSS&at_campaign=rss
2025-11-20 01:43:23,183 - INFO - [BBC] Attempt 1/1: Trying with 'requests_browser' strategy...
2025-11-20 01:43:23,199 - INFO - [The Guardian] Success with 'requests_browser'. Found content (381 words).
2025-11-20 01:43:23,266 - INFO - Saved article: Top judge resumes contempt inquiry into Trump El Salvador deportations | US immigration | The Guardian from The Guardian
2025-11-20 01:43:23,281 - INFO - [BBC] Success with 'requests_browser'. Found content (554 words).
2025-11-20 01:43:23,316 - INFO - Saved article: Nord Stream: Italy to extradite pipeline blast suspect to Germany from BBC
2025-11-20 01:43:24,068 - INFO - [BBC] Article: https://www.bbc.com/news/articles/cz919xyx7weo?at_medium=RSS&at_campaign=rss
2025-11-20 01:43:24,068 - INFO - [BBC] Attempt 1/1: Trying with 'requests_browser' strategy...
2025-11-20 01:43:24,105 - INFO - [BBC] Success with 'requests_browser'. Found content (601 words).
2025-11-20 01:43:24,137 - INFO - Saved article: Instagram and Facebook-owner Meta notifies Australian teens of accounts shutdown from BBC
2025-11-20 01:43:24,279 - INFO - [The Guardian] Article: https://www.theguardian.com/world/2025/nov/19/ryan-wedding-olympics-murder-drug-trafficking
2025-11-20 01:43:24,279 - INFO - [The Guardian] Attempt 1/1: Trying with 'requests_browser' strategy...
2025-11-20 01:43:24,310 - INFO - [The Guardian] Success with 'requests_browser'. Found content (474 words).
2025-11-20 01:43:24,343 - INFO - Saved article: US charges ex-Olympic snowboarder turned drug kingpin with murder of witness | Canada | The Guardian from The Guardian
2025-11-20 01:43:24,978 - INFO - [BBC] Article: https://www.bbc.com/news/articles/cge5e1xpgzyo?at_medium=RSS&at_campaign=rss
2025-11-20 01:43:24,978 - INFO - [BBC] Attempt 1/1: Trying with 'requests_browser' strategy...
2025-11-20 01:43:25,312 - INFO - [BBC] Success with 'requests_browser'. Found content (548 words).
2025-11-20 01:43:25,346 - INFO - Saved article: Albanian PM accuses Mahmood of 'ethnic stereotyping' from BBC
2025-11-20 01:43:25,504 - INFO - [The Guardian] Article: https://www.theguardian.com/environment/2025/nov/19/divide-over-fossil-fuels-phaseout-can-be-bridged-cop30-president-says
2025-11-20 01:43:25,504 - INFO - [The Guardian] Attempt 1/1: Trying with 'requests_browser' strategy...
2025-11-20 01:43:25,556 - INFO - [The Guardian] Success with 'requests_browser'. Found content (934 words).
2025-11-20 01:43:25,601 - INFO - Saved article: Divide over fossil fuels phaseout can be bridged, Cop30 president says | Cop30 | The Guardian from The Guardian
2025-11-20 01:43:26,111 - INFO - [BBC] Article: https://www.bbc.com/news/articles/cm2emm4737zo?at_medium=RSS&at_campaign=rss
2025-11-20 01:43:26,111 - INFO - [BBC] Attempt 1/1: Trying with 'requests_browser' strategy...
2025-11-20 01:43:26,622 - INFO - [BBC] Success with 'requests_browser'. Found content (343 words).
2025-11-20 01:43:26,655 - INFO - Duplicate article skipped: Gustav Klimt painting becomes second most expensive artwork sold at auction from BBC
2025-11-20 01:43:26,799 - INFO - Selenium driver initialized successfully.
2025-11-20 01:43:26,799 - INFO - Starting scrape for The Hindu RSS feed: https://www.thehindu.com/news/national/feeder/default.rss
2025-11-20 01:43:26,800 - INFO - Selenium driver initialized successfully.
2025-11-20 01:43:26,800 - INFO - Starting scrape for Times of India RSS feed: https://timesofindia.indiatimes.com/rssfeeds/296589292.cms
2025-11-20 01:43:26,854 - INFO - [The Guardian] Article: https://www.theguardian.com/world/2025/nov/19/argentina-immunisations-childhood-adolescent-plummet
2025-11-20 01:43:26,855 - INFO - [The Guardian] Attempt 1/1: Trying with 'requests_browser' strategy...
2025-11-20 01:43:26,895 - INFO - [The Guardian] Success with 'requests_browser'. Found content (669 words).
2025-11-20 01:43:26,929 - INFO - Duplicate article skipped: Disease fears as Argentina child vaccination rates hit historic lows | Argentina | The Guardian from The Guardian
2025-11-20 01:43:27,005 - INFO - Found 20 articles in Times of India RSS feed. Processing up to 10.
2025-11-20 01:43:27,006 - INFO - [Times of India] Article: https://timesofindia.indiatimes.com/world/us-streamers/candace-owens-drops-explosive-claim-on-charlie-kirks-assassination-with-shocking-twist-about-tyler-robinson-fingerprints/articleshow/125447651.cms
2025-11-20 01:43:27,006 - INFO - [Times of India] Attempt 1/1: Trying with 'selenium_browser' strategy...
2025-11-20 01:43:27,311 - INFO - Found 100 articles in The Hindu RSS feed. Processing up to 10.
2025-11-20 01:43:27,312 - INFO - [The Hindu] Article: https://www.thehindu.com/elections/bihar-assembly/bihar-government-formation-nda-nitish-kumar-swearing-in-cabinet-live-updates-november-20-2025/article70300008.ece
2025-11-20 01:43:27,312 - INFO - [The Hindu] Attempt 1/1: Trying with 'selenium_browser' strategy...
2025-11-20 01:43:38,659 - INFO - [The Hindu] Page content loaded.
2025-11-20 01:43:38,880 - INFO - [The Hindu] Success with 'selenium_browser'. Found content (200 words).
2025-11-20 01:43:39,214 - INFO - Saved article: Bihar government swearing-in LIVE: Nitish Kumar to take oath as CM today - The Hindu from The Hindu
2025-11-20 01:43:40,610 - INFO - [The Hindu] Article: https://www.thehindu.com/news/national/rajasthan/new-department-to-connect-global-rajasthani-diaspora-with-states-progress/article70299798.ece
2025-11-20 01:43:40,610 - INFO - [The Hindu] Attempt 1/1: Trying with 'selenium_browser' strategy...
2025-11-20 01:43:42,993 - INFO - [The Hindu] Page content loaded.
2025-11-20 01:43:43,574 - INFO - [The Hindu] Success with 'selenium_browser'. Found content (395 words).
2025-11-20 01:43:44,001 - INFO - [Times of India] Page content loaded.
2025-11-20 01:43:44,094 - INFO - Saved article: New department to connect global Rajasthani diaspora with State’s progress - The Hindu from The Hindu
2025-11-20 01:43:44,786 - INFO - [The Hindu] Article: https://www.thehindu.com/news/cities/chennai/southern-railwaylaunchesqr-code-grievance-system-to-curb-food-quality-issues/article70298977.ece
2025-11-20 01:43:44,786 - INFO - [The Hindu] Attempt 1/1: Trying with 'selenium_browser' strategy...
2025-11-20 01:43:45,047 - INFO - [Times of India] Success with 'selenium_browser'. Found content (487 words).
2025-11-20 01:43:45,323 - INFO - Saved article: Candace Owens drops explosive claim on Charlie Kirk's assassination with shocking twist about Tyler Robinson fingerprints - The Times of India from Times of India
2025-11-20 01:43:45,916 - INFO - [The Hindu] Page content loaded.
2025-11-20 01:43:45,962 - INFO - [The Hindu] Success with 'selenium_browser'. Found content (297 words).
2025-11-20 01:43:46,012 - INFO - Saved article: Southern Railway launches QR-code grievance system to curb food quality issues - The Hindu from The Hindu
2025-11-20 01:43:46,440 - INFO - [Times of India] Article: https://timesofindia.indiatimes.com/world/us/who-is-tom-steyer-billionaire-climate-crusader-announces-run-for-california-governor/articleshow/125447427.cms
2025-11-20 01:43:46,440 - INFO - [Times of India] Attempt 1/1: Trying with 'selenium_browser' strategy...
2025-11-20 01:43:47,451 - INFO - [The Hindu] Article: https://www.thehindu.com/news/national/bus-tragedy-high-level-indian-delegation-arrives-in-saudi-arabia/article70300786.ece
2025-11-20 01:43:47,451 - INFO - [The Hindu] Attempt 1/1: Trying with 'selenium_browser' strategy...
2025-11-20 01:43:49,233 - INFO - [Times of India] Page content loaded.
2025-11-20 01:43:50,180 - INFO - [Times of India] Success with 'selenium_browser'. Found content (439 words).
2025-11-20 01:43:50,474 - INFO - Saved article: Who is Tom Steyer? Billionaire climate crusader announces run for California governor | World News - The Times of India from Times of India
2025-11-20 01:43:51,298 - INFO - [Times of India] Article: https://timesofindia.indiatimes.com/world/us/who-is-jessica-tisch-nypd-commissioner-with-anti-crime-focus-working-amid-mamdanis-police-reform-plans/articleshow/125447417.cms
2025-11-20 01:43:51,298 - INFO - [Times of India] Attempt 1/1: Trying with 'selenium_browser' strategy...
2025-11-20 01:43:55,398 - INFO - [The Hindu] Page content loaded.
2025-11-20 01:43:55,910 - INFO - [The Hindu] Success with 'selenium_browser'. Found content (303 words).
2025-11-20 01:43:56,335 - INFO - Saved article: Bus tragedy: High-level Indian delegation arrives in Saudi Arabia - The Hindu from The Hindu
2025-11-20 01:43:57,339 - INFO - [The Hindu] Article: https://www.thehindu.com/sci-tech/technology/system-constraints-holding-back-probes-into-cyber-attacks-digital-experts/article70299164.ece
2025-11-20 01:43:57,340 - INFO - [The Hindu] Attempt 1/1: Trying with 'selenium_browser' strategy...
2025-11-20 01:43:59,449 - INFO - [The Hindu] Page content loaded.
2025-11-20 01:43:59,772 - INFO - [The Hindu] Success with 'selenium_browser'. Found content (410 words).
2025-11-20 01:43:59,974 - INFO - Saved article: System constraints holding back probes into cyber attacks: Digital experts - The Hindu from The Hindu
2025-11-20 01:44:00,745 - INFO - [The Hindu] Article: https://www.thehindu.com/news/cities/mumbai/petition-in-bombay-high-court-flags-health-and-safety-risks-at-bmcs-new-pigeon-feeding-site/article70299990.ece
2025-11-20 01:44:00,745 - INFO - [The Hindu] Attempt 1/1: Trying with 'selenium_browser' strategy...
2025-11-20 01:44:04,849 - INFO - [The Hindu] Page content loaded.
2025-11-20 01:44:05,109 - INFO - [The Hindu] Success with 'selenium_browser'. Found content (363 words).
2025-11-20 01:44:05,440 - INFO - Saved article: Petition in Bombay High Court flags health and safety risks at BMC’s new pigeon feeding site - The Hindu from The Hindu
2025-11-20 01:44:06,449 - INFO - [Times of India] Page content loaded.
2025-11-20 01:44:06,548 - INFO - [The Hindu] Article: https://www.thehindu.com/news/national/uttar-pradesh/uttar-pradesh-education-commission-faces-uproar-over-repeated-delays-of-tgt-examination/article70299342.ece
2025-11-20 01:44:06,548 - INFO - [The Hindu] Attempt 1/1: Trying with 'selenium_browser' strategy...
2025-11-20 01:44:07,434 - INFO - [Times of India] Success with 'selenium_browser'. Found content (483 words).
2025-11-20 01:44:08,001 - INFO - Saved article: Who is Jessica Tisch? NYPD commissioner with anti-crime focus working amid Mamdani’s police reform plans - The Times of India from Times of India
2025-11-20 01:44:08,634 - INFO - [Times of India] Article: https://timesofindia.indiatimes.com/world/us-streamers/asmongold-defends-xqcs-just-chatting-nomination-as-hasan-calls-out-awards-snub/articleshow/125446884.cms
2025-11-20 01:44:08,634 - INFO - [Times of India] Attempt 1/1: Trying with 'selenium_browser' strategy...
2025-11-20 01:44:09,189 - INFO - [The Hindu] Page content loaded.
2025-11-20 01:44:09,552 - INFO - [The Hindu] Success with 'selenium_browser'. Found content (403 words).
2025-11-20 01:44:10,097 - INFO - Saved article: Uttar Pradesh Education Commission faces uproar over repeated delays of TGT examination - The Hindu from The Hindu
2025-11-20 01:44:10,696 - INFO - [The Hindu] Article: https://www.thehindu.com/news/cities/mumbai/shia-community-representatives-demand-ticket-in-bmc-election-or-will-vote-nota/article70299312.ece
2025-11-20 01:44:10,696 - INFO - [The Hindu] Attempt 1/1: Trying with 'selenium_browser' strategy...
2025-11-20 01:44:19,319 - INFO - [The Hindu] Page content loaded.
2025-11-20 01:44:19,735 - INFO - [The Hindu] Success with 'selenium_browser'. Found content (294 words).
2025-11-20 01:44:20,025 - INFO - Saved article: Shia community representatives demand ticket in BMC election or will vote NOTA - The Hindu from The Hindu
2025-11-20 01:44:20,948 - WARNING - [Times of India] Page timed out (10s). No <p> tags found. Proceeding anyway.
2025-11-20 01:44:21,115 - INFO - [Times of India] Success with 'selenium_browser'. Found content (401 words).
2025-11-20 01:44:21,193 - INFO - Saved article: Asmongold defends xQc’s ‘just chatting’ nomination as Hasan calls out awards snub - The Times of India from Times of India
2025-11-20 01:44:21,465 - INFO - [The Hindu] Article: https://www.thehindu.com/news/national/the-hindu-journalists-win-laadli-awards-for-gender-sensitive-reportage/article70300269.ece
2025-11-20 01:44:21,466 - INFO - [The Hindu] Attempt 1/1: Trying with 'selenium_browser' strategy...
2025-11-20 01:44:22,077 - INFO - [Times of India] Article: https://timesofindia.indiatimes.com/world/us/trump-dislikes-muslims-except-billionaires-bernie-sanders-attacks-us-president-over-saudi-crown-prince-meeting/articleshow/125446499.cms
2025-11-20 01:44:22,077 - INFO - [Times of India] Attempt 1/1: Trying with 'selenium_browser' strategy...
2025-11-20 01:44:22,837 - INFO - [The Hindu] Page content loaded.
2025-11-20 01:44:23,196 - INFO - [The Hindu] Success with 'selenium_browser'. Found content (227 words).
2025-11-20 01:44:23,470 - INFO - Saved article: The Hindu journalists win Laadli awards for gender-sensitive reportage - The Hindu from The Hindu
2025-11-20 01:44:24,014 - INFO - [Times of India] Page content loaded.
2025-11-20 01:44:24,212 - INFO - [Times of India] Success with 'selenium_browser'. Found content (293 words).
2025-11-20 01:44:24,324 - INFO - [The Hindu] Article: https://www.thehindu.com/news/national/kerala/man-held-for-allegedly-killing-friend/article70300201.ece
2025-11-20 01:44:24,324 - INFO - [The Hindu] Attempt 1/1: Trying with 'selenium_browser' strategy...
2025-11-20 01:44:24,368 - INFO - Saved article: ‘Trump dislikes Muslims, except billionaires’: Bernie Sanders attacks US President over Saudi Crown Prince meeting - The Times of India from Times of India
2025-11-20 01:44:25,576 - INFO - [Times of India] Article: https://timesofindia.indiatimes.com/world/us/new-york-gridlock-alert-these-are-the-dates-when-traffic-will-be-at-its-worst-in-2025/articleshow/125446286.cms
2025-11-20 01:44:25,576 - INFO - [Times of India] Attempt 1/1: Trying with 'selenium_browser' strategy...
2025-11-20 01:44:28,221 - INFO - [The Hindu] Page content loaded.
2025-11-20 01:44:28,889 - INFO - [The Hindu] Success with 'selenium_browser'. Found content (90 words).
2025-11-20 01:44:29,197 - INFO - Saved article: Man held for allegedly killing friend - The Hindu from The Hindu
2025-11-20 01:44:29,967 - INFO - [The Hindu] (Thread) Finished. Attempting to shut down its Selenium driver.
2025-11-20 01:44:30,336 - INFO - [The Hindu] (Thread) driver.quit() successful.
2025-11-20 01:44:31,698 - INFO - [Times of India] Page content loaded.
2025-11-20 01:44:31,892 - INFO - [Times of India] Success with 'selenium_browser'. Found content (403 words).
2025-11-20 01:44:31,965 - INFO - Saved article: New York gridlock alert: These are the dates when traffic will be at its worst in 2025 | World News - The Times of India from Times of India
2025-11-20 01:44:32,507 - INFO - [Times of India] Article: https://timesofindia.indiatimes.com/world/us-streamers/fact-check-did-donald-trump-make-post-about-fortnite-friday-streamer-awards-2025-the-truth-behind-the-viral-claim/articleshow/125445862.cms
2025-11-20 01:44:32,507 - INFO - [Times of India] Attempt 1/1: Trying with 'selenium_browser' strategy...
2025-11-20 01:44:33,722 - INFO - [Times of India] Page content loaded.
2025-11-20 01:44:33,922 - INFO - [Times of India] Success with 'selenium_browser'. Found content (405 words).
2025-11-20 01:44:34,066 - INFO - Saved article: Fact Check: Did Donald Trump make post about Fortnite Friday Streamer Awards 2025? The truth behind viral claim - The Times of India from Times of India
2025-11-20 01:44:34,575 - INFO - [Times of India] Article: https://timesofindia.indiatimes.com/world/us-streamers/n3on-gets-flagged-for-lying-about-liking-black-people-in-wild-moment-with-adin-ross-and-tekashi-6ix9ine/articleshow/125445742.cms
2025-11-20 01:44:34,575 - INFO - [Times of India] Attempt 1/1: Trying with 'selenium_browser' strategy...
2025-11-20 01:46:42,465 - ERROR - [Times of India] Request failed for strategy 'selenium_browser' on URL https://timesofindia.indiatimes.com/world/us-streamers/n3on-gets-flagged-for-lying-about-liking-black-people-in-wild-moment-with-adin-ross-and-tekashi-6ix9ine/articleshow/125445742.cms: HTTPConnectionPool(host='localhost', port=52559): Read timed out. (read timeout=120)
2025-11-20 01:46:42,465 - ERROR - [Times of India] All scrape strategies failed for https://timesofindia.indiatimes.com/world/us-streamers/n3on-gets-flagged-for-lying-about-liking-black-people-in-wild-moment-with-adin-ross-and-tekashi-6ix9ine/articleshow/125445742.cms. Falling back to RSS description.
2025-11-20 01:46:42,467 - INFO - Saved article: N3on gets flagged for lying about liking Black people in wild moment with Adin Ross and Tekashi 6ix9ine from Times of India
2025-11-20 01:46:43,028 - INFO - [Times of India] Article: https://timesofindia.indiatimes.com/world/us/row-erupts-over-elon-musk-having-dinner-at-white-house-hanging-out-with-trump-after-claiming-he-was-in-epstein-files/articleshow/125445033.cms
2025-11-20 01:46:43,028 - INFO - [Times of India] Attempt 1/1: Trying with 'selenium_browser' strategy...
2025-11-20 01:48:16,308 - CRITICAL - --- TIMEOUT: 1 scrape jobs did not complete in 300s. ---
2025-11-20 01:48:16,308 - ERROR - A thread has timed out and will be abandoned.
2025-11-20 01:48:16,308 - INFO - Shutting down thread pool (wait=False)...
2025-11-20 01:48:16,309 - INFO - Scraped: 8 BBC, 4 The Guardian, 10 The Hindu, 1 Timed_Out_Jobs articles. (Total saved: 22)
2025-11-20 01:48:16,309 - INFO - --- Scraping job finished ---
2025-11-20 01:48:16,309 - INFO - --- Scraper service stopped and database connection closed. ---
2025-11-20 01:48:16,309 - INFO - --- Main thread finished. Forcing process exit to kill zombie threads. ---
