2026-04-03 13:09:25,681 - INFO - Initializing database connection at: news_articles.db
2026-04-03 13:09:25,681 - INFO - --- Scraper service started (CI Mode: Run Once) ---
2026-04-03 13:09:25,681 - INFO - --- Starting new scraping job (Parallel Mode) ---
2026-04-03 13:09:25,681 - INFO - Creating new robust session with 3 retries on 5xx/connection/read errors.
2026-04-03 13:09:25,681 - INFO - Proxy is DISABLED.
2026-04-03 13:09:25,681 - INFO - Starting scrape for BBC RSS feed: http://feeds.bbci.co.uk/news/world/rss.xml
2026-04-03 13:09:25,682 - INFO - [Times of India] (Thread) requires Selenium. Initializing driver...
2026-04-03 13:09:25,682 - INFO - Initializing headless Selenium Chrome driver (using SeleniumManager)...
2026-04-03 13:09:25,682 - INFO - Starting scrape for The Guardian RSS feed: https://www.theguardian.com/world/rss
2026-04-03 13:09:25,683 - INFO - [The Hindu] (Thread) requires Selenium. Initializing driver...
2026-04-03 13:09:25,683 - INFO - Initializing headless Selenium Chrome driver (using SeleniumManager)...
2026-04-03 13:09:25,683 - INFO - Submitted 4 jobs to thread pool. Waiting up to 420s for completion...
2026-04-03 13:09:25,797 - INFO - Found 45 articles in The Guardian RSS feed. Processing up to 25.
2026-04-03 13:09:25,797 - INFO - [The Guardian] Article: https://www.theguardian.com/world/2026/apr/03/people-burkina-faso-should-forget-about-democracy-military-ruler-ibrahim-traore
2026-04-03 13:09:25,798 - INFO - [The Guardian] Attempt 1/1: Trying with 'requests_browser' strategy...
2026-04-03 13:09:25,869 - INFO - [The Guardian] Success with 'requests_browser'. Found content (340 words).
2026-04-03 13:09:25,909 - INFO - Saved article: People of Burkina Faso should forget about democracy, says military ruler | Burkina Faso | The Guardian from The Guardian
2026-04-03 13:09:25,953 - INFO - Found 24 articles in BBC RSS feed. Processing up to 25.
2026-04-03 13:09:25,953 - INFO - [BBC] Article: https://www.bbc.com/news/articles/c937g7nd5x4o?at_medium=RSS&at_campaign=rss
2026-04-03 13:09:25,953 - INFO - [BBC] Attempt 1/1: Trying with 'requests_browser' strategy...
2026-04-03 13:09:26,226 - INFO - [BBC] Success with 'requests_browser'. Found content (713 words).
2026-04-03 13:09:26,290 - INFO - Saved article: Artemis II blasts closer to the far side of the Moon from BBC
2026-04-03 13:09:26,870 - INFO - [BBC] Article: https://www.bbc.com/news/videos/crl10127elgo?at_medium=RSS&at_campaign=rss
2026-04-03 13:09:26,870 - INFO - [BBC] Attempt 1/1: Trying with 'requests_browser' strategy...
2026-04-03 13:09:26,918 - INFO - [BBC] Success with 'requests_browser'. Found content (82 words).
2026-04-03 13:09:26,963 - INFO - Saved article: 'Trust us, you look amazing': Artemis II astronauts speak from space from BBC
2026-04-03 13:09:27,122 - INFO - [The Guardian] Article: https://www.theguardian.com/us-news/2026/apr/02/uganda-receives-first-us-deportation-flight-under-third-country-agreement
2026-04-03 13:09:27,122 - INFO - [The Guardian] Attempt 1/1: Trying with 'requests_browser' strategy...
2026-04-03 13:09:27,180 - INFO - [The Guardian] Success with 'requests_browser'. Found content (537 words).
2026-04-03 13:09:27,216 - INFO - Duplicate article skipped: Uganda receives first US deportation flight under third-country agreement | US immigration | The Guardian from The Guardian
2026-04-03 13:09:27,691 - INFO - [BBC] Article: https://www.bbc.com/news/articles/ce843ge47z4o?at_medium=RSS&at_campaign=rss
2026-04-03 13:09:27,691 - INFO - [BBC] Attempt 1/1: Trying with 'requests_browser' strategy...
2026-04-03 13:09:27,729 - INFO - [BBC] Success with 'requests_browser'. Found content (1110 words).
2026-04-03 13:09:27,773 - INFO - Duplicate article skipped: Trump removes US Attorney General Pam Bondi from BBC
2026-04-03 13:09:28,675 - INFO - [The Guardian] Article: https://www.theguardian.com/us-news/2026/mar/30/ilhan-omar-false-reports-somaliland
2026-04-03 13:09:28,676 - INFO - [The Guardian] Attempt 1/1: Trying with 'requests_browser' strategy...
2026-04-03 13:09:28,735 - INFO - [The Guardian] Success with 'requests_browser'. Found content (684 words).
2026-04-03 13:09:28,769 - INFO - Duplicate article skipped: News outlets falsely report Somaliland called for extradition of Ilhan Omar | Ilhan Omar | The Guardian from The Guardian
2026-04-03 13:09:29,126 - INFO - [BBC] Article: https://www.bbc.com/news/articles/cwyjekvwww0o?at_medium=RSS&at_campaign=rss
2026-04-03 13:09:29,126 - INFO - [BBC] Attempt 1/1: Trying with 'requests_browser' strategy...
2026-04-03 13:09:29,165 - INFO - [BBC] Success with 'requests_browser'. Found content (498 words).
2026-04-03 13:09:29,214 - INFO - Saved article: France's Muslim gathering ban overturned by courts from BBC
2026-04-03 13:09:30,049 - INFO - [The Guardian] Article: https://www.theguardian.com/football/2026/mar/30/congo-brazzaville-jean-guy-blaise-mayolas-fifa-interpol-arrest-warrant
2026-04-03 13:09:30,049 - INFO - [The Guardian] Attempt 1/1: Trying with 'requests_browser' strategy...
2026-04-03 13:09:30,113 - INFO - [The Guardian] Success with 'requests_browser'. Found content (432 words).
2026-04-03 13:09:30,150 - INFO - Duplicate article skipped: Interpol arrest warrant requested in Congo-Brazzaville for Jean-Guy Blaise Mayolas | Soccer | The Guardian from The Guardian
2026-04-03 13:09:30,694 - INFO - [BBC] Article: https://www.bbc.com/news/articles/cwy3r3w4zl8o?at_medium=RSS&at_campaign=rss
2026-04-03 13:09:30,694 - INFO - [BBC] Attempt 1/1: Trying with 'requests_browser' strategy...
2026-04-03 13:09:30,722 - INFO - [BBC] Success with 'requests_browser'. Found content (258 words).
2026-04-03 13:09:30,763 - INFO - Saved article: Cuba to release more than 2,000 prisoners, as pressure from US mounts from BBC
2026-04-03 13:09:31,420 - INFO - [BBC] Article: https://www.bbc.com/news/articles/c3ex59yy4j2o?at_medium=RSS&at_campaign=rss
2026-04-03 13:09:31,420 - INFO - [BBC] Attempt 1/1: Trying with 'requests_browser' strategy...
2026-04-03 13:09:31,461 - INFO - [BBC] Success with 'requests_browser'. Found content (693 words).
2026-04-03 13:09:31,504 - INFO - Duplicate article skipped: Judge dismisses most of Blake Lively claims in harassment suit against Baldoni from BBC
2026-04-03 13:09:31,616 - INFO - [The Guardian] Article: https://www.theguardian.com/environment/2026/mar/30/weather-tracker-thunderstorms-uae-united-arab-emirates-saudi-arabia
2026-04-03 13:09:31,616 - INFO - [The Guardian] Attempt 1/1: Trying with 'requests_browser' strategy...
2026-04-03 13:09:31,678 - INFO - [The Guardian] Success with 'requests_browser'. Found content (313 words).
2026-04-03 13:09:31,716 - INFO - Duplicate article skipped: Weather tracker: Thunderstorms drench UAE and Saudi Arabia | Environment | The Guardian from The Guardian
2026-04-03 13:09:32,262 - INFO - [BBC] Article: https://www.bbc.com/news/articles/cly0zp1xgz3o?at_medium=RSS&at_campaign=rss
2026-04-03 13:09:32,262 - INFO - [BBC] Attempt 1/1: Trying with 'requests_browser' strategy...
2026-04-03 13:09:32,299 - INFO - [BBC] Success with 'requests_browser'. Found content (633 words).
2026-04-03 13:09:32,320 - INFO - [The Guardian] Article: https://www.theguardian.com/world/2026/apr/03/cuba-to-release-pardon-prisoners-us-fuel-blockade
2026-04-03 13:09:32,325 - INFO - [The Guardian] Attempt 1/1: Trying with 'requests_browser' strategy...
2026-04-03 13:09:32,344 - INFO - Saved article: Captain Ibrahim Traoré says Burkina Faso must 'forget' about democracy from BBC
2026-04-03 13:09:32,458 - INFO - [The Guardian] Success with 'requests_browser'. Found content (526 words).
2026-04-03 13:09:32,497 - INFO - Saved article: Cuba to pardon more than 2,000 prisoners as US eases fuel blockade | Cuba | The Guardian from The Guardian
2026-04-03 13:09:33,107 - INFO - [BBC] Article: https://www.bbc.com/news/articles/cn8d63v058zo?at_medium=RSS&at_campaign=rss
2026-04-03 13:09:33,107 - INFO - [BBC] Attempt 1/1: Trying with 'requests_browser' strategy...
2026-04-03 13:09:33,136 - INFO - [BBC] Success with 'requests_browser'. Found content (358 words).
2026-04-03 13:09:33,211 - INFO - Duplicate article skipped: Hegseth asks US Army Chief of Staff Gen Randy George to step down from BBC
2026-04-03 13:09:33,977 - INFO - [The Guardian] Article: https://www.theguardian.com/world/2026/apr/03/canadian-ice-detention-mother-daughter-tania-warner-released
2026-04-03 13:09:33,977 - INFO - [The Guardian] Attempt 1/1: Trying with 'requests_browser' strategy...
2026-04-03 13:09:34,036 - INFO - [The Guardian] Success with 'requests_browser'. Found content (585 words).
2026-04-03 13:09:34,073 - INFO - Saved article: Canadian woman held with daughter by ICE is released after nearly three weeks of detention | Canada | The Guardian from The Guardian
2026-04-03 13:09:34,597 - INFO - [BBC] Article: https://www.bbc.com/news/articles/cy91x2n29nlo?at_medium=RSS&at_campaign=rss
2026-04-03 13:09:34,597 - INFO - [BBC] Attempt 1/1: Trying with 'requests_browser' strategy...
2026-04-03 13:09:34,633 - INFO - [BBC] Success with 'requests_browser'. Found content (702 words).
2026-04-03 13:09:34,677 - INFO - Saved article: Iran war: International law experts allege violations in Iran war from BBC
2026-04-03 13:09:34,882 - INFO - [The Guardian] Article: https://www.theguardian.com/world/2026/apr/02/maple-syrup-scam-quebec-canada
2026-04-03 13:09:34,882 - INFO - [The Guardian] Attempt 1/1: Trying with 'requests_browser' strategy...
2026-04-03 13:09:34,938 - INFO - [The Guardian] Success with 'requests_browser'. Found content (577 words).
2026-04-03 13:09:34,974 - INFO - Duplicate article skipped: Alleged maple syrup scam in Quebec uncovered by Canadian broadcaster | Quebec | The Guardian from The Guardian
2026-04-03 13:09:35,873 - INFO - [BBC] Article: https://www.bbc.com/news/articles/c1782nk0018o?at_medium=RSS&at_campaign=rss
2026-04-03 13:09:35,873 - INFO - [BBC] Attempt 1/1: Trying with 'requests_browser' strategy...
2026-04-03 13:09:35,912 - INFO - [BBC] Success with 'requests_browser'. Found content (1353 words).
2026-04-03 13:09:35,978 - INFO - Duplicate article skipped: Min Aung Hlaing: Myanmar's coup leader becomes president from BBC
2026-04-03 13:09:36,165 - INFO - [The Guardian] Article: https://www.theguardian.com/us-news/2026/apr/02/trump-costa-rica-deported-migrants-deal
2026-04-03 13:09:36,165 - INFO - [The Guardian] Attempt 1/1: Trying with 'requests_browser' strategy...
2026-04-03 13:09:36,238 - INFO - [The Guardian] Success with 'requests_browser'. Found content (1171 words).
2026-04-03 13:09:36,275 - INFO - Duplicate article skipped: Costa Rica strikes deal to accept third country deportees from US | US immigration | The Guardian from The Guardian
2026-04-03 13:09:36,384 - INFO - Selenium driver initialized successfully.
2026-04-03 13:09:36,384 - INFO - Starting scrape for Times of India RSS feed: https://timesofindia.indiatimes.com/rssfeeds/296589292.cms
2026-04-03 13:09:36,385 - INFO - Selenium driver initialized successfully.
2026-04-03 13:09:36,385 - INFO - Starting scrape for The Hindu RSS feed: https://www.thehindu.com/news/national/feeder/default.rss
2026-04-03 13:09:36,568 - INFO - Found 60 articles in The Hindu RSS feed. Processing up to 25.
2026-04-03 13:09:36,568 - INFO - Found 20 articles in Times of India RSS feed. Processing up to 25.
2026-04-03 13:09:36,569 - INFO - [The Hindu] Article: https://www.thehindu.com/news/cities/Hyderabad/lpg-cylinder-could-hit-food-distribution-for-poor-in-hyderabad-donor-running-out-of-cylinders/article70726780.ece
2026-04-03 13:09:36,569 - INFO - [Times of India] Article: https://timesofindia.indiatimes.com/world/middle-east/five-indians-among-12-injured-by-iranian-missile-debris-in-abu-dhabi/articleshow/130001477.cms
2026-04-03 13:09:36,569 - INFO - [The Hindu] Attempt 1/1: Trying with 'selenium_browser' strategy...
2026-04-03 13:09:36,569 - INFO - [Times of India] Attempt 1/1: Trying with 'selenium_browser' strategy...
2026-04-03 13:09:37,245 - INFO - [BBC] Article: https://www.bbc.com/news/articles/cevk0e4ykwko?at_medium=RSS&at_campaign=rss
2026-04-03 13:09:37,245 - INFO - [BBC] Attempt 1/1: Trying with 'requests_browser' strategy...
2026-04-03 13:09:37,309 - INFO - [BBC] Success with 'requests_browser'. Found content (726 words).
2026-04-03 13:09:37,387 - INFO - Duplicate article skipped: 'Be serious... don't speak every day': Macron criticises Trump approach to Iran war from BBC
2026-04-03 13:09:37,683 - INFO - [The Guardian] Article: https://www.theguardian.com/world/2026/apr/02/us-lifts-sanctions-on-venezuela-acting-president-delcy-rodriguez
2026-04-03 13:09:37,683 - INFO - [The Guardian] Attempt 1/1: Trying with 'requests_browser' strategy...
2026-04-03 13:09:37,763 - INFO - [The Guardian] Success with 'requests_browser'. Found content (484 words).
2026-04-03 13:09:37,831 - INFO - Duplicate article skipped: US lifts sanctions on Venezuela’s acting president Delcy Rodríguez | Venezuela | The Guardian from The Guardian
2026-04-03 13:09:37,996 - INFO - [BBC] Article: https://www.bbc.com/news/articles/c5ywqky5dd7o?at_medium=RSS&at_campaign=rss
2026-04-03 13:09:37,996 - INFO - [BBC] Attempt 1/1: Trying with 'requests_browser' strategy...
2026-04-03 13:09:38,068 - INFO - [BBC] Success with 'requests_browser'. Found content (897 words).
2026-04-03 13:09:38,163 - INFO - Duplicate article skipped: Iran war could make beer and bottled water pricier for Indians from BBC
2026-04-03 13:09:38,675 - INFO - [The Guardian] Article: https://www.theguardian.com/world/2026/apr/03/asia-fuel-crisis-iran-war-ordinary-workers
2026-04-03 13:09:38,676 - INFO - [The Guardian] Attempt 1/1: Trying with 'requests_browser' strategy...
2026-04-03 13:09:39,210 - INFO - [BBC] Article: https://www.bbc.com/news/articles/cdj7xye8knxo?at_medium=RSS&at_campaign=rss
2026-04-03 13:09:39,211 - INFO - [BBC] Attempt 1/1: Trying with 'requests_browser' strategy...
2026-04-03 13:09:39,497 - INFO - [The Guardian] Success with 'requests_browser'. Found content (2284 words).
2026-04-03 13:09:39,585 - INFO - [BBC] Success with 'requests_browser'. Found content (893 words).
2026-04-03 13:09:39,876 - INFO - Saved article: A day in the life of Asia’s fuel crisis | US-Israel war on Iran | The Guardian from The Guardian
2026-04-03 13:09:40,080 - INFO - Duplicate article skipped: Iranian Nobel laureate suffered suspected heart attack in prison, family says from BBC
2026-04-03 13:09:40,730 - INFO - [The Guardian] Article: https://www.theguardian.com/world/2026/apr/02/magnitude-78-earthquake-strikes-in-indonesia-sparking-tsunami-alert
2026-04-03 13:09:40,730 - INFO - [The Guardian] Attempt 1/1: Trying with 'requests_browser' strategy...
2026-04-03 13:09:40,932 - INFO - [The Guardian] Success with 'requests_browser'. Found content (615 words).
2026-04-03 13:09:41,176 - INFO - Duplicate article skipped: One killed and buildings damaged as magnitude 7.4 earthquake strikes Indonesia | Earthquakes | The Guardian from The Guardian
2026-04-03 13:09:41,291 - INFO - [BBC] Article: https://www.bbc.com/news/articles/cq8wzkyxyyyo?at_medium=RSS&at_campaign=rss
2026-04-03 13:09:41,291 - INFO - [BBC] Attempt 1/1: Trying with 'requests_browser' strategy...
2026-04-03 13:09:41,645 - INFO - [BBC] Success with 'requests_browser'. Found content (1310 words).
2026-04-03 13:09:42,337 - INFO - Duplicate article skipped: Arlo Parks: 'I got out of my head and into my body' from BBC
2026-04-03 13:09:42,652 - INFO - [The Guardian] Article: https://www.theguardian.com/world/2026/apr/02/new-zealand-cook-islands-defense
2026-04-03 13:09:42,652 - INFO - [The Guardian] Attempt 1/1: Trying with 'requests_browser' strategy...
2026-04-03 13:09:42,879 - INFO - [The Guardian] Success with 'requests_browser'. Found content (498 words).
2026-04-03 13:09:43,105 - INFO - Duplicate article skipped: New Zealand signs defence pact with Cook Islands after quarrel over China deal | New Zealand | The Guardian from The Guardian
2026-04-03 13:09:43,339 - INFO - [BBC] Article: https://www.bbc.com/news/articles/cp86mrj40e2o?at_medium=RSS&at_campaign=rss
2026-04-03 13:09:43,339 - INFO - [BBC] Attempt 1/1: Trying with 'requests_browser' strategy...
2026-04-03 13:09:43,458 - INFO - [BBC] Success with 'requests_browser'. Found content (611 words).
2026-04-03 13:09:43,631 - INFO - Saved article: 'This has got me worried': Iranians fear what comes next after US strike on Karaj bridge from BBC
2026-04-03 13:09:43,779 - INFO - [The Guardian] Article: https://www.theguardian.com/technology/2026/apr/01/system-malfunction-causes-robotaxis-to-stall-in-the-middle-of-the-road-in-china
2026-04-03 13:09:43,779 - INFO - [The Guardian] Attempt 1/1: Trying with 'requests_browser' strategy...
2026-04-03 13:09:43,943 - INFO - [The Guardian] Success with 'requests_browser'. Found content (397 words).
2026-04-03 13:09:44,083 - INFO - Duplicate article skipped: ‘System malfunction’ causes robotaxis to stall in the middle of the road in China | Self-driving cars | The Guardian from The Guardian
2026-04-03 13:09:44,478 - INFO - [BBC] Article: https://www.bbc.com/news/articles/clye2e85dwjo?at_medium=RSS&at_campaign=rss
2026-04-03 13:09:44,478 - INFO - [BBC] Attempt 1/1: Trying with 'requests_browser' strategy...
2026-04-03 13:09:44,602 - INFO - [BBC] Success with 'requests_browser'. Found content (319 words).
2026-04-03 13:09:44,718 - INFO - [The Hindu] Page content loaded.
2026-04-03 13:09:44,743 - INFO - [The Guardian] Article: https://www.theguardian.com/world/2026/apr/01/iran-energy-crisis-asia-dirty-fuels-coal
2026-04-03 13:09:44,743 - INFO - [The Guardian] Attempt 1/1: Trying with 'requests_browser' strategy...
2026-04-03 13:09:44,762 - INFO - Saved article: Who is Christopher LaNeve, set to lead the US army? from BBC
2026-04-03 13:09:44,909 - INFO - [The Guardian] Success with 'requests_browser'. Found content (799 words).
2026-04-03 13:09:45,042 - INFO - Duplicate article skipped: Asia ramps up use of dirty fuels to cover energy shortfall triggered by Iran war | US-Israel war on Iran | The Guardian from The Guardian
2026-04-03 13:09:45,650 - INFO - [The Hindu] Success with 'selenium_browser'. Found content (110 words).
2026-04-03 13:09:46,042 - INFO - Saved article: Hyderabad food donor running out of cylinders; LPG supply issues could hit food distribution for poor - The Hindu from The Hindu
2026-04-03 13:09:46,237 - INFO - [BBC] Article: https://www.bbc.com/news/articles/c4g4e6z9960o?at_medium=RSS&at_campaign=rss
2026-04-03 13:09:46,237 - INFO - [BBC] Attempt 1/1: Trying with 'requests_browser' strategy...
2026-04-03 13:09:46,340 - INFO - [The Guardian] Article: https://www.theguardian.com/business/2026/apr/03/australia-says-it-wont-raise-drug-prices-after-trumps-100-tariff-on-pharmaceuticals-imported-into-us
2026-04-03 13:09:46,340 - INFO - [The Guardian] Attempt 1/1: Trying with 'requests_browser' strategy...
2026-04-03 13:09:46,433 - INFO - [BBC] Success with 'requests_browser'. Found content (900 words).
2026-04-03 13:09:46,623 - INFO - Saved article: When will the Iran war end? Tracing the Trump administration's timelines from BBC
2026-04-03 13:09:46,672 - INFO - [The Guardian] Success with 'requests_browser'. Found content (686 words).
2026-04-03 13:09:46,883 - INFO - Duplicate article skipped: Australia says it won’t raise drug prices after Trump’s 100% tariff on pharmaceuticals imported into US | Tariffs | The Guardian from The Guardian
2026-04-03 13:09:47,365 - INFO - [The Hindu] Article: https://www.thehindu.com/news/national/karnataka/kalaburagi-student-drowns-while-swimming-in-river/article70819646.ece
2026-04-03 13:09:47,365 - INFO - [The Hindu] Attempt 1/1: Trying with 'selenium_browser' strategy...
2026-04-03 13:09:47,412 - INFO - [BBC] Article: https://www.bbc.com/news/articles/cvg58ydn4jpo?at_medium=RSS&at_campaign=rss
2026-04-03 13:09:47,412 - INFO - [BBC] Attempt 1/1: Trying with 'requests_browser' strategy...
2026-04-03 13:09:47,645 - INFO - [BBC] Success with 'requests_browser'. Found content (1226 words).
2026-04-03 13:09:47,724 - INFO - [The Guardian] Article: https://www.theguardian.com/australia-news/2026/apr/02/easter-weather-forecast-australia-bom
2026-04-03 13:09:47,724 - INFO - [The Guardian] Attempt 1/1: Trying with 'requests_browser' strategy...
2026-04-03 13:09:47,852 - INFO - [The Guardian] Success with 'requests_browser'. Found content (507 words).
2026-04-03 13:09:48,140 - INFO - Saved article: Cardiff lecturer interviews 160 Bigfoot hunters over three years from BBC
2026-04-03 13:09:48,142 - INFO - Duplicate article skipped: Calm weather forecast for most of Australia over Easter weekend while BoM watches for possible cyclone | Australia weather | The Guardian from The Guardian
2026-04-03 13:09:49,009 - INFO - [BBC] Article: https://www.bbc.com/news/videos/c747w0zejzmo?at_medium=RSS&at_campaign=rss
2026-04-03 13:09:49,010 - INFO - [BBC] Attempt 1/1: Trying with 'requests_browser' strategy...
2026-04-03 13:09:49,118 - INFO - [BBC] Success with 'requests_browser'. Found content (91 words).
2026-04-03 13:09:49,125 - INFO - [The Guardian] Article: https://www.theguardian.com/australia-news/2026/apr/03/two-nsw-teenagers-charged-over-violent-extremist-material-allegedly-linked-to-terror-ntwnfb
2026-04-03 13:09:49,125 - INFO - [The Guardian] Attempt 1/1: Trying with 'requests_browser' strategy...
2026-04-03 13:09:49,407 - INFO - [The Guardian] Success with 'requests_browser'. Found content (211 words).
2026-04-03 13:09:49,413 - INFO - Saved article: What to know about Acting Attorney General Todd Blanche from BBC
2026-04-03 13:09:49,529 - INFO - Duplicate article skipped: Two NSW teenagers charged over violent extremist material allegedly linked to terror | New South Wales | The Guardian from The Guardian
2026-04-03 13:09:49,904 - INFO - [The Hindu] Page content loaded.
2026-04-03 13:09:50,104 - INFO - [The Hindu] Success with 'selenium_browser'. Found content (87 words).
2026-04-03 13:09:50,356 - INFO - Saved article: Kalaburagi: Student drowns while swimming in river - The Hindu from The Hindu
2026-04-03 13:09:50,604 - INFO - [BBC] Article: https://www.bbc.com/news/videos/c3w344wyxg5o?at_medium=RSS&at_campaign=rss
2026-04-03 13:09:50,605 - INFO - [BBC] Attempt 1/1: Trying with 'requests_browser' strategy...
2026-04-03 13:09:50,733 - INFO - [BBC] Success with 'requests_browser'. Found content (98 words).
2026-04-03 13:09:50,775 - INFO - [The Guardian] Article: https://www.theguardian.com/australia-news/2026/apr/02/iranian-tourist-ban-doesnt-align-with-the-australian-values-hedieh-signed-up-to-as-a-citizen
2026-04-03 13:09:50,775 - INFO - [The Guardian] Attempt 1/1: Trying with 'requests_browser' strategy...
2026-04-03 13:09:50,855 - INFO - Saved article: Why isn't Artemis II landing on the Moon? from BBC
2026-04-03 13:09:50,899 - INFO - [The Guardian] Success with 'requests_browser'. Found content (765 words).
2026-04-03 13:09:51,021 - INFO - Duplicate article skipped: Iranian tourist ban doesn’t align with the ‘Australian values’ Hedieh signed up to as a citizen | Australian immigration and asylum | The Guardian from The Guardian
2026-04-03 13:09:51,497 - INFO - [BBC] Article: https://www.bbc.com/news/videos/ce8jz0239jxo?at_medium=RSS&at_campaign=rss
2026-04-03 13:09:51,497 - INFO - [BBC] Attempt 1/1: Trying with 'requests_browser' strategy...
2026-04-03 13:09:51,527 - INFO - [The Hindu] Article: https://www.thehindu.com/elections/election-2026-assembly-polls-kerala-puducherry-tamil-nadu-west-bengal-april-3-2026-live-updates/article70818539.ece
2026-04-03 13:09:51,529 - INFO - [The Hindu] Attempt 1/1: Trying with 'selenium_browser' strategy...
2026-04-03 13:09:51,714 - INFO - [BBC] Success with 'requests_browser'. Found content (83 words).
2026-04-03 13:09:51,912 - INFO - Saved article: President Donald Trump's shifting deadlines for ending Iran war from BBC
2026-04-03 13:09:52,518 - INFO - [The Guardian] Article: https://www.theguardian.com/australia-news/2026/apr/03/aged-care-funding-assessment-tool-algorithm
2026-04-03 13:09:52,519 - INFO - [The Guardian] Attempt 1/1: Trying with 'requests_browser' strategy...
2026-04-03 13:09:52,752 - INFO - [The Guardian] Success with 'requests_browser'. Found content (617 words).
2026-04-03 13:09:52,975 - INFO - Duplicate article skipped: ‘Letting the algorithm rip’: no legal basis for lack of human override of aged care funding tool, inquiry hears | Aged care | The Guardian from The Guardian
2026-04-03 13:09:53,043 - INFO - [BBC] Article: https://www.bbc.com/news/videos/c1d9nnqqld0o?at_medium=RSS&at_campaign=rss
2026-04-03 13:09:53,043 - INFO - [BBC] Attempt 1/1: Trying with 'requests_browser' strategy...
2026-04-03 13:09:53,241 - WARNING - [BBC] FAILED with 'requests_browser' (content was too short: 76 words).
2026-04-03 13:09:53,241 - ERROR - [BBC] All scrape strategies failed for https://www.bbc.com/news/videos/c1d9nnqqld0o?at_medium=RSS&at_campaign=rss. Falling back to RSS description.
2026-04-03 13:09:53,246 - INFO - Saved article: Ros Atkins on…the cost of the Iran war from BBC
2026-04-03 13:09:53,612 - INFO - [The Guardian] Article: https://www.theguardian.com/us-news/2026/apr/03/trump-claims-starmer-weak-mocks-pm-uk-aircraft-carriers-iran-war
2026-04-03 13:09:53,612 - INFO - [The Guardian] Attempt 1/1: Trying with 'requests_browser' strategy...
2026-04-03 13:09:53,843 - INFO - [The Guardian] Success with 'requests_browser'. Found content (500 words).
2026-04-03 13:09:54,047 - INFO - Saved article: Trump claims Starmer is weak as he mocks PM and UK aircraft carriers | Donald Trump | The Guardian from The Guardian
2026-04-03 13:09:54,716 - INFO - [BBC] Article: https://www.bbc.com/news/videos/cwydnrmggnno?at_medium=RSS&at_campaign=rss
2026-04-03 13:09:54,716 - INFO - [BBC] Attempt 1/1: Trying with 'requests_browser' strategy...
2026-04-03 13:09:54,934 - INFO - [BBC] Success with 'requests_browser'. Found content (107 words).
2026-04-03 13:09:55,002 - INFO - [The Guardian] Article: https://www.theguardian.com/news/2026/apr/03/storm-erminio-saharan-dust-crete-greece-italy-rain-flooding-afghanistan
2026-04-03 13:09:55,002 - INFO - [The Guardian] Attempt 1/1: Trying with 'requests_browser' strategy...
2026-04-03 13:09:55,125 - INFO - Duplicate article skipped: Watch the moment Artemis II blasts into space on historic mission from BBC
2026-04-03 13:09:55,195 - INFO - [The Guardian] Success with 'requests_browser'. Found content (428 words).
2026-04-03 13:09:55,352 - INFO - Saved article: Storm Erminio lashes much of Greece as Saharan dust blankets Crete | Europe | The Guardian from The Guardian
2026-04-03 13:09:55,677 - INFO - [BBC] Article: https://www.bbc.com/news/videos/c70dxqp0q2do?at_medium=RSS&at_campaign=rss
2026-04-03 13:09:55,678 - INFO - [BBC] Attempt 1/1: Trying with 'requests_browser' strategy...
2026-04-03 13:09:55,771 - INFO - [BBC] Success with 'requests_browser'. Found content (172 words).
2026-04-03 13:09:55,918 - INFO - Duplicate article skipped: Macron calls Trump's remarks on his marriage 'inelegant' from BBC
2026-04-03 13:09:56,666 - INFO - [The Guardian] Article: https://www.theguardian.com/world/2026/apr/03/nuns-who-broke-back-into-their-austrian-convent-are-step-closer-to-being-able-to-stay
2026-04-03 13:09:56,666 - INFO - [The Guardian] Attempt 1/1: Trying with 'requests_browser' strategy...
2026-04-03 13:09:56,763 - INFO - [The Guardian] Success with 'requests_browser'. Found content (761 words).
2026-04-03 13:09:56,871 - INFO - Saved article: Nuns who broke back into their Austrian convent ‘are step closer to being able to stay’ | Austria | The Guardian from The Guardian
2026-04-03 13:09:57,022 - INFO - [The Hindu] Page content loaded.
2026-04-03 13:09:57,260 - INFO - [The Hindu] Success with 'selenium_browser'. Found content (263 words).
2026-04-03 13:09:57,610 - INFO - Saved article: Assembly elections LIVE: PM Modi holds roadshow in Puducherry - The Hindu from The Hindu
2026-04-03 13:09:58,031 - INFO - [The Guardian] Article: https://www.theguardian.com/world/2026/apr/03/ukraine-war-briefing-zelenskyy-expertise-waterways-open-middle-east-conflict
2026-04-03 13:09:58,031 - INFO - [The Guardian] Attempt 1/1: Trying with 'requests_browser' strategy...
2026-04-03 13:09:58,121 - INFO - [The Guardian] Success with 'requests_browser'. Found content (616 words).
2026-04-03 13:09:58,199 - INFO - Duplicate article skipped: Ukraine war briefing: Zelenskyy offers expertise on keeping waterways open amid Middle East conflict | Ukraine | The Guardian from The Guardian
2026-04-03 13:09:58,784 - INFO - [The Hindu] Article: https://www.thehindu.com/news/national/karnataka/karanja-affected-farmers-to-stage-protest-in-bidar-on-april-11/article70816333.ece
2026-04-03 13:09:58,784 - INFO - [The Hindu] Attempt 1/1: Trying with 'selenium_browser' strategy...
2026-04-03 13:09:59,294 - INFO - [The Guardian] Article: https://www.theguardian.com/world/2026/apr/02/you-have-to-be-serious-macron-criticises-trumps-mixed-messages-about-nato-and-iran
2026-04-03 13:09:59,294 - INFO - [The Guardian] Attempt 1/1: Trying with 'requests_browser' strategy...
2026-04-03 13:09:59,522 - INFO - [The Guardian] Success with 'requests_browser'. Found content (1012 words).
2026-04-03 13:09:59,680 - INFO - Duplicate article skipped: ‘You have to be serious’: Macron criticises Trump’s mixed messages about Nato and Iran | Emmanuel Macron | The Guardian from The Guardian
2026-04-03 13:10:00,180 - INFO - [The Hindu] Page content loaded.
2026-04-03 13:10:00,646 - INFO - [The Hindu] Success with 'selenium_browser'. Found content (312 words).
2026-04-03 13:10:00,843 - INFO - Saved article: Karanja-affected farmers to stage protest in Bidar on April 11 - The Hindu from The Hindu
2026-04-03 13:10:01,624 - INFO - [The Hindu] Article: https://www.thehindu.com/news/national/karnataka/programme-to-celebrate-75th-birthday-of-jss-secretary-ajit-prasad-to-be-held-on-april-5/article70816685.ece
2026-04-03 13:10:01,624 - INFO - [The Hindu] Attempt 1/1: Trying with 'selenium_browser' strategy...
2026-04-03 13:10:02,847 - INFO - [The Hindu] Page content loaded.
2026-04-03 13:10:03,345 - INFO - [The Hindu] Success with 'selenium_browser'. Found content (166 words).
2026-04-03 13:10:03,599 - INFO - Saved article: Programme to celebrate 75th birthday of JSS secretary Ajit Prasad to be held on April 5 - The Hindu from The Hindu
2026-04-03 13:10:04,857 - INFO - [The Hindu] Article: https://www.thehindu.com/news/national/karnataka/karnataka-governor-asks-state-government-to-re-examine-switch-from-marks-to-grades-for-third-language-in-sslc/article70819724.ece
2026-04-03 13:10:04,857 - INFO - [The Hindu] Attempt 1/1: Trying with 'selenium_browser' strategy...
2026-04-03 13:10:05,593 - INFO - [The Hindu] Page content loaded.
2026-04-03 13:10:05,792 - INFO - [The Hindu] Success with 'selenium_browser'. Found content (298 words).
2026-04-03 13:10:05,948 - INFO - Saved article: Karnataka governor asks State to “re-examine” switch from marks to grades for third language in SSLC - The Hindu from The Hindu
2026-04-03 13:10:07,012 - INFO - [The Hindu] Article: https://www.thehindu.com/news/national/karnataka/nanna-tejaswi-to-be-staged-in-shivamogga-on-sunday/article70819808.ece
2026-04-03 13:10:07,012 - INFO - [The Hindu] Attempt 1/1: Trying with 'selenium_browser' strategy...
2026-04-03 13:10:10,680 - INFO - [The Hindu] Page content loaded.
2026-04-03 13:10:10,950 - INFO - [The Hindu] Success with 'selenium_browser'. Found content (89 words).
2026-04-03 13:10:11,136 - INFO - Saved article: Nanna Tejaswi to be staged in Shivamogga on Sunday - The Hindu from The Hindu
2026-04-03 13:10:12,339 - INFO - [The Hindu] Article: https://www.thehindu.com/news/national/karnataka/major-hurdle-for-yettinahole-project-cleared-moefcc-gives-in-principle-approval-for-diversion-of-forest-land-in-hassan-tumakuru-districts/article70818754.ece
2026-04-03 13:10:12,339 - INFO - [The Hindu] Attempt 1/1: Trying with 'selenium_browser' strategy...
2026-04-03 13:10:14,272 - INFO - [The Hindu] Page content loaded.
2026-04-03 13:10:14,556 - INFO - [The Hindu] Success with 'selenium_browser'. Found content (409 words).
2026-04-03 13:10:14,743 - INFO - Saved article: Centre's nod for diversion of forest land removes hurdle for Yettinahole project - The Hindu from The Hindu
2026-04-03 13:10:15,788 - INFO - [The Hindu] Article: https://www.thehindu.com/news/national/karnataka/youtuber-salman-khan-attempts-self-harm-on-facebook-live-alleges-harassment-by-bidar-superintendent-of-police/article70819624.ece
2026-04-03 13:10:15,788 - INFO - [The Hindu] Attempt 1/1: Trying with 'selenium_browser' strategy...
2026-04-03 13:10:16,557 - INFO - [The Hindu] Page content loaded.
2026-04-03 13:10:16,628 - INFO - [The Hindu] Success with 'selenium_browser'. Found content (380 words).
2026-04-03 13:10:16,737 - INFO - Saved article: YouTuber attempts self-harm on Facebook Live alleging police harassment over journalistic work - The Hindu from The Hindu
2026-04-03 13:10:17,913 - INFO - [The Hindu] Article: https://www.thehindu.com/news/national/government-called-special-session-for-political-mileage-in-west-bengal-tamil-nadu-polls-it-is-mcc-violation-congress/article70819361.ece
2026-04-03 13:10:17,914 - INFO - [The Hindu] Attempt 1/1: Trying with 'selenium_browser' strategy...
2026-04-03 13:10:20,857 - INFO - [The Hindu] Page content loaded.
2026-04-03 13:10:21,038 - INFO - [The Hindu] Success with 'selenium_browser'. Found content (1112 words).
2026-04-03 13:10:21,133 - INFO - Saved article: Government called ‘special session’ for political mileage in West Bengal, Tamil Nadu polls; it is MCC violation: Congress - The Hindu from The Hindu
2026-04-03 13:10:21,957 - INFO - [The Hindu] Article: https://www.thehindu.com/news/cities/Hyderabad/seven-including-civil-servants-son-held-for-drug-use-during-raid-on-pub-in-gachibowli/article70819514.ece
2026-04-03 13:10:21,957 - INFO - [The Hindu] Attempt 1/1: Trying with 'selenium_browser' strategy...
2026-04-03 13:10:23,896 - INFO - [The Hindu] Page content loaded.
2026-04-03 13:10:24,099 - INFO - [The Hindu] Success with 'selenium_browser'. Found content (343 words).
2026-04-03 13:10:24,179 - INFO - Saved article: Seven held for drug use during raid on pub in Gachibowli - The Hindu from The Hindu
2026-04-03 13:10:25,643 - INFO - [The Hindu] Article: https://www.thehindu.com/news/national/himachal-pradesh/himachal-bjp-demands-probe-by-sitting-high-court-judge-into-chester-hills-housing-scam-in-solan/article70819815.ece
2026-04-03 13:10:25,644 - INFO - [The Hindu] Attempt 1/1: Trying with 'selenium_browser' strategy...
2026-04-03 13:10:29,093 - INFO - [The Hindu] Page content loaded.
2026-04-03 13:10:29,175 - INFO - [The Hindu] Success with 'selenium_browser'. Found content (418 words).
2026-04-03 13:10:29,378 - INFO - Saved article: Himachal BJP demands probe by sitting High Court judge into Chester Hills housing ‘scam’ in Solan - The Hindu from The Hindu
2026-04-03 13:10:30,377 - INFO - [The Hindu] Article: https://www.thehindu.com/news/national/indias-new-nuclear-powered-submarine-ins-aridhaman-commissioned/article70819744.ece
2026-04-03 13:10:30,377 - INFO - [The Hindu] Attempt 1/1: Trying with 'selenium_browser' strategy...
2026-04-03 13:10:31,080 - INFO - [The Hindu] Page content loaded.
2026-04-03 13:10:31,177 - INFO - [The Hindu] Success with 'selenium_browser'. Found content (423 words).
2026-04-03 13:10:31,258 - INFO - Saved article: India’s new nuclear powered submarine INS Aridhaman commissioned - The Hindu from The Hindu
2026-04-03 13:10:32,700 - INFO - [The Hindu] Article: https://www.thehindu.com/news/national/russia-offers-to-increase-supply-of-crude-oil-lng-to-india-amid-war-in-west-asia/article70819611.ece
2026-04-03 13:10:32,700 - INFO - [The Hindu] Attempt 1/1: Trying with 'selenium_browser' strategy...
2026-04-03 13:10:33,499 - INFO - [The Hindu] Page content loaded.
2026-04-03 13:10:33,560 - INFO - [The Hindu] Success with 'selenium_browser'. Found content (644 words).
2026-04-03 13:10:33,646 - INFO - Saved article: Russia offers to increase supply of crude oil, LNG to India amid war in West Asia - The Hindu from The Hindu
2026-04-03 13:10:34,962 - INFO - [The Hindu] Article: https://www.thehindu.com/news/national/tamil-nadu/tn-cm-stalin-terms-fcra-amendment-bill-draconian/article70819223.ece
2026-04-03 13:10:34,962 - INFO - [The Hindu] Attempt 1/1: Trying with 'selenium_browser' strategy...
2026-04-03 13:10:35,920 - INFO - [The Hindu] Page content loaded.
2026-04-03 13:10:36,102 - INFO - [The Hindu] Success with 'selenium_browser'. Found content (580 words).
2026-04-03 13:10:36,184 - INFO - Saved article: T.N. CM Stalin terms FCRA Amendment Bill ‘draconian’ - The Hindu from The Hindu
2026-04-03 13:10:36,590 - ERROR - [Times of India] Request failed for strategy 'selenium_browser' on URL https://timesofindia.indiatimes.com/world/middle-east/five-indians-among-12-injured-by-iranian-missile-debris-in-abu-dhabi/articleshow/130001477.cms: Message: timeout: Timed out receiving message from renderer: 59.943
  (Session info: chrome=146.0.7680.164)
Stacktrace:
#0 0x5586cd387a6a <unknown>
#1 0x5586ccd96ab5 <unknown>
#2 0x5586ccd7e3bb <unknown>
#3 0x5586ccd7e0a4 <unknown>
#4 0x5586ccd7bdeb <unknown>
#5 0x5586ccd7c76f <unknown>
#6 0x5586ccd8b7a0 <unknown>
#7 0x5586ccda54b7 <unknown>
#8 0x5586ccdabfeb <unknown>
#9 0x5586ccd7cebf <unknown>
#10 0x5586ccda524b <unknown>
#11 0x5586cce31ac6 <unknown>
#12 0x5586ccddccbf <unknown>
#13 0x5586ccddda81 <unknown>
#14 0x5586cd34da64 <unknown>
#15 0x5586cd350951 <unknown>
#16 0x5586cd33a21e <unknown>
#17 0x5586cd35151e <unknown>
#18 0x5586cd320be0 <unknown>
#19 0x5586cd3749b8 <unknown>
#20 0x5586cd374b88 <unknown>
#21 0x5586cd3864de <unknown>
#22 0x7f389509caa4 <unknown>
#23 0x7f3895129c6c <unknown>

2026-04-03 13:10:36,590 - ERROR - [Times of India] All scrape strategies failed for https://timesofindia.indiatimes.com/world/middle-east/five-indians-among-12-injured-by-iranian-missile-debris-in-abu-dhabi/articleshow/130001477.cms. Falling back to RSS description.
2026-04-03 13:10:36,596 - INFO - Saved article: Five Indians among 12 injured by Iranian missile debris in Abu Dhabi from Times of India
2026-04-03 13:10:37,316 - INFO - [The Hindu] Article: https://www.thehindu.com/news/cities/Hyderabad/trial-run-of-one-way-traffic-around-hyderabads-kbr-park-on-sunday-amid-ongoing-flyover-work/article70819718.ece
2026-04-03 13:10:37,316 - INFO - [The Hindu] Attempt 1/1: Trying with 'selenium_browser' strategy...
2026-04-03 13:10:37,977 - INFO - [Times of India] Article: https://timesofindia.indiatimes.com/world/us/who-is-amit-mehta-indian-origin-us-judge-at-the-centre-of-trump-immunity-case-linked-to-january-6-attack/articleshow/130001157.cms
2026-04-03 13:10:37,977 - INFO - [Times of India] Attempt 1/1: Trying with 'selenium_browser' strategy...
2026-04-03 13:10:42,633 - INFO - [The Hindu] Page content loaded.
2026-04-03 13:10:42,777 - INFO - [The Hindu] Success with 'selenium_browser'. Found content (321 words).
2026-04-03 13:10:42,951 - INFO - Saved article: Trial run of one-way traffic around Hyderabad’s KBR Park on Sunday amid ongoing flyover work - The Hindu from The Hindu
2026-04-03 13:10:43,563 - INFO - [The Hindu] Article: https://www.thehindu.com/elections/tamil-nadu-assembly/tn-assembly-poll-bjp-candidate-list-out-l-murugan-to-contest-from-avanashi-annamalai-out-of-fray/article70819192.ece
2026-04-03 13:10:43,563 - INFO - [The Hindu] Attempt 1/1: Trying with 'selenium_browser' strategy...
2026-04-03 13:10:44,621 - INFO - [The Hindu] Page content loaded.
2026-04-03 13:10:44,723 - INFO - [The Hindu] Success with 'selenium_browser'. Found content (459 words).
2026-04-03 13:10:44,845 - INFO - Saved article: T.N. Assembly poll | BJP candidate list out; Union Minister of State L. Murugan to contest from Avanashi - The Hindu from The Hindu
2026-04-03 13:10:45,664 - INFO - [The Hindu] Article: https://www.thehindu.com/elections/assam-assembly/modi-himanta-prepared-roadmap-for-tribal-development-bjps-win-will-ensure-implementation-amit-shah/article70819253.ece
2026-04-03 13:10:45,664 - INFO - [The Hindu] Attempt 1/1: Trying with 'selenium_browser' strategy...
2026-04-03 13:10:46,288 - INFO - [The Hindu] Page content loaded.
2026-04-03 13:10:46,383 - INFO - [The Hindu] Success with 'selenium_browser'. Found content (355 words).
2026-04-03 13:10:46,482 - INFO - Saved article: Modi, Himanta prepared roadmap for tribal development, BJP's win will ensure implementation: Amit Shah - The Hindu from The Hindu
2026-04-03 13:10:47,142 - INFO - [The Hindu] Article: https://www.thehindu.com/elections/kerala-assembly/kerala-assembly-polls-2026-anti-incumbency-against-ldf-government-most-decisive-factor-in-polls-says-karassery/article70811899.ece
2026-04-03 13:10:47,142 - INFO - [The Hindu] Attempt 1/1: Trying with 'selenium_browser' strategy...
2026-04-03 13:10:47,628 - INFO - [Times of India] Page content loaded.
2026-04-03 13:10:47,941 - INFO - [Times of India] Success with 'selenium_browser'. Found content (321 words).
2026-04-03 13:10:48,098 - INFO - Saved article: Who is Amit Mehta? Indian-origin US judge at the centre of Trump immunity case linked to January 6 attack - The Times of India from Times of India
2026-04-03 13:10:48,147 - INFO - [The Hindu] Page content loaded.
2026-04-03 13:10:48,357 - INFO - [The Hindu] Success with 'selenium_browser'. Found content (597 words).
2026-04-03 13:10:48,511 - INFO - Saved article: Kerala Assembly elections 2026: Anti-incumbency against LDF government most decisive factor in polls, says Karassery - The Hindu from The Hindu
2026-04-03 13:10:49,444 - INFO - [The Hindu] Article: https://www.thehindu.com/elections/tamil-nadu-assembly/tamil-nadu-assembly-election-2026-interviews-with-political-leaders-a-compilation/article70782589.ece
2026-04-03 13:10:49,444 - INFO - [The Hindu] Attempt 1/1: Trying with 'selenium_browser' strategy...
2026-04-03 13:10:49,471 - INFO - [Times of India] Article: https://timesofindia.indiatimes.com/etimes/trending/boy-claims-he-was-a-woman-who-died-in-a-fire-details-later-match-real-case-from-decades-ago/articleshow/129994758.cms
2026-04-03 13:10:49,471 - INFO - [Times of India] Attempt 1/1: Trying with 'selenium_browser' strategy...
2026-04-03 13:10:51,118 - INFO - [The Hindu] Page content loaded.
2026-04-03 13:10:51,157 - INFO - [Times of India] Page content loaded.
2026-04-03 13:10:51,315 - INFO - [The Hindu] Success with 'selenium_browser'. Found content (98 words).
2026-04-03 13:10:51,555 - INFO - [Times of India] Success with 'selenium_browser'. Found content (1044 words).
2026-04-03 13:10:51,709 - INFO - Duplicate article skipped: Tamil Nadu Assembly election 2026 | interviews with political leaders: a compilation - The Hindu from The Hindu
2026-04-03 13:10:51,760 - INFO - Saved article: Boy claims he was a woman who died in a fire, details later match real case from decades ago | - The Times of India from Times of India
2026-04-03 13:10:52,867 - INFO - [Times of India] Article: https://timesofindia.indiatimes.com/world/europe/france-no-longer-hostile-nation-after-macron-snubs-trump-iran-allows-ship-to-pass-hormuz/articleshow/130000016.cms
2026-04-03 13:10:52,868 - INFO - [Times of India] Attempt 1/1: Trying with 'selenium_browser' strategy...
2026-04-03 13:10:52,939 - INFO - [The Hindu] Article: https://www.thehindu.com/elections/tamil-nadu-assembly/gobichettipalayam-in-focus-after-sengottaiyans-exit-from-aiadmk/article70806070.ece
2026-04-03 13:10:52,940 - INFO - [The Hindu] Attempt 1/1: Trying with 'selenium_browser' strategy...
2026-04-03 13:10:55,181 - INFO - [The Hindu] Page content loaded.
2026-04-03 13:10:55,282 - INFO - [The Hindu] Success with 'selenium_browser'. Found content (695 words).
2026-04-03 13:10:55,380 - INFO - Saved article: T.N. Assembly election 2026: Gobichettipalayam in focus after Sengottaiyan’s exit from AIADMK - The Hindu from The Hindu
2026-04-03 13:10:56,402 - INFO - [Times of India] Page content loaded.
2026-04-03 13:10:56,624 - INFO - [Times of India] Success with 'selenium_browser'. Found content (395 words).
2026-04-03 13:10:56,718 - INFO - Saved article: France no longer hostile nation? After Macron snubs Trump, Iran allows ship to pass Hormuz - The Times of India from Times of India
2026-04-03 13:10:56,731 - INFO - [The Hindu] Article: https://www.thehindu.com/elections/west-bengal-assembly/nia-team-reaches-malda-to-probe-gherao-of-judicial-officials-engaged-in-sir/article70819752.ece
2026-04-03 13:10:56,731 - INFO - [The Hindu] Attempt 1/1: Trying with 'selenium_browser' strategy...
2026-04-03 13:10:57,170 - INFO - [The Hindu] Page content loaded.
2026-04-03 13:10:57,286 - INFO - [The Hindu] Success with 'selenium_browser'. Found content (219 words).
2026-04-03 13:10:57,378 - INFO - Saved article: NIA team reaches Malda to probe gherao of judicial officials engaged in SIR - The Hindu from The Hindu
2026-04-03 13:10:57,986 - INFO - [The Hindu] Article: https://www.thehindu.com/elections/tamil-nadu-assembly/amaravathi-sugar-mill-revival-drinking-water-issues-dominate-madathukulam-constituency/article70796177.ece
2026-04-03 13:10:57,986 - INFO - [The Hindu] Attempt 1/1: Trying with 'selenium_browser' strategy...
2026-04-03 13:10:57,993 - INFO - [Times of India] Article: https://timesofindia.indiatimes.com/science/japan-led-mission-uncovers-asteroid-with-all-5-letters-of-dna-breakthrough-for-understanding-lifes-origins/articleshow/129993675.cms
2026-04-03 13:10:57,993 - INFO - [Times of India] Attempt 1/1: Trying with 'selenium_browser' strategy...
2026-04-03 13:10:58,601 - INFO - [The Hindu] Page content loaded.
2026-04-03 13:10:58,745 - INFO - [The Hindu] Success with 'selenium_browser'. Found content (450 words).
2026-04-03 13:10:58,822 - INFO - Saved article: T.N. Assembly election 2026: Amaravathi sugar mill revival, drinking water issues dominate in Madathukulam constituency - The Hindu from The Hindu
2026-04-03 13:11:00,289 - INFO - [The Hindu] Article: https://www.thehindu.com/news/national/raghav-chadha-is-compromised-says-bhagwant-mann/article70819593.ece
2026-04-03 13:11:00,289 - INFO - [The Hindu] Attempt 1/1: Trying with 'selenium_browser' strategy...
2026-04-03 13:11:01,665 - INFO - [Times of India] Page content loaded.
2026-04-03 13:11:01,755 - INFO - [The Hindu] Page content loaded.
2026-04-03 13:11:01,851 - INFO - [The Hindu] Success with 'selenium_browser'. Found content (325 words).
2026-04-03 13:11:01,927 - INFO - Saved article: Raghav Chadha is ‘compromised’, says Bhagwant Mann - The Hindu from The Hindu
2026-04-03 13:11:01,931 - INFO - [Times of India] Success with 'selenium_browser'. Found content (1134 words).
2026-04-03 13:11:02,070 - INFO - Saved article: Japan-led mission uncovers asteroid with all 5 ‘letters’ of DNA, breakthrough for understanding life’s origins | - The Times of India from Times of India
2026-04-03 13:11:02,436 - INFO - [The Hindu] Article: https://www.thehindu.com/elections/tamil-nadu-assembly/tamil-nadu-assembly-election-constituency-watch-a-package/article70761075.ece
2026-04-03 13:11:02,436 - INFO - [The Hindu] Attempt 1/1: Trying with 'selenium_browser' strategy...
2026-04-03 13:11:02,724 - INFO - [Times of India] Article: https://timesofindia.indiatimes.com/business/india-business/oil-lng-supplies-top-russian-official-manturov-signals-fuel-support-for-india-during-middle-east-crisis/articleshow/129996442.cms
2026-04-03 13:11:02,724 - INFO - [Times of India] Attempt 1/1: Trying with 'selenium_browser' strategy...
2026-04-03 13:11:03,234 - INFO - [The Hindu] Page content loaded.
2026-04-03 13:11:03,427 - INFO - [The Hindu] Success with 'selenium_browser'. Found content (128 words).
2026-04-03 13:11:03,589 - INFO - Duplicate article skipped: Tamil Nadu Assembly election 2026: Constituency Watch – a compilation - The Hindu from The Hindu
2026-04-03 13:11:04,622 - INFO - [The Hindu] (Thread) Finished. Attempting to shut down its Selenium driver.
2026-04-03 13:11:05,073 - INFO - [The Hindu] (Thread) driver.quit() successful.
2026-04-03 13:11:06,075 - INFO - [Times of India] Page content loaded.
2026-04-03 13:11:06,255 - INFO - [Times of India] Success with 'selenium_browser'. Found content (477 words).
2026-04-03 13:11:06,380 - INFO - Saved article: Oil, LNG supplies: Top Russian official Manturov signals fuel support for India during Middle East crisis - The Times of India from Times of India
2026-04-03 13:11:07,805 - INFO - [Times of India] Article: https://timesofindia.indiatimes.com/world/uk/uk-news-englands-top-female-chess-player-rishi-sunak-hails-indian-origin-bodhana-sivanandan/articleshow/129996516.cms
2026-04-03 13:11:07,805 - INFO - [Times of India] Attempt 1/1: Trying with 'selenium_browser' strategy...
2026-04-03 13:11:08,837 - INFO - [Times of India] Page content loaded.
2026-04-03 13:11:09,008 - INFO - [Times of India] Success with 'selenium_browser'. Found content (423 words).
2026-04-03 13:11:09,069 - INFO - Saved article: 'England’s top female chess player': Rishi Sunak hails Indian-origin Bodhana Sivanandan | World News - The Times of India from Times of India
2026-04-03 13:11:10,019 - INFO - [Times of India] Article: https://timesofindia.indiatimes.com/world/south-asia/myanmar-army-chief-min-aung-hlaing-elected-as-president/articleshow/129997403.cms
2026-04-03 13:11:10,019 - INFO - [Times of India] Attempt 1/1: Trying with 'selenium_browser' strategy...
2026-04-03 13:11:10,875 - INFO - [Times of India] Page content loaded.
2026-04-03 13:11:11,028 - INFO - [Times of India] Success with 'selenium_browser'. Found content (449 words).
2026-04-03 13:11:11,102 - INFO - Saved article: Myanmar army chief Min Aung Hlaing elected as President - The Times of India from Times of India
2026-04-03 13:11:12,571 - INFO - [Times of India] Article: https://timesofindia.indiatimes.com/world/middle-east/complete-annihilation-of-microsoft-nvidia-iran-warns-us-after-trump-threatens-to-strike-bridges-power-plants/articleshow/129996213.cms
2026-04-03 13:11:12,571 - INFO - [Times of India] Attempt 1/1: Trying with 'selenium_browser' strategy...
2026-04-03 13:11:14,011 - INFO - [Times of India] Page content loaded.
2026-04-03 13:11:14,168 - INFO - [Times of India] Success with 'selenium_browser'. Found content (328 words).
2026-04-03 13:11:14,228 - INFO - Saved article: 'Complete annihilation of Microsoft, Nvidia … ': Iran warns US after Trump threatens to strike bridges, power plants - The Times of India from Times of India
2026-04-03 13:11:15,033 - INFO - [Times of India] Article: https://timesofindia.indiatimes.com/world/middle-east/bridge-for-bridge-iran-lists-7-gulf-targets-after-karaj-strike/articleshow/129994472.cms
2026-04-03 13:11:15,033 - INFO - [Times of India] Attempt 1/1: Trying with 'selenium_browser' strategy...
2026-04-03 13:11:16,289 - INFO - [Times of India] Page content loaded.
2026-04-03 13:11:16,485 - INFO - [Times of India] Success with 'selenium_browser'. Found content (336 words).
2026-04-03 13:11:16,549 - INFO - Saved article: Bridge for bridge: Iran lists 7 Gulf targets after Karaj strike - The Times of India from Times of India
2026-04-03 13:11:17,175 - INFO - [Times of India] Article: https://timesofindia.indiatimes.com/science/10-historical-signs-that-suggest-aliens-exist/photostory/129987629.cms
2026-04-03 13:11:17,175 - INFO - [Times of India] Attempt 1/1: Trying with 'selenium_browser' strategy...
2026-04-03 13:11:18,047 - INFO - [Times of India] Page content loaded.
2026-04-03 13:11:18,202 - INFO - [Times of India] Success with 'selenium_browser'. Found content (790 words).
2026-04-03 13:11:18,262 - INFO - Saved article: 10 historical signs that suggest aliens exist from Times of India
2026-04-03 13:11:19,052 - INFO - [Times of India] Article: https://timesofindia.indiatimes.com/science/quote-of-the-day-by-neil-armstrong-i-think-were-going-to-the-moon-because-its-in-the-nature-of-the-human-being-to-face-challenges-were-required-to-do-these-things-just-as-salmon-swim-upstream-/articleshow/129993864.cms
2026-04-03 13:11:19,052 - INFO - [Times of India] Attempt 1/1: Trying with 'selenium_browser' strategy...
2026-04-03 13:11:20,320 - INFO - [Times of India] Page content loaded.
2026-04-03 13:11:20,464 - INFO - [Times of India] Success with 'selenium_browser'. Found content (728 words).
2026-04-03 13:11:20,539 - INFO - Saved article: Quote of the day by Neil Armstrong: “I think we're going to the moon because it's in the nature of the human being to face challenges. We're required to do these things just as salmon swim upstream.” | - The Times of India from Times of India
2026-04-03 13:11:21,179 - INFO - [Times of India] Article: https://timesofindia.indiatimes.com/world/middle-east/watch-kuwait-refinery-on-fire-after-another-iranian-drone-attack-operations-under-threat/articleshow/129996095.cms
2026-04-03 13:11:21,179 - INFO - [Times of India] Attempt 1/1: Trying with 'selenium_browser' strategy...
2026-04-03 13:11:22,803 - INFO - [Times of India] Page content loaded.
2026-04-03 13:11:22,895 - INFO - [Times of India] Success with 'selenium_browser'. Found content (541 words).
2026-04-03 13:11:22,955 - INFO - Saved article: Watch: Kuwait refinery on fire after another Iranian drone attack, operations under threat - The Times of India from Times of India
2026-04-03 13:11:23,558 - INFO - [Times of India] Article: https://timesofindia.indiatimes.com/world/middle-east/uae-weather-alert-rain-dust-and-strong-winds-expected-next-week-as-ncm-issues-advisory/articleshow/129995235.cms
2026-04-03 13:11:23,558 - INFO - [Times of India] Attempt 1/1: Trying with 'selenium_browser' strategy...
2026-04-03 13:11:24,626 - INFO - [Times of India] Page content loaded.
2026-04-03 13:11:24,712 - INFO - [Times of India] Success with 'selenium_browser'. Found content (432 words).
2026-04-03 13:11:24,778 - INFO - Saved article: Uae Weather Alert: UAE weather alert: Rain, dust and strong winds expected next week as NCM issues advisory | World News - The Times of India from Times of India
2026-04-03 13:11:25,625 - INFO - [Times of India] Article: https://timesofindia.indiatimes.com/science/glued-to-windows-how-artemis-ii-astronauts-spent-their-first-hours-on-orion-en-route-to-moon/articleshow/129994040.cms
2026-04-03 13:11:25,625 - INFO - [Times of India] Attempt 1/1: Trying with 'selenium_browser' strategy...
2026-04-03 13:11:26,803 - INFO - [Times of India] Page content loaded.
2026-04-03 13:11:26,894 - INFO - [Times of India] Success with 'selenium_browser'. Found content (498 words).
2026-04-03 13:11:27,004 - INFO - Saved article: 'Glued to windows': How Artemis II astronauts spent their first hours on Orion en route to Moon - The Times of India from Times of India
2026-04-03 13:11:28,091 - INFO - [Times of India] Article: https://timesofindia.indiatimes.com/world/middle-east/dubai-suspends-church-masses-during-holy-week-until-further-notice-amid-rising-security-concerns/articleshow/129994788.cms
2026-04-03 13:11:28,091 - INFO - [Times of India] Attempt 1/1: Trying with 'selenium_browser' strategy...
2026-04-03 13:11:29,384 - INFO - [Times of India] Page content loaded.
2026-04-03 13:11:29,538 - INFO - [Times of India] Success with 'selenium_browser'. Found content (571 words).
2026-04-03 13:11:29,603 - INFO - Saved article: Dubai Church Mass Suspension: Dubai suspends church masses during holy week until further notice amid rising security concerns | World News - The Times of India from Times of India
2026-04-03 13:11:31,014 - INFO - [Times of India] Article: https://timesofindia.indiatimes.com/world/middle-east/iran-and-oman-develop-plan-to-monitor-strait-of-hormuz-amid-rising-tensions/articleshow/129994751.cms
2026-04-03 13:11:31,014 - INFO - [Times of India] Attempt 1/1: Trying with 'selenium_browser' strategy...
2026-04-03 13:11:32,073 - INFO - [Times of India] Page content loaded.
2026-04-03 13:11:32,224 - INFO - [Times of India] Success with 'selenium_browser'. Found content (228 words).
2026-04-03 13:11:32,281 - INFO - Saved article: Iran and Oman Develop Plan to Monitor Strait of Hormuz Amid Rising Tensions | World News - The Times of India from Times of India
2026-04-03 13:11:33,378 - INFO - [Times of India] Article: https://timesofindia.indiatimes.com/science/first-time-since-1972-humans-leave-earth-orbit-artemis-ii-astronauts-head-for-the-moon-what-comes-next/articleshow/129993016.cms
2026-04-03 13:11:33,378 - INFO - [Times of India] Attempt 1/1: Trying with 'selenium_browser' strategy...
2026-04-03 13:11:34,540 - INFO - [Times of India] Page content loaded.
2026-04-03 13:11:34,731 - INFO - [Times of India] Success with 'selenium_browser'. Found content (442 words).
2026-04-03 13:11:34,788 - INFO - Saved article: First time since 1972, humans leave Earth orbit: Artemis II astronauts head for the Moon; what comes next? - The Times of India from Times of India
2026-04-03 13:11:36,034 - INFO - [Times of India] Article: https://timesofindia.indiatimes.com/world/us/kash-patel-on-bench-after-bondi-exit-trump-weighing-departure-of-more-key-white-house-officials-report/articleshow/129992430.cms
2026-04-03 13:11:36,034 - INFO - [Times of India] Attempt 1/1: Trying with 'selenium_browser' strategy...
2026-04-03 13:11:36,893 - INFO - [Times of India] Page content loaded.
2026-04-03 13:11:37,094 - INFO - [Times of India] Success with 'selenium_browser'. Found content (320 words).
2026-04-03 13:11:37,148 - INFO - Saved article: Kash Patel on bench after Bondi exit? Trump weighing departure of more key White House officials- report - The Times of India from Times of India
2026-04-03 13:11:38,265 - INFO - [Times of India] Article: https://timesofindia.indiatimes.com/business/international-business/another-round-of-liberation-day-tariffs-trump-slaps-patented-drugs-with-100-tariff-lowers-duties-for-steel-aluminium/articleshow/129993076.cms
2026-04-03 13:11:38,265 - INFO - [Times of India] Attempt 1/1: Trying with 'selenium_browser' strategy...
2026-04-03 13:11:39,436 - INFO - [Times of India] Page content loaded.
2026-04-03 13:11:39,619 - INFO - [Times of India] Success with 'selenium_browser'. Found content (722 words).
2026-04-03 13:11:39,673 - INFO - Saved article: Another round of Liberation day tariffs? Trump slaps patented drugs with 100% tariff, lowers duties for steel, aluminium - The Times of India from Times of India
2026-04-03 13:11:40,720 - INFO - [Times of India] (Thread) Finished. Attempting to shut down its Selenium driver.
2026-04-03 13:11:40,904 - INFO - [Times of India] (Thread) driver.quit() successful.
2026-04-03 13:11:40,905 - INFO - Shutting down thread pool (wait=False)...
2026-04-03 13:11:40,905 - INFO - Scraped: 20 Times of India, 7 The Guardian, 14 BBC, 23 The Hindu articles. (Total saved: 64)
2026-04-03 13:11:40,905 - INFO - --- Scraping job finished ---
2026-04-03 13:11:40,910 - INFO - --- Scraper service stopped and database connection closed. ---
2026-04-03 13:11:40,911 - INFO - --- Main thread finished. Forcing process exit to kill zombie threads. ---
