2026-04-05 13:03:13,158 - INFO - Initializing database connection at: news_articles.db
2026-04-05 13:03:13,158 - INFO - --- Scraper service started (CI Mode: Run Once) ---
2026-04-05 13:03:13,158 - INFO - --- Starting new scraping job (Parallel Mode) ---
2026-04-05 13:03:13,158 - INFO - Creating new robust session with 3 retries on 5xx/connection/read errors.
2026-04-05 13:03:13,158 - INFO - Proxy is DISABLED.
2026-04-05 13:03:13,159 - INFO - Starting scrape for BBC RSS feed: http://feeds.bbci.co.uk/news/world/rss.xml
2026-04-05 13:03:13,159 - INFO - [Times of India] (Thread) requires Selenium. Initializing driver...
2026-04-05 13:03:13,159 - INFO - Initializing headless Selenium Chrome driver (using SeleniumManager)...
2026-04-05 13:03:13,160 - INFO - Starting scrape for The Guardian RSS feed: https://www.theguardian.com/world/rss
2026-04-05 13:03:13,161 - INFO - [The Hindu] (Thread) requires Selenium. Initializing driver...
2026-04-05 13:03:13,161 - INFO - Initializing headless Selenium Chrome driver (using SeleniumManager)...
2026-04-05 13:03:13,161 - INFO - Submitted 4 jobs to thread pool. Waiting up to 420s for completion...
2026-04-05 13:03:13,308 - INFO - Found 45 articles in The Guardian RSS feed. Processing up to 25.
2026-04-05 13:03:13,308 - INFO - [The Guardian] Article: https://www.theguardian.com/world/2026/apr/03/people-burkina-faso-should-forget-about-democracy-military-ruler-ibrahim-traore
2026-04-05 13:03:13,308 - INFO - [The Guardian] Attempt 1/1: Trying with 'requests_browser' strategy...
2026-04-05 13:03:13,380 - INFO - [The Guardian] Success with 'requests_browser'. Found content (340 words).
2026-04-05 13:03:13,415 - INFO - Duplicate article skipped: People of Burkina Faso should forget about democracy, says military ruler | Burkina Faso | The Guardian from The Guardian
2026-04-05 13:03:13,699 - INFO - Found 23 articles in BBC RSS feed. Processing up to 25.
2026-04-05 13:03:13,699 - INFO - [BBC] Article: https://www.bbc.com/news/articles/cm2k1dgz142o?at_medium=RSS&at_campaign=rss
2026-04-05 13:03:13,699 - INFO - [BBC] Attempt 1/1: Trying with 'requests_browser' strategy...
2026-04-05 13:03:13,836 - INFO - [BBC] Success with 'requests_browser'. Found content (1092 words).
2026-04-05 13:03:13,892 - INFO - Duplicate article skipped: What we know so far about rescue of US air force officer in Iran from BBC
2026-04-05 13:03:14,592 - INFO - [BBC] Article: https://www.bbc.com/news/articles/cx267dnex7ko?at_medium=RSS&at_campaign=rss
2026-04-05 13:03:14,592 - INFO - [BBC] Attempt 1/1: Trying with 'requests_browser' strategy...
2026-04-05 13:03:14,624 - INFO - [BBC] Success with 'requests_browser'. Found content (279 words).
2026-04-05 13:03:14,648 - INFO - [The Guardian] Article: https://www.theguardian.com/us-news/2026/apr/02/uganda-receives-first-us-deportation-flight-under-third-country-agreement
2026-04-05 13:03:14,654 - INFO - [The Guardian] Attempt 1/1: Trying with 'requests_browser' strategy...
2026-04-05 13:03:14,664 - INFO - Duplicate article skipped: Man charged over fatal shooting of baby Kaori Patterson-Moore in pram in New York from BBC
2026-04-05 13:03:14,725 - INFO - [The Guardian] Success with 'requests_browser'. Found content (537 words).
2026-04-05 13:03:14,759 - INFO - Duplicate article skipped: Uganda receives first US deportation flight under third-country agreement | US immigration | The Guardian from The Guardian
2026-04-05 13:03:15,298 - INFO - [The Guardian] Article: https://www.theguardian.com/us-news/2026/mar/30/ilhan-omar-false-reports-somaliland
2026-04-05 13:03:15,298 - INFO - [The Guardian] Attempt 1/1: Trying with 'requests_browser' strategy...
2026-04-05 13:03:15,360 - INFO - [The Guardian] Success with 'requests_browser'. Found content (684 words).
2026-04-05 13:03:15,394 - INFO - Duplicate article skipped: News outlets falsely report Somaliland called for extradition of Ilhan Omar | Ilhan Omar | The Guardian from The Guardian
2026-04-05 13:03:15,908 - INFO - [The Guardian] Article: https://www.theguardian.com/football/2026/mar/30/congo-brazzaville-jean-guy-blaise-mayolas-fifa-interpol-arrest-warrant
2026-04-05 13:03:15,908 - INFO - [The Guardian] Attempt 1/1: Trying with 'requests_browser' strategy...
2026-04-05 13:03:15,917 - INFO - [BBC] Article: https://www.bbc.com/news/articles/cgqkn4j48qdo?at_medium=RSS&at_campaign=rss
2026-04-05 13:03:15,917 - INFO - [BBC] Attempt 1/1: Trying with 'requests_browser' strategy...
2026-04-05 13:03:15,960 - INFO - [BBC] Success with 'requests_browser'. Found content (500 words).
2026-04-05 13:03:16,006 - INFO - Duplicate article skipped: US says it has arrested relatives of late Iranian ​general Qasem ​Soleimani from BBC
2026-04-05 13:03:16,010 - INFO - [The Guardian] Success with 'requests_browser'. Found content (432 words).
2026-04-05 13:03:16,044 - INFO - Duplicate article skipped: Interpol arrest warrant requested in Congo-Brazzaville for Jean-Guy Blaise Mayolas | Soccer | The Guardian from The Guardian
2026-04-05 13:03:16,614 - INFO - [BBC] Article: https://www.bbc.com/news/articles/cvg3nr83xyvo?at_medium=RSS&at_campaign=rss
2026-04-05 13:03:16,614 - INFO - [BBC] Attempt 1/1: Trying with 'requests_browser' strategy...
2026-04-05 13:03:16,648 - INFO - [BBC] Success with 'requests_browser'. Found content (515 words).
2026-04-05 13:03:16,683 - INFO - Duplicate article skipped: German men aged 17-45 may need military approval for long stays abroad from BBC
2026-04-05 13:03:16,896 - INFO - [The Guardian] Article: https://www.theguardian.com/environment/2026/mar/30/weather-tracker-thunderstorms-uae-united-arab-emirates-saudi-arabia
2026-04-05 13:03:16,896 - INFO - [The Guardian] Attempt 1/1: Trying with 'requests_browser' strategy...
2026-04-05 13:03:16,952 - INFO - [The Guardian] Success with 'requests_browser'. Found content (313 words).
2026-04-05 13:03:16,991 - INFO - Duplicate article skipped: Weather tracker: Thunderstorms drench UAE and Saudi Arabia | Environment | The Guardian from The Guardian
2026-04-05 13:03:17,741 - INFO - [BBC] Article: https://www.bbc.com/news/articles/c5yj97yd6v5o?at_medium=RSS&at_campaign=rss
2026-04-05 13:03:17,741 - INFO - [BBC] Attempt 1/1: Trying with 'requests_browser' strategy...
2026-04-05 13:03:17,788 - INFO - [BBC] Success with 'requests_browser'. Found content (1249 words).
2026-04-05 13:03:17,802 - INFO - [The Guardian] Article: https://www.theguardian.com/world/2026/apr/05/mexican-art-world-protests-over-plan-to-send-frida-kahlo-masterpieces-to-spain
2026-04-05 13:03:17,802 - INFO - [The Guardian] Attempt 1/1: Trying with 'requests_browser' strategy...
2026-04-05 13:03:17,860 - INFO - Saved article: AI videos fuel anti-Ukraine fears ahead of Hungary's pivotal vote from BBC
2026-04-05 13:03:17,873 - INFO - [The Guardian] Success with 'requests_browser'. Found content (731 words).
2026-04-05 13:03:17,911 - INFO - Saved article: Mexican art world protests over plan to send Frida Kahlo masterpieces to Spain | Mexico | The Guardian from The Guardian
2026-04-05 13:03:18,570 - INFO - [BBC] Article: https://www.bbc.com/news/articles/c0rx7xzd10xo?at_medium=RSS&at_campaign=rss
2026-04-05 13:03:18,570 - INFO - [BBC] Attempt 1/1: Trying with 'requests_browser' strategy...
2026-04-05 13:03:18,604 - INFO - [BBC] Success with 'requests_browser'. Found content (423 words).
2026-04-05 13:03:18,646 - INFO - Duplicate article skipped: Cambodia unveils a statue of famous landmine-sniffing rat Magawa from BBC
2026-04-05 13:03:18,857 - INFO - [The Guardian] Article: https://www.theguardian.com/world/2026/apr/04/cuba-oil-tankers-trump-talks
2026-04-05 13:03:18,858 - INFO - [The Guardian] Attempt 1/1: Trying with 'requests_browser' strategy...
2026-04-05 13:03:18,926 - INFO - [The Guardian] Success with 'requests_browser'. Found content (1059 words).
2026-04-05 13:03:18,970 - INFO - Duplicate article skipped: Cubans study oil tanker diplomacy for signs of progress in secret talks with US | Cuba | The Guardian from The Guardian
2026-04-05 13:03:19,493 - INFO - [BBC] Article: https://www.bbc.com/news/articles/cp869m2gzr0o?at_medium=RSS&at_campaign=rss
2026-04-05 13:03:19,493 - INFO - [BBC] Attempt 1/1: Trying with 'requests_browser' strategy...
2026-04-05 13:03:19,542 - INFO - [BBC] Success with 'requests_browser'. Found content (530 words).
2026-04-05 13:03:19,595 - INFO - Duplicate article skipped: Ukraine war: Russian attack on Nikopol market kills five from BBC
2026-04-05 13:03:19,788 - INFO - Selenium driver initialized successfully.
2026-04-05 13:03:19,788 - INFO - Starting scrape for Times of India RSS feed: https://timesofindia.indiatimes.com/rssfeeds/296589292.cms
2026-04-05 13:03:19,789 - INFO - Selenium driver initialized successfully.
2026-04-05 13:03:19,789 - INFO - Starting scrape for The Hindu RSS feed: https://www.thehindu.com/news/national/feeder/default.rss
2026-04-05 13:03:19,937 - INFO - Found 20 articles in Times of India RSS feed. Processing up to 25.
2026-04-05 13:03:19,937 - INFO - [Times of India] Article: https://timesofindia.indiatimes.com/world/us/no-dui-no-illegal-employment-indian-student-got-deported-from-us-for-one-honest-answer/articleshow/130039313.cms
2026-04-05 13:03:19,937 - INFO - [Times of India] Attempt 1/1: Trying with 'selenium_browser' strategy...
2026-04-05 13:03:19,942 - INFO - Found 60 articles in The Hindu RSS feed. Processing up to 25.
2026-04-05 13:03:19,943 - INFO - [The Hindu] Article: https://www.thehindu.com/news/national/assam/congress-alleges-sarmas-wife-holds-three-passports-dubai-properties-assam-cm-rejects-claims/article70826649.ece
2026-04-05 13:03:19,943 - INFO - [The Hindu] Attempt 1/1: Trying with 'selenium_browser' strategy...
2026-04-05 13:03:20,028 - INFO - [The Guardian] Article: https://www.theguardian.com/world/2026/apr/04/lima-football-stadium-pre-match-event-injured-dead
2026-04-05 13:03:20,028 - INFO - [The Guardian] Attempt 1/1: Trying with 'requests_browser' strategy...
2026-04-05 13:03:20,120 - INFO - [The Guardian] Success with 'requests_browser'. Found content (383 words).
2026-04-05 13:03:20,192 - INFO - Duplicate article skipped: One dead and dozens injured at Peru football stadium during pre-match event | Peru | The Guardian from The Guardian
2026-04-05 13:03:20,924 - INFO - [BBC] Article: https://www.bbc.com/news/articles/ce8jzr423p9o?at_medium=RSS&at_campaign=rss
2026-04-05 13:03:20,924 - INFO - [BBC] Attempt 1/1: Trying with 'requests_browser' strategy...
2026-04-05 13:03:21,049 - INFO - [BBC] Success with 'requests_browser'. Found content (562 words).
2026-04-05 13:03:21,178 - INFO - Duplicate article skipped: Artemis II crew now halfway to Moon as they take 'spectacular' image of Earth from BBC
2026-04-05 13:03:21,335 - INFO - [The Hindu] Page content loaded.
2026-04-05 13:03:21,623 - INFO - [The Guardian] Article: https://www.theguardian.com/world/2026/apr/03/cuba-to-release-pardon-prisoners-us-fuel-blockade
2026-04-05 13:03:21,623 - INFO - [The Guardian] Attempt 1/1: Trying with 'requests_browser' strategy...
2026-04-05 13:03:21,775 - INFO - [The Hindu] Success with 'selenium_browser'. Found content (830 words).
2026-04-05 13:03:21,818 - INFO - [The Guardian] Success with 'requests_browser'. Found content (627 words).
2026-04-05 13:03:22,176 - INFO - Duplicate article skipped: Cuba begins to free more than 2,000 prisoners as US eases fuel blockade | Cuba | The Guardian from The Guardian
2026-04-05 13:03:22,228 - INFO - Saved article: Congress alleges Sarma’s wife holds three passports, Dubai properties; Assam CM rejects claims - The Hindu from The Hindu
2026-04-05 13:03:22,455 - INFO - [BBC] Article: https://www.bbc.com/news/articles/cn437qkk80lo?at_medium=RSS&at_campaign=rss
2026-04-05 13:03:22,456 - INFO - [BBC] Attempt 1/1: Trying with 'requests_browser' strategy...
2026-04-05 13:03:22,597 - INFO - [BBC] Success with 'requests_browser'. Found content (223 words).
2026-04-05 13:03:22,729 - INFO - Duplicate article skipped: Fugitive mafia boss wanted for murder arrested in Amalfi Coast luxury villa from BBC
2026-04-05 13:03:22,866 - INFO - [The Hindu] Article: https://www.thehindu.com/news/national/maharashtra/unseasonal-rains-in-maharashtra-govt-will-provide-farmers-all-assistance-promises-cm/article70826670.ece
2026-04-05 13:03:22,866 - INFO - [The Hindu] Attempt 1/1: Trying with 'selenium_browser' strategy...
2026-04-05 13:03:23,012 - INFO - [The Guardian] Article: https://www.theguardian.com/world/2026/apr/03/canadian-ice-detention-mother-daughter-tania-warner-released
2026-04-05 13:03:23,022 - INFO - [The Guardian] Attempt 1/1: Trying with 'requests_browser' strategy...
2026-04-05 13:03:23,124 - INFO - [The Guardian] Success with 'requests_browser'. Found content (585 words).
2026-04-05 13:03:23,249 - INFO - Duplicate article skipped: Canadian woman held with daughter by ICE is released after nearly three weeks of detention | Canada | The Guardian from The Guardian
2026-04-05 13:03:23,367 - INFO - [BBC] Article: https://www.bbc.com/news/articles/cx2e95xqn10o?at_medium=RSS&at_campaign=rss
2026-04-05 13:03:23,367 - INFO - [BBC] Attempt 1/1: Trying with 'requests_browser' strategy...
2026-04-05 13:03:23,521 - INFO - [BBC] Success with 'requests_browser'. Found content (605 words).
2026-04-05 13:03:23,685 - INFO - Duplicate article skipped: Camerooon's Paul Biya: World's oldest leader set to get a deputy for first time from BBC
2026-04-05 13:03:23,967 - INFO - [The Guardian] Article: https://www.theguardian.com/world/2026/apr/03/asia-fuel-crisis-iran-war-ordinary-workers
2026-04-05 13:03:23,969 - INFO - [The Guardian] Attempt 1/1: Trying with 'requests_browser' strategy...
2026-04-05 13:03:24,660 - INFO - [BBC] Article: https://www.bbc.com/news/articles/c62l084kgk6o?at_medium=RSS&at_campaign=rss
2026-04-05 13:03:24,660 - INFO - [BBC] Attempt 1/1: Trying with 'requests_browser' strategy...
2026-04-05 13:03:24,797 - INFO - [The Hindu] Page content loaded.
2026-04-05 13:03:25,056 - INFO - [BBC] Success with 'requests_browser'. Found content (542 words).
2026-04-05 13:03:25,100 - INFO - [The Guardian] Success with 'requests_browser'. Found content (2284 words).
2026-04-05 13:03:25,156 - INFO - [The Hindu] Success with 'selenium_browser'. Found content (213 words).
2026-04-05 13:03:25,557 - INFO - Duplicate article skipped: Australians told to continue Easter travel plans despite fuel shortages from BBC
2026-04-05 13:03:25,686 - INFO - Duplicate article skipped: A day in the life of Asia’s fuel crisis | US-Israel war on Iran | The Guardian from The Guardian
2026-04-05 13:03:25,749 - INFO - Saved article: Unseasonal rains in Maharashtra: Govt will provide farmers all assistance, promises CM - The Hindu from The Hindu
2026-04-05 13:03:26,518 - INFO - [The Hindu] Article: https://www.thehindu.com/elections/state-assembly-elections-west-bengal-assam-kerala-puducherry-tamil-nadu-live-updates/article70825775.ece
2026-04-05 13:03:26,518 - INFO - [The Hindu] Attempt 1/1: Trying with 'selenium_browser' strategy...
2026-04-05 13:03:26,870 - INFO - [BBC] Article: https://www.bbc.com/news/articles/cjd8275jrrko?at_medium=RSS&at_campaign=rss
2026-04-05 13:03:26,870 - INFO - [BBC] Attempt 1/1: Trying with 'requests_browser' strategy...
2026-04-05 13:03:27,021 - INFO - [The Guardian] Article: https://www.theguardian.com/world/2026/apr/02/magnitude-78-earthquake-strikes-in-indonesia-sparking-tsunami-alert
2026-04-05 13:03:27,021 - INFO - [The Guardian] Attempt 1/1: Trying with 'requests_browser' strategy...
2026-04-05 13:03:27,098 - INFO - [BBC] Success with 'requests_browser'. Found content (443 words).
2026-04-05 13:03:27,264 - INFO - [The Guardian] Success with 'requests_browser'. Found content (615 words).
2026-04-05 13:03:27,378 - INFO - Duplicate article skipped: French-owned ship passes through Strait of Hormuz from BBC
2026-04-05 13:03:27,617 - INFO - Duplicate article skipped: One killed and buildings damaged as magnitude 7.4 earthquake strikes Indonesia | Earthquakes | The Guardian from The Guardian
2026-04-05 13:03:28,298 - INFO - [BBC] Article: https://www.bbc.com/news/articles/cje47vy0w3ko?at_medium=RSS&at_campaign=rss
2026-04-05 13:03:28,298 - INFO - [BBC] Attempt 1/1: Trying with 'requests_browser' strategy...
2026-04-05 13:03:28,411 - INFO - [The Guardian] Article: https://www.theguardian.com/world/2026/apr/02/new-zealand-cook-islands-defense
2026-04-05 13:03:28,411 - INFO - [The Guardian] Attempt 1/1: Trying with 'requests_browser' strategy...
2026-04-05 13:03:28,568 - INFO - [BBC] Success with 'requests_browser'. Found content (1855 words).
2026-04-05 13:03:28,625 - INFO - [The Guardian] Success with 'requests_browser'. Found content (498 words).
2026-04-05 13:03:29,081 - INFO - Duplicate article skipped: New Zealand signs defence pact with Cook Islands after quarrel over China deal | New Zealand | The Guardian from The Guardian
2026-04-05 13:03:29,119 - INFO - Duplicate article skipped: ICE wanted to build a detention centre - this small farming town said no from BBC
2026-04-05 13:03:29,345 - INFO - [The Hindu] Page content loaded.
2026-04-05 13:03:29,684 - INFO - [The Hindu] Success with 'selenium_browser'. Found content (203 words).
2026-04-05 13:03:30,090 - INFO - Saved article: Assembly elections LIVE: Gherao of judicial officers a reflection of TMC’s ‘maha jungle raj’, says PM Modi - The Hindu from The Hindu
2026-04-05 13:03:30,293 - INFO - [The Guardian] Article: https://www.theguardian.com/technology/2026/apr/01/system-malfunction-causes-robotaxis-to-stall-in-the-middle-of-the-road-in-china
2026-04-05 13:03:30,294 - INFO - [The Guardian] Attempt 1/1: Trying with 'requests_browser' strategy...
2026-04-05 13:03:30,460 - INFO - [The Guardian] Success with 'requests_browser'. Found content (397 words).
2026-04-05 13:03:30,486 - INFO - [BBC] Article: https://www.bbc.com/news/articles/cd0rl52z3dzo?at_medium=RSS&at_campaign=rss
2026-04-05 13:03:30,487 - INFO - [BBC] Attempt 1/1: Trying with 'requests_browser' strategy...
2026-04-05 13:03:30,707 - INFO - Duplicate article skipped: ‘System malfunction’ causes robotaxis to stall in the middle of the road in China | Self-driving cars | The Guardian from The Guardian
2026-04-05 13:03:30,739 - INFO - [BBC] Success with 'requests_browser'. Found content (1000 words).
2026-04-05 13:03:30,818 - INFO - Duplicate article skipped: Chapal Rani: The man who became one of India’s greatest stage queens from BBC
2026-04-05 13:03:30,941 - INFO - [The Hindu] Article: https://www.thehindu.com/news/national/rail-neer-scam-cic-pulls-up-irctc-for-denying-rti-data-disclosure-of-cbi-ed-cases-in-tenders/article70826559.ece
2026-04-05 13:03:30,942 - INFO - [The Hindu] Attempt 1/1: Trying with 'selenium_browser' strategy...
2026-04-05 13:03:31,289 - INFO - [The Guardian] Article: https://www.theguardian.com/world/2026/apr/01/iran-energy-crisis-asia-dirty-fuels-coal
2026-04-05 13:03:31,289 - INFO - [The Guardian] Attempt 1/1: Trying with 'requests_browser' strategy...
2026-04-05 13:03:31,421 - INFO - [The Guardian] Success with 'requests_browser'. Found content (799 words).
2026-04-05 13:03:31,545 - INFO - [BBC] Article: https://www.bbc.com/news/articles/czd7y1n3jyjo?at_medium=RSS&at_campaign=rss
2026-04-05 13:03:31,551 - INFO - [BBC] Attempt 1/1: Trying with 'requests_browser' strategy...
2026-04-05 13:03:31,558 - INFO - Duplicate article skipped: Asia ramps up use of dirty fuels to cover energy shortfall triggered by Iran war | US-Israel war on Iran | The Guardian from The Guardian
2026-04-05 13:03:31,762 - INFO - [BBC] Success with 'requests_browser'. Found content (2510 words).
2026-04-05 13:03:31,883 - INFO - Duplicate article skipped: After 16 years in power, can Viktor Orban finally be unseated? from BBC
2026-04-05 13:03:32,186 - INFO - [The Guardian] Article: https://www.theguardian.com/australia-news/2026/apr/05/sisters-of-officer-killed-by-dezi-freeman-plan-to-sue-police-for-negligence-lawyer-says-ntwnfb
2026-04-05 13:03:32,186 - INFO - [The Guardian] Attempt 1/1: Trying with 'requests_browser' strategy...
2026-04-05 13:03:32,344 - INFO - [The Guardian] Success with 'requests_browser'. Found content (590 words).
2026-04-05 13:03:32,524 - INFO - Saved article: Sisters of officer killed by Dezi Freeman plan to sue police for negligence, lawyer says | Australian police and policing | The Guardian from The Guardian
2026-04-05 13:03:32,568 - INFO - [BBC] Article: https://www.bbc.com/news/articles/c4g8k8vq8gno?at_medium=RSS&at_campaign=rss
2026-04-05 13:03:32,569 - INFO - [BBC] Attempt 1/1: Trying with 'requests_browser' strategy...
2026-04-05 13:03:32,806 - INFO - [BBC] Success with 'requests_browser'. Found content (1322 words).
2026-04-05 13:03:32,983 - INFO - Duplicate article skipped: Faced with new energy shock, Europe asks if reviving nuclear is the answer from BBC
2026-04-05 13:03:33,139 - INFO - [The Hindu] Page content loaded.
2026-04-05 13:03:33,552 - INFO - [The Hindu] Success with 'selenium_browser'. Found content (518 words).
2026-04-05 13:03:33,704 - INFO - Saved article: Rail Neer scam: CIC pulls up IRCTC for denying RTI data on disclosure of CBI, ED cases in tenders - The Hindu from The Hindu
2026-04-05 13:03:33,761 - INFO - [The Guardian] Article: https://www.theguardian.com/australia-news/2026/apr/05/nearly-100-nsw-service-stations-face-fines-over-misleading-petrol-prices-amid-fuel-shortage-crackdown
2026-04-05 13:03:33,761 - INFO - [The Guardian] Attempt 1/1: Trying with 'requests_browser' strategy...
2026-04-05 13:03:33,897 - INFO - [BBC] Article: https://www.bbc.com/news/articles/cvg09dq4x5qo?at_medium=RSS&at_campaign=rss
2026-04-05 13:03:33,897 - INFO - [BBC] Attempt 1/1: Trying with 'requests_browser' strategy...
2026-04-05 13:03:33,904 - INFO - [The Guardian] Success with 'requests_browser'. Found content (451 words).
2026-04-05 13:03:34,174 - INFO - Saved article: Nearly 100 NSW service stations fined $1,100 each over misleading petrol prices amid fuel shortage crackdown | New South Wales | The Guardian from The Guardian
2026-04-05 13:03:34,196 - INFO - [BBC] Success with 'requests_browser'. Found content (1252 words).
2026-04-05 13:03:34,297 - INFO - Duplicate article skipped: How Canada's largest gun control effort in decades is missing the mark from BBC
2026-04-05 13:03:34,428 - INFO - [The Hindu] Article: https://www.thehindu.com/news/national/uttar-pradesh/akhilesh-yadav-calls-for-womens-reservation-in-parliament-only-after-fresh-census/article70826336.ece
2026-04-05 13:03:34,428 - INFO - [The Hindu] Attempt 1/1: Trying with 'selenium_browser' strategy...
2026-04-05 13:03:35,352 - INFO - [The Hindu] Page content loaded.
2026-04-05 13:03:35,474 - INFO - [The Guardian] Article: https://www.theguardian.com/australia-news/2026/apr/05/asian-leaders-assure-australia-normal-supply-of-fuel-will-continue-as-albanese-focuses-on-averting-shortages
2026-04-05 13:03:35,474 - INFO - [The Guardian] Attempt 1/1: Trying with 'requests_browser' strategy...
2026-04-05 13:03:35,491 - INFO - [The Hindu] Success with 'selenium_browser'. Found content (328 words).
2026-04-05 13:03:35,683 - INFO - [BBC] Article: https://www.bbc.com/news/articles/cj60k3x879ro?at_medium=RSS&at_campaign=rss
2026-04-05 13:03:35,683 - INFO - [BBC] Attempt 1/1: Trying with 'requests_browser' strategy...
2026-04-05 13:03:35,687 - INFO - [The Guardian] Success with 'requests_browser'. Found content (503 words).
2026-04-05 13:03:35,958 - INFO - Saved article: Women's reservation in Parliament: SP chief Akhilesh Yadav - The Hindu from The Hindu
2026-04-05 13:03:36,040 - INFO - Saved article: Asian countries assure Australia ‘normal supply’ of fuel will continue as Albanese focuses on averting shortages | Petrol prices | The Guardian from The Guardian
2026-04-05 13:03:36,050 - INFO - [BBC] Success with 'requests_browser'. Found content (709 words).
2026-04-05 13:03:36,160 - INFO - Duplicate article skipped: Mapping Bombay's metamorphosis from imperial fort city to modern megapolis from BBC
2026-04-05 13:03:36,993 - INFO - [The Hindu] Article: https://www.thehindu.com/elections/tamil-nadu-assembly/tamil-nadu-chief-minister-and-dmk-president-mk-stalin-interview/article70826149.ece
2026-04-05 13:03:36,993 - INFO - [The Hindu] Attempt 1/1: Trying with 'selenium_browser' strategy...
2026-04-05 13:03:37,176 - INFO - [The Guardian] Article: https://www.theguardian.com/australia-news/2026/apr/05/man-arrested-attempting-to-board-international-flight-at-melbourne-airport-after-allegedly-murdering-woman-ntwnfb
2026-04-05 13:03:37,177 - INFO - [The Guardian] Attempt 1/1: Trying with 'requests_browser' strategy...
2026-04-05 13:03:37,357 - INFO - [The Guardian] Success with 'requests_browser'. Found content (163 words).
2026-04-05 13:03:37,454 - INFO - [BBC] Article: https://www.bbc.com/news/articles/clyggr00x5vo?at_medium=RSS&at_campaign=rss
2026-04-05 13:03:37,454 - INFO - [BBC] Attempt 1/1: Trying with 'requests_browser' strategy...
2026-04-05 13:03:37,623 - INFO - Duplicate article skipped: Man arrested attempting to board international flight at Melbourne airport charged with murdering woman | Victoria | The Guardian from The Guardian
2026-04-05 13:03:37,921 - INFO - [BBC] Success with 'requests_browser'. Found content (1343 words).
2026-04-05 13:03:38,332 - INFO - [The Guardian] Article: https://www.theguardian.com/australia-news/2026/apr/05/bilby-breeding-trial-nsw-australia-easter-
2026-04-05 13:03:38,333 - INFO - [The Guardian] Attempt 1/1: Trying with 'requests_browser' strategy...
2026-04-05 13:03:38,388 - INFO - Duplicate article skipped: Abuja community evicted to build Nigeria's capital: 'We want a voice in our land' from BBC
2026-04-05 13:03:38,605 - INFO - [The Guardian] Success with 'requests_browser'. Found content (535 words).
2026-04-05 13:03:38,922 - INFO - Duplicate article skipped: Bilby boom: breeding trial to reintroduce species to Mallee Cliffs national park shows signs of success | Conservation | The Guardian from The Guardian
2026-04-05 13:03:39,220 - INFO - [BBC] Article: https://www.bbc.com/news/videos/c7vqlr5gqr0o?at_medium=RSS&at_campaign=rss
2026-04-05 13:03:39,220 - INFO - [BBC] Attempt 1/1: Trying with 'requests_browser' strategy...
2026-04-05 13:03:39,481 - INFO - [BBC] Success with 'requests_browser'. Found content (152 words).
2026-04-05 13:03:39,865 - INFO - [The Guardian] Article: https://www.theguardian.com/world/2026/apr/05/uproar-germany-law-men-up-to-45-military-permission-long-stays-abroad
2026-04-05 13:03:39,865 - INFO - [The Guardian] Attempt 1/1: Trying with 'requests_browser' strategy...
2026-04-05 13:03:39,904 - INFO - Saved article: Missing US airman: What we know so far from BBC
2026-04-05 13:03:40,288 - INFO - [The Guardian] Success with 'requests_browser'. Found content (611 words).
2026-04-05 13:03:40,467 - INFO - Saved article: Uproar in Germany over law requiring men get military approval for long stays abroad | Germany | The Guardian from The Guardian
2026-04-05 13:03:41,078 - INFO - [BBC] Article: https://www.bbc.com/news/videos/cpqxn8zx8ydo?at_medium=RSS&at_campaign=rss
2026-04-05 13:03:41,078 - INFO - [BBC] Attempt 1/1: Trying with 'requests_browser' strategy...
2026-04-05 13:03:41,409 - INFO - [BBC] Success with 'requests_browser'. Found content (116 words).
2026-04-05 13:03:41,554 - INFO - [The Guardian] Article: https://www.theguardian.com/world/2026/apr/05/how-paris-swapped-cars-for-bikes-and-remade-its-streets
2026-04-05 13:03:41,554 - INFO - [The Guardian] Attempt 1/1: Trying with 'requests_browser' strategy...
2026-04-05 13:03:41,705 - INFO - Saved article: Watch: Artemis II's journey so far as it leaves Earth orbit... in 85 seconds from BBC
2026-04-05 13:03:41,735 - INFO - [The Guardian] Success with 'requests_browser'. Found content (874 words).
2026-04-05 13:03:41,829 - INFO - Saved article: How Paris swapped cars for bikes – and transformed its streets | Paris | The Guardian from The Guardian
2026-04-05 13:03:42,746 - INFO - [BBC] Article: https://www.bbc.com/news/videos/crl10127elgo?at_medium=RSS&at_campaign=rss
2026-04-05 13:03:42,747 - INFO - [BBC] Attempt 1/1: Trying with 'requests_browser' strategy...
2026-04-05 13:03:42,953 - INFO - [BBC] Success with 'requests_browser'. Found content (82 words).
2026-04-05 13:03:43,349 - INFO - [The Guardian] Article: https://www.theguardian.com/world/2026/apr/04/fugitive-mafia-boss-wanted-arrested-roberto-mazzarella
2026-04-05 13:03:43,349 - INFO - [The Guardian] Attempt 1/1: Trying with 'requests_browser' strategy...
2026-04-05 13:03:43,501 - INFO - Duplicate article skipped: 'Trust us, you look amazing': Artemis II astronauts speak from space from BBC
2026-04-05 13:03:43,572 - INFO - [The Guardian] Success with 'requests_browser'. Found content (366 words).
2026-04-05 13:03:43,791 - INFO - Duplicate article skipped: Fugitive mafia boss wanted for murder arrested at Amalfi coast luxury villa | Italy | The Guardian from The Guardian
2026-04-05 13:03:44,532 - INFO - [BBC] Article: https://www.bbc.com/news/videos/c747w0zejzmo?at_medium=RSS&at_campaign=rss
2026-04-05 13:03:44,532 - INFO - [BBC] Attempt 1/1: Trying with 'requests_browser' strategy...
2026-04-05 13:03:44,625 - INFO - [The Guardian] Article: https://www.theguardian.com/world/2026/apr/04/hungary-election-why-orban-is-a-common-cause-for-us-and-russia
2026-04-05 13:03:44,626 - INFO - [The Guardian] Attempt 1/1: Trying with 'requests_browser' strategy...
2026-04-05 13:03:44,777 - INFO - [The Guardian] Success with 'requests_browser'. Found content (1213 words).
2026-04-05 13:03:44,830 - INFO - [BBC] Success with 'requests_browser'. Found content (91 words).
2026-04-05 13:03:45,026 - INFO - Duplicate article skipped: Why US and Russia are backing Viktor Orbán in Hungary election | Viktor Orbán | The Guardian from The Guardian
2026-04-05 13:03:45,051 - INFO - Duplicate article skipped: What to know about Acting Attorney General Todd Blanche from BBC
2026-04-05 13:03:46,411 - INFO - [The Guardian] Article: https://www.theguardian.com/world/2026/apr/04/young-people-hungary-general-election-polls-viktor-orban
2026-04-05 13:03:46,411 - INFO - [The Guardian] Attempt 1/1: Trying with 'requests_browser' strategy...
2026-04-05 13:03:46,534 - INFO - [The Guardian] Success with 'requests_browser'. Found content (1225 words).
2026-04-05 13:03:46,682 - INFO - Duplicate article skipped: ‘Feels like history is being made’: will young Hungarian voters oust Orbán? | Hungary | The Guardian from The Guardian
2026-04-05 13:03:47,039 - INFO - [The Hindu] Page content loaded.
2026-04-05 13:03:47,259 - INFO - [The Hindu] Success with 'selenium_browser'. Found content (1197 words).
2026-04-05 13:03:47,582 - INFO - Saved article: No close contest; the fight is between DMK and AIADMK, says CM Stalin - The Hindu from The Hindu
2026-04-05 13:03:48,800 - INFO - [The Hindu] Article: https://www.thehindu.com/news/national/gherao-of-judicial-officers-a-reflection-of-trinamools-maha-jungle-raj-says-modi/article70826566.ece
2026-04-05 13:03:48,800 - INFO - [The Hindu] Attempt 1/1: Trying with 'selenium_browser' strategy...
2026-04-05 13:03:50,349 - INFO - [The Hindu] Page content loaded.
2026-04-05 13:03:50,432 - INFO - [The Hindu] Success with 'selenium_browser'. Found content (229 words).
2026-04-05 13:03:50,541 - INFO - Saved article: Gherao of judicial officers a reflection of Trinamool’s ‘maha jungle raj’, says Modi - The Hindu from The Hindu
2026-04-05 13:03:51,487 - INFO - [The Hindu] Article: https://www.thehindu.com/elections/tamil-nadu-assembly/eps-did-not-keep-his-promise-on-rajya-sabha-seat-to-dmdk-premalatha/article70826296.ece
2026-04-05 13:03:51,487 - INFO - [The Hindu] Attempt 1/1: Trying with 'selenium_browser' strategy...
2026-04-05 13:03:52,537 - INFO - [The Hindu] Page content loaded.
2026-04-05 13:03:52,612 - INFO - [The Hindu] Success with 'selenium_browser'. Found content (442 words).
2026-04-05 13:03:52,707 - INFO - Saved article: EPS did not keep his promise on Rajya Sabha seat to DMDK: Premallatha - The Hindu from The Hindu
2026-04-05 13:03:54,102 - INFO - [The Hindu] Article: https://www.thehindu.com/news/national/madhya-pradesh/madhya-pradesh-lodge-collapse-death-toll-ndrf-rescue-operation-april-5-2026/article70825907.ece
2026-04-05 13:03:54,102 - INFO - [The Hindu] Attempt 1/1: Trying with 'selenium_browser' strategy...
2026-04-05 13:03:55,352 - INFO - [The Hindu] Page content loaded.
2026-04-05 13:03:55,599 - INFO - [The Hindu] Success with 'selenium_browser'. Found content (528 words).
2026-04-05 13:03:55,688 - INFO - Saved article: Madhya Pradesh lodge collapse death toll rises to two; NDRF continues rescue ops - The Hindu from The Hindu
2026-04-05 13:03:57,037 - INFO - [The Hindu] Article: https://www.thehindu.com/elections/tamil-nadu-assembly/tamil-nadu-polls-if-betrayal-had-a-form-it-would-be-palaniswami-says-stalin/article70826130.ece
2026-04-05 13:03:57,037 - INFO - [The Hindu] Attempt 1/1: Trying with 'selenium_browser' strategy...
2026-04-05 13:03:59,815 - INFO - [The Hindu] Page content loaded.
2026-04-05 13:03:59,991 - INFO - [The Hindu] Success with 'selenium_browser'. Found content (380 words).
2026-04-05 13:04:00,072 - INFO - Saved article: Tamil Nadu polls: If betrayal had a form, it would be Palaniswami, says Stalin - The Hindu from The Hindu
2026-04-05 13:04:00,722 - INFO - [The Hindu] Article: https://www.thehindu.com/news/national/as-us-sanctions-deadlines-expire-this-month-exporters-urge-government-to-revive-oil-rice-barter-trade-mechanism-with-iran/article70826451.ece
2026-04-05 13:04:00,723 - INFO - [The Hindu] Attempt 1/1: Trying with 'selenium_browser' strategy...
2026-04-05 13:04:01,678 - INFO - [The Hindu] Page content loaded.
2026-04-05 13:04:01,765 - INFO - [The Hindu] Success with 'selenium_browser'. Found content (695 words).
2026-04-05 13:04:01,850 - INFO - Saved article: As U.S. sanctions deadlines expire this month, exporters urge government to revive oil-rice barter trade mechanism with Iran - The Hindu from The Hindu
2026-04-05 13:04:02,708 - INFO - [The Hindu] Article: https://www.thehindu.com/news/national/judicial-infrastructure-not-optional-but-essential-cji-surya-kant/article70826281.ece
2026-04-05 13:04:02,708 - INFO - [The Hindu] Attempt 1/1: Trying with 'selenium_browser' strategy...
2026-04-05 13:04:03,326 - INFO - [Times of India] Page content loaded.
2026-04-05 13:04:03,846 - INFO - [Times of India] Success with 'selenium_browser'. Found content (296 words).
2026-04-05 13:04:04,179 - INFO - Saved article: No DUI, no illegal employment: Indian student got deported from US for one honest answer - The Times of India from Times of India
2026-04-05 13:04:04,372 - INFO - [The Hindu] Page content loaded.
2026-04-05 13:04:04,447 - INFO - [The Hindu] Success with 'selenium_browser'. Found content (502 words).
2026-04-05 13:04:04,524 - INFO - Saved article: Judicial infrastructure not optional but essential, says CJI Surya Kant - The Hindu from The Hindu
2026-04-05 13:04:04,867 - INFO - [Times of India] Article: https://timesofindia.indiatimes.com/world/us/congo-to-take-third-country-deportees-from-us-under-new-deal-with-trump-administration/articleshow/130037990.cms
2026-04-05 13:04:04,867 - INFO - [Times of India] Attempt 1/1: Trying with 'selenium_browser' strategy...
2026-04-05 13:04:05,810 - INFO - [The Hindu] Article: https://www.thehindu.com/news/national/andhra-pradesh/unusual-summer-temperatures-spike-in-rayalaseema/article70826464.ece
2026-04-05 13:04:05,811 - INFO - [The Hindu] Attempt 1/1: Trying with 'selenium_browser' strategy...
2026-04-05 13:04:07,903 - INFO - [The Hindu] Page content loaded.
2026-04-05 13:04:08,173 - INFO - [The Hindu] Success with 'selenium_browser'. Found content (403 words).
2026-04-05 13:04:08,286 - INFO - Saved article: Unusual summer temperature spike in Rayalaseema - The Hindu from The Hindu
2026-04-05 13:04:09,129 - INFO - [The Hindu] Article: https://www.thehindu.com/news/national/uttar-pradesh/aap-foot-march-arrives-in-hathras-sanjay-singh-slams-centre-for-unemployment-divisive-politics/article70826446.ece
2026-04-05 13:04:09,129 - INFO - [The Hindu] Attempt 1/1: Trying with 'selenium_browser' strategy...
2026-04-05 13:04:11,859 - INFO - [The Hindu] Page content loaded.
2026-04-05 13:04:11,936 - INFO - [The Hindu] Success with 'selenium_browser'. Found content (319 words).
2026-04-05 13:04:12,035 - INFO - Saved article: AAP foot march arrives in Hathras; Sanjay Singh slams Centre for unemployment, divisive politics - The Hindu from The Hindu
2026-04-05 13:04:13,058 - INFO - [The Hindu] Article: https://www.thehindu.com/news/national/kerala/synthetic-drug-seizure-in-kozhikode-more-suspects-under-scanner/article70826441.ece
2026-04-05 13:04:13,058 - INFO - [The Hindu] Attempt 1/1: Trying with 'selenium_browser' strategy...
2026-04-05 13:04:13,881 - INFO - [The Hindu] Page content loaded.
2026-04-05 13:04:13,974 - INFO - [The Hindu] Success with 'selenium_browser'. Found content (351 words).
2026-04-05 13:04:14,056 - INFO - Saved article: Synthetic drug seizure in Kozhikode: More suspects under scanner - The Hindu from The Hindu
2026-04-05 13:04:14,720 - INFO - [The Hindu] Article: https://www.thehindu.com/news/national/telangana/bjp-hails-khanapur-chairperson-victory-slams-congress-partys-undemocratic-tactics/article70826404.ece
2026-04-05 13:04:14,720 - INFO - [The Hindu] Attempt 1/1: Trying with 'selenium_browser' strategy...
2026-04-05 13:04:15,853 - INFO - [The Hindu] Page content loaded.
2026-04-05 13:04:15,958 - INFO - [The Hindu] Success with 'selenium_browser'. Found content (302 words).
2026-04-05 13:04:16,056 - INFO - Saved article: BJP hails Khanapur chairperson victory, slams Congress party’s ‘undemocratic tactics’ - The Hindu from The Hindu
2026-04-05 13:04:17,044 - INFO - [The Hindu] Article: https://www.thehindu.com/elections/assam-assembly/assam-assembly-polls-like-zubeen-garg-cong-works-to-unite-people-says-rahul-gandhi/article70826244.ece
2026-04-05 13:04:17,045 - INFO - [The Hindu] Attempt 1/1: Trying with 'selenium_browser' strategy...
2026-04-05 13:04:17,683 - INFO - [The Hindu] Page content loaded.
2026-04-05 13:04:17,770 - INFO - [The Hindu] Success with 'selenium_browser'. Found content (427 words).
2026-04-05 13:04:17,842 - INFO - Saved article: Assam Election 2026: Like Zubeen Garg, Congress works to unite people, says Rahul Gandhi - The Hindu from The Hindu
2026-04-05 13:04:18,915 - INFO - [The Hindu] Article: https://www.thehindu.com/news/national/odisha/odisha-govt-makes-e-kyc-mandatory-to-avail-cooking-gas-cylinders-in-odisha-minister/article70826314.ece
2026-04-05 13:04:18,915 - INFO - [The Hindu] Attempt 1/1: Trying with 'selenium_browser' strategy...
2026-04-05 13:04:20,203 - INFO - [Times of India] Page content loaded.
2026-04-05 13:04:20,455 - INFO - [Times of India] Success with 'selenium_browser'. Found content (549 words).
2026-04-05 13:04:20,488 - INFO - [The Hindu] Page content loaded.
2026-04-05 13:04:20,585 - INFO - Saved article: Congo Deportees From Us: Congo to take third-country deportees from US under new deal with Trump administration - The Times of India from Times of India
2026-04-05 13:04:20,847 - INFO - [The Hindu] Success with 'selenium_browser'. Found content (159 words).
2026-04-05 13:04:21,073 - INFO - Saved article: Odisha Govt makes e-KYC mandatory to avail cooking gas cylinders in Odisha: Minister - The Hindu from The Hindu
2026-04-05 13:04:21,472 - INFO - [Times of India] Article: https://timesofindia.indiatimes.com/world/middle-east/watch-explosion-at-bahrains-key-oil-refinery-site-after-iran-missile-strike/articleshow/130037335.cms
2026-04-05 13:04:21,472 - INFO - [Times of India] Attempt 1/1: Trying with 'selenium_browser' strategy...
2026-04-05 13:04:21,652 - INFO - [The Hindu] Article: https://www.thehindu.com/elections/kerala-assembly/kerala-assembly-polls-2026-kit-row-explodes-again-in-thrissur-4000-kits-seized-at-vadanappally/article70826412.ece
2026-04-05 13:04:21,652 - INFO - [The Hindu] Attempt 1/1: Trying with 'selenium_browser' strategy...
2026-04-05 13:04:22,280 - INFO - [The Hindu] Page content loaded.
2026-04-05 13:04:22,364 - INFO - [The Hindu] Success with 'selenium_browser'. Found content (390 words).
2026-04-05 13:04:22,609 - INFO - Saved article: Kerala election 2026: Kit row explodes again in Thrissur; 4,000 kits seized at Vadanappally - The Hindu from The Hindu
2026-04-05 13:04:22,622 - INFO - [Times of India] Page content loaded.
2026-04-05 13:04:22,852 - INFO - [Times of India] Success with 'selenium_browser'. Found content (263 words).
2026-04-05 13:04:22,979 - INFO - Saved article: Watch: Explosion at Bahrain's key oil refinery site after Iran missile strike - The Times of India from Times of India
2026-04-05 13:04:23,192 - INFO - [The Hindu] Article: https://www.thehindu.com/news/national/pms-push-for-increasing-seats-of-lok-sabha-assemblies-nothing-but-weapon-of-mass-distraction-congress/article70826135.ece
2026-04-05 13:04:23,192 - INFO - [The Hindu] Attempt 1/1: Trying with 'selenium_browser' strategy...
2026-04-05 13:04:23,790 - INFO - [The Hindu] Page content loaded.
2026-04-05 13:04:23,906 - INFO - [The Hindu] Success with 'selenium_browser'. Found content (981 words).
2026-04-05 13:04:23,994 - INFO - Saved article: PM’s push for increasing seats of Lok Sabha, Assemblies nothing but ‘Weapon of Mass Distraction’: Congress - The Hindu from The Hindu
2026-04-05 13:04:24,360 - INFO - [Times of India] Article: https://timesofindia.indiatimes.com/world/middle-east/bitter-defeat-for-us-iran-hails-strike-on-aircraft-as-victory-after-second-f-15-pilot-rescued/articleshow/130037032.cms
2026-04-05 13:04:24,360 - INFO - [Times of India] Attempt 1/1: Trying with 'selenium_browser' strategy...
2026-04-05 13:04:25,212 - INFO - [The Hindu] Article: https://www.thehindu.com/news/national/andhra-pradesh/spmvv-vice-chancellor-unveils-book-on-food-analysis/article70823974.ece
2026-04-05 13:04:25,212 - INFO - [The Hindu] Attempt 1/1: Trying with 'selenium_browser' strategy...
2026-04-05 13:04:26,335 - INFO - [The Hindu] Page content loaded.
2026-04-05 13:04:26,458 - INFO - [The Hindu] Success with 'selenium_browser'. Found content (250 words).
2026-04-05 13:04:26,557 - INFO - Saved article: SPMVV Vice-Chancellor unveils book on food analysis - The Hindu from The Hindu
2026-04-05 13:04:27,477 - INFO - [The Hindu] Article: https://www.thehindu.com/news/national/kerala/high-level-probe-under-way-as-firecracker-explosion-claims-two-lives-in-kozhikode/article70825782.ece
2026-04-05 13:04:27,478 - INFO - [The Hindu] Attempt 1/1: Trying with 'selenium_browser' strategy...
2026-04-05 13:04:27,894 - INFO - [Times of India] Page content loaded.
2026-04-05 13:04:28,168 - INFO - [Times of India] Success with 'selenium_browser'. Found content (498 words).
2026-04-05 13:04:28,358 - INFO - Saved article: ‘Bitter defeat for US’: Iran hails strike on aircraft as victory after second F-15 pilot rescued - The Times of India from Times of India
2026-04-05 13:04:28,538 - INFO - [The Hindu] Page content loaded.
2026-04-05 13:04:28,589 - INFO - [The Hindu] Success with 'selenium_browser'. Found content (305 words).
2026-04-05 13:04:28,711 - INFO - Saved article: High-level probe under way as firecracker explosion claims two lives in Kozhikode - The Hindu from The Hindu
2026-04-05 13:04:29,436 - INFO - [The Hindu] Article: https://www.thehindu.com/elections/tamil-nadu-assembly/tamil-nadu-assembly-polls-last-date-for-filing-nomination-on-april-6/article70826309.ece
2026-04-05 13:04:29,437 - INFO - [The Hindu] Attempt 1/1: Trying with 'selenium_browser' strategy...
2026-04-05 13:04:29,462 - INFO - [Times of India] Article: https://timesofindia.indiatimes.com/world/middle-east/mass-crackdown-in-saudi-arabia-over-14000-illegal-residents-arrested-in-one-week/articleshow/130035323.cms
2026-04-05 13:04:29,462 - INFO - [Times of India] Attempt 1/1: Trying with 'selenium_browser' strategy...
2026-04-05 13:04:31,023 - INFO - [The Hindu] Page content loaded.
2026-04-05 13:04:31,191 - INFO - [The Hindu] Success with 'selenium_browser'. Found content (202 words).
2026-04-05 13:04:31,201 - INFO - [Times of India] Page content loaded.
2026-04-05 13:04:31,291 - INFO - Saved article: Tamil Nadu election 2026: Last date for filing nomination on April 6 - The Hindu from The Hindu
2026-04-05 13:04:31,458 - INFO - [Times of India] Success with 'selenium_browser'. Found content (333 words).
2026-04-05 13:04:31,588 - INFO - Saved article: Mass crackdown in Saudi Arabia: Over 14,000 illegal residents arrested in one week | World News - The Times of India from Times of India
2026-04-05 13:04:32,036 - INFO - [The Hindu] Article: https://www.thehindu.com/news/national/karnataka/search-operations-stepped-up-to-trace-missing-kerala-woman-trekker-in-tadiandamol-in-kodagu/article70826286.ece
2026-04-05 13:04:32,037 - INFO - [The Hindu] Attempt 1/1: Trying with 'selenium_browser' strategy...
2026-04-05 13:04:32,936 - INFO - [Times of India] Article: https://timesofindia.indiatimes.com/world/rest-of-world/what-lies-beneath-the-mediterranean-will-shock-you-ancient-shipwrecks-expose-gold-coins-and-forgotten-histories/articleshow/130035248.cms
2026-04-05 13:04:32,936 - INFO - [Times of India] Attempt 1/1: Trying with 'selenium_browser' strategy...
2026-04-05 13:04:34,142 - INFO - [The Hindu] Page content loaded.
2026-04-05 13:04:34,271 - INFO - [The Hindu] Success with 'selenium_browser'. Found content (354 words).
2026-04-05 13:04:34,364 - INFO - Saved article: Search operations stepped up to trace missing Kerala woman trekker in Tadiandamol in Kodagu - The Hindu from The Hindu
2026-04-05 13:04:35,051 - INFO - [Times of India] Page content loaded.
2026-04-05 13:04:35,394 - INFO - [Times of India] Success with 'selenium_browser'. Found content (723 words).
2026-04-05 13:04:35,693 - INFO - Saved article: What lies beneath the Mediterranean will shock you: Ancient shipwrecks expose gold, coins, and forgotten histories | World News - The Times of India from Times of India
2026-04-05 13:04:35,729 - INFO - [The Hindu] Article: https://www.thehindu.com/news/cities/Delhi/racket-involved-in-diverting-govt-supplied-medicines-unearthed-in-delhi-five-held/article70826294.ece
2026-04-05 13:04:35,729 - INFO - [The Hindu] Attempt 1/1: Trying with 'selenium_browser' strategy...
2026-04-05 13:04:36,920 - INFO - [Times of India] Article: https://timesofindia.indiatimes.com/science/the-best-camera-to-ever-exist-artemis-ii-crew-to-study-the-moons-surface-mainly-with-their-eyes/articleshow/130034832.cms
2026-04-05 13:04:36,921 - INFO - [Times of India] Attempt 1/1: Trying with 'selenium_browser' strategy...
2026-04-05 13:04:37,817 - INFO - [The Hindu] Page content loaded.
2026-04-05 13:04:37,988 - WARNING - [The Hindu] FAILED with 'selenium_browser' (content was too short: 73 words).
2026-04-05 13:04:37,988 - ERROR - [The Hindu] All scrape strategies failed for https://www.thehindu.com/news/cities/Delhi/racket-involved-in-diverting-govt-supplied-medicines-unearthed-in-delhi-five-held/article70826294.ece. Falling back to RSS description.
2026-04-05 13:04:37,996 - INFO - Saved article: Racket involved in diverting govt-supplied medicines unearthed in Delhi, five held from The Hindu
2026-04-05 13:04:38,732 - INFO - [Times of India] Page content loaded.
2026-04-05 13:04:38,755 - INFO - [The Hindu] (Thread) Finished. Attempting to shut down its Selenium driver.
2026-04-05 13:04:39,089 - INFO - [The Hindu] (Thread) driver.quit() successful.
2026-04-05 13:04:39,096 - INFO - [Times of India] Success with 'selenium_browser'. Found content (388 words).
2026-04-05 13:04:39,206 - INFO - Saved article: ‘The best camera to ever exist’: Artemis II crew to study the Moon's surface mainly with their eyes | - The Times of India from Times of India
2026-04-05 13:04:40,598 - INFO - [Times of India] Article: https://timesofindia.indiatimes.com/world/rest-of-world/worlds-unhappiest-countries-in-2026-afghanistan-zimbabwe-and-lebanon-among-least-happy-nations/articleshow/130034336.cms
2026-04-05 13:04:40,598 - INFO - [Times of India] Attempt 1/1: Trying with 'selenium_browser' strategy...
2026-04-05 13:04:41,999 - INFO - [Times of India] Page content loaded.
2026-04-05 13:04:42,137 - INFO - [Times of India] Success with 'selenium_browser'. Found content (705 words).
2026-04-05 13:04:42,209 - INFO - Saved article: World’s unhappiest countries in 2026: Afghanistan, Zimbabwe and Lebanon among least happy nations | World News - The Times of India from Times of India
2026-04-05 13:04:43,565 - INFO - [Times of India] Article: https://timesofindia.indiatimes.com/world/middle-east/saudi-arabia-makes-history-with-shams-satellite-launch-joins-nasas-artemis-programme/articleshow/130033746.cms
2026-04-05 13:04:43,565 - INFO - [Times of India] Attempt 1/1: Trying with 'selenium_browser' strategy...
2026-04-05 13:04:44,368 - INFO - [Times of India] Page content loaded.
2026-04-05 13:04:44,500 - INFO - [Times of India] Success with 'selenium_browser'. Found content (655 words).
2026-04-05 13:04:44,567 - INFO - Saved article: Saudi Arabia makes history with 'Shams' Satellite launch, joins NASA's Artemis Programme | World News - The Times of India from Times of India
2026-04-05 13:04:45,400 - INFO - [Times of India] Article: https://timesofindia.indiatimes.com/world/us/90-year-old-ohio-woman-breaks-guinness-record-for-dead-hang-says-it-didnt-sound-impossible/articleshow/130034159.cms
2026-04-05 13:04:45,400 - INFO - [Times of India] Attempt 1/1: Trying with 'selenium_browser' strategy...
2026-04-05 13:04:47,771 - INFO - [Times of India] Page content loaded.
2026-04-05 13:04:48,010 - INFO - [Times of India] Success with 'selenium_browser'. Found content (572 words).
2026-04-05 13:04:48,144 - INFO - Saved article: 90-year-old Ohio woman breaks Guinness Record for dead hang, says ‘it didn’t sound impossible’ | World News - The Times of India from Times of India
2026-04-05 13:04:49,362 - INFO - [Times of India] Article: https://timesofindia.indiatimes.com/world/middle-east/serious-risk-of-radioactive-contamination-iran-fm-writes-to-un-over-bushehr-nuclear-strikes/articleshow/130033576.cms
2026-04-05 13:04:49,362 - INFO - [Times of India] Attempt 1/1: Trying with 'selenium_browser' strategy...
2026-04-05 13:04:50,282 - INFO - [Times of India] Page content loaded.
2026-04-05 13:04:50,447 - INFO - [Times of India] Success with 'selenium_browser'. Found content (306 words).
2026-04-05 13:04:50,506 - INFO - Saved article: 'Serious risk of radioactive contamination': Iran FM writes to UN over Bushehr nuclear strikes - The Times of India from Times of India
2026-04-05 13:04:51,344 - INFO - [Times of India] Article: https://timesofindia.indiatimes.com/world/middle-east/iran-drone-strike-on-us-embassy-in-saudi-arabia-hit-cia-station-report/articleshow/130032655.cms
2026-04-05 13:04:51,344 - INFO - [Times of India] Attempt 1/1: Trying with 'selenium_browser' strategy...
2026-04-05 13:04:52,117 - INFO - [Times of India] Page content loaded.
2026-04-05 13:04:52,246 - INFO - [Times of India] Success with 'selenium_browser'. Found content (516 words).
2026-04-05 13:04:52,305 - INFO - Saved article: Iran drone strike on US Embassy in Saudi Arabia hit CIA station: Report | World News - The Times of India from Times of India
2026-04-05 13:04:53,762 - INFO - [Times of India] Article: https://timesofindia.indiatimes.com/science/earth-is-quite-small-and-the-moon-getting-bigger-past-halfway-artemis-ii-toilet-malfunctions-again/articleshow/130032693.cms
2026-04-05 13:04:53,763 - INFO - [Times of India] Attempt 1/1: Trying with 'selenium_browser' strategy...
2026-04-05 13:04:54,571 - INFO - [Times of India] Page content loaded.
2026-04-05 13:04:54,675 - INFO - [Times of India] Success with 'selenium_browser'. Found content (446 words).
2026-04-05 13:04:54,751 - INFO - Saved article: 'Earth is quite small and the moon getting bigger': Past halfway, Artemis II toilet malfunctions again - The Times of India from Times of India
2026-04-05 13:04:55,740 - INFO - [Times of India] Article: https://timesofindia.indiatimes.com/world/middle-east/your-sons-more-in-danger-with-trump-iran-tells-us-pilots-mother-it-doesnt-treat-pows-like-your-savage-allies/articleshow/130032617.cms
2026-04-05 13:04:55,740 - INFO - [Times of India] Attempt 1/1: Trying with 'selenium_browser' strategy...
2026-04-05 13:04:57,029 - INFO - [Times of India] Page content loaded.
2026-04-05 13:04:57,195 - INFO - [Times of India] Success with 'selenium_browser'. Found content (641 words).
2026-04-05 13:04:57,266 - INFO - Saved article: Us Iran War: 'Your sons more in danger with Trump': Iran tells US pilot's mother it doesn't treat POWs 'like your savage allies' - The Times of India from Times of India
2026-04-05 13:04:57,959 - INFO - [Times of India] Article: https://timesofindia.indiatimes.com/world/middle-east/gates-of-hell-will-open-for-you-iran-rejects-trumps-helpless-48-hour-ultimatum-to-reopen-strait-of-hormuz/articleshow/130032108.cms
2026-04-05 13:04:57,959 - INFO - [Times of India] Attempt 1/1: Trying with 'selenium_browser' strategy...
2026-04-05 13:04:58,863 - INFO - [Times of India] Page content loaded.
2026-04-05 13:04:58,960 - INFO - [Times of India] Success with 'selenium_browser'. Found content (433 words).
2026-04-05 13:04:59,070 - INFO - Duplicate article skipped: Strait Of Hormuz: 'Gates of hell will open for you': Iran rejects Trump's 'helpless' 48-hour ultimatum to reopen Strait of Hormuz - The Times of India from Times of India
2026-04-05 13:04:59,896 - INFO - [Times of India] Article: https://timesofindia.indiatimes.com/defence/news/600-mile-strike-push-us-positions-lethal-long-range-missiles-for-iran-war-report/articleshow/130032066.cms
2026-04-05 13:04:59,896 - INFO - [Times of India] Attempt 1/1: Trying with 'selenium_browser' strategy...
2026-04-05 13:05:00,662 - INFO - [Times of India] Page content loaded.
2026-04-05 13:05:00,704 - INFO - [Times of India] Success with 'selenium_browser'. Found content (753 words).
2026-04-05 13:05:00,727 - INFO - Duplicate article skipped: 600-mile strike push: US positions lethal long-range missiles for Iran war - Report - The Times of India from Times of India
2026-04-05 13:05:01,391 - INFO - [Times of India] Article: https://timesofindia.indiatimes.com/world/middle-east/unjust-iranian-aggression-kuwaits-ministries-complex-building-targeted-in-hostile-drone-attack-watch/articleshow/130031063.cms
2026-04-05 13:05:01,391 - INFO - [Times of India] Attempt 1/1: Trying with 'selenium_browser' strategy...
2026-04-05 13:05:02,217 - INFO - [Times of India] Page content loaded.
2026-04-05 13:05:02,378 - INFO - [Times of India] Success with 'selenium_browser'. Found content (253 words).
2026-04-05 13:05:02,434 - INFO - Duplicate article skipped: 'Unjust Iranian aggression': Kuwait's ministries complex building targeted in 'hostile' drone attack; watch - The Times of India from Times of India
2026-04-05 13:05:03,481 - INFO - [Times of India] Article: https://timesofindia.indiatimes.com/world/middle-east/us-israel-iran-war-news-live-updates-middle-east-crisis-conflict-latest-news-iran-drone-missile-attack-gulf-dubai-qatar-news-strait-of-hormuz-crude-oil-impact-donald-trump/liveblog/130011222.cms
2026-04-05 13:05:03,481 - INFO - [Times of India] Attempt 1/1: Trying with 'selenium_browser' strategy...
2026-04-05 13:05:04,413 - INFO - [Times of India] Page content loaded.
2026-04-05 13:05:04,744 - INFO - [Times of India] Success with 'selenium_browser'. Found content (160 words).
2026-04-05 13:05:04,839 - INFO - Duplicate article skipped: US-Israel-Iran War News Live Updates: 'Praise be to Allah' - Furious Trump hints at hitting Iran hard in expletive-filled social media post - The Times of India from Times of India
2026-04-05 13:05:06,136 - INFO - [Times of India] Article: https://timesofindia.indiatimes.com/world/us/ex-us-congressman-says-army-source-told-him-of-aliens-breeding-with-humans-in-secret-sites/articleshow/130026543.cms
2026-04-05 13:05:06,136 - INFO - [Times of India] Attempt 1/1: Trying with 'selenium_browser' strategy...
2026-04-05 13:05:06,947 - INFO - [Times of India] Page content loaded.
2026-04-05 13:05:07,125 - INFO - [Times of India] Success with 'selenium_browser'. Found content (1020 words).
2026-04-05 13:05:07,191 - INFO - Duplicate article skipped: Ex-US congressman says Army source told him of ‘aliens breeding with humans’ in secret sites | World News - The Times of India from Times of India
2026-04-05 13:05:08,226 - INFO - [Times of India] Article: https://timesofindia.indiatimes.com/world/us/first-thing-i-saw-tpusa-reporter-shocked-by-blessings-for-job-visa-sign-inside-hindu-temple-in-texas/articleshow/130026617.cms
2026-04-05 13:05:08,226 - INFO - [Times of India] Attempt 1/1: Trying with 'selenium_browser' strategy...
2026-04-05 13:05:09,211 - INFO - [Times of India] Page content loaded.
2026-04-05 13:05:09,351 - INFO - [Times of India] Success with 'selenium_browser'. Found content (397 words).
2026-04-05 13:05:09,421 - INFO - Duplicate article skipped: ‘First thing I saw’: TPUSA reporter 'shocked' by blessings for ‘job visa’ sign inside Hindu temple in Texas - The Times of India from Times of India
2026-04-05 13:05:10,256 - INFO - [Times of India] (Thread) Finished. Attempting to shut down its Selenium driver.
2026-04-05 13:05:10,614 - INFO - [Times of India] (Thread) driver.quit() successful.
2026-04-05 13:05:10,614 - INFO - Shutting down thread pool (wait=False)...
2026-04-05 13:05:10,614 - INFO - Scraped: 14 Times of India, 25 The Hindu, 6 The Guardian, 3 BBC articles. (Total saved: 48)
2026-04-05 13:05:10,614 - INFO - --- Scraping job finished ---
2026-04-05 13:05:10,620 - INFO - --- Scraper service stopped and database connection closed. ---
2026-04-05 13:05:10,620 - INFO - --- Main thread finished. Forcing process exit to kill zombie threads. ---
