2026-01-07 01:54:26,871 - INFO - Initializing database connection at: news_articles.db
2026-01-07 01:54:26,871 - INFO - --- Scraper service started (CI Mode: Run Once) ---
2026-01-07 01:54:26,871 - INFO - --- Starting new scraping job (Parallel Mode) ---
2026-01-07 01:54:26,871 - INFO - Creating new robust session with 3 retries on 5xx/connection/read errors.
2026-01-07 01:54:26,872 - INFO - Proxy is DISABLED.
2026-01-07 01:54:26,872 - INFO - Starting scrape for BBC RSS feed: http://feeds.bbci.co.uk/news/world/rss.xml
2026-01-07 01:54:26,872 - INFO - [Times of India] (Thread) requires Selenium. Initializing driver...
2026-01-07 01:54:26,872 - INFO - Initializing headless Selenium Chrome driver (using SeleniumManager)...
2026-01-07 01:54:26,873 - INFO - Starting scrape for The Guardian RSS feed: https://www.theguardian.com/world/rss
2026-01-07 01:54:26,876 - INFO - [The Hindu] (Thread) requires Selenium. Initializing driver...
2026-01-07 01:54:26,877 - INFO - Submitted 4 jobs to thread pool. Waiting up to 420s for completion...
2026-01-07 01:54:26,877 - INFO - Initializing headless Selenium Chrome driver (using SeleniumManager)...
2026-01-07 01:54:26,962 - INFO - Found 45 articles in The Guardian RSS feed. Processing up to 25.
2026-01-07 01:54:26,963 - INFO - [The Guardian] Article: https://www.theguardian.com/world/2026/jan/02/anthony-joshuas-driver-charged-with-dangerous-driving-after-fatal-crash-in-nigeria
2026-01-07 01:54:26,963 - INFO - [The Guardian] Attempt 1/1: Trying with 'requests_browser' strategy...
2026-01-07 01:54:27,104 - INFO - Found 35 articles in BBC RSS feed. Processing up to 25.
2026-01-07 01:54:27,104 - INFO - [BBC] Article: https://www.bbc.com/news/articles/c17zee20qpzo?at_medium=RSS&at_campaign=rss
2026-01-07 01:54:27,104 - INFO - [BBC] Attempt 1/1: Trying with 'requests_browser' strategy...
2026-01-07 01:54:27,135 - INFO - [The Guardian] Success with 'requests_browser'. Found content (346 words).
2026-01-07 01:54:27,178 - INFO - Duplicate article skipped: Anthony Joshua’s driver charged with dangerous driving after fatal crash in Nigeria | Anthony Joshua | The Guardian from The Guardian
2026-01-07 01:54:27,272 - INFO - [BBC] Success with 'requests_browser'. Found content (915 words).
2026-01-07 01:54:27,312 - INFO - Saved article: UK and France to send troops to Ukraine if peace deal agreed with Russia from BBC
2026-01-07 01:54:28,148 - INFO - [BBC] Article: https://www.bbc.com/news/articles/cd6w4y0eq70o?at_medium=RSS&at_campaign=rss
2026-01-07 01:54:28,148 - INFO - [BBC] Attempt 1/1: Trying with 'requests_browser' strategy...
2026-01-07 01:54:28,184 - INFO - [BBC] Success with 'requests_browser'. Found content (662 words).
2026-01-07 01:54:28,222 - INFO - Saved article: Venezuelan security forces detain journalists from foreign news organisations from BBC
2026-01-07 01:54:28,674 - INFO - [The Guardian] Article: https://www.theguardian.com/science/2026/jan/01/cremation-pyre-in-africa-thought-to-be-worlds-oldest-containing-adult-remains
2026-01-07 01:54:28,674 - INFO - [The Guardian] Attempt 1/1: Trying with 'requests_browser' strategy...
2026-01-07 01:54:28,696 - INFO - [The Guardian] Success with 'requests_browser'. Found content (653 words).
2026-01-07 01:54:28,731 - INFO - Duplicate article skipped: Cremation pyre in Africa thought to be world’s oldest containing adult remains | Anthropology | The Guardian from The Guardian
2026-01-07 01:54:28,868 - INFO - [BBC] Article: https://www.bbc.com/news/articles/c7v0deypjl4o?at_medium=RSS&at_campaign=rss
2026-01-07 01:54:28,868 - INFO - [BBC] Attempt 1/1: Trying with 'requests_browser' strategy...
2026-01-07 01:54:28,906 - INFO - [BBC] Success with 'requests_browser'. Found content (628 words).
2026-01-07 01:54:28,952 - INFO - Saved article: US may seize oil tanker heading for Europe, reports say from BBC
2026-01-07 01:54:29,569 - INFO - [BBC] Article: https://www.bbc.com/news/articles/czjg37p34r3o?at_medium=RSS&at_campaign=rss
2026-01-07 01:54:29,569 - INFO - [BBC] Attempt 1/1: Trying with 'requests_browser' strategy...
2026-01-07 01:54:29,595 - INFO - [BBC] Success with 'requests_browser'. Found content (573 words).
2026-01-07 01:54:29,632 - INFO - Saved article: Six dead and hundreds of flights cancelled as snow causes chaos across Europe from BBC
2026-01-07 01:54:30,083 - INFO - [The Guardian] Article: https://www.theguardian.com/global-development/2026/jan/01/us-aid-cuts-conditions-un-humanitarian-pledge-ocha
2026-01-07 01:54:30,083 - INFO - [The Guardian] Attempt 1/1: Trying with 'requests_browser' strategy...
2026-01-07 01:54:30,108 - INFO - [The Guardian] Success with 'requests_browser'. Found content (631 words).
2026-01-07 01:54:30,143 - INFO - Duplicate article skipped: US ‘adapt, shrink or die’ terms for $2bn aid pot will mean UN bowing down to Washington, say experts | Aid | The Guardian from The Guardian
2026-01-07 01:54:30,235 - INFO - [BBC] Article: https://www.bbc.com/news/articles/cre28d2j2zxo?at_medium=RSS&at_campaign=rss
2026-01-07 01:54:30,235 - INFO - [BBC] Attempt 1/1: Trying with 'requests_browser' strategy...
2026-01-07 01:54:30,272 - INFO - [BBC] Success with 'requests_browser'. Found content (1261 words).
2026-01-07 01:54:30,312 - INFO - Saved article: Iran anti-government protests spread to majority of provinces, videos show from BBC
2026-01-07 01:54:30,998 - INFO - [BBC] Article: https://www.bbc.com/news/articles/c07xkeee2k3o?at_medium=RSS&at_campaign=rss
2026-01-07 01:54:30,998 - INFO - [BBC] Attempt 1/1: Trying with 'requests_browser' strategy...
2026-01-07 01:54:31,030 - INFO - [BBC] Success with 'requests_browser'. Found content (693 words).
2026-01-07 01:54:31,069 - INFO - Duplicate article skipped: European allies back Denmark over Trump's threat to annex Greenland from BBC
2026-01-07 01:54:31,569 - INFO - [The Guardian] Article: https://www.theguardian.com/world/2025/dec/31/guinea-junta-chief-mamady-doumbouya-elected-president-after-opposition-boycott
2026-01-07 01:54:31,569 - INFO - [The Guardian] Attempt 1/1: Trying with 'requests_browser' strategy...
2026-01-07 01:54:31,590 - INFO - [The Guardian] Success with 'requests_browser'. Found content (399 words).
2026-01-07 01:54:31,646 - INFO - Duplicate article skipped: Guinea’s junta chief elected president after opposition boycott | Guinea | The Guardian from The Guardian
2026-01-07 01:54:32,028 - INFO - [BBC] Article: https://www.bbc.com/news/articles/c74w54783zeo?at_medium=RSS&at_campaign=rss
2026-01-07 01:54:32,028 - INFO - [BBC] Attempt 1/1: Trying with 'requests_browser' strategy...
2026-01-07 01:54:32,059 - INFO - [BBC] Success with 'requests_browser'. Found content (341 words).
2026-01-07 01:54:32,098 - INFO - Saved article: Sudan civil war: Children among 13 killed after drone hits home in el-Obeid city, medics say from BBC
2026-01-07 01:54:32,509 - INFO - [The Guardian] Article: https://www.theguardian.com/world/2025/dec/30/saudi-arabia-uae-tension-future-yemen-boiling-point
2026-01-07 01:54:32,509 - INFO - [The Guardian] Attempt 1/1: Trying with 'requests_browser' strategy...
2026-01-07 01:54:32,724 - INFO - [The Guardian] Success with 'requests_browser'. Found content (932 words).
2026-01-07 01:54:32,771 - INFO - Duplicate article skipped: Tensions between Saudis and Emiratis over future of Yemen reach boiling point | Yemen | The Guardian from The Guardian
2026-01-07 01:54:33,199 - INFO - [BBC] Article: https://www.bbc.com/news/articles/cpv7myg2nw4o?at_medium=RSS&at_campaign=rss
2026-01-07 01:54:33,199 - INFO - [BBC] Attempt 1/1: Trying with 'requests_browser' strategy...
2026-01-07 01:54:33,226 - INFO - [BBC] Success with 'requests_browser'. Found content (634 words).
2026-01-07 01:54:33,262 - INFO - Saved article: Zelensky replaces Ukraine's powerful security service leadership from BBC
2026-01-07 01:54:33,427 - INFO - [The Guardian] Article: https://www.theguardian.com/world/live/2026/jan/06/venezuela-live-updates-maduro-trump-us-attack-opposition-machado-return
2026-01-07 01:54:33,427 - INFO - [The Guardian] Attempt 1/1: Trying with 'requests_browser' strategy...
2026-01-07 01:54:33,645 - INFO - [The Guardian] Success with 'requests_browser'. Found content (3224 words).
2026-01-07 01:54:33,740 - INFO - Duplicate article skipped: Trump’s claims about Greenland are misinformation, Danish official says amid latest US push to acquire territory – live | US Capitol attack | The Guardian from The Guardian
2026-01-07 01:54:33,827 - INFO - [BBC] Article: https://www.bbc.com/news/articles/cdx4zxk1np0o?at_medium=RSS&at_campaign=rss
2026-01-07 01:54:33,827 - INFO - [BBC] Attempt 1/1: Trying with 'requests_browser' strategy...
2026-01-07 01:54:33,854 - INFO - [BBC] Success with 'requests_browser'. Found content (691 words).
2026-01-07 01:54:33,889 - INFO - Duplicate article skipped: Swiss ski bar not inspected for five years before deadly fire, mayor says from BBC
2026-01-07 01:54:34,281 - INFO - [The Guardian] Article: https://www.theguardian.com/world/2026/jan/07/venezuela-oil-trump-us-latest
2026-01-07 01:54:34,281 - INFO - [The Guardian] Attempt 1/1: Trying with 'requests_browser' strategy...
2026-01-07 01:54:34,300 - INFO - [The Guardian] Success with 'requests_browser'. Found content (237 words).
2026-01-07 01:54:34,346 - INFO - Saved article: Venezuela ‘turning over’ up to 50m barrels of oil to the US, Trump says | Venezuela | The Guardian from The Guardian
2026-01-07 01:54:34,887 - INFO - [The Guardian] Article: https://www.theguardian.com/world/2026/jan/06/nicolas-maduro-tries-to-imitate-my-dance-says-donald-trump
2026-01-07 01:54:34,887 - INFO - [The Guardian] Attempt 1/1: Trying with 'requests_browser' strategy...
2026-01-07 01:54:34,916 - INFO - [The Guardian] Success with 'requests_browser'. Found content (333 words).
2026-01-07 01:54:34,932 - INFO - [BBC] Article: https://www.bbc.com/news/articles/c74vx4n003xo?at_medium=RSS&at_campaign=rss
2026-01-07 01:54:34,932 - INFO - [BBC] Attempt 1/1: Trying with 'requests_browser' strategy...
2026-01-07 01:54:34,967 - INFO - Saved article: Nicolás Maduro ‘tries to imitate my dance’, says Trump in latest accusation | Nicolás Maduro | The Guardian from The Guardian
2026-01-07 01:54:34,988 - INFO - [BBC] Success with 'requests_browser'. Found content (580 words).
2026-01-07 01:54:35,025 - INFO - Duplicate article skipped: Macron hosts Ukraine and allies to try to cement security guarantees from BBC
2026-01-07 01:54:35,062 - INFO - Selenium driver initialized successfully.
2026-01-07 01:54:35,062 - INFO - Starting scrape for The Hindu RSS feed: https://www.thehindu.com/news/national/feeder/default.rss
2026-01-07 01:54:35,064 - INFO - Selenium driver initialized successfully.
2026-01-07 01:54:35,064 - INFO - Starting scrape for Times of India RSS feed: https://timesofindia.indiatimes.com/rssfeeds/296589292.cms
2026-01-07 01:54:35,132 - INFO - Found 20 articles in Times of India RSS feed. Processing up to 25.
2026-01-07 01:54:35,133 - INFO - [Times of India] Article: https://timesofindia.indiatimes.com/world/us/brown-university-shooting-doj-relases-video-transcripts-of-shooters-confession-was-planning-attacks-for-six-semesters/articleshow/126384240.cms
2026-01-07 01:54:35,133 - INFO - [Times of India] Attempt 1/1: Trying with 'selenium_browser' strategy...
2026-01-07 01:54:35,683 - INFO - [The Guardian] Article: https://www.theguardian.com/world/2026/jan/07/caracas-venezuela-paramilitary-groups
2026-01-07 01:54:35,683 - INFO - [The Guardian] Attempt 1/1: Trying with 'requests_browser' strategy...
2026-01-07 01:54:35,889 - INFO - Found 100 articles in The Hindu RSS feed. Processing up to 25.
2026-01-07 01:54:35,890 - INFO - [The Hindu] Article: https://www.thehindu.com/news/national/tamil-nadu/how-the-tamil-nadu-legislature-in-the-late-1940s-viewed-the-making-of-the-constitution/article70479085.ece
2026-01-07 01:54:35,890 - INFO - [The Hindu] Attempt 1/1: Trying with 'selenium_browser' strategy...
2026-01-07 01:54:35,892 - INFO - [The Guardian] Success with 'requests_browser'. Found content (835 words).
2026-01-07 01:54:35,946 - INFO - [BBC] Article: https://www.bbc.com/news/articles/cgl8y4gx9lyo?at_medium=RSS&at_campaign=rss
2026-01-07 01:54:35,946 - INFO - [BBC] Attempt 1/1: Trying with 'requests_browser' strategy...
2026-01-07 01:54:35,949 - INFO - Saved article: Armed militias deployed in Venezuela as regime attempts to impose authority | US attack on Venezuela | The Guardian from The Guardian
2026-01-07 01:54:35,970 - INFO - [BBC] Success with 'requests_browser'. Found content (334 words).
2026-01-07 01:54:36,017 - INFO - Saved article: US Congressman Doug LaMalfa dies unexpectedly at 65 from BBC
2026-01-07 01:54:36,526 - INFO - [BBC] Article: https://www.bbc.com/news/articles/cwyrexdgzn9o?at_medium=RSS&at_campaign=rss
2026-01-07 01:54:36,526 - INFO - [BBC] Attempt 1/1: Trying with 'requests_browser' strategy...
2026-01-07 01:54:36,591 - INFO - [BBC] Success with 'requests_browser'. Found content (436 words).
2026-01-07 01:54:36,717 - INFO - [The Guardian] Article: https://www.theguardian.com/us-news/2026/jan/06/trump-oil-companies-venezuela
2026-01-07 01:54:36,718 - INFO - [The Guardian] Attempt 1/1: Trying with 'requests_browser' strategy...
2026-01-07 01:54:36,758 - INFO - Duplicate article skipped: Gideon Saar: Israel foreign minister visits Somaliland after recognising its sovereignty from BBC
2026-01-07 01:54:36,788 - INFO - [The Guardian] Success with 'requests_browser'. Found content (780 words).
2026-01-07 01:54:36,871 - INFO - Saved article: Trump says US companies will invest billions in Venezuelan oil production. Experts aren’t so sure | Trump administration | The Guardian from The Guardian
2026-01-07 01:54:37,783 - INFO - [BBC] Article: https://www.bbc.com/news/articles/cx2yvx8gnnpo?at_medium=RSS&at_campaign=rss
2026-01-07 01:54:37,783 - INFO - [BBC] Attempt 1/1: Trying with 'requests_browser' strategy...
2026-01-07 01:54:37,922 - INFO - [BBC] Success with 'requests_browser'. Found content (448 words).
2026-01-07 01:54:38,017 - INFO - Duplicate article skipped: Nestle issues global recall of some baby formula products over toxin fears from BBC
2026-01-07 01:54:38,242 - INFO - [The Guardian] Article: https://www.theguardian.com/world/2026/jan/06/papua-new-guinea-internet-starlink-shut-down
2026-01-07 01:54:38,244 - INFO - [The Guardian] Attempt 1/1: Trying with 'requests_browser' strategy...
2026-01-07 01:54:38,492 - INFO - [The Guardian] Success with 'requests_browser'. Found content (558 words).
2026-01-07 01:54:38,625 - INFO - Duplicate article skipped: Anger in Papua New Guinea after Starlink ordered to shut down internet services | Papua New Guinea | The Guardian from The Guardian
2026-01-07 01:54:38,929 - INFO - [BBC] Article: https://www.bbc.com/news/articles/c0jv1vd571wo?at_medium=RSS&at_campaign=rss
2026-01-07 01:54:38,929 - INFO - [BBC] Attempt 1/1: Trying with 'requests_browser' strategy...
2026-01-07 01:54:39,052 - INFO - [BBC] Success with 'requests_browser'. Found content (588 words).
2026-01-07 01:54:39,215 - INFO - Duplicate article skipped: Nvidia unveils self-driving car tech as part of physical AI push from BBC
2026-01-07 01:54:39,680 - INFO - [The Guardian] Article: https://www.theguardian.com/world/2026/jan/06/what-us-action-in-venezuela-means-for-taiwan
2026-01-07 01:54:39,680 - INFO - [The Guardian] Attempt 1/1: Trying with 'requests_browser' strategy...
2026-01-07 01:54:39,683 - INFO - [The Hindu] Page content loaded.
2026-01-07 01:54:39,736 - INFO - [The Guardian] Success with 'requests_browser'. Found content (938 words).
2026-01-07 01:54:39,840 - INFO - Duplicate article skipped: What does the US raid in Venezuela mean for China’s designs on Taiwan? | Taiwan | The Guardian from The Guardian
2026-01-07 01:54:40,445 - INFO - [BBC] Article: https://www.bbc.com/news/articles/cql45lykx5eo?at_medium=RSS&at_campaign=rss
2026-01-07 01:54:40,445 - INFO - [BBC] Attempt 1/1: Trying with 'requests_browser' strategy...
2026-01-07 01:54:40,520 - INFO - [The Hindu] Success with 'selenium_browser'. Found content (1223 words).
2026-01-07 01:54:40,616 - INFO - [BBC] Success with 'requests_browser'. Found content (330 words).
2026-01-07 01:54:40,622 - INFO - [The Guardian] Article: https://www.theguardian.com/world/2026/jan/05/venezuela-trump-attack-china-interests-analysis
2026-01-07 01:54:40,622 - INFO - [The Guardian] Attempt 1/1: Trying with 'requests_browser' strategy...
2026-01-07 01:54:40,787 - INFO - Saved article: How the Tamil Nadu legislature, in the late 1940s, viewed the making of the Constitution - The Hindu from The Hindu
2026-01-07 01:54:40,787 - INFO - Duplicate article skipped: Tomorrowland to hold its first ever Asia festival in Thailand from BBC
2026-01-07 01:54:40,802 - INFO - [The Guardian] Success with 'requests_browser'. Found content (788 words).
2026-01-07 01:54:40,855 - INFO - Duplicate article skipped: Trump’s attack leaves China worried about its interests in Venezuela | Venezuela | The Guardian from The Guardian
2026-01-07 01:54:41,532 - INFO - [The Guardian] Article: https://www.theguardian.com/world/2026/jan/05/giant-bluefin-tuna-sold-record-amount-tokyo-auction-kiyoshi-kimura
2026-01-07 01:54:41,532 - INFO - [The Guardian] Attempt 1/1: Trying with 'requests_browser' strategy...
2026-01-07 01:54:41,597 - INFO - [The Guardian] Success with 'requests_browser'. Found content (266 words).
2026-01-07 01:54:41,658 - INFO - [The Hindu] Article: https://www.thehindu.com/news/cities/chennai/around-120-houses-to-be-removed-for-construction-of-steel-bridge-across-buckingham-canal-at-thoraipakkam/article70479339.ece
2026-01-07 01:54:41,658 - INFO - [The Hindu] Attempt 1/1: Trying with 'selenium_browser' strategy...
2026-01-07 01:54:41,699 - INFO - Duplicate article skipped: 'Tuna King' pays record £2.4m for giant bluefin at Tokyo auction | Japan | The Guardian from The Guardian
2026-01-07 01:54:41,786 - INFO - [BBC] Article: https://www.bbc.com/news/articles/c87r891gv1ro?at_medium=RSS&at_campaign=rss
2026-01-07 01:54:41,786 - INFO - [BBC] Attempt 1/1: Trying with 'requests_browser' strategy...
2026-01-07 01:54:41,902 - INFO - [BBC] Success with 'requests_browser'. Found content (505 words).
2026-01-07 01:54:42,012 - INFO - Duplicate article skipped: Faridabad rape case: Battered Indian gang rape survivor back home after a week in hospital from BBC
2026-01-07 01:54:42,455 - INFO - [The Guardian] Article: https://www.theguardian.com/environment/2026/jan/05/weather-tracker-arctic-air-grips-europe-winds-corsica
2026-01-07 01:54:42,455 - INFO - [The Guardian] Attempt 1/1: Trying with 'requests_browser' strategy...
2026-01-07 01:54:42,671 - INFO - [The Guardian] Success with 'requests_browser'. Found content (312 words).
2026-01-07 01:54:42,837 - INFO - Duplicate article skipped: Weather tracker: Arctic air grips Europe as severe winds batter Corsica | Europe | The Guardian from The Guardian
2026-01-07 01:54:43,276 - INFO - [BBC] Article: https://www.bbc.com/news/articles/c301n41518do?at_medium=RSS&at_campaign=rss
2026-01-07 01:54:43,277 - INFO - [BBC] Attempt 1/1: Trying with 'requests_browser' strategy...
2026-01-07 01:54:43,388 - INFO - [BBC] Success with 'requests_browser'. Found content (583 words).
2026-01-07 01:54:43,531 - INFO - Duplicate article skipped: Shine On Me: Netflix pulls Chinese drama Shine on Me after Vietnam's outcry over disputed map from BBC
2026-01-07 01:54:44,211 - INFO - [The Guardian] Article: https://www.theguardian.com/australia-news/live/2026/jan/07/australia-news-live-heatwave-weather-bushfire-warning-anthony-albanese-antisemitism-bondi-royal-commission-inflation-abs-rba-interest-rates-ntwnfb
2026-01-07 01:54:44,212 - INFO - [The Guardian] Attempt 1/1: Trying with 'requests_browser' strategy...
2026-01-07 01:54:44,528 - INFO - [The Hindu] Page content loaded.
2026-01-07 01:54:44,688 - INFO - [The Guardian] Success with 'requests_browser'. Found content (2875 words).
2026-01-07 01:54:45,020 - INFO - [BBC] Article: https://www.bbc.com/news/articles/cpwn2wjzwndo?at_medium=RSS&at_campaign=rss
2026-01-07 01:54:45,020 - INFO - [BBC] Attempt 1/1: Trying with 'requests_browser' strategy...
2026-01-07 01:54:45,098 - INFO - [The Hindu] Success with 'selenium_browser'. Found content (351 words).
2026-01-07 01:54:45,104 - INFO - Saved article: Australia news live: inflation falls to 3.4%; Sussan Ley clarifies claim about ‘far-left neo-Nazis’ | Australia news | The Guardian from The Guardian
2026-01-07 01:54:45,195 - INFO - Saved article: Around 120 houses to be removed for construction of steel bridge across Buckingham Canal at Thoraipakkam - The Hindu from The Hindu
2026-01-07 01:54:45,215 - INFO - [BBC] Success with 'requests_browser'. Found content (1657 words).
2026-01-07 01:54:45,279 - INFO - Saved article: The painful questions for Nato and the EU if Trump takes Greenland from BBC
2026-01-07 01:54:45,819 - INFO - [The Hindu] Article: https://www.thehindu.com/news/national/tamil-nadu/man-held-for-death-of-couple-in-tiruvannamalai/article70478407.ece
2026-01-07 01:54:45,819 - INFO - [The Hindu] Attempt 1/1: Trying with 'selenium_browser' strategy...
2026-01-07 01:54:45,891 - INFO - [The Guardian] Article: https://www.theguardian.com/environment/2026/jan/07/severe-heatwave-hits-southern-australian-states-with-firefighters-warning-many-areas-ready-to-burn
2026-01-07 01:54:45,891 - INFO - [The Guardian] Attempt 1/1: Trying with 'requests_browser' strategy...
2026-01-07 01:54:46,099 - INFO - [The Guardian] Success with 'requests_browser'. Found content (723 words).
2026-01-07 01:54:46,181 - INFO - Saved article: Severe heatwave hits southern Australian states with firefighters warning many areas ‘ready to burn’ | Australia news | The Guardian from The Guardian
2026-01-07 01:54:46,539 - INFO - [BBC] Article: https://www.bbc.com/news/articles/c70lw9x581no?at_medium=RSS&at_campaign=rss
2026-01-07 01:54:46,539 - INFO - [BBC] Attempt 1/1: Trying with 'requests_browser' strategy...
2026-01-07 01:54:46,813 - INFO - [BBC] Success with 'requests_browser'. Found content (971 words).
2026-01-07 01:54:46,870 - INFO - Duplicate article skipped: South Korea's Lee Jae Myung seeks 'new phase' in ties with China at Xi Jinping meeting from BBC
2026-01-07 01:54:46,928 - INFO - [The Hindu] Page content loaded.
2026-01-07 01:54:46,974 - INFO - [The Hindu] Success with 'selenium_browser'. Found content (261 words).
2026-01-07 01:54:47,034 - INFO - Saved article: Man held for death of couple in Tiruvannamalai - The Hindu from The Hindu
2026-01-07 01:54:47,574 - INFO - [The Guardian] Article: https://www.theguardian.com/australia-news/2026/jan/07/university-melbourne-law-school-professor-settlement-blak-activists-ntwnfb
2026-01-07 01:54:47,574 - INFO - [The Guardian] Attempt 1/1: Trying with 'requests_browser' strategy...
2026-01-07 01:54:47,701 - INFO - [The Guardian] Success with 'requests_browser'. Found content (483 words).
2026-01-07 01:54:48,035 - INFO - Saved article: Professor who claimed ‘Blak’ activists were leading University of Melbourne law school to ‘destruction’ settles discrimination case | Australian universities | The Guardian from The Guardian
2026-01-07 01:54:48,064 - INFO - [The Hindu] Article: https://www.thehindu.com/news/national/tamil-nadu/food-safety-officials-seize-one-tonne-of-adulterated-jaggery-in-vellore/article70478356.ece
2026-01-07 01:54:48,064 - INFO - [The Hindu] Attempt 1/1: Trying with 'selenium_browser' strategy...
2026-01-07 01:54:48,173 - INFO - [BBC] Article: https://www.bbc.com/news/articles/cz9vg0w9w28o?at_medium=RSS&at_campaign=rss
2026-01-07 01:54:48,173 - INFO - [BBC] Attempt 1/1: Trying with 'requests_browser' strategy...
2026-01-07 01:54:48,307 - INFO - [BBC] Success with 'requests_browser'. Found content (1000 words).
2026-01-07 01:54:48,403 - INFO - Duplicate article skipped: Cuba defiant as it braces for post-Maduro era from BBC
2026-01-07 01:54:48,690 - INFO - [The Guardian] Article: https://www.theguardian.com/australia-news/2026/jan/06/moira-deeming-victorian-liberal-mps-preselection-challenge-ntwnfb
2026-01-07 01:54:48,690 - INFO - [The Guardian] Attempt 1/1: Trying with 'requests_browser' strategy...
2026-01-07 01:54:48,931 - INFO - [The Guardian] Success with 'requests_browser'. Found content (668 words).
2026-01-07 01:54:48,998 - INFO - Saved article: ‘Won’t go down without a fight’: Moira Deeming among Victorian Liberal MPs facing preselection challenge | Victorian politics | The Guardian from The Guardian
2026-01-07 01:54:49,230 - INFO - [The Hindu] Page content loaded.
2026-01-07 01:54:49,275 - INFO - [The Hindu] Success with 'selenium_browser'. Found content (456 words).
2026-01-07 01:54:49,363 - INFO - Saved article: Food safety officials seize one tonne of adulterated jaggery in Vellore - The Hindu from The Hindu
2026-01-07 01:54:49,592 - INFO - [BBC] Article: https://www.bbc.com/news/articles/cd0ye72r4vpo?at_medium=RSS&at_campaign=rss
2026-01-07 01:54:49,592 - INFO - [BBC] Attempt 1/1: Trying with 'requests_browser' strategy...
2026-01-07 01:54:49,677 - INFO - [BBC] Success with 'requests_browser'. Found content (950 words).
2026-01-07 01:54:49,761 - INFO - Duplicate article skipped: Which countries could be in Trump's sights next? from BBC
2026-01-07 01:54:50,208 - INFO - [The Guardian] Article: https://www.theguardian.com/australia-news/2026/jan/06/protester-detained-in-sydney-for-wearing-globalise-the-intifada-jacket-says-she-should-never-have-been-arrested-ntwnfb
2026-01-07 01:54:50,208 - INFO - [The Guardian] Attempt 1/1: Trying with 'requests_browser' strategy...
2026-01-07 01:54:50,366 - INFO - [BBC] Article: https://www.bbc.com/news/articles/cx2drqwg32do?at_medium=RSS&at_campaign=rss
2026-01-07 01:54:50,366 - INFO - [BBC] Attempt 1/1: Trying with 'requests_browser' strategy...
2026-01-07 01:54:50,370 - INFO - [The Hindu] Article: https://www.thehindu.com/news/national/tamil-nadu/man-held-for-illegal-sand-mining-in-vellore/article70478397.ece
2026-01-07 01:54:50,370 - INFO - [The Hindu] Attempt 1/1: Trying with 'selenium_browser' strategy...
2026-01-07 01:54:50,456 - INFO - [BBC] Success with 'requests_browser'. Found content (868 words).
2026-01-07 01:54:50,463 - INFO - [The Guardian] Success with 'requests_browser'. Found content (883 words).
2026-01-07 01:54:50,669 - INFO - Duplicate article skipped: South Africa criminal justice system: Anguish of families waiting for cases to be resolved from BBC
2026-01-07 01:54:50,681 - INFO - Saved article: Protester detained in Sydney for wearing ‘globalise the intifada’ jacket says she should never have been arrested | New South Wales | The Guardian from The Guardian
2026-01-07 01:54:51,322 - INFO - [BBC] Article: https://www.bbc.com/news/articles/clyxln49760o?at_medium=RSS&at_campaign=rss
2026-01-07 01:54:51,322 - INFO - [BBC] Attempt 1/1: Trying with 'requests_browser' strategy...
2026-01-07 01:54:51,386 - INFO - [BBC] Success with 'requests_browser'. Found content (971 words).
2026-01-07 01:54:51,439 - INFO - [The Hindu] Page content loaded.
2026-01-07 01:54:51,460 - INFO - Duplicate article skipped: Indian farmers turn to 'magical' butterfly pea flower from BBC
2026-01-07 01:54:51,523 - INFO - [The Guardian] Article: https://www.theguardian.com/world/live/2026/jan/06/coalition-willing-paris-ukraine-zelenskyy-greenland-denmark-venezuela-trump-latest-news-updates
2026-01-07 01:54:51,524 - INFO - [The Guardian] Attempt 1/1: Trying with 'requests_browser' strategy...
2026-01-07 01:54:51,660 - INFO - [The Guardian] Success with 'requests_browser'. Found content (1260 words).
2026-01-07 01:54:51,806 - INFO - Duplicate article skipped: UK and France agree to deploy forces to Ukraine in the event of a peace deal – as it happened | Europe | The Guardian from The Guardian
2026-01-07 01:54:51,932 - INFO - [The Hindu] Success with 'selenium_browser'. Found content (156 words).
2026-01-07 01:54:52,034 - INFO - Saved article: Man held for illegal sand mining in Vellore - The Hindu from The Hindu
2026-01-07 01:54:52,504 - INFO - [The Guardian] Article: https://www.theguardian.com/world/2026/jan/06/uk-france-ready-to-deploy-troops-to-ukraine-after-ceasefire
2026-01-07 01:54:52,504 - INFO - [The Guardian] Attempt 1/1: Trying with 'requests_browser' strategy...
2026-01-07 01:54:52,571 - INFO - [The Guardian] Success with 'requests_browser'. Found content (913 words).
2026-01-07 01:54:52,636 - INFO - Saved article: UK and France ‘ready to deploy troops’ to Ukraine after ceasefire | Ukraine | The Guardian from The Guardian
2026-01-07 01:54:52,804 - INFO - [BBC] Article: https://www.bbc.com/news/articles/c74x4m71pmjo?at_medium=RSS&at_campaign=rss
2026-01-07 01:54:52,804 - INFO - [BBC] Attempt 1/1: Trying with 'requests_browser' strategy...
2026-01-07 01:54:52,874 - INFO - [BBC] Success with 'requests_browser'. Found content (1022 words).
2026-01-07 01:54:52,976 - INFO - Duplicate article skipped: Why does Trump want Greenland, and what could it mean for Nato? from BBC
2026-01-07 01:54:53,523 - INFO - [The Hindu] Article: https://www.thehindu.com/news/national/tamil-nadu/collector-flags-off-road-safety-awareness-rally-in-vellore/article70478388.ece
2026-01-07 01:54:53,523 - INFO - [The Hindu] Attempt 1/1: Trying with 'selenium_browser' strategy...
2026-01-07 01:54:53,811 - INFO - [The Guardian] Article: https://www.theguardian.com/world/2026/jan/06/stephen-miller-donald-trump-threats-take-over-greenland
2026-01-07 01:54:53,811 - INFO - [The Guardian] Attempt 1/1: Trying with 'requests_browser' strategy...
2026-01-07 01:54:53,859 - INFO - [The Guardian] Success with 'requests_browser'. Found content (1178 words).
2026-01-07 01:54:54,015 - INFO - Duplicate article skipped: European leaders rally behind Greenland as US ramps up threats | Greenland | The Guardian from The Guardian
2026-01-07 01:54:54,258 - INFO - [BBC] Article: https://www.bbc.com/news/videos/cly5nn5w918o?at_medium=RSS&at_campaign=rss
2026-01-07 01:54:54,258 - INFO - [BBC] Attempt 1/1: Trying with 'requests_browser' strategy...
2026-01-07 01:54:54,328 - INFO - [BBC] Success with 'requests_browser'. Found content (83 words).
2026-01-07 01:54:54,393 - INFO - Saved article: BBC looks into the relationship between Cuba and Venezuela from BBC
2026-01-07 01:54:54,542 - INFO - [The Hindu] Page content loaded.
2026-01-07 01:54:54,598 - INFO - [The Hindu] Success with 'selenium_browser'. Found content (200 words).
2026-01-07 01:54:54,697 - INFO - Saved article: Collector flags off road safety awareness rally in Vellore - The Hindu from The Hindu
2026-01-07 01:54:54,974 - INFO - [The Guardian] Article: https://www.theguardian.com/world/2026/jan/06/why-is-donald-trump-renewing-calls-for-takeover-of-greenland
2026-01-07 01:54:54,974 - INFO - [The Guardian] Attempt 1/1: Trying with 'requests_browser' strategy...
2026-01-07 01:54:55,055 - INFO - [The Guardian] Success with 'requests_browser'. Found content (998 words).
2026-01-07 01:54:55,152 - INFO - Saved article: Why is Donald Trump renewing calls for takeover of Greenland? | Greenland | The Guardian from The Guardian
2026-01-07 01:54:55,911 - INFO - [The Guardian] Article: https://www.theguardian.com/world/2026/jan/06/artists-decry-dismantling-antwerp-oldest-art-gallery
2026-01-07 01:54:55,911 - INFO - [The Guardian] Attempt 1/1: Trying with 'requests_browser' strategy...
2026-01-07 01:54:55,938 - INFO - [The Guardian] Success with 'requests_browser'. Found content (515 words).
2026-01-07 01:54:56,061 - INFO - Saved article: Artists decry dismantling of Belgium’s oldest contemporary art museum | Belgium | The Guardian from The Guardian
2026-01-07 01:54:56,135 - INFO - [The Hindu] Article: https://www.thehindu.com/news/national/tamil-nadu/tn-chief-minister-vs-governor-when-eggs-stones-were-hurled-at-channa-reddy-convoy-and-jayalalithaa-sought-his-recall-in-1995/article70478566.ece
2026-01-07 01:54:56,135 - INFO - [The Hindu] Attempt 1/1: Trying with 'selenium_browser' strategy...
2026-01-07 01:54:57,213 - INFO - [The Hindu] Page content loaded.
2026-01-07 01:54:57,269 - INFO - [The Hindu] Success with 'selenium_browser'. Found content (911 words).
2026-01-07 01:54:57,359 - INFO - Saved article: Tamil Nadu CM vs. Governor: When eggs, stones were hurled at Channa Reddy’s convoy and Jayalalithaa sought his recall in 1995 - The Hindu from The Hindu
2026-01-07 01:54:58,336 - INFO - [The Hindu] Article: https://www.thehindu.com/news/national/karnataka/five-days-after-ballari-sp-suspended-no-replacement-yet/article70477994.ece
2026-01-07 01:54:58,336 - INFO - [The Hindu] Attempt 1/1: Trying with 'selenium_browser' strategy...
2026-01-07 01:54:59,332 - INFO - [The Hindu] Page content loaded.
2026-01-07 01:54:59,408 - INFO - [The Hindu] Success with 'selenium_browser'. Found content (287 words).
2026-01-07 01:54:59,501 - INFO - Saved article: Five days after Ballari SP suspended, no replacement yet - The Hindu from The Hindu
2026-01-07 01:55:00,886 - INFO - [The Hindu] Article: https://www.thehindu.com/news/national/karnataka/bjp-local-leaders-resolve-to-go-it-alone-in-local-bodies-polls-in-mandya/article70478259.ece
2026-01-07 01:55:00,886 - INFO - [The Hindu] Attempt 1/1: Trying with 'selenium_browser' strategy...
2026-01-07 01:55:01,816 - INFO - [The Hindu] Page content loaded.
2026-01-07 01:55:01,861 - INFO - [The Hindu] Success with 'selenium_browser'. Found content (212 words).
2026-01-07 01:55:01,914 - INFO - Saved article: BJP local leaders resolve to go it alone in local bodies polls in Mandya - The Hindu from The Hindu
2026-01-07 01:55:03,298 - INFO - [The Hindu] Article: https://www.thehindu.com/news/national/bihar/bihars-rajgir-hills-welcomes-migratory-birds-from-europe-central-asia/article70478255.ece
2026-01-07 01:55:03,298 - INFO - [The Hindu] Attempt 1/1: Trying with 'selenium_browser' strategy...
2026-01-07 01:55:04,263 - INFO - [The Hindu] Page content loaded.
2026-01-07 01:55:04,315 - INFO - [The Hindu] Success with 'selenium_browser'. Found content (576 words).
2026-01-07 01:55:04,420 - INFO - Saved article: Bihar’s Rajgir hills welcomes migratory birds from Europe, Central Asia - The Hindu from The Hindu
2026-01-07 01:55:05,822 - INFO - [The Hindu] Article: https://www.thehindu.com/news/national/uttar-pradesh/schools-up-to-class-8-in-noida-shut-till-january-10-due-to-cold-wave/article70479934.ece
2026-01-07 01:55:05,822 - INFO - [The Hindu] Attempt 1/1: Trying with 'selenium_browser' strategy...
2026-01-07 01:55:06,667 - INFO - [The Hindu] Page content loaded.
2026-01-07 01:55:06,712 - INFO - [The Hindu] Success with 'selenium_browser'. Found content (175 words).
2026-01-07 01:55:06,781 - INFO - Saved article: Schools up to Class 8 in Noida shut till January 10 due to cold wave - The Hindu from The Hindu
2026-01-07 01:55:07,833 - INFO - [The Hindu] Article: https://www.thehindu.com/entertainment/art/in-an-age-of-nationalism-a-month-long-art-exhibition-in-kolkata-on-the-idea-of-land/article70478053.ece
2026-01-07 01:55:07,833 - INFO - [The Hindu] Attempt 1/1: Trying with 'selenium_browser' strategy...
2026-01-07 01:55:08,848 - INFO - [The Hindu] Page content loaded.
2026-01-07 01:55:08,900 - INFO - [The Hindu] Success with 'selenium_browser'. Found content (385 words).
2026-01-07 01:55:08,971 - INFO - Saved article: In an age of nationalism, a month-long art exhibition in Kolkata on the idea of land - The Hindu from The Hindu
2026-01-07 01:55:09,827 - INFO - [The Hindu] Article: https://www.thehindu.com/news/national/west-bengal/economist-amartya-sen-not-required-to-attend-sir-hearing-over-spelling-error-says-election-commission/article70479773.ece
2026-01-07 01:55:09,827 - INFO - [The Hindu] Attempt 1/1: Trying with 'selenium_browser' strategy...
2026-01-07 01:55:10,706 - INFO - [The Hindu] Page content loaded.
2026-01-07 01:55:10,755 - INFO - [The Hindu] Success with 'selenium_browser'. Found content (397 words).
2026-01-07 01:55:10,808 - INFO - Saved article: Economist Amartya Sen not required to attend SIR hearing over spelling error, says ECI - The Hindu from The Hindu
2026-01-07 01:55:11,638 - INFO - [The Hindu] Article: https://www.thehindu.com/news/national/assam/bjp-planning-to-manipulate-electoral-rolls-delete-names-of-10000-voters-assam-mla/article70479081.ece
2026-01-07 01:55:11,638 - INFO - [The Hindu] Attempt 1/1: Trying with 'selenium_browser' strategy...
2026-01-07 01:55:14,173 - INFO - [The Hindu] Page content loaded.
2026-01-07 01:55:14,417 - INFO - [The Hindu] Success with 'selenium_browser'. Found content (393 words).
2026-01-07 01:55:14,565 - INFO - Saved article: BJP planning to manipulate electoral rolls, ‘delete names of 10,000 voters’: Assam MLA - The Hindu from The Hindu
2026-01-07 01:55:15,499 - INFO - [The Hindu] Article: https://www.thehindu.com/news/national/rajasthan/data-centre-with-focus-on-e-governance-digital-inclusion-to-be-set-up-in-jaipur/article70478770.ece
2026-01-07 01:55:15,499 - INFO - [The Hindu] Attempt 1/1: Trying with 'selenium_browser' strategy...
2026-01-07 01:55:16,184 - INFO - [The Hindu] Page content loaded.
2026-01-07 01:55:16,238 - INFO - [The Hindu] Success with 'selenium_browser'. Found content (327 words).
2026-01-07 01:55:16,316 - INFO - Saved article: Data centre with focus on e-governance, digital inclusion to be set up in Jaipur - The Hindu from The Hindu
2026-01-07 01:55:17,426 - INFO - [The Hindu] Article: https://www.thehindu.com/news/national/odisha/doctors-stir-odisha-govt-invokes-esma/article70478967.ece
2026-01-07 01:55:17,427 - INFO - [The Hindu] Attempt 1/1: Trying with 'selenium_browser' strategy...
2026-01-07 01:55:18,370 - INFO - [The Hindu] Page content loaded.
2026-01-07 01:55:18,414 - INFO - [The Hindu] Success with 'selenium_browser'. Found content (417 words).
2026-01-07 01:55:18,467 - INFO - Saved article: Doctors’ stir: Odisha govt. invokes ESMA - The Hindu from The Hindu
2026-01-07 01:55:19,458 - INFO - [The Hindu] Article: https://www.thehindu.com/news/national/uttar-pradesh/bareilly-police-busthawalagstfraud-racket-2-held/article70478932.ece
2026-01-07 01:55:19,458 - INFO - [The Hindu] Attempt 1/1: Trying with 'selenium_browser' strategy...
2026-01-07 01:55:20,370 - INFO - [The Hindu] Page content loaded.
2026-01-07 01:55:20,421 - INFO - [The Hindu] Success with 'selenium_browser'. Found content (150 words).
2026-01-07 01:55:20,631 - INFO - Saved article: Bareilly police bust hawala, GST fraud racket; 2 held - The Hindu from The Hindu
2026-01-07 01:55:21,497 - INFO - [The Hindu] Article: https://www.thehindu.com/news/national/luxembourg-very-important-partner-for-india-jaishankar/article70479704.ece
2026-01-07 01:55:21,497 - INFO - [The Hindu] Attempt 1/1: Trying with 'selenium_browser' strategy...
2026-01-07 01:55:22,377 - INFO - [The Hindu] Page content loaded.
2026-01-07 01:55:22,454 - INFO - [The Hindu] Success with 'selenium_browser'. Found content (383 words).
2026-01-07 01:55:22,532 - INFO - Saved article: Luxembourg 'very important' partner for India: Jaishankar - The Hindu from The Hindu
2026-01-07 01:55:23,445 - INFO - [The Hindu] Article: https://www.thehindu.com/books/the-hindu-lit-for-life-returns-to-chennai-with-books-ideas-and-debate/article70478615.ece
2026-01-07 01:55:23,445 - INFO - [The Hindu] Attempt 1/1: Trying with 'selenium_browser' strategy...
2026-01-07 01:55:24,486 - INFO - [The Hindu] Page content loaded.
2026-01-07 01:55:24,568 - INFO - [The Hindu] Success with 'selenium_browser'. Found content (633 words).
2026-01-07 01:55:24,660 - INFO - Saved article: The Hindu Lit For Life returns to Chennai with books, ideas and debate - The Hindu from The Hindu
2026-01-07 01:55:26,071 - INFO - [The Hindu] Article: https://www.thehindu.com/news/national/jammu-and-kashmir/nmc-withdraws-mata-vaishno-devi-colleges-mbbs-list-with-42-muslim-candidates-citing-non-compliance-bjp-welcomes-move/article70479719.ece
2026-01-07 01:55:26,072 - INFO - [The Hindu] Attempt 1/1: Trying with 'selenium_browser' strategy...
2026-01-07 01:55:26,882 - INFO - [The Hindu] Page content loaded.
2026-01-07 01:55:26,934 - INFO - [The Hindu] Success with 'selenium_browser'. Found content (394 words).
2026-01-07 01:55:27,010 - INFO - Saved article: NMC withdraws Mata Vaishno Devi varsity’s MBBS list with 42 Muslim candidates citing 'non-compliance'; BJP welcomes move - The Hindu from The Hindu
2026-01-07 01:55:28,411 - INFO - [The Hindu] Article: https://www.thehindu.com/news/national/grok-obscene-ai-content-govt-gives-x-time-till-january-7-to-submit-report/article70478927.ece
2026-01-07 01:55:28,411 - INFO - [The Hindu] Attempt 1/1: Trying with 'selenium_browser' strategy...
2026-01-07 01:55:29,261 - INFO - [The Hindu] Page content loaded.
2026-01-07 01:55:29,325 - INFO - [The Hindu] Success with 'selenium_browser'. Found content (896 words).
2026-01-07 01:55:29,444 - INFO - Saved article: Grok obscene AI content: govt. gives X time till January 7 to submit report - The Hindu from The Hindu
2026-01-07 01:55:30,494 - INFO - [The Hindu] Article: https://www.thehindu.com/news/national/kerala/kalamassery-municipality-seeks-easing-of-curbs-on-construction-works/article70478647.ece
2026-01-07 01:55:30,494 - INFO - [The Hindu] Attempt 1/1: Trying with 'selenium_browser' strategy...
2026-01-07 01:55:31,298 - INFO - [The Hindu] Page content loaded.
2026-01-07 01:55:31,341 - INFO - [The Hindu] Success with 'selenium_browser'. Found content (192 words).
2026-01-07 01:55:31,394 - INFO - Saved article: Kalamassery municipality seeks easing of curbs on construction works - The Hindu from The Hindu
2026-01-07 01:55:32,283 - INFO - [The Hindu] Article: https://www.thehindu.com/opinion/op-ed/a-central-law-to-protect-amaravati/article70479604.ece
2026-01-07 01:55:32,284 - INFO - [The Hindu] Attempt 1/1: Trying with 'selenium_browser' strategy...
2026-01-07 01:55:33,274 - INFO - [The Hindu] Page content loaded.
2026-01-07 01:55:33,366 - INFO - [The Hindu] Success with 'selenium_browser'. Found content (689 words).
2026-01-07 01:55:33,467 - INFO - Saved article: A central law to protect Amaravati - The Hindu from The Hindu
2026-01-07 01:55:34,312 - INFO - [The Hindu] Article: https://www.thehindu.com/news/national/kerala/sabarimala-to-feature-devotees-original-songs-in-temple-playlist/article70479701.ece
2026-01-07 01:55:34,312 - INFO - [The Hindu] Attempt 1/1: Trying with 'selenium_browser' strategy...
2026-01-07 01:55:35,155 - ERROR - [Times of India] Request failed for strategy 'selenium_browser' on URL https://timesofindia.indiatimes.com/world/us/brown-university-shooting-doj-relases-video-transcripts-of-shooters-confession-was-planning-attacks-for-six-semesters/articleshow/126384240.cms: Message: timeout: Timed out receiving message from renderer: 59.938
  (Session info: chrome=143.0.7499.109)
Stacktrace:
#0 0x55a18907319a <unknown>
#1 0x55a188af0c4b <unknown>
#2 0x55a188ad8cf3 <unknown>
#3 0x55a188ad89d6 <unknown>
#4 0x55a188ad6897 <unknown>
#5 0x55a188ad71af <unknown>
#6 0x55a188ae5970 <unknown>
#7 0x55a188aff017 <unknown>
#8 0x55a188b056cb <unknown>
#9 0x55a188ad78d8 <unknown>
#10 0x55a188afedc3 <unknown>
#11 0x55a188b8df60 <unknown>
#12 0x55a188b34c42 <unknown>
#13 0x55a188b358f1 <unknown>
#14 0x55a18903bf39 <unknown>
#15 0x55a18903ee7d <unknown>
#16 0x55a189024c81 <unknown>
#17 0x55a18903fa5b <unknown>
#18 0x55a18900ba50 <unknown>
#19 0x55a189060aa8 <unknown>
#20 0x55a189060c79 <unknown>
#21 0x55a1890724f3 <unknown>
#22 0x7fd0ec49caa4 <unknown>
#23 0x7fd0ec529c6c <unknown>

2026-01-07 01:55:35,155 - ERROR - [Times of India] All scrape strategies failed for https://timesofindia.indiatimes.com/world/us/brown-university-shooting-doj-relases-video-transcripts-of-shooters-confession-was-planning-attacks-for-six-semesters/articleshow/126384240.cms. Falling back to RSS description.
2026-01-07 01:55:35,159 - INFO - Saved article: Brown university shooting: DOJ relases video transcripts of shooter's confession; was planning attacks for six semesters from Times of India
2026-01-07 01:55:35,191 - INFO - [The Hindu] Page content loaded.
2026-01-07 01:55:35,247 - INFO - [The Hindu] Success with 'selenium_browser'. Found content (225 words).
2026-01-07 01:55:35,343 - INFO - Saved article: Sabarimala to feature devotees’ original songs in temple playlist - The Hindu from The Hindu
2026-01-07 01:55:36,190 - INFO - [The Hindu] Article: https://www.thehindu.com/news/national/tamil-nadu/shoddy-waste-management-should-be-blamed-on-lack-of-proper-mechanism-experts/article70478850.ece
2026-01-07 01:55:36,190 - INFO - [The Hindu] Attempt 1/1: Trying with 'selenium_browser' strategy...
2026-01-07 01:55:36,406 - INFO - [Times of India] Article: https://timesofindia.indiatimes.com/world/us/modi-maduro-and-macron-trump-makes-shocking-claims-about-world-leaders-in-fiery-gop-speech/articleshow/126382408.cms
2026-01-07 01:55:36,406 - INFO - [Times of India] Attempt 1/1: Trying with 'selenium_browser' strategy...
2026-01-07 01:55:37,379 - INFO - [The Hindu] Page content loaded.
2026-01-07 01:55:37,823 - INFO - [The Hindu] Success with 'selenium_browser'. Found content (532 words).
2026-01-07 01:55:37,947 - INFO - Saved article: Shoddy waste management should be blamed on lack of proper mechanism: experts - The Hindu from The Hindu
2026-01-07 01:55:38,742 - INFO - [The Hindu] (Thread) Finished. Attempting to shut down its Selenium driver.
2026-01-07 01:55:38,967 - INFO - [The Hindu] (Thread) driver.quit() successful.
2026-01-07 01:56:36,422 - ERROR - [Times of India] Request failed for strategy 'selenium_browser' on URL https://timesofindia.indiatimes.com/world/us/modi-maduro-and-macron-trump-makes-shocking-claims-about-world-leaders-in-fiery-gop-speech/articleshow/126382408.cms: Message: timeout: Timed out receiving message from renderer: 59.915
  (Session info: chrome=143.0.7499.109)
Stacktrace:
#0 0x55a18907319a <unknown>
#1 0x55a188af0c4b <unknown>
#2 0x55a188ad8cf3 <unknown>
#3 0x55a188ad89d6 <unknown>
#4 0x55a188ad6897 <unknown>
#5 0x55a188ad71af <unknown>
#6 0x55a188ae5970 <unknown>
#7 0x55a188aff017 <unknown>
#8 0x55a188b056cb <unknown>
#9 0x55a188ad78d8 <unknown>
#10 0x55a188afedc3 <unknown>
#11 0x55a188b8df60 <unknown>
#12 0x55a188b34c42 <unknown>
#13 0x55a188b358f1 <unknown>
#14 0x55a18903bf39 <unknown>
#15 0x55a18903ee7d <unknown>
#16 0x55a189024c81 <unknown>
#17 0x55a18903fa5b <unknown>
#18 0x55a18900ba50 <unknown>
#19 0x55a189060aa8 <unknown>
#20 0x55a189060c79 <unknown>
#21 0x55a1890724f3 <unknown>
#22 0x7fd0ec49caa4 <unknown>
#23 0x7fd0ec529c6c <unknown>

2026-01-07 01:56:36,422 - ERROR - [Times of India] All scrape strategies failed for https://timesofindia.indiatimes.com/world/us/modi-maduro-and-macron-trump-makes-shocking-claims-about-world-leaders-in-fiery-gop-speech/articleshow/126382408.cms. Falling back to RSS description.
2026-01-07 01:56:36,424 - INFO - Saved article: Modi, Maduro and Macron: Trump makes shocking claims about world leaders in fiery GOP speech from Times of India
2026-01-07 01:56:37,274 - INFO - [Times of India] Article: https://timesofindia.indiatimes.com/etimes/trending/photographer-behind-one-of-historys-most-tragic-images-explains-why-he-was-helpless-to-save-her/articleshow/126381875.cms
2026-01-07 01:56:37,274 - INFO - [Times of India] Attempt 1/1: Trying with 'selenium_browser' strategy...
2026-01-07 01:56:38,087 - INFO - [Times of India] Page content loaded.
2026-01-07 01:56:38,209 - INFO - [Times of India] Success with 'selenium_browser'. Found content (921 words).
2026-01-07 01:56:38,271 - INFO - Saved article: Photographer behind one of history’s most tragic images explains why he was helpless to save her | - The Times of India from Times of India
2026-01-07 01:56:39,171 - INFO - [Times of India] Article: https://timesofindia.indiatimes.com/world/us-streamers/mrbeast-waives-copyright-for-beast-games-season-2-episode-1-to-boost-stream-reactions/articleshow/126381797.cms
2026-01-07 01:56:39,171 - INFO - [Times of India] Attempt 1/1: Trying with 'selenium_browser' strategy...
2026-01-07 01:56:40,234 - INFO - [Times of India] Page content loaded.
2026-01-07 01:56:40,362 - INFO - [Times of India] Success with 'selenium_browser'. Found content (447 words).
2026-01-07 01:56:40,492 - INFO - Saved article: MrBeast waives copyright for Beast Games Season 2 Episode 1 to boost stream reactions - The Times of India from Times of India
2026-01-07 01:56:41,796 - INFO - [Times of India] Article: https://timesofindia.indiatimes.com/india/section-of-interim-govt-favouring-particular-party-alleges-jamaat/articleshow/126381814.cms
2026-01-07 01:56:41,796 - INFO - [Times of India] Attempt 1/1: Trying with 'selenium_browser' strategy...
2026-01-07 01:56:43,071 - INFO - [Times of India] Page content loaded.
2026-01-07 01:56:43,233 - INFO - [Times of India] Success with 'selenium_browser'. Found content (130 words).
2026-01-07 01:56:43,297 - INFO - Saved article: Section of interim govt favouring particular party, alleges Jamaat | India News - The Times of India from Times of India
2026-01-07 01:56:44,012 - INFO - [Times of India] Article: https://timesofindia.indiatimes.com/etimes/trending/spanish-streamer-died-after-downing-whisky-and-taking-cocaine-as-viewers-paid-to-watch-police-say/articleshow/126381474.cms
2026-01-07 01:56:44,012 - INFO - [Times of India] Attempt 1/1: Trying with 'selenium_browser' strategy...
2026-01-07 01:56:45,407 - INFO - [Times of India] Page content loaded.
2026-01-07 01:56:45,549 - INFO - [Times of India] Success with 'selenium_browser'. Found content (771 words).
2026-01-07 01:56:45,631 - INFO - Saved article: Spanish streamer died after downing whisky and taking cocaine as viewers paid to watch, police say | - The Times of India from Times of India
2026-01-07 01:56:46,134 - INFO - [Times of India] Article: https://timesofindia.indiatimes.com/world/south-asia/political-vendetta-behind-hadi-killing-chargesheet/articleshow/126381809.cms
2026-01-07 01:56:46,134 - INFO - [Times of India] Attempt 1/1: Trying with 'selenium_browser' strategy...
2026-01-07 01:56:47,689 - INFO - [Times of India] Page content loaded.
2026-01-07 01:56:47,813 - INFO - [Times of India] Success with 'selenium_browser'. Found content (277 words).
2026-01-07 01:56:47,869 - INFO - Saved article: Political vendetta behind Hadi killing: Chargesheet - The Times of India from Times of India
2026-01-07 01:56:49,274 - INFO - [Times of India] Article: https://timesofindia.indiatimes.com/world/middle-east/facing-protests-and-economic-crisis-iran-offers-citizens-monthly-payments/articleshow/126381795.cms
2026-01-07 01:56:49,274 - INFO - [Times of India] Attempt 1/1: Trying with 'selenium_browser' strategy...
2026-01-07 01:56:50,241 - INFO - [Times of India] Page content loaded.
2026-01-07 01:56:50,376 - INFO - [Times of India] Success with 'selenium_browser'. Found content (238 words).
2026-01-07 01:56:50,438 - INFO - Saved article: Facing protests and economic crisis, Iran offers citizens monthly payments - The Times of India from Times of India
2026-01-07 01:56:51,468 - INFO - [Times of India] Article: https://timesofindia.indiatimes.com/world/us-streamers/she-was-a-woman-candace-owens-reacts-after-france-court-convicts-ten-over-false-online-attacks-on-brigitte-macron/articleshow/126381873.cms
2026-01-07 01:56:51,468 - INFO - [Times of India] Attempt 1/1: Trying with 'selenium_browser' strategy...
2026-01-07 01:56:52,366 - INFO - [Times of India] Page content loaded.
2026-01-07 01:56:52,498 - INFO - [Times of India] Success with 'selenium_browser'. Found content (535 words).
2026-01-07 01:56:52,559 - INFO - Saved article: “She was a woman”: Candace Owens reacts after French court convicts ten over false online attacks on Brigitte Macron - The Times of India from Times of India
2026-01-07 01:56:53,853 - INFO - [Times of India] Article: https://timesofindia.indiatimes.com/world/us-streamers/rapper-6ix9ine-begins-three-month-jail-sentence-adin-ross-streams-final-moments/articleshow/126381872.cms
2026-01-07 01:56:53,853 - INFO - [Times of India] Attempt 1/1: Trying with 'selenium_browser' strategy...
2026-01-07 01:56:55,060 - INFO - [Times of India] Page content loaded.
2026-01-07 01:56:55,184 - INFO - [Times of India] Success with 'selenium_browser'. Found content (406 words).
2026-01-07 01:56:55,241 - INFO - Saved article: Rapper 6ix9ine begins three-month jail sentence, Adin Ross streams final moments - The Times of India from Times of India
2026-01-07 01:56:56,476 - INFO - [Times of India] Article: https://timesofindia.indiatimes.com/world/us/40-50-billion-going-away-indian-origin-journalist-fareed-zakaria-warns-as-indian-students-ditch-us/articleshow/126380805.cms
2026-01-07 01:56:56,477 - INFO - [Times of India] Attempt 1/1: Trying with 'selenium_browser' strategy...
2026-01-07 01:56:57,906 - INFO - [Times of India] Page content loaded.
2026-01-07 01:56:58,043 - INFO - [Times of India] Success with 'selenium_browser'. Found content (542 words).
2026-01-07 01:56:58,110 - INFO - Saved article: ‘$40-50 billion going away’: Indian-origin journalist Fareed Zakaria warns as Indian students ditch US - The Times of India from Times of India
2026-01-07 01:56:59,523 - INFO - [Times of India] Article: https://timesofindia.indiatimes.com/world/us/giving-back-us-based-alumnus-mahesh-samdani-donates-1-million-to-bits-pilani/articleshow/126381772.cms
2026-01-07 01:56:59,523 - INFO - [Times of India] Attempt 1/1: Trying with 'selenium_browser' strategy...
2026-01-07 01:57:00,591 - INFO - [Times of India] Page content loaded.
2026-01-07 01:57:00,713 - INFO - [Times of India] Success with 'selenium_browser'. Found content (335 words).
2026-01-07 01:57:00,776 - INFO - Saved article: Giving back: US-based alumnus Mahesh Samdani donates $1 million to BITS Pilani | World News - The Times of India from Times of India
2026-01-07 01:57:01,763 - INFO - [Times of India] Article: https://timesofindia.indiatimes.com/world/south-asia/bangladesh-existence-cant-be-imagined-without-1971-war-bnp-acting-chairperson-tarique-rahman/articleshow/126381790.cms
2026-01-07 01:57:01,763 - INFO - [Times of India] Attempt 1/1: Trying with 'selenium_browser' strategy...
2026-01-07 01:57:03,127 - INFO - [Times of India] Page content loaded.
2026-01-07 01:57:03,230 - INFO - [Times of India] Success with 'selenium_browser'. Found content (213 words).
2026-01-07 01:57:03,351 - INFO - Saved article: Bangladesh existence can't be imagined without 1971 war: BNP acting chairperson Tarique Rahman - The Times of India from Times of India
2026-01-07 01:57:04,033 - INFO - [Times of India] Article: https://timesofindia.indiatimes.com/world/rest-of-world/venezuelan-opposition-leader-machado-vows-to-return-home-as-soon-as-possible/articleshow/126381760.cms
2026-01-07 01:57:04,033 - INFO - [Times of India] Attempt 1/1: Trying with 'selenium_browser' strategy...
2026-01-07 01:57:05,091 - INFO - [Times of India] Page content loaded.
2026-01-07 01:57:05,192 - INFO - [Times of India] Success with 'selenium_browser'. Found content (349 words).
2026-01-07 01:57:05,278 - INFO - Saved article: Venezuelan opposition leader Machado vows to return home 'as soon as possible' - The Times of India from Times of India
2026-01-07 01:57:05,905 - INFO - [Times of India] Article: https://timesofindia.indiatimes.com/world/us-streamers/vietnam-to-force-youtube-and-other-platforms-to-allow-skipping-ads-after-5-seconds-starting-february-15/articleshow/126381685.cms
2026-01-07 01:57:05,905 - INFO - [Times of India] Attempt 1/1: Trying with 'selenium_browser' strategy...
2026-01-07 01:57:07,254 - INFO - [Times of India] Page content loaded.
2026-01-07 01:57:07,393 - INFO - [Times of India] Success with 'selenium_browser'. Found content (406 words).
2026-01-07 01:57:07,451 - INFO - Saved article: Vietnam to force YouTube and other platforms to allow skipping ads after 5 seconds starting February 15 - The Times of India from Times of India
2026-01-07 01:57:08,800 - INFO - [Times of India] Article: https://timesofindia.indiatimes.com/etimes/trending/daughter-of-skara-cannibal-speaks-about-loving-her-father-after-he-murdered-her-stepmother/articleshow/126379967.cms
2026-01-07 01:57:08,800 - INFO - [Times of India] Attempt 1/1: Trying with 'selenium_browser' strategy...
2026-01-07 01:57:09,954 - INFO - [Times of India] Page content loaded.
2026-01-07 01:57:10,054 - INFO - [Times of India] Success with 'selenium_browser'. Found content (946 words).
2026-01-07 01:57:10,138 - INFO - Saved article: Daughter of ‘Skara Cannibal’ speaks about loving her father after he murdered her stepmother | - The Times of India from Times of India
2026-01-07 01:57:11,475 - INFO - [Times of India] Article: https://timesofindia.indiatimes.com/world/us-streamers/who-is-bde-youtuber-turns-wrestler-as-brandon-collymore-signs-full-time-deal-with-tna-wrestling/articleshow/126378873.cms
2026-01-07 01:57:11,475 - INFO - [Times of India] Attempt 1/1: Trying with 'selenium_browser' strategy...
2026-01-07 01:57:12,805 - INFO - [Times of India] Page content loaded.
2026-01-07 01:57:12,936 - INFO - [Times of India] Success with 'selenium_browser'. Found content (494 words).
2026-01-07 01:57:12,994 - INFO - Saved article: Who is BDE? YouTuber turns wrestler as Brandon Collymore signs full-time deal with TNA Wrestling - The Times of India from Times of India
2026-01-07 01:57:13,779 - INFO - [Times of India] Article: https://timesofindia.indiatimes.com/world/rest-of-world/ghost-games-456-bags-of-human-remains-found-near-fifa-world-cup-stadium-in-mexico/articleshow/126379016.cms
2026-01-07 01:57:13,779 - INFO - [Times of India] Attempt 1/1: Trying with 'selenium_browser' strategy...
2026-01-07 01:57:14,651 - INFO - [Times of India] Page content loaded.
2026-01-07 01:57:14,797 - INFO - [Times of India] Success with 'selenium_browser'. Found content (663 words).
2026-01-07 01:57:14,883 - INFO - Saved article: ‘Ghost games’: 456 bags of human remains found near FIFA World Cup stadium in Mexico | World News - The Times of India from Times of India
2026-01-07 01:57:16,015 - INFO - [Times of India] Article: https://timesofindia.indiatimes.com/world/us-streamers/inside-danielle-marshs-fallout-with-ador-and-how-mrbeast-came-into-the-picture-following-strong-fan-reactions/articleshow/126377484.cms
2026-01-07 01:57:16,015 - INFO - [Times of India] Attempt 1/1: Trying with 'selenium_browser' strategy...
2026-01-07 01:57:17,208 - INFO - [Times of India] Page content loaded.
2026-01-07 01:57:17,306 - INFO - [Times of India] Success with 'selenium_browser'. Found content (334 words).
2026-01-07 01:57:17,362 - INFO - Saved article: Inside Danielle Marsh’s fallout with ADOR and how MrBeast came into the picture following strong fan reactions - The Times of India from Times of India
2026-01-07 01:57:17,918 - INFO - [Times of India] Article: https://timesofindia.indiatimes.com/world/us/europe-sees-red-over-greenland-as-trump-aide-asserts-it-belongs-to-us/articleshow/126378478.cms
2026-01-07 01:57:17,918 - INFO - [Times of India] Attempt 1/1: Trying with 'selenium_browser' strategy...
2026-01-07 01:57:18,493 - INFO - [Times of India] Page content loaded.
2026-01-07 01:57:18,644 - INFO - [Times of India] Success with 'selenium_browser'. Found content (591 words).
2026-01-07 01:57:18,705 - INFO - Saved article: Europe sees red over Greenland as Trump aide asserts it belongs to US - The Times of India from Times of India
2026-01-07 01:57:19,338 - INFO - [Times of India] (Thread) Finished. Attempting to shut down its Selenium driver.
2026-01-07 01:57:19,546 - INFO - [Times of India] (Thread) driver.quit() successful.
2026-01-07 01:57:19,546 - INFO - Shutting down thread pool (wait=False)...
2026-01-07 01:57:19,547 - INFO - Scraped: 10 BBC, 20 Times of India, 12 The Guardian, 25 The Hindu articles. (Total saved: 67)
2026-01-07 01:57:19,547 - INFO - --- Scraping job finished ---
2026-01-07 01:57:19,554 - INFO - --- Scraper service stopped and database connection closed. ---
2026-01-07 01:57:19,554 - INFO - --- Main thread finished. Forcing process exit to kill zombie threads. ---
