2025-11-23 01:57:18,881 - INFO - Initializing database connection at: news_articles.db
2025-11-23 01:57:18,881 - INFO - --- Scraper service started (CI Mode: Run Once) ---
2025-11-23 01:57:18,881 - INFO - --- Starting new scraping job (Parallel Mode) ---
2025-11-23 01:57:18,881 - INFO - Creating new robust session with 3 retries on 5xx/connection/read errors.
2025-11-23 01:57:18,882 - INFO - Proxy is DISABLED.
2025-11-23 01:57:18,882 - INFO - Starting scrape for BBC RSS feed: http://feeds.bbci.co.uk/news/world/rss.xml
2025-11-23 01:57:18,883 - INFO - [Times of India] (Thread) requires Selenium. Initializing driver...
2025-11-23 01:57:18,883 - INFO - Initializing headless Selenium Chrome driver (using SeleniumManager)...
2025-11-23 01:57:18,883 - INFO - Starting scrape for The Guardian RSS feed: https://www.theguardian.com/world/rss
2025-11-23 01:57:18,887 - INFO - [The Hindu] (Thread) requires Selenium. Initializing driver...
2025-11-23 01:57:18,887 - INFO - Initializing headless Selenium Chrome driver (using SeleniumManager)...
2025-11-23 01:57:18,889 - INFO - Submitted 4 jobs to thread pool. Waiting up to 300s for completion...
2025-11-23 01:57:19,034 - INFO - Found 45 articles in The Guardian RSS feed. Processing up to 10.
2025-11-23 01:57:19,034 - INFO - [The Guardian] Article: https://www.theguardian.com/world/2025/nov/22/security-fears-rise-in-nigeria-after-more-than-300-taken-mass-school-kidnapping
2025-11-23 01:57:19,034 - INFO - [The Guardian] Attempt 1/1: Trying with 'requests_browser' strategy...
2025-11-23 01:57:19,081 - INFO - [The Guardian] Success with 'requests_browser'. Found content (642 words).
2025-11-23 01:57:19,168 - INFO - Saved article: Security fears rise in Nigeria after more than 300 schoolchildren kidnapped | Nigeria | The Guardian from The Guardian
2025-11-23 01:57:19,375 - INFO - Found 27 articles in BBC RSS feed. Processing up to 10.
2025-11-23 01:57:19,375 - INFO - [BBC] Article: https://www.bbc.com/news/articles/clydg8w7kxvo?at_medium=RSS&at_campaign=rss
2025-11-23 01:57:19,375 - INFO - [BBC] Attempt 1/1: Trying with 'requests_browser' strategy...
2025-11-23 01:57:19,550 - INFO - [BBC] Success with 'requests_browser'. Found content (877 words).
2025-11-23 01:57:19,630 - INFO - Saved article: Trump says US plan to end Ukraine war not 'final offer' for Kyiv from BBC
2025-11-23 01:57:19,671 - INFO - [The Guardian] Article: https://www.theguardian.com/society/2025/nov/22/south-africa-g20-protests-gender-based-violence-national-disaster
2025-11-23 01:57:19,671 - INFO - [The Guardian] Attempt 1/1: Trying with 'requests_browser' strategy...
2025-11-23 01:57:19,850 - INFO - [The Guardian] Success with 'requests_browser'. Found content (437 words).
2025-11-23 01:57:19,966 - INFO - Saved article: South Africa declares gender-based violence a national disaster amid G20 protests | Violence against women and girls | The Guardian from The Guardian
2025-11-23 01:57:20,302 - INFO - [BBC] Article: https://www.bbc.com/news/articles/c75vn7yel73o?at_medium=RSS&at_campaign=rss
2025-11-23 01:57:20,303 - INFO - [BBC] Attempt 1/1: Trying with 'requests_browser' strategy...
2025-11-23 01:57:20,397 - INFO - [BBC] Success with 'requests_browser'. Found content (916 words).
2025-11-23 01:57:20,451 - INFO - Saved article: COP30: UN climate talks fail to secure new fossil fuel promises from BBC
2025-11-23 01:57:20,844 - INFO - Selenium driver initialized successfully.
2025-11-23 01:57:20,844 - INFO - Starting scrape for The Hindu RSS feed: https://www.thehindu.com/news/national/feeder/default.rss
2025-11-23 01:57:20,850 - INFO - Selenium driver initialized successfully.
2025-11-23 01:57:20,850 - INFO - Starting scrape for Times of India RSS feed: https://timesofindia.indiatimes.com/rssfeeds/296589292.cms
2025-11-23 01:57:21,006 - INFO - Found 100 articles in The Hindu RSS feed. Processing up to 10.
2025-11-23 01:57:21,006 - INFO - [The Hindu] Article: https://www.thehindu.com/news/national/maharashtra/maharashtra-nagar-panchayat-elections-on-december-2-ajit-pawar/article70313475.ece
2025-11-23 01:57:21,006 - INFO - [The Hindu] Attempt 1/1: Trying with 'selenium_browser' strategy...
2025-11-23 01:57:21,097 - INFO - Found 20 articles in Times of India RSS feed. Processing up to 10.
2025-11-23 01:57:21,098 - INFO - [Times of India] Article: https://timesofindia.indiatimes.com/world/rest-of-world/nigeria-shuts-schools-as-300-kids-abducted/articleshow/125514130.cms
2025-11-23 01:57:21,098 - INFO - [Times of India] Attempt 1/1: Trying with 'selenium_browser' strategy...
2025-11-23 01:57:21,139 - INFO - [BBC] Article: https://www.bbc.com/news/articles/c3e0jnww2e9o?at_medium=RSS&at_campaign=rss
2025-11-23 01:57:21,139 - INFO - [BBC] Attempt 1/1: Trying with 'requests_browser' strategy...
2025-11-23 01:57:21,250 - INFO - [BBC] Success with 'requests_browser'. Found content (966 words).
2025-11-23 01:57:21,256 - INFO - [The Guardian] Article: https://www.theguardian.com/world/2025/nov/21/nigeria-reels-after-second-mass-school-abduction-in-a-week
2025-11-23 01:57:21,257 - INFO - [The Guardian] Attempt 1/1: Trying with 'requests_browser' strategy...
2025-11-23 01:57:21,440 - INFO - Saved article: 'We worry more about food' say Venezuelans living under threat of US military action from BBC
2025-11-23 01:57:21,445 - INFO - [The Guardian] Success with 'requests_browser'. Found content (744 words).
2025-11-23 01:57:21,560 - INFO - Duplicate article skipped: Nigeria reels after 215 children taken in second mass school abduction in a week | Nigeria | The Guardian from The Guardian
2025-11-23 01:57:22,306 - INFO - [The Guardian] Article: https://www.theguardian.com/world/2025/nov/21/run-up-to-g20-in-south-africa-marred-by-hosts-simmering-row-with-us
2025-11-23 01:57:22,306 - INFO - [The Guardian] Attempt 1/1: Trying with 'requests_browser' strategy...
2025-11-23 01:57:22,387 - INFO - [BBC] Article: https://www.bbc.com/news/articles/c4gwgx803l5o?at_medium=RSS&at_campaign=rss
2025-11-23 01:57:22,387 - INFO - [BBC] Attempt 1/1: Trying with 'requests_browser' strategy...
2025-11-23 01:57:22,404 - INFO - [The Guardian] Success with 'requests_browser'. Found content (887 words).
2025-11-23 01:57:22,578 - INFO - [BBC] Success with 'requests_browser'. Found content (997 words).
2025-11-23 01:57:22,633 - INFO - Duplicate article skipped: South Africa’s dispute with US escalates amid row over G20 handover event | G20 | The Guardian from The Guardian
2025-11-23 01:57:22,753 - INFO - Saved article: Who killed young Chechen woman who fled Russia for a life of freedom? from BBC
2025-11-23 01:57:23,146 - INFO - [The Guardian] Article: https://www.theguardian.com/politics/2025/nov/20/keir-starmer-defends-south-africa-g20-budget
2025-11-23 01:57:23,146 - INFO - [The Guardian] Attempt 1/1: Trying with 'requests_browser' strategy...
2025-11-23 01:57:23,244 - INFO - [The Guardian] Success with 'requests_browser'. Found content (646 words).
2025-11-23 01:57:23,627 - INFO - [BBC] Article: https://www.bbc.com/news/articles/c20879zzqn8o?at_medium=RSS&at_campaign=rss
2025-11-23 01:57:23,627 - INFO - [BBC] Attempt 1/1: Trying with 'requests_browser' strategy...
2025-11-23 01:57:23,800 - INFO - Duplicate article skipped: Keir Starmer defends trip to South Africa for G20 summit as budget looms | Keir Starmer | The Guardian from The Guardian
2025-11-23 01:57:23,874 - INFO - [BBC] Success with 'requests_browser'. Found content (440 words).
2025-11-23 01:57:24,223 - INFO - Saved article: Israeli strikes across Gaza kill 22 Palestinians, Hamas-run health ministry and civil defence say from BBC
2025-11-23 01:57:25,139 - INFO - [BBC] Article: https://www.bbc.com/news/articles/cpvdyg348pko?at_medium=RSS&at_campaign=rss
2025-11-23 01:57:25,140 - INFO - [BBC] Attempt 1/1: Trying with 'requests_browser' strategy...
2025-11-23 01:57:25,300 - INFO - [The Guardian] Article: https://www.theguardian.com/environment/2025/nov/22/cop30-deal-inches-closer-to-end-of-fossil-fuel-era-after-bitter-standoff
2025-11-23 01:57:25,301 - INFO - [The Guardian] Attempt 1/1: Trying with 'requests_browser' strategy...
2025-11-23 01:57:25,478 - INFO - [BBC] Success with 'requests_browser'. Found content (501 words).
2025-11-23 01:57:25,660 - INFO - [The Guardian] Success with 'requests_browser'. Found content (1071 words).
2025-11-23 01:57:25,737 - INFO - Saved article: JFK granddaughter shares terminal cancer diagnosis from BBC
2025-11-23 01:57:26,087 - INFO - Saved article: End of fossil fuel era inches closer as Cop30 deal agreed after bitter standoff | Cop30 | The Guardian from The Guardian
2025-11-23 01:57:26,827 - INFO - [BBC] Article: https://www.bbc.com/news/articles/cewjlr0v02ro?at_medium=RSS&at_campaign=rss
2025-11-23 01:57:26,827 - INFO - [BBC] Attempt 1/1: Trying with 'requests_browser' strategy...
2025-11-23 01:57:26,927 - INFO - [BBC] Success with 'requests_browser'. Found content (300 words).
2025-11-23 01:57:27,193 - INFO - Saved article: Mystery drones halt air traffic near Dutch city of Eindhoven from BBC
2025-11-23 01:57:27,334 - INFO - [The Guardian] Article: https://www.theguardian.com/world/2025/nov/22/far-right-former-president-jair-bolsonaro-arrested-in-brazil
2025-11-23 01:57:27,334 - INFO - [The Guardian] Attempt 1/1: Trying with 'requests_browser' strategy...
2025-11-23 01:57:27,546 - INFO - [The Guardian] Success with 'requests_browser'. Found content (767 words).
2025-11-23 01:57:28,085 - INFO - Saved article: Jair Bolsonaro arrested after tampering with ankle tag ‘out of curiosity’ | Jair Bolsonaro | The Guardian from The Guardian
2025-11-23 01:57:28,658 - INFO - [BBC] Article: https://www.bbc.com/news/articles/cy8j4m45yx2o?at_medium=RSS&at_campaign=rss
2025-11-23 01:57:28,658 - INFO - [BBC] Attempt 1/1: Trying with 'requests_browser' strategy...
2025-11-23 01:57:28,924 - INFO - [BBC] Success with 'requests_browser'. Found content (289 words).
2025-11-23 01:57:29,014 - INFO - [The Guardian] Article: https://www.theguardian.com/world/2025/nov/22/survivor-of-chilean-blizzard-that-killed-briton-says-staff-told-trekkers-to-proceed
2025-11-23 01:57:29,014 - INFO - [The Guardian] Attempt 1/1: Trying with 'requests_browser' strategy...
2025-11-23 01:57:29,520 - INFO - [The Guardian] Success with 'requests_browser'. Found content (760 words).
2025-11-23 01:57:29,543 - INFO - Saved article: Three arrested in India after police crack $800,000 bank heist from BBC
2025-11-23 01:57:30,155 - INFO - Duplicate article skipped: Survivor of Chilean blizzard that killed Briton says staff told trekkers they could proceed | Chile | The Guardian from The Guardian
2025-11-23 01:57:30,278 - INFO - [BBC] Article: https://www.bbc.com/news/articles/ce8qdm5zg10o?at_medium=RSS&at_campaign=rss
2025-11-23 01:57:30,279 - INFO - [BBC] Attempt 1/1: Trying with 'requests_browser' strategy...
2025-11-23 01:57:30,561 - INFO - [BBC] Success with 'requests_browser'. Found content (601 words).
2025-11-23 01:57:30,990 - INFO - Saved article: Jair Bolsonaro: Brazilian ex-president arrested after being determined a flight risk from BBC
2025-11-23 01:57:31,619 - INFO - [The Guardian] Article: https://www.theguardian.com/world/2025/nov/21/grizzly-bear-attacks-children-teachers-canada-british-columbia
2025-11-23 01:57:31,620 - INFO - [The Guardian] Attempt 1/1: Trying with 'requests_browser' strategy...
2025-11-23 01:57:32,022 - INFO - [The Guardian] Success with 'requests_browser'. Found content (803 words).
2025-11-23 01:57:32,189 - INFO - [BBC] Article: https://www.bbc.com/news/articles/c3w7621xypyo?at_medium=RSS&at_campaign=rss
2025-11-23 01:57:32,189 - INFO - [BBC] Attempt 1/1: Trying with 'requests_browser' strategy...
2025-11-23 01:57:32,588 - INFO - Duplicate article skipped: Eleven injured after grizzly bear attacks schoolchildren and teachers in Canada | Canada | The Guardian from The Guardian
2025-11-23 01:57:32,654 - INFO - [BBC] Success with 'requests_browser'. Found content (718 words).
2025-11-23 01:57:33,097 - INFO - Duplicate article skipped: Nigeria sees one of worst mass abductions as 315 taken from school from BBC
2025-11-23 01:57:33,107 - INFO - [The Hindu] Page content loaded.
2025-11-23 01:57:33,199 - INFO - [The Guardian] Article: https://www.theguardian.com/us-news/2025/nov/21/trump-doj-venezuela-2020-election
2025-11-23 01:57:33,199 - INFO - [The Guardian] Attempt 1/1: Trying with 'requests_browser' strategy...
2025-11-23 01:57:33,538 - INFO - [The Guardian] Success with 'requests_browser'. Found content (1247 words).
2025-11-23 01:57:34,127 - INFO - Duplicate article skipped: Trump’s DoJ investigating unfounded claims Venezuela helped steal 2020 election | Trump administration | The Guardian from The Guardian
2025-11-23 01:57:34,511 - INFO - [The Hindu] Success with 'selenium_browser'. Found content (212 words).
2025-11-23 01:57:35,497 - INFO - Saved article: You have votes, I have funds; if you reject, I will also reject: Ajit Pawar tells electors - The Hindu from The Hindu
2025-11-23 01:57:36,468 - INFO - [The Hindu] Article: https://www.thehindu.com/news/national/tamil-nadu/tamil-nadu-expands-naan-mudhalvan-initiative-to-healthcare/article70311326.ece
2025-11-23 01:57:36,469 - INFO - [The Hindu] Attempt 1/1: Trying with 'selenium_browser' strategy...
2025-11-23 01:58:21,133 - ERROR - [Times of India] Request failed for strategy 'selenium_browser' on URL https://timesofindia.indiatimes.com/world/rest-of-world/nigeria-shuts-schools-as-300-kids-abducted/articleshow/125514130.cms: Message: timeout: Timed out receiving message from renderer: 59.925
  (Session info: chrome=142.0.7444.162)
Stacktrace:
#0 0x55f8d0cdd32a <unknown>
#1 0x55f8d0729e4b <unknown>
#2 0x55f8d0711e0d <unknown>
#3 0x55f8d0711af0 <unknown>
#4 0x55f8d070f8ff <unknown>
#5 0x55f8d071027f <unknown>
#6 0x55f8d071eca3 <unknown>
#7 0x55f8d0738601 <unknown>
#8 0x55f8d073ee0b <unknown>
#9 0x55f8d07109bd <unknown>
#10 0x55f8d07383a7 <unknown>
#11 0x55f8d07c9170 <unknown>
#12 0x55f8d076ec1a <unknown>
#13 0x55f8d076f921 <unknown>
#14 0x55f8d0ca4239 <unknown>
#15 0x55f8d0ca71e8 <unknown>
#16 0x55f8d0c8d4c9 <unknown>
#17 0x55f8d0ca7db5 <unknown>
#18 0x55f8d0c74e93 <unknown>
#19 0x55f8d0cca098 <unknown>
#20 0x55f8d0cca273 <unknown>
#21 0x55f8d0cdc2c3 <unknown>
#22 0x7fcdad29caa4 <unknown>
#23 0x7fcdad329c6c <unknown>

2025-11-23 01:58:21,133 - ERROR - [Times of India] All scrape strategies failed for https://timesofindia.indiatimes.com/world/rest-of-world/nigeria-shuts-schools-as-300-kids-abducted/articleshow/125514130.cms. Falling back to RSS description.
2025-11-23 01:58:21,136 - INFO - Saved article: Nigeria shuts schools as 300+ kids abducted from Times of India
2025-11-23 01:58:22,387 - INFO - [Times of India] Article: https://timesofindia.indiatimes.com/world/middle-east/israel-strikes-hamas-targets-airstrikes-launched-on-gaza-amid-fragile-ceasefire-over-20-killed/articleshow/125513991.cms
2025-11-23 01:58:22,388 - INFO - [Times of India] Attempt 1/1: Trying with 'selenium_browser' strategy...
2025-11-23 01:58:23,593 - INFO - [Times of India] Page content loaded.
2025-11-23 01:58:23,761 - INFO - [Times of India] Success with 'selenium_browser'. Found content (323 words).
2025-11-23 01:58:24,103 - INFO - Saved article: Israel strikes Hamas targets: Airstrikes launched on Gaza amid fragile ceasefire; over 20 killed - The Times of India from Times of India
2025-11-23 01:58:24,963 - INFO - [Times of India] Article: https://timesofindia.indiatimes.com/world/uk/doing-this-to-children-is-evil-former-uk-pm-liz-truss-blasts-nhs-for-giving-puberty-blockers-to-children-as-young-as-10/articleshow/125511718.cms
2025-11-23 01:58:24,963 - INFO - [Times of India] Attempt 1/1: Trying with 'selenium_browser' strategy...
2025-11-23 01:58:29,140 - INFO - [Times of India] Page content loaded.
2025-11-23 01:58:29,587 - INFO - [Times of India] Success with 'selenium_browser'. Found content (466 words).
2025-11-23 01:58:29,851 - INFO - Saved article: ‘Doing this to children is evil’: Former UK PM Liz Truss blasts NHS for giving puberty blockers to children as young as 10 | World News - The Times of India from Times of India
2025-11-23 01:58:30,635 - INFO - [Times of India] Article: https://timesofindia.indiatimes.com/web-series/news/english/end-of-an-era-cbs-saturday-morning-reportedly-shutting-down-after-network-ousts-its-longtime-hosts/articleshow/125510436.cms
2025-11-23 01:58:30,635 - INFO - [Times of India] Attempt 1/1: Trying with 'selenium_browser' strategy...
2025-11-23 01:58:34,105 - INFO - [Times of India] Page content loaded.
2025-11-23 01:58:34,249 - INFO - [Times of India] Success with 'selenium_browser'. Found content (473 words).
2025-11-23 01:58:34,359 - INFO - Saved article: End of an era? CBS Saturday Morning reportedly shutting down after network ousts its longtime hosts | - The Times of India from Times of India
2025-11-23 01:58:35,819 - INFO - [Times of India] Article: https://timesofindia.indiatimes.com/world/us/indian-origin-congressman-flags-possible-tampering-in-epstein-files-writes-to-fbis-kash-patel-trump-using-/articleshow/125511654.cms
2025-11-23 01:58:35,820 - INFO - [Times of India] Attempt 1/1: Trying with 'selenium_browser' strategy...
2025-11-23 01:58:37,533 - INFO - [Times of India] Page content loaded.
2025-11-23 01:58:37,746 - INFO - [Times of India] Success with 'selenium_browser'. Found content (512 words).
2025-11-23 01:58:37,832 - INFO - Saved article: Indian-origin Congressman flags possible 'tampering' in Epstein files, writes to FBI's Kash Patel: 'Trump using...' - The Times of India from Times of India
2025-11-23 01:58:38,491 - INFO - [Times of India] Article: https://timesofindia.indiatimes.com/world/us/ban-phones-in-jewish-schools-obamas-former-speechwriter-says-alleges-gaza-images-make-defending-israel-impossible/articleshow/125511649.cms
2025-11-23 01:58:38,491 - INFO - [Times of India] Attempt 1/1: Trying with 'selenium_browser' strategy...
2025-11-23 01:58:41,017 - INFO - [Times of India] Page content loaded.
2025-11-23 01:58:41,289 - INFO - [Times of India] Success with 'selenium_browser'. Found content (262 words).
2025-11-23 01:58:41,474 - INFO - Saved article: ‘Ban phones in Jewish schools’: Obama’s former speechwriter says, alleges ‘Gaza images make defending Israel impossible’ | World News - The Times of India from Times of India
2025-11-23 01:58:42,435 - INFO - [Times of India] Article: https://timesofindia.indiatimes.com/world/us/rising-h-1b-visa-fees-threaten-foreign-doctors-in-us-harvard-scholar-says-immigrant-physicians-vital-to-american-healthcare/articleshow/125511474.cms
2025-11-23 01:58:42,435 - INFO - [Times of India] Attempt 1/1: Trying with 'selenium_browser' strategy...
2025-11-23 01:58:45,639 - INFO - [Times of India] Page content loaded.
2025-11-23 01:58:46,312 - INFO - [Times of India] Success with 'selenium_browser'. Found content (353 words).
2025-11-23 01:58:46,585 - INFO - Saved article: Rising H-1B visa fees threaten foreign doctors in US, Harvard scholar says; immigrant physicians vital to American healthcare - The Times of India from Times of India
2025-11-23 01:58:47,906 - INFO - [Times of India] Article: https://timesofindia.indiatimes.com/world/us/uscis-announces-fy-2026-fee-hikes-for-immigration-and-visa-applications-how-it-will-impact-indians/articleshow/125510479.cms
2025-11-23 01:58:47,906 - INFO - [Times of India] Attempt 1/1: Trying with 'selenium_browser' strategy...
2025-11-23 01:58:53,277 - INFO - [Times of India] Page content loaded.
2025-11-23 01:58:53,771 - INFO - [Times of India] Success with 'selenium_browser'. Found content (352 words).
2025-11-23 01:58:54,086 - INFO - Saved article: USCIS announces FY 2026 fee hikes for immigration and visa applications – How it will impact Indians - The Times of India from Times of India
2025-11-23 01:58:55,187 - INFO - [Times of India] Article: https://timesofindia.indiatimes.com/world/us/indian-student-who-stabbed-two-teenagers-with-fork-mid-flight-indicted-in-boston-faces-up-to-10-years-250000-fine/articleshow/125509631.cms
2025-11-23 01:58:55,187 - INFO - [Times of India] Attempt 1/1: Trying with 'selenium_browser' strategy...
2025-11-23 01:58:57,686 - INFO - [Times of India] Page content loaded.
2025-11-23 01:58:57,826 - INFO - [Times of India] Success with 'selenium_browser'. Found content (445 words).
2025-11-23 01:58:57,908 - INFO - Saved article: Indian student who stabbed two teenagers with fork mid-flight indicted in Boston; faces up to 10 years, $250,000 fine - The Times of India from Times of India
2025-11-23 01:58:58,666 - INFO - [Times of India] Article: https://timesofindia.indiatimes.com/world/us/jfks-35-year-old-granddaughter-tatiana-schlossberg-reveals-she-has-less-than-a-year-to-live-after-terminal-cancer-diagnosis/articleshow/125508579.cms
2025-11-23 01:58:58,666 - INFO - [Times of India] Attempt 1/1: Trying with 'selenium_browser' strategy...
2025-11-23 01:59:00,485 - INFO - [Times of India] Page content loaded.
2025-11-23 01:59:00,698 - INFO - [Times of India] Success with 'selenium_browser'. Found content (369 words).
2025-11-23 01:59:00,853 - INFO - Saved article: JFK's 35-year-old granddaughter Tatiana Schlossberg reveals she has less than a year to live after terminal cancer diagnosis | World News - The Times of India from Times of India
2025-11-23 01:59:01,542 - INFO - [Times of India] (Thread) Finished. Attempting to shut down its Selenium driver.
2025-11-23 01:59:01,995 - INFO - [Times of India] (Thread) driver.quit() successful.
2025-11-23 01:59:36,535 - ERROR - [The Hindu] Request failed for strategy 'selenium_browser' on URL https://www.thehindu.com/news/national/tamil-nadu/tamil-nadu-expands-naan-mudhalvan-initiative-to-healthcare/article70311326.ece: HTTPConnectionPool(host='localhost', port=60337): Read timed out. (read timeout=120)
2025-11-23 01:59:36,535 - ERROR - [The Hindu] All scrape strategies failed for https://www.thehindu.com/news/national/tamil-nadu/tamil-nadu-expands-naan-mudhalvan-initiative-to-healthcare/article70311326.ece. Falling back to RSS description.
2025-11-23 01:59:36,537 - INFO - Saved article: Tamil Nadu expands Naan Mudhalvan initiative to healthcare from The Hindu
2025-11-23 01:59:37,232 - INFO - [The Hindu] Article: https://www.thehindu.com/news/national/tamil-nadu/dust-to-dust/article70311165.ece
2025-11-23 01:59:37,232 - INFO - [The Hindu] Attempt 1/1: Trying with 'selenium_browser' strategy...
2025-11-23 02:01:37,247 - ERROR - [The Hindu] Request failed for strategy 'selenium_browser' on URL https://www.thehindu.com/news/national/tamil-nadu/dust-to-dust/article70311165.ece: HTTPConnectionPool(host='localhost', port=60337): Read timed out. (read timeout=120)
2025-11-23 02:01:37,247 - ERROR - [The Hindu] All scrape strategies failed for https://www.thehindu.com/news/national/tamil-nadu/dust-to-dust/article70311165.ece. Falling back to RSS description.
2025-11-23 02:01:37,249 - INFO - Saved article: Dust to dust from The Hindu
2025-11-23 02:01:38,744 - INFO - [The Hindu] Article: https://www.thehindu.com/news/national/tamil-nadu/bjp-criticises-tn-deputy-cm-udhayanidhi-stalin-for-calling-sanskrit-a-dead-language/article70312004.ece
2025-11-23 02:01:38,744 - INFO - [The Hindu] Attempt 1/1: Trying with 'selenium_browser' strategy...
2025-11-23 02:02:18,889 - CRITICAL - --- TIMEOUT: 1 scrape jobs did not complete in 300s. ---
2025-11-23 02:02:18,890 - ERROR - A thread has timed out and will be abandoned.
2025-11-23 02:02:18,890 - INFO - Shutting down thread pool (wait=False)...
2025-11-23 02:02:18,890 - INFO - Scraped: 9 BBC, 10 Times of India, 4 The Guardian, 1 Timed_Out_Jobs articles. (Total saved: 23)
2025-11-23 02:02:18,890 - INFO - --- Scraping job finished ---
2025-11-23 02:02:18,890 - INFO - --- Scraper service stopped and database connection closed. ---
2025-11-23 02:02:18,890 - INFO - --- Main thread finished. Forcing process exit to kill zombie threads. ---
