2025-11-19 01:45:14,505 - INFO - Initializing database connection at: news_articles.db
2025-11-19 01:45:14,505 - INFO - --- Scraper service started (CI Mode: Run Once) ---
2025-11-19 01:45:14,505 - INFO - --- Starting new scraping job (Parallel Mode) ---
2025-11-19 01:45:14,505 - INFO - Creating new robust session with 3 retries on 5xx/connection/read errors.
2025-11-19 01:45:14,506 - INFO - Proxy is DISABLED.
2025-11-19 01:45:14,506 - INFO - Starting scrape for BBC RSS feed: http://feeds.bbci.co.uk/news/world/rss.xml
2025-11-19 01:45:14,506 - INFO - [Times of India] (Thread) requires Selenium. Initializing driver...
2025-11-19 01:45:14,506 - INFO - Initializing headless Selenium Chrome driver (using SeleniumManager)...
2025-11-19 01:45:14,515 - INFO - Starting scrape for The Guardian RSS feed: https://www.theguardian.com/world/rss
2025-11-19 01:45:14,518 - INFO - [The Hindu] (Thread) requires Selenium. Initializing driver...
2025-11-19 01:45:14,518 - INFO - Submitted 4 jobs to thread pool. Waiting up to 300s for completion...
2025-11-19 01:45:14,518 - INFO - Initializing headless Selenium Chrome driver (using SeleniumManager)...
2025-11-19 01:45:14,680 - INFO - Found 25 articles in BBC RSS feed. Processing up to 10.
2025-11-19 01:45:14,681 - INFO - [BBC] Article: https://www.bbc.com/news/articles/cdxr1r34ev9o?at_medium=RSS&at_campaign=rss
2025-11-19 01:45:14,681 - INFO - [BBC] Attempt 1/1: Trying with 'requests_browser' strategy...
2025-11-19 01:45:14,711 - INFO - Found 45 articles in The Guardian RSS feed. Processing up to 10.
2025-11-19 01:45:14,711 - INFO - [The Guardian] Article: https://www.theguardian.com/environment/2025/nov/18/congo-basin-rainforest-africa-research-funding-aoe
2025-11-19 01:45:14,711 - INFO - [The Guardian] Attempt 1/1: Trying with 'requests_browser' strategy...
2025-11-19 01:45:14,750 - INFO - [The Guardian] Success with 'requests_browser'. Found content (1040 words).
2025-11-19 01:45:14,786 - INFO - Duplicate article skipped: The rainforest the world forgot: the Congo basin is the second largest on Earth, so why is it being neglected? | Global development | The Guardian from The Guardian
2025-11-19 01:45:14,977 - INFO - [BBC] Success with 'requests_browser'. Found content (929 words).
2025-11-19 01:45:15,072 - INFO - Saved article: Congress approves bill to release Epstein files that will head to Trump's desk from BBC
2025-11-19 01:45:15,772 - INFO - [BBC] Article: https://www.bbc.com/news/articles/c0l73j781y9o?at_medium=RSS&at_campaign=rss
2025-11-19 01:45:15,772 - INFO - [BBC] Attempt 1/1: Trying with 'requests_browser' strategy...
2025-11-19 01:45:15,816 - INFO - [BBC] Success with 'requests_browser'. Found content (401 words).
2025-11-19 01:45:15,843 - INFO - Saved article: Lebanon says Israeli strike killed 13 people near Palestinian refugee camp from BBC
2025-11-19 01:45:16,274 - INFO - [The Guardian] Article: https://www.theguardian.com/global-development/2025/nov/17/nestle-accused-of-risking-health-of-babies-for-profit-over-added-sugar-in-cereals-sold-in-african-countries
2025-11-19 01:45:16,275 - INFO - [The Guardian] Attempt 1/1: Trying with 'requests_browser' strategy...
2025-11-19 01:45:16,299 - INFO - [The Guardian] Success with 'requests_browser'. Found content (744 words).
2025-11-19 01:45:16,331 - INFO - Duplicate article skipped: Nestlé accused of ’risking health of babies for profit’ over added sugar in cereals sold in African countries | Global development | The Guardian from The Guardian
2025-11-19 01:45:16,939 - INFO - [The Guardian] Article: https://www.theguardian.com/music/2025/nov/17/nicki-minaj-un-speech-trump-nigeria-christian
2025-11-19 01:45:16,939 - INFO - [The Guardian] Attempt 1/1: Trying with 'requests_browser' strategy...
2025-11-19 01:45:16,962 - INFO - [The Guardian] Success with 'requests_browser'. Found content (512 words).
2025-11-19 01:45:16,991 - INFO - Duplicate article skipped: Nicki Minaj to spotlight plight of Nigerian Christians in UN speech arranged by White House | Nicki Minaj | The Guardian from The Guardian
2025-11-19 01:45:17,141 - INFO - [BBC] Article: https://www.bbc.com/news/articles/c993e74pxd7o?at_medium=RSS&at_campaign=rss
2025-11-19 01:45:17,142 - INFO - [BBC] Attempt 1/1: Trying with 'requests_browser' strategy...
2025-11-19 01:45:17,168 - INFO - [BBC] Success with 'requests_browser'. Found content (591 words).
2025-11-19 01:45:17,196 - INFO - Saved article: Cristiano Ronaldo to visit White House on same day as Saudi crown prince from BBC
2025-11-19 01:45:18,091 - INFO - [BBC] Article: https://www.bbc.com/news/articles/cvg72r6myz4o?at_medium=RSS&at_campaign=rss
2025-11-19 01:45:18,091 - INFO - [BBC] Attempt 1/1: Trying with 'requests_browser' strategy...
2025-11-19 01:45:18,226 - INFO - [The Guardian] Article: https://www.theguardian.com/world/2025/nov/17/eswatini-5-m-dollars-us-deportees
2025-11-19 01:45:18,226 - INFO - [The Guardian] Attempt 1/1: Trying with 'requests_browser' strategy...
2025-11-19 01:45:18,245 - INFO - [BBC] Success with 'requests_browser'. Found content (525 words).
2025-11-19 01:45:18,277 - INFO - Saved article: Suspected Hezbollah member goes on trial in Germany from BBC
2025-11-19 01:45:18,289 - INFO - [The Guardian] Success with 'requests_browser'. Found content (330 words).
2025-11-19 01:45:18,318 - INFO - Duplicate article skipped: Eswatini confirms receiving over $5m from US to accept deportees | Eswatini | The Guardian from The Guardian
2025-11-19 01:45:19,490 - INFO - [BBC] Article: https://www.bbc.com/news/articles/cn0gdkwp2p9o?at_medium=RSS&at_campaign=rss
2025-11-19 01:45:19,490 - INFO - [BBC] Attempt 1/1: Trying with 'requests_browser' strategy...
2025-11-19 01:45:19,525 - INFO - [BBC] Success with 'requests_browser'. Found content (659 words).
2025-11-19 01:45:19,555 - INFO - Saved article: 'Things happen' - Trump defends Saudi crown prince over Khashoggi killing from BBC
2025-11-19 01:45:19,556 - INFO - [The Guardian] Article: https://www.theguardian.com/world/2025/nov/17/sheffield-based-propagandist-sudan-rsf-militia-abdalmonim-alrabea
2025-11-19 01:45:19,556 - INFO - [The Guardian] Attempt 1/1: Trying with 'requests_browser' strategy...
2025-11-19 01:45:19,580 - INFO - [The Guardian] Success with 'requests_browser'. Found content (814 words).
2025-11-19 01:45:19,614 - INFO - Duplicate article skipped: ‘His role is to recruit’: the Sheffield-based propagandist for Sudan’s RSF militia | Sudan | The Guardian from The Guardian
2025-11-19 01:45:20,561 - INFO - [The Guardian] Article: https://www.theguardian.com/world/2025/nov/18/british-woman-among-four-tourists-killed-in-blizzard-at-nature-reserve-in-chile
2025-11-19 01:45:20,562 - INFO - [The Guardian] Attempt 1/1: Trying with 'requests_browser' strategy...
2025-11-19 01:45:20,583 - INFO - [The Guardian] Success with 'requests_browser'. Found content (332 words).
2025-11-19 01:45:20,637 - INFO - Saved article: British woman among four tourists killed in blizzard at nature reserve in Chile | Chile | The Guardian from The Guardian
2025-11-19 01:45:21,046 - INFO - [BBC] Article: https://www.bbc.com/news/articles/c740290l8gzo?at_medium=RSS&at_campaign=rss
2025-11-19 01:45:21,046 - INFO - [BBC] Attempt 1/1: Trying with 'requests_browser' strategy...
2025-11-19 01:45:21,072 - INFO - [BBC] Success with 'requests_browser'. Found content (537 words).
2025-11-19 01:45:21,097 - INFO - Saved article: Bodies of missing mum and child found in freezers in Austria from BBC
2025-11-19 01:45:21,451 - INFO - [The Guardian] Article: https://www.theguardian.com/world/2025/nov/18/claudia-sheinbaum-us-military-mexico-trump
2025-11-19 01:45:21,451 - INFO - [The Guardian] Attempt 1/1: Trying with 'requests_browser' strategy...
2025-11-19 01:45:21,480 - INFO - [The Guardian] Success with 'requests_browser'. Found content (439 words).
2025-11-19 01:45:21,513 - INFO - Saved article: Sheinbaum again dismisses Trump’s threat of sending troops to Mexico: ‘We do not want intervention’ | Claudia Sheinbaum | The Guardian from The Guardian
2025-11-19 01:45:21,720 - INFO - [BBC] Article: https://www.bbc.com/news/articles/c4gknv8nxlzo?at_medium=RSS&at_campaign=rss
2025-11-19 01:45:21,720 - INFO - [BBC] Attempt 1/1: Trying with 'requests_browser' strategy...
2025-11-19 01:45:21,750 - INFO - [BBC] Success with 'requests_browser'. Found content (638 words).
2025-11-19 01:45:21,782 - INFO - Saved article: Two Ukrainians working for Russia behind rail sabotage, Polish PM says from BBC
2025-11-19 01:45:22,301 - INFO - [The Guardian] Article: https://www.theguardian.com/world/2025/nov/18/argentina-judge-diego-maradona-case-fired
2025-11-19 01:45:22,301 - INFO - [The Guardian] Attempt 1/1: Trying with 'requests_browser' strategy...
2025-11-19 01:45:22,324 - INFO - [The Guardian] Success with 'requests_browser'. Found content (310 words).
2025-11-19 01:45:22,357 - INFO - Saved article: Argentina judge fired after causing mistrial in case over Maradona’s death | Argentina | The Guardian from The Guardian
2025-11-19 01:45:23,061 - INFO - [BBC] Article: https://www.bbc.com/news/articles/c620p6jnynko?at_medium=RSS&at_campaign=rss
2025-11-19 01:45:23,061 - INFO - [BBC] Attempt 1/1: Trying with 'requests_browser' strategy...
2025-11-19 01:45:23,178 - INFO - [BBC] Success with 'requests_browser'. Found content (585 words).
2025-11-19 01:45:23,208 - INFO - Saved article: Zelensky to meet Trump envoy in Turkey in bid to 'intensify' peace talks from BBC
2025-11-19 01:45:23,613 - INFO - [The Guardian] Article: https://www.theguardian.com/world/2025/nov/18/venezuela-new-era-maria-corina-machado-trump
2025-11-19 01:45:23,613 - INFO - [The Guardian] Attempt 1/1: Trying with 'requests_browser' strategy...
2025-11-19 01:45:23,638 - INFO - [The Guardian] Success with 'requests_browser'. Found content (718 words).
2025-11-19 01:45:23,672 - INFO - Saved article: Venezuela’s top opposition leader claims ‘new era’ is coming despite lack of clear plan | Venezuela | The Guardian from The Guardian
2025-11-19 01:45:24,363 - INFO - [BBC] Article: https://www.bbc.com/news/articles/crreg2l7kezo?at_medium=RSS&at_campaign=rss
2025-11-19 01:45:24,363 - INFO - [BBC] Attempt 1/1: Trying with 'requests_browser' strategy...
2025-11-19 01:45:24,404 - INFO - [BBC] Success with 'requests_browser'. Found content (843 words).
2025-11-19 01:45:24,434 - INFO - Saved article: At least 94 Palestinians died in Israeli prisons in two years, human rights group says from BBC
2025-11-19 01:45:24,466 - INFO - [The Guardian] Article: https://www.theguardian.com/environment/live/2025/nov/17/cop30-belem-brazil-global-warming-latest-news-updates
2025-11-19 01:45:24,467 - INFO - [The Guardian] Attempt 1/1: Trying with 'requests_browser' strategy...
2025-11-19 01:45:24,691 - INFO - [The Guardian] Success with 'requests_browser'. Found content (4056 words).
2025-11-19 01:45:24,771 - INFO - Duplicate article skipped: Cop30: UN accused of crackdown on Indigenous people – as it happened | Cop30 | The Guardian from The Guardian
2025-11-19 01:45:25,508 - INFO - [BBC] Article: https://www.bbc.com/news/articles/cddr199d3z0o?at_medium=RSS&at_campaign=rss
2025-11-19 01:45:25,508 - INFO - [BBC] Attempt 1/1: Trying with 'requests_browser' strategy...
2025-11-19 01:45:25,559 - INFO - [BBC] Success with 'requests_browser'. Found content (683 words).
2025-11-19 01:45:25,589 - INFO - Duplicate article skipped: Larry Summers steps back from public role after Epstein emails emerge from BBC
2025-11-19 01:45:46,245 - INFO - Selenium driver initialized successfully.
2025-11-19 01:45:46,245 - INFO - Selenium driver initialized successfully.
2025-11-19 01:45:46,245 - INFO - Starting scrape for Times of India RSS feed: https://timesofindia.indiatimes.com/rssfeeds/296589292.cms
2025-11-19 01:45:46,245 - INFO - Starting scrape for The Hindu RSS feed: https://www.thehindu.com/news/national/feeder/default.rss
2025-11-19 01:45:46,346 - INFO - Found 20 articles in Times of India RSS feed. Processing up to 10.
2025-11-19 01:45:46,346 - INFO - [Times of India] Article: https://timesofindia.indiatimes.com/world/uk/princess-of-wales-returns-kate-middleton-calls-on-businesses-to-put-people-first-in-her-first-speech-in-two-years/articleshow/125421452.cms
2025-11-19 01:45:46,346 - INFO - [Times of India] Attempt 1/1: Trying with 'selenium_browser' strategy...
2025-11-19 01:45:46,482 - INFO - Found 100 articles in The Hindu RSS feed. Processing up to 10.
2025-11-19 01:45:46,483 - INFO - [The Hindu] Article: https://www.thehindu.com/news/national/tamil-nadu/the-row-over-karunanidhi-anna-way-periyar-way-remark-during-1991-election-campaign-in-coimbatore/article70291983.ece
2025-11-19 01:45:46,483 - INFO - [The Hindu] Attempt 1/1: Trying with 'selenium_browser' strategy...
2025-11-19 01:45:57,989 - INFO - [The Hindu] Page content loaded.
2025-11-19 01:45:58,884 - INFO - [The Hindu] Success with 'selenium_browser'. Found content (1226 words).
2025-11-19 01:45:59,460 - INFO - Saved article: The row over Karunanidhi’s ‘Anna way-Periyar way’ remark during 1991 election campaign - The Hindu from The Hindu
2025-11-19 01:46:00,709 - INFO - [The Hindu] Article: https://www.thehindu.com/news/cities/chennai/a-lost-garden-and-a-forgotten-square-in-chennai/article70289765.ece
2025-11-19 01:46:00,709 - INFO - [The Hindu] Attempt 1/1: Trying with 'selenium_browser' strategy...
2025-11-19 01:46:05,280 - INFO - [The Hindu] Page content loaded.
2025-11-19 01:46:05,606 - INFO - [The Hindu] Success with 'selenium_browser'. Found content (614 words).
2025-11-19 01:46:05,918 - INFO - Saved article: A lost garden and a forgotten square in Chennai - The Hindu from The Hindu
2025-11-19 01:46:06,509 - INFO - [Times of India] Page content loaded.
2025-11-19 01:46:06,805 - INFO - [The Hindu] Article: https://www.thehindu.com/news/national/tamil-nadu/aiadmk-cadres-realise-that-sir-is-a-danger-says-dmk-mp-nr-elango/article70296235.ece
2025-11-19 01:46:06,805 - INFO - [The Hindu] Attempt 1/1: Trying with 'selenium_browser' strategy...
2025-11-19 01:46:08,528 - INFO - [Times of India] Success with 'selenium_browser'. Found content (303 words).
2025-11-19 01:46:08,969 - INFO - Saved article: ‘Princess of Wales’ returns: Kate Middleton calls on businesses to put people first in her first speech in two years | World News - The Times of India from Times of India
2025-11-19 01:46:10,157 - INFO - [Times of India] Article: https://timesofindia.indiatimes.com/world/us/major-green-card-change-proposed-no-permanent-residency-if-immigrants-likely-to-become-dependent-on-govt-benefits/articleshow/125421334.cms
2025-11-19 01:46:10,157 - INFO - [Times of India] Attempt 1/1: Trying with 'selenium_browser' strategy...
2025-11-19 01:46:13,016 - INFO - [The Hindu] Page content loaded.
2025-11-19 01:46:13,332 - INFO - [The Hindu] Success with 'selenium_browser'. Found content (298 words).
2025-11-19 01:46:13,594 - INFO - Saved article: AIADMK cadres realise that SIR is a danger, says DMK MP N.R. Elango - The Hindu from The Hindu
2025-11-19 01:46:14,592 - INFO - [The Hindu] Article: https://www.thehindu.com/news/national/tamil-nadu/toddler-run-over-near-vaniyambadi/article70295011.ece
2025-11-19 01:46:14,592 - INFO - [The Hindu] Attempt 1/1: Trying with 'selenium_browser' strategy...
2025-11-19 01:46:23,318 - INFO - [Times of India] Page content loaded.
2025-11-19 01:46:23,776 - INFO - [Times of India] Success with 'selenium_browser'. Found content (323 words).
2025-11-19 01:46:24,282 - INFO - Saved article: Major Green Card change proposed: No permanent residency if immigrants likely to become dependent on govt benefits - The Times of India from Times of India
2025-11-19 01:46:24,806 - INFO - [Times of India] Article: https://timesofindia.indiatimes.com/world/us-streamers/xqc-accuses-qtcinderella-of-adding-vanillamace-to-awards-list-to-fix-past-drama/articleshow/125421318.cms
2025-11-19 01:46:24,806 - INFO - [Times of India] Attempt 1/1: Trying with 'selenium_browser' strategy...
2025-11-19 01:46:44,208 - WARNING - [Times of India] Page timed out (10s). No <p> tags found. Proceeding anyway.
2025-11-19 01:46:44,577 - INFO - [Times of India] Success with 'selenium_browser'. Found content (414 words).
2025-11-19 01:46:44,777 - INFO - Saved article: xQc accuses QTCinderella of adding Vanillamace to awards list to fix past drama - The Times of India from Times of India
2025-11-19 01:46:45,486 - INFO - [Times of India] Article: https://timesofindia.indiatimes.com/world/us/muslim-brotherhood-cair-designated-as-terrorist-groups-in-texas-this-bans-them-from-buying-land-/articleshow/125421260.cms
2025-11-19 01:46:45,486 - INFO - [Times of India] Attempt 1/1: Trying with 'selenium_browser' strategy...
2025-11-19 01:46:47,141 - INFO - [Times of India] Page content loaded.
2025-11-19 01:46:47,417 - INFO - [Times of India] Success with 'selenium_browser'. Found content (318 words).
2025-11-19 01:46:47,539 - INFO - Saved article: Muslim Brotherhood, CAIR designated as terrorist groups in Texas: 'This bans them from buying land...' - The Times of India from Times of India
2025-11-19 01:46:48,692 - INFO - [Times of India] Article: https://timesofindia.indiatimes.com/world/us-streamers/adin-ross-to-take-legal-action-after-cuffem-suffers-major-head-injury-at-carti-concert/articleshow/125421136.cms
2025-11-19 01:46:48,692 - INFO - [Times of India] Attempt 1/1: Trying with 'selenium_browser' strategy...
2025-11-19 01:48:14,693 - ERROR - [The Hindu] Request failed for strategy 'selenium_browser' on URL https://www.thehindu.com/news/national/tamil-nadu/toddler-run-over-near-vaniyambadi/article70295011.ece: HTTPConnectionPool(host='localhost', port=36459): Read timed out. (read timeout=120)
2025-11-19 01:48:14,693 - ERROR - [The Hindu] All scrape strategies failed for https://www.thehindu.com/news/national/tamil-nadu/toddler-run-over-near-vaniyambadi/article70295011.ece. Falling back to RSS description.
2025-11-19 01:48:14,695 - INFO - Saved article: Toddler run over near Vaniyambadi from The Hindu
2025-11-19 01:48:16,002 - INFO - [The Hindu] Article: https://www.thehindu.com/news/national/tamil-nadu/led-lights-wont-affect-ornaments-of-arunachaleswara-temple-deities-during-procession-hrce/article70295003.ece
2025-11-19 01:48:16,003 - INFO - [The Hindu] Attempt 1/1: Trying with 'selenium_browser' strategy...
2025-11-19 01:48:58,235 - ERROR - [Times of India] Request failed for strategy 'selenium_browser' on URL https://timesofindia.indiatimes.com/world/us-streamers/adin-ross-to-take-legal-action-after-cuffem-suffers-major-head-injury-at-carti-concert/articleshow/125421136.cms: HTTPConnectionPool(host='localhost', port=44351): Read timed out. (read timeout=120)
2025-11-19 01:48:58,235 - ERROR - [Times of India] All scrape strategies failed for https://timesofindia.indiatimes.com/world/us-streamers/adin-ross-to-take-legal-action-after-cuffem-suffers-major-head-injury-at-carti-concert/articleshow/125421136.cms. Falling back to RSS description.
2025-11-19 01:48:58,238 - INFO - Saved article: Adin Ross to take legal action after Cuffem suffers major head injury at Carti concert from Times of India
2025-11-19 01:48:59,454 - INFO - [Times of India] Article: https://timesofindia.indiatimes.com/world/us/new-kids-out-of-college-trumps-economic-aide-slammed-for-dismissing-job-crisis-amid-h-1b-row/articleshow/125420883.cms
2025-11-19 01:48:59,454 - INFO - [Times of India] Attempt 1/1: Trying with 'selenium_browser' strategy...
2025-11-19 01:50:14,518 - CRITICAL - --- TIMEOUT: 2 scrape jobs did not complete in 300s. ---
2025-11-19 01:50:14,518 - ERROR - A thread has timed out and will be abandoned.
2025-11-19 01:50:14,518 - ERROR - A thread has timed out and will be abandoned.
2025-11-19 01:50:14,518 - INFO - Shutting down thread pool (wait=False)...
2025-11-19 01:50:14,518 - INFO - Scraped: 4 The Guardian, 9 BBC, 2 Timed_Out_Jobs articles. (Total saved: 13)
2025-11-19 01:50:14,518 - INFO - --- Scraping job finished ---
2025-11-19 01:50:14,519 - INFO - --- Scraper service stopped and database connection closed. ---
2025-11-19 01:50:14,519 - INFO - --- Main thread finished. Forcing process exit to kill zombie threads. ---
