2026-03-30 02:43:32,208 - INFO - Initializing database connection at: news_articles.db
2026-03-30 02:43:32,208 - INFO - --- Scraper service started (CI Mode: Run Once) ---
2026-03-30 02:43:32,208 - INFO - --- Starting new scraping job (Parallel Mode) ---
2026-03-30 02:43:32,208 - INFO - Creating new robust session with 3 retries on 5xx/connection/read errors.
2026-03-30 02:43:32,209 - INFO - Proxy is DISABLED.
2026-03-30 02:43:32,209 - INFO - Starting scrape for BBC RSS feed: http://feeds.bbci.co.uk/news/world/rss.xml
2026-03-30 02:43:32,209 - INFO - [Times of India] (Thread) requires Selenium. Initializing driver...
2026-03-30 02:43:32,209 - INFO - Initializing headless Selenium Chrome driver (using SeleniumManager)...
2026-03-30 02:43:32,210 - INFO - Starting scrape for The Guardian RSS feed: https://www.theguardian.com/world/rss
2026-03-30 02:43:32,213 - INFO - [The Hindu] (Thread) requires Selenium. Initializing driver...
2026-03-30 02:43:32,213 - INFO - Initializing headless Selenium Chrome driver (using SeleniumManager)...
2026-03-30 02:43:32,213 - INFO - Submitted 4 jobs to thread pool. Waiting up to 420s for completion...
2026-03-30 02:43:32,488 - INFO - Found 45 articles in The Guardian RSS feed. Processing up to 25.
2026-03-30 02:43:32,488 - INFO - [The Guardian] Article: https://www.theguardian.com/world/2026/mar/29/graaff-reinet-robert-sobukwe-south-african-town-name-change-stirs-racial-tensions
2026-03-30 02:43:32,488 - INFO - [The Guardian] Attempt 1/1: Trying with 'requests_browser' strategy...
2026-03-30 02:43:32,570 - INFO - [The Guardian] Success with 'requests_browser'. Found content (860 words).
2026-03-30 02:43:32,614 - INFO - Duplicate article skipped: Goodbye Graaff-Reinet: South African town’s name change stirs racial tensions | South Africa | The Guardian from The Guardian
2026-03-30 02:43:32,676 - INFO - Found 49 articles in BBC RSS feed. Processing up to 25.
2026-03-30 02:43:32,676 - INFO - [BBC] Article: https://www.bbc.com/news/articles/c5y969pnxgvo?at_medium=RSS&at_campaign=rss
2026-03-30 02:43:32,676 - INFO - [BBC] Attempt 1/1: Trying with 'requests_browser' strategy...
2026-03-30 02:43:33,083 - INFO - [BBC] Success with 'requests_browser'. Found content (3074 words).
2026-03-30 02:43:33,144 - INFO - Duplicate article skipped: Jeremy Bowen: Trump is waging war based on instinct and it isn't working from BBC
2026-03-30 02:43:33,267 - INFO - [The Guardian] Article: https://www.theguardian.com/news/2026/mar/27/un-slavery-ruling-african-union-reparations-slavery-analysis
2026-03-30 02:43:33,267 - INFO - [The Guardian] Attempt 1/1: Trying with 'requests_browser' strategy...
2026-03-30 02:43:33,380 - INFO - [The Guardian] Success with 'requests_browser'. Found content (703 words).
2026-03-30 02:43:33,401 - INFO - Selenium driver initialized successfully.
2026-03-30 02:43:33,401 - INFO - Starting scrape for Times of India RSS feed: https://timesofindia.indiatimes.com/rssfeeds/296589292.cms
2026-03-30 02:43:33,413 - INFO - Selenium driver initialized successfully.
2026-03-30 02:43:33,418 - INFO - Starting scrape for The Hindu RSS feed: https://www.thehindu.com/news/national/feeder/default.rss
2026-03-30 02:43:33,436 - INFO - Duplicate article skipped: UN’s landmark slavery ruling energises African Union’s fight for reparations | Reparations and reparative justice | The Guardian from The Guardian
2026-03-30 02:43:33,510 - INFO - Found 20 articles in Times of India RSS feed. Processing up to 25.
2026-03-30 02:43:33,510 - INFO - [Times of India] Article: https://timesofindia.indiatimes.com/world/middle-east/israel-blocks-senior-catholic-leaders-from-jerusalem-church-on-palm-sunday-first-time-in-centuries-access-restored/articleshow/129889170.cms
2026-03-30 02:43:33,510 - INFO - [Times of India] Attempt 1/1: Trying with 'selenium_browser' strategy...
2026-03-30 02:43:33,543 - INFO - Found 60 articles in The Hindu RSS feed. Processing up to 25.
2026-03-30 02:43:33,543 - INFO - [The Hindu] Article: https://www.thehindu.com/data/the-rise-of-temporary-teachers-in-west-bengal/article70800439.ece
2026-03-30 02:43:33,544 - INFO - [The Hindu] Attempt 1/1: Trying with 'selenium_browser' strategy...
2026-03-30 02:43:34,434 - INFO - [BBC] Article: https://www.bbc.com/news/articles/cp86yrq5jy7o?at_medium=RSS&at_campaign=rss
2026-03-30 02:43:34,434 - INFO - [BBC] Attempt 1/1: Trying with 'requests_browser' strategy...
2026-03-30 02:43:34,587 - INFO - [BBC] Success with 'requests_browser'. Found content (517 words).
2026-03-30 02:43:34,697 - INFO - Duplicate article skipped: Iranian attacks across Gulf continue as major industrial sites hit from BBC
2026-03-30 02:43:34,862 - INFO - [The Guardian] Article: https://www.theguardian.com/artanddesign/2026/mar/27/african-guernica-dumile-feni-on-display-alongside-picasso
2026-03-30 02:43:34,862 - INFO - [The Guardian] Attempt 1/1: Trying with 'requests_browser' strategy...
2026-03-30 02:43:34,998 - INFO - [The Guardian] Success with 'requests_browser'. Found content (855 words).
2026-03-30 02:43:35,032 - INFO - [The Hindu] Page content loaded.
2026-03-30 02:43:35,107 - INFO - Duplicate article skipped: ‘The violence of racist tyranny’: African Guernica goes on display alongside Picasso masterpiece | Art | The Guardian from The Guardian
2026-03-30 02:43:35,268 - INFO - [The Hindu] Success with 'selenium_browser'. Found content (804 words).
2026-03-30 02:43:35,482 - INFO - Saved article: The rise of temporary teachers in West Bengal - The Hindu from The Hindu
2026-03-30 02:43:35,843 - INFO - [The Guardian] Article: https://www.theguardian.com/news/2026/mar/26/nigeria-regional-superpower-uk-reparative-justice-trade-economic-ties
2026-03-30 02:43:35,843 - INFO - [The Guardian] Attempt 1/1: Trying with 'requests_browser' strategy...
2026-03-30 02:43:35,870 - INFO - [BBC] Article: https://www.bbc.com/news/articles/cgme1j70294o?at_medium=RSS&at_campaign=rss
2026-03-30 02:43:35,870 - INFO - [BBC] Attempt 1/1: Trying with 'requests_browser' strategy...
2026-03-30 02:43:36,164 - INFO - [The Guardian] Success with 'requests_browser'. Found content (1120 words).
2026-03-30 02:43:36,176 - INFO - [BBC] Success with 'requests_browser'. Found content (619 words).
2026-03-30 02:43:36,344 - INFO - [The Hindu] Article: https://www.thehindu.com/elections/kerala-assembly/modi-targets-ldf-udf-over-decades-of-corruption-calls-bjp-keralas-real-a-team/article70799220.ece
2026-03-30 02:43:36,344 - INFO - [The Hindu] Attempt 1/1: Trying with 'selenium_browser' strategy...
2026-03-30 02:43:36,502 - INFO - Duplicate article skipped: Nigeria takes its place on world stage in quest to become regional superpower | Nigeria | The Guardian from The Guardian
2026-03-30 02:43:36,509 - INFO - Duplicate article skipped: Three Lebanese journalists killed in Israeli strike, employers say from BBC
2026-03-30 02:43:37,428 - INFO - [The Guardian] Article: https://www.theguardian.com/world/2026/mar/26/sudan-drone-strikes-civilian-targets-north-darfur-market-north-kordofan-truck
2026-03-30 02:43:37,428 - INFO - [The Guardian] Attempt 1/1: Trying with 'requests_browser' strategy...
2026-03-30 02:43:37,522 - INFO - [BBC] Article: https://www.bbc.com/news/articles/cd9v234j2v7o?at_medium=RSS&at_campaign=rss
2026-03-30 02:43:37,522 - INFO - [BBC] Attempt 1/1: Trying with 'requests_browser' strategy...
2026-03-30 02:43:37,745 - INFO - [The Guardian] Success with 'requests_browser'. Found content (415 words).
2026-03-30 02:43:37,761 - INFO - [BBC] Success with 'requests_browser'. Found content (396 words).
2026-03-30 02:43:38,091 - INFO - Saved article: Three arrested in Paris after attempted bomb attack outside Bank of America from BBC
2026-03-30 02:43:38,091 - INFO - Duplicate article skipped: Two drone strikes on civilian targets kill 28 people in Sudan | Sudan | The Guardian from The Guardian
2026-03-30 02:43:38,609 - INFO - [BBC] Article: https://www.bbc.com/news/articles/c3dlk93m7jyo?at_medium=RSS&at_campaign=rss
2026-03-30 02:43:38,609 - INFO - [BBC] Attempt 1/1: Trying with 'requests_browser' strategy...
2026-03-30 02:43:38,768 - INFO - [BBC] Success with 'requests_browser'. Found content (361 words).
2026-03-30 02:43:39,071 - INFO - Saved article: Italy investigates Sephora and Benefit over marketing skincare to children from BBC
2026-03-30 02:43:39,164 - INFO - [The Guardian] Article: https://www.theguardian.com/us-news/2026/mar/29/us-russian-oil-tanker-cuba-blockade
2026-03-30 02:43:39,164 - INFO - [The Guardian] Attempt 1/1: Trying with 'requests_browser' strategy...
2026-03-30 02:43:39,195 - INFO - [The Hindu] Page content loaded.
2026-03-30 02:43:39,337 - INFO - [The Guardian] Success with 'requests_browser'. Found content (414 words).
2026-03-30 02:43:39,575 - INFO - Saved article: Trump appears to relax de facto oil blockade on Cuba as Russian oil tanker nears island | Cuba | The Guardian from The Guardian
2026-03-30 02:43:39,606 - INFO - [The Hindu] Success with 'selenium_browser'. Found content (519 words).
2026-03-30 02:43:39,614 - INFO - [BBC] Article: https://www.bbc.com/news/articles/cvg0128z41eo?at_medium=RSS&at_campaign=rss
2026-03-30 02:43:39,614 - INFO - [BBC] Attempt 1/1: Trying with 'requests_browser' strategy...
2026-03-30 02:43:40,128 - INFO - [BBC] Success with 'requests_browser'. Found content (786 words).
2026-03-30 02:43:40,148 - INFO - Saved article: BJP is the ‘A team’ of Kerala, says Modi at campaign meet - The Hindu from The Hindu
2026-03-30 02:43:40,318 - INFO - Saved article: Netanyahu says Latin Patriarch will have full access to Jerusalem holy site from BBC
2026-03-30 02:43:40,885 - INFO - [The Guardian] Article: https://www.theguardian.com/us-news/2026/mar/28/us-embassy-mexico-outrage-ai-video-self-deportation
2026-03-30 02:43:40,885 - INFO - [The Guardian] Attempt 1/1: Trying with 'requests_browser' strategy...
2026-03-30 02:43:41,011 - INFO - [BBC] Article: https://www.bbc.com/news/articles/cn4vw2xmpzzo?at_medium=RSS&at_campaign=rss
2026-03-30 02:43:41,011 - INFO - [BBC] Attempt 1/1: Trying with 'requests_browser' strategy...
2026-03-30 02:43:41,261 - INFO - [The Guardian] Success with 'requests_browser'. Found content (352 words).
2026-03-30 02:43:41,285 - INFO - [BBC] Success with 'requests_browser'. Found content (383 words).
2026-03-30 02:43:41,506 - INFO - [The Hindu] Article: https://www.thehindu.com/news/national/promises-delivered-and-undelivered-during-5-years-of-dmk-government/article70800551.ece
2026-03-30 02:43:41,530 - INFO - [The Hindu] Attempt 1/1: Trying with 'selenium_browser' strategy...
2026-03-30 02:43:41,732 - INFO - Duplicate article skipped: US embassy in Mexico prompts outrage with AI video promoting ‘self-deportation’ | US-Mexico border | The Guardian from The Guardian
2026-03-30 02:43:41,736 - INFO - Saved article: Renoir, Cézanne and Matisse art among items stolen in Italian job from BBC
2026-03-30 02:43:42,632 - INFO - [BBC] Article: https://www.bbc.com/news/articles/cx2w8d1q70vo?at_medium=RSS&at_campaign=rss
2026-03-30 02:43:42,632 - INFO - [BBC] Attempt 1/1: Trying with 'requests_browser' strategy...
2026-03-30 02:43:42,803 - INFO - [BBC] Success with 'requests_browser'. Found content (366 words).
2026-03-30 02:43:43,130 - INFO - [The Guardian] Article: https://www.theguardian.com/environment/2026/mar/27/scientists-film-whale-giving-birth-other-whales-help-her
2026-03-30 02:43:43,131 - INFO - [The Guardian] Attempt 1/1: Trying with 'requests_browser' strategy...
2026-03-30 02:43:43,237 - INFO - Saved article: Veron Mosengo-Omba: Caf general secretary resigns amid Afcon final fallout from BBC
2026-03-30 02:43:43,332 - INFO - [The Guardian] Success with 'requests_browser'. Found content (644 words).
2026-03-30 02:43:43,621 - INFO - Duplicate article skipped: Scientists film whale giving birth while other whales work together to help her | Whales | The Guardian from The Guardian
2026-03-30 02:43:43,749 - INFO - [The Hindu] Page content loaded.
2026-03-30 02:43:44,225 - INFO - [The Hindu] Success with 'selenium_browser'. Found content (811 words).
2026-03-30 02:43:44,339 - INFO - [BBC] Article: https://www.bbc.com/news/articles/c937n0yxggeo?at_medium=RSS&at_campaign=rss
2026-03-30 02:43:44,339 - INFO - [BBC] Attempt 1/1: Trying with 'requests_browser' strategy...
2026-03-30 02:43:44,634 - INFO - Saved article: Promises delivered and undelivered during 5 years of DMK government - The Hindu from The Hindu
2026-03-30 02:43:44,677 - INFO - [BBC] Success with 'requests_browser'. Found content (643 words).
2026-03-30 02:43:44,945 - INFO - Saved article: Two Australian states offer free public transport as war pushes up fuel prices from BBC
2026-03-30 02:43:44,993 - INFO - [The Guardian] Article: https://www.theguardian.com/world/2026/mar/27/cuba-aid-boats-missing-en-route-mexico-our-america-convoy
2026-03-30 02:43:44,993 - INFO - [The Guardian] Attempt 1/1: Trying with 'requests_browser' strategy...
2026-03-30 02:43:45,155 - INFO - [The Hindu] Article: https://www.thehindu.com/news/national/west-bengal/situationpeacefultwo-daysafter-ram-navami-clashes-in-murshidabaddistrictsjangipur/article70799607.ece
2026-03-30 02:43:45,161 - INFO - [The Hindu] Attempt 1/1: Trying with 'selenium_browser' strategy...
2026-03-30 02:43:45,199 - INFO - [The Guardian] Success with 'requests_browser'. Found content (510 words).
2026-03-30 02:43:45,400 - INFO - Duplicate article skipped: Missing aid boats have safely reached Cuba, US confirms | Cuba | The Guardian from The Guardian
2026-03-30 02:43:46,122 - INFO - [BBC] Article: https://www.bbc.com/news/articles/czd74q2nqp0o?at_medium=RSS&at_campaign=rss
2026-03-30 02:43:46,122 - INFO - [BBC] Attempt 1/1: Trying with 'requests_browser' strategy...
2026-03-30 02:43:46,305 - INFO - [BBC] Success with 'requests_browser'. Found content (905 words).
2026-03-30 02:43:46,404 - INFO - [The Guardian] Article: https://www.theguardian.com/world/2026/mar/27/cuba-humanitarian-aid-boats-missing
2026-03-30 02:43:46,405 - INFO - [The Guardian] Attempt 1/1: Trying with 'requests_browser' strategy...
2026-03-30 02:43:46,481 - INFO - Saved article: Canada's New Democratic Party choose Avi Lewis as new leader from BBC
2026-03-30 02:43:46,588 - INFO - [The Guardian] Success with 'requests_browser'. Found content (266 words).
2026-03-30 02:43:46,661 - INFO - [The Hindu] Page content loaded.
2026-03-30 02:43:46,757 - INFO - Duplicate article skipped: Two humanitarian aid boats heading to Cuba have gone missing, Mexico says | Cuba | The Guardian from The Guardian
2026-03-30 02:43:47,071 - INFO - [The Hindu] Success with 'selenium_browser'. Found content (494 words).
2026-03-30 02:43:47,254 - INFO - Saved article: 31 arrested for Ram Navami clashes in Bengal district - The Hindu from The Hindu
2026-03-30 02:43:47,930 - INFO - [BBC] Article: https://www.bbc.com/news/articles/cq8wy7g1gd1o?at_medium=RSS&at_campaign=rss
2026-03-30 02:43:47,930 - INFO - [BBC] Attempt 1/1: Trying with 'requests_browser' strategy...
2026-03-30 02:43:47,973 - INFO - [The Guardian] Article: https://www.theguardian.com/world/2026/mar/30/china-teapot-refineries-crude-oil-iran-war
2026-03-30 02:43:47,973 - INFO - [The Guardian] Attempt 1/1: Trying with 'requests_browser' strategy...
2026-03-30 02:43:48,003 - INFO - [The Hindu] Article: https://www.thehindu.com/news/national/protest-against-imperialist-attacks-on-iran-and-indias-foreign-policy-n-ram/article70800220.ece
2026-03-30 02:43:48,003 - INFO - [The Hindu] Attempt 1/1: Trying with 'selenium_browser' strategy...
2026-03-30 02:43:48,159 - INFO - [The Guardian] Success with 'requests_browser'. Found content (1040 words).
2026-03-30 02:43:48,187 - INFO - [BBC] Success with 'requests_browser'. Found content (897 words).
2026-03-30 02:43:48,703 - INFO - Saved article: China’s ‘teapot’ oil refineries keep economy brewing – but surging crude prices leave them strained | China | The Guardian from The Guardian
2026-03-30 02:43:48,703 - INFO - Duplicate article skipped: No Kings protests: Thousands across the US rally against Trump from BBC
2026-03-30 02:43:49,309 - INFO - [The Hindu] Page content loaded.
2026-03-30 02:43:49,420 - INFO - [BBC] Article: https://www.bbc.com/news/articles/c0rxz7ggv8go?at_medium=RSS&at_campaign=rss
2026-03-30 02:43:49,421 - INFO - [BBC] Attempt 1/1: Trying with 'requests_browser' strategy...
2026-03-30 02:43:49,566 - INFO - [The Hindu] Success with 'selenium_browser'. Found content (760 words).
2026-03-30 02:43:49,584 - INFO - [BBC] Success with 'requests_browser'. Found content (481 words).
2026-03-30 02:43:49,639 - INFO - [The Guardian] Article: https://www.theguardian.com/world/2026/mar/27/australia-will-be-left-with-no-submarines-if-it-abandons-aukus-senior-defence-official-warns
2026-03-30 02:43:49,662 - INFO - [The Guardian] Attempt 1/1: Trying with 'requests_browser' strategy...
2026-03-30 02:43:49,896 - INFO - Duplicate article skipped: Shops and restaurants in Egypt told to close early as energy from BBC
2026-03-30 02:43:49,924 - INFO - Saved article: People must protest against attack on Iran, India’s foreign policy: N. Ram - The Hindu from The Hindu
2026-03-30 02:43:49,951 - INFO - [The Guardian] Success with 'requests_browser'. Found content (555 words).
2026-03-30 02:43:50,183 - INFO - Duplicate article skipped: Australia will be left with no submarines if it abandons Aukus, senior defence official warns | Aukus | The Guardian from The Guardian
2026-03-30 02:43:50,432 - INFO - [The Hindu] Article: https://www.thehindu.com/news/national/indian-railways-shows-red-flag-to-unauthorised-expenses/article70799164.ece
2026-03-30 02:43:50,432 - INFO - [The Hindu] Attempt 1/1: Trying with 'selenium_browser' strategy...
2026-03-30 02:43:50,814 - INFO - [The Guardian] Article: https://www.theguardian.com/us-news/2026/mar/26/trump-xi-jinping-china-trip-rescheduled-may
2026-03-30 02:43:50,814 - INFO - [The Guardian] Attempt 1/1: Trying with 'requests_browser' strategy...
2026-03-30 02:43:50,968 - INFO - [The Guardian] Success with 'requests_browser'. Found content (506 words).
2026-03-30 02:43:51,098 - INFO - Duplicate article skipped: Trump’s trip to meet Xi Jinping in China rescheduled for May due to Iran war | Donald Trump | The Guardian from The Guardian
2026-03-30 02:43:51,220 - INFO - [BBC] Article: https://www.bbc.com/news/articles/cnv8z1lvn8ro?at_medium=RSS&at_campaign=rss
2026-03-30 02:43:51,220 - INFO - [BBC] Attempt 1/1: Trying with 'requests_browser' strategy...
2026-03-30 02:43:51,401 - INFO - [BBC] Success with 'requests_browser'. Found content (329 words).
2026-03-30 02:43:51,495 - INFO - Duplicate article skipped: Twenty-two migrants die off Greek coast after six days at sea from BBC
2026-03-30 02:43:51,647 - INFO - [The Hindu] Page content loaded.
2026-03-30 02:43:51,678 - INFO - [The Guardian] Article: https://www.theguardian.com/australia-news/2026/mar/25/australia-chinese-nationals-arriving-by-boat-indonesia-reports-surge
2026-03-30 02:43:51,678 - INFO - [The Guardian] Attempt 1/1: Trying with 'requests_browser' strategy...
2026-03-30 02:43:51,982 - INFO - [The Hindu] Success with 'selenium_browser'. Found content (526 words).
2026-03-30 02:43:51,989 - INFO - [The Guardian] Success with 'requests_browser'. Found content (723 words).
2026-03-30 02:43:52,211 - INFO - Duplicate article skipped: Australia refuses to say how many Chinese nationals are arriving by boat, saying it may damage bilateral relations | Australian immigration and asylum | The Guardian from The Guardian
2026-03-30 02:43:52,211 - INFO - Duplicate article skipped: Curb unauthorised expenditure on projects, Railways directs officials - The Hindu from The Hindu
2026-03-30 02:43:52,525 - INFO - [BBC] Article: https://www.bbc.com/news/articles/cn0wjgwvp2ko?at_medium=RSS&at_campaign=rss
2026-03-30 02:43:52,525 - INFO - [BBC] Attempt 1/1: Trying with 'requests_browser' strategy...
2026-03-30 02:43:52,625 - INFO - [BBC] Success with 'requests_browser'. Found content (436 words).
2026-03-30 02:43:52,717 - INFO - Duplicate article skipped: Bank of America reaches settlement in Epstein lawsuit from BBC
2026-03-30 02:43:53,554 - INFO - [The Hindu] Article: https://www.thehindu.com/elections/west-bengal-assembly/mamata-pillories-shah-over-his-chargesheet-against-tmc-govt-leg-injury-swipe-at-her/article70799611.ece
2026-03-30 02:43:53,554 - INFO - [The Hindu] Attempt 1/1: Trying with 'selenium_browser' strategy...
2026-03-30 02:43:53,578 - INFO - [The Guardian] Article: https://www.theguardian.com/world/2026/mar/25/china-hong-kong-dissidents-transnational-repression-report
2026-03-30 02:43:53,578 - INFO - [The Guardian] Attempt 1/1: Trying with 'requests_browser' strategy...
2026-03-30 02:43:53,693 - INFO - [The Guardian] Success with 'requests_browser'. Found content (696 words).
2026-03-30 02:43:53,703 - INFO - [BBC] Article: https://www.bbc.com/news/articles/crr10v5p7lgo?at_medium=RSS&at_campaign=rss
2026-03-30 02:43:53,703 - INFO - [BBC] Attempt 1/1: Trying with 'requests_browser' strategy...
2026-03-30 02:43:53,839 - INFO - Duplicate article skipped: ‘They can reach me wherever’: China using financial tactics to coerce people who flee, says report | China | The Guardian from The Guardian
2026-03-30 02:43:53,898 - INFO - [BBC] Success with 'requests_browser'. Found content (1211 words).
2026-03-30 02:43:54,034 - INFO - Duplicate article skipped: Gaza peace doubts deepen as attention shifts to Iran from BBC
2026-03-30 02:43:54,415 - INFO - [The Guardian] Article: https://www.theguardian.com/australia-news/live/2026/mar/30/australia-politics-live-national-cabinet-fuel-prices-oil-crisis-labor-anthony-albanese-chris-bowen-coalition-angus-taylor-ntwnfb
2026-03-30 02:43:54,415 - INFO - [The Guardian] Attempt 1/1: Trying with 'requests_browser' strategy...
2026-03-30 02:43:55,088 - INFO - [The Hindu] Page content loaded.
2026-03-30 02:43:55,215 - INFO - [The Guardian] Success with 'requests_browser'. Found content (3007 words).
2026-03-30 02:43:55,284 - INFO - [BBC] Article: https://www.bbc.com/news/articles/c62lx8ek9x9o?at_medium=RSS&at_campaign=rss
2026-03-30 02:43:55,284 - INFO - [BBC] Attempt 1/1: Trying with 'requests_browser' strategy...
2026-03-30 02:43:55,365 - INFO - [The Hindu] Success with 'selenium_browser'. Found content (487 words).
2026-03-30 02:43:55,521 - INFO - Saved article: Australia politics live: PM wants ‘more certainty’ around Trump’s objectives in Iran; Labor to halve fuel excise for three months | Australia news | The Guardian from The Guardian
2026-03-30 02:43:55,562 - INFO - [BBC] Success with 'requests_browser'. Found content (832 words).
2026-03-30 02:43:55,569 - INFO - Saved article: I am the candidate in all 294 seats in Bengal polls: Mamata - The Hindu from The Hindu
2026-03-30 02:43:55,631 - INFO - Duplicate article skipped: Tears and defiance as Lebanese family bury child, 11, killed in Israeli strike from BBC
2026-03-30 02:43:56,054 - INFO - [The Guardian] Article: https://www.theguardian.com/australia-news/live/2026/mar/30/dezi-freeman-update-news-shot-dead-by-police-australia-fugitive-victoria-porepunkah-shooting-live-updates-latest-ntwnfb
2026-03-30 02:43:56,055 - INFO - [The Guardian] Attempt 1/1: Trying with 'requests_browser' strategy...
2026-03-30 02:43:56,256 - INFO - [The Guardian] Success with 'requests_browser'. Found content (1081 words).
2026-03-30 02:43:56,510 - INFO - Saved article: Dezi Freeman shooting live updates: Australian fugitive shot dead after refusing to surrender peacefully, police say | Porepunkah shooting | The Guardian from The Guardian
2026-03-30 02:43:56,737 - INFO - [The Hindu] Article: https://www.thehindu.com/news/national/maoist-campaign-saw-continuity-across-regimes-sharper-push-recently-former-mha-official/article70800362.ece
2026-03-30 02:43:56,737 - INFO - [The Hindu] Attempt 1/1: Trying with 'selenium_browser' strategy...
2026-03-30 02:43:56,914 - INFO - [BBC] Article: https://www.bbc.com/news/articles/cr513g72vqgo?at_medium=RSS&at_campaign=rss
2026-03-30 02:43:56,914 - INFO - [BBC] Attempt 1/1: Trying with 'requests_browser' strategy...
2026-03-30 02:43:57,072 - INFO - [BBC] Success with 'requests_browser'. Found content (358 words).
2026-03-30 02:43:57,196 - INFO - Duplicate article skipped: Influencer Clavicular arrested on battery charge in Florida from BBC
2026-03-30 02:43:57,572 - INFO - [The Guardian] Article: https://www.theguardian.com/australia-news/2026/mar/30/labor-to-halve-fuel-excise-on-petrol-and-diesel-for-three-months-after-national-cabinet-meeting
2026-03-30 02:43:57,572 - INFO - [The Guardian] Attempt 1/1: Trying with 'requests_browser' strategy...
2026-03-30 02:43:57,733 - INFO - [The Guardian] Success with 'requests_browser'. Found content (664 words).
2026-03-30 02:43:57,797 - INFO - [The Hindu] Page content loaded.
2026-03-30 02:43:57,824 - INFO - Saved article: Labor cuts fuel excise for three months, saving Australians 26c a litre on petrol and diesel | Petrol prices | The Guardian from The Guardian
2026-03-30 02:43:57,921 - INFO - [The Hindu] Success with 'selenium_browser'. Found content (470 words).
2026-03-30 02:43:58,015 - INFO - Saved article: Maoist campaign saw continuity across regimes, sharper push recently: Former MHA official - The Hindu from The Hindu
2026-03-30 02:43:58,016 - INFO - [BBC] Article: https://www.bbc.com/news/articles/cgj052l1j2no?at_medium=RSS&at_campaign=rss
2026-03-30 02:43:58,016 - INFO - [BBC] Attempt 1/1: Trying with 'requests_browser' strategy...
2026-03-30 02:43:58,157 - INFO - [BBC] Success with 'requests_browser'. Found content (576 words).
2026-03-30 02:43:58,276 - INFO - Duplicate article skipped: House Republicans reject Senate deal, prolonging partial US government shutdown from BBC
2026-03-30 02:43:58,935 - INFO - [The Hindu] Article: https://www.thehindu.com/news/national/mgnrega-workers-denied-work-despite-centres-assurance-of-continuity/article70799564.ece
2026-03-30 02:43:58,935 - INFO - [The Hindu] Attempt 1/1: Trying with 'selenium_browser' strategy...
2026-03-30 02:43:59,194 - INFO - [BBC] Article: https://www.bbc.com/sport/golf/articles/cvg092kege7o?at_medium=RSS&at_campaign=rss
2026-03-30 02:43:59,194 - INFO - [BBC] Attempt 1/1: Trying with 'requests_browser' strategy...
2026-03-30 02:43:59,279 - INFO - [BBC] Success with 'requests_browser'. Found content (785 words).
2026-03-30 02:43:59,321 - INFO - [The Guardian] Article: https://www.theguardian.com/australia-news/2026/mar/30/dezi-freeman-shot-dead-police-shooting-victoria-porepunkah-ntwnfb
2026-03-30 02:43:59,326 - INFO - [The Guardian] Attempt 1/1: Trying with 'requests_browser' strategy...
2026-03-30 02:43:59,509 - INFO - Duplicate article skipped: Tiger Woods released on bail after being charged following crash - BBC Sport from BBC
2026-03-30 02:43:59,550 - INFO - [The Guardian] Success with 'requests_browser'. Found content (767 words).
2026-03-30 02:43:59,912 - INFO - Saved article: Dezi Freeman shot dead by police after seven-month manhunt | Porepunkah shooting | The Guardian from The Guardian
2026-03-30 02:44:00,492 - INFO - [BBC] Article: https://www.bbc.com/news/articles/c74vedxjq8zo?at_medium=RSS&at_campaign=rss
2026-03-30 02:44:00,492 - INFO - [BBC] Attempt 1/1: Trying with 'requests_browser' strategy...
2026-03-30 02:44:00,733 - INFO - [BBC] Success with 'requests_browser'. Found content (798 words).
2026-03-30 02:44:01,226 - INFO - Duplicate article skipped: Maldives tells UK it does not recognise Chagos Islands deal from BBC
2026-03-30 02:44:01,321 - INFO - [The Guardian] Article: https://www.theguardian.com/australia-news/2026/mar/30/farmers-plead-for-tax-breaks-diesel-guarantees-and-help-buying-fertiliser-as-national-cabinet-meets-on-fuel-crisis
2026-03-30 02:44:01,321 - INFO - [The Guardian] Attempt 1/1: Trying with 'requests_browser' strategy...
2026-03-30 02:44:01,590 - INFO - [The Guardian] Success with 'requests_browser'. Found content (678 words).
2026-03-30 02:44:01,859 - INFO - Saved article: Farmers plead for tax breaks, diesel guarantees and help buying fertiliser as national cabinet meets on fuel crisis | Energy | The Guardian from The Guardian
2026-03-30 02:44:02,045 - INFO - [BBC] Article: https://www.bbc.com/news/articles/clye4w10g22o?at_medium=RSS&at_campaign=rss
2026-03-30 02:44:02,045 - INFO - [BBC] Attempt 1/1: Trying with 'requests_browser' strategy...
2026-03-30 02:44:02,223 - INFO - [BBC] Success with 'requests_browser'. Found content (613 words).
2026-03-30 02:44:02,412 - INFO - Duplicate article skipped: Two Cuba-bound aid ships found days after disappearing from BBC
2026-03-30 02:44:03,190 - INFO - [The Guardian] Article: https://www.theguardian.com/world/2026/mar/29/hope-running-low-for-humpback-whale-stranded-off-german-coast
2026-03-30 02:44:03,190 - INFO - [The Guardian] Attempt 1/1: Trying with 'requests_browser' strategy...
2026-03-30 02:44:03,261 - INFO - [The Guardian] Success with 'requests_browser'. Found content (476 words).
2026-03-30 02:44:03,321 - INFO - Saved article: Struggling humpback whale stranded for third time on German coast | Germany | The Guardian from The Guardian
2026-03-30 02:44:03,517 - INFO - [The Hindu] Page content loaded.
2026-03-30 02:44:03,717 - INFO - [The Hindu] Success with 'selenium_browser'. Found content (630 words).
2026-03-30 02:44:03,797 - INFO - Saved article: Despite assurance from Centre, MGNREGS workers denied work - The Hindu from The Hindu
2026-03-30 02:44:03,830 - INFO - [BBC] Article: https://www.bbc.com/news/articles/cn89ry7y835o?at_medium=RSS&at_campaign=rss
2026-03-30 02:44:03,830 - INFO - [BBC] Attempt 1/1: Trying with 'requests_browser' strategy...
2026-03-30 02:44:03,882 - INFO - [BBC] Success with 'requests_browser'. Found content (478 words).
2026-03-30 02:44:03,926 - INFO - Duplicate article skipped: KP Sharma Oli: Nepal's ex-PM arrested over fatal protest crackdown from BBC
2026-03-30 02:44:04,496 - INFO - [The Hindu] Article: https://www.thehindu.com/elections/tamil-nadu-assembly/tn-assembly-election-thirumavalavan-to-enter-the-fray-in-kattumannarkovil/article70800315.ece
2026-03-30 02:44:04,497 - INFO - [The Hindu] Attempt 1/1: Trying with 'selenium_browser' strategy...
2026-03-30 02:44:04,774 - INFO - [The Guardian] Article: https://www.theguardian.com/world/2026/mar/28/kitkat-stolen-italy-f1-bar
2026-03-30 02:44:04,774 - INFO - [The Guardian] Attempt 1/1: Trying with 'requests_browser' strategy...
2026-03-30 02:44:04,863 - INFO - [The Guardian] Success with 'requests_browser'. Found content (308 words).
2026-03-30 02:44:04,918 - INFO - Duplicate article skipped: Sugar high(st): more than twelve tons of KitKat’s ‘new chocolate range’ stolen in Italy | Italy | The Guardian from The Guardian
2026-03-30 02:44:05,297 - INFO - [BBC] Article: https://www.bbc.com/news/articles/cvgl4yk7vgpo?at_medium=RSS&at_campaign=rss
2026-03-30 02:44:05,297 - INFO - [BBC] Attempt 1/1: Trying with 'requests_browser' strategy...
2026-03-30 02:44:05,365 - INFO - [BBC] Success with 'requests_browser'. Found content (680 words).
2026-03-30 02:44:05,433 - INFO - Duplicate article skipped: Iran-backed hackers breach FBI director Kash Patel's emails from BBC
2026-03-30 02:44:05,874 - INFO - [The Guardian] Article: https://www.theguardian.com/world/2026/mar/28/22-people-die-after-six-days-adrift-in-boat-attempting-to-reach-europe-from-libya
2026-03-30 02:44:05,874 - INFO - [The Guardian] Attempt 1/1: Trying with 'requests_browser' strategy...
2026-03-30 02:44:05,911 - INFO - [The Hindu] Page content loaded.
2026-03-30 02:44:06,036 - INFO - [The Hindu] Success with 'selenium_browser'. Found content (397 words).
2026-03-30 02:44:06,099 - INFO - [The Guardian] Success with 'requests_browser'. Found content (543 words).
2026-03-30 02:44:06,277 - INFO - Saved article: T.N. Assembly election: Thirumavalavan to enter the fray in Kattumannarkovil - The Hindu from The Hindu
2026-03-30 02:44:06,330 - INFO - Duplicate article skipped: Two Sudanese men face court in Greece after at least 22 people die off Crete coast | Migration | The Guardian from The Guardian
2026-03-30 02:44:06,433 - INFO - [BBC] Article: https://www.bbc.com/news/articles/c1l9vz064nqo?at_medium=RSS&at_campaign=rss
2026-03-30 02:44:06,435 - INFO - [BBC] Attempt 1/1: Trying with 'requests_browser' strategy...
2026-03-30 02:44:06,626 - INFO - [BBC] Success with 'requests_browser'. Found content (836 words).
2026-03-30 02:44:06,767 - INFO - Duplicate article skipped: Rubio says US expects to finish Iran war 'in next couple of weeks' from BBC
2026-03-30 02:44:06,988 - INFO - [The Guardian] Article: https://www.theguardian.com/world/2026/mar/28/paris-police-foil-attempted-bomb-attack-bank-of-america
2026-03-30 02:44:06,988 - INFO - [The Guardian] Attempt 1/1: Trying with 'requests_browser' strategy...
2026-03-30 02:44:07,198 - INFO - [The Guardian] Success with 'requests_browser'. Found content (248 words).
2026-03-30 02:44:07,564 - INFO - Duplicate article skipped: Police in Paris foil attempted bomb attack outside Bank of America building | Paris | The Guardian from The Guardian
2026-03-30 02:44:07,644 - INFO - [The Hindu] Article: https://www.thehindu.com/news/national/jairam-ramesh-slams-modi-governments-foreign-policy-over-pakistans-renewed-global-acceptance/article70799588.ece
2026-03-30 02:44:07,644 - INFO - [The Hindu] Attempt 1/1: Trying with 'selenium_browser' strategy...
2026-03-30 02:44:07,908 - INFO - [BBC] Article: https://www.bbc.com/news/articles/cwyv70de9exo?at_medium=RSS&at_campaign=rss
2026-03-30 02:44:07,908 - INFO - [BBC] Attempt 1/1: Trying with 'requests_browser' strategy...
2026-03-30 02:44:08,051 - INFO - [BBC] Success with 'requests_browser'. Found content (573 words).
2026-03-30 02:44:08,222 - INFO - Duplicate article skipped: Austria plans social media ban for under-14s from BBC
2026-03-30 02:44:08,746 - INFO - [The Guardian] Article: https://www.theguardian.com/world/2026/mar/28/young-voters-italy-referendum-giorgia-meloni
2026-03-30 02:44:08,746 - INFO - [The Guardian] Attempt 1/1: Trying with 'requests_browser' strategy...
2026-03-30 02:44:08,963 - INFO - [The Guardian] Success with 'requests_browser'. Found content (1007 words).
2026-03-30 02:44:09,144 - INFO - Duplicate article skipped: Young voters shake Italy’s political calm as referendum exposes tensions for Giorgia Meloni | Italy | The Guardian from The Guardian
2026-03-30 02:44:10,626 - INFO - [The Hindu] Page content loaded.
2026-03-30 02:44:10,755 - INFO - [The Hindu] Success with 'selenium_browser'. Found content (342 words).
2026-03-30 02:44:10,873 - INFO - Saved article: Global acceptance of Pakistan a failure of Indian foreign policy: Jairam Ramesh - The Hindu from The Hindu
2026-03-30 02:44:12,136 - INFO - [The Hindu] Article: https://www.thehindu.com/news/national/prime-minister-mann-ki-baat-on-march-29-2026-west-asia-conflict/article70798896.ece
2026-03-30 02:44:12,136 - INFO - [The Hindu] Attempt 1/1: Trying with 'selenium_browser' strategy...
2026-03-30 02:44:13,366 - INFO - [The Hindu] Page content loaded.
2026-03-30 02:44:13,446 - INFO - [The Hindu] Success with 'selenium_browser'. Found content (640 words).
2026-03-30 02:44:13,528 - INFO - Saved article: Mann ki Baat: Challenging times, says PM on West Asia crisis - The Hindu from The Hindu
2026-03-30 02:44:14,053 - INFO - [The Hindu] Article: https://www.thehindu.com/elections/tamil-nadu-assembly/tamil-nadu-assembly-elections-2026-dmk-election-manifesto/article70799667.ece
2026-03-30 02:44:14,054 - INFO - [The Hindu] Attempt 1/1: Trying with 'selenium_browser' strategy...
2026-03-30 02:44:14,971 - INFO - [The Hindu] Page content loaded.
2026-03-30 02:44:15,107 - INFO - [The Hindu] Success with 'selenium_browser'. Found content (910 words).
2026-03-30 02:44:15,202 - INFO - Saved article: Tamil Nadu Assembly election: Stalin releases DMK manifesto; promises ₹8,000 coupon to housewives to buy household appliances - The Hindu from The Hindu
2026-03-30 02:44:16,692 - INFO - [The Hindu] Article: https://www.thehindu.com/news/national/wtos-fisheries-pact-india-for-25-year-transition-period-stronger-disciplines-on-distant-water-industrial-fishing/article70800710.ece
2026-03-30 02:44:16,692 - INFO - [The Hindu] Attempt 1/1: Trying with 'selenium_browser' strategy...
2026-03-30 02:44:17,370 - INFO - [The Hindu] Page content loaded.
2026-03-30 02:44:17,469 - INFO - [The Hindu] Success with 'selenium_browser'. Found content (281 words).
2026-03-30 02:44:17,546 - INFO - Saved article: WTO’s fisheries pact: India for 25 year transition period, stronger disciplines on distant-water industrial fishing - The Hindu from The Hindu
2026-03-30 02:44:18,588 - INFO - [The Hindu] Article: https://www.thehindu.com/news/national/bengali-actor-rahul-arunoday-banerjee-drowns-in-sea/article70800707.ece
2026-03-30 02:44:18,588 - INFO - [The Hindu] Attempt 1/1: Trying with 'selenium_browser' strategy...
2026-03-30 02:44:19,512 - INFO - [The Hindu] Page content loaded.
2026-03-30 02:44:19,564 - INFO - [The Hindu] Success with 'selenium_browser'. Found content (455 words).
2026-03-30 02:44:19,636 - INFO - Saved article: Bengali actor Rahul Arunoday Banerjee drowns in sea - The Hindu from The Hindu
2026-03-30 02:44:20,141 - INFO - [The Hindu] Article: https://www.thehindu.com/elections/tamil-nadu-assembly/tn-assembly-election-virugambakkam-a-fast-developing-locality-that-reels-under-multiple-civic-issues/article70799108.ece
2026-03-30 02:44:20,141 - INFO - [The Hindu] Attempt 1/1: Trying with 'selenium_browser' strategy...
2026-03-30 02:44:20,452 - INFO - [The Hindu] Page content loaded.
2026-03-30 02:44:20,526 - INFO - [The Hindu] Success with 'selenium_browser'. Found content (731 words).
2026-03-30 02:44:20,621 - INFO - Saved article: T.N. Assembly election: Virugambakkam fast-developing locality that reels under multiple civic issues - The Hindu from The Hindu
2026-03-30 02:44:21,938 - INFO - [The Hindu] Article: https://www.thehindu.com/elections/tamil-nadu-assembly/tvk-chief-vijay-to-contest-from-perambur-tiruchi-east-constituencies-making-electoral-debut-in-tn-assembly-election-2026/article70798908.ece
2026-03-30 02:44:21,938 - INFO - [The Hindu] Attempt 1/1: Trying with 'selenium_browser' strategy...
2026-03-30 02:44:22,532 - INFO - [The Hindu] Page content loaded.
2026-03-30 02:44:22,637 - INFO - [The Hindu] Success with 'selenium_browser'. Found content (471 words).
2026-03-30 02:44:22,721 - INFO - Duplicate article skipped: TVK chief Vijay to contest from Perambur, Tiruchi East constituencies making electoral debut in T.N. Assembly election - The Hindu from The Hindu
2026-03-30 02:44:23,725 - INFO - [The Hindu] Article: https://www.thehindu.com/news/national/assam/tea-body-seeks-clarity-on-assam-land-transfer-policy-for-plantation-workers/article70800268.ece
2026-03-30 02:44:23,725 - INFO - [The Hindu] Attempt 1/1: Trying with 'selenium_browser' strategy...
2026-03-30 02:44:24,397 - INFO - [The Hindu] Page content loaded.
2026-03-30 02:44:24,478 - INFO - [The Hindu] Success with 'selenium_browser'. Found content (396 words).
2026-03-30 02:44:24,554 - INFO - Saved article: Tea body seeks clarity on Assam land transfer policy for plantation workers - The Hindu from The Hindu
2026-03-30 02:44:25,704 - INFO - [The Hindu] Article: https://www.thehindu.com/elections/west-bengal-assembly/west-bengal-assembly-polls-congress-names-284-candidates-fields-heavyweights/article70800143.ece
2026-03-30 02:44:25,704 - INFO - [The Hindu] Attempt 1/1: Trying with 'selenium_browser' strategy...
2026-03-30 02:44:26,797 - INFO - [The Hindu] Page content loaded.
2026-03-30 02:44:26,853 - INFO - [The Hindu] Success with 'selenium_browser'. Found content (416 words).
2026-03-30 02:44:27,018 - INFO - Saved article: West Bengal Assembly polls: Congress names 284 candidates, fields heavyweights - The Hindu from The Hindu
2026-03-30 02:44:27,860 - INFO - [The Hindu] Article: https://www.thehindu.com/news/national/kerala/firewood-shortage-looms-as-demand-spikes-amid-lpg-crisis/article70800006.ece
2026-03-30 02:44:27,860 - INFO - [The Hindu] Attempt 1/1: Trying with 'selenium_browser' strategy...
2026-03-30 02:44:28,170 - INFO - [The Hindu] Page content loaded.
2026-03-30 02:44:28,259 - INFO - [The Hindu] Success with 'selenium_browser'. Found content (266 words).
2026-03-30 02:44:28,333 - INFO - Saved article: Firewood shortage looms as demand spikes amid LPG crisis - The Hindu from The Hindu
2026-03-30 02:44:29,439 - INFO - [The Hindu] Article: https://www.thehindu.com/opinion/op-ed/a-sidetracked-railway-in-visakhapatnam/article70800480.ece
2026-03-30 02:44:29,439 - INFO - [The Hindu] Attempt 1/1: Trying with 'selenium_browser' strategy...
2026-03-30 02:44:30,073 - INFO - [The Hindu] Page content loaded.
2026-03-30 02:44:30,143 - INFO - [The Hindu] Success with 'selenium_browser'. Found content (711 words).
2026-03-30 02:44:30,216 - INFO - Saved article: A sidetracked railway in Visakhapatnam - The Hindu from The Hindu
2026-03-30 02:44:30,871 - INFO - [The Hindu] Article: https://www.thehindu.com/news/national/tamil-nadu/tamil-nadu-assembly-election-aiadmk-takes-the-lions-share-of-advantageous-seats/article70799895.ece
2026-03-30 02:44:30,871 - INFO - [The Hindu] Attempt 1/1: Trying with 'selenium_browser' strategy...
2026-03-30 02:44:31,975 - INFO - [Times of India] Page content loaded.
2026-03-30 02:44:32,215 - INFO - [The Hindu] Page content loaded.
2026-03-30 02:44:32,271 - INFO - [Times of India] Success with 'selenium_browser'. Found content (1264 words).
2026-03-30 02:44:32,395 - INFO - [The Hindu] Success with 'selenium_browser'. Found content (463 words).
2026-03-30 02:44:32,541 - INFO - Saved article: Israel blocks senior Catholic leaders from Jerusalem church on Palm Sunday ‘first time in centuries,’ access restored | World News - The Times of India from Times of India
2026-03-30 02:44:32,543 - INFO - Saved article: Tamil Nadu Assembly election: AIADMK takes the lion’s share of advantageous seats - The Hindu from The Hindu
2026-03-30 02:44:33,757 - INFO - [Times of India] Article: https://timesofindia.indiatimes.com/world/us/fake-windows-blocked-views-and-stairs-leading-nowhere-how-trumps-300-million-white-house-ballroom-was-trashed-by-architects/articleshow/129887134.cms
2026-03-30 02:44:33,757 - INFO - [Times of India] Attempt 1/1: Trying with 'selenium_browser' strategy...
2026-03-30 02:44:33,904 - INFO - [The Hindu] Article: https://www.thehindu.com/news/national/karnataka/karnataka-information-commission-orders-probe-after-dead-man-appears-in-mysuru-land-records/article70799540.ece
2026-03-30 02:44:33,905 - INFO - [The Hindu] Attempt 1/1: Trying with 'selenium_browser' strategy...
2026-03-30 02:44:35,140 - INFO - [The Hindu] Page content loaded.
2026-03-30 02:44:35,277 - INFO - [The Hindu] Success with 'selenium_browser'. Found content (524 words).
2026-03-30 02:44:35,439 - INFO - Saved article: Karnataka Information Commission orders probe after ‘dead man’ appears in Mysuru land records - The Hindu from The Hindu
2026-03-30 02:44:35,953 - INFO - [Times of India] Page content loaded.
2026-03-30 02:44:35,973 - INFO - [The Hindu] Article: https://www.thehindu.com/news/national/tamil-nadu/tambaram-dmk-mla-sr-rajas-supporters-protest-denial-of-poll-ticket/article70799807.ece
2026-03-30 02:44:35,973 - INFO - [The Hindu] Attempt 1/1: Trying with 'selenium_browser' strategy...
2026-03-30 02:44:36,224 - INFO - [Times of India] Success with 'selenium_browser'. Found content (487 words).
2026-03-30 02:44:36,363 - INFO - Saved article: Fake windows, blocked views and stairs leading nowhere: How Trump’s $300 million White House ballroom was trashed by architects - The Times of India from Times of India
2026-03-30 02:44:37,816 - INFO - [Times of India] Article: https://timesofindia.indiatimes.com/world/us/who-is-solange-tremblay-canadian-flight-attendant-survives-laguardia-crash-after-being-ejected-320-feet/articleshow/129887104.cms
2026-03-30 02:44:37,816 - INFO - [Times of India] Attempt 1/1: Trying with 'selenium_browser' strategy...
2026-03-30 02:44:37,989 - INFO - [The Hindu] Page content loaded.
2026-03-30 02:44:38,370 - INFO - [The Hindu] Success with 'selenium_browser'. Found content (285 words).
2026-03-30 02:44:38,502 - INFO - Saved article: Tambaram DMK MLA S.R. Raja’s supporters protest denial of poll ticket - The Hindu from The Hindu
2026-03-30 02:44:39,460 - INFO - [The Hindu] Article: https://www.thehindu.com/news/national/karnataka/bengaluru-metro-ridership-doubles-as-ipl-ticketmetro-integration-draws-over-22000-commuters/article70800461.ece
2026-03-30 02:44:39,460 - INFO - [The Hindu] Attempt 1/1: Trying with 'selenium_browser' strategy...
2026-03-30 02:44:39,483 - INFO - [Times of India] Page content loaded.
2026-03-30 02:44:39,794 - INFO - [Times of India] Success with 'selenium_browser'. Found content (299 words).
2026-03-30 02:44:39,877 - INFO - Saved article: Who is Solange Tremblay? Canadian flight attendant survives LaGuardia crash after being ejected 320 feet - The Times of India from Times of India
2026-03-30 02:44:39,958 - INFO - [The Hindu] Page content loaded.
2026-03-30 02:44:40,033 - INFO - [The Hindu] Success with 'selenium_browser'. Found content (173 words).
2026-03-30 02:44:40,234 - INFO - Saved article: Bengaluru metro ridership doubles as IPL ticket–metro integration draws over 22,000 commuters - The Hindu from The Hindu
2026-03-30 02:44:41,314 - INFO - [Times of India] Article: https://timesofindia.indiatimes.com/world/us/florida-man-stopped-by-police-after-drivers-report-missiles-mounted-on-truck-bomb-squad-dispatched/articleshow/129886631.cms
2026-03-30 02:44:41,314 - INFO - [Times of India] Attempt 1/1: Trying with 'selenium_browser' strategy...
2026-03-30 02:44:41,580 - INFO - [The Hindu] (Thread) Finished. Attempting to shut down its Selenium driver.
2026-03-30 02:44:41,829 - INFO - [The Hindu] (Thread) driver.quit() successful.
2026-03-30 02:44:42,227 - INFO - [Times of India] Page content loaded.
2026-03-30 02:44:42,385 - INFO - [Times of India] Success with 'selenium_browser'. Found content (311 words).
2026-03-30 02:44:42,447 - INFO - Saved article: Florida man stopped by police after drivers report ‘missiles’ mounted on truck, bomb squad dispatched - The Times of India from Times of India
2026-03-30 02:44:43,047 - INFO - [Times of India] Article: https://timesofindia.indiatimes.com/world/us/im-going-to-text-joe-jd-vance-fires-back-after-joe-rogan-slams-maga-supporters-as-unintelligent-and-dorks/articleshow/129886149.cms
2026-03-30 02:44:43,047 - INFO - [Times of India] Attempt 1/1: Trying with 'selenium_browser' strategy...
2026-03-30 02:44:44,146 - INFO - [Times of India] Page content loaded.
2026-03-30 02:44:44,313 - INFO - [Times of India] Success with 'selenium_browser'. Found content (707 words).
2026-03-30 02:44:44,387 - INFO - Saved article: 'I'm going to text Joe': JD Vance fires back after Joe Rogan slams MAGA supporters as ‘unintelligent’ and ‘dorks’ | World News - The Times of India from Times of India
2026-03-30 02:44:45,010 - INFO - [Times of India] Article: https://timesofindia.indiatimes.com/etimes/trending/how-ghost-taxi-drivers-in-china-tricked-customers-into-paying-without-rides/articleshow/129884105.cms
2026-03-30 02:44:45,010 - INFO - [Times of India] Attempt 1/1: Trying with 'selenium_browser' strategy...
2026-03-30 02:44:51,748 - INFO - [Times of India] Page content loaded.
2026-03-30 02:44:51,968 - INFO - [Times of India] Success with 'selenium_browser'. Found content (806 words).
2026-03-30 02:44:52,054 - INFO - Saved article: How ‘ghost taxi drivers’ in China tricked customers into paying without rides - The Times of India from Times of India
2026-03-30 02:44:53,503 - INFO - [Times of India] Article: https://timesofindia.indiatimes.com/world/rest-of-world/cyclone-narelle-turns-skies-blood-red-over-western-australia-in-rare-dust-storm-event-what-caused-the-eerie-crimson-glow-and-how-it-happened/articleshow/129885180.cms
2026-03-30 02:44:53,503 - INFO - [Times of India] Attempt 1/1: Trying with 'selenium_browser' strategy...
2026-03-30 02:44:54,202 - INFO - [Times of India] Page content loaded.
2026-03-30 02:44:54,342 - INFO - [Times of India] Success with 'selenium_browser'. Found content (484 words).
2026-03-30 02:44:54,398 - INFO - Saved article: Cyclone Narelle turns skies blood-red over Western Australia in rare dust storm event: What caused the eerie crimson glow and how it happened | World News - The Times of India from Times of India
2026-03-30 02:44:55,795 - INFO - [Times of India] Article: https://timesofindia.indiatimes.com/science/artemis-ii-food-menu-what-will-nasa-astronauts-eat-on-their-moon-mission/articleshow/129882554.cms
2026-03-30 02:44:55,796 - INFO - [Times of India] Attempt 1/1: Trying with 'selenium_browser' strategy...
2026-03-30 02:44:56,485 - INFO - [Times of India] Page content loaded.
2026-03-30 02:44:56,634 - INFO - [Times of India] Success with 'selenium_browser'. Found content (631 words).
2026-03-30 02:44:56,695 - INFO - Saved article: Artemis II food menu: What will NASA astronauts eat on their moon mission | - The Times of India from Times of India
2026-03-30 02:44:57,522 - INFO - [Times of India] Article: https://timesofindia.indiatimes.com/world/us/texas-oil-tycoon-ordered-to-pay-1-1-billion-after-thrashing-2-year-old-stepson-leaving-him-wheelchair-bound-for-life/articleshow/129883303.cms
2026-03-30 02:44:57,522 - INFO - [Times of India] Attempt 1/1: Trying with 'selenium_browser' strategy...
2026-03-30 02:44:58,331 - INFO - [Times of India] Page content loaded.
2026-03-30 02:44:58,498 - INFO - [Times of India] Success with 'selenium_browser'. Found content (490 words).
2026-03-30 02:44:58,561 - INFO - Saved article: Texas oil tycoon ordered to pay $1.1 billion after thrashing 2-year-old stepson, leaving him wheelchair-bound for life - The Times of India from Times of India
2026-03-30 02:44:59,855 - INFO - [Times of India] Article: https://timesofindia.indiatimes.com/world/us/fbi-offers-new-25000-reward-for-missing-woman-28-years-after-disappearance-the-curious-case-of-amy-bradley/articleshow/129882423.cms
2026-03-30 02:44:59,855 - INFO - [Times of India] Attempt 1/1: Trying with 'selenium_browser' strategy...
2026-03-30 02:45:00,737 - INFO - [Times of India] Page content loaded.
2026-03-30 02:45:00,895 - INFO - [Times of India] Success with 'selenium_browser'. Found content (1651 words).
2026-03-30 02:45:00,961 - INFO - Saved article: FBI offers new $25,000 reward for missing woman 28 years after disappearance: The curious case of Amy Bradley | World News - The Times of India from Times of India
2026-03-30 02:45:02,016 - INFO - [Times of India] Article: https://timesofindia.indiatimes.com/world/pakistan/pakistan-deputy-pm-ishaq-dhar-falls-while-welcoming-egyptian-fm-to-middle-east-peace-talks-video-goes-viral/articleshow/129882475.cms
2026-03-30 02:45:02,016 - INFO - [Times of India] Attempt 1/1: Trying with 'selenium_browser' strategy...
2026-03-30 02:45:03,084 - INFO - [Times of India] Page content loaded.
2026-03-30 02:45:03,200 - INFO - [Times of India] Success with 'selenium_browser'. Found content (171 words).
2026-03-30 02:45:03,259 - INFO - Saved article: Pakistan deputy PM Ishaq Dhar falls while welcoming Egyptian FM to Middle East peace talks, video goes viral - The Times of India from Times of India
2026-03-30 02:45:03,969 - INFO - [Times of India] Article: https://timesofindia.indiatimes.com/world/us/we-are-not-a-kingdom-indian-american-author-padma-lakshmi-backs-no-kings-protests-against-trump-policies/articleshow/129882056.cms
2026-03-30 02:45:03,969 - INFO - [Times of India] Attempt 1/1: Trying with 'selenium_browser' strategy...
2026-03-30 02:45:05,182 - INFO - [Times of India] Page content loaded.
2026-03-30 02:45:05,382 - INFO - [Times of India] Success with 'selenium_browser'. Found content (397 words).
2026-03-30 02:45:05,439 - INFO - Saved article: 'We are not a kingdom': Indian-American author Padma Lakshmi backs 'No Kings' protests against Trump policies - The Times of India from Times of India
2026-03-30 02:45:06,779 - INFO - [Times of India] Article: https://timesofindia.indiatimes.com/world/europe/palm-sunday-pope-leo-says-god-rejects-prayers-of-those-who-wage-war/articleshow/129880661.cms
2026-03-30 02:45:06,779 - INFO - [Times of India] Attempt 1/1: Trying with 'selenium_browser' strategy...
2026-03-30 02:45:07,854 - INFO - [Times of India] Page content loaded.
2026-03-30 02:45:07,994 - INFO - [Times of India] Success with 'selenium_browser'. Found content (311 words).
2026-03-30 02:45:08,061 - INFO - Saved article: Palm Sunday: Pope Leo says God rejects prayers of those who wage war - The Times of India from Times of India
2026-03-30 02:45:08,644 - INFO - [Times of India] Article: https://timesofindia.indiatimes.com/world/middle-east/middle-east-crisis-mediators-gather-in-pakistan-for-talks-on-ending-month-long-iran-war/articleshow/129881093.cms
2026-03-30 02:45:08,644 - INFO - [Times of India] Attempt 1/1: Trying with 'selenium_browser' strategy...
2026-03-30 02:45:09,567 - INFO - [Times of India] Page content loaded.
2026-03-30 02:45:09,746 - INFO - [Times of India] Success with 'selenium_browser'. Found content (825 words).
2026-03-30 02:45:09,806 - INFO - Saved article: Middle East crisis: Mediators gather in Pakistan for talks on ending month-long Iran war - The Times of India from Times of India
2026-03-30 02:45:11,244 - INFO - [Times of India] Article: https://timesofindia.indiatimes.com/world/us/the-monkey-whisperer-florida-man-arrested-for-illegal-trading-of-exotic-animals-fined-60000/articleshow/129880457.cms
2026-03-30 02:45:11,244 - INFO - [Times of India] Attempt 1/1: Trying with 'selenium_browser' strategy...
2026-03-30 02:45:12,446 - INFO - [Times of India] Page content loaded.
2026-03-30 02:45:12,570 - INFO - [Times of India] Success with 'selenium_browser'. Found content (274 words).
2026-03-30 02:45:12,627 - INFO - Duplicate article skipped: ‘The Monkey Whisperer’: Florida man arrested for illegal trading of exotic animals, fined $60,000 - The Times of India from Times of India
2026-03-30 02:45:13,631 - INFO - [Times of India] Article: https://timesofindia.indiatimes.com/world/us/women-need-to-shut-up-christian-nationalist-duo-spark-massive-outrage-with-shocking-viral-rant/articleshow/129880186.cms
2026-03-30 02:45:13,631 - INFO - [Times of India] Attempt 1/1: Trying with 'selenium_browser' strategy...
2026-03-30 02:45:14,667 - INFO - [Times of India] Page content loaded.
2026-03-30 02:45:14,788 - INFO - [Times of India] Success with 'selenium_browser'. Found content (537 words).
2026-03-30 02:45:14,855 - INFO - Duplicate article skipped: ‘Women need to shut up!’: Christian nationalist duo spark massive outrage with shocking viral rant | World News - The Times of India from Times of India
2026-03-30 02:45:16,299 - INFO - [Times of India] Article: https://timesofindia.indiatimes.com/world/us-streamers/clavicular-storms-out-of-andrew-callaghan-interview-after-tense-exchange-over-looksmaxxing/articleshow/129876351.cms
2026-03-30 02:45:16,299 - INFO - [Times of India] Attempt 1/1: Trying with 'selenium_browser' strategy...
2026-03-30 02:45:17,267 - INFO - [Times of India] Page content loaded.
2026-03-30 02:45:17,399 - INFO - [Times of India] Success with 'selenium_browser'. Found content (340 words).
2026-03-30 02:45:17,459 - INFO - Duplicate article skipped: Clavicular storms out of Andrew Callaghan interview after tense exchange over “looksmaxxing” - The Times of India from Times of India
2026-03-30 02:45:18,800 - INFO - [Times of India] Article: https://timesofindia.indiatimes.com/world/us-streamers/release-the-video-candace-owens-questions-missing-video-of-charlie-kirks-alleged-remarks-about-erika-kirk/articleshow/129874483.cms
2026-03-30 02:45:18,800 - INFO - [Times of India] Attempt 1/1: Trying with 'selenium_browser' strategy...
2026-03-30 02:45:19,777 - INFO - [Times of India] Page content loaded.
2026-03-30 02:45:19,908 - INFO - [Times of India] Success with 'selenium_browser'. Found content (376 words).
2026-03-30 02:45:19,982 - INFO - Duplicate article skipped: "Release the video": Candace Owens questions missing video of Charlie Kirk’s alleged remarks about Erika Kirk - The Times of India from Times of India
2026-03-30 02:45:20,932 - INFO - [Times of India] Article: https://timesofindia.indiatimes.com/world/us/costcos-are-90-indian-maga-attacks-indian-shoppers-at-stores-with-videos-and-invasion-claims/articleshow/129878255.cms
2026-03-30 02:45:20,933 - INFO - [Times of India] Attempt 1/1: Trying with 'selenium_browser' strategy...
2026-03-30 02:45:21,960 - INFO - [Times of India] Page content loaded.
2026-03-30 02:45:22,117 - INFO - [Times of India] Success with 'selenium_browser'. Found content (591 words).
2026-03-30 02:45:22,190 - INFO - Duplicate article skipped: ‘Costcos are 90% Indian’: MAGA attacks Indian shoppers at stores with videos and ‘invasion’ claims | World News - The Times of India from Times of India
2026-03-30 02:45:22,881 - INFO - [Times of India] Article: https://timesofindia.indiatimes.com/world/middle-east/al-baha-goes-dark-saudi-city-observes-green-hour-to-cut-carbon-emissions/articleshow/129879170.cms
2026-03-30 02:45:22,881 - INFO - [Times of India] Attempt 1/1: Trying with 'selenium_browser' strategy...
2026-03-30 02:45:23,778 - INFO - [Times of India] Page content loaded.
2026-03-30 02:45:23,949 - INFO - [Times of India] Success with 'selenium_browser'. Found content (223 words).
2026-03-30 02:45:24,004 - INFO - Duplicate article skipped: Al-Baha goes dark: Saudi city observes 'green hour' to cut carbon emissions | World News - The Times of India from Times of India
2026-03-30 02:45:25,443 - INFO - [Times of India] (Thread) Finished. Attempting to shut down its Selenium driver.
2026-03-30 02:45:25,767 - INFO - [Times of India] (Thread) driver.quit() successful.
2026-03-30 02:45:25,767 - INFO - Shutting down thread pool (wait=False)...
2026-03-30 02:45:25,767 - INFO - Scraped: 8 The Guardian, 23 The Hindu, 14 Times of India, 7 BBC articles. (Total saved: 52)
2026-03-30 02:45:25,767 - INFO - --- Scraping job finished ---
2026-03-30 02:45:25,773 - INFO - --- Scraper service stopped and database connection closed. ---
2026-03-30 02:45:25,773 - INFO - --- Main thread finished. Forcing process exit to kill zombie threads. ---
