2025-12-17 01:47:31,926 - INFO - Initializing database connection at: news_articles.db
2025-12-17 01:47:31,926 - INFO - --- Scraper service started (CI Mode: Run Once) ---
2025-12-17 01:47:31,926 - INFO - --- Starting new scraping job (Parallel Mode) ---
2025-12-17 01:47:31,926 - INFO - Creating new robust session with 3 retries on 5xx/connection/read errors.
2025-12-17 01:47:31,927 - INFO - Proxy is DISABLED.
2025-12-17 01:47:31,927 - INFO - Starting scrape for BBC RSS feed: http://feeds.bbci.co.uk/news/world/rss.xml
2025-12-17 01:47:31,927 - INFO - [Times of India] (Thread) requires Selenium. Initializing driver...
2025-12-17 01:47:31,927 - INFO - Initializing headless Selenium Chrome driver (using SeleniumManager)...
2025-12-17 01:47:31,928 - INFO - Starting scrape for The Guardian RSS feed: https://www.theguardian.com/world/rss
2025-12-17 01:47:31,929 - INFO - [The Hindu] (Thread) requires Selenium. Initializing driver...
2025-12-17 01:47:31,929 - INFO - Initializing headless Selenium Chrome driver (using SeleniumManager)...
2025-12-17 01:47:31,929 - INFO - Submitted 4 jobs to thread pool. Waiting up to 420s for completion...
2025-12-17 01:47:32,026 - INFO - Found 45 articles in The Guardian RSS feed. Processing up to 25.
2025-12-17 01:47:32,027 - INFO - [The Guardian] Article: https://www.theguardian.com/world/2025/dec/16/five-key-moments-in-the-assault-on-the-rights-of-women-and-girls-in-2025
2025-12-17 01:47:32,027 - INFO - [The Guardian] Attempt 1/1: Trying with 'requests_browser' strategy...
2025-12-17 01:47:32,075 - INFO - [The Guardian] Success with 'requests_browser'. Found content (914 words).
2025-12-17 01:47:32,117 - INFO - Duplicate article skipped: Five key moments in the assault on the rights of women and girls in 2025 | Anti-rights movement | The Guardian from The Guardian
2025-12-17 01:47:32,241 - INFO - Found 40 articles in BBC RSS feed. Processing up to 25.
2025-12-17 01:47:32,241 - INFO - [BBC] Article: https://www.bbc.com/news/articles/cx2341yx719o?at_medium=RSS&at_campaign=rss
2025-12-17 01:47:32,241 - INFO - [BBC] Attempt 1/1: Trying with 'requests_browser' strategy...
2025-12-17 01:47:32,561 - INFO - [BBC] Success with 'requests_browser'. Found content (810 words).
2025-12-17 01:47:32,600 - INFO - Duplicate article skipped: Boris and Sofia Gurman: Hero couple tried to stop gunman before being killed in Bondi attack from BBC
2025-12-17 01:47:32,829 - INFO - [The Guardian] Article: https://www.theguardian.com/world/2025/dec/16/south-africa-russia-men-tricked-fighting-ukraine
2025-12-17 01:47:32,830 - INFO - [The Guardian] Attempt 1/1: Trying with 'requests_browser' strategy...
2025-12-17 01:47:32,855 - INFO - [The Guardian] Success with 'requests_browser'. Found content (503 words).
2025-12-17 01:47:32,890 - INFO - Duplicate article skipped: South Africa in talks with Russia over men ‘tricked’ into fighting in Ukraine | South Africa | The Guardian from The Guardian
2025-12-17 01:47:33,656 - INFO - [BBC] Article: https://www.bbc.com/news/articles/c5yjv5md3jzo?at_medium=RSS&at_campaign=rss
2025-12-17 01:47:33,656 - INFO - [BBC] Attempt 1/1: Trying with 'requests_browser' strategy...
2025-12-17 01:47:33,693 - INFO - [BBC] Success with 'requests_browser'. Found content (328 words).
2025-12-17 01:47:33,738 - INFO - Saved article: Rob and Michele Reiner's son Nick charged with murder in parents' deaths from BBC
2025-12-17 01:47:34,186 - INFO - [The Guardian] Article: https://www.theguardian.com/world/2025/dec/16/libya-national-museum-reopens
2025-12-17 01:47:34,186 - INFO - [The Guardian] Attempt 1/1: Trying with 'requests_browser' strategy...
2025-12-17 01:47:34,216 - INFO - [The Guardian] Success with 'requests_browser'. Found content (1229 words).
2025-12-17 01:47:34,253 - INFO - Duplicate article skipped: Libya looks to its past to build a new future as national museum reopens | Libya | The Guardian from The Guardian
2025-12-17 01:47:34,675 - INFO - [BBC] Article: https://www.bbc.com/news/articles/cpq4wgle4x5o?at_medium=RSS&at_campaign=rss
2025-12-17 01:47:34,675 - INFO - [BBC] Attempt 1/1: Trying with 'requests_browser' strategy...
2025-12-17 01:47:34,711 - INFO - [BBC] Success with 'requests_browser'. Found content (966 words).
2025-12-17 01:47:34,752 - INFO - Saved article: Clan del Golfo: US designates Colombia cocaine gang a terrorist group from BBC
2025-12-17 01:47:35,475 - INFO - [The Guardian] Article: https://www.theguardian.com/education/2025/dec/14/ghana-students-uk-universities-face-deportion-funding-crisis
2025-12-17 01:47:35,475 - INFO - [The Guardian] Attempt 1/1: Trying with 'requests_browser' strategy...
2025-12-17 01:47:35,507 - INFO - [The Guardian] Success with 'requests_browser'. Found content (604 words).
2025-12-17 01:47:35,542 - INFO - Duplicate article skipped: Ghanaian students at UK universities face deportation amid funding crisis | International students | The Guardian from The Guardian
2025-12-17 01:47:35,964 - INFO - [BBC] Article: https://www.bbc.com/news/articles/crk78y7k8ezo?at_medium=RSS&at_campaign=rss
2025-12-17 01:47:35,964 - INFO - [BBC] Attempt 1/1: Trying with 'requests_browser' strategy...
2025-12-17 01:47:35,995 - INFO - [BBC] Success with 'requests_browser'. Found content (710 words).
2025-12-17 01:47:36,031 - INFO - Saved article: EU waters down plans to end new petrol and diesel car sales by 2035 from BBC
2025-12-17 01:47:36,637 - INFO - [The Guardian] Article: https://www.theguardian.com/science/2025/dec/15/little-foot-hominin-fossil-may-be-new-species-of-human-ancestor
2025-12-17 01:47:36,637 - INFO - [The Guardian] Attempt 1/1: Trying with 'requests_browser' strategy...
2025-12-17 01:47:36,665 - INFO - [The Guardian] Success with 'requests_browser'. Found content (553 words).
2025-12-17 01:47:36,703 - INFO - Duplicate article skipped: Little Foot hominin fossil may be new species of human ancestor | Evolution | The Guardian from The Guardian
2025-12-17 01:47:37,146 - INFO - [BBC] Article: https://www.bbc.com/news/articles/c8dy532193do?at_medium=RSS&at_campaign=rss
2025-12-17 01:47:37,147 - INFO - [BBC] Attempt 1/1: Trying with 'requests_browser' strategy...
2025-12-17 01:47:37,184 - INFO - [BBC] Success with 'requests_browser'. Found content (813 words).
2025-12-17 01:47:37,247 - INFO - Saved article: Susie Wiles: Trump's chief of staff hits back at Vanity Fair 'hit piece' from BBC
2025-12-17 01:47:38,005 - INFO - [The Guardian] Article: https://www.theguardian.com/us-news/2025/dec/16/trump-orders-blockade-oil-tankers-venezuela
2025-12-17 01:47:38,005 - INFO - [The Guardian] Attempt 1/1: Trying with 'requests_browser' strategy...
2025-12-17 01:47:38,109 - INFO - [The Guardian] Success with 'requests_browser'. Found content (729 words).
2025-12-17 01:47:38,147 - INFO - Saved article: Trump orders blockade of sanctioned oil tankers entering and leaving Venezuela | Donald Trump | The Guardian from The Guardian
2025-12-17 01:47:38,439 - INFO - [BBC] Article: https://www.bbc.com/news/articles/c75veyzz2g2o?at_medium=RSS&at_campaign=rss
2025-12-17 01:47:38,439 - INFO - [BBC] Attempt 1/1: Trying with 'requests_browser' strategy...
2025-12-17 01:47:38,475 - INFO - [BBC] Success with 'requests_browser'. Found content (540 words).
2025-12-17 01:47:38,513 - INFO - Saved article: Sudan conflict: RSF trying to cover up mass killings in el-Fasher, Yale University researchers say from BBC
2025-12-17 01:47:39,257 - INFO - [The Guardian] Article: https://www.theguardian.com/world/2025/dec/16/pentagon-wont-release-full-video-caribbean-attack
2025-12-17 01:47:39,257 - INFO - [The Guardian] Attempt 1/1: Trying with 'requests_browser' strategy...
2025-12-17 01:47:39,285 - INFO - [The Guardian] Success with 'requests_browser'. Found content (945 words).
2025-12-17 01:47:39,299 - INFO - [BBC] Article: https://www.bbc.com/news/articles/c30j94p56d6o?at_medium=RSS&at_campaign=rss
2025-12-17 01:47:39,304 - INFO - [BBC] Attempt 1/1: Trying with 'requests_browser' strategy...
2025-12-17 01:47:39,324 - INFO - Saved article: Pentagon won’t release full video of Caribbean strike that killed two people, Hegseth says | Venezuela | The Guardian from The Guardian
2025-12-17 01:47:39,342 - INFO - [BBC] Success with 'requests_browser'. Found content (356 words).
2025-12-17 01:47:39,377 - INFO - Saved article: Stelvio national park: Thousands of dinosaur footprints found on Italian mountain from BBC
2025-12-17 01:47:40,303 - INFO - [The Guardian] Article: https://www.theguardian.com/world/2025/dec/16/gulf-clan-colombia-us-terrorist-organization
2025-12-17 01:47:40,303 - INFO - [The Guardian] Attempt 1/1: Trying with 'requests_browser' strategy...
2025-12-17 01:47:40,331 - INFO - [The Guardian] Success with 'requests_browser'. Found content (488 words).
2025-12-17 01:47:40,370 - INFO - Saved article: US designates Colombia’s biggest drug cartel Gulf Clan as terrorist organization | Colombia | The Guardian from The Guardian
2025-12-17 01:47:40,426 - INFO - Selenium driver initialized successfully.
2025-12-17 01:47:40,427 - INFO - Selenium driver initialized successfully.
2025-12-17 01:47:40,427 - INFO - Starting scrape for Times of India RSS feed: https://timesofindia.indiatimes.com/rssfeeds/296589292.cms
2025-12-17 01:47:40,427 - INFO - Starting scrape for The Hindu RSS feed: https://www.thehindu.com/news/national/feeder/default.rss
2025-12-17 01:47:40,733 - INFO - Found 20 articles in Times of India RSS feed. Processing up to 25.
2025-12-17 01:47:40,734 - INFO - [Times of India] Article: https://timesofindia.indiatimes.com/world/us-streamers/asmongold-blasts-twitch-over-gambling-ads-calling-out-streamers-for-what-he-sees-as-hypocrisy/articleshow/126028442.cms
2025-12-17 01:47:40,734 - INFO - [Times of India] Attempt 1/1: Trying with 'selenium_browser' strategy...
2025-12-17 01:47:40,831 - INFO - [BBC] Article: https://www.bbc.com/news/articles/cj691n02g8ko?at_medium=RSS&at_campaign=rss
2025-12-17 01:47:40,831 - INFO - [BBC] Attempt 1/1: Trying with 'requests_browser' strategy...
2025-12-17 01:47:40,916 - INFO - [The Guardian] Article: https://www.theguardian.com/world/2025/dec/16/hay-festival-maria-corina-machado
2025-12-17 01:47:40,916 - INFO - [The Guardian] Attempt 1/1: Trying with 'requests_browser' strategy...
2025-12-17 01:47:40,943 - INFO - [The Guardian] Success with 'requests_browser'. Found content (615 words).
2025-12-17 01:47:40,980 - INFO - Saved article: At least three authors withdraw from Hay festival in protest at Machado invite | María Corina Machado | The Guardian from The Guardian
2025-12-17 01:47:41,225 - INFO - [BBC] Success with 'requests_browser'. Found content (425 words).
2025-12-17 01:47:41,262 - INFO - Saved article: Mark Chavez is second doctor sentenced in Matthew Perry overdose death from BBC
2025-12-17 01:47:41,433 - INFO - Found 100 articles in The Hindu RSS feed. Processing up to 25.
2025-12-17 01:47:41,433 - INFO - [The Hindu] Article: https://www.thehindu.com/news/cities/bangalore/caught-in-a-limbo-mahadevapura-chokes-under-delayed-flyovers-and-infrastructure-projects/article70403490.ece
2025-12-17 01:47:41,433 - INFO - [The Hindu] Attempt 1/1: Trying with 'selenium_browser' strategy...
2025-12-17 01:47:42,271 - INFO - [The Guardian] Article: https://www.theguardian.com/world/2025/dec/16/mark-carney-british-spellings-canada
2025-12-17 01:47:42,271 - INFO - [The Guardian] Attempt 1/1: Trying with 'requests_browser' strategy...
2025-12-17 01:47:42,387 - INFO - [The Guardian] Success with 'requests_browser'. Found content (476 words).
2025-12-17 01:47:42,436 - INFO - [BBC] Article: https://www.bbc.com/news/articles/c7413d9xvkeo?at_medium=RSS&at_campaign=rss
2025-12-17 01:47:42,436 - INFO - [BBC] Attempt 1/1: Trying with 'requests_browser' strategy...
2025-12-17 01:47:42,451 - INFO - Saved article: Mark Carney criticised for using British spellings in Canadian documents | Mark Carney | The Guardian from The Guardian
2025-12-17 01:47:42,489 - INFO - [BBC] Success with 'requests_browser'. Found content (635 words).
2025-12-17 01:47:42,550 - INFO - Duplicate article skipped: Trump defends his criticism of killed Hollywood director Rob Reiner from BBC
2025-12-17 01:47:43,688 - INFO - [The Guardian] Article: https://www.theguardian.com/world/2025/dec/16/trump-urges-xi-jinping-to-free-hk-pro-democracy-media-tycoon-jimmy-lai
2025-12-17 01:47:43,688 - INFO - [The Guardian] Attempt 1/1: Trying with 'requests_browser' strategy...
2025-12-17 01:47:43,736 - INFO - [BBC] Article: https://www.bbc.com/news/articles/cvg13z47vpdo?at_medium=RSS&at_campaign=rss
2025-12-17 01:47:43,736 - INFO - [BBC] Attempt 1/1: Trying with 'requests_browser' strategy...
2025-12-17 01:47:43,823 - INFO - [The Guardian] Success with 'requests_browser'. Found content (401 words).
2025-12-17 01:47:43,978 - INFO - [BBC] Success with 'requests_browser'. Found content (363 words).
2025-12-17 01:47:43,985 - INFO - Duplicate article skipped: Trump urges Xi Jinping to free HK pro-democracy media tycoon Jimmy Lai | Jimmy Lai | The Guardian from The Guardian
2025-12-17 01:47:44,127 - INFO - Duplicate article skipped: Australia PM Anthony Albanese visits Bondi hero Ahmed al Ahmed in hospital from BBC
2025-12-17 01:47:44,695 - INFO - [BBC] Article: https://www.bbc.com/news/articles/c3e0wd7110vo?at_medium=RSS&at_campaign=rss
2025-12-17 01:47:44,697 - INFO - [BBC] Attempt 1/1: Trying with 'requests_browser' strategy...
2025-12-17 01:47:44,831 - INFO - [BBC] Success with 'requests_browser'. Found content (477 words).
2025-12-17 01:47:44,989 - INFO - Duplicate article skipped: US military says eight killed in strikes on alleged drug vessels from BBC
2025-12-17 01:47:45,042 - INFO - [The Guardian] Article: https://www.theguardian.com/business/2025/dec/15/uk-south-korea-sign-new-trade-deal-cars-food-drink-pharmaceutical-exports
2025-12-17 01:47:45,042 - INFO - [The Guardian] Attempt 1/1: Trying with 'requests_browser' strategy...
2025-12-17 01:47:45,190 - INFO - [The Guardian] Success with 'requests_browser'. Found content (419 words).
2025-12-17 01:47:45,524 - INFO - Duplicate article skipped: UK and South Korea sign new trade deal aimed at cars, salmon and Guinness | International trade | The Guardian from The Guardian
2025-12-17 01:47:45,756 - INFO - [The Hindu] Page content loaded.
2025-12-17 01:47:45,921 - INFO - [The Hindu] Success with 'selenium_browser'. Found content (800 words).
2025-12-17 01:47:45,960 - INFO - [BBC] Article: https://www.bbc.com/news/articles/c5yq5802rqeo?at_medium=RSS&at_campaign=rss
2025-12-17 01:47:45,960 - INFO - [BBC] Attempt 1/1: Trying with 'requests_browser' strategy...
2025-12-17 01:47:46,051 - INFO - Saved article: Caught in a Limbo: Mahadevapura chokes under delayed flyovers and infrastructure projects - The Hindu from The Hindu
2025-12-17 01:47:46,135 - INFO - [BBC] Success with 'requests_browser'. Found content (561 words).
2025-12-17 01:47:46,231 - INFO - Saved article: Lizzo celebrates legal victory as fat-shaming claims dismissed from BBC
2025-12-17 01:47:46,985 - INFO - [The Guardian] Article: https://www.theguardian.com/world/2025/dec/15/china-uyghur-human-rights-ice
2025-12-17 01:47:46,985 - INFO - [The Guardian] Attempt 1/1: Trying with 'requests_browser' strategy...
2025-12-17 01:47:47,044 - INFO - [The Guardian] Success with 'requests_browser'. Found content (528 words).
2025-12-17 01:47:47,066 - INFO - [BBC] Article: https://www.bbc.com/news/articles/cde644367j0o?at_medium=RSS&at_campaign=rss
2025-12-17 01:47:47,066 - INFO - [BBC] Attempt 1/1: Trying with 'requests_browser' strategy...
2025-12-17 01:47:47,266 - INFO - Duplicate article skipped: Man who documented Uyghur camps in China may face removal from US after ICE arrest | China | The Guardian from The Guardian
2025-12-17 01:47:47,284 - INFO - [BBC] Success with 'requests_browser'. Found content (618 words).
2025-12-17 01:47:47,381 - INFO - Duplicate article skipped: Police 'shot in the front': NSW premier rejects criticism of Bondi response from BBC
2025-12-17 01:47:47,538 - INFO - [The Hindu] Article: https://www.thehindu.com/news/cities/chennai/the-two-faces-of-chennais-moore-market/article70404074.ece
2025-12-17 01:47:47,538 - INFO - [The Hindu] Attempt 1/1: Trying with 'selenium_browser' strategy...
2025-12-17 01:47:48,043 - INFO - [BBC] Article: https://www.bbc.com/news/articles/c87l528ljeyo?at_medium=RSS&at_campaign=rss
2025-12-17 01:47:48,043 - INFO - [BBC] Attempt 1/1: Trying with 'requests_browser' strategy...
2025-12-17 01:47:48,171 - INFO - [BBC] Success with 'requests_browser'. Found content (619 words).
2025-12-17 01:47:48,331 - INFO - Saved article: DR Congo conflict: Rebels say they will withdraw from Uvira city at Trump administration's request from BBC
2025-12-17 01:47:48,638 - INFO - [The Guardian] Article: https://www.theguardian.com/world/2025/dec/15/uk-condemns-hong-kongs-politically-motivated-targeting-of-jimmy-lai-after-conviction
2025-12-17 01:47:48,639 - INFO - [The Guardian] Attempt 1/1: Trying with 'requests_browser' strategy...
2025-12-17 01:47:48,777 - INFO - [The Guardian] Success with 'requests_browser'. Found content (985 words).
2025-12-17 01:47:48,914 - INFO - [BBC] Article: https://www.bbc.com/news/articles/c75veyzz2g2o?at_medium=RSS&at_campaign=rss
2025-12-17 01:47:48,914 - INFO - [BBC] Attempt 1/1: Trying with 'requests_browser' strategy...
2025-12-17 01:47:48,920 - INFO - Duplicate article skipped: Governments and rights groups condemn conviction of Hong Kong activist Jimmy Lai | Jimmy Lai | The Guardian from The Guardian
2025-12-17 01:47:49,033 - INFO - [BBC] Success with 'requests_browser'. Found content (540 words).
2025-12-17 01:47:49,141 - INFO - Duplicate article skipped: Sudan conflict: RSF trying to cover up mass killings in el-Fasher, Yale University researchers say from BBC
2025-12-17 01:47:50,116 - INFO - [The Guardian] Article: https://www.theguardian.com/world/2025/dec/15/jimmy-lai-verdict-hong-kong-judges-national-security-charges
2025-12-17 01:47:50,116 - INFO - [The Guardian] Attempt 1/1: Trying with 'requests_browser' strategy...
2025-12-17 01:47:50,241 - INFO - [The Guardian] Success with 'requests_browser'. Found content (1179 words).
2025-12-17 01:47:50,406 - INFO - Duplicate article skipped: Hong Kong: Jimmy Lai facing life in prison after conviction on security charges | Hong Kong | The Guardian from The Guardian
2025-12-17 01:47:50,632 - INFO - [BBC] Article: https://www.bbc.com/news/articles/cn41gqq8vyko?at_medium=RSS&at_campaign=rss
2025-12-17 01:47:50,632 - INFO - [BBC] Attempt 1/1: Trying with 'requests_browser' strategy...
2025-12-17 01:47:50,727 - INFO - [BBC] Success with 'requests_browser'. Found content (355 words).
2025-12-17 01:47:50,872 - INFO - Duplicate article skipped: FBI foils New Year's Eve terror plot in Los Angeles, officials say from BBC
2025-12-17 01:47:51,314 - INFO - [The Guardian] Article: https://www.theguardian.com/australia-news/live/2025/dec/17/bondi-beach-shooting-live-updates-victims-terror-attack-jewish-festival-al-ahmed-sajid-naveed-akram-shooters-india-radicalisation-gun-control-ntwnfb
2025-12-17 01:47:51,314 - INFO - [The Guardian] Attempt 1/1: Trying with 'requests_browser' strategy...
2025-12-17 01:47:51,508 - INFO - [The Hindu] Page content loaded.
2025-12-17 01:47:51,555 - INFO - [BBC] Article: https://www.bbc.com/news/articles/ce8qnzd680ro?at_medium=RSS&at_campaign=rss
2025-12-17 01:47:51,555 - INFO - [BBC] Attempt 1/1: Trying with 'requests_browser' strategy...
2025-12-17 01:47:51,692 - INFO - [BBC] Success with 'requests_browser'. Found content (763 words).
2025-12-17 01:47:51,868 - INFO - Duplicate article skipped: Rob Reiner's son Nick arrested after director and wife found dead from BBC
2025-12-17 01:47:52,243 - INFO - [The Guardian] Success with 'requests_browser'. Found content (2398 words).
2025-12-17 01:47:52,669 - INFO - [BBC] Article: https://www.bbc.com/news/articles/cjrjq2v7l3po?at_medium=RSS&at_campaign=rss
2025-12-17 01:47:52,669 - INFO - [BBC] Attempt 1/1: Trying with 'requests_browser' strategy...
2025-12-17 01:47:52,976 - INFO - Saved article: Bondi terror attack updates: family of Jack Hibbert, 22-year old constable shot, say he ‘miraculously’ survived but has lost sight in one eye | Australia news | The Guardian from The Guardian
2025-12-17 01:47:53,063 - INFO - [The Hindu] Success with 'selenium_browser'. Found content (815 words).
2025-12-17 01:47:53,127 - INFO - [BBC] Success with 'requests_browser'. Found content (780 words).
2025-12-17 01:47:53,385 - INFO - Duplicate article skipped: US offers Ukraine 'strong' security guarantees but territory still unresolved from BBC
2025-12-17 01:47:53,406 - INFO - Saved article: The two faces of Chennai’s Moore Market - The Hindu from The Hindu
2025-12-17 01:47:53,831 - INFO - [The Guardian] Article: https://www.theguardian.com/australia-news/2025/dec/17/tom-silvagni-son-of-afl-great-sentenced-to-more-than-six-years-for
2025-12-17 01:47:53,831 - INFO - [The Guardian] Attempt 1/1: Trying with 'requests_browser' strategy...
2025-12-17 01:47:53,925 - INFO - [The Guardian] Success with 'requests_browser'. Found content (315 words).
2025-12-17 01:47:54,067 - INFO - Saved article: Tom Silvagni, son of AFL great, sentenced to more than six years for rape | Crime - Australia | The Guardian from The Guardian
2025-12-17 01:47:54,336 - INFO - [The Hindu] Article: https://www.thehindu.com/news/cities/mumbai/bombay-hc-seeks-centres-reply-on-plea-for-equal-death-benefits-toagniveersfamily/article70403652.ece
2025-12-17 01:47:54,336 - INFO - [The Hindu] Attempt 1/1: Trying with 'selenium_browser' strategy...
2025-12-17 01:47:54,539 - INFO - [BBC] Article: https://www.bbc.com/news/articles/cp844kjj37vo?at_medium=RSS&at_campaign=rss
2025-12-17 01:47:54,539 - INFO - [BBC] Attempt 1/1: Trying with 'requests_browser' strategy...
2025-12-17 01:47:54,653 - INFO - [BBC] Success with 'requests_browser'. Found content (1364 words).
2025-12-17 01:47:54,752 - INFO - [The Guardian] Article: https://www.theguardian.com/australia-news/2025/dec/17/bondi-beach-terror-attack-indian-family-of-sajid-akram-ntwnfb
2025-12-17 01:47:54,752 - INFO - [The Guardian] Attempt 1/1: Trying with 'requests_browser' strategy...
2025-12-17 01:47:54,844 - INFO - Duplicate article skipped: Jimmy Lai: Hong Kong tycoon found guilty in high-profile national security case from BBC
2025-12-17 01:47:54,868 - INFO - [The Guardian] Success with 'requests_browser'. Found content (666 words).
2025-12-17 01:47:54,998 - INFO - Saved article: Bondi beach terror attack: Sajid Akram’s family in India unaware of alleged ‘radical mindset’, local officials say | Bondi beach terror attack | The Guardian from The Guardian
2025-12-17 01:47:56,123 - INFO - [BBC] Article: https://www.bbc.com/news/articles/c2dz15556l1o?at_medium=RSS&at_campaign=rss
2025-12-17 01:47:56,123 - INFO - [BBC] Attempt 1/1: Trying with 'requests_browser' strategy...
2025-12-17 01:47:56,208 - INFO - [BBC] Success with 'requests_browser'. Found content (563 words).
2025-12-17 01:47:56,313 - INFO - [The Guardian] Article: https://www.theguardian.com/australia-news/2025/dec/17/man-who-stabbed-11-year-old-australian-girl-in-central-london-to-be-detained-indefinitely
2025-12-17 01:47:56,313 - INFO - [The Guardian] Attempt 1/1: Trying with 'requests_browser' strategy...
2025-12-17 01:47:56,318 - INFO - Duplicate article skipped: Iran Nobel laureate taken to hospital after 'violent arrest' - family from BBC
2025-12-17 01:47:56,419 - INFO - [The Guardian] Success with 'requests_browser'. Found content (664 words).
2025-12-17 01:47:56,538 - INFO - Saved article: Man who stabbed 11-year-old Australian girl in central London to be detained indefinitely | Australia news | The Guardian from The Guardian
2025-12-17 01:47:57,808 - INFO - [BBC] Article: https://www.bbc.com/news/articles/cjwyzlly6eno?at_medium=RSS&at_campaign=rss
2025-12-17 01:47:57,808 - INFO - [BBC] Attempt 1/1: Trying with 'requests_browser' strategy...
2025-12-17 01:47:57,846 - INFO - [BBC] Success with 'requests_browser'. Found content (250 words).
2025-12-17 01:47:57,863 - INFO - [The Guardian] Article: https://www.theguardian.com/news/2025/dec/16/australia-shooting-muslim-ban-democrats-republicans
2025-12-17 01:47:57,863 - INFO - [The Guardian] Attempt 1/1: Trying with 'requests_browser' strategy...
2025-12-17 01:47:57,891 - INFO - Duplicate article skipped: Morocco floods: Dozens killed in port city of Safi after heavy rains from BBC
2025-12-17 01:47:57,913 - INFO - [The Guardian] Success with 'requests_browser'. Found content (785 words).
2025-12-17 01:47:58,270 - INFO - Saved article: Democrats condemn Republicans calling for Muslim ban on the heels of Australia shooting | Islamophobia | The Guardian from The Guardian
2025-12-17 01:47:58,575 - INFO - [The Hindu] Page content loaded.
2025-12-17 01:47:58,673 - INFO - [The Hindu] Success with 'selenium_browser'. Found content (421 words).
2025-12-17 01:47:58,783 - INFO - Saved article: Bombay HC seeks centre’s reply on plea for equal death benefits to Agniveer’s family - The Hindu from The Hindu
2025-12-17 01:47:59,123 - INFO - [BBC] Article: https://www.bbc.com/news/articles/cdxwg94v4veo?at_medium=RSS&at_campaign=rss
2025-12-17 01:47:59,123 - INFO - [BBC] Attempt 1/1: Trying with 'requests_browser' strategy...
2025-12-17 01:47:59,161 - INFO - [BBC] Success with 'requests_browser'. Found content (546 words).
2025-12-17 01:47:59,201 - INFO - Duplicate article skipped: Messi: Football icon wraps up India tour with Delhi visit from BBC
2025-12-17 01:47:59,667 - INFO - [The Hindu] Article: https://www.thehindu.com/news/national/odisha/gang-rape-of-minor-girl-in-odisha-triggering-political-controversy/article70403790.ece
2025-12-17 01:47:59,670 - INFO - [The Hindu] Attempt 1/1: Trying with 'selenium_browser' strategy...
2025-12-17 01:47:59,674 - INFO - [The Guardian] Article: https://www.theguardian.com/world/2025/dec/16/serbian-president-threatens-reprisals-belgrade-trump-tower
2025-12-17 01:47:59,674 - INFO - [The Guardian] Attempt 1/1: Trying with 'requests_browser' strategy...
2025-12-17 01:47:59,745 - INFO - [BBC] Article: https://www.bbc.com/news/articles/ckg9ll6jpl0o?at_medium=RSS&at_campaign=rss
2025-12-17 01:47:59,746 - INFO - [BBC] Attempt 1/1: Trying with 'requests_browser' strategy...
2025-12-17 01:47:59,764 - INFO - [The Guardian] Success with 'requests_browser'. Found content (652 words).
2025-12-17 01:47:59,842 - INFO - Saved article: Serbian president threatens reprisals after plans for Belgrade Trump Tower thwarted | Serbia | The Guardian from The Guardian
2025-12-17 01:47:59,862 - INFO - [BBC] Success with 'requests_browser'. Found content (983 words).
2025-12-17 01:48:00,165 - INFO - Duplicate article skipped: Police release new image as hunt continues for gunman in Brown University shooting from BBC
2025-12-17 01:48:00,441 - INFO - [The Guardian] Article: https://www.theguardian.com/world/2025/dec/16/eu-to-regulate-short-term-rentals-in-plan-to-tackle-affordable-homes-shortage
2025-12-17 01:48:00,441 - INFO - [The Guardian] Attempt 1/1: Trying with 'requests_browser' strategy...
2025-12-17 01:48:00,478 - INFO - [The Guardian] Success with 'requests_browser'. Found content (766 words).
2025-12-17 01:48:00,537 - INFO - Saved article: EU to regulate short-term rentals in plan to tackle affordable homes shortage | European Commission | The Guardian from The Guardian
2025-12-17 01:48:01,470 - INFO - [BBC] Article: https://www.bbc.com/news/articles/c0kde07lvvro?at_medium=RSS&at_campaign=rss
2025-12-17 01:48:01,470 - INFO - [BBC] Attempt 1/1: Trying with 'requests_browser' strategy...
2025-12-17 01:48:01,508 - INFO - [BBC] Success with 'requests_browser'. Found content (911 words).
2025-12-17 01:48:01,542 - INFO - Duplicate article skipped: Chile elects far-right José Antonio Kast as next president from BBC
2025-12-17 01:48:01,831 - INFO - [The Hindu] Page content loaded.
2025-12-17 01:48:01,879 - INFO - [The Guardian] Article: https://www.theguardian.com/world/2025/dec/16/ukraine-russia-peace-plans-zelenskyy-berlin-talks-putin
2025-12-17 01:48:01,879 - INFO - [The Guardian] Attempt 1/1: Trying with 'requests_browser' strategy...
2025-12-17 01:48:01,921 - INFO - [The Hindu] Success with 'selenium_browser'. Found content (385 words).
2025-12-17 01:48:02,051 - INFO - [The Guardian] Success with 'requests_browser'. Found content (979 words).
2025-12-17 01:48:02,125 - INFO - Saved article: Gang rape of minor girl in Odisha triggering political controversy - The Hindu from The Hindu
2025-12-17 01:48:02,179 - INFO - Duplicate article skipped: Peace plans ready to be presented to Russia in days, says Zelenskyy | Ukraine | The Guardian from The Guardian
2025-12-17 01:48:02,405 - INFO - [BBC] Article: https://www.bbc.com/news/articles/cvg1r89m6g7o?at_medium=RSS&at_campaign=rss
2025-12-17 01:48:02,405 - INFO - [BBC] Attempt 1/1: Trying with 'requests_browser' strategy...
2025-12-17 01:48:02,801 - INFO - [The Hindu] Article: https://www.thehindu.com/news/national/west-bengal/over-136-crore-voters-flagged-in-progeny-mapping-in-west-bengal-sir/article70404246.ece
2025-12-17 01:48:02,801 - INFO - [The Hindu] Attempt 1/1: Trying with 'selenium_browser' strategy...
2025-12-17 01:48:02,838 - INFO - [BBC] Success with 'requests_browser'. Found content (1005 words).
2025-12-17 01:48:02,878 - INFO - Duplicate article skipped: 'Never give up': Belarusian prisoners celebrate release after US lifts sanctions from BBC
2025-12-17 01:48:03,284 - INFO - [The Guardian] Article: https://www.theguardian.com/world/2025/dec/16/passengers-rome-museum-stations-open-metro-archeological-treasures
2025-12-17 01:48:03,284 - INFO - [The Guardian] Attempt 1/1: Trying with 'requests_browser' strategy...
2025-12-17 01:48:03,319 - INFO - [The Guardian] Success with 'requests_browser'. Found content (504 words).
2025-12-17 01:48:03,395 - INFO - Saved article: Relief and reward for passengers as Rome’s ‘museum stations’ finally open | Italy | The Guardian from The Guardian
2025-12-17 01:48:03,821 - INFO - [The Hindu] Page content loaded.
2025-12-17 01:48:04,521 - INFO - [The Hindu] Success with 'selenium_browser'. Found content (355 words).
2025-12-17 01:48:04,587 - INFO - Saved article: Over 1.36 crore voters flagged in progeny mapping in West Bengal SIR - The Hindu from The Hindu
2025-12-17 01:48:04,737 - INFO - [The Guardian] Article: https://www.theguardian.com/business/2025/dec/16/eu-water-down-landmark-ban-new-petrol-diesel-cars
2025-12-17 01:48:04,737 - INFO - [The Guardian] Attempt 1/1: Trying with 'requests_browser' strategy...
2025-12-17 01:48:04,776 - INFO - [The Guardian] Success with 'requests_browser'. Found content (688 words).
2025-12-17 01:48:04,825 - INFO - Saved article: EU plans to water down ban on new petrol and diesel cars | Automotive industry | The Guardian from The Guardian
2025-12-17 01:48:05,110 - INFO - [The Hindu] Article: https://www.thehindu.com/news/cities/mumbai/bombay-hc-grants-relief-to-gautam-navlakha-lets-him-shift-to-delhi-temporarily/article70403811.ece
2025-12-17 01:48:05,110 - INFO - [The Hindu] Attempt 1/1: Trying with 'selenium_browser' strategy...
2025-12-17 01:48:06,400 - INFO - [The Hindu] Page content loaded.
2025-12-17 01:48:06,536 - INFO - [The Hindu] Success with 'selenium_browser'. Found content (413 words).
2025-12-17 01:48:06,625 - INFO - Saved article: Bombay HC grants relief to Gautam Navlakha, lets him shift to Delhi temporarily - The Hindu from The Hindu
2025-12-17 01:48:07,344 - INFO - [The Hindu] Article: https://www.thehindu.com/news/national/jammu-and-kashmir/kashmir-parties-slam-bihar-cm-nitish-kumar-over-removing-veil-of-a-female-doctor/article70403582.ece
2025-12-17 01:48:07,344 - INFO - [The Hindu] Attempt 1/1: Trying with 'selenium_browser' strategy...
2025-12-17 01:48:08,397 - INFO - [The Hindu] Page content loaded.
2025-12-17 01:48:08,473 - INFO - [The Hindu] Success with 'selenium_browser'. Found content (511 words).
2025-12-17 01:48:08,550 - INFO - Saved article: Kashmir parties slam Bihar CM Nitish Kumar over removing veil of a female doctor - The Hindu from The Hindu
2025-12-17 01:48:09,245 - INFO - [The Hindu] Article: https://www.thehindu.com/news/national/rajya-sabha-clears-additional-allocation-for-fertilizer-subsidy/article70404179.ece
2025-12-17 01:48:09,245 - INFO - [The Hindu] Attempt 1/1: Trying with 'selenium_browser' strategy...
2025-12-17 01:48:10,945 - INFO - [The Hindu] Page content loaded.
2025-12-17 01:48:11,074 - INFO - [The Hindu] Success with 'selenium_browser'. Found content (385 words).
2025-12-17 01:48:11,298 - INFO - Saved article: Rajya Sabha clears additional allocation for fertilizer subsidy - The Hindu from The Hindu
2025-12-17 01:48:12,670 - INFO - [The Hindu] Article: https://www.thehindu.com/news/national/kerala/pipeline-burst-water-supply-to-be-restored/article70404362.ece
2025-12-17 01:48:12,670 - INFO - [The Hindu] Attempt 1/1: Trying with 'selenium_browser' strategy...
2025-12-17 01:48:15,125 - INFO - [The Hindu] Page content loaded.
2025-12-17 01:48:15,245 - INFO - [The Hindu] Success with 'selenium_browser'. Found content (170 words).
2025-12-17 01:48:15,324 - INFO - Saved article: Pipeline burst: water supply to be restored - The Hindu from The Hindu
2025-12-17 01:48:16,329 - INFO - [The Hindu] Article: https://www.thehindu.com/news/national/kerala/maradu-sees-two-strong-contenders-for-chairperson-post/article70403497.ece
2025-12-17 01:48:16,329 - INFO - [The Hindu] Attempt 1/1: Trying with 'selenium_browser' strategy...
2025-12-17 01:48:16,983 - INFO - [The Hindu] Page content loaded.
2025-12-17 01:48:17,044 - INFO - [The Hindu] Success with 'selenium_browser'. Found content (216 words).
2025-12-17 01:48:17,126 - INFO - Saved article: Maradu sees two strong contenders for chairperson post - The Hindu from The Hindu
2025-12-17 01:48:17,945 - INFO - [The Hindu] Article: https://www.thehindu.com/news/national/kerala/indian-naval-diving-support-craft-a20-commissioned/article70404532.ece
2025-12-17 01:48:17,945 - INFO - [The Hindu] Attempt 1/1: Trying with 'selenium_browser' strategy...
2025-12-17 01:48:21,066 - INFO - [The Hindu] Page content loaded.
2025-12-17 01:48:21,174 - INFO - [The Hindu] Success with 'selenium_browser'. Found content (135 words).
2025-12-17 01:48:21,342 - INFO - Saved article: Indian naval diving support craft A20 commissioned - The Hindu from The Hindu
2025-12-17 01:48:22,281 - INFO - [The Hindu] Article: https://www.thehindu.com/news/national/tamil-nadu/with-added-focus-on-internships-liberal-arts-new-business-school-in-chennai-seeks-to-be-ahead-of-the-curve/article70402976.ece
2025-12-17 01:48:22,281 - INFO - [The Hindu] Attempt 1/1: Trying with 'selenium_browser' strategy...
2025-12-17 01:48:22,950 - INFO - [The Hindu] Page content loaded.
2025-12-17 01:48:22,994 - INFO - [The Hindu] Success with 'selenium_browser'. Found content (506 words).
2025-12-17 01:48:23,073 - INFO - Saved article: With added focus on internships, liberal arts, new business school in Chennai seeks to be ahead of the curve - The Hindu from The Hindu
2025-12-17 01:48:24,046 - INFO - [The Hindu] Article: https://www.thehindu.com/opinion/op-ed/in-a-state-of-political-flux/article70403369.ece
2025-12-17 01:48:24,046 - INFO - [The Hindu] Attempt 1/1: Trying with 'selenium_browser' strategy...
2025-12-17 01:48:26,619 - INFO - [The Hindu] Page content loaded.
2025-12-17 01:48:26,729 - INFO - [The Hindu] Success with 'selenium_browser'. Found content (744 words).
2025-12-17 01:48:26,851 - INFO - Saved article: In a state of political flux - The Hindu from The Hindu
2025-12-17 01:48:27,563 - INFO - [The Hindu] Article: https://www.thehindu.com/news/national/congress-issues-whip-in-lok-sabha-asks-mps-to-be-present-in-house-for-next-three-days/article70404759.ece
2025-12-17 01:48:27,563 - INFO - [The Hindu] Attempt 1/1: Trying with 'selenium_browser' strategy...
2025-12-17 01:48:29,486 - INFO - [The Hindu] Page content loaded.
2025-12-17 01:48:29,561 - INFO - [The Hindu] Success with 'selenium_browser'. Found content (282 words).
2025-12-17 01:48:29,627 - INFO - Saved article: Congress issues whip in Lok Sabha, asks MPs to be present in House for next three days - The Hindu from The Hindu
2025-12-17 01:48:30,425 - INFO - [The Hindu] Article: https://www.thehindu.com/opinion/op-ed/india-and-the-us-2005-versus-2025/article70403395.ece
2025-12-17 01:48:30,425 - INFO - [The Hindu] Attempt 1/1: Trying with 'selenium_browser' strategy...
2025-12-17 01:48:32,080 - INFO - [The Hindu] Page content loaded.
2025-12-17 01:48:32,156 - INFO - [The Hindu] Success with 'selenium_browser'. Found content (923 words).
2025-12-17 01:48:32,226 - INFO - Saved article: India and the U.S.: 2005 versus 2025 - The Hindu from The Hindu
2025-12-17 01:48:33,483 - INFO - [The Hindu] Article: https://www.thehindu.com/news/cities/chennai/number-of-fuel-retail-outlets-in-tn-on-the-rise-even-as-existing-ones-in-urban-and-peri-urban-areas-closedown/article70396558.ece
2025-12-17 01:48:33,483 - INFO - [The Hindu] Attempt 1/1: Trying with 'selenium_browser' strategy...
2025-12-17 01:48:34,368 - INFO - [The Hindu] Page content loaded.
2025-12-17 01:48:34,437 - INFO - [The Hindu] Success with 'selenium_browser'. Found content (418 words).
2025-12-17 01:48:34,513 - INFO - Saved article: Number of fuel retail outlets in T.N. on the rise, even as existing ones in urban and peri-urban areas close down - The Hindu from The Hindu
2025-12-17 01:48:35,786 - INFO - [The Hindu] Article: https://www.thehindu.com/news/national/tamil-nadu/gi-tag-sought-for-thoothukudi-salt-authoor-poovan-banana-and-villiseri-lemon-with-nabard-support/article70404322.ece
2025-12-17 01:48:35,786 - INFO - [The Hindu] Attempt 1/1: Trying with 'selenium_browser' strategy...
2025-12-17 01:48:37,776 - INFO - [The Hindu] Page content loaded.
2025-12-17 01:48:37,868 - INFO - [The Hindu] Success with 'selenium_browser'. Found content (469 words).
2025-12-17 01:48:37,971 - INFO - Saved article: GI tag sought for Thoothukudi salt, Authoor Poovan banana and Villiseri lemon with NABARD support - The Hindu from The Hindu
2025-12-17 01:48:39,272 - INFO - [The Hindu] Article: https://www.thehindu.com/news/national/manipur/gunfire-triggers-fresh-tension-in-manipur/article70404711.ece
2025-12-17 01:48:39,272 - INFO - [The Hindu] Attempt 1/1: Trying with 'selenium_browser' strategy...
2025-12-17 01:48:41,234 - INFO - [The Hindu] Page content loaded.
2025-12-17 01:48:41,325 - INFO - [The Hindu] Success with 'selenium_browser'. Found content (180 words).
2025-12-17 01:48:41,559 - INFO - Saved article: Gunfire triggers fresh tension in Manipur - The Hindu from The Hindu
2025-12-17 01:48:42,720 - INFO - [The Hindu] Article: https://www.thehindu.com/news/cities/Hyderabad/516-crore-dfi-deposit-scam-hc-clears-way-for-auction-of-attached-properties-to-repay-victims/article70404033.ece
2025-12-17 01:48:42,720 - INFO - [The Hindu] Attempt 1/1: Trying with 'selenium_browser' strategy...
2025-12-17 01:48:43,391 - INFO - [The Hindu] Page content loaded.
2025-12-17 01:48:43,678 - INFO - [The Hindu] Success with 'selenium_browser'. Found content (192 words).
2025-12-17 01:48:43,794 - INFO - Saved article: ₹516-crore DFI deposit scam: HC clears way for auction of attached properties to repay victims - The Hindu from The Hindu
2025-12-17 01:48:44,641 - INFO - [The Hindu] Article: https://www.thehindu.com/news/national/telangana/disciplinary-action-proceedings-commence-against-erring-state-govt-staff-facing-charges/article70402099.ece
2025-12-17 01:48:44,641 - INFO - [The Hindu] Attempt 1/1: Trying with 'selenium_browser' strategy...
2025-12-17 01:48:45,808 - INFO - [The Hindu] Page content loaded.
2025-12-17 01:48:45,909 - INFO - [The Hindu] Success with 'selenium_browser'. Found content (336 words).
2025-12-17 01:48:45,993 - INFO - Saved article: Disciplinary action proceedings commence against erring State govt. staff facing charges - The Hindu from The Hindu
2025-12-17 01:48:46,610 - INFO - [The Hindu] Article: https://www.thehindu.com/news/national/tamil-nadu/speakers-forecast-nuclear-energy-renaissance-for-india-in-the-near-future-at-tanenergy-summit-2025/article70403224.ece
2025-12-17 01:48:46,610 - INFO - [The Hindu] Attempt 1/1: Trying with 'selenium_browser' strategy...
2025-12-17 01:48:47,402 - INFO - [The Hindu] Page content loaded.
2025-12-17 01:48:47,683 - INFO - [The Hindu] Success with 'selenium_browser'. Found content (232 words).
2025-12-17 01:48:47,801 - INFO - Saved article: Speakers forecast nuclear energy renaissance for India in the near future at TANENERGY SUMMIT 2025 - The Hindu from The Hindu
2025-12-17 01:48:48,368 - INFO - [The Hindu] Article: https://www.thehindu.com/news/national/pil-in-delhi-hc-seeks-to-increase-payout-to-indigo-passengers/article70403714.ece
2025-12-17 01:48:48,368 - INFO - [The Hindu] Attempt 1/1: Trying with 'selenium_browser' strategy...
2025-12-17 01:48:50,405 - INFO - [The Hindu] Page content loaded.
2025-12-17 01:48:50,520 - INFO - [The Hindu] Success with 'selenium_browser'. Found content (318 words).
2025-12-17 01:48:50,593 - INFO - Saved article: PIL in Delhi HC seeks to increase payout to Indigo passengers - The Hindu from The Hindu
2025-12-17 01:48:52,064 - INFO - [The Hindu] Article: https://www.thehindu.com/news/national/haryana/cong-to-move-no-confidence-motion-against-bjp-govt-in-haryana/article70403480.ece
2025-12-17 01:48:52,064 - INFO - [The Hindu] Attempt 1/1: Trying with 'selenium_browser' strategy...
2025-12-17 01:48:53,631 - INFO - [The Hindu] Page content loaded.
2025-12-17 01:48:53,708 - INFO - [The Hindu] Success with 'selenium_browser'. Found content (263 words).
2025-12-17 01:48:53,800 - INFO - Saved article: Cong. to move no-confidence motion against BJP govt. in Haryana - The Hindu from The Hindu
2025-12-17 01:48:55,262 - INFO - [The Hindu] Article: https://www.thehindu.com/news/national/kerala/i-am-proud-of-what-i-could-do-says-beena-philip/article70402678.ece
2025-12-17 01:48:55,262 - INFO - [The Hindu] Attempt 1/1: Trying with 'selenium_browser' strategy...
2025-12-17 01:48:56,782 - INFO - [The Hindu] Page content loaded.
2025-12-17 01:48:56,833 - INFO - [The Hindu] Success with 'selenium_browser'. Found content (352 words).
2025-12-17 01:48:56,895 - INFO - Saved article: I am proud of what I could do, says Beena Philip - The Hindu from The Hindu
2025-12-17 01:48:57,404 - INFO - [The Hindu] Article: https://www.thehindu.com/news/national/tamil-nadu/area-where-deepathoon-is-located-belongs-to-dargah-tn-waqf-board/article70404378.ece
2025-12-17 01:48:57,405 - INFO - [The Hindu] Attempt 1/1: Trying with 'selenium_browser' strategy...
2025-12-17 01:48:59,059 - INFO - [The Hindu] Page content loaded.
2025-12-17 01:48:59,163 - INFO - [The Hindu] Success with 'selenium_browser'. Found content (464 words).
2025-12-17 01:48:59,253 - INFO - Saved article: Area where deepathoon is located belongs to dargah: T.N. Waqf Board - The Hindu from The Hindu
2025-12-17 01:49:00,701 - INFO - [The Hindu] (Thread) Finished. Attempting to shut down its Selenium driver.
2025-12-17 01:49:00,864 - INFO - [The Hindu] (Thread) driver.quit() successful.
2025-12-17 01:49:40,797 - ERROR - [Times of India] Request failed for strategy 'selenium_browser' on URL https://timesofindia.indiatimes.com/world/us-streamers/asmongold-blasts-twitch-over-gambling-ads-calling-out-streamers-for-what-he-sees-as-hypocrisy/articleshow/126028442.cms: HTTPConnectionPool(host='localhost', port=46549): Read timed out. (read timeout=120)
2025-12-17 01:49:40,797 - ERROR - [Times of India] All scrape strategies failed for https://timesofindia.indiatimes.com/world/us-streamers/asmongold-blasts-twitch-over-gambling-ads-calling-out-streamers-for-what-he-sees-as-hypocrisy/articleshow/126028442.cms. Falling back to RSS description.
2025-12-17 01:49:40,799 - INFO - Saved article: Asmongold blasts Twitch over gambling ads, calling out streamers for what he sees as hypocrisy from Times of India
2025-12-17 01:49:42,116 - INFO - [Times of India] Article: https://timesofindia.indiatimes.com/world/us-streamers/some-hate-cant-be-negotiated-why-candace-owens-meeting-with-erika-kirk-signals-a-strategic-pause-not-peace/articleshow/126028373.cms
2025-12-17 01:49:42,116 - INFO - [Times of India] Attempt 1/1: Trying with 'selenium_browser' strategy...
2025-12-17 01:51:42,181 - ERROR - [Times of India] Request failed for strategy 'selenium_browser' on URL https://timesofindia.indiatimes.com/world/us-streamers/some-hate-cant-be-negotiated-why-candace-owens-meeting-with-erika-kirk-signals-a-strategic-pause-not-peace/articleshow/126028373.cms: HTTPConnectionPool(host='localhost', port=46549): Read timed out. (read timeout=120)
2025-12-17 01:51:42,181 - ERROR - [Times of India] All scrape strategies failed for https://timesofindia.indiatimes.com/world/us-streamers/some-hate-cant-be-negotiated-why-candace-owens-meeting-with-erika-kirk-signals-a-strategic-pause-not-peace/articleshow/126028373.cms. Falling back to RSS description.
2025-12-17 01:51:42,184 - INFO - Saved article: “Some hate can’t be negotiated”: Why Candace Owens’ meeting with Erika Kirk signals a strategic pause, not peace from Times of India
2025-12-17 01:51:42,816 - INFO - [Times of India] Article: https://timesofindia.indiatimes.com/world/us-streamers/candace-owens-vs-erika-kirk-net-worth-in-2025-podcast-income-tpusa-ceo-earnings-and-charlie-kirk-controversy/articleshow/126028222.cms
2025-12-17 01:51:42,816 - INFO - [Times of India] Attempt 1/1: Trying with 'selenium_browser' strategy...
2025-12-17 01:53:42,917 - ERROR - [Times of India] Request failed for strategy 'selenium_browser' on URL https://timesofindia.indiatimes.com/world/us-streamers/candace-owens-vs-erika-kirk-net-worth-in-2025-podcast-income-tpusa-ceo-earnings-and-charlie-kirk-controversy/articleshow/126028222.cms: HTTPConnectionPool(host='localhost', port=46549): Read timed out. (read timeout=120)
2025-12-17 01:53:42,917 - ERROR - [Times of India] All scrape strategies failed for https://timesofindia.indiatimes.com/world/us-streamers/candace-owens-vs-erika-kirk-net-worth-in-2025-podcast-income-tpusa-ceo-earnings-and-charlie-kirk-controversy/articleshow/126028222.cms. Falling back to RSS description.
2025-12-17 01:53:42,920 - INFO - Saved article: Candace Owens vs Erika Kirk net worth in 2025: Podcast income, TPUSA CEO, earnings, and Charlie Kirk controversy from Times of India
2025-12-17 01:53:43,567 - INFO - [Times of India] Article: https://timesofindia.indiatimes.com/world/us-streamers/megyn-kelly-reveals-how-she-quietly-brought-erika-kirk-and-candace-owens-together-for-a-private-meeting/articleshow/126024721.cms
2025-12-17 01:53:43,567 - INFO - [Times of India] Attempt 1/1: Trying with 'selenium_browser' strategy...
2025-12-17 01:54:31,929 - CRITICAL - --- TIMEOUT: 1 scrape jobs did not complete in 420s. ---
2025-12-17 01:54:31,929 - ERROR - A thread has timed out and will be abandoned.
2025-12-17 01:54:31,929 - INFO - Shutting down thread pool (wait=False)...
2025-12-17 01:54:31,929 - INFO - Scraped: 25 The Hindu, 9 BBC, 14 The Guardian, 1 Timed_Out_Jobs articles. (Total saved: 48)
2025-12-17 01:54:31,930 - INFO - --- Scraping job finished ---
2025-12-17 01:54:31,930 - INFO - --- Scraper service stopped and database connection closed. ---
2025-12-17 01:54:31,930 - INFO - --- Main thread finished. Forcing process exit to kill zombie threads. ---
