2025-12-22 12:48:35,810 - INFO - Initializing database connection at: news_articles.db
2025-12-22 12:48:35,811 - INFO - --- Scraper service started (CI Mode: Run Once) ---
2025-12-22 12:48:35,811 - INFO - --- Starting new scraping job (Parallel Mode) ---
2025-12-22 12:48:35,811 - INFO - Creating new robust session with 3 retries on 5xx/connection/read errors.
2025-12-22 12:48:35,811 - INFO - Proxy is DISABLED.
2025-12-22 12:48:35,811 - INFO - Starting scrape for BBC RSS feed: http://feeds.bbci.co.uk/news/world/rss.xml
2025-12-22 12:48:35,812 - INFO - [Times of India] (Thread) requires Selenium. Initializing driver...
2025-12-22 12:48:35,812 - INFO - Initializing headless Selenium Chrome driver (using SeleniumManager)...
2025-12-22 12:48:35,814 - INFO - Starting scrape for The Guardian RSS feed: https://www.theguardian.com/world/rss
2025-12-22 12:48:35,815 - INFO - [The Hindu] (Thread) requires Selenium. Initializing driver...
2025-12-22 12:48:35,816 - INFO - Initializing headless Selenium Chrome driver (using SeleniumManager)...
2025-12-22 12:48:35,816 - INFO - Submitted 4 jobs to thread pool. Waiting up to 420s for completion...
2025-12-22 12:48:35,906 - INFO - Found 45 articles in The Guardian RSS feed. Processing up to 25.
2025-12-22 12:48:35,907 - INFO - [The Guardian] Article: https://www.theguardian.com/world/2025/dec/22/freed-nigerian-schoolchildren-set-to-be-reunited-with-families
2025-12-22 12:48:35,907 - INFO - [The Guardian] Attempt 1/1: Trying with 'requests_browser' strategy...
2025-12-22 12:48:35,990 - INFO - Found 29 articles in BBC RSS feed. Processing up to 25.
2025-12-22 12:48:35,990 - INFO - [BBC] Article: https://www.bbc.com/news/articles/ce86l95gx5po?at_medium=RSS&at_campaign=rss
2025-12-22 12:48:35,990 - INFO - [BBC] Attempt 1/1: Trying with 'requests_browser' strategy...
2025-12-22 12:48:36,008 - INFO - [The Guardian] Success with 'requests_browser'. Found content (366 words).
2025-12-22 12:48:36,048 - INFO - Saved article: Freed Nigerian schoolchildren to be reunited with families | Nigeria | The Guardian from The Guardian
2025-12-22 12:48:36,192 - INFO - [BBC] Success with 'requests_browser'. Found content (919 words).
2025-12-22 12:48:36,231 - INFO - Saved article: Bondi gunmen 'meticulously' planned attack for months, police allege from BBC
2025-12-22 12:48:36,804 - INFO - [The Guardian] Article: https://www.theguardian.com/world/2025/dec/21/more-kidnapped-schoolchildren-freed-in-nigeria
2025-12-22 12:48:36,804 - INFO - [The Guardian] Attempt 1/1: Trying with 'requests_browser' strategy...
2025-12-22 12:48:36,825 - INFO - [The Guardian] Success with 'requests_browser'. Found content (382 words).
2025-12-22 12:48:36,858 - INFO - Duplicate article skipped: Another 130 kidnapped schoolchildren released in Nigeria | Nigeria | The Guardian from The Guardian
2025-12-22 12:48:36,933 - INFO - [BBC] Article: https://www.bbc.com/news/articles/c8jwn9wznx1o?at_medium=RSS&at_campaign=rss
2025-12-22 12:48:36,933 - INFO - [BBC] Attempt 1/1: Trying with 'requests_browser' strategy...
2025-12-22 12:48:36,956 - INFO - [BBC] Success with 'requests_browser'. Found content (313 words).
2025-12-22 12:48:36,988 - INFO - Saved article: Russian general killed by car bomb in Moscow, officials say from BBC
2025-12-22 12:48:37,872 - INFO - [The Guardian] Article: https://www.theguardian.com/uk-news/2025/dec/21/manchester-museum-uncover-hidden-histories-africa-hub
2025-12-22 12:48:37,872 - INFO - [The Guardian] Attempt 1/1: Trying with 'requests_browser' strategy...
2025-12-22 12:48:37,893 - INFO - [The Guardian] Success with 'requests_browser'. Found content (543 words).
2025-12-22 12:48:37,930 - INFO - Duplicate article skipped: Manchester Museum seeks help to uncover hidden histories of African collection | Manchester | The Guardian from The Guardian
2025-12-22 12:48:38,246 - INFO - [BBC] Article: https://www.bbc.com/news/articles/cdd5j9jdvy9o?at_medium=RSS&at_campaign=rss
2025-12-22 12:48:38,247 - INFO - [BBC] Attempt 1/1: Trying with 'requests_browser' strategy...
2025-12-22 12:48:38,274 - INFO - [BBC] Success with 'requests_browser'. Found content (661 words).
2025-12-22 12:48:38,314 - INFO - Saved article: US lawmakers threaten Pam Bondi with contempt action over unreleased Epstein material from BBC
2025-12-22 12:48:38,883 - INFO - [BBC] Article: https://www.bbc.com/news/articles/cn5lnzlvqg2o?at_medium=RSS&at_campaign=rss
2025-12-22 12:48:38,883 - INFO - [BBC] Attempt 1/1: Trying with 'requests_browser' strategy...
2025-12-22 12:48:38,908 - INFO - [BBC] Success with 'requests_browser'. Found content (406 words).
2025-12-22 12:48:38,943 - INFO - Saved article: US and Ukraine call Miami talks productive despite no breakthrough from BBC
2025-12-22 12:48:39,198 - INFO - [The Guardian] Article: https://www.theguardian.com/global-development/2025/dec/21/sweden-and-germany-slash-aid-budgets-to-focus-on-ukraine-and-defence-spending
2025-12-22 12:48:39,198 - INFO - [The Guardian] Attempt 1/1: Trying with 'requests_browser' strategy...
2025-12-22 12:48:39,222 - INFO - [The Guardian] Success with 'requests_browser'. Found content (721 words).
2025-12-22 12:48:39,257 - INFO - Duplicate article skipped: Sweden and Germany slash aid budgets to focus on Ukraine and defence spending | Global development | The Guardian from The Guardian
2025-12-22 12:48:39,819 - INFO - [The Guardian] Article: https://www.theguardian.com/world/2025/dec/21/gunmen-johannesburg-township-in-south-africas-second-mass-shooting-within-weeks
2025-12-22 12:48:39,819 - INFO - [The Guardian] Attempt 1/1: Trying with 'requests_browser' strategy...
2025-12-22 12:48:39,842 - INFO - [The Guardian] Success with 'requests_browser'. Found content (473 words).
2025-12-22 12:48:39,879 - INFO - Saved article: Gunmen kill nine in Johannesburg township in South Africa’s second mass shooting this month | South Africa | The Guardian from The Guardian
2025-12-22 12:48:39,947 - INFO - [BBC] Article: https://www.bbc.com/news/articles/c5ydej888n9o?at_medium=RSS&at_campaign=rss
2025-12-22 12:48:39,947 - INFO - [BBC] Attempt 1/1: Trying with 'requests_browser' strategy...
2025-12-22 12:48:39,973 - INFO - [BBC] Success with 'requests_browser'. Found content (653 words).
2025-12-22 12:48:40,011 - INFO - Saved article: Thailand, Cambodia agree to talks in bid to end deadly conflict - minister from BBC
2025-12-22 12:48:40,686 - INFO - [The Guardian] Article: https://www.theguardian.com/media/2025/dec/22/cbs-news-delays-60-minutes-segment-featuring-investigation-into-cecot-megaprison
2025-12-22 12:48:40,686 - INFO - [The Guardian] Attempt 1/1: Trying with 'requests_browser' strategy...
2025-12-22 12:48:40,733 - INFO - [The Guardian] Success with 'requests_browser'. Found content (713 words).
2025-12-22 12:48:40,769 - INFO - Saved article: CBS News delays 60 Minutes segment featuring investigation into El Salvador’s Cecot megaprison | CBS | The Guardian from The Guardian
2025-12-22 12:48:41,453 - INFO - [BBC] Article: https://www.bbc.com/news/articles/cd74ldr2zryo?at_medium=RSS&at_campaign=rss
2025-12-22 12:48:41,453 - INFO - [BBC] Attempt 1/1: Trying with 'requests_browser' strategy...
2025-12-22 12:48:41,477 - INFO - [BBC] Success with 'requests_browser'. Found content (524 words).
2025-12-22 12:48:41,513 - INFO - Saved article: Gold price climbs above $4,400 to hit record high from BBC
2025-12-22 12:48:41,826 - INFO - [The Guardian] Article: https://www.theguardian.com/world/2025/dec/22/man-jailed-1335-years-el-salvador-sentences-ms-13-gang-members
2025-12-22 12:48:41,826 - INFO - [The Guardian] Attempt 1/1: Trying with 'requests_browser' strategy...
2025-12-22 12:48:41,846 - INFO - [The Guardian] Success with 'requests_browser'. Found content (273 words).
2025-12-22 12:48:41,885 - INFO - Saved article: Man jailed for 1,335 years as El Salvador sentences almost 250 MS-13 gang members | El Salvador | The Guardian from The Guardian
2025-12-22 12:48:42,023 - INFO - [BBC] Article: https://www.bbc.com/news/articles/cjrjpdz33vxo?at_medium=RSS&at_campaign=rss
2025-12-22 12:48:42,023 - INFO - [BBC] Attempt 1/1: Trying with 'requests_browser' strategy...
2025-12-22 12:48:42,048 - INFO - [BBC] Success with 'requests_browser'. Found content (1328 words).
2025-12-22 12:48:42,081 - INFO - Duplicate article skipped: In rebel-held Myanmar, civilians flee junta airstrikes and a forced election from BBC
2025-12-22 12:48:43,077 - INFO - [The Guardian] Article: https://www.theguardian.com/us-news/2025/dec/21/coast-guard-pursuing-oil-tanker-venezuela-coast
2025-12-22 12:48:43,077 - INFO - [The Guardian] Attempt 1/1: Trying with 'requests_browser' strategy...
2025-12-22 12:48:43,100 - INFO - [The Guardian] Success with 'requests_browser'. Found content (651 words).
2025-12-22 12:48:43,139 - INFO - Saved article: US Coast Guard pursuing another oil tanker off coast of Venezuela | Trump administration | The Guardian from The Guardian
2025-12-22 12:48:43,410 - INFO - [BBC] Article: https://www.bbc.com/news/articles/c99722j4lkgo?at_medium=RSS&at_campaign=rss
2025-12-22 12:48:43,410 - INFO - [BBC] Attempt 1/1: Trying with 'requests_browser' strategy...
2025-12-22 12:48:43,440 - INFO - [BBC] Success with 'requests_browser'. Found content (606 words).
2025-12-22 12:48:43,477 - INFO - Duplicate article skipped: US reportedly pursuing third oil tanker linked to Venezuela from BBC
2025-12-22 12:48:44,042 - INFO - [BBC] Article: https://www.bbc.com/news/articles/c3d03943zg8o?at_medium=RSS&at_campaign=rss
2025-12-22 12:48:44,042 - INFO - [BBC] Attempt 1/1: Trying with 'requests_browser' strategy...
2025-12-22 12:48:44,071 - INFO - [BBC] Success with 'requests_browser'. Found content (597 words).
2025-12-22 12:48:44,111 - INFO - Saved article: Nigeria Papiri kidnapping: All pupils kidnapped from Catholic school now free - officials from BBC
2025-12-22 12:48:44,224 - INFO - Selenium driver initialized successfully.
2025-12-22 12:48:44,225 - INFO - Starting scrape for The Hindu RSS feed: https://www.thehindu.com/news/national/feeder/default.rss
2025-12-22 12:48:44,226 - INFO - Selenium driver initialized successfully.
2025-12-22 12:48:44,226 - INFO - Starting scrape for Times of India RSS feed: https://timesofindia.indiatimes.com/rssfeeds/296589292.cms
2025-12-22 12:48:44,302 - INFO - Found 20 articles in Times of India RSS feed. Processing up to 25.
2025-12-22 12:48:44,302 - INFO - [Times of India] Article: https://timesofindia.indiatimes.com/world/us/my-father-came-to-us-in-60s-i-was-born-in-dc-omar-fateh-hits-back-at-jd-vances-mayor-of-mogadishu-jibe/articleshow/126121734.cms
2025-12-22 12:48:44,302 - INFO - [Times of India] Attempt 1/1: Trying with 'selenium_browser' strategy...
2025-12-22 12:48:44,395 - INFO - Found 100 articles in The Hindu RSS feed. Processing up to 25.
2025-12-22 12:48:44,395 - INFO - [The Hindu] Article: https://www.thehindu.com/business/Industry/expecting-bilateral-trade-with-new-zealand-to-double-in-five-years-with-fta-piyush-goyal/article70425818.ece
2025-12-22 12:48:44,395 - INFO - [The Hindu] Attempt 1/1: Trying with 'selenium_browser' strategy...
2025-12-22 12:48:44,582 - INFO - [The Guardian] Article: https://www.theguardian.com/us-news/2025/dec/20/us-second-merchant-vessel-venezuela
2025-12-22 12:48:44,583 - INFO - [The Guardian] Attempt 1/1: Trying with 'requests_browser' strategy...
2025-12-22 12:48:44,615 - INFO - [The Guardian] Success with 'requests_browser'. Found content (911 words).
2025-12-22 12:48:44,666 - INFO - Duplicate article skipped: US intercepts second merchant vessel off coast of Venezuela in international waters | US military | The Guardian from The Guardian
2025-12-22 12:48:45,524 - INFO - [The Guardian] Article: https://www.theguardian.com/us-news/2025/dec/19/trump-venezuela-war
2025-12-22 12:48:45,524 - INFO - [The Guardian] Attempt 1/1: Trying with 'requests_browser' strategy...
2025-12-22 12:48:45,585 - INFO - [BBC] Article: https://www.bbc.com/news/articles/cj9ydj7y0vvo?at_medium=RSS&at_campaign=rss
2025-12-22 12:48:45,585 - INFO - [BBC] Attempt 1/1: Trying with 'requests_browser' strategy...
2025-12-22 12:48:45,595 - INFO - [The Guardian] Success with 'requests_browser'. Found content (817 words).
2025-12-22 12:48:45,681 - INFO - Duplicate article skipped: Trump and top aides refuse to rule out war with Venezuela | US foreign policy | The Guardian from The Guardian
2025-12-22 12:48:45,710 - INFO - [BBC] Success with 'requests_browser'. Found content (895 words).
2025-12-22 12:48:45,784 - INFO - Saved article: Australian move to fast-track new gun and protest laws draws criticism from BBC
2025-12-22 12:48:46,607 - INFO - [The Guardian] Article: https://www.theguardian.com/world/2025/dec/22/jeju-air-crash-independent-inquiry-south-korea
2025-12-22 12:48:46,608 - INFO - [The Guardian] Attempt 1/1: Trying with 'requests_browser' strategy...
2025-12-22 12:48:46,673 - INFO - [BBC] Article: https://www.bbc.com/news/articles/cqjg18xe0wwo?at_medium=RSS&at_campaign=rss
2025-12-22 12:48:46,674 - INFO - [BBC] Attempt 1/1: Trying with 'requests_browser' strategy...
2025-12-22 12:48:46,809 - INFO - [The Guardian] Success with 'requests_browser'. Found content (431 words).
2025-12-22 12:48:46,877 - INFO - [BBC] Success with 'requests_browser'. Found content (515 words).
2025-12-22 12:48:47,143 - INFO - Saved article: Jeju Air crash: South Korea sets up independent inquiry into disaster that killed 179 amid delays and acrimony | South Korea | The Guardian from The Guardian
2025-12-22 12:48:47,143 - INFO - Duplicate article skipped: Israel approves 19 new settlements in occupied West Bank from BBC
2025-12-22 12:48:48,007 - INFO - [BBC] Article: https://www.bbc.com/news/articles/cg5m49j14pyo?at_medium=RSS&at_campaign=rss
2025-12-22 12:48:48,008 - INFO - [BBC] Attempt 1/1: Trying with 'requests_browser' strategy...
2025-12-22 12:48:48,172 - INFO - [BBC] Success with 'requests_browser'. Found content (1072 words).
2025-12-22 12:48:48,285 - INFO - Duplicate article skipped: Saudi Arabia: Rights groups condemn new record number of executions in 2025 from BBC
2025-12-22 12:48:48,542 - INFO - [The Guardian] Article: https://www.theguardian.com/world/2025/dec/22/new-zealand-christchurch-spoof-absurdist-road-signs
2025-12-22 12:48:48,542 - INFO - [The Guardian] Attempt 1/1: Trying with 'requests_browser' strategy...
2025-12-22 12:48:48,881 - INFO - [BBC] Article: https://www.bbc.com/news/articles/cm20ppy0rreo?at_medium=RSS&at_campaign=rss
2025-12-22 12:48:48,882 - INFO - [BBC] Attempt 1/1: Trying with 'requests_browser' strategy...
2025-12-22 12:48:48,932 - INFO - [The Guardian] Success with 'requests_browser'. Found content (368 words).
2025-12-22 12:48:49,092 - INFO - Saved article: ‘Slightly haunted but manageable’: new signs cause confusion – and delight – in Christchurch | New Zealand | The Guardian from The Guardian
2025-12-22 12:48:49,115 - INFO - [BBC] Success with 'requests_browser'. Found content (2288 words).
2025-12-22 12:48:49,255 - INFO - Duplicate article skipped: How Israel's grassroots hostage families group became a powerful international force from BBC
2025-12-22 12:48:50,099 - INFO - [BBC] Article: https://www.bbc.com/news/articles/c79xyxdpzrxo?at_medium=RSS&at_campaign=rss
2025-12-22 12:48:50,099 - INFO - [BBC] Attempt 1/1: Trying with 'requests_browser' strategy...
2025-12-22 12:48:50,251 - INFO - [BBC] Success with 'requests_browser'. Found content (611 words).
2025-12-22 12:48:50,386 - INFO - [The Guardian] Article: https://www.theguardian.com/environment/2025/dec/21/takahe-chick-rare-born-new-zealand
2025-12-22 12:48:50,386 - INFO - [The Guardian] Attempt 1/1: Trying with 'requests_browser' strategy...
2025-12-22 12:48:50,632 - INFO - Duplicate article skipped: Bekkersdal shooting: Gunmen kill nine in South Africa tavern attack from BBC
2025-12-22 12:48:50,660 - INFO - [The Guardian] Success with 'requests_browser'. Found content (555 words).
2025-12-22 12:48:50,783 - INFO - Saved article: ‘Miracle’ of Zealandia: chick is born to rare takahē pair thought to be infertile | Birds | The Guardian from The Guardian
2025-12-22 12:48:51,375 - INFO - [BBC] Article: https://www.bbc.com/news/articles/c9qe2yln2nlo?at_medium=RSS&at_campaign=rss
2025-12-22 12:48:51,375 - INFO - [BBC] Attempt 1/1: Trying with 'requests_browser' strategy...
2025-12-22 12:48:51,469 - INFO - [BBC] Success with 'requests_browser'. Found content (162 words).
2025-12-22 12:48:51,548 - INFO - Duplicate article skipped: India express train kills seven elephants crossing tracks from BBC
2025-12-22 12:48:52,273 - INFO - [The Guardian] Article: https://www.theguardian.com/world/2025/dec/19/mass-stabbing-tapei
2025-12-22 12:48:52,274 - INFO - [The Guardian] Attempt 1/1: Trying with 'requests_browser' strategy...
2025-12-22 12:48:52,411 - INFO - [The Guardian] Success with 'requests_browser'. Found content (685 words).
2025-12-22 12:48:52,550 - INFO - Duplicate article skipped: At least four people killed in mass stabbing in Taipei | Taiwan | The Guardian from The Guardian
2025-12-22 12:48:52,970 - INFO - [BBC] Article: https://www.bbc.com/news/articles/c14vy02847vo?at_medium=RSS&at_campaign=rss
2025-12-22 12:48:52,970 - INFO - [BBC] Attempt 1/1: Trying with 'requests_browser' strategy...
2025-12-22 12:48:53,108 - INFO - [The Guardian] Article: https://www.theguardian.com/technology/2025/dec/19/uk-foreign-office-victim-cyber-attack-october-
2025-12-22 12:48:53,109 - INFO - [The Guardian] Attempt 1/1: Trying with 'requests_browser' strategy...
2025-12-22 12:48:53,188 - INFO - [BBC] Success with 'requests_browser'. Found content (1233 words).
2025-12-22 12:48:53,397 - INFO - [The Guardian] Success with 'requests_browser'. Found content (489 words).
2025-12-22 12:48:53,477 - INFO - Duplicate article skipped: Survivors are 'nervous and sceptical' about partial Epstein file release from BBC
2025-12-22 12:48:53,576 - INFO - Duplicate article skipped: UK Foreign Office victim of cyber-attack in October, says Chris Bryant | Foreign, Commonwealth and Development Office | The Guardian from The Guardian
2025-12-22 12:48:54,692 - INFO - [BBC] Article: https://www.bbc.com/news/articles/c8r38ne1x2mo?at_medium=RSS&at_campaign=rss
2025-12-22 12:48:54,692 - INFO - [BBC] Attempt 1/1: Trying with 'requests_browser' strategy...
2025-12-22 12:48:54,783 - INFO - [The Guardian] Article: https://www.theguardian.com/australia-news/2025/dec/22/dan-elkayam-bondi-terror-attack-victim-memorial-sydney-ntwnfb
2025-12-22 12:48:54,980 - INFO - [The Guardian] Attempt 1/1: Trying with 'requests_browser' strategy...
2025-12-22 12:48:54,824 - INFO - [BBC] Success with 'requests_browser'. Found content (1729 words).
2025-12-22 12:48:55,099 - INFO - [The Guardian] Success with 'requests_browser'. Found content (960 words).
2025-12-22 12:48:55,164 - INFO - Duplicate article skipped: Epstein files: Who and what are in the documents? from BBC
2025-12-22 12:48:55,336 - INFO - Saved article: ‘Dan taught me to live for every moment’: French Bondi shooting victim, 27, honoured at Sydney memorial | Bondi beach terror attack | The Guardian from The Guardian
2025-12-22 12:48:55,964 - INFO - [The Guardian] Article: https://www.theguardian.com/environment/2025/dec/22/weather-tracker-flood-watches-california
2025-12-22 12:48:55,964 - INFO - [The Guardian] Attempt 1/1: Trying with 'requests_browser' strategy...
2025-12-22 12:48:56,044 - INFO - [The Guardian] Success with 'requests_browser'. Found content (361 words).
2025-12-22 12:48:56,304 - INFO - [BBC] Article: https://www.bbc.com/news/articles/cn8eknv7zkyo?at_medium=RSS&at_campaign=rss
2025-12-22 12:48:56,305 - INFO - [BBC] Attempt 1/1: Trying with 'requests_browser' strategy...
2025-12-22 12:48:56,318 - INFO - Saved article: Weather tracker: Further flood watches issued across California | Flooding | The Guardian from The Guardian
2025-12-22 12:48:56,654 - INFO - [BBC] Success with 'requests_browser'. Found content (2103 words).
2025-12-22 12:48:56,922 - INFO - Duplicate article skipped: A memorial ends, but Bondi tragedy has left Australia reeling, again from BBC
2025-12-22 12:48:57,601 - INFO - [BBC] Article: https://www.bbc.com/news/articles/c93nwrzgypqo?at_medium=RSS&at_campaign=rss
2025-12-22 12:48:57,601 - INFO - [BBC] Attempt 1/1: Trying with 'requests_browser' strategy...
2025-12-22 12:48:57,720 - INFO - [The Guardian] Article: https://www.theguardian.com/australia-news/2025/dec/22/hundreds-rally-in-sydney-against-proposed-changes-to-protest-laws
2025-12-22 12:48:57,720 - INFO - [The Guardian] Attempt 1/1: Trying with 'requests_browser' strategy...
2025-12-22 12:48:57,814 - INFO - [BBC] Success with 'requests_browser'. Found content (976 words).
2025-12-22 12:48:57,968 - INFO - [The Guardian] Success with 'requests_browser'. Found content (654 words).
2025-12-22 12:48:58,432 - INFO - Saved article: Divided between two states, the town at the heart of America's abortion debate from BBC
2025-12-22 12:48:58,489 - INFO - Saved article: Hundreds rally in Sydney against proposed changes to protest laws | Bondi beach terror attack | The Guardian from The Guardian
2025-12-22 12:48:59,254 - INFO - [BBC] Article: https://www.bbc.com/news/articles/c8dy5m56477o?at_medium=RSS&at_campaign=rss
2025-12-22 12:48:59,256 - INFO - [BBC] Attempt 1/1: Trying with 'requests_browser' strategy...
2025-12-22 12:48:59,426 - INFO - [BBC] Success with 'requests_browser'. Found content (1098 words).
2025-12-22 12:48:59,627 - INFO - [The Guardian] Article: https://www.theguardian.com/australia-news/2025/dec/22/mp-josh-burns-georgie-purcell-new-baby-lilah-arrives-early
2025-12-22 12:48:59,627 - INFO - [The Guardian] Attempt 1/1: Trying with 'requests_browser' strategy...
2025-12-22 12:48:59,702 - INFO - Duplicate article skipped: Why Croatia's capital wants to hold the best Christmas market from BBC
2025-12-22 12:48:59,745 - INFO - [The Guardian] Success with 'requests_browser'. Found content (509 words).
2025-12-22 12:49:00,020 - INFO - Saved article: ‘The inspiration I need’: baby Lilah arrives early for MPs Josh Burns and Georgie Purcell | Victorian politics | The Guardian from The Guardian
2025-12-22 12:49:00,539 - INFO - [BBC] Article: https://www.bbc.com/news/articles/cx25dejn4n5o?at_medium=RSS&at_campaign=rss
2025-12-22 12:49:00,540 - INFO - [BBC] Attempt 1/1: Trying with 'requests_browser' strategy...
2025-12-22 12:49:00,694 - INFO - [The Guardian] Article: https://www.theguardian.com/australia-news/live/2025/dec/22/australia-news-live-bondi-beach-terror-attack-chris-minns-nsw-gun-reforms-anthony-albanese-coalition-sussan-ley-antisemitism-royal-commission-ntwnfb
2025-12-22 12:49:00,694 - INFO - [The Guardian] Attempt 1/1: Trying with 'requests_browser' strategy...
2025-12-22 12:49:00,770 - INFO - [BBC] Success with 'requests_browser'. Found content (712 words).
2025-12-22 12:49:00,942 - INFO - Saved article: Alex Iwobi: Afcon is a special football tournament from BBC
2025-12-22 12:49:02,003 - INFO - [The Guardian] Success with 'requests_browser'. Found content (2105 words).
2025-12-22 12:49:02,012 - INFO - [BBC] Article: https://www.bbc.com/news/articles/c5yqr485d84o?at_medium=RSS&at_campaign=rss
2025-12-22 12:49:02,012 - INFO - [BBC] Attempt 1/1: Trying with 'requests_browser' strategy...
2025-12-22 12:49:02,337 - INFO - Duplicate article skipped: Protesters outside Sydney’s town hall chant phrase that NSW premier wants to ban – as it happened | Australia news | The Guardian from The Guardian
2025-12-22 12:49:02,392 - INFO - [BBC] Success with 'requests_browser'. Found content (2489 words).
2025-12-22 12:49:02,499 - INFO - Duplicate article skipped: Hong Kong billionaire Jimmy Lai tested China's limits. It cost him his freedom from BBC
2025-12-22 12:49:03,582 - INFO - [The Guardian] Article: https://www.theguardian.com/world/live/2025/dec/22/ukraine-russia-car-bomb-general-europe-latest-news-updates
2025-12-22 12:49:03,582 - INFO - [The Guardian] Attempt 1/1: Trying with 'requests_browser' strategy...
2025-12-22 12:49:03,893 - INFO - [The Guardian] Success with 'requests_browser'. Found content (2016 words).
2025-12-22 12:49:03,985 - INFO - [BBC] Article: https://www.bbc.com/news/articles/c5ye91zxqv5o?at_medium=RSS&at_campaign=rss
2025-12-22 12:49:03,985 - INFO - [BBC] Attempt 1/1: Trying with 'requests_browser' strategy...
2025-12-22 12:49:04,118 - INFO - Saved article: Russia investigates car bomb death of general – Europe live | Europe | The Guardian from The Guardian
2025-12-22 12:49:04,169 - INFO - [BBC] Success with 'requests_browser'. Found content (2410 words).
2025-12-22 12:49:04,269 - INFO - Duplicate article skipped: Why British Jews are experiencing their biggest change in 60 years from BBC
2025-12-22 12:49:04,823 - INFO - [BBC] Article: https://www.bbc.com/news/articles/c4gp4v32z0lo?at_medium=RSS&at_campaign=rss
2025-12-22 12:49:04,824 - INFO - [BBC] Attempt 1/1: Trying with 'requests_browser' strategy...
2025-12-22 12:49:04,861 - INFO - [BBC] Success with 'requests_browser'. Found content (1243 words).
2025-12-22 12:49:04,905 - INFO - Duplicate article skipped: Togo's Faure Gnassingbé walks a diplomatic tightrope between Russia and France from BBC
2025-12-22 12:49:05,262 - INFO - [The Guardian] Article: https://www.theguardian.com/technology/2025/dec/22/mps-question-uk-palantir-contracts-security-concerns-investigation
2025-12-22 12:49:05,263 - INFO - [The Guardian] Attempt 1/1: Trying with 'requests_browser' strategy...
2025-12-22 12:49:05,296 - INFO - [The Guardian] Success with 'requests_browser'. Found content (942 words).
2025-12-22 12:49:05,350 - INFO - Saved article: MPs question UK Palantir contracts after investigation reveals security concerns | Palantir | The Guardian from The Guardian
2025-12-22 12:49:05,966 - INFO - [The Guardian] Article: https://www.theguardian.com/world/2025/dec/22/denmark-summon-us-ambassador-trump-greenland-envoy-appointment
2025-12-22 12:49:05,966 - INFO - [The Guardian] Attempt 1/1: Trying with 'requests_browser' strategy...
2025-12-22 12:49:06,072 - INFO - [The Guardian] Success with 'requests_browser'. Found content (625 words).
2025-12-22 12:49:06,130 - INFO - Saved article: Denmark and Greenland PMs censure Trump over special envoy appointment | Greenland | The Guardian from The Guardian
2025-12-22 12:49:06,405 - INFO - [BBC] Article: https://www.bbc.com/news/videos/cn7kpnjnmklo?at_medium=RSS&at_campaign=rss
2025-12-22 12:49:06,405 - INFO - [BBC] Attempt 1/1: Trying with 'requests_browser' strategy...
2025-12-22 12:49:06,454 - INFO - [BBC] Success with 'requests_browser'. Found content (99 words).
2025-12-22 12:49:06,555 - INFO - Duplicate article skipped: Watch: Images, cassettes and high-profile figures from Epstein files from BBC
2025-12-22 12:49:06,707 - INFO - [The Guardian] Article: https://www.theguardian.com/world/2025/dec/22/spains-socialists-shed-voters-in-regional-election-as-far-right-makes-gains
2025-12-22 12:49:06,707 - INFO - [The Guardian] Attempt 1/1: Trying with 'requests_browser' strategy...
2025-12-22 12:49:06,733 - INFO - [The Guardian] Success with 'requests_browser'. Found content (442 words).
2025-12-22 12:49:06,784 - INFO - Saved article: Spain’s socialists shed voters in regional election as far right makes gains | Spain | The Guardian from The Guardian
2025-12-22 12:49:08,252 - INFO - [The Guardian] Article: https://www.theguardian.com/world/2025/dec/22/russian-general-fanil-sarvarov-killed-car-bomb-moscow-investigators-say
2025-12-22 12:49:08,252 - INFO - [The Guardian] Attempt 1/1: Trying with 'requests_browser' strategy...
2025-12-22 12:49:08,279 - INFO - [The Guardian] Success with 'requests_browser'. Found content (540 words).
2025-12-22 12:49:08,326 - INFO - Saved article: Russian general killed by car bomb in Moscow, say investigators | Russia | The Guardian from The Guardian
2025-12-22 12:50:44,402 - ERROR - [Times of India] Request failed for strategy 'selenium_browser' on URL https://timesofindia.indiatimes.com/world/us/my-father-came-to-us-in-60s-i-was-born-in-dc-omar-fateh-hits-back-at-jd-vances-mayor-of-mogadishu-jibe/articleshow/126121734.cms: HTTPConnectionPool(host='localhost', port=55241): Read timed out. (read timeout=120)
2025-12-22 12:50:44,402 - ERROR - [Times of India] All scrape strategies failed for https://timesofindia.indiatimes.com/world/us/my-father-came-to-us-in-60s-i-was-born-in-dc-omar-fateh-hits-back-at-jd-vances-mayor-of-mogadishu-jibe/articleshow/126121734.cms. Falling back to RSS description.
2025-12-22 12:50:44,404 - INFO - Saved article: ‘My father came to US in 60s, I was born in DC’: Omar Fateh hits back at JD Vance’s ‘mayor of Mogadishu’ jibe from Times of India
2025-12-22 12:50:44,495 - ERROR - [The Hindu] Request failed for strategy 'selenium_browser' on URL https://www.thehindu.com/business/Industry/expecting-bilateral-trade-with-new-zealand-to-double-in-five-years-with-fta-piyush-goyal/article70425818.ece: HTTPConnectionPool(host='localhost', port=58323): Read timed out. (read timeout=120)
2025-12-22 12:50:44,495 - ERROR - [The Hindu] All scrape strategies failed for https://www.thehindu.com/business/Industry/expecting-bilateral-trade-with-new-zealand-to-double-in-five-years-with-fta-piyush-goyal/article70425818.ece. Falling back to RSS description.
2025-12-22 12:50:44,498 - INFO - Saved article: Expecting bilateral trade with New Zealand to double in five years with FTA: Piyush Goyal from The Hindu
2025-12-22 12:50:45,507 - INFO - [Times of India] Article: https://timesofindia.indiatimes.com/world/middle-east/saudi-arabia-permits-private-schools-to-build-on-campus-student-residential-facilities/articleshow/126120268.cms
2025-12-22 12:50:45,508 - INFO - [Times of India] Attempt 1/1: Trying with 'selenium_browser' strategy...
2025-12-22 12:50:45,721 - INFO - [The Hindu] Article: https://www.thehindu.com/news/national/assam/assam-on-high-alert-fresh-unrest-in-bangladesh/article70425742.ece
2025-12-22 12:50:45,721 - INFO - [The Hindu] Attempt 1/1: Trying with 'selenium_browser' strategy...
2025-12-22 12:52:45,591 - ERROR - [Times of India] Request failed for strategy 'selenium_browser' on URL https://timesofindia.indiatimes.com/world/middle-east/saudi-arabia-permits-private-schools-to-build-on-campus-student-residential-facilities/articleshow/126120268.cms: HTTPConnectionPool(host='localhost', port=55241): Read timed out. (read timeout=120)
2025-12-22 12:52:45,592 - ERROR - [Times of India] All scrape strategies failed for https://timesofindia.indiatimes.com/world/middle-east/saudi-arabia-permits-private-schools-to-build-on-campus-student-residential-facilities/articleshow/126120268.cms. Falling back to RSS description.
2025-12-22 12:52:45,594 - INFO - Saved article: Saudi Arabia permits private schools to build on campus student residential facilities from Times of India
2025-12-22 12:52:45,822 - ERROR - [The Hindu] Request failed for strategy 'selenium_browser' on URL https://www.thehindu.com/news/national/assam/assam-on-high-alert-fresh-unrest-in-bangladesh/article70425742.ece: HTTPConnectionPool(host='localhost', port=58323): Read timed out. (read timeout=120)
2025-12-22 12:52:45,822 - ERROR - [The Hindu] All scrape strategies failed for https://www.thehindu.com/news/national/assam/assam-on-high-alert-fresh-unrest-in-bangladesh/article70425742.ece. Falling back to RSS description.
2025-12-22 12:52:45,823 - INFO - Saved article: Assam on high alert after fresh unrest in Bangladesh: Himanta from The Hindu
2025-12-22 12:52:46,614 - INFO - [Times of India] Article: https://timesofindia.indiatimes.com/world/middle-east/uae-k-pop-icons-chung-ha-and-shinee-onew-to-perform-free-dubai-concert-next-month/articleshow/126119469.cms
2025-12-22 12:52:46,614 - INFO - [Times of India] Attempt 1/1: Trying with 'selenium_browser' strategy...
2025-12-22 12:52:47,250 - INFO - [The Hindu] Article: https://www.thehindu.com/news/national/gujarat/surat-court-stays-jain-girls-diksha-after-father-moves-plea/article70425800.ece
2025-12-22 12:52:47,250 - INFO - [The Hindu] Attempt 1/1: Trying with 'selenium_browser' strategy...
2025-12-22 12:54:46,699 - ERROR - [Times of India] Request failed for strategy 'selenium_browser' on URL https://timesofindia.indiatimes.com/world/middle-east/uae-k-pop-icons-chung-ha-and-shinee-onew-to-perform-free-dubai-concert-next-month/articleshow/126119469.cms: HTTPConnectionPool(host='localhost', port=55241): Read timed out. (read timeout=120)
2025-12-22 12:54:46,699 - ERROR - [Times of India] All scrape strategies failed for https://timesofindia.indiatimes.com/world/middle-east/uae-k-pop-icons-chung-ha-and-shinee-onew-to-perform-free-dubai-concert-next-month/articleshow/126119469.cms. Falling back to RSS description.
2025-12-22 12:54:46,701 - INFO - Saved article: UAE K-Pop Concert: Chung Ha and Onew to perform free in Dubai; fans urged to arrive early from Times of India
2025-12-22 12:54:47,295 - ERROR - [The Hindu] Request failed for strategy 'selenium_browser' on URL https://www.thehindu.com/news/national/gujarat/surat-court-stays-jain-girls-diksha-after-father-moves-plea/article70425800.ece: HTTPConnectionPool(host='localhost', port=58323): Read timed out. (read timeout=120)
2025-12-22 12:54:47,295 - ERROR - [The Hindu] All scrape strategies failed for https://www.thehindu.com/news/national/gujarat/surat-court-stays-jain-girls-diksha-after-father-moves-plea/article70425800.ece. Falling back to RSS description.
2025-12-22 12:54:47,296 - INFO - Saved article: Surat court stays Jain girl’s ‘diksha’ after father moves plea from The Hindu
2025-12-22 12:54:48,078 - INFO - [Times of India] Article: https://timesofindia.indiatimes.com/world/pakistan/saudi-arabia-honours-asim-munir-pakistan-army-chief-conferred-king-abdulaziz-medal-of-excellence-defence-ties-in-focus/articleshow/126119051.cms
2025-12-22 12:54:48,078 - INFO - [Times of India] Attempt 1/1: Trying with 'selenium_browser' strategy...
2025-12-22 12:54:48,575 - INFO - [The Hindu] Article: https://www.thehindu.com/news/cities/chennai/how-tamil-sci-fi-writers-are-bringing-science-closer-to-children/article70403543.ece
2025-12-22 12:54:48,575 - INFO - [The Hindu] Attempt 1/1: Trying with 'selenium_browser' strategy...
2025-12-22 12:55:35,817 - CRITICAL - --- TIMEOUT: 2 scrape jobs did not complete in 420s. ---
2025-12-22 12:55:35,817 - ERROR - A thread has timed out and will be abandoned.
2025-12-22 12:55:35,817 - ERROR - A thread has timed out and will be abandoned.
2025-12-22 12:55:35,817 - INFO - Shutting down thread pool (wait=False)...
2025-12-22 12:55:35,817 - INFO - Scraped: 10 BBC, 17 The Guardian, 2 Timed_Out_Jobs articles. (Total saved: 27)
2025-12-22 12:55:35,817 - INFO - --- Scraping job finished ---
2025-12-22 12:55:35,817 - INFO - --- Scraper service stopped and database connection closed. ---
2025-12-22 12:55:35,817 - INFO - --- Main thread finished. Forcing process exit to kill zombie threads. ---
