2026-05-03 03:29:54,915 - INFO - Initializing database connection at: news_articles.db
2026-05-03 03:29:54,916 - INFO - --- Scraper service started (CI Mode: Run Once) ---
2026-05-03 03:29:54,916 - INFO - --- Starting new scraping job (Parallel Mode) ---
2026-05-03 03:29:54,916 - INFO - Creating new robust session with 3 retries on 5xx/connection/read errors.
2026-05-03 03:29:54,916 - INFO - Proxy is DISABLED.
2026-05-03 03:29:54,916 - INFO - Starting scrape for BBC RSS feed: http://feeds.bbci.co.uk/news/world/rss.xml
2026-05-03 03:29:54,917 - INFO - [Times of India] (Thread) requires Selenium. Initializing driver...
2026-05-03 03:29:54,917 - INFO - Initializing headless Selenium Chrome driver (using SeleniumManager)...
2026-05-03 03:29:54,917 - INFO - Starting scrape for The Guardian RSS feed: https://www.theguardian.com/world/rss
2026-05-03 03:29:54,917 - INFO - [The Hindu] (Thread) requires Selenium. Initializing driver...
2026-05-03 03:29:54,917 - INFO - Initializing headless Selenium Chrome driver (using SeleniumManager)...
2026-05-03 03:29:54,917 - INFO - Submitted 4 jobs to thread pool. Waiting up to 420s for completion...
2026-05-03 03:29:55,029 - INFO - Found 45 articles in The Guardian RSS feed. Processing up to 25.
2026-05-03 03:29:55,029 - INFO - [The Guardian] Article: https://www.theguardian.com/global-development/2026/may/02/zambia-cancels-rightscon-summit-largest-human-rights-technology-conference
2026-05-03 03:29:55,030 - INFO - [The Guardian] Attempt 1/1: Trying with 'requests_browser' strategy...
2026-05-03 03:29:55,104 - INFO - [The Guardian] Success with 'requests_browser'. Found content (889 words).
2026-05-03 03:29:55,147 - INFO - Duplicate article skipped: Zambia cancels world’s largest human rights and tech summit days before start | Global development | The Guardian from The Guardian
2026-05-03 03:29:55,189 - INFO - Found 39 articles in BBC RSS feed. Processing up to 25.
2026-05-03 03:29:55,189 - INFO - [BBC] Article: https://www.bbc.com/news/articles/cd9pn541jjlo?at_medium=RSS&at_campaign=rss
2026-05-03 03:29:55,189 - INFO - [BBC] Attempt 1/1: Trying with 'requests_browser' strategy...
2026-05-03 03:29:55,295 - INFO - [BBC] Success with 'requests_browser'. Found content (747 words).
2026-05-03 03:29:55,357 - INFO - Saved article: Germany says US troop withdrawal 'foreseeable' as Nato seeks clarification from BBC
2026-05-03 03:29:55,876 - INFO - [The Guardian] Article: https://www.theguardian.com/global-development/2026/may/02/new-drug-coartem-baby-babies-malaria-who-treatment
2026-05-03 03:29:55,876 - INFO - [The Guardian] Attempt 1/1: Trying with 'requests_browser' strategy...
2026-05-03 03:29:56,001 - INFO - [The Guardian] Success with 'requests_browser'. Found content (502 words).
2026-05-03 03:29:56,037 - INFO - Duplicate article skipped: First malaria drug for babies is approved in ‘major public health milestone’ | Global development | The Guardian from The Guardian
2026-05-03 03:29:56,797 - INFO - [BBC] Article: https://www.bbc.com/news/articles/cgjp7vpee03o?at_medium=RSS&at_campaign=rss
2026-05-03 03:29:56,797 - INFO - [BBC] Attempt 1/1: Trying with 'requests_browser' strategy...
2026-05-03 03:29:56,846 - INFO - [BBC] Success with 'requests_browser'. Found content (2423 words).
2026-05-03 03:29:56,895 - INFO - Saved article: The Iran war has strengthened Ukraine. Could a ceasefire with Russia be closer? from BBC
2026-05-03 03:29:56,962 - INFO - [The Guardian] Article: https://www.theguardian.com/global-development/2026/may/01/sabastian-sawe-hero-welcome-kenya-sub-two-marathon
2026-05-03 03:29:56,962 - INFO - [The Guardian] Attempt 1/1: Trying with 'requests_browser' strategy...
2026-05-03 03:29:57,032 - INFO - [The Guardian] Success with 'requests_browser'. Found content (832 words).
2026-05-03 03:29:57,082 - INFO - Duplicate article skipped: Sabastian Sawe receives hero’s welcome in Kenya after sub-two hour marathon feat | Kenya | The Guardian from The Guardian
2026-05-03 03:29:57,627 - INFO - [BBC] Article: https://www.bbc.com/news/articles/cvgzk91leweo?at_medium=RSS&at_campaign=rss
2026-05-03 03:29:57,627 - INFO - [BBC] Attempt 1/1: Trying with 'requests_browser' strategy...
2026-05-03 03:29:57,667 - INFO - [BBC] Success with 'requests_browser'. Found content (1361 words).
2026-05-03 03:29:57,714 - INFO - Saved article: Smuggling Starlink tech into Iran to beat the internet blackout from BBC
2026-05-03 03:29:58,312 - INFO - [BBC] Article: https://www.bbc.com/news/articles/c362pd8epw9o?at_medium=RSS&at_campaign=rss
2026-05-03 03:29:58,312 - INFO - [BBC] Attempt 1/1: Trying with 'requests_browser' strategy...
2026-05-03 03:29:58,345 - INFO - [BBC] Success with 'requests_browser'. Found content (481 words).
2026-05-03 03:29:58,388 - INFO - Saved article: Concern for jailed Iranian Nobel laureate Narges Mohammadi as family say health deteriorating from BBC
2026-05-03 03:29:58,549 - INFO - [The Guardian] Article: https://www.theguardian.com/global-development/2026/may/01/uganda-copying-russia-and-china-with-new-bill-designed-to-crush-dissent-say-critics
2026-05-03 03:29:58,549 - INFO - [The Guardian] Attempt 1/1: Trying with 'requests_browser' strategy...
2026-05-03 03:29:58,730 - INFO - [The Guardian] Success with 'requests_browser'. Found content (875 words).
2026-05-03 03:29:58,780 - INFO - Duplicate article skipped: Uganda copying Russia and China with new bill designed to crush dissent, say critics | Global development | The Guardian from The Guardian
2026-05-03 03:29:58,921 - INFO - [BBC] Article: https://www.bbc.com/news/articles/c3v2l2qq9qlo?at_medium=RSS&at_campaign=rss
2026-05-03 03:29:58,921 - INFO - [BBC] Attempt 1/1: Trying with 'requests_browser' strategy...
2026-05-03 03:29:58,957 - INFO - [BBC] Success with 'requests_browser'. Found content (847 words).
2026-05-03 03:29:59,003 - INFO - Saved article: Strait of Hormuz: US threatens shipping firms with sanctions if they pay Iran tolls from BBC
2026-05-03 03:30:00,000 - INFO - [BBC] Article: https://www.bbc.com/news/articles/cd7pn0zywggo?at_medium=RSS&at_campaign=rss
2026-05-03 03:30:00,001 - INFO - [BBC] Attempt 1/1: Trying with 'requests_browser' strategy...
2026-05-03 03:30:00,039 - INFO - [BBC] Success with 'requests_browser'. Found content (642 words).
2026-05-03 03:30:00,082 - INFO - Duplicate article skipped: Thirteen killed in Israeli strikes on southern Lebanon, health ministry says from BBC
2026-05-03 03:30:00,165 - INFO - [The Guardian] Article: https://www.theguardian.com/global-development/2026/may/01/bae-lawsuit-scrap-support-aid-aircraft-encomm-aviation
2026-05-03 03:30:00,165 - INFO - [The Guardian] Attempt 1/1: Trying with 'requests_browser' strategy...
2026-05-03 03:30:00,289 - INFO - [The Guardian] Success with 'requests_browser'. Found content (374 words).
2026-05-03 03:30:00,326 - INFO - Duplicate article skipped: BAE faces £120m lawsuit over decision to scrap support for aid aircraft | Global development | The Guardian from The Guardian
2026-05-03 03:30:00,978 - INFO - [BBC] Article: https://www.bbc.com/news/articles/cpwprl0v2npo?at_medium=RSS&at_campaign=rss
2026-05-03 03:30:00,979 - INFO - [BBC] Attempt 1/1: Trying with 'requests_browser' strategy...
2026-05-03 03:30:01,007 - INFO - [BBC] Success with 'requests_browser'. Found content (419 words).
2026-05-03 03:30:01,050 - INFO - Saved article: Oil tanker hijacked off coast of Yemen and taken towards Somalia from BBC
2026-05-03 03:30:01,110 - INFO - [The Guardian] Article: https://www.theguardian.com/science/2026/may/02/germany-brazil-irritator-dinosaur-skull-restitution
2026-05-03 03:30:01,110 - INFO - [The Guardian] Attempt 1/1: Trying with 'requests_browser' strategy...
2026-05-03 03:30:01,170 - INFO - [The Guardian] Success with 'requests_browser'. Found content (872 words).
2026-05-03 03:30:01,209 - INFO - Duplicate article skipped: German museum to return rare Irritator dinosaur skull to Brazil | Dinosaurs | The Guardian from The Guardian
2026-05-03 03:30:01,832 - INFO - [BBC] Article: https://www.bbc.com/news/articles/c202m54xp0mo?at_medium=RSS&at_campaign=rss
2026-05-03 03:30:01,832 - INFO - [BBC] Attempt 1/1: Trying with 'requests_browser' strategy...
2026-05-03 03:30:01,895 - INFO - [The Guardian] Article: https://www.theguardian.com/world/2026/may/02/cuba-trump-new-sanctions-economy
2026-05-03 03:30:01,900 - INFO - [The Guardian] Attempt 1/1: Trying with 'requests_browser' strategy...
2026-05-03 03:30:01,908 - INFO - [BBC] Success with 'requests_browser'. Found content (959 words).
2026-05-03 03:30:01,952 - INFO - Duplicate article skipped: 'If we sleep, they bite': Rats and weasels infest camps for displaced Gazans from BBC
2026-05-03 03:30:01,968 - INFO - [The Guardian] Success with 'requests_browser'. Found content (518 words).
2026-05-03 03:30:02,005 - INFO - Duplicate article skipped: Cuba says Trump’s fresh sanctions on its economy amount to ‘collective punishment’ | Cuba | The Guardian from The Guardian
2026-05-03 03:30:02,916 - INFO - [The Guardian] Article: https://www.theguardian.com/us-news/2026/may/01/pope-former-undocumented-immigrant-bishop-west-virginia
2026-05-03 03:30:02,916 - INFO - [The Guardian] Attempt 1/1: Trying with 'requests_browser' strategy...
2026-05-03 03:30:02,980 - INFO - [The Guardian] Success with 'requests_browser'. Found content (465 words).
2026-05-03 03:30:03,020 - INFO - Duplicate article skipped: Pope appoints former undocumented immigrant as bishop of West Virginia | West Virginia | The Guardian from The Guardian
2026-05-03 03:30:03,156 - INFO - [BBC] Article: https://www.bbc.com/news/articles/cwy21n1970vo?at_medium=RSS&at_campaign=rss
2026-05-03 03:30:03,156 - INFO - [BBC] Attempt 1/1: Trying with 'requests_browser' strategy...
2026-05-03 03:30:03,192 - INFO - [BBC] Success with 'requests_browser'. Found content (413 words).
2026-05-03 03:30:03,232 - INFO - Saved article: Cuba condemns new US sanctions as 'illegal' and 'abusive' from BBC
2026-05-03 03:30:03,763 - INFO - [The Guardian] Article: https://www.theguardian.com/environment/2026/may/01/could-key-climate-talks-mark-ground-zero-in-global-push-to-ditch-fossil-fuels
2026-05-03 03:30:03,763 - INFO - [The Guardian] Attempt 1/1: Trying with 'requests_browser' strategy...
2026-05-03 03:30:03,828 - INFO - [The Guardian] Success with 'requests_browser'. Found content (1611 words).
2026-05-03 03:30:03,879 - INFO - Duplicate article skipped: Could Santa Marta climate talks mark ground zero in push to ditch fossil fuels? | Global climate talks | The Guardian from The Guardian
2026-05-03 03:30:04,377 - INFO - Selenium driver initialized successfully.
2026-05-03 03:30:04,377 - INFO - Selenium driver initialized successfully.
2026-05-03 03:30:04,377 - INFO - Starting scrape for The Hindu RSS feed: https://www.thehindu.com/news/national/feeder/default.rss
2026-05-03 03:30:04,377 - INFO - Starting scrape for Times of India RSS feed: https://timesofindia.indiatimes.com/rssfeeds/296589292.cms
2026-05-03 03:30:04,381 - INFO - [BBC] Article: https://www.bbc.com/news/articles/c2k20z5yj3wo?at_medium=RSS&at_campaign=rss
2026-05-03 03:30:04,381 - INFO - [BBC] Attempt 1/1: Trying with 'requests_browser' strategy...
2026-05-03 03:30:04,422 - INFO - [BBC] Success with 'requests_browser'. Found content (722 words).
2026-05-03 03:30:04,463 - INFO - Duplicate article skipped: US Supreme Court asked to restore abortion pill access from BBC
2026-05-03 03:30:04,546 - INFO - Found 20 articles in Times of India RSS feed. Processing up to 25.
2026-05-03 03:30:04,546 - INFO - [Times of India] Article: https://timesofindia.indiatimes.com/business/international-business/chinese-court-rules-firms-cant-lay-off-workers-on-ai-grounds/articleshow/130726519.cms
2026-05-03 03:30:04,546 - INFO - [Times of India] Attempt 1/1: Trying with 'selenium_browser' strategy...
2026-05-03 03:30:04,566 - INFO - Found 60 articles in The Hindu RSS feed. Processing up to 25.
2026-05-03 03:30:04,567 - INFO - [The Hindu] Article: https://www.thehindu.com/news/national/maharashtra/tribals-scheduled-castes-preserved-indias-identity-and-soul-despite-foreign-invasions-bhagwat/article70934305.ece
2026-05-03 03:30:04,567 - INFO - [The Hindu] Attempt 1/1: Trying with 'selenium_browser' strategy...
2026-05-03 03:30:04,723 - INFO - [The Guardian] Article: https://www.theguardian.com/world/2026/may/01/antigua-barbuda-gaston-browne-win-election
2026-05-03 03:30:04,723 - INFO - [The Guardian] Attempt 1/1: Trying with 'requests_browser' strategy...
2026-05-03 03:30:04,866 - INFO - [The Guardian] Success with 'requests_browser'. Found content (547 words).
2026-05-03 03:30:04,932 - INFO - Duplicate article skipped: Antigua and Barbuda prime minister set to win fourth term in election | Antigua and Barbuda | The Guardian from The Guardian
2026-05-03 03:30:04,995 - INFO - [BBC] Article: https://www.bbc.com/news/articles/c4g4xexy4w7o?at_medium=RSS&at_campaign=rss
2026-05-03 03:30:04,995 - INFO - [BBC] Attempt 1/1: Trying with 'requests_browser' strategy...
2026-05-03 03:30:05,062 - INFO - [BBC] Success with 'requests_browser'. Found content (859 words).
2026-05-03 03:30:05,138 - INFO - Duplicate article skipped: Trump tells Congress ceasefire means he does not need their approval for Iran war from BBC
2026-05-03 03:30:06,309 - INFO - [The Guardian] Article: https://www.theguardian.com/environment/2026/may/01/weather-tracker-tornadoes-and-giant-hail-in-central-us
2026-05-03 03:30:06,311 - INFO - [The Guardian] Attempt 1/1: Trying with 'requests_browser' strategy...
2026-05-03 03:30:06,375 - INFO - [BBC] Article: https://www.bbc.com/news/articles/cm2pmk0r3pjo?at_medium=RSS&at_campaign=rss
2026-05-03 03:30:06,376 - INFO - [BBC] Attempt 1/1: Trying with 'requests_browser' strategy...
2026-05-03 03:30:06,675 - INFO - [The Guardian] Success with 'requests_browser'. Found content (378 words).
2026-05-03 03:30:06,753 - INFO - [BBC] Success with 'requests_browser'. Found content (897 words).
2026-05-03 03:30:07,275 - INFO - Duplicate article skipped: Weather tracker: Tornadoes and giant hail in central US | US weather | The Guardian from The Guardian
2026-05-03 03:30:07,371 - INFO - Duplicate article skipped: Who shot a Secret Service officer at the Trump press dinner? from BBC
2026-05-03 03:30:07,435 - INFO - [The Hindu] Page content loaded.
2026-05-03 03:30:07,873 - INFO - [The Guardian] Article: https://www.theguardian.com/world/2026/apr/30/jailed-hong-kong-pro-democracy-activist-jimmy-lai-wins-freedom-of-speech-award-in-germany
2026-05-03 03:30:07,873 - INFO - [The Guardian] Attempt 1/1: Trying with 'requests_browser' strategy...
2026-05-03 03:30:07,991 - INFO - [The Guardian] Success with 'requests_browser'. Found content (393 words).
2026-05-03 03:30:08,265 - INFO - Duplicate article skipped: Jailed Hong Kong pro-democracy activist Jimmy Lai wins free speech award in Germany | Jimmy Lai | The Guardian from The Guardian
2026-05-03 03:30:08,575 - INFO - [BBC] Article: https://www.bbc.com/news/articles/c794zlx5lx8o?at_medium=RSS&at_campaign=rss
2026-05-03 03:30:08,575 - INFO - [BBC] Attempt 1/1: Trying with 'requests_browser' strategy...
2026-05-03 03:30:08,815 - INFO - [BBC] Success with 'requests_browser'. Found content (564 words).
2026-05-03 03:30:09,431 - INFO - [The Guardian] Article: https://www.theguardian.com/world/2026/apr/30/christchurch-gunman-shooter-mosque-attacker-appeal-fails-ntwnfb
2026-05-03 03:30:09,431 - INFO - [The Guardian] Attempt 1/1: Trying with 'requests_browser' strategy...
2026-05-03 03:30:09,523 - INFO - Duplicate article skipped: Trump claims other presidents flouted war powers law. It's a mixed record from BBC
2026-05-03 03:30:09,592 - INFO - [The Guardian] Success with 'requests_browser'. Found content (646 words).
2026-05-03 03:30:09,755 - INFO - Duplicate article skipped: Christchurch gunman fails in bid to appeal against guilty pleas in New Zealand court | Christchurch shooting | The Guardian from The Guardian
2026-05-03 03:30:10,342 - INFO - [The Guardian] Article: https://www.theguardian.com/australia-news/2026/apr/30/student-allegedly-jailed-china-pro-democracy-protest-in-australia-human-rights-inquiry
2026-05-03 03:30:10,342 - INFO - [The Guardian] Attempt 1/1: Trying with 'requests_browser' strategy...
2026-05-03 03:30:10,624 - INFO - [The Guardian] Success with 'requests_browser'. Found content (767 words).
2026-05-03 03:30:10,729 - INFO - [BBC] Article: https://www.bbc.com/sport/formula1/articles/cvgz0kpxjpgo?at_medium=RSS&at_campaign=rss
2026-05-03 03:30:10,729 - INFO - [BBC] Attempt 1/1: Trying with 'requests_browser' strategy...
2026-05-03 03:30:10,910 - INFO - Duplicate article skipped: Student’s alleged jailing in China over Australian pro-democracy protests sparks calls for inquiry | Australian universities | The Guardian from The Guardian
2026-05-03 03:30:10,923 - INFO - [BBC] Success with 'requests_browser'. Found content (673 words).
2026-05-03 03:30:11,112 - INFO - Duplicate article skipped: Alex Zanardi: Ex-F1 driver and Paralympic champion dies aged 59 - BBC Sport from BBC
2026-05-03 03:30:11,146 - WARNING - [The Hindu] FAILED with 'selenium_browser' (content was too short: 69 words).
2026-05-03 03:30:11,146 - ERROR - [The Hindu] All scrape strategies failed for https://www.thehindu.com/news/national/maharashtra/tribals-scheduled-castes-preserved-indias-identity-and-soul-despite-foreign-invasions-bhagwat/article70934305.ece. Falling back to RSS description.
2026-05-03 03:30:11,152 - INFO - Saved article: Tribals, Scheduled Castes preserved India's identity and soul despite foreign invasions: Bhagwat from The Hindu
2026-05-03 03:30:11,899 - INFO - [The Hindu] Article: https://www.thehindu.com/sci-tech/health/access-to-generic-risdiplam-sought-under-policy-for-rare-diseases-for-people-with-spinal-muscular-atrophy/article70931598.ece
2026-05-03 03:30:11,899 - INFO - [The Hindu] Attempt 1/1: Trying with 'selenium_browser' strategy...
2026-05-03 03:30:12,344 - INFO - [The Guardian] Article: https://www.theguardian.com/technology/2026/apr/29/uk-data-leaks-alibaba-biobank-health-records
2026-05-03 03:30:12,344 - INFO - [The Guardian] Attempt 1/1: Trying with 'requests_browser' strategy...
2026-05-03 03:30:12,502 - INFO - [The Guardian] Success with 'requests_browser'. Found content (604 words).
2026-05-03 03:30:12,537 - INFO - [BBC] Article: https://www.bbc.com/news/articles/c809ln029ldo?at_medium=RSS&at_campaign=rss
2026-05-03 03:30:12,543 - INFO - [BBC] Attempt 1/1: Trying with 'requests_browser' strategy...
2026-05-03 03:30:12,856 - INFO - Duplicate article skipped: More private health records of UK Biobank volunteers appear on Chinese website | Data protection | The Guardian from The Guardian
2026-05-03 03:30:12,872 - INFO - [BBC] Success with 'requests_browser'. Found content (456 words).
2026-05-03 03:30:13,144 - INFO - Saved article: Taiwan president visits Eswatini after blaming China for previous cancelled trip from BBC
2026-05-03 03:30:14,186 - INFO - [The Guardian] Article: https://www.theguardian.com/australia-news/live/2026/may/03/politics-updates-liberals-nepean-byelection-victoria-anthony-albanese-labor-angus-taylor-matt-canavan-nationals-ntwnfb
2026-05-03 03:30:14,186 - INFO - [The Guardian] Attempt 1/1: Trying with 'requests_browser' strategy...
2026-05-03 03:30:14,453 - INFO - [BBC] Article: https://www.bbc.com/news/articles/c3e283g80n4o?at_medium=RSS&at_campaign=rss
2026-05-03 03:30:14,453 - INFO - [BBC] Attempt 1/1: Trying with 'requests_browser' strategy...
2026-05-03 03:30:14,602 - INFO - [BBC] Success with 'requests_browser'. Found content (530 words).
2026-05-03 03:30:14,861 - INFO - Duplicate article skipped: War criminal Ratko Mladic close to death, lawyers seeking release from jail say from BBC
2026-05-03 03:30:15,419 - INFO - [The Guardian] Success with 'requests_browser'. Found content (1973 words).
2026-05-03 03:30:15,760 - INFO - [BBC] Article: https://www.bbc.com/news/articles/cpwp50v4ye7o?at_medium=RSS&at_campaign=rss
2026-05-03 03:30:15,760 - INFO - [BBC] Attempt 1/1: Trying with 'requests_browser' strategy...
2026-05-03 03:30:16,011 - INFO - Saved article: Australia news live: Victoria ‘can’t afford’ a Liberal-One Nation government, Allan says; federal labor not ruling out extending fuel excise cut | Australia news | The Guardian from The Guardian
2026-05-03 03:30:16,024 - INFO - [BBC] Success with 'requests_browser'. Found content (725 words).
2026-05-03 03:30:16,125 - INFO - Duplicate article skipped: Billions of meals at risk due to Iran war, says fertiliser boss from BBC
2026-05-03 03:30:17,089 - INFO - [BBC] Article: https://www.bbc.com/news/articles/cz72j59znw3o?at_medium=RSS&at_campaign=rss
2026-05-03 03:30:17,089 - INFO - [BBC] Attempt 1/1: Trying with 'requests_browser' strategy...
2026-05-03 03:30:17,200 - INFO - [BBC] Success with 'requests_browser'. Found content (508 words).
2026-05-03 03:30:17,392 - INFO - Duplicate article skipped: Pavel Talankin's Oscar for Mr Nobody Against Putin found after going missing on NY flight from BBC
2026-05-03 03:30:17,459 - INFO - [The Guardian] Article: https://www.theguardian.com/australia-news/2026/may/03/three-people-dead-sydney-rosemeadow-nsw-ntwnfb
2026-05-03 03:30:17,459 - INFO - [The Guardian] Attempt 1/1: Trying with 'requests_browser' strategy...
2026-05-03 03:30:17,671 - INFO - [The Guardian] Success with 'requests_browser'. Found content (251 words).
2026-05-03 03:30:17,917 - INFO - Saved article: Three people dead in Sydney home believed to be parents and brother of arrested man, police say | Sydney | The Guardian from The Guardian
2026-05-03 03:30:18,267 - INFO - [BBC] Article: https://www.bbc.com/news/articles/cwy2x7rq3nqo?at_medium=RSS&at_campaign=rss
2026-05-03 03:30:18,267 - INFO - [BBC] Attempt 1/1: Trying with 'requests_browser' strategy...
2026-05-03 03:30:18,350 - INFO - [BBC] Success with 'requests_browser'. Found content (308 words).
2026-05-03 03:30:18,456 - INFO - Duplicate article skipped: Turkish police arrest more than 500 people at May Day rallies from BBC
2026-05-03 03:30:19,401 - INFO - [The Guardian] Article: https://www.theguardian.com/australia-news/2026/may/03/nt-police-charge-jefferson-lewis-over-death-of-kumanjayi-little-baby-near-alice-springs-ntwnfb
2026-05-03 03:30:19,401 - INFO - [The Guardian] Attempt 1/1: Trying with 'requests_browser' strategy...
2026-05-03 03:30:19,630 - INFO - [The Guardian] Success with 'requests_browser'. Found content (486 words).
2026-05-03 03:30:20,081 - INFO - [BBC] Article: https://www.bbc.com/news/articles/cy02gnzlvkko?at_medium=RSS&at_campaign=rss
2026-05-03 03:30:20,081 - INFO - [BBC] Attempt 1/1: Trying with 'requests_browser' strategy...
2026-05-03 03:30:20,316 - INFO - Saved article: Jefferson Lewis charged with murder over death of Kumanjayi Little Baby near Alice Springs | Indigenous Australians | The Guardian from The Guardian
2026-05-03 03:30:20,320 - INFO - [BBC] Success with 'requests_browser'. Found content (632 words).
2026-05-03 03:30:20,477 - INFO - Duplicate article skipped: Israeli police arrest man after nun attacked in Jerusalem from BBC
2026-05-03 03:30:21,028 - INFO - [BBC] Article: https://www.bbc.com/news/articles/c0m2z0k1gngo?at_medium=RSS&at_campaign=rss
2026-05-03 03:30:21,028 - INFO - [BBC] Attempt 1/1: Trying with 'requests_browser' strategy...
2026-05-03 03:30:21,166 - INFO - [BBC] Success with 'requests_browser'. Found content (945 words).
2026-05-03 03:30:21,493 - INFO - Duplicate article skipped: Israel releases all but two activists in Greece after intercepting Gaza aid flotilla from BBC
2026-05-03 03:30:21,817 - INFO - [The Guardian] Article: https://www.theguardian.com/australia-news/2026/may/02/liberals-claim-victory-in-nepean-byelection-ahead-of-state-poll
2026-05-03 03:30:21,817 - INFO - [The Guardian] Attempt 1/1: Trying with 'requests_browser' strategy...
2026-05-03 03:30:22,024 - INFO - [The Guardian] Success with 'requests_browser'. Found content (535 words).
2026-05-03 03:30:22,111 - INFO - [The Hindu] Page content loaded.
2026-05-03 03:30:22,114 - INFO - Saved article: Liberals claim victory in Nepean byelection ahead of state poll | Liberal party | The Guardian from The Guardian
2026-05-03 03:30:22,275 - INFO - [The Hindu] Success with 'selenium_browser'. Found content (685 words).
2026-05-03 03:30:22,375 - INFO - Saved article: Access to generic Risdiplam sought under policy for rare diseases for people with Spinal Muscular Atrophy - The Hindu from The Hindu
2026-05-03 03:30:22,386 - INFO - [BBC] Article: https://www.bbc.com/news/articles/cd6pv55y51wo?at_medium=RSS&at_campaign=rss
2026-05-03 03:30:22,386 - INFO - [BBC] Attempt 1/1: Trying with 'requests_browser' strategy...
2026-05-03 03:30:22,424 - INFO - [BBC] Success with 'requests_browser'. Found content (400 words).
2026-05-03 03:30:22,471 - INFO - Duplicate article skipped: Zayn Malik cuts Konnakol tour dates and issues recovery update from BBC
2026-05-03 03:30:23,088 - INFO - [The Hindu] Article: https://www.thehindu.com/news/national/assembly-elections-eci-live-updates-may-3-2026-tamil-nadu-west-bengal-assam-kerala-pondicherry-results/article70934298.ece
2026-05-03 03:30:23,088 - INFO - [The Hindu] Attempt 1/1: Trying with 'selenium_browser' strategy...
2026-05-03 03:30:23,275 - INFO - [The Guardian] Article: https://www.theguardian.com/australia-news/2026/may/02/record-breaking-may-warmth-soon-to-blow-away-as-cold-front-moves-east
2026-05-03 03:30:23,275 - INFO - [The Guardian] Attempt 1/1: Trying with 'requests_browser' strategy...
2026-05-03 03:30:23,387 - INFO - [The Guardian] Success with 'requests_browser'. Found content (362 words).
2026-05-03 03:30:23,463 - INFO - Duplicate article skipped: Record-breaking May warmth soon to blow away as cold front moves towards eastern Australia | Australia weather | The Guardian from The Guardian
2026-05-03 03:30:23,464 - INFO - [BBC] Article: https://www.bbc.com/news/articles/cz72j8eex4eo?at_medium=RSS&at_campaign=rss
2026-05-03 03:30:23,464 - INFO - [BBC] Attempt 1/1: Trying with 'requests_browser' strategy...
2026-05-03 03:30:23,519 - INFO - [BBC] Success with 'requests_browser'. Found content (747 words).
2026-05-03 03:30:23,570 - INFO - Duplicate article skipped: Myanmar ex-leader Aung San Suu Kyi moved to house arrest, military says from BBC
2026-05-03 03:30:24,241 - INFO - [The Hindu] Page content loaded.
2026-05-03 03:30:24,315 - INFO - [The Hindu] Success with 'selenium_browser'. Found content (145 words).
2026-05-03 03:30:24,486 - INFO - Saved article: Assembly elections 2026 LIVE: 3-tier security, QR-based entry system for Tamil Nadu vote counting, says CEO - The Hindu from The Hindu
2026-05-03 03:30:24,696 - INFO - [The Guardian] Article: https://www.theguardian.com/world/live/2026/may/02/us-israel-war-iran-germany-american-troops-donald-trump-middle-east-latest-news-updates
2026-05-03 03:30:24,696 - INFO - [The Guardian] Attempt 1/1: Trying with 'requests_browser' strategy...
2026-05-03 03:30:24,888 - INFO - [The Guardian] Success with 'requests_browser'. Found content (1900 words).
2026-05-03 03:30:25,067 - INFO - [BBC] Article: https://www.bbc.com/news/articles/c202pl60kv9o?at_medium=RSS&at_campaign=rss
2026-05-03 03:30:25,067 - INFO - [BBC] Attempt 1/1: Trying with 'requests_browser' strategy...
2026-05-03 03:30:25,130 - INFO - Duplicate article skipped: Top Republicans express concern over withdrawal of US troops from Germany – as it happened | US-Israel war on Iran | The Guardian from The Guardian
2026-05-03 03:30:25,176 - INFO - [BBC] Success with 'requests_browser'. Found content (1063 words).
2026-05-03 03:30:25,294 - INFO - Duplicate article skipped: British couple jailed in Iran: 'We're likely to be here for a long time' from BBC
2026-05-03 03:30:25,778 - INFO - [The Hindu] Article: https://www.thehindu.com/news/national/silence-the-court-is-in-session/article70883455.ece
2026-05-03 03:30:25,778 - INFO - [The Hindu] Attempt 1/1: Trying with 'selenium_browser' strategy...
2026-05-03 03:30:26,159 - INFO - [The Guardian] Article: https://www.theguardian.com/world/2026/may/02/nato-us-withdraw-troops-germany-defence
2026-05-03 03:30:26,159 - INFO - [The Guardian] Attempt 1/1: Trying with 'requests_browser' strategy...
2026-05-03 03:30:26,221 - INFO - [The Guardian] Success with 'requests_browser'. Found content (980 words).
2026-05-03 03:30:26,260 - INFO - [BBC] Article: https://www.bbc.com/news/articles/cqlpvl3wx4qo?at_medium=RSS&at_campaign=rss
2026-05-03 03:30:26,260 - INFO - [BBC] Attempt 1/1: Trying with 'requests_browser' strategy...
2026-05-03 03:30:26,263 - INFO - Saved article: Nato seeks to ‘understand the details’ of US decision to withdraw troops from Germany | Nato | The Guardian from The Guardian
2026-05-03 03:30:26,289 - INFO - [BBC] Success with 'requests_browser'. Found content (363 words).
2026-05-03 03:30:26,331 - INFO - Duplicate article skipped: Brazil's Congress approves plan to drastically cut Bolsonaro's jail term from BBC
2026-05-03 03:30:27,132 - INFO - [The Guardian] Article: https://www.theguardian.com/environment/2026/may/02/humpback-whale-rescue-release-stranded-germany-baltic-coast
2026-05-03 03:30:27,132 - INFO - [The Guardian] Attempt 1/1: Trying with 'requests_browser' strategy...
2026-05-03 03:30:27,209 - INFO - [The Guardian] Success with 'requests_browser'. Found content (443 words).
2026-05-03 03:30:27,260 - INFO - Duplicate article skipped: Rescuers release humpback whale that was stranded off German coast | Whales | The Guardian from The Guardian
2026-05-03 03:30:27,690 - INFO - [The Hindu] Page content loaded.
2026-05-03 03:30:27,766 - INFO - [The Hindu] Success with 'selenium_browser'. Found content (153 words).
2026-05-03 03:30:27,882 - INFO - [The Guardian] Article: https://www.theguardian.com/uk-news/2026/may/02/asylum-seeker-sent-france-one-in-one-out-returned-syria
2026-05-03 03:30:27,882 - INFO - [The Guardian] Attempt 1/1: Trying with 'requests_browser' strategy...
2026-05-03 03:30:27,999 - INFO - Saved article: Silence, the court is in session - The Hindu from The Hindu
2026-05-03 03:30:28,040 - INFO - [The Guardian] Success with 'requests_browser'. Found content (817 words).
2026-05-03 03:30:28,096 - INFO - Duplicate article skipped: Asylum seeker sent back to France in ‘one in, one out’ scheme to be returned to Syria | Immigration and asylum | The Guardian from The Guardian
2026-05-03 03:30:29,206 - INFO - [The Hindu] Article: https://www.thehindu.com/news/national/madhya-pradesh/jabalpur-cruise-boat-tragedy-search-operations-expanded-to-trace-four-missing-passengers/article70930900.ece
2026-05-03 03:30:29,206 - INFO - [The Hindu] Attempt 1/1: Trying with 'selenium_browser' strategy...
2026-05-03 03:30:29,454 - INFO - [The Guardian] Article: https://www.theguardian.com/music/2026/may/02/beatles-early-days-letters-photos-hamburg-exhibition
2026-05-03 03:30:29,454 - INFO - [The Guardian] Attempt 1/1: Trying with 'requests_browser' strategy...
2026-05-03 03:30:29,537 - INFO - [The Guardian] Success with 'requests_browser'. Found content (773 words).
2026-05-03 03:30:29,610 - INFO - Duplicate article skipped: Letters and photos from Beatles’ early days to go on show in Hamburg | The Beatles | The Guardian from The Guardian
2026-05-03 03:30:30,791 - INFO - [The Hindu] Page content loaded.
2026-05-03 03:30:30,879 - INFO - [The Hindu] Success with 'selenium_browser'. Found content (107 words).
2026-05-03 03:30:31,019 - INFO - Saved article: Jabalpur cruise tragedy: Death toll rises to 11 as bodies of two kids found; search continues - The Hindu from The Hindu
2026-05-03 03:30:31,678 - INFO - [The Hindu] Article: https://www.thehindu.com/news/cities/mumbai/stuck-for-over-an-hour-no-response-from-police-says-woman-who-confronted-maharashtra-minister-for-traffic-jam/article70933109.ece
2026-05-03 03:30:31,679 - INFO - [The Hindu] Attempt 1/1: Trying with 'selenium_browser' strategy...
2026-05-03 03:30:33,035 - INFO - [The Hindu] Page content loaded.
2026-05-03 03:30:33,294 - INFO - [The Hindu] Success with 'selenium_browser'. Found content (96 words).
2026-05-03 03:30:33,438 - INFO - Saved article: Stuck for over an hour, no response from police, says woman who confronted Maharashtra Minister for traffic jam - The Hindu from The Hindu
2026-05-03 03:30:34,167 - INFO - [The Hindu] Article: https://www.thehindu.com/news/national/andhra-pradesh/social-security-measures-for-construction-workers-soon-says-ap-minister/article70932019.ece
2026-05-03 03:30:34,168 - INFO - [The Hindu] Attempt 1/1: Trying with 'selenium_browser' strategy...
2026-05-03 03:30:36,330 - INFO - [The Hindu] Page content loaded.
2026-05-03 03:30:36,412 - INFO - [The Hindu] Success with 'selenium_browser'. Found content (82 words).
2026-05-03 03:30:36,575 - INFO - Saved article: Social security measures for construction workers soon, says A.P. Minister - The Hindu from The Hindu
2026-05-03 03:30:37,099 - INFO - [The Hindu] Article: https://www.thehindu.com/news/national/raghav-chadha-the-prodigy-who-walked-away/article70932943.ece
2026-05-03 03:30:37,099 - INFO - [The Hindu] Attempt 1/1: Trying with 'selenium_browser' strategy...
2026-05-03 03:30:39,172 - INFO - [The Hindu] Page content loaded.
2026-05-03 03:30:39,233 - INFO - [The Hindu] Success with 'selenium_browser'. Found content (127 words).
2026-05-03 03:30:39,347 - INFO - Saved article: Who is Raghav Chadha? The prodigy who walked away - The Hindu from The Hindu
2026-05-03 03:30:39,886 - INFO - [The Hindu] Article: https://www.thehindu.com/news/national/court-denies-bail-to-woman-accused-in-tcs-nashik-case/article70932944.ece
2026-05-03 03:30:39,886 - INFO - [The Hindu] Attempt 1/1: Trying with 'selenium_browser' strategy...
2026-05-03 03:30:41,675 - INFO - [The Hindu] Page content loaded.
2026-05-03 03:30:41,905 - INFO - [The Hindu] Success with 'selenium_browser'. Found content (283 words).
2026-05-03 03:30:42,265 - INFO - Saved article: Court denies bail to woman accused in TCS Nashik case - The Hindu from The Hindu
2026-05-03 03:30:42,971 - INFO - [The Hindu] Article: https://www.thehindu.com/elections/west-bengal-assembly/eci-announces-repolling-for-falta-assembly-seat-in-west-bengal-on-may-21/article70933032.ece
2026-05-03 03:30:42,971 - INFO - [The Hindu] Attempt 1/1: Trying with 'selenium_browser' strategy...
2026-05-03 03:30:44,688 - INFO - [The Hindu] Page content loaded.
2026-05-03 03:30:44,754 - WARNING - [The Hindu] FAILED with 'selenium_browser' (content was too short: 76 words).
2026-05-03 03:30:44,754 - ERROR - [The Hindu] All scrape strategies failed for https://www.thehindu.com/elections/west-bengal-assembly/eci-announces-repolling-for-falta-assembly-seat-in-west-bengal-on-may-21/article70933032.ece. Falling back to RSS description.
2026-05-03 03:30:44,757 - INFO - Saved article: ECI announces repolling for Falta Assembly seat in West Bengal on May 21 from The Hindu
2026-05-03 03:30:46,127 - INFO - [The Hindu] Article: https://www.thehindu.com/news/national/bail-order-reminder-that-personal-liberty-cant-be-sacrificed-for-political-vendetta-pawan-khera/article70932791.ece
2026-05-03 03:30:46,128 - INFO - [The Hindu] Attempt 1/1: Trying with 'selenium_browser' strategy...
2026-05-03 03:30:47,684 - INFO - [The Hindu] Page content loaded.
2026-05-03 03:30:47,816 - INFO - [The Hindu] Success with 'selenium_browser'. Found content (81 words).
2026-05-03 03:30:48,021 - INFO - Saved article: Bail order reminder that personal liberty can’t be sacrificed for political vendetta: Pawan Khera - The Hindu from The Hindu
2026-05-03 03:30:49,347 - INFO - [The Hindu] Article: https://www.thehindu.com/news/national/telangana/9-year-old-mountaineer-from-siddipet-scales-australias-highest-peak/article70931972.ece
2026-05-03 03:30:49,347 - INFO - [The Hindu] Attempt 1/1: Trying with 'selenium_browser' strategy...
2026-05-03 03:30:50,951 - INFO - [The Hindu] Page content loaded.
2026-05-03 03:30:51,021 - WARNING - [The Hindu] FAILED with 'selenium_browser' (content was too short: 76 words).
2026-05-03 03:30:51,021 - ERROR - [The Hindu] All scrape strategies failed for https://www.thehindu.com/news/national/telangana/9-year-old-mountaineer-from-siddipet-scales-australias-highest-peak/article70931972.ece. Falling back to RSS description.
2026-05-03 03:30:51,024 - INFO - Saved article: 9-year-old mountaineer from Siddipet scales Australia’s highest peak from The Hindu
2026-05-03 03:30:51,995 - INFO - [The Hindu] Article: https://www.thehindu.com/news/national/karnataka/sringeri-seat-recount-raje-gowdas-vote-tally-reduced-by-255-bjp-supporters-celebrate/article70934261.ece
2026-05-03 03:30:51,995 - INFO - [The Hindu] Attempt 1/1: Trying with 'selenium_browser' strategy...
2026-05-03 03:30:53,407 - INFO - [The Hindu] Page content loaded.
2026-05-03 03:30:53,773 - INFO - [The Hindu] Success with 'selenium_browser'. Found content (116 words).
2026-05-03 03:30:53,859 - INFO - Saved article: Sringeri seat recount: Raje Gowda’s vote tally reduced by 255; BJP supporters celebrate - The Hindu from The Hindu
2026-05-03 03:30:54,466 - INFO - [The Hindu] Article: https://www.thehindu.com/news/national/karnataka/karnataka-police-told-not-to-summon-women-at-night-enforce-kshrc-guidelines/article70931593.ece
2026-05-03 03:30:54,466 - INFO - [The Hindu] Attempt 1/1: Trying with 'selenium_browser' strategy...
2026-05-03 03:30:55,957 - INFO - [The Hindu] Page content loaded.
2026-05-03 03:30:56,121 - INFO - [The Hindu] Success with 'selenium_browser'. Found content (91 words).
2026-05-03 03:30:56,314 - INFO - Duplicate article skipped: Karnataka police told not to summon women at night; enforce KSHRC guidelines - The Hindu from The Hindu
2026-05-03 03:30:57,759 - INFO - [The Hindu] Article: https://www.thehindu.com/news/national/telangana/1238-lakh-tonnes-paddy-purchased-from-154-lakh-ryots-so-far-1129-crore-paid/article70933051.ece
2026-05-03 03:30:57,759 - INFO - [The Hindu] Attempt 1/1: Trying with 'selenium_browser' strategy...
2026-05-03 03:30:59,595 - INFO - [The Hindu] Page content loaded.
2026-05-03 03:30:59,706 - INFO - [The Hindu] Success with 'selenium_browser'. Found content (213 words).
2026-05-03 03:30:59,875 - INFO - Saved article: 12.38 lakh tonnes paddy purchased from 1.54 lakh ryots so far, ₹1,129 crore paid - The Hindu from The Hindu
2026-05-03 03:31:00,580 - INFO - [The Hindu] Article: https://www.thehindu.com/news/national/uttar-pradesh/akhilesh-yadav-takes-jibe-on-uttar-pradesh-deputy-cms-duo-hit-back/article70932565.ece
2026-05-03 03:31:00,580 - INFO - [The Hindu] Attempt 1/1: Trying with 'selenium_browser' strategy...
2026-05-03 03:31:01,840 - INFO - [The Hindu] Page content loaded.
2026-05-03 03:31:01,908 - INFO - [The Hindu] Success with 'selenium_browser'. Found content (80 words).
2026-05-03 03:31:02,009 - INFO - Saved article: Akhilesh Yadav takes jibe on Uttar Pradesh Deputy CMs, duo hit back - The Hindu from The Hindu
2026-05-03 03:31:03,061 - INFO - [The Hindu] Article: https://www.thehindu.com/news/national/rajasthan/panel-visits-rajasthan-town-for-probe-into-clash-between-bjp-mla-officials/article70932400.ece
2026-05-03 03:31:03,062 - INFO - [The Hindu] Attempt 1/1: Trying with 'selenium_browser' strategy...
2026-05-03 03:31:04,613 - ERROR - [Times of India] Request failed for strategy 'selenium_browser' on URL https://timesofindia.indiatimes.com/business/international-business/chinese-court-rules-firms-cant-lay-off-workers-on-ai-grounds/articleshow/130726519.cms: Message: timeout: Timed out receiving message from renderer: 59.955
  (Session info: chrome=147.0.7727.55)
Stacktrace:
#0 0x56027f17fb6a <unknown>
#1 0x56027eb81265 <unknown>
#2 0x56027eb68b1b <unknown>
#3 0x56027eb68804 <unknown>
#4 0x56027eb6654b <unknown>
#5 0x56027eb66ecf <unknown>
#6 0x56027eb75e90 <unknown>
#7 0x56027eb8fc67 <unknown>
#8 0x56027eb9679b <unknown>
#9 0x56027eb6761f <unknown>
#10 0x56027eb8f9fd <unknown>
#11 0x56027ec1cc7d <unknown>
#12 0x56027ebc75cf <unknown>
#13 0x56027ebc8391 <unknown>
#14 0x56027f14504b <unknown>
#15 0x56027f14800d <unknown>
#16 0x56027f131808 <unknown>
#17 0x56027f148ba0 <unknown>
#18 0x56027f118280 <unknown>
#19 0x56027f16cdb8 <unknown>
#20 0x56027f16cf88 <unknown>
#21 0x56027f17e5de <unknown>
#22 0x7fa17609caa4 <unknown>
#23 0x7fa176129c6c <unknown>

2026-05-03 03:31:04,616 - ERROR - [Times of India] All scrape strategies failed for https://timesofindia.indiatimes.com/business/international-business/chinese-court-rules-firms-cant-lay-off-workers-on-ai-grounds/articleshow/130726519.cms. Falling back to RSS description.
2026-05-03 03:31:04,625 - INFO - Saved article: Chinese court rules firms can't lay off workers on AI grounds from Times of India
2026-05-03 03:31:04,659 - INFO - [The Hindu] Page content loaded.
2026-05-03 03:31:04,835 - INFO - [The Hindu] Success with 'selenium_browser'. Found content (101 words).
2026-05-03 03:31:04,956 - INFO - Saved article: Panel visits Rajasthan town for probe into clash between BJP MLA, officials - The Hindu from The Hindu
2026-05-03 03:31:05,656 - INFO - [Times of India] Article: https://timesofindia.indiatimes.com/business/international-business/adam-back-again-denies-he-is-satoshi-bitcoins-inventor/articleshow/130726502.cms
2026-05-03 03:31:05,656 - INFO - [Times of India] Attempt 1/1: Trying with 'selenium_browser' strategy...
2026-05-03 03:31:05,806 - INFO - [The Hindu] Article: https://www.thehindu.com/news/national/rahul-gandhi-cites-gujarat-bjp-chiefs-indecent-remarks-against-geniben-thakor/article70933018.ece
2026-05-03 03:31:05,806 - INFO - [The Hindu] Attempt 1/1: Trying with 'selenium_browser' strategy...
2026-05-03 03:31:10,240 - INFO - [The Hindu] Page content loaded.
2026-05-03 03:31:10,408 - WARNING - [The Hindu] FAILED with 'selenium_browser' (content was too short: 74 words).
2026-05-03 03:31:10,408 - ERROR - [The Hindu] All scrape strategies failed for https://www.thehindu.com/news/national/rahul-gandhi-cites-gujarat-bjp-chiefs-indecent-remarks-against-geniben-thakor/article70933018.ece. Falling back to RSS description.
2026-05-03 03:31:10,412 - INFO - Saved article: Rahul Gandhi cites Gujarat BJP chief’s ‘indecent remarks’ against Geniben Thakor from The Hindu
2026-05-03 03:31:11,302 - INFO - [Times of India] Page content loaded.
2026-05-03 03:31:11,880 - INFO - [The Hindu] Article: https://www.thehindu.com/news/national/delhi-court-rejects-bail-plea-of-al-falah-university-chairman-in-money-laundering-case/article70933115.ece
2026-05-03 03:31:11,880 - INFO - [The Hindu] Attempt 1/1: Trying with 'selenium_browser' strategy...
2026-05-03 03:31:13,735 - INFO - [Times of India] Success with 'selenium_browser'. Found content (440 words).
2026-05-03 03:31:13,849 - INFO - Saved article: Adam Back again denies he is Satoshi, Bitcoin’s inventor - The Times of India from Times of India
2026-05-03 03:31:14,203 - INFO - [The Hindu] Page content loaded.
2026-05-03 03:31:14,390 - WARNING - [The Hindu] FAILED with 'selenium_browser' (content was too short: 58 words).
2026-05-03 03:31:14,391 - ERROR - [The Hindu] All scrape strategies failed for https://www.thehindu.com/news/national/delhi-court-rejects-bail-plea-of-al-falah-university-chairman-in-money-laundering-case/article70933115.ece. Falling back to RSS description.
2026-05-03 03:31:14,394 - INFO - Saved article: Delhi court rejects bail plea of Al Falah University chairman in money laundering case from The Hindu
2026-05-03 03:31:15,085 - INFO - [Times of India] Article: https://timesofindia.indiatimes.com/home/environment/timmy-the-stranded-whale-rescued-returned-to-north-sea/articleshow/130726447.cms
2026-05-03 03:31:15,085 - INFO - [Times of India] Attempt 1/1: Trying with 'selenium_browser' strategy...
2026-05-03 03:31:15,511 - INFO - [The Hindu] Article: https://www.thehindu.com/news/national/kerala/ernakulam-sees-heavy-inflow-of-suspected-mdma/article70932783.ece
2026-05-03 03:31:15,511 - INFO - [The Hindu] Attempt 1/1: Trying with 'selenium_browser' strategy...
2026-05-03 03:31:18,279 - INFO - [The Hindu] Page content loaded.
2026-05-03 03:31:18,841 - INFO - [The Hindu] Success with 'selenium_browser'. Found content (183 words).
2026-05-03 03:31:18,992 - INFO - Saved article: Ernakulam sees heavy inflow of suspected synthetic drugs - The Hindu from The Hindu
2026-05-03 03:31:20,383 - INFO - [The Hindu] Article: https://www.thehindu.com/news/national/karnataka/admission-restrictions-for-mlac-degree-courses-due-to-non-renewal-of-land-lease/article70869768.ece
2026-05-03 03:31:20,383 - INFO - [The Hindu] Attempt 1/1: Trying with 'selenium_browser' strategy...
2026-05-03 03:31:23,422 - INFO - [The Hindu] Page content loaded.
2026-05-03 03:31:23,670 - WARNING - [The Hindu] FAILED with 'selenium_browser' (content was too short: 59 words).
2026-05-03 03:31:23,670 - ERROR - [The Hindu] All scrape strategies failed for https://www.thehindu.com/news/national/karnataka/admission-restrictions-for-mlac-degree-courses-due-to-non-renewal-of-land-lease/article70869768.ece. Falling back to RSS description.
2026-05-03 03:31:23,678 - INFO - Saved article: Admission restrictions for MLAC degree courses due to non-renewal of land lease from The Hindu
2026-05-03 03:31:24,433 - INFO - [The Hindu] Article: https://www.thehindu.com/news/national/karnataka/choose-a-career-that-suits-your-interest-and-temperament-says-vijayapura-sp/article70931401.ece
2026-05-03 03:31:24,433 - INFO - [The Hindu] Attempt 1/1: Trying with 'selenium_browser' strategy...
2026-05-03 03:31:25,943 - INFO - [The Hindu] Page content loaded.
2026-05-03 03:31:26,216 - INFO - [The Hindu] Success with 'selenium_browser'. Found content (84 words).
2026-05-03 03:31:26,347 - INFO - Saved article: Choose a career that suits your interest and temperament, says Vijayapura SP - The Hindu from The Hindu
2026-05-03 03:31:26,938 - WARNING - [Times of India] Page timed out (10s). No <p> tags found. Proceeding anyway.
2026-05-03 03:31:26,987 - INFO - [The Hindu] Article: https://www.thehindu.com/news/national/karnataka/vijayapura-the-educationplus-career-counselling-fair-2026-turns-into-eye-opening-session/article70931510.ece
2026-05-03 03:31:26,987 - INFO - [The Hindu] Attempt 1/1: Trying with 'selenium_browser' strategy...
2026-05-03 03:31:27,273 - INFO - [Times of India] Success with 'selenium_browser'. Found content (398 words).
2026-05-03 03:31:27,493 - INFO - Saved article: 'Timmy' the stranded whale rescued, returned to North Sea - The Times of India from Times of India
2026-05-03 03:31:28,173 - INFO - [Times of India] Article: https://timesofindia.indiatimes.com/world/us/indian-origin-meenu-batra-released-from-ice-custody-after-months-had-been-living-us-for-35-years/articleshow/130724170.cms
2026-05-03 03:31:28,173 - INFO - [Times of India] Attempt 1/1: Trying with 'selenium_browser' strategy...
2026-05-03 03:31:29,036 - INFO - [The Hindu] Page content loaded.
2026-05-03 03:31:29,515 - WARNING - [The Hindu] FAILED with 'selenium_browser' (content was too short: 73 words).
2026-05-03 03:31:29,515 - ERROR - [The Hindu] All scrape strategies failed for https://www.thehindu.com/news/national/karnataka/vijayapura-the-educationplus-career-counselling-fair-2026-turns-into-eye-opening-session/article70931510.ece. Falling back to RSS description.
2026-05-03 03:31:29,516 - INFO - Duplicate article skipped: Vijayapura: The Hindu EducationPlus Career Counselling 2026 turns into eye-opening session from The Hindu
2026-05-03 03:31:29,994 - INFO - [Times of India] Page content loaded.
2026-05-03 03:31:30,287 - INFO - [Times of India] Success with 'selenium_browser'. Found content (506 words).
2026-05-03 03:31:30,376 - INFO - [The Hindu] Article: https://www.thehindu.com/news/cities/chennai/in-a-first-nh-stretch-in-tn-get-red-markings-to-enhance-visibility/article70932855.ece
2026-05-03 03:31:30,376 - INFO - [The Hindu] Attempt 1/1: Trying with 'selenium_browser' strategy...
2026-05-03 03:31:30,541 - INFO - Saved article: Indian-origin Meenu Batra released from ICE custody after months; had been living US for 35 years - The Times of India from Times of India
2026-05-03 03:31:31,843 - INFO - [Times of India] Article: https://timesofindia.indiatimes.com/world/uk/woman-charged-after-killing-indian-origin-schoolgirl-in-london-car-crash-after-initially-being-dropped-of-all-charges/articleshow/130724098.cms
2026-05-03 03:31:31,844 - INFO - [Times of India] Attempt 1/1: Trying with 'selenium_browser' strategy...
2026-05-03 03:31:34,593 - INFO - [The Hindu] Page content loaded.
2026-05-03 03:31:34,980 - WARNING - [The Hindu] FAILED with 'selenium_browser' (content was too short: 78 words).
2026-05-03 03:31:34,980 - ERROR - [The Hindu] All scrape strategies failed for https://www.thehindu.com/news/cities/chennai/in-a-first-nh-stretch-in-tn-get-red-markings-to-enhance-visibility/article70932855.ece. Falling back to RSS description.
2026-05-03 03:31:34,983 - INFO - Saved article: In a first, NH stretch in T.N. get red markings to enhance visibility from The Hindu
2026-05-03 03:31:35,019 - INFO - [Times of India] Page content loaded.
2026-05-03 03:31:35,296 - INFO - [Times of India] Success with 'selenium_browser'. Found content (422 words).
2026-05-03 03:31:35,407 - INFO - Saved article: Woman charged after killing Indian-origin schoolgirl in London car crash after initially being dropped of all charges - The Times of India from Times of India
2026-05-03 03:31:35,934 - INFO - [Times of India] Article: https://timesofindia.indiatimes.com/world/rest-of-world/indian-origin-man-in-critical-condition-after-saving-sister-in-australia-restaurant-fire-70-per-cent-burns-all-over-his-body/articleshow/130724037.cms
2026-05-03 03:31:35,934 - INFO - [Times of India] Attempt 1/1: Trying with 'selenium_browser' strategy...
2026-05-03 03:31:36,184 - INFO - [The Hindu] Article: https://www.thehindu.com/news/national/tamil-nadu/vck-to-look-into-charge-of-weak-campaigning-in-some-constituencies/article70932770.ece
2026-05-03 03:31:36,184 - INFO - [The Hindu] Attempt 1/1: Trying with 'selenium_browser' strategy...
2026-05-03 03:31:37,887 - INFO - [The Hindu] Page content loaded.
2026-05-03 03:31:38,061 - INFO - [Times of India] Page content loaded.
2026-05-03 03:31:38,263 - INFO - [The Hindu] Success with 'selenium_browser'. Found content (86 words).
2026-05-03 03:31:38,506 - INFO - Saved article: VCK to look into charge of weak campaigning in some constituencies - The Hindu from The Hindu
2026-05-03 03:31:38,527 - INFO - [Times of India] Success with 'selenium_browser'. Found content (364 words).
2026-05-03 03:31:38,719 - INFO - Saved article: Indian-origin man in critical condition after saving sister in Australia restaurant fire: '70 per cent burns all over his body' - The Times of India from Times of India
2026-05-03 03:31:39,262 - INFO - [The Hindu] (Thread) Finished. Attempting to shut down its Selenium driver.
2026-05-03 03:31:39,308 - INFO - [Times of India] Article: https://timesofindia.indiatimes.com/world/us/green-card-holders-lied-four-foreigners-charged-in-new-jersey-for-illegally-voting-in-federal-election/articleshow/130722616.cms
2026-05-03 03:31:39,308 - INFO - [Times of India] Attempt 1/1: Trying with 'selenium_browser' strategy...
2026-05-03 03:31:39,542 - INFO - [The Hindu] (Thread) driver.quit() successful.
2026-05-03 03:31:40,918 - INFO - [Times of India] Page content loaded.
2026-05-03 03:31:41,083 - INFO - [Times of India] Success with 'selenium_browser'. Found content (343 words).
2026-05-03 03:31:41,177 - INFO - Saved article: 'Green card holders lied': Four foreigners charged in New Jersey for illegally voting in federal election - The Times of India from Times of India
2026-05-03 03:31:42,226 - INFO - [Times of India] Article: https://timesofindia.indiatimes.com/world/us/after-giving-away-billions-to-charity-mackenzie-scott-says-small-acts-of-kindness-matter/articleshow/130723619.cms
2026-05-03 03:31:42,226 - INFO - [Times of India] Attempt 1/1: Trying with 'selenium_browser' strategy...
2026-05-03 03:31:43,304 - INFO - [Times of India] Page content loaded.
2026-05-03 03:31:43,452 - INFO - [Times of India] Success with 'selenium_browser'. Found content (360 words).
2026-05-03 03:31:43,578 - INFO - Saved article: After giving away billions to charity, MacKenzie Scott says, ‘small acts of kindness matter’ | World News - The Times of India from Times of India
2026-05-03 03:31:44,225 - INFO - [Times of India] Article: https://timesofindia.indiatimes.com/world/us/row-erupts-over-viral-video-using-charlie-kirk-assassination-audio-for-fashion-transition-so-gross-no-empathy/articleshow/130719949.cms
2026-05-03 03:31:44,225 - INFO - [Times of India] Attempt 1/1: Trying with 'selenium_browser' strategy...
2026-05-03 03:31:45,236 - INFO - [Times of India] Page content loaded.
2026-05-03 03:31:45,560 - INFO - [Times of India] Success with 'selenium_browser'. Found content (392 words).
2026-05-03 03:31:45,618 - INFO - Saved article: Row erupts over viral video using Charlie Kirk assassination audio for fashion transition: 'So gross, no empathy' - The Times of India from Times of India
2026-05-03 03:31:46,207 - INFO - [Times of India] Article: https://timesofindia.indiatimes.com/world/us/chirayu-rana-used-legal-chatbot-for-advice-before-alleging-sexual-harassment-against-jpmorgan-executive-lorna-hajdini-do-i-have-a-valid-claim/articleshow/130718360.cms
2026-05-03 03:31:46,207 - INFO - [Times of India] Attempt 1/1: Trying with 'selenium_browser' strategy...
2026-05-03 03:31:46,970 - INFO - [Times of India] Page content loaded.
2026-05-03 03:31:47,184 - INFO - [Times of India] Success with 'selenium_browser'. Found content (625 words).
2026-05-03 03:31:47,258 - INFO - Saved article: Chirayu Rana used legal chatbot for advice before alleging sexual harassment against JPMorgan executive Lorna Hajdini: 'Do I have a valid claim?' - The Times of India from Times of India
2026-05-03 03:31:47,880 - INFO - [Times of India] Article: https://timesofindia.indiatimes.com/world/uk/quote-of-the-day-by-princess-diana-i-dont-go-by-a-rule-book-i-lead-from-the-heart-and-not-the-head-/articleshow/130719575.cms
2026-05-03 03:31:47,880 - INFO - [Times of India] Attempt 1/1: Trying with 'selenium_browser' strategy...
2026-05-03 03:31:49,055 - INFO - [Times of India] Page content loaded.
2026-05-03 03:31:49,233 - INFO - [Times of India] Success with 'selenium_browser'. Found content (1290 words).
2026-05-03 03:31:49,296 - INFO - Saved article: Quote of the day by Princess Diana: “I don’t go by a rule book … I lead from the heart and not the head.” | World News - The Times of India from Times of India
2026-05-03 03:31:50,600 - INFO - [Times of India] Article: https://timesofindia.indiatimes.com/world/us/roots-and-rupture-trump-withdraws-forces-from-land-of-his-forebears-after-clash-with-merz/articleshow/130718776.cms
2026-05-03 03:31:50,600 - INFO - [Times of India] Attempt 1/1: Trying with 'selenium_browser' strategy...
2026-05-03 03:31:51,810 - INFO - [Times of India] Page content loaded.
2026-05-03 03:31:51,957 - INFO - [Times of India] Success with 'selenium_browser'. Found content (730 words).
2026-05-03 03:31:52,036 - INFO - Saved article: Roots and Rupture: Trump withdraws forces from land of his forebears after clash with Merz - The Times of India from Times of India
2026-05-03 03:31:53,022 - INFO - [Times of India] Article: https://timesofindia.indiatimes.com/world/us/i-came-to-us-in-2016-on-f-1-visa-reddit-user-shares-personal-journey-to-300000-job-in-viral-post/articleshow/130716868.cms
2026-05-03 03:31:53,022 - INFO - [Times of India] Attempt 1/1: Trying with 'selenium_browser' strategy...
2026-05-03 03:31:54,283 - INFO - [Times of India] Page content loaded.
2026-05-03 03:31:54,433 - INFO - [Times of India] Success with 'selenium_browser'. Found content (376 words).
2026-05-03 03:31:54,570 - INFO - Saved article: 'I came to US in 2016 on F-1 visa…': Reddit user shares personal journey to $300,000 job in viral post - The Times of India from Times of India
2026-05-03 03:31:55,670 - INFO - [Times of India] Article: https://timesofindia.indiatimes.com/world/rest-of-world/indian-origin-student-in-australia-in-disbelief-after-being-rejected-for-a-cashier-job-ive-done-a-three-year-degree-/articleshow/130715625.cms
2026-05-03 03:31:55,671 - INFO - [Times of India] Attempt 1/1: Trying with 'selenium_browser' strategy...
2026-05-03 03:31:57,141 - INFO - [Times of India] Page content loaded.
2026-05-03 03:31:57,294 - INFO - [Times of India] Success with 'selenium_browser'. Found content (301 words).
2026-05-03 03:31:57,405 - INFO - Duplicate article skipped: Indian-origin student in Australia in disbelief after being rejected for a cashier job: 'I’ve done a three-year degree...' - The Times of India from Times of India
2026-05-03 03:31:58,194 - INFO - [Times of India] Article: https://timesofindia.indiatimes.com/business/international-business/the-parmigiano-vault-how-italys-cheese-banks-power-a-4-billion-euro-industry/articleshow/130715514.cms
2026-05-03 03:31:58,194 - INFO - [Times of India] Attempt 1/1: Trying with 'selenium_browser' strategy...
2026-05-03 03:31:58,988 - INFO - [Times of India] Page content loaded.
2026-05-03 03:31:59,210 - INFO - [Times of India] Success with 'selenium_browser'. Found content (789 words).
2026-05-03 03:31:59,307 - INFO - Duplicate article skipped: The Parmigiano vault: How Italy’s ‘cheese banks’ power a 4 billion euro industry - The Times of India from Times of India
2026-05-03 03:32:00,314 - INFO - [Times of India] Article: https://timesofindia.indiatimes.com/world/uk/woman-70-jailed-for-life-for-killing-sister-and-stealing-rolex-watch-in-north-london/articleshow/130714147.cms
2026-05-03 03:32:00,314 - INFO - [Times of India] Attempt 1/1: Trying with 'selenium_browser' strategy...
2026-05-03 03:32:01,652 - INFO - [Times of India] Page content loaded.
2026-05-03 03:32:01,736 - INFO - [Times of India] Success with 'selenium_browser'. Found content (380 words).
2026-05-03 03:32:01,795 - INFO - Duplicate article skipped: Woman, 70, jailed for life for killing sister and stealing Rolex watch in North London | World News - The Times of India from Times of India
2026-05-03 03:32:03,158 - INFO - [Times of India] Article: https://timesofindia.indiatimes.com/defence/international/israel-sends-uae-laser-weapon-called-iron-beam-what-it-means-in-face-of-iranian-drones-and-why-is-it-important/articleshow/130709133.cms
2026-05-03 03:32:03,158 - INFO - [Times of India] Attempt 1/1: Trying with 'selenium_browser' strategy...
2026-05-03 03:32:04,029 - INFO - [Times of India] Page content loaded.
2026-05-03 03:32:04,063 - INFO - [Times of India] Success with 'selenium_browser'. Found content (561 words).
2026-05-03 03:32:04,082 - INFO - Duplicate article skipped: Israel sends UAE laser weapon called ‘Iron Beam’ - What it means in face of Iranian drones and why is it important - The Times of India from Times of India
2026-05-03 03:32:05,114 - INFO - [Times of India] Article: https://timesofindia.indiatimes.com/world/uk/british-comedian-peter-kay-show-evacuated-mid-performance-as-suspicious-bag-prompts-birmingham-arena-alert/articleshow/130712643.cms
2026-05-03 03:32:05,114 - INFO - [Times of India] Attempt 1/1: Trying with 'selenium_browser' strategy...
2026-05-03 03:32:06,225 - INFO - [Times of India] Page content loaded.
2026-05-03 03:32:06,376 - INFO - [Times of India] Success with 'selenium_browser'. Found content (374 words).
2026-05-03 03:32:06,433 - INFO - Duplicate article skipped: British comedian Peter Kay show evacuated mid-performance as ‘suspicious bag’ prompts Birmingham arena alert | World News - The Times of India from Times of India
2026-05-03 03:32:07,888 - INFO - [Times of India] Article: https://timesofindia.indiatimes.com/world/us/worlds-massive-mississippi-river-shockingly-reversed-its-flow-during-hurricane-isaac-in-2012-in-the-united-states-scientists-explain-what-happened/articleshow/130712160.cms
2026-05-03 03:32:07,888 - INFO - [Times of India] Attempt 1/1: Trying with 'selenium_browser' strategy...
2026-05-03 03:32:08,676 - INFO - [Times of India] Page content loaded.
2026-05-03 03:32:08,909 - INFO - [Times of India] Success with 'selenium_browser'. Found content (783 words).
2026-05-03 03:32:08,996 - INFO - Duplicate article skipped: World’s massive Mississippi River shockingly reversed its flow during Hurricane Isaac in 2012 in the United States: Scientists explain what happened | World News - The Times of India from Times of India
2026-05-03 03:32:09,959 - INFO - [Times of India] Article: https://timesofindia.indiatimes.com/world/uk/2026-london-marathon-raises-87-5m-for-charity-sets-new-fundraising-world-record/articleshow/130711672.cms
2026-05-03 03:32:09,959 - INFO - [Times of India] Attempt 1/1: Trying with 'selenium_browser' strategy...
2026-05-03 03:32:10,962 - INFO - [Times of India] Page content loaded.
2026-05-03 03:32:11,109 - INFO - [Times of India] Success with 'selenium_browser'. Found content (246 words).
2026-05-03 03:32:11,221 - INFO - Duplicate article skipped: 2026 London Marathon raises £87.5m for charity, sets new fundraising world record | World News - The Times of India from Times of India
2026-05-03 03:32:12,544 - INFO - [Times of India] (Thread) Finished. Attempting to shut down its Selenium driver.
2026-05-03 03:32:12,743 - INFO - [Times of India] (Thread) driver.quit() successful.
2026-05-03 03:32:12,743 - INFO - Shutting down thread pool (wait=False)...
2026-05-03 03:32:12,743 - INFO - Scraped: 23 The Hindu, 8 BBC, 13 Times of India, 5 The Guardian articles. (Total saved: 49)
2026-05-03 03:32:12,743 - INFO - --- Scraping job finished ---
2026-05-03 03:32:12,748 - INFO - --- Scraper service stopped and database connection closed. ---
2026-05-03 03:32:12,748 - INFO - --- Main thread finished. Forcing process exit to kill zombie threads. ---
