2026-05-04 14:07:09,361 - INFO - Initializing database connection at: news_articles.db
2026-05-04 14:07:09,362 - INFO - --- Scraper service started (CI Mode: Run Once) ---
2026-05-04 14:07:09,362 - INFO - --- Starting new scraping job (Parallel Mode) ---
2026-05-04 14:07:09,362 - INFO - Creating new robust session with 3 retries on 5xx/connection/read errors.
2026-05-04 14:07:09,362 - INFO - Proxy is DISABLED.
2026-05-04 14:07:09,362 - INFO - Starting scrape for BBC RSS feed: http://feeds.bbci.co.uk/news/world/rss.xml
2026-05-04 14:07:09,363 - INFO - [Times of India] (Thread) requires Selenium. Initializing driver...
2026-05-04 14:07:09,363 - INFO - Initializing headless Selenium Chrome driver (using SeleniumManager)...
2026-05-04 14:07:09,363 - INFO - Starting scrape for The Guardian RSS feed: https://www.theguardian.com/world/rss
2026-05-04 14:07:09,363 - INFO - [The Hindu] (Thread) requires Selenium. Initializing driver...
2026-05-04 14:07:09,363 - INFO - Initializing headless Selenium Chrome driver (using SeleniumManager)...
2026-05-04 14:07:09,364 - INFO - Submitted 4 jobs to thread pool. Waiting up to 420s for completion...
2026-05-04 14:07:09,564 - INFO - Found 45 articles in The Guardian RSS feed. Processing up to 25.
2026-05-04 14:07:09,565 - INFO - [The Guardian] Article: https://www.theguardian.com/science/2026/may/04/cruise-ship-suspected-hantavirus-outbreak-blocked-docking-cape-verde
2026-05-04 14:07:09,565 - INFO - [The Guardian] Attempt 1/1: Trying with 'requests_browser' strategy...
2026-05-04 14:07:09,652 - INFO - [The Guardian] Success with 'requests_browser'. Found content (960 words).
2026-05-04 14:07:09,713 - INFO - Saved article: Cruise ship at centre of suspected hantavirus outbreak blocked from docking in Cape Verde | Infectious diseases | The Guardian from The Guardian
2026-05-04 14:07:10,050 - INFO - Found 39 articles in BBC RSS feed. Processing up to 25.
2026-05-04 14:07:10,050 - INFO - [BBC] Article: https://www.bbc.com/news/articles/cwy234llx3vo?at_medium=RSS&at_campaign=rss
2026-05-04 14:07:10,050 - INFO - [BBC] Attempt 1/1: Trying with 'requests_browser' strategy...
2026-05-04 14:07:10,265 - INFO - [BBC] Success with 'requests_browser'. Found content (501 words).
2026-05-04 14:07:10,330 - INFO - Saved article: Ukrainian drone hits upmarket Moscow high-rise ahead of Victory Day celebrations from BBC
2026-05-04 14:07:10,937 - INFO - [The Guardian] Article: https://www.theguardian.com/global-development/2026/may/04/kenya-ai-healthcare-reforms-driving-up-costs-for-poor
2026-05-04 14:07:10,937 - INFO - [The Guardian] Attempt 1/1: Trying with 'requests_browser' strategy...
2026-05-04 14:07:10,998 - INFO - [BBC] Article: https://www.bbc.com/news/articles/cy0294829ndo?at_medium=RSS&at_campaign=rss
2026-05-04 14:07:10,999 - INFO - [BBC] Attempt 1/1: Trying with 'requests_browser' strategy...
2026-05-04 14:07:11,061 - INFO - [BBC] Success with 'requests_browser'. Found content (1029 words).
2026-05-04 14:07:11,097 - INFO - Duplicate article skipped: Three dead in suspected virus outbreak on Atlantic cruise ship from BBC
2026-05-04 14:07:11,120 - INFO - [The Guardian] Success with 'requests_browser'. Found content (1437 words).
2026-05-04 14:07:11,155 - INFO - Saved article: Flaws in Kenya’s AI-driven health reforms driving up costs for the poorest | Global development | The Guardian from The Guardian
2026-05-04 14:07:12,034 - INFO - [BBC] Article: https://www.bbc.com/news/articles/c7941rgy4lyo?at_medium=RSS&at_campaign=rss
2026-05-04 14:07:12,034 - INFO - [BBC] Attempt 1/1: Trying with 'requests_browser' strategy...
2026-05-04 14:07:12,081 - INFO - [BBC] Success with 'requests_browser'. Found content (378 words).
2026-05-04 14:07:12,115 - INFO - Saved article: Rudy Giuliani in critical condition in hospital from BBC
2026-05-04 14:07:12,428 - INFO - [The Guardian] Article: https://www.theguardian.com/world/2026/may/03/three-passengers-dead-after-suspected-hantavirus-outbreak-on-cruise-ship
2026-05-04 14:07:12,428 - INFO - [The Guardian] Attempt 1/1: Trying with 'requests_browser' strategy...
2026-05-04 14:07:12,506 - INFO - [The Guardian] Success with 'requests_browser'. Found content (640 words).
2026-05-04 14:07:12,542 - INFO - Duplicate article skipped: Three passengers dead after suspected hantavirus outbreak on cruise ship | Cape Verde | The Guardian from The Guardian
2026-05-04 14:07:12,878 - INFO - [BBC] Article: https://www.bbc.com/news/articles/ce8pdvp5x5ro?at_medium=RSS&at_campaign=rss
2026-05-04 14:07:12,878 - INFO - [BBC] Attempt 1/1: Trying with 'requests_browser' strategy...
2026-05-04 14:07:12,939 - INFO - [BBC] Success with 'requests_browser'. Found content (1354 words).
2026-05-04 14:07:12,979 - INFO - Saved article: West Bengal: Modi's BJP conquers one of India's toughest political frontiers from BBC
2026-05-04 14:07:13,664 - INFO - [The Guardian] Article: https://www.theguardian.com/us-news/2026/may/03/service-members-missing-military-exercises-morocco
2026-05-04 14:07:13,664 - INFO - [The Guardian] Attempt 1/1: Trying with 'requests_browser' strategy...
2026-05-04 14:07:13,705 - INFO - [BBC] Article: https://www.bbc.com/news/articles/cgkp1124y3yo?at_medium=RSS&at_campaign=rss
2026-05-04 14:07:13,705 - INFO - [BBC] Attempt 1/1: Trying with 'requests_browser' strategy...
2026-05-04 14:07:13,741 - INFO - [The Guardian] Success with 'requests_browser'. Found content (218 words).
2026-05-04 14:07:13,770 - INFO - Duplicate article skipped: Two US service members missing after military exercises in Morocco | US military | The Guardian from The Guardian
2026-05-04 14:07:13,787 - INFO - [BBC] Success with 'requests_browser'. Found content (966 words).
2026-05-04 14:07:13,825 - INFO - Saved article: European leaders converge on Armenia as Russia looks on from BBC
2026-05-04 14:07:14,589 - INFO - [BBC] Article: https://www.bbc.com/news/articles/c1m2rk209mzo?at_medium=RSS&at_campaign=rss
2026-05-04 14:07:14,589 - INFO - [BBC] Attempt 1/1: Trying with 'requests_browser' strategy...
2026-05-04 14:07:14,638 - INFO - [BBC] Success with 'requests_browser'. Found content (492 words).
2026-05-04 14:07:14,667 - INFO - Saved article: Antisemitism 'allowed to come into the open' says Bondi victim's daughter from BBC
2026-05-04 14:07:14,779 - INFO - [The Guardian] Article: https://www.theguardian.com/global-development/2026/may/02/zambia-cancels-rightscon-summit-largest-human-rights-technology-conference
2026-05-04 14:07:14,779 - INFO - [The Guardian] Attempt 1/1: Trying with 'requests_browser' strategy...
2026-05-04 14:07:14,968 - INFO - [The Guardian] Success with 'requests_browser'. Found content (889 words).
2026-05-04 14:07:14,997 - INFO - Duplicate article skipped: Zambia cancels world’s largest human rights and tech summit days before start | Global development | The Guardian from The Guardian
2026-05-04 14:07:15,517 - INFO - [BBC] Article: https://www.bbc.com/sport/football/articles/cx216122kv1o?at_medium=RSS&at_campaign=rss
2026-05-04 14:07:15,517 - INFO - [BBC] Attempt 1/1: Trying with 'requests_browser' strategy...
2026-05-04 14:07:15,565 - INFO - [BBC] Success with 'requests_browser'. Found content (276 words).
2026-05-04 14:07:15,596 - INFO - Saved article: North Korean side to make rare trip to South Korea - BBC Sport from BBC
2026-05-04 14:07:15,764 - INFO - [The Guardian] Article: https://www.theguardian.com/world/2026/may/03/canada-first-non-european-nation-epc-summit-mark-carney-allies-trump
2026-05-04 14:07:15,764 - INFO - [The Guardian] Attempt 1/1: Trying with 'requests_browser' strategy...
2026-05-04 14:07:15,961 - INFO - [The Guardian] Success with 'requests_browser'. Found content (732 words).
2026-05-04 14:07:16,000 - INFO - Duplicate article skipped: Canada to be first non-European nation at EPC summit as Carney seeks allies | Canada | The Guardian from The Guardian
2026-05-04 14:07:16,693 - INFO - [BBC] Article: https://www.bbc.com/news/articles/clyp41v1n1go?at_medium=RSS&at_campaign=rss
2026-05-04 14:07:16,694 - INFO - [BBC] Attempt 1/1: Trying with 'requests_browser' strategy...
2026-05-04 14:07:16,755 - INFO - [BBC] Success with 'requests_browser'. Found content (466 words).
2026-05-04 14:07:16,848 - INFO - Duplicate article skipped: Russian strikes kill 10 as Zelensky says Ukraine hits oil tankers from BBC
2026-05-04 14:07:17,410 - INFO - Selenium driver initialized successfully.
2026-05-04 14:07:17,410 - INFO - Starting scrape for Times of India RSS feed: https://timesofindia.indiatimes.com/rssfeeds/296589292.cms
2026-05-04 14:07:17,410 - INFO - Selenium driver initialized successfully.
2026-05-04 14:07:17,410 - INFO - Starting scrape for The Hindu RSS feed: https://www.thehindu.com/news/national/feeder/default.rss
2026-05-04 14:07:17,441 - INFO - [The Guardian] Article: https://www.theguardian.com/science/2026/may/02/germany-brazil-irritator-dinosaur-skull-restitution
2026-05-04 14:07:17,442 - INFO - [The Guardian] Attempt 1/1: Trying with 'requests_browser' strategy...
2026-05-04 14:07:17,516 - INFO - [The Guardian] Success with 'requests_browser'. Found content (872 words).
2026-05-04 14:07:17,550 - INFO - Duplicate article skipped: German museum to return rare Irritator dinosaur skull to Brazil | Dinosaurs | The Guardian from The Guardian
2026-05-04 14:07:17,602 - INFO - Found 60 articles in The Hindu RSS feed. Processing up to 25.
2026-05-04 14:07:17,602 - INFO - [The Hindu] Article: https://www.thehindu.com/elections/pm-modi-on-bjp-victory-in-bengal-assam-election-result-2026/article70939101.ece
2026-05-04 14:07:17,602 - INFO - [The Hindu] Attempt 1/1: Trying with 'selenium_browser' strategy...
2026-05-04 14:07:17,641 - INFO - Found 20 articles in Times of India RSS feed. Processing up to 25.
2026-05-04 14:07:17,642 - INFO - [Times of India] Article: https://timesofindia.indiatimes.com/world/us/jeff-bezos-secretly-selling-500-million-superyacht-that-has-sculpture-of-lauren-sanchez-as-mermaid-because-/articleshow/130800778.cms
2026-05-04 14:07:17,642 - INFO - [Times of India] Attempt 1/1: Trying with 'selenium_browser' strategy...
2026-05-04 14:07:17,646 - INFO - [BBC] Article: https://www.bbc.com/news/articles/c0q20xzwppdo?at_medium=RSS&at_campaign=rss
2026-05-04 14:07:17,646 - INFO - [BBC] Attempt 1/1: Trying with 'requests_browser' strategy...
2026-05-04 14:07:17,706 - INFO - [BBC] Success with 'requests_browser'. Found content (654 words).
2026-05-04 14:07:17,743 - INFO - Saved article: Peter Obi and Rabiu Kwankwaso quit ADC and join NDC in major Nigerian political shake-up from BBC
2026-05-04 14:07:18,654 - INFO - [The Guardian] Article: https://www.theguardian.com/world/2026/may/02/cuba-trump-new-sanctions-economy
2026-05-04 14:07:18,654 - INFO - [The Guardian] Attempt 1/1: Trying with 'requests_browser' strategy...
2026-05-04 14:07:18,740 - INFO - [The Guardian] Success with 'requests_browser'. Found content (518 words).
2026-05-04 14:07:18,797 - INFO - Duplicate article skipped: Cuba says Trump’s fresh sanctions on its economy amount to ‘collective punishment’ | Cuba | The Guardian from The Guardian
2026-05-04 14:07:18,849 - INFO - [BBC] Article: https://www.bbc.com/news/articles/cz92gk18xn4o?at_medium=RSS&at_campaign=rss
2026-05-04 14:07:18,849 - INFO - [BBC] Attempt 1/1: Trying with 'requests_browser' strategy...
2026-05-04 14:07:18,938 - INFO - [BBC] Success with 'requests_browser'. Found content (391 words).
2026-05-04 14:07:19,036 - INFO - Duplicate article skipped: South African police officer lowered into crocodile-infested river to recover human remains from BBC
2026-05-04 14:07:19,691 - INFO - [BBC] Article: https://www.bbc.com/news/articles/c9wejdekpwyo?at_medium=RSS&at_campaign=rss
2026-05-04 14:07:19,691 - INFO - [BBC] Attempt 1/1: Trying with 'requests_browser' strategy...
2026-05-04 14:07:19,872 - INFO - [BBC] Success with 'requests_browser'. Found content (1098 words).
2026-05-04 14:07:19,936 - INFO - [The Guardian] Article: https://www.theguardian.com/us-news/2026/may/01/pope-former-undocumented-immigrant-bishop-west-virginia
2026-05-04 14:07:19,936 - INFO - [The Guardian] Attempt 1/1: Trying with 'requests_browser' strategy...
2026-05-04 14:07:20,102 - INFO - Saved article: Amsterdam bans public adverts for meat and fossil fuels from BBC
2026-05-04 14:07:20,128 - INFO - [The Guardian] Success with 'requests_browser'. Found content (465 words).
2026-05-04 14:07:20,379 - INFO - Duplicate article skipped: Pope appoints former undocumented immigrant as bishop of West Virginia | West Virginia | The Guardian from The Guardian
2026-05-04 14:07:21,368 - INFO - [The Guardian] Article: https://www.theguardian.com/environment/2026/may/01/could-key-climate-talks-mark-ground-zero-in-global-push-to-ditch-fossil-fuels
2026-05-04 14:07:21,368 - INFO - [The Guardian] Attempt 1/1: Trying with 'requests_browser' strategy...
2026-05-04 14:07:21,531 - INFO - [BBC] Article: https://www.bbc.com/news/articles/cewpx5yvwyxo?at_medium=RSS&at_campaign=rss
2026-05-04 14:07:21,531 - INFO - [BBC] Attempt 1/1: Trying with 'requests_browser' strategy...
2026-05-04 14:07:21,754 - INFO - [BBC] Success with 'requests_browser'. Found content (803 words).
2026-05-04 14:07:21,772 - INFO - [The Guardian] Success with 'requests_browser'. Found content (1611 words).
2026-05-04 14:07:22,105 - INFO - Duplicate article skipped: Germany troop cuts send wrong signal to Russia, say two top US Republicans from BBC
2026-05-04 14:07:22,148 - INFO - Duplicate article skipped: Could Santa Marta climate talks mark ground zero in push to ditch fossil fuels? | Global climate talks | The Guardian from The Guardian
2026-05-04 14:07:23,049 - INFO - [BBC] Article: https://www.bbc.com/news/articles/cgjp7vpee03o?at_medium=RSS&at_campaign=rss
2026-05-04 14:07:23,049 - INFO - [BBC] Attempt 1/1: Trying with 'requests_browser' strategy...
2026-05-04 14:07:23,240 - INFO - [The Guardian] Article: https://www.theguardian.com/world/2026/may/04/japan-sees-largest-protest-in-support-of-pacifist-constitution-as-pm-takaichi-pushes-revisions
2026-05-04 14:07:23,240 - INFO - [The Guardian] Attempt 1/1: Trying with 'requests_browser' strategy...
2026-05-04 14:07:23,481 - INFO - [BBC] Success with 'requests_browser'. Found content (2422 words).
2026-05-04 14:07:23,685 - INFO - [The Guardian] Success with 'requests_browser'. Found content (745 words).
2026-05-04 14:07:24,097 - INFO - Saved article: Japan sees largest protest in support of pacifist constitution as PM Takaichi pushes revisions | Japan | The Guardian from The Guardian
2026-05-04 14:07:24,098 - INFO - Duplicate article skipped: The Iran war has strengthened Ukraine. Could a ceasefire with Russia be closer? from BBC
2026-05-04 14:07:24,741 - INFO - [The Guardian] Article: https://www.theguardian.com/world/2026/may/04/rare-comet-new-zealand
2026-05-04 14:07:24,742 - INFO - [The Guardian] Attempt 1/1: Trying with 'requests_browser' strategy...
2026-05-04 14:07:24,994 - INFO - [BBC] Article: https://www.bbc.com/news/articles/c362pd8epw9o?at_medium=RSS&at_campaign=rss
2026-05-04 14:07:24,995 - INFO - [BBC] Attempt 1/1: Trying with 'requests_browser' strategy...
2026-05-04 14:07:24,990 - INFO - [The Guardian] Success with 'requests_browser'. Found content (341 words).
2026-05-04 14:07:25,328 - INFO - [BBC] Success with 'requests_browser'. Found content (606 words).
2026-05-04 14:07:25,690 - INFO - Saved article: Rare comet to flash through New Zealand skies – before it disappears for 170,000 years | New Zealand | The Guardian from The Guardian
2026-05-04 14:07:25,691 - INFO - Duplicate article skipped: Concern for jailed Iranian Nobel laureate Narges Mohammadi as brother fears she is dying from BBC
2026-05-04 14:07:26,601 - INFO - [BBC] Article: https://www.bbc.com/news/articles/cvgzk91leweo?at_medium=RSS&at_campaign=rss
2026-05-04 14:07:26,602 - INFO - [BBC] Attempt 1/1: Trying with 'requests_browser' strategy...
2026-05-04 14:07:26,881 - INFO - [BBC] Success with 'requests_browser'. Found content (1361 words).
2026-05-04 14:07:27,069 - INFO - Duplicate article skipped: Smuggling Starlink tech into Iran to beat the internet blackout from BBC
2026-05-04 14:07:27,198 - INFO - [The Guardian] Article: https://www.theguardian.com/environment/2026/may/01/weather-tracker-tornadoes-and-giant-hail-in-central-us
2026-05-04 14:07:27,198 - INFO - [The Guardian] Attempt 1/1: Trying with 'requests_browser' strategy...
2026-05-04 14:07:27,359 - INFO - [The Guardian] Success with 'requests_browser'. Found content (378 words).
2026-05-04 14:07:27,619 - INFO - Duplicate article skipped: Weather tracker: Tornadoes and giant hail in central US | US weather | The Guardian from The Guardian
2026-05-04 14:07:27,828 - INFO - [BBC] Article: https://www.bbc.com/news/articles/cn7prznmllko?at_medium=RSS&at_campaign=rss
2026-05-04 14:07:27,828 - INFO - [BBC] Attempt 1/1: Trying with 'requests_browser' strategy...
2026-05-04 14:07:27,939 - INFO - [BBC] Success with 'requests_browser'. Found content (277 words).
2026-05-04 14:07:28,180 - INFO - Duplicate article skipped: Two US service members reported missing in Morocco, officials say from BBC
2026-05-04 14:07:28,678 - INFO - [The Guardian] Article: https://www.theguardian.com/world/2026/apr/30/jailed-hong-kong-pro-democracy-activist-jimmy-lai-wins-freedom-of-speech-award-in-germany
2026-05-04 14:07:28,678 - INFO - [The Guardian] Attempt 1/1: Trying with 'requests_browser' strategy...
2026-05-04 14:07:29,076 - INFO - [BBC] Article: https://www.bbc.com/news/articles/cy92qennznjo?at_medium=RSS&at_campaign=rss
2026-05-04 14:07:29,076 - INFO - [BBC] Attempt 1/1: Trying with 'requests_browser' strategy...
2026-05-04 14:07:29,347 - INFO - [The Guardian] Success with 'requests_browser'. Found content (393 words).
2026-05-04 14:07:29,406 - INFO - [BBC] Success with 'requests_browser'. Found content (633 words).
2026-05-04 14:07:29,841 - INFO - Duplicate article skipped: Jailed Hong Kong pro-democracy activist Jimmy Lai wins free speech award in Germany | Jimmy Lai | The Guardian from The Guardian
2026-05-04 14:07:29,858 - INFO - Duplicate article skipped: Man charged over Australian Outback death of 5-year-old girl from BBC
2026-05-04 14:07:30,810 - INFO - [The Guardian] Article: https://www.theguardian.com/world/2026/apr/30/christchurch-gunman-shooter-mosque-attacker-appeal-fails-ntwnfb
2026-05-04 14:07:30,811 - INFO - [The Guardian] Attempt 1/1: Trying with 'requests_browser' strategy...
2026-05-04 14:07:30,970 - INFO - [BBC] Article: https://www.bbc.com/news/articles/c78q6e98878o?at_medium=RSS&at_campaign=rss
2026-05-04 14:07:30,970 - INFO - [BBC] Attempt 1/1: Trying with 'requests_browser' strategy...
2026-05-04 14:07:31,176 - INFO - [BBC] Success with 'requests_browser'. Found content (712 words).
2026-05-04 14:07:31,389 - INFO - Duplicate article skipped: Nigeria plans to repatriate nationals willing to leave South Africa over attacks from BBC
2026-05-04 14:07:31,390 - INFO - [The Guardian] Success with 'requests_browser'. Found content (646 words).
2026-05-04 14:07:31,443 - INFO - Duplicate article skipped: Christchurch gunman fails in bid to appeal against guilty pleas in New Zealand court | Christchurch shooting | The Guardian from The Guardian
2026-05-04 14:07:32,281 - INFO - [BBC] Article: https://www.bbc.com/news/articles/c202m54xp0mo?at_medium=RSS&at_campaign=rss
2026-05-04 14:07:32,282 - INFO - [BBC] Attempt 1/1: Trying with 'requests_browser' strategy...
2026-05-04 14:07:32,399 - INFO - [BBC] Success with 'requests_browser'. Found content (959 words).
2026-05-04 14:07:32,407 - INFO - [The Guardian] Article: https://www.theguardian.com/australia-news/2026/may/05/nsw-to-criminalise-secret-gps-tracking-after-report-highlighting-number-of-devices-bought-by-dv-offenders
2026-05-04 14:07:32,413 - INFO - [The Guardian] Attempt 1/1: Trying with 'requests_browser' strategy...
2026-05-04 14:07:32,502 - INFO - Duplicate article skipped: 'If we sleep, they bite': Rats and weasels infest camps for displaced Gazans from BBC
2026-05-04 14:07:32,629 - INFO - [The Guardian] Success with 'requests_browser'. Found content (538 words).
2026-05-04 14:07:32,772 - INFO - Saved article: NSW to criminalise secret GPS tracking after report highlighting number of devices bought by DV offenders | New South Wales | The Guardian from The Guardian
2026-05-04 14:07:33,370 - INFO - [The Guardian] Article: https://www.theguardian.com/environment/2026/may/04/labor-extends-ev-tax-break-cheaper-vehicles-soaring-fuel-prices
2026-05-04 14:07:33,370 - INFO - [The Guardian] Attempt 1/1: Trying with 'requests_browser' strategy...
2026-05-04 14:07:33,547 - INFO - [The Guardian] Success with 'requests_browser'. Found content (560 words).
2026-05-04 14:07:33,629 - INFO - Saved article: Labor extends EV tax break to encourage cheaper vehicles amid soaring fuel prices | Electric vehicles | The Guardian from The Guardian
2026-05-04 14:07:33,878 - INFO - [BBC] Article: https://www.bbc.com/news/articles/cd7pn0zywggo?at_medium=RSS&at_campaign=rss
2026-05-04 14:07:33,878 - INFO - [BBC] Attempt 1/1: Trying with 'requests_browser' strategy...
2026-05-04 14:07:34,008 - INFO - [BBC] Success with 'requests_browser'. Found content (642 words).
2026-05-04 14:07:34,212 - INFO - Duplicate article skipped: Thirteen killed in Israeli strikes on southern Lebanon, health ministry says from BBC
2026-05-04 14:07:34,705 - INFO - [The Guardian] Article: https://www.theguardian.com/society/2026/may/04/coalition-big-tobacco-lobbyists-closed-session-parliament
2026-05-04 14:07:34,706 - INFO - [The Guardian] Attempt 1/1: Trying with 'requests_browser' strategy...
2026-05-04 14:07:34,867 - INFO - [The Guardian] Success with 'requests_browser'. Found content (675 words).
2026-05-04 14:07:35,214 - INFO - Saved article: Coalition accused of secretly giving big tobacco lobbyists private platform in parliament | Smoking | The Guardian from The Guardian
2026-05-04 14:07:35,667 - INFO - [BBC] Article: https://www.bbc.com/news/articles/cpwprl0v2npo?at_medium=RSS&at_campaign=rss
2026-05-04 14:07:35,667 - INFO - [BBC] Attempt 1/1: Trying with 'requests_browser' strategy...
2026-05-04 14:07:35,789 - INFO - [BBC] Success with 'requests_browser'. Found content (419 words).
2026-05-04 14:07:35,892 - INFO - Duplicate article skipped: Oil tanker hijacked off coast of Yemen and taken towards Somalia from BBC
2026-05-04 14:07:36,425 - INFO - [The Guardian] Article: https://www.theguardian.com/australia-news/2026/may/04/queensland-government-ministerial-integrity-alleged-affair-mander-camm
2026-05-04 14:07:36,426 - INFO - [The Guardian] Attempt 1/1: Trying with 'requests_browser' strategy...
2026-05-04 14:07:36,584 - INFO - [The Guardian] Success with 'requests_browser'. Found content (604 words).
2026-05-04 14:07:36,665 - INFO - Saved article: Queensland government in ‘integrity crisis’ over alleged undisclosed affair between two ministers, opposition says | Queensland politics | The Guardian from The Guardian
2026-05-04 14:07:36,843 - INFO - [BBC] Article: https://www.bbc.com/news/articles/c2k20z5yj3wo?at_medium=RSS&at_campaign=rss
2026-05-04 14:07:36,844 - INFO - [BBC] Attempt 1/1: Trying with 'requests_browser' strategy...
2026-05-04 14:07:36,975 - INFO - [BBC] Success with 'requests_browser'. Found content (722 words).
2026-05-04 14:07:37,068 - INFO - Duplicate article skipped: US Supreme Court asked to restore abortion pill access from BBC
2026-05-04 14:07:37,469 - INFO - [The Guardian] Article: https://www.theguardian.com/australia-news/live/2026/may/04/australia-news-live-jim-chalmers-budget-inflation-labor-cost-of-living-interest-rates-bondi-shooting-royal-commission-antisemitism-ntwnfb
2026-05-04 14:07:37,469 - INFO - [The Guardian] Attempt 1/1: Trying with 'requests_browser' strategy...
2026-05-04 14:07:37,653 - INFO - [BBC] Article: https://www.bbc.com/news/articles/cwy21n1970vo?at_medium=RSS&at_campaign=rss
2026-05-04 14:07:37,653 - INFO - [BBC] Attempt 1/1: Trying with 'requests_browser' strategy...
2026-05-04 14:07:37,859 - INFO - [BBC] Success with 'requests_browser'. Found content (413 words).
2026-05-04 14:07:37,989 - INFO - Duplicate article skipped: Cuba condemns new US sanctions as 'illegal' and 'abusive' from BBC
2026-05-04 14:07:38,360 - INFO - [The Guardian] Success with 'requests_browser'. Found content (2170 words).
2026-05-04 14:07:38,554 - INFO - Duplicate article skipped: Australia and Japan commit to ‘support the flow’ of energy – as it happened | Australia news | The Guardian from The Guardian
2026-05-04 14:07:39,113 - INFO - [BBC] Article: https://www.bbc.com/news/articles/c4g4xexy4w7o?at_medium=RSS&at_campaign=rss
2026-05-04 14:07:39,113 - INFO - [BBC] Attempt 1/1: Trying with 'requests_browser' strategy...
2026-05-04 14:07:39,297 - INFO - [BBC] Success with 'requests_browser'. Found content (859 words).
2026-05-04 14:07:39,445 - INFO - Duplicate article skipped: Trump tells Congress ceasefire means he does not need their approval for Iran war from BBC
2026-05-04 14:07:39,759 - INFO - [The Guardian] Article: https://www.theguardian.com/world/2026/may/04/europe-must-face-up-to-tensions-with-trump-keir-starmer-says
2026-05-04 14:07:39,760 - INFO - [The Guardian] Attempt 1/1: Trying with 'requests_browser' strategy...
2026-05-04 14:07:40,284 - INFO - [The Guardian] Success with 'requests_browser'. Found content (563 words).
2026-05-04 14:07:40,369 - INFO - Saved article: Europe must face up to ‘tensions’ with Trump, Keir Starmer says | European Political Community | The Guardian from The Guardian
2026-05-04 14:07:40,876 - INFO - [BBC] Article: https://www.bbc.com/news/articles/cm2pmk0r3pjo?at_medium=RSS&at_campaign=rss
2026-05-04 14:07:40,877 - INFO - [BBC] Attempt 1/1: Trying with 'requests_browser' strategy...
2026-05-04 14:07:41,052 - INFO - [BBC] Success with 'requests_browser'. Found content (996 words).
2026-05-04 14:07:41,167 - INFO - Duplicate article skipped: Who shot a Secret Service officer at the Trump press dinner? from BBC
2026-05-04 14:07:41,266 - INFO - [The Guardian] Article: https://www.theguardian.com/world/2026/may/04/france-jean-luc-melenchon-president-bid-2027
2026-05-04 14:07:41,266 - INFO - [The Guardian] Attempt 1/1: Trying with 'requests_browser' strategy...
2026-05-04 14:07:41,526 - INFO - [The Guardian] Success with 'requests_browser'. Found content (596 words).
2026-05-04 14:07:41,603 - INFO - Saved article: France’s Jean-Luc Mélenchon announces 2027 presidential bid | France | The Guardian from The Guardian
2026-05-04 14:07:42,180 - INFO - [The Guardian] Article: https://www.theguardian.com/world/2026/may/04/europe-can-rebuild-rules-based-international-order-says-mark-carney
2026-05-04 14:07:42,180 - INFO - [The Guardian] Attempt 1/1: Trying with 'requests_browser' strategy...
2026-05-04 14:07:42,401 - INFO - [The Guardian] Success with 'requests_browser'. Found content (723 words).
2026-05-04 14:07:42,485 - INFO - Saved article: Europe will not submit to an ‘insular and brutal world’, says Carney | European Political Community | The Guardian from The Guardian
2026-05-04 14:07:43,196 - INFO - [The Guardian] Article: https://www.theguardian.com/world/2026/may/04/eu-closer-ties-armenia-counter-russian-interference
2026-05-04 14:07:43,196 - INFO - [The Guardian] Attempt 1/1: Trying with 'requests_browser' strategy...
2026-05-04 14:07:43,307 - INFO - [The Guardian] Success with 'requests_browser'. Found content (592 words).
2026-05-04 14:07:43,391 - INFO - Saved article: EU forging closer ties with Armenia as it sends experts to help counter Russian interference | Armenia | The Guardian from The Guardian
2026-05-04 14:07:43,909 - INFO - [The Guardian] Article: https://www.theguardian.com/artanddesign/2026/may/04/the-last-resident-of-casa-mila-on-life-in-gaudis-masterwork
2026-05-04 14:07:43,910 - INFO - [The Guardian] Attempt 1/1: Trying with 'requests_browser' strategy...
2026-05-04 14:07:44,018 - INFO - [The Guardian] Success with 'requests_browser'. Found content (854 words).
2026-05-04 14:07:44,286 - INFO - Saved article: ‘It’s a world heritage site, but it’s my home’: the last resident of Casa Milà on life in Gaudí’s masterwork | Antoni Gaudí | The Guardian from The Guardian
2026-05-04 14:08:17,629 - ERROR - [The Hindu] Request failed for strategy 'selenium_browser' on URL https://www.thehindu.com/elections/pm-modi-on-bjp-victory-in-bengal-assam-election-result-2026/article70939101.ece: Message: timeout: Timed out receiving message from renderer: 59.788
  (Session info: chrome=147.0.7727.55)
Stacktrace:
#0 0x55be5be5bb6a <unknown>
#1 0x55be5b85d265 <unknown>
#2 0x55be5b844b1b <unknown>
#3 0x55be5b844804 <unknown>
#4 0x55be5b84254b <unknown>
#5 0x55be5b842ecf <unknown>
#6 0x55be5b851e90 <unknown>
#7 0x55be5b86bc67 <unknown>
#8 0x55be5b87279b <unknown>
#9 0x55be5b84361f <unknown>
#10 0x55be5b86b9fd <unknown>
#11 0x55be5b8f8c7d <unknown>
#12 0x55be5b8a35cf <unknown>
#13 0x55be5b8a4391 <unknown>
#14 0x55be5be2104b <unknown>
#15 0x55be5be2400d <unknown>
#16 0x55be5be0d808 <unknown>
#17 0x55be5be24ba0 <unknown>
#18 0x55be5bdf4280 <unknown>
#19 0x55be5be48db8 <unknown>
#20 0x55be5be48f88 <unknown>
#21 0x55be5be5a5de <unknown>
#22 0x7fd8e3e9caa4 <unknown>
#23 0x7fd8e3f29c6c <unknown>

2026-05-04 14:08:17,629 - ERROR - [The Hindu] All scrape strategies failed for https://www.thehindu.com/elections/pm-modi-on-bjp-victory-in-bengal-assam-election-result-2026/article70939101.ece. Falling back to RSS description.
2026-05-04 14:08:17,634 - INFO - Saved article: People's power prevailed in Bengal; resounding mandate in Assam: PM Modi on election results from The Hindu
2026-05-04 14:08:17,686 - ERROR - [Times of India] Request failed for strategy 'selenium_browser' on URL https://timesofindia.indiatimes.com/world/us/jeff-bezos-secretly-selling-500-million-superyacht-that-has-sculpture-of-lauren-sanchez-as-mermaid-because-/articleshow/130800778.cms: Message: timeout: Timed out receiving message from renderer: 59.899
  (Session info: chrome=147.0.7727.55)
Stacktrace:
#0 0x55bb8ad90b6a <unknown>
#1 0x55bb8a792265 <unknown>
#2 0x55bb8a779b1b <unknown>
#3 0x55bb8a779804 <unknown>
#4 0x55bb8a77754b <unknown>
#5 0x55bb8a777ecf <unknown>
#6 0x55bb8a786e90 <unknown>
#7 0x55bb8a7a0c67 <unknown>
#8 0x55bb8a7a779b <unknown>
#9 0x55bb8a77861f <unknown>
#10 0x55bb8a7a09fd <unknown>
#11 0x55bb8a82dc7d <unknown>
#12 0x55bb8a7d85cf <unknown>
#13 0x55bb8a7d9391 <unknown>
#14 0x55bb8ad5604b <unknown>
#15 0x55bb8ad5900d <unknown>
#16 0x55bb8ad42808 <unknown>
#17 0x55bb8ad59ba0 <unknown>
#18 0x55bb8ad29280 <unknown>
#19 0x55bb8ad7ddb8 <unknown>
#20 0x55bb8ad7df88 <unknown>
#21 0x55bb8ad8f5de <unknown>
#22 0x7f4ae4a9caa4 <unknown>
#23 0x7f4ae4b29c6c <unknown>

2026-05-04 14:08:17,686 - ERROR - [Times of India] All scrape strategies failed for https://timesofindia.indiatimes.com/world/us/jeff-bezos-secretly-selling-500-million-superyacht-that-has-sculpture-of-lauren-sanchez-as-mermaid-because-/articleshow/130800778.cms. Falling back to RSS description.
2026-05-04 14:08:17,689 - INFO - Saved article: Jeff Bezos secretly selling $500 million superyacht that has sculpture of Lauren Sanchez as mermaid because... from Times of India
2026-05-04 14:08:18,538 - INFO - [The Hindu] Article: https://www.thehindu.com/elections/assam-assembly/assam-assembly-election-results-live-updates-may-4-2026/article70934562.ece
2026-05-04 14:08:18,538 - INFO - [The Hindu] Attempt 1/1: Trying with 'selenium_browser' strategy...
2026-05-04 14:08:18,759 - INFO - [Times of India] Article: https://timesofindia.indiatimes.com/world/us/built-for-future-florida-town-that-runs-entirely-on-sunlight-and-produces-more-power-than-it-uses/articleshow/130798886.cms
2026-05-04 14:08:18,759 - INFO - [Times of India] Attempt 1/1: Trying with 'selenium_browser' strategy...
2026-05-04 14:08:39,051 - INFO - [Times of India] Page content loaded.
2026-05-04 14:08:39,627 - INFO - [Times of India] Success with 'selenium_browser'. Found content (597 words).
2026-05-04 14:08:39,843 - INFO - Saved article: Built for future: Florida town that runs entirely on sunlight and produces more power than it uses | World News - The Times of India from Times of India
2026-05-04 14:08:40,574 - INFO - [The Hindu] Page content loaded.
2026-05-04 14:08:40,851 - INFO - [The Hindu] Success with 'selenium_browser'. Found content (193 words).
2026-05-04 14:08:40,857 - INFO - [Times of India] Article: https://timesofindia.indiatimes.com/world/us/plane-hits-truck-while-landing-at-newark-airport-chilling-dashcam-video-shows-driver-was-singing-moments-before/articleshow/130794427.cms
2026-05-04 14:08:40,857 - INFO - [Times of India] Attempt 1/1: Trying with 'selenium_browser' strategy...
2026-05-04 14:08:41,107 - INFO - Duplicate article skipped: Assam election results LIVE: BJP-led NDA secures third straight term; Himanta wins Jalukbari seat - The Hindu from The Hindu
2026-05-04 14:08:41,724 - INFO - [The Hindu] Article: https://www.thehindu.com/elections/kerala-assembly/kerala-election-results-2026-ministers-ldf-ministers-defeat-constituencies-eci-results/article70937277.ece
2026-05-04 14:08:41,724 - INFO - [The Hindu] Attempt 1/1: Trying with 'selenium_browser' strategy...
2026-05-04 14:08:42,101 - INFO - [Times of India] Page content loaded.
2026-05-04 14:08:42,377 - INFO - [Times of India] Success with 'selenium_browser'. Found content (350 words).
2026-05-04 14:08:42,519 - INFO - Saved article: Plane hits truck while landing at Newark airport, chilling dashcam video shows what happened - The Times of India from Times of India
2026-05-04 14:08:43,831 - INFO - [Times of India] Article: https://timesofindia.indiatimes.com/world/us-streamers/easily-killed-an-innocent-person-candace-owens-and-laura-loomer-feud-turns-ugly-as-feud-spirals-out-of-control/articleshow/130758473.cms
2026-05-04 14:08:43,831 - INFO - [Times of India] Attempt 1/1: Trying with 'selenium_browser' strategy...
2026-05-04 14:08:46,008 - INFO - [Times of India] Page content loaded.
2026-05-04 14:08:46,207 - INFO - [Times of India] Success with 'selenium_browser'. Found content (417 words).
2026-05-04 14:08:46,287 - INFO - Saved article: "Easily killed an innocent person": Candace Owens and Laura Loomer feud turns ugly as feud spirals out of control - The Times of India from Times of India
2026-05-04 14:08:46,384 - INFO - [The Hindu] Page content loaded.
2026-05-04 14:08:46,665 - INFO - [The Hindu] Success with 'selenium_browser'. Found content (275 words).
2026-05-04 14:08:46,777 - INFO - Saved article: Kerala polls: 12 ministers trail as counting progresses - The Hindu from The Hindu
2026-05-04 14:08:47,506 - INFO - [Times of India] Article: https://timesofindia.indiatimes.com/world/uk/all-british-people-should-die-irish-woman-convicted-after-anti-english-rant-at-uk-hotel/articleshow/130788049.cms
2026-05-04 14:08:47,507 - INFO - [Times of India] Attempt 1/1: Trying with 'selenium_browser' strategy...
2026-05-04 14:08:48,127 - INFO - [The Hindu] Article: https://www.thehindu.com/elections/kerala-assembly/kerala-assembly-polls-2026-shanimol-usman-wrests-aroor-p-prasad-strengthens-hold-on-cherthala/article70938692.ece
2026-05-04 14:08:48,127 - INFO - [The Hindu] Attempt 1/1: Trying with 'selenium_browser' strategy...
2026-05-04 14:08:48,847 - INFO - [Times of India] Page content loaded.
2026-05-04 14:08:49,217 - INFO - [Times of India] Success with 'selenium_browser'. Found content (350 words).
2026-05-04 14:08:49,292 - INFO - Saved article: ‘All British people should die’: Irish woman convicted after ‘anti-english’ rant at UK hotel | World News - The Times of India from Times of India
2026-05-04 14:08:50,351 - INFO - [Times of India] Article: https://timesofindia.indiatimes.com/world/uk/peter-kay-comedy-show-bomb-suspect-omar-majed-ordered-to-leave-court-after-outbursts/articleshow/130801841.cms
2026-05-04 14:08:50,352 - INFO - [Times of India] Attempt 1/1: Trying with 'selenium_browser' strategy...
2026-05-04 14:08:52,015 - INFO - [Times of India] Page content loaded.
2026-05-04 14:08:52,377 - INFO - [Times of India] Success with 'selenium_browser'. Found content (371 words).
2026-05-04 14:08:52,575 - INFO - Saved article: Peter Kay comedy show bomb suspect Omar Majed ordered to leave court after outbursts - The Times of India from Times of India
2026-05-04 14:08:53,385 - INFO - [Times of India] Article: https://timesofindia.indiatimes.com/world/rest-of-world/lost-wonder-found-underwater-80-ton-stones-reveal-secrets-of-the-lighthouse-of-alexandria/articleshow/130779952.cms
2026-05-04 14:08:53,386 - INFO - [Times of India] Attempt 1/1: Trying with 'selenium_browser' strategy...
2026-05-04 14:08:54,569 - INFO - [Times of India] Page content loaded.
2026-05-04 14:08:54,704 - INFO - [Times of India] Success with 'selenium_browser'. Found content (644 words).
2026-05-04 14:08:54,768 - INFO - Saved article: Lost wonder found underwater? 80-ton stones reveal secrets of the Lighthouse of Alexandria | World News - The Times of India from Times of India
2026-05-04 14:08:55,414 - INFO - [Times of India] Article: https://timesofindia.indiatimes.com/world/rest-of-world/12000-year-old-karahantepe-discovery-reveals-massive-statues-and-an-unexpected-prehistoric-diet/articleshow/130779289.cms
2026-05-04 14:08:55,414 - INFO - [Times of India] Attempt 1/1: Trying with 'selenium_browser' strategy...
2026-05-04 14:08:56,553 - INFO - [Times of India] Page content loaded.
2026-05-04 14:08:56,702 - INFO - [Times of India] Success with 'selenium_browser'. Found content (447 words).
2026-05-04 14:08:56,790 - INFO - Saved article: 12,000-year-old Karahantepe discovery reveals massive statues and an unexpected prehistoric diet | World News - The Times of India from Times of India
2026-05-04 14:08:58,136 - INFO - [Times of India] Article: https://timesofindia.indiatimes.com/science/earths-origin-mystery-cracked-meteorites-may-hold-the-secret-to-lifes-ingredients/articleshow/130778848.cms
2026-05-04 14:08:58,137 - INFO - [Times of India] Attempt 1/1: Trying with 'selenium_browser' strategy...
2026-05-04 14:08:59,926 - INFO - [Times of India] Page content loaded.
2026-05-04 14:09:00,049 - INFO - [Times of India] Success with 'selenium_browser'. Found content (693 words).
2026-05-04 14:09:00,104 - INFO - Saved article: Earth’s origin mystery cracked? Meteorites may hold the secret to life’s ingredients | - The Times of India from Times of India
2026-05-04 14:09:01,357 - INFO - [Times of India] Article: https://timesofindia.indiatimes.com/science/nasas-james-webb-space-telescope-detects-little-red-dots-new-x-ray-data-hints-at-hidden-supermassive-black-holes/articleshow/130748288.cms
2026-05-04 14:09:01,357 - INFO - [Times of India] Attempt 1/1: Trying with 'selenium_browser' strategy...
2026-05-04 14:09:03,016 - INFO - [Times of India] Page content loaded.
2026-05-04 14:09:03,120 - INFO - [Times of India] Success with 'selenium_browser'. Found content (710 words).
2026-05-04 14:09:03,167 - INFO - Saved article: NASA’s James Webb Space Telescope detects ‘little red dots’: New X-ray data hints at hidden supermassive black holes | - The Times of India from Times of India
2026-05-04 14:09:04,623 - INFO - [Times of India] Article: https://timesofindia.indiatimes.com/science/which-is-the-most-common-type-of-planet-in-the-galaxy-scientists-reveal-super-earths/articleshow/130776094.cms
2026-05-04 14:09:04,623 - INFO - [Times of India] Attempt 1/1: Trying with 'selenium_browser' strategy...
2026-05-04 14:09:05,654 - INFO - [Times of India] Page content loaded.
2026-05-04 14:09:05,799 - INFO - [Times of India] Success with 'selenium_browser'. Found content (661 words).
2026-05-04 14:09:05,864 - INFO - Saved article: Which is the most common type of planet in the galaxy? Scientists reveal ‘super-Earths’ | - The Times of India from Times of India
2026-05-04 14:09:07,361 - INFO - [Times of India] Article: https://timesofindia.indiatimes.com/world/uk/deadly-hantavirus-scare-on-atlantic-cruise-ship-leaves-3-dead-british-passenger-critical/articleshow/130763719.cms
2026-05-04 14:09:07,362 - INFO - [Times of India] Attempt 1/1: Trying with 'selenium_browser' strategy...
2026-05-04 14:09:08,929 - INFO - [Times of India] Page content loaded.
2026-05-04 14:09:09,131 - INFO - [Times of India] Success with 'selenium_browser'. Found content (620 words).
2026-05-04 14:09:09,188 - INFO - Saved article: Hantavirus Symptoms: Deadly Hantavirus scare on Atlantic Cruise Ship leaves 3 dead, British passenger critical | World News - The Times of India from Times of India
2026-05-04 14:09:10,154 - INFO - [Times of India] Article: https://timesofindia.indiatimes.com/world/rest-of-world/hidden-for-1000-years-massive-viking-silver-coin-hoard-containing-3000-coins-discovered-in-norway/articleshow/130763384.cms
2026-05-04 14:09:10,155 - INFO - [Times of India] Attempt 1/1: Trying with 'selenium_browser' strategy...
2026-05-04 14:09:11,999 - INFO - [Times of India] Page content loaded.
2026-05-04 14:09:12,163 - INFO - [Times of India] Success with 'selenium_browser'. Found content (657 words).
2026-05-04 14:09:12,224 - INFO - Saved article: Hidden for 1,000 years: Massive Viking silver coin hoard containing 3,000 coins discovered in Norway | World News - The Times of India from Times of India
2026-05-04 14:09:13,468 - INFO - [Times of India] Article: https://timesofindia.indiatimes.com/science/who-is-charles-lieber-convicted-harvard-scientist-now-leading-chinas-research-to-link-the-brain-with-computers/articleshow/130762419.cms
2026-05-04 14:09:13,469 - INFO - [Times of India] Attempt 1/1: Trying with 'selenium_browser' strategy...
2026-05-04 14:09:15,286 - INFO - [Times of India] Page content loaded.
2026-05-04 14:09:15,471 - INFO - [Times of India] Success with 'selenium_browser'. Found content (625 words).
2026-05-04 14:09:15,529 - INFO - Saved article: Who is Charles Lieber? Convicted Harvard scientist now leading China’s research to link the brain with computers | - The Times of India from Times of India
2026-05-04 14:09:16,891 - INFO - [Times of India] Article: https://timesofindia.indiatimes.com/science/scientists-discover-this-common-garden-flower-could-be-a-powerful-protein-source/articleshow/130749979.cms
2026-05-04 14:09:16,891 - INFO - [Times of India] Attempt 1/1: Trying with 'selenium_browser' strategy...
2026-05-04 14:09:17,860 - INFO - [Times of India] Page content loaded.
2026-05-04 14:09:18,013 - INFO - [Times of India] Success with 'selenium_browser'. Found content (406 words).
2026-05-04 14:09:18,081 - INFO - Saved article: Scientists discover this common garden flower could be a powerful protein source | - The Times of India from Times of India
2026-05-04 14:09:18,678 - INFO - [Times of India] Article: https://timesofindia.indiatimes.com/science/nasa-scientists-reveal-a-2-5-billion-year-old-hidden-structure-within-the-great-dyke-of-zimbabwe/articleshow/130738684.cms
2026-05-04 14:09:18,678 - INFO - [Times of India] Attempt 1/1: Trying with 'selenium_browser' strategy...
2026-05-04 14:09:19,670 - INFO - [Times of India] Page content loaded.
2026-05-04 14:09:19,850 - INFO - [Times of India] Success with 'selenium_browser'. Found content (799 words).
2026-05-04 14:09:20,046 - INFO - Saved article: NASA scientists reveal a 2.5-billion-year-old hidden structure within the Great Dyke of Zimbabwe | - The Times of India from Times of India
2026-05-04 14:09:20,749 - INFO - [Times of India] Article: https://timesofindia.indiatimes.com/world/middle-east/israel-issues-evacuation-warning-kills-1-hurts-4-in-lebanon-strikes/articleshow/130743595.cms
2026-05-04 14:09:20,750 - INFO - [Times of India] Attempt 1/1: Trying with 'selenium_browser' strategy...
2026-05-04 14:09:23,809 - INFO - [Times of India] Page content loaded.
2026-05-04 14:09:24,199 - INFO - [Times of India] Success with 'selenium_browser'. Found content (331 words).
2026-05-04 14:09:24,377 - INFO - Duplicate article skipped: Israel issues evacuation warning; kills 1, hurts 4 in Lebanon strikes - The Times of India from Times of India
2026-05-04 14:09:24,759 - INFO - [The Hindu] Page content loaded.
2026-05-04 14:09:25,055 - INFO - [Times of India] Article: https://timesofindia.indiatimes.com/home/environment/crowdfunding-helps-serbian-birdwatchers-save-woodland/articleshow/130743483.cms
2026-05-04 14:09:25,055 - INFO - [Times of India] Attempt 1/1: Trying with 'selenium_browser' strategy...
2026-05-04 14:09:25,529 - INFO - [The Hindu] Success with 'selenium_browser'. Found content (221 words).
2026-05-04 14:09:26,062 - INFO - Saved article: Kerala Assembly Polls 2026: Shanimol Usman wrests Aroor, P. Prasad strengthens hold on Cherthala - The Hindu from The Hindu
2026-05-04 14:09:26,943 - INFO - [The Hindu] Article: https://www.thehindu.com/news/national/andhra-pradesh/chittoor-prepares-for-annual-gangamma-jatara/article70938465.ece
2026-05-04 14:09:26,944 - INFO - [The Hindu] Attempt 1/1: Trying with 'selenium_browser' strategy...
2026-05-04 14:09:28,109 - INFO - [Times of India] Page content loaded.
2026-05-04 14:09:28,335 - INFO - [Times of India] Success with 'selenium_browser'. Found content (416 words).
2026-05-04 14:09:28,399 - INFO - Duplicate article skipped: Crowdfunding helps Serbian birdwatchers save woodland - The Times of India from Times of India
2026-05-04 14:09:29,087 - INFO - [Times of India] Article: https://timesofindia.indiatimes.com/world/middle-east/middle-east-crisis-iran-proposes-30-day-plan-to-end-war-says-it-has-received-us-reply/articleshow/130743370.cms
2026-05-04 14:09:29,087 - INFO - [Times of India] Attempt 1/1: Trying with 'selenium_browser' strategy...
2026-05-04 14:09:31,428 - INFO - [The Hindu] Page content loaded.
2026-05-04 14:09:31,622 - INFO - [The Hindu] Success with 'selenium_browser'. Found content (249 words).
2026-05-04 14:09:31,685 - INFO - Saved article: Chittoor prepares for annual Gangamma Jatara - The Hindu from The Hindu
2026-05-04 14:09:32,191 - INFO - [Times of India] Page content loaded.
2026-05-04 14:09:32,346 - INFO - [Times of India] Success with 'selenium_browser'. Found content (763 words).
2026-05-04 14:09:32,398 - INFO - Duplicate article skipped: Middle East crisis: Iran proposes 30-day plan to end war, says it has received US reply - The Times of India from Times of India
2026-05-04 14:09:32,623 - INFO - [The Hindu] Article: https://www.thehindu.com/news/national/telangana/interstate-vehicle-theft-racket-busted-six-held-in-sangareddy/article70938581.ece
2026-05-04 14:09:32,623 - INFO - [The Hindu] Attempt 1/1: Trying with 'selenium_browser' strategy...
2026-05-04 14:09:32,929 - INFO - [Times of India] Article: https://timesofindia.indiatimes.com/tensions-intensify-at-strait-cargo-ship-sailing-near-hormuz-attacked-by-iran/articleshow/130743260.cms
2026-05-04 14:09:32,929 - INFO - [Times of India] Attempt 1/1: Trying with 'selenium_browser' strategy...
2026-05-04 14:09:34,162 - INFO - [The Hindu] Page content loaded.
2026-05-04 14:09:34,462 - INFO - [The Hindu] Success with 'selenium_browser'. Found content (344 words).
2026-05-04 14:09:34,592 - INFO - Saved article: Interstate vehicle theft racket busted, six held in Sangareddy - The Hindu from The Hindu
2026-05-04 14:09:35,308 - INFO - [The Hindu] Article: https://www.thehindu.com/elections/kerala-assembly/kerala-election-results-live-updates-4-may-2026/article70935144.ece
2026-05-04 14:09:35,308 - INFO - [The Hindu] Attempt 1/1: Trying with 'selenium_browser' strategy...
2026-05-04 14:09:35,399 - INFO - [Times of India] Page content loaded.
2026-05-04 14:09:36,106 - INFO - [Times of India] Success with 'selenium_browser'. Found content (433 words).
2026-05-04 14:09:36,287 - INFO - Duplicate article skipped: Tensions intensify at Strait: Cargo ship sailing near Hormuz attacked by Iran | India News - The Times of India from Times of India
2026-05-04 14:09:37,008 - INFO - [Times of India] (Thread) Finished. Attempting to shut down its Selenium driver.
2026-05-04 14:09:37,426 - INFO - [Times of India] (Thread) driver.quit() successful.
2026-05-04 14:09:39,417 - INFO - [The Hindu] Page content loaded.
2026-05-04 14:09:40,015 - INFO - [The Hindu] Success with 'selenium_browser'. Found content (116 words).
2026-05-04 14:09:40,275 - INFO - Duplicate article skipped: Kerala Election Results 2026 LIVE: UDF leads in the State, CM Pinarayi Vijayan trails in Dharmadam - The Hindu from The Hindu
2026-05-04 14:09:41,689 - INFO - [The Hindu] Article: https://www.thehindu.com/news/national/karnataka/stay-indoors-between-noon-and-4-pm-yadgir-residents-told/article70938566.ece
2026-05-04 14:09:41,690 - INFO - [The Hindu] Attempt 1/1: Trying with 'selenium_browser' strategy...
2026-05-04 14:09:43,404 - INFO - [The Hindu] Page content loaded.
2026-05-04 14:09:43,482 - INFO - [The Hindu] Success with 'selenium_browser'. Found content (264 words).
2026-05-04 14:09:43,569 - INFO - Saved article: Stay indoors between noon and 4 p.m., Yadgir residents told - The Hindu from The Hindu
2026-05-04 14:09:44,688 - INFO - [The Hindu] Article: https://www.thehindu.com/elections/assam-assembly/assam-election-results-2026-nda-alliance-victory-third-straight-term/article70939108.ece
2026-05-04 14:09:44,688 - INFO - [The Hindu] Attempt 1/1: Trying with 'selenium_browser' strategy...
2026-05-04 14:09:46,550 - INFO - [The Hindu] Page content loaded.
2026-05-04 14:09:46,701 - INFO - [The Hindu] Success with 'selenium_browser'. Found content (439 words).
2026-05-04 14:09:46,781 - INFO - Saved article: NDA secures majority in Assam, set to form govt. for third straight term - The Hindu from The Hindu
2026-05-04 14:09:48,271 - INFO - [The Hindu] Article: https://www.thehindu.com/elections/tamil-nadu-assembly/tamil-nadu-assembly-election-results-live-updates-4-may-2026/article70934968.ece
2026-05-04 14:09:48,272 - INFO - [The Hindu] Attempt 1/1: Trying with 'selenium_browser' strategy...
2026-05-04 14:09:51,315 - INFO - [The Hindu] Page content loaded.
2026-05-04 14:09:51,485 - INFO - [The Hindu] Success with 'selenium_browser'. Found content (300 words).
2026-05-04 14:09:51,723 - INFO - Duplicate article skipped: Tamil Nadu election results LIVE: TVK's Sengottaiyan, DMK's K.N. Nehru, PMK's Sowmiya Anbumani among early winners - The Hindu from The Hindu
2026-05-04 14:09:52,436 - INFO - [The Hindu] Article: https://www.thehindu.com/elections/kerala-assembly/kerala-assembly-polls-2026-iuml-anchors-udfs-comeback-in-malabar-region/article70938892.ece
2026-05-04 14:09:52,436 - INFO - [The Hindu] Attempt 1/1: Trying with 'selenium_browser' strategy...
2026-05-04 14:10:00,794 - INFO - [The Hindu] Page content loaded.
2026-05-04 14:10:01,070 - INFO - [The Hindu] Success with 'selenium_browser'. Found content (566 words).
2026-05-04 14:10:01,178 - INFO - Saved article: Kerala Assembly polls 2026: IUML anchors UDF’s comeback in Malabar region - The Hindu from The Hindu
2026-05-04 14:10:02,508 - INFO - [The Hindu] Article: https://www.thehindu.com/news/national/karnataka/lokayukta-probe-team-visits-bowring-hospital-after-fatal-wall-collapse/article70938854.ece
2026-05-04 14:10:02,508 - INFO - [The Hindu] Attempt 1/1: Trying with 'selenium_browser' strategy...
2026-05-04 14:10:04,132 - INFO - [The Hindu] Page content loaded.
2026-05-04 14:10:04,191 - INFO - [The Hindu] Success with 'selenium_browser'. Found content (80 words).
2026-05-04 14:10:04,423 - INFO - Saved article: Lokayukta probe team visits Bowring hospital after fatal wall collapse - The Hindu from The Hindu
2026-05-04 14:10:05,151 - INFO - [The Hindu] Article: https://www.thehindu.com/elections/kerala-assembly/kerala-assembly-polls-2026-rsp-scripts-the-ultimate-comeback-story/article70938493.ece
2026-05-04 14:10:05,151 - INFO - [The Hindu] Attempt 1/1: Trying with 'selenium_browser' strategy...
2026-05-04 14:10:06,756 - INFO - [The Hindu] Page content loaded.
2026-05-04 14:10:06,948 - INFO - [The Hindu] Success with 'selenium_browser'. Found content (328 words).
2026-05-04 14:10:07,046 - INFO - Saved article: Kerala Assembly Polls 2026: RSP scripts the ultimate comeback story - The Hindu from The Hindu
2026-05-04 14:10:08,053 - INFO - [The Hindu] Article: https://www.thehindu.com/elections/kerala-assembly/kerala-assembly-elections-2026-udf-wave-dismantles-long-standing-left-strongholds-across-kollam/article70938727.ece
2026-05-04 14:10:08,054 - INFO - [The Hindu] Attempt 1/1: Trying with 'selenium_browser' strategy...
2026-05-04 14:10:09,788 - INFO - [The Hindu] Page content loaded.
2026-05-04 14:10:09,926 - INFO - [The Hindu] Success with 'selenium_browser'. Found content (433 words).
2026-05-04 14:10:09,979 - INFO - Saved article: Kerala Assembly Elections 2026: UDF wave dismantles long-standing Left strongholds across Kollam - The Hindu from The Hindu
2026-05-04 14:10:10,849 - INFO - [The Hindu] Article: https://www.thehindu.com/elections/kerala-assembly/kerala-assembly-polls-2026-mp-and-mla-from-same-family-as-thulasi-wins-kongad/article70938894.ece
2026-05-04 14:10:10,850 - INFO - [The Hindu] Attempt 1/1: Trying with 'selenium_browser' strategy...
2026-05-04 14:10:13,057 - INFO - [The Hindu] Page content loaded.
2026-05-04 14:10:13,508 - INFO - [The Hindu] Success with 'selenium_browser'. Found content (302 words).
2026-05-04 14:10:13,703 - INFO - Saved article: Kerala Assembly Polls 2026: MP and MLA from same family as Thulasi wins Kongad - The Hindu from The Hindu
2026-05-04 14:10:15,201 - INFO - [The Hindu] Article: https://www.thehindu.com/news/national/telangana/heatwave-threat-spreads-across-telangana-588-of-612-mandals-vulnerable-16-crore-people-at-risk/article70938807.ece
2026-05-04 14:10:15,202 - INFO - [The Hindu] Attempt 1/1: Trying with 'selenium_browser' strategy...
2026-05-04 14:10:16,963 - INFO - [The Hindu] Page content loaded.
2026-05-04 14:10:17,222 - INFO - [The Hindu] Success with 'selenium_browser'. Found content (427 words).
2026-05-04 14:10:17,293 - INFO - Saved article: Telangana heatwave 2026: 588 mandals at risk, 1.6 crore people in vulnerable zones - The Hindu from The Hindu
2026-05-04 14:10:18,319 - INFO - [The Hindu] Article: https://www.thehindu.com/elections/kerala-assembly/kerala-assembly-polls-2026-cpim-will-review-the-result-take-up-corrective-measures-mv-govindan/article70938743.ece
2026-05-04 14:10:18,319 - INFO - [The Hindu] Attempt 1/1: Trying with 'selenium_browser' strategy...
2026-05-04 14:10:20,248 - INFO - [The Hindu] Page content loaded.
2026-05-04 14:10:20,657 - INFO - [The Hindu] Success with 'selenium_browser'. Found content (277 words).
2026-05-04 14:10:20,737 - INFO - Saved article: Kerala Assembly polls 2026: CPI(M) will review the result, take up corrective measures: M.V. Govindan - The Hindu from The Hindu
2026-05-04 14:10:21,783 - INFO - [The Hindu] Article: https://www.thehindu.com/elections/kerala-assembly/kerala-assembly-elections-2026-bjp-breaches-the-left-bastion-of-chathannur/article70938572.ece
2026-05-04 14:10:21,783 - INFO - [The Hindu] Attempt 1/1: Trying with 'selenium_browser' strategy...
2026-05-04 14:10:23,892 - INFO - [The Hindu] Page content loaded.
2026-05-04 14:10:24,074 - INFO - [The Hindu] Success with 'selenium_browser'. Found content (343 words).
2026-05-04 14:10:24,137 - INFO - Saved article: Kerala Assembly Elections 2026: BJP breaches the Left bastion of Chathannur - The Hindu from The Hindu
2026-05-04 14:10:25,514 - INFO - [The Hindu] Article: https://www.thehindu.com/news/national/karnataka/nigerian-national-booked-for-assaulting-security-personnel-at-frc/article70938314.ece
2026-05-04 14:10:25,514 - INFO - [The Hindu] Attempt 1/1: Trying with 'selenium_browser' strategy...
2026-05-04 14:10:27,093 - INFO - [The Hindu] Page content loaded.
2026-05-04 14:10:27,273 - WARNING - [The Hindu] FAILED with 'selenium_browser' (content was too short: 70 words).
2026-05-04 14:10:27,274 - ERROR - [The Hindu] All scrape strategies failed for https://www.thehindu.com/news/national/karnataka/nigerian-national-booked-for-assaulting-security-personnel-at-frc/article70938314.ece. Falling back to RSS description.
2026-05-04 14:10:27,276 - INFO - Saved article: Nigerian national booked for assaulting security personnel at FRC from The Hindu
2026-05-04 14:10:28,751 - INFO - [The Hindu] Article: https://www.thehindu.com/news/cities/Kochi/kerala-assembly-polls-2026-ldf-crumbles-in-alappuzha-as-udf-sweeps-five-seats/article70938874.ece
2026-05-04 14:10:28,751 - INFO - [The Hindu] Attempt 1/1: Trying with 'selenium_browser' strategy...
2026-05-04 14:10:30,612 - INFO - [The Hindu] Page content loaded.
2026-05-04 14:10:30,873 - INFO - [The Hindu] Success with 'selenium_browser'. Found content (385 words).
2026-05-04 14:10:30,975 - INFO - Saved article: Kerala Assembly Polls 2026: LDF crumbles in Alappuzha, as UDF sweeps five seats - The Hindu from The Hindu
2026-05-04 14:10:31,839 - INFO - [The Hindu] Article: https://www.thehindu.com/elections/kerala-assembly/kerala-assembly-poll-results-ernakulam-district-congress-committee-office-turns-into-a-hub-of-celebrations/article70938427.ece
2026-05-04 14:10:31,839 - INFO - [The Hindu] Attempt 1/1: Trying with 'selenium_browser' strategy...
2026-05-04 14:10:33,445 - INFO - [The Hindu] Page content loaded.
2026-05-04 14:10:33,964 - INFO - [The Hindu] Success with 'selenium_browser'. Found content (458 words).
2026-05-04 14:10:34,126 - INFO - Saved article: Kerala Assembly poll results: Ernakulam District Congress Committee office turns into a hub of celebrations - The Hindu from The Hindu
2026-05-04 14:10:35,057 - INFO - [The Hindu] Article: https://www.thehindu.com/news/national/karnataka/sdpi-alleges-misuse-of-money-power-and-state-machinery-in-davangere-south-bypolls/article70938997.ece
2026-05-04 14:10:35,058 - INFO - [The Hindu] Attempt 1/1: Trying with 'selenium_browser' strategy...
2026-05-04 14:10:36,257 - INFO - [The Hindu] Page content loaded.
2026-05-04 14:10:36,376 - INFO - [The Hindu] Success with 'selenium_browser'. Found content (99 words).
2026-05-04 14:10:36,600 - INFO - Saved article: SDPI alleges misuse of money power and State machinery in Davangere South bypolls - The Hindu from The Hindu
2026-05-04 14:10:37,682 - INFO - [The Hindu] Article: https://www.thehindu.com/elections/puducherry-assembly/puducherry-election-results-live-updates-may-4-2026/article70935521.ece
2026-05-04 14:10:37,683 - INFO - [The Hindu] Attempt 1/1: Trying with 'selenium_browser' strategy...
2026-05-04 14:10:40,471 - INFO - [The Hindu] Page content loaded.
2026-05-04 14:10:40,607 - INFO - [The Hindu] Success with 'selenium_browser'. Found content (194 words).
2026-05-04 14:10:40,728 - INFO - Duplicate article skipped: Puducherry election results 2026 LIVE: Ruling AINRC leads race with nine seats, TVK wins two - The Hindu from The Hindu
2026-05-04 14:10:41,479 - INFO - [The Hindu] Article: https://www.thehindu.com/news/national/karnataka/mandya-dc-directs-payment-of-govt-released-subsidy-to-sugarcane-farmers/article70939040.ece
2026-05-04 14:10:41,479 - INFO - [The Hindu] Attempt 1/1: Trying with 'selenium_browser' strategy...
2026-05-04 14:10:42,480 - INFO - [The Hindu] Page content loaded.
2026-05-04 14:10:42,561 - INFO - [The Hindu] Success with 'selenium_browser'. Found content (88 words).
2026-05-04 14:10:42,649 - INFO - Saved article: Mandya DC directs payment of govt.-released subsidy to sugarcane farmers - The Hindu from The Hindu
2026-05-04 14:10:43,589 - INFO - [The Hindu] Article: https://www.thehindu.com/news/national/karnataka/spike-in-underage-riding-police-order-statewide-crackdown/article70937769.ece
2026-05-04 14:10:43,590 - INFO - [The Hindu] Attempt 1/1: Trying with 'selenium_browser' strategy...
2026-05-04 14:10:45,329 - INFO - [The Hindu] Page content loaded.
2026-05-04 14:10:45,465 - INFO - [The Hindu] Success with 'selenium_browser'. Found content (414 words).
2026-05-04 14:10:45,521 - INFO - Saved article: Spike in underage riding; police order Statewide crackdown - The Hindu from The Hindu
2026-05-04 14:10:46,473 - INFO - [The Hindu] (Thread) Finished. Attempting to shut down its Selenium driver.
2026-05-04 14:10:46,711 - INFO - [The Hindu] (Thread) driver.quit() successful.
2026-05-04 14:10:46,711 - INFO - Shutting down thread pool (wait=False)...
2026-05-04 14:10:46,711 - INFO - Scraped: 21 The Hindu, 13 The Guardian, 8 BBC, 16 Times of India articles. (Total saved: 58)
2026-05-04 14:10:46,711 - INFO - --- Scraping job finished ---
2026-05-04 14:10:46,718 - INFO - --- Scraper service stopped and database connection closed. ---
2026-05-04 14:10:46,718 - INFO - --- Main thread finished. Forcing process exit to kill zombie threads. ---
