2026-03-28 13:00:54,446 - INFO - Initializing database connection at: news_articles.db
2026-03-28 13:00:54,446 - INFO - --- Scraper service started (CI Mode: Run Once) ---
2026-03-28 13:00:54,446 - INFO - --- Starting new scraping job (Parallel Mode) ---
2026-03-28 13:00:54,446 - INFO - Creating new robust session with 3 retries on 5xx/connection/read errors.
2026-03-28 13:00:54,446 - INFO - Proxy is DISABLED.
2026-03-28 13:00:54,447 - INFO - Starting scrape for BBC RSS feed: http://feeds.bbci.co.uk/news/world/rss.xml
2026-03-28 13:00:54,448 - INFO - [Times of India] (Thread) requires Selenium. Initializing driver...
2026-03-28 13:00:54,449 - INFO - Initializing headless Selenium Chrome driver (using SeleniumManager)...
2026-03-28 13:00:54,449 - INFO - Starting scrape for The Guardian RSS feed: https://www.theguardian.com/world/rss
2026-03-28 13:00:54,450 - INFO - [The Hindu] (Thread) requires Selenium. Initializing driver...
2026-03-28 13:00:54,450 - INFO - Initializing headless Selenium Chrome driver (using SeleniumManager)...
2026-03-28 13:00:54,450 - INFO - Submitted 4 jobs to thread pool. Waiting up to 420s for completion...
2026-03-28 13:00:54,621 - INFO - Found 45 articles in The Guardian RSS feed. Processing up to 25.
2026-03-28 13:00:54,621 - INFO - [The Guardian] Article: https://www.theguardian.com/news/2026/mar/27/un-slavery-ruling-african-union-reparations-slavery-analysis
2026-03-28 13:00:54,621 - INFO - [The Guardian] Attempt 1/1: Trying with 'requests_browser' strategy...
2026-03-28 13:00:54,653 - INFO - Found 34 articles in BBC RSS feed. Processing up to 25.
2026-03-28 13:00:54,653 - INFO - [BBC] Article: https://www.bbc.com/news/articles/cjd8e4px12ro?at_medium=RSS&at_campaign=rss
2026-03-28 13:00:54,654 - INFO - [BBC] Attempt 1/1: Trying with 'requests_browser' strategy...
2026-03-28 13:00:54,816 - INFO - [The Guardian] Success with 'requests_browser'. Found content (703 words).
2026-03-28 13:00:54,849 - INFO - Duplicate article skipped: UN’s landmark slavery ruling energises African Union’s fight for reparations | Reparations and reparative justice | The Guardian from The Guardian
2026-03-28 13:00:55,019 - INFO - [BBC] Success with 'requests_browser'. Found content (1663 words).
2026-03-28 13:00:55,073 - INFO - Saved article: Iran war divides older and younger Trump voters at CPAC from BBC
2026-03-28 13:00:55,358 - INFO - [The Guardian] Article: https://www.theguardian.com/artanddesign/2026/mar/27/african-guernica-dumile-feni-on-display-alongside-picasso
2026-03-28 13:00:55,358 - INFO - [The Guardian] Attempt 1/1: Trying with 'requests_browser' strategy...
2026-03-28 13:00:55,515 - INFO - [The Guardian] Success with 'requests_browser'. Found content (855 words).
2026-03-28 13:00:55,548 - INFO - Duplicate article skipped: ‘The violence of racist tyranny’: African Guernica goes on display alongside Picasso masterpiece | Art | The Guardian from The Guardian
2026-03-28 13:00:56,527 - INFO - [BBC] Article: https://www.bbc.com/news/articles/crr10v5p7lgo?at_medium=RSS&at_campaign=rss
2026-03-28 13:00:56,527 - INFO - [BBC] Attempt 1/1: Trying with 'requests_browser' strategy...
2026-03-28 13:00:56,583 - INFO - [BBC] Success with 'requests_browser'. Found content (1211 words).
2026-03-28 13:00:56,620 - INFO - Saved article: Gaza peace doubts deepen as attention shifts to Iran from BBC
2026-03-28 13:00:56,742 - INFO - [The Guardian] Article: https://www.theguardian.com/news/2026/mar/26/nigeria-regional-superpower-uk-reparative-justice-trade-economic-ties
2026-03-28 13:00:56,742 - INFO - [The Guardian] Attempt 1/1: Trying with 'requests_browser' strategy...
2026-03-28 13:00:56,821 - INFO - [The Guardian] Success with 'requests_browser'. Found content (1120 words).
2026-03-28 13:00:56,855 - INFO - Duplicate article skipped: Nigeria takes its place on world stage in quest to become regional superpower | Nigeria | The Guardian from The Guardian
2026-03-28 13:00:58,011 - INFO - [BBC] Article: https://www.bbc.com/sport/golf/articles/cvg092kege7o?at_medium=RSS&at_campaign=rss
2026-03-28 13:00:58,011 - INFO - [BBC] Attempt 1/1: Trying with 'requests_browser' strategy...
2026-03-28 13:00:58,056 - INFO - [BBC] Success with 'requests_browser'. Found content (785 words).
2026-03-28 13:00:58,087 - INFO - Duplicate article skipped: Tiger Woods released on bail after being charged following crash - BBC Sport from BBC
2026-03-28 13:00:58,177 - INFO - [The Guardian] Article: https://www.theguardian.com/world/2026/mar/26/sudan-drone-strikes-civilian-targets-north-darfur-market-north-kordofan-truck
2026-03-28 13:00:58,177 - INFO - [The Guardian] Attempt 1/1: Trying with 'requests_browser' strategy...
2026-03-28 13:00:58,380 - INFO - [The Guardian] Success with 'requests_browser'. Found content (415 words).
2026-03-28 13:00:58,420 - INFO - Duplicate article skipped: Two drone strikes on civilian targets kill 28 people in Sudan | Sudan | The Guardian from The Guardian
2026-03-28 13:00:58,809 - INFO - [BBC] Article: https://www.bbc.com/news/articles/cn89ry7y835o?at_medium=RSS&at_campaign=rss
2026-03-28 13:00:58,809 - INFO - [BBC] Attempt 1/1: Trying with 'requests_browser' strategy...
2026-03-28 13:00:58,853 - INFO - [BBC] Success with 'requests_browser'. Found content (478 words).
2026-03-28 13:00:58,885 - INFO - Saved article: KP Sharma Oli: Nepal's ex-PM arrested over fatal protest crackdown from BBC
2026-03-28 13:00:59,599 - INFO - [The Guardian] Article: https://www.theguardian.com/world/2026/mar/26/ukraine-war-briefing-zelenskyy-says-us-has-linked-security-guarantees-to-ceding-of-donbas
2026-03-28 13:00:59,599 - INFO - [The Guardian] Attempt 1/1: Trying with 'requests_browser' strategy...
2026-03-28 13:00:59,734 - INFO - [BBC] Article: https://www.bbc.com/news/articles/c0rxqng5pyno?at_medium=RSS&at_campaign=rss
2026-03-28 13:00:59,734 - INFO - [BBC] Attempt 1/1: Trying with 'requests_browser' strategy...
2026-03-28 13:00:59,813 - INFO - [BBC] Success with 'requests_browser'. Found content (2003 words).
2026-03-28 13:00:59,859 - INFO - [The Guardian] Success with 'requests_browser'. Found content (952 words).
2026-03-28 13:00:59,859 - INFO - Saved article: Slavery reparations: What does the UN vote mean? from BBC
2026-03-28 13:00:59,890 - INFO - Duplicate article skipped: Ukraine war briefing: Zelenskyy says US has linked security guarantees to ceding of Donbas | Russia | The Guardian from The Guardian
2026-03-28 13:01:00,403 - INFO - [BBC] Article: https://www.bbc.com/news/articles/cgj052l1j2no?at_medium=RSS&at_campaign=rss
2026-03-28 13:01:00,403 - INFO - [BBC] Attempt 1/1: Trying with 'requests_browser' strategy...
2026-03-28 13:01:00,421 - INFO - [The Guardian] Article: https://www.theguardian.com/us-news/2026/mar/28/us-embassy-mexico-outrage-ai-video-self-deportation
2026-03-28 13:01:00,421 - INFO - [The Guardian] Attempt 1/1: Trying with 'requests_browser' strategy...
2026-03-28 13:01:00,450 - INFO - [BBC] Success with 'requests_browser'. Found content (589 words).
2026-03-28 13:01:00,485 - INFO - Saved article: House Republicans reject Senate deal, prolonging partial US government shutdown from BBC
2026-03-28 13:01:00,798 - INFO - [The Guardian] Success with 'requests_browser'. Found content (352 words).
2026-03-28 13:01:00,859 - INFO - Saved article: US embassy in Mexico prompts outrage with AI video promoting ‘self-deportation’ | US-Mexico border | The Guardian from The Guardian
2026-03-28 13:01:01,679 - INFO - [BBC] Article: https://www.bbc.com/news/articles/clye4w10g22o?at_medium=RSS&at_campaign=rss
2026-03-28 13:01:01,679 - INFO - [BBC] Attempt 1/1: Trying with 'requests_browser' strategy...
2026-03-28 13:01:01,729 - INFO - [BBC] Success with 'requests_browser'. Found content (584 words).
2026-03-28 13:01:01,764 - INFO - Saved article: Two Cuba-bound aid ships found days after disappearing from BBC
2026-03-28 13:01:01,894 - INFO - [The Guardian] Article: https://www.theguardian.com/environment/2026/mar/27/scientists-film-whale-giving-birth-other-whales-help-her
2026-03-28 13:01:01,895 - INFO - [The Guardian] Attempt 1/1: Trying with 'requests_browser' strategy...
2026-03-28 13:01:01,970 - INFO - [The Guardian] Success with 'requests_browser'. Found content (644 words).
2026-03-28 13:01:02,041 - INFO - Duplicate article skipped: Scientists film whale giving birth while other whales work together to help her | Whales | The Guardian from The Guardian
2026-03-28 13:01:02,571 - INFO - [The Guardian] Article: https://www.theguardian.com/world/2026/mar/27/cuba-aid-boats-missing-en-route-mexico-our-america-convoy
2026-03-28 13:01:02,571 - INFO - [The Guardian] Attempt 1/1: Trying with 'requests_browser' strategy...
2026-03-28 13:01:02,643 - INFO - [The Guardian] Success with 'requests_browser'. Found content (510 words).
2026-03-28 13:01:02,700 - INFO - Duplicate article skipped: Missing aid boats have safely reached Cuba, US confirms | Cuba | The Guardian from The Guardian
2026-03-28 13:01:02,818 - INFO - [BBC] Article: https://www.bbc.com/news/articles/c74vedxjq8zo?at_medium=RSS&at_campaign=rss
2026-03-28 13:01:02,818 - INFO - [BBC] Attempt 1/1: Trying with 'requests_browser' strategy...
2026-03-28 13:01:02,869 - INFO - [BBC] Success with 'requests_browser'. Found content (798 words).
2026-03-28 13:01:02,907 - INFO - Saved article: Maldives tells UK it does not recognise Chagos Islands deal from BBC
2026-03-28 13:01:03,959 - INFO - [BBC] Article: https://www.bbc.com/news/articles/cvgl4yk7vgpo?at_medium=RSS&at_campaign=rss
2026-03-28 13:01:03,959 - INFO - [BBC] Attempt 1/1: Trying with 'requests_browser' strategy...
2026-03-28 13:01:04,007 - INFO - [BBC] Success with 'requests_browser'. Found content (680 words).
2026-03-28 13:01:04,027 - INFO - [The Guardian] Article: https://www.theguardian.com/world/2026/mar/27/cuba-humanitarian-aid-boats-missing
2026-03-28 13:01:04,032 - INFO - [The Guardian] Attempt 1/1: Trying with 'requests_browser' strategy...
2026-03-28 13:01:04,043 - INFO - Duplicate article skipped: Iran-backed hackers breach FBI director Kash Patel's emails from BBC
2026-03-28 13:01:04,109 - INFO - [The Guardian] Success with 'requests_browser'. Found content (266 words).
2026-03-28 13:01:04,140 - INFO - Duplicate article skipped: Two humanitarian aid boats heading to Cuba have gone missing, Mexico says | Cuba | The Guardian from The Guardian
2026-03-28 13:01:04,821 - INFO - [The Guardian] Article: https://www.theguardian.com/world/2026/mar/26/cecot-human-rights-petition
2026-03-28 13:01:04,821 - INFO - [The Guardian] Attempt 1/1: Trying with 'requests_browser' strategy...
2026-03-28 13:01:05,017 - INFO - [The Guardian] Success with 'requests_browser'. Found content (1409 words).
2026-03-28 13:01:05,048 - INFO - Duplicate article skipped: Venezuelans deported by US detail fresh claims of torture and abuse at El Salvador mega-prison | El Salvador | The Guardian from The Guardian
2026-03-28 13:01:05,084 - INFO - [BBC] Article: https://www.bbc.com/news/articles/c1l9vz064nqo?at_medium=RSS&at_campaign=rss
2026-03-28 13:01:05,084 - INFO - [BBC] Attempt 1/1: Trying with 'requests_browser' strategy...
2026-03-28 13:01:05,137 - INFO - [BBC] Success with 'requests_browser'. Found content (836 words).
2026-03-28 13:01:05,173 - INFO - Duplicate article skipped: Rubio says US expects to finish Iran war 'in next couple of weeks' from BBC
2026-03-28 13:01:05,838 - INFO - [The Guardian] Article: https://www.theguardian.com/world/2026/mar/27/australia-will-be-left-with-no-submarines-if-it-abandons-aukus-senior-defence-official-warns
2026-03-28 13:01:05,838 - INFO - [The Guardian] Attempt 1/1: Trying with 'requests_browser' strategy...
2026-03-28 13:01:05,915 - INFO - [The Guardian] Success with 'requests_browser'. Found content (555 words).
2026-03-28 13:01:05,956 - INFO - Duplicate article skipped: Australia will be left with no submarines if it abandons Aukus, senior defence official warns | Aukus | The Guardian from The Guardian
2026-03-28 13:01:06,071 - INFO - [BBC] Article: https://www.bbc.com/news/articles/cwyv70de9exo?at_medium=RSS&at_campaign=rss
2026-03-28 13:01:06,071 - INFO - [BBC] Attempt 1/1: Trying with 'requests_browser' strategy...
2026-03-28 13:01:06,120 - INFO - [BBC] Success with 'requests_browser'. Found content (573 words).
2026-03-28 13:01:06,154 - INFO - Duplicate article skipped: Austria plans social media ban for under-14s from BBC
2026-03-28 13:01:06,852 - INFO - [BBC] Article: https://www.bbc.com/news/articles/c4g8w4xp97jo?at_medium=RSS&at_campaign=rss
2026-03-28 13:01:06,852 - INFO - [BBC] Attempt 1/1: Trying with 'requests_browser' strategy...
2026-03-28 13:01:06,895 - INFO - [The Guardian] Article: https://www.theguardian.com/us-news/2026/mar/26/trump-xi-jinping-china-trip-rescheduled-may
2026-03-28 13:01:06,895 - INFO - [The Guardian] Attempt 1/1: Trying with 'requests_browser' strategy...
2026-03-28 13:01:06,903 - INFO - [BBC] Success with 'requests_browser'. Found content (730 words).
2026-03-28 13:01:06,937 - INFO - Duplicate article skipped: Spanish woman who died through euthanasia failed by state, say critics from BBC
2026-03-28 13:01:07,084 - INFO - [The Guardian] Success with 'requests_browser'. Found content (506 words).
2026-03-28 13:01:07,116 - INFO - Duplicate article skipped: Trump’s trip to meet Xi Jinping in China rescheduled for May due to Iran war | Donald Trump | The Guardian from The Guardian
2026-03-28 13:01:07,656 - INFO - [BBC] Article: https://www.bbc.com/news/articles/czxrkq5wdxxo?at_medium=RSS&at_campaign=rss
2026-03-28 13:01:07,656 - INFO - [BBC] Attempt 1/1: Trying with 'requests_browser' strategy...
2026-03-28 13:01:07,698 - INFO - [BBC] Success with 'requests_browser'. Found content (322 words).
2026-03-28 13:01:07,731 - INFO - Duplicate article skipped: Three dead after helicopter crash in Hawaii from BBC
2026-03-28 13:01:08,282 - INFO - [The Guardian] Article: https://www.theguardian.com/australia-news/2026/mar/25/australia-chinese-nationals-arriving-by-boat-indonesia-reports-surge
2026-03-28 13:01:08,283 - INFO - [The Guardian] Attempt 1/1: Trying with 'requests_browser' strategy...
2026-03-28 13:01:08,559 - INFO - [BBC] Article: https://www.bbc.com/news/articles/c4g69q6r32do?at_medium=RSS&at_campaign=rss
2026-03-28 13:01:08,559 - INFO - [BBC] Attempt 1/1: Trying with 'requests_browser' strategy...
2026-03-28 13:01:08,607 - INFO - [BBC] Success with 'requests_browser'. Found content (488 words).
2026-03-28 13:01:08,681 - INFO - Duplicate article skipped: Man arrested over plot to firebomb NY pro-Palestinian activist's home from BBC
2026-03-28 13:01:08,705 - INFO - [The Guardian] Success with 'requests_browser'. Found content (723 words).
2026-03-28 13:01:08,749 - INFO - Duplicate article skipped: Australia refuses to say how many Chinese nationals are arriving by boat, saying it may damage bilateral relations | Australian immigration and asylum | The Guardian from The Guardian
2026-03-28 13:01:09,418 - INFO - [BBC] Article: https://www.bbc.com/news/articles/c8957dxjvkxo?at_medium=RSS&at_campaign=rss
2026-03-28 13:01:09,418 - INFO - [BBC] Attempt 1/1: Trying with 'requests_browser' strategy...
2026-03-28 13:01:09,460 - INFO - [BBC] Success with 'requests_browser'. Found content (313 words).
2026-03-28 13:01:09,494 - INFO - Duplicate article skipped: Belarus leader gifts North Korea's Kim with rifle as they sign friendship treaty from BBC
2026-03-28 13:01:09,975 - INFO - [The Guardian] Article: https://www.theguardian.com/world/2026/mar/25/china-hong-kong-dissidents-transnational-repression-report
2026-03-28 13:01:09,976 - INFO - [The Guardian] Attempt 1/1: Trying with 'requests_browser' strategy...
2026-03-28 13:01:10,379 - INFO - [The Guardian] Success with 'requests_browser'. Found content (696 words).
2026-03-28 13:01:10,421 - INFO - Duplicate article skipped: ‘They can reach me wherever’: China using financial tactics to coerce people who flee, says report | China | The Guardian from The Guardian
2026-03-28 13:01:10,963 - INFO - [BBC] Article: https://www.bbc.com/news/articles/c79jd4x572qo?at_medium=RSS&at_campaign=rss
2026-03-28 13:01:10,963 - INFO - [BBC] Attempt 1/1: Trying with 'requests_browser' strategy...
2026-03-28 13:01:11,011 - INFO - [BBC] Success with 'requests_browser'. Found content (416 words).
2026-03-28 13:01:11,043 - INFO - Duplicate article skipped: Savannah Guthrie to return to Today show as search for mother continues from BBC
2026-03-28 13:01:11,796 - INFO - [The Guardian] Article: https://www.theguardian.com/world/2026/mar/25/philippines-declares-national-energy-emergency-iran-war
2026-03-28 13:01:11,796 - INFO - [The Guardian] Attempt 1/1: Trying with 'requests_browser' strategy...
2026-03-28 13:01:11,983 - INFO - [The Guardian] Success with 'requests_browser'. Found content (653 words).
2026-03-28 13:01:12,012 - INFO - Duplicate article skipped: Philippines declares ‘national energy emergency’ and boosts coal power as Iran war grinds on | Philippines | The Guardian from The Guardian
2026-03-28 13:01:12,380 - INFO - [BBC] Article: https://www.bbc.com/news/articles/c62l7l99z9do?at_medium=RSS&at_campaign=rss
2026-03-28 13:01:12,380 - INFO - [BBC] Attempt 1/1: Trying with 'requests_browser' strategy...
2026-03-28 13:01:12,426 - INFO - [BBC] Success with 'requests_browser'. Found content (421 words).
2026-03-28 13:01:12,458 - INFO - Duplicate article skipped: Palestinian man killed as death toll from West Bank settler violence climbs from BBC
2026-03-28 13:01:12,672 - INFO - [The Guardian] Article: https://www.theguardian.com/australia-news/2026/mar/28/tropical-cyclone-narelle-wa-carnavon-exmouth-perth-bom-weather-warning-forecasts
2026-03-28 13:01:12,672 - INFO - [The Guardian] Attempt 1/1: Trying with 'requests_browser' strategy...
2026-03-28 13:01:13,084 - INFO - [The Guardian] Success with 'requests_browser'. Found content (963 words).
2026-03-28 13:01:13,121 - INFO - Saved article: ‘No one has had a dry run’: weather warnings for storm-ravaged WA after Cyclone Narelle downgraded to tropical low | Australia weather | The Guardian from The Guardian
2026-03-28 13:01:13,558 - INFO - [BBC] Article: https://www.bbc.com/news/articles/c75kzk3lgl5o?at_medium=RSS&at_campaign=rss
2026-03-28 13:01:13,559 - INFO - [BBC] Attempt 1/1: Trying with 'requests_browser' strategy...
2026-03-28 13:01:13,610 - INFO - [BBC] Success with 'requests_browser'. Found content (645 words).
2026-03-28 13:01:13,650 - INFO - Duplicate article skipped: UN human rights chief calls on US to conclude probe into Iran school strike from BBC
2026-03-28 13:01:13,866 - INFO - Selenium driver initialized successfully.
2026-03-28 13:01:13,866 - INFO - Selenium driver initialized successfully.
2026-03-28 13:01:13,866 - INFO - Starting scrape for Times of India RSS feed: https://timesofindia.indiatimes.com/rssfeeds/296589292.cms
2026-03-28 13:01:13,867 - INFO - Starting scrape for The Hindu RSS feed: https://www.thehindu.com/news/national/feeder/default.rss
2026-03-28 13:01:14,041 - INFO - Found 60 articles in The Hindu RSS feed. Processing up to 25.
2026-03-28 13:01:14,041 - INFO - [The Hindu] Article: https://www.thehindu.com/news/national/uttar-pradesh/defamation-case-application-filed-in-court-for-voice-sample-of-rahul-gandhi/article70796296.ece
2026-03-28 13:01:14,041 - INFO - [The Hindu] Attempt 1/1: Trying with 'selenium_browser' strategy...
2026-03-28 13:01:14,221 - INFO - [BBC] Article: https://www.bbc.com/news/articles/c9vlmxwk2jmo?at_medium=RSS&at_campaign=rss
2026-03-28 13:01:14,221 - INFO - [BBC] Attempt 1/1: Trying with 'requests_browser' strategy...
2026-03-28 13:01:14,237 - INFO - [The Guardian] Article: https://www.theguardian.com/australia-news/2026/mar/28/anthony-albanese-chris-bowen-fuel-security-powers-oil-crisis-petrol-diesel-prices
2026-03-28 13:01:14,237 - INFO - [The Guardian] Attempt 1/1: Trying with 'requests_browser' strategy...
2026-03-28 13:01:14,264 - INFO - [BBC] Success with 'requests_browser'. Found content (469 words).
2026-03-28 13:01:14,295 - INFO - Duplicate article skipped: Whale swims for freedom after big German rescue effort on Baltic coast from BBC
2026-03-28 13:01:14,446 - INFO - [The Guardian] Success with 'requests_browser'. Found content (720 words).
2026-03-28 13:01:14,503 - INFO - Duplicate article skipped: Labor to use new fuel security powers to underwrite extra shipments to Australia | Petrol prices | The Guardian from The Guardian
2026-03-28 13:01:14,508 - INFO - Found 20 articles in Times of India RSS feed. Processing up to 25.
2026-03-28 13:01:14,508 - INFO - [Times of India] Article: https://timesofindia.indiatimes.com/world/us/a-parents-worst-nightmare-2-students-killed-several-injured-in-tennessee-school-bus-crash/articleshow/129864762.cms
2026-03-28 13:01:14,508 - INFO - [Times of India] Attempt 1/1: Trying with 'selenium_browser' strategy...
2026-03-28 13:01:15,056 - INFO - [BBC] Article: https://www.bbc.com/news/articles/c895v335xkgo?at_medium=RSS&at_campaign=rss
2026-03-28 13:01:15,056 - INFO - [BBC] Attempt 1/1: Trying with 'requests_browser' strategy...
2026-03-28 13:01:15,115 - INFO - [BBC] Success with 'requests_browser'. Found content (963 words).
2026-03-28 13:01:15,167 - INFO - Duplicate article skipped: Balen Shah: Ex-rapper sworn in as Nepal's prime minister from BBC
2026-03-28 13:01:15,711 - INFO - [The Guardian] Article: https://www.theguardian.com/business/2026/mar/28/its-fired-people-up-support-grows-including-within-labor-for-new-gas-tax-to-curb-wartime-profits
2026-03-28 13:01:15,711 - INFO - [The Guardian] Attempt 1/1: Trying with 'requests_browser' strategy...
2026-03-28 13:01:15,909 - INFO - [BBC] Article: https://www.bbc.com/news/articles/c239n93ejm8o?at_medium=RSS&at_campaign=rss
2026-03-28 13:01:15,909 - INFO - [BBC] Attempt 1/1: Trying with 'requests_browser' strategy...
2026-03-28 13:01:15,917 - INFO - [The Guardian] Success with 'requests_browser'. Found content (809 words).
2026-03-28 13:01:16,061 - INFO - Duplicate article skipped: ‘It’s fired people up’: support grows, including within Labor, for new gas tax to curb wartime profits | Gas | The Guardian from The Guardian
2026-03-28 13:01:16,189 - INFO - [BBC] Success with 'requests_browser'. Found content (1694 words).
2026-03-28 13:01:16,524 - INFO - Duplicate article skipped: I escaped North Korea with my mum, but now I'm terrified she might be sent back from BBC
2026-03-28 13:01:16,886 - INFO - [The Guardian] Article: https://www.theguardian.com/australia-news/2026/mar/28/fuel-crisis-australia-aged-home-care-workers-farmers-construction-waste
2026-03-28 13:01:16,886 - INFO - [The Guardian] Attempt 1/1: Trying with 'requests_browser' strategy...
2026-03-28 13:01:17,148 - INFO - [The Guardian] Success with 'requests_browser'. Found content (905 words).
2026-03-28 13:01:17,263 - INFO - Duplicate article skipped: Older Australians in ‘immediate danger’ as fuel crisis affects travel for aged care workers | Petrol prices | The Guardian from The Guardian
2026-03-28 13:01:17,314 - INFO - [BBC] Article: https://www.bbc.com/news/articles/c15dz7ql59yo?at_medium=RSS&at_campaign=rss
2026-03-28 13:01:17,314 - INFO - [BBC] Attempt 1/1: Trying with 'requests_browser' strategy...
2026-03-28 13:01:17,597 - INFO - [BBC] Success with 'requests_browser'. Found content (1419 words).
2026-03-28 13:01:17,706 - INFO - Saved article: Zhang Xuefeng: China mourns death of a controversial education influencer from BBC
2026-03-28 13:01:17,849 - INFO - [The Guardian] Article: https://www.theguardian.com/world/2026/mar/27/weather-tracker-cold-weather-sweeps-europe-cyclone-hits-australia
2026-03-28 13:01:17,849 - INFO - [The Guardian] Attempt 1/1: Trying with 'requests_browser' strategy...
2026-03-28 13:01:18,351 - INFO - [BBC] Article: https://www.bbc.com/news/articles/c86e3eglv2go?at_medium=RSS&at_campaign=rss
2026-03-28 13:01:18,351 - INFO - [BBC] Attempt 1/1: Trying with 'requests_browser' strategy...
2026-03-28 13:01:18,444 - INFO - [The Guardian] Success with 'requests_browser'. Found content (428 words).
2026-03-28 13:01:18,630 - INFO - Duplicate article skipped: Weather tracker: Cold weather sweeps Europe and cyclone hits Australia | Europe | The Guardian from The Guardian
2026-03-28 13:01:18,682 - INFO - [BBC] Success with 'requests_browser'. Found content (1069 words).
2026-03-28 13:01:18,921 - INFO - Saved article: Silicon Valley reeling from social media addiction trial verdict from BBC
2026-03-28 13:01:19,385 - INFO - [The Guardian] Article: https://www.theguardian.com/world/2026/mar/28/22-people-die-after-six-days-adrift-in-boat-attempting-to-reach-europe-from-libya
2026-03-28 13:01:19,385 - INFO - [The Guardian] Attempt 1/1: Trying with 'requests_browser' strategy...
2026-03-28 13:01:19,683 - INFO - [The Guardian] Success with 'requests_browser'. Found content (450 words).
2026-03-28 13:01:19,866 - INFO - [BBC] Article: https://www.bbc.com/news/articles/c05dlnd3635o?at_medium=RSS&at_campaign=rss
2026-03-28 13:01:19,866 - INFO - [BBC] Attempt 1/1: Trying with 'requests_browser' strategy...
2026-03-28 13:01:19,873 - INFO - Saved article: At least 22 people die after six days adrift in boat en route to Europe from Libya | Migration | The Guardian from The Guardian
2026-03-28 13:01:20,088 - INFO - [BBC] Success with 'requests_browser'. Found content (1157 words).
2026-03-28 13:01:20,347 - INFO - Saved article: Jammed broadcasts to blocked website: BBC Russian's 80 years of defiance from BBC
2026-03-28 13:01:20,810 - INFO - [The Guardian] Article: https://www.theguardian.com/world/2026/mar/28/young-voters-italy-referendum-giorgia-meloni
2026-03-28 13:01:20,810 - INFO - [The Guardian] Attempt 1/1: Trying with 'requests_browser' strategy...
2026-03-28 13:01:21,117 - INFO - [The Guardian] Success with 'requests_browser'. Found content (1007 words).
2026-03-28 13:01:21,424 - INFO - [BBC] Article: https://www.bbc.com/news/articles/c2evg2m3ye2o?at_medium=RSS&at_campaign=rss
2026-03-28 13:01:21,424 - INFO - [BBC] Attempt 1/1: Trying with 'requests_browser' strategy...
2026-03-28 13:01:21,450 - INFO - Saved article: Young voters shake Italy’s political calm as referendum exposes tensions for Giorgia Meloni | Italy | The Guardian from The Guardian
2026-03-28 13:01:21,586 - INFO - [BBC] Success with 'requests_browser'. Found content (540 words).
2026-03-28 13:01:21,832 - INFO - Duplicate article skipped: Is Trump's pause on attacking Iranian energy for diplomacy or an escalation? from BBC
2026-03-28 13:01:22,792 - INFO - [The Guardian] Article: https://www.theguardian.com/world/2026/mar/28/pope-leo-monaco-papal-visit
2026-03-28 13:01:22,792 - INFO - [The Guardian] Attempt 1/1: Trying with 'requests_browser' strategy...
2026-03-28 13:01:22,894 - INFO - [The Guardian] Success with 'requests_browser'. Found content (624 words).
2026-03-28 13:01:22,984 - INFO - Saved article: Pope Leo heads to Monaco 488 years after the last papal visit | Pope Leo XIV | The Guardian from The Guardian
2026-03-28 13:01:23,908 - INFO - [The Guardian] Article: https://www.theguardian.com/world/2026/mar/27/whale-stranded-germany-free-rescue
2026-03-28 13:01:23,909 - INFO - [The Guardian] Attempt 1/1: Trying with 'requests_browser' strategy...
2026-03-28 13:01:24,091 - INFO - [The Guardian] Success with 'requests_browser'. Found content (324 words).
2026-03-28 13:01:24,217 - INFO - Duplicate article skipped: Whale stranded off Germany swims to freedom after days of efforts to save it | Germany | The Guardian from The Guardian
2026-03-28 13:01:25,338 - INFO - [The Guardian] Article: https://www.theguardian.com/world/2026/mar/27/italian-regulator-probes-sephora-benefit-cosmeticorexia-claims
2026-03-28 13:01:25,339 - INFO - [The Guardian] Attempt 1/1: Trying with 'requests_browser' strategy...
2026-03-28 13:01:25,525 - INFO - [The Guardian] Success with 'requests_browser'. Found content (447 words).
2026-03-28 13:01:25,604 - INFO - Duplicate article skipped: Italy investigates beauty brands over concerns about young girls’ mental health | Retail industry | The Guardian from The Guardian
2026-03-28 13:02:14,050 - ERROR - [The Hindu] Request failed for strategy 'selenium_browser' on URL https://www.thehindu.com/news/national/uttar-pradesh/defamation-case-application-filed-in-court-for-voice-sample-of-rahul-gandhi/article70796296.ece: Message: timeout: Timed out receiving message from renderer: 59.851
  (Session info: chrome=146.0.7680.164)
Stacktrace:
#0 0x561a30f62a6a <unknown>
#1 0x561a30971ab5 <unknown>
#2 0x561a309593bb <unknown>
#3 0x561a309590a4 <unknown>
#4 0x561a30956deb <unknown>
#5 0x561a3095776f <unknown>
#6 0x561a309667a0 <unknown>
#7 0x561a309804b7 <unknown>
#8 0x561a30986feb <unknown>
#9 0x561a30957ebf <unknown>
#10 0x561a3098024b <unknown>
#11 0x561a30a0cac6 <unknown>
#12 0x561a309b7cbf <unknown>
#13 0x561a309b8a81 <unknown>
#14 0x561a30f28a64 <unknown>
#15 0x561a30f2b951 <unknown>
#16 0x561a30f1521e <unknown>
#17 0x561a30f2c51e <unknown>
#18 0x561a30efbbe0 <unknown>
#19 0x561a30f4f9b8 <unknown>
#20 0x561a30f4fb88 <unknown>
#21 0x561a30f614de <unknown>
#22 0x7f7ac849caa4 <unknown>
#23 0x7f7ac8529c6c <unknown>

2026-03-28 13:02:14,050 - ERROR - [The Hindu] All scrape strategies failed for https://www.thehindu.com/news/national/uttar-pradesh/defamation-case-application-filed-in-court-for-voice-sample-of-rahul-gandhi/article70796296.ece. Falling back to RSS description.
2026-03-28 13:02:14,052 - INFO - Saved article: Defamation case: Application filed in court for voice sample of Rahul Gandhi from The Hindu
2026-03-28 13:02:14,521 - ERROR - [Times of India] Request failed for strategy 'selenium_browser' on URL https://timesofindia.indiatimes.com/world/us/a-parents-worst-nightmare-2-students-killed-several-injured-in-tennessee-school-bus-crash/articleshow/129864762.cms: Message: timeout: Timed out receiving message from renderer: 59.574
  (Session info: chrome=146.0.7680.164)
Stacktrace:
#0 0x55b59ebb5a6a <unknown>
#1 0x55b59e5c4ab5 <unknown>
#2 0x55b59e5ac3bb <unknown>
#3 0x55b59e5ac0a4 <unknown>
#4 0x55b59e5a9deb <unknown>
#5 0x55b59e5aa76f <unknown>
#6 0x55b59e5b97a0 <unknown>
#7 0x55b59e5d34b7 <unknown>
#8 0x55b59e5d9feb <unknown>
#9 0x55b59e5aaebf <unknown>
#10 0x55b59e5d324b <unknown>
#11 0x55b59e65fac6 <unknown>
#12 0x55b59e60acbf <unknown>
#13 0x55b59e60ba81 <unknown>
#14 0x55b59eb7ba64 <unknown>
#15 0x55b59eb7e951 <unknown>
#16 0x55b59eb6821e <unknown>
#17 0x55b59eb7f51e <unknown>
#18 0x55b59eb4ebe0 <unknown>
#19 0x55b59eba29b8 <unknown>
#20 0x55b59eba2b88 <unknown>
#21 0x55b59ebb44de <unknown>
#22 0x7f120a49caa4 <unknown>
#23 0x7f120a529c6c <unknown>

2026-03-28 13:02:14,521 - ERROR - [Times of India] All scrape strategies failed for https://timesofindia.indiatimes.com/world/us/a-parents-worst-nightmare-2-students-killed-several-injured-in-tennessee-school-bus-crash/articleshow/129864762.cms. Falling back to RSS description.
2026-03-28 13:02:14,523 - INFO - Saved article: ‘A parent’s worst nightmare’: 2 students killed, several injured in Tennessee school bus crash from Times of India
2026-03-28 13:02:15,307 - INFO - [Times of India] Article: https://timesofindia.indiatimes.com/world/us/to-benefit-india-and-h-1bs-row-over-vivek-ramaswamys-crackdown-on-fragmented-ohio-universities/articleshow/129864259.cms
2026-03-28 13:02:15,307 - INFO - [Times of India] Attempt 1/1: Trying with 'selenium_browser' strategy...
2026-03-28 13:02:15,538 - INFO - [The Hindu] Article: https://www.thehindu.com/news/national/andhra-pradesh/lpg-shortage-cripples-hostels-and-small-hotels-in-vizianagaram/article70795378.ece
2026-03-28 13:02:15,538 - INFO - [The Hindu] Attempt 1/1: Trying with 'selenium_browser' strategy...
2026-03-28 13:02:17,287 - INFO - [The Hindu] Page content loaded.
2026-03-28 13:02:17,378 - INFO - [The Hindu] Success with 'selenium_browser'. Found content (367 words).
2026-03-28 13:02:17,657 - INFO - Saved article: LPG shortage cripples hostels and small hotels in Vizianagaram - The Hindu from The Hindu
2026-03-28 13:02:18,966 - INFO - [The Hindu] Article: https://www.thehindu.com/news/national/assam/assam-bjp-expels-nine-rebels-contesting-as-independents/article70796143.ece
2026-03-28 13:02:18,967 - INFO - [The Hindu] Attempt 1/1: Trying with 'selenium_browser' strategy...
2026-03-28 13:02:30,210 - INFO - [The Hindu] Page content loaded.
2026-03-28 13:02:30,342 - INFO - [The Hindu] Success with 'selenium_browser'. Found content (244 words).
2026-03-28 13:02:30,403 - INFO - Saved article: Assam BJP expels nine rebels contesting as Independents - The Hindu from The Hindu
2026-03-28 13:02:31,608 - INFO - [The Hindu] Article: https://www.thehindu.com/elections/tamil-nadu-assembly/tamil-nadu-election-o-panneerselvam-and-supporters-get-dmk-tickets/article70796191.ece
2026-03-28 13:02:31,609 - INFO - [The Hindu] Attempt 1/1: Trying with 'selenium_browser' strategy...
2026-03-28 13:02:34,761 - INFO - [The Hindu] Page content loaded.
2026-03-28 13:02:34,867 - INFO - [The Hindu] Success with 'selenium_browser'. Found content (160 words).
2026-03-28 13:02:34,996 - INFO - Saved article: Tamil Nadu election: O. Panneerselvam and supporters get DMK tickets - The Hindu from The Hindu
2026-03-28 13:02:35,898 - INFO - [The Hindu] Article: https://www.thehindu.com/elections/tamil-nadu-assembly/tamil-nadu-assembly-election-dmk-announces-candidates-for-164-constituencies/article70796131.ece
2026-03-28 13:02:35,898 - INFO - [The Hindu] Attempt 1/1: Trying with 'selenium_browser' strategy...
2026-03-28 13:02:36,570 - INFO - [The Hindu] Page content loaded.
2026-03-28 13:02:36,746 - INFO - [The Hindu] Success with 'selenium_browser'. Found content (316 words).
2026-03-28 13:02:36,830 - INFO - Saved article: Tamil Nadu Assembly election: DMK announces candidates for 164 constituencies - The Hindu from The Hindu
2026-03-28 13:02:37,530 - INFO - [The Hindu] Article: https://www.thehindu.com/news/national/kerala/kerala-state-election-commission-recommends-expansion-of-postal-ballot-facility-three-additional-qualifying-dates-for-voter-enrolment/article70796210.ece
2026-03-28 13:02:37,530 - INFO - [The Hindu] Attempt 1/1: Trying with 'selenium_browser' strategy...
2026-03-28 13:02:38,418 - INFO - [The Hindu] Page content loaded.
2026-03-28 13:02:38,476 - INFO - [The Hindu] Success with 'selenium_browser'. Found content (574 words).
2026-03-28 13:02:38,562 - INFO - Saved article: Kerala State Election Commission recommends expansion of postal ballot facility, three additional qualifying dates for voter enrolment - The Hindu from The Hindu
2026-03-28 13:02:39,096 - INFO - [The Hindu] Article: https://www.thehindu.com/news/national/karnataka/namma-yatri-parent-company-moving-tech-innovations-acquires-dutch-firm-to-enter-european-markets/article70793702.ece
2026-03-28 13:02:39,096 - INFO - [The Hindu] Attempt 1/1: Trying with 'selenium_browser' strategy...
2026-03-28 13:02:40,020 - INFO - [The Hindu] Page content loaded.
2026-03-28 13:02:40,108 - INFO - [The Hindu] Success with 'selenium_browser'. Found content (199 words).
2026-03-28 13:02:40,172 - INFO - Saved article: Namma Yatri parent company Moving Tech Innovations acquires Dutch firm to enter European markets - The Hindu from The Hindu
2026-03-28 13:02:41,096 - INFO - [The Hindu] Article: https://www.thehindu.com/news/national/karnataka/new-bus-stand-at-bannimantap-likely-by-march-2027-minister/article70796194.ece
2026-03-28 13:02:41,096 - INFO - [The Hindu] Attempt 1/1: Trying with 'selenium_browser' strategy...
2026-03-28 13:02:43,486 - INFO - [The Hindu] Page content loaded.
2026-03-28 13:02:43,992 - INFO - [The Hindu] Success with 'selenium_browser'. Found content (169 words).
2026-03-28 13:02:44,090 - INFO - Saved article: New bus stand at Bannimantap likely by March 2027: Minister - The Hindu from The Hindu
2026-03-28 13:02:44,937 - INFO - [The Hindu] Article: https://www.thehindu.com/elections/kerala-assembly/kerala-assembly-elections-2026-not-a-good-precedent-for-governors-to-contest-elections-immediately-after-office-says-sreedharan-pillai/article70796151.ece
2026-03-28 13:02:44,937 - INFO - [The Hindu] Attempt 1/1: Trying with 'selenium_browser' strategy...
2026-03-28 13:02:46,707 - INFO - [The Hindu] Page content loaded.
2026-03-28 13:02:46,907 - INFO - [The Hindu] Success with 'selenium_browser'. Found content (452 words).
2026-03-28 13:02:47,044 - INFO - Saved article: Kerala Assembly Elections 2026: Not a good precedent for Governors to contest elections immediately after office, says Sreedharan Pillai - The Hindu from The Hindu
2026-03-28 13:02:48,010 - INFO - [The Hindu] Article: https://www.thehindu.com/news/national/andhra-pradesh/bullayya-college-of-engineering-hosts-technotsav-and-kalotsav-2k26/article70796149.ece
2026-03-28 13:02:48,010 - INFO - [The Hindu] Attempt 1/1: Trying with 'selenium_browser' strategy...
2026-03-28 13:02:48,470 - INFO - [The Hindu] Page content loaded.
2026-03-28 13:02:48,554 - INFO - [The Hindu] Success with 'selenium_browser'. Found content (293 words).
2026-03-28 13:02:48,619 - INFO - Saved article: Bullayya College of Engineering hosts Technotsav and Kalotsav 2K26 - The Hindu from The Hindu
2026-03-28 13:02:49,439 - INFO - [The Hindu] Article: https://www.thehindu.com/elections/assembly-elections-kerala-assam-tamil-nadu-west-bengal-puducherry-2026-live/article70795253.ece
2026-03-28 13:02:49,440 - INFO - [The Hindu] Attempt 1/1: Trying with 'selenium_browser' strategy...
2026-03-28 13:02:54,803 - INFO - [The Hindu] Page content loaded.
2026-03-28 13:02:55,034 - INFO - [The Hindu] Success with 'selenium_browser'. Found content (273 words).
2026-03-28 13:02:55,320 - INFO - Saved article: Assembly Elections LIVE: DMK chief M.K. Stalin releases candidate list; fields ex-CM Panneerselvam in Bodinayakkanur - The Hindu from The Hindu
2026-03-28 13:02:56,167 - INFO - [The Hindu] Article: https://www.thehindu.com/elections/tamil-nadu-assembly/no-seats-for-dmk-regulars-ponmudi-r-gandhi-mano-thangaraj-and-kayalvizhi-selvaraj/article70796094.ece
2026-03-28 13:02:56,168 - INFO - [The Hindu] Attempt 1/1: Trying with 'selenium_browser' strategy...
2026-03-28 13:02:56,617 - INFO - [The Hindu] Page content loaded.
2026-03-28 13:02:56,679 - INFO - [The Hindu] Success with 'selenium_browser'. Found content (261 words).
2026-03-28 13:02:56,739 - INFO - Saved article: No seats for DMK regulars: Ponmudi, R. Gandhi, Mano Thangaraj, and Kayalvizhi Selvaraj - The Hindu from The Hindu
2026-03-28 13:02:57,286 - INFO - [The Hindu] Article: https://www.thehindu.com/news/national/cooperatives-of-india4705-of-indias-societies-defunct-under-liquidation-or-in-loss/article70768667.ece
2026-03-28 13:02:57,286 - INFO - [The Hindu] Attempt 1/1: Trying with 'selenium_browser' strategy...
2026-03-28 13:02:57,632 - INFO - [The Hindu] Page content loaded.
2026-03-28 13:02:57,783 - INFO - [The Hindu] Success with 'selenium_browser'. Found content (1336 words).
2026-03-28 13:02:57,971 - INFO - Saved article: Cooperatives of India: 47.05% of India’s societies defunct, under liquidation or in loss - The Hindu from The Hindu
2026-03-28 13:02:59,196 - INFO - [The Hindu] Article: https://www.thehindu.com/elections/tamil-nadu-assembly/dmk-finalises-seat-sharing-seven-allies-to-contest-on-rising-sun-symbol/article70795931.ece
2026-03-28 13:02:59,196 - INFO - [The Hindu] Attempt 1/1: Trying with 'selenium_browser' strategy...
2026-03-28 13:03:00,008 - INFO - [The Hindu] Page content loaded.
2026-03-28 13:03:00,100 - INFO - [The Hindu] Success with 'selenium_browser'. Found content (323 words).
2026-03-28 13:03:00,156 - INFO - Saved article: Tamil Nadu Assembly election: DMK announces seats for Secular Progressive Alliance - The Hindu from The Hindu
2026-03-28 13:03:01,361 - INFO - [The Hindu] Article: https://www.thehindu.com/news/national/ahead-of-april-2-hearing-mp-high-court-judges-inspect-bhojshala-temple-kamal-maula-mosque-site/article70796150.ece
2026-03-28 13:03:01,361 - INFO - [The Hindu] Attempt 1/1: Trying with 'selenium_browser' strategy...
2026-03-28 13:03:02,052 - INFO - [The Hindu] Page content loaded.
2026-03-28 13:03:02,129 - INFO - [The Hindu] Success with 'selenium_browser'. Found content (192 words).
2026-03-28 13:03:02,191 - INFO - Saved article: Ahead of April 2 hearing, MP High Court judges inspect Bhojshala Temple-Kamal Maula Mosque site - The Hindu from The Hindu
2026-03-28 13:03:03,134 - INFO - [The Hindu] Article: https://www.thehindu.com/news/national/kerala/kerala-assembly-polls-2026-pinarayi-pandering-to-minority-and-majority-communalism-to-gain-a-few-votes-says-satheesan/article70793934.ece
2026-03-28 13:03:03,134 - INFO - [The Hindu] Attempt 1/1: Trying with 'selenium_browser' strategy...
2026-03-28 13:03:05,450 - INFO - [The Hindu] Page content loaded.
2026-03-28 13:03:05,658 - INFO - [The Hindu] Success with 'selenium_browser'. Found content (258 words).
2026-03-28 13:03:05,791 - INFO - Saved article: Kerala Assembly polls 2026: Pinarayi pandering to minority and majority communalism to gain a few votes, says Satheesan - The Hindu from The Hindu
2026-03-28 13:03:06,796 - INFO - [The Hindu] Article: https://www.thehindu.com/news/national/kerala/defamation-case-against-sobha-surendran-posted-to-october-24/article70795803.ece
2026-03-28 13:03:06,796 - INFO - [The Hindu] Attempt 1/1: Trying with 'selenium_browser' strategy...
2026-03-28 13:03:07,252 - INFO - [The Hindu] Page content loaded.
2026-03-28 13:03:07,304 - INFO - [The Hindu] Success with 'selenium_browser'. Found content (203 words).
2026-03-28 13:03:07,373 - INFO - Saved article: Defamation case against Sobha Surendran posted to October 24 - The Hindu from The Hindu
2026-03-28 13:03:08,293 - INFO - [The Hindu] Article: https://www.thehindu.com/shorts/pm-modi-inaugurates-noida-airport-inside-revealed/article70796147.ece
2026-03-28 13:03:08,293 - INFO - [The Hindu] Attempt 1/1: Trying with 'selenium_browser' strategy...
2026-03-28 13:03:15,334 - ERROR - [Times of India] Request failed for strategy 'selenium_browser' on URL https://timesofindia.indiatimes.com/world/us/to-benefit-india-and-h-1bs-row-over-vivek-ramaswamys-crackdown-on-fragmented-ohio-universities/articleshow/129864259.cms: Message: timeout: Timed out receiving message from renderer: 59.760
  (Session info: chrome=146.0.7680.164)
Stacktrace:
#0 0x55b59ebb5a6a <unknown>
#1 0x55b59e5c4ab5 <unknown>
#2 0x55b59e5ac3bb <unknown>
#3 0x55b59e5ac0a4 <unknown>
#4 0x55b59e5a9deb <unknown>
#5 0x55b59e5aa76f <unknown>
#6 0x55b59e5b97a0 <unknown>
#7 0x55b59e5d34b7 <unknown>
#8 0x55b59e5d9feb <unknown>
#9 0x55b59e5aaebf <unknown>
#10 0x55b59e5d324b <unknown>
#11 0x55b59e65fac6 <unknown>
#12 0x55b59e60acbf <unknown>
#13 0x55b59e60ba81 <unknown>
#14 0x55b59eb7ba64 <unknown>
#15 0x55b59eb7e951 <unknown>
#16 0x55b59eb6821e <unknown>
#17 0x55b59eb7f51e <unknown>
#18 0x55b59eb4ebe0 <unknown>
#19 0x55b59eba29b8 <unknown>
#20 0x55b59eba2b88 <unknown>
#21 0x55b59ebb44de <unknown>
#22 0x7f120a49caa4 <unknown>
#23 0x7f120a529c6c <unknown>

2026-03-28 13:03:15,334 - ERROR - [Times of India] All scrape strategies failed for https://timesofindia.indiatimes.com/world/us/to-benefit-india-and-h-1bs-row-over-vivek-ramaswamys-crackdown-on-fragmented-ohio-universities/articleshow/129864259.cms. Falling back to RSS description.
2026-03-28 13:03:15,337 - INFO - Saved article: ‘To benefit India and H-1Bs’: Row over Vivek Ramaswamy’s crackdown on ‘fragmented’ Ohio universities from Times of India
2026-03-28 13:03:16,721 - INFO - [Times of India] Article: https://timesofindia.indiatimes.com/world/us-streamers/im-the-mastermind-candace-owens-dismisses-link-to-kash-patel-cyberattack-as-misinformation-spreads-online/articleshow/129859501.cms
2026-03-28 13:03:16,721 - INFO - [Times of India] Attempt 1/1: Trying with 'selenium_browser' strategy...
2026-03-28 13:03:19,274 - INFO - [Times of India] Page content loaded.
2026-03-28 13:03:19,455 - INFO - [Times of India] Success with 'selenium_browser'. Found content (397 words).
2026-03-28 13:03:19,540 - INFO - Saved article: "I'm the mastermind": Candace Owens dismisses link to Kash Patel cyberattack as misinformation spreads online - The Times of India from Times of India
2026-03-28 13:03:19,690 - WARNING - [The Hindu] Page timed out (10s). No <p> tags found. Proceeding anyway.
2026-03-28 13:03:19,865 - WARNING - [The Hindu] FAILED with 'selenium_browser' (content was too short: 48 words).
2026-03-28 13:03:19,866 - ERROR - [The Hindu] All scrape strategies failed for https://www.thehindu.com/shorts/pm-modi-inaugurates-noida-airport-inside-revealed/article70796147.ece. Falling back to RSS description.
2026-03-28 13:03:19,867 - INFO - Saved article: PM Modi inaugurates Noida airport; inside revealed from The Hindu
2026-03-28 13:03:20,110 - INFO - [Times of India] Article: https://timesofindia.indiatimes.com/world/us-streamers/clavicular-breaks-silence-after-jail-release-as-he-shows-zero-remorse-amid-alligator-video-and-assault-case/articleshow/129859609.cms
2026-03-28 13:03:20,110 - INFO - [Times of India] Attempt 1/1: Trying with 'selenium_browser' strategy...
2026-03-28 13:03:20,557 - INFO - [The Hindu] Article: https://www.thehindu.com/news/national/telangana/minister-seethakka-defends-cheyutha-pension-scheme-in-telangana-rejects-oppositions-claims/article70795823.ece
2026-03-28 13:03:20,557 - INFO - [The Hindu] Attempt 1/1: Trying with 'selenium_browser' strategy...
2026-03-28 13:03:21,046 - INFO - [Times of India] Page content loaded.
2026-03-28 13:03:21,326 - INFO - [Times of India] Success with 'selenium_browser'. Found content (397 words).
2026-03-28 13:03:21,417 - INFO - Saved article: Clavicular breaks silence after jail release as he shows zero remorse amid alligator video and assault case - The Times of India from Times of India
2026-03-28 13:03:22,474 - INFO - [Times of India] Article: https://timesofindia.indiatimes.com/world/rest-of-world/missing-aid-sailboats-bound-for-cuba-located-by-mexico-crew-safe/articleshow/129863832.cms
2026-03-28 13:03:22,474 - INFO - [Times of India] Attempt 1/1: Trying with 'selenium_browser' strategy...
2026-03-28 13:03:22,837 - INFO - [The Hindu] Page content loaded.
2026-03-28 13:03:22,927 - INFO - [The Hindu] Success with 'selenium_browser'. Found content (338 words).
2026-03-28 13:03:23,034 - INFO - Saved article: Minister Seethakka defends Cheyutha pension scheme in Telangana, rejects Opposition’s claims - The Hindu from The Hindu
2026-03-28 13:03:24,192 - INFO - [The Hindu] Article: https://www.thehindu.com/news/national/andhra-pradesh/intensified-enforcement-measures-to-ensure-passenger-safety-says-minister-for-transport/article70795805.ece
2026-03-28 13:03:24,192 - INFO - [The Hindu] Attempt 1/1: Trying with 'selenium_browser' strategy...
2026-03-28 13:03:25,261 - INFO - [The Hindu] Page content loaded.
2026-03-28 13:03:25,370 - INFO - [The Hindu] Success with 'selenium_browser'. Found content (205 words).
2026-03-28 13:03:25,525 - INFO - Saved article: Intensified enforcement measures to ensure passenger safety, says Minister for Transport - The Hindu from The Hindu
2026-03-28 13:03:26,857 - INFO - [Times of India] Page content loaded.
2026-03-28 13:03:26,893 - INFO - [The Hindu] Article: https://www.thehindu.com/news/national/west-bengal/amit-shah-bjp-list-of-charges-against-tmc-march-28/article70795374.ece
2026-03-28 13:03:26,894 - INFO - [The Hindu] Attempt 1/1: Trying with 'selenium_browser' strategy...
2026-03-28 13:03:27,275 - INFO - [Times of India] Success with 'selenium_browser'. Found content (246 words).
2026-03-28 13:03:27,454 - INFO - Saved article: Missing aid sailboats bound for Cuba located by Mexico, crew safe - The Times of India from Times of India
2026-03-28 13:03:28,815 - INFO - [Times of India] Article: https://timesofindia.indiatimes.com/world/europe/sweet-heist-12-tonnes-of-kitkat-stolen-in-europe-ahead-of-easter/articleshow/129862471.cms
2026-03-28 13:03:28,815 - INFO - [Times of India] Attempt 1/1: Trying with 'selenium_browser' strategy...
2026-03-28 13:03:30,854 - INFO - [Times of India] Page content loaded.
2026-03-28 13:03:31,139 - INFO - [The Hindu] Page content loaded.
2026-03-28 13:03:31,273 - INFO - [The Hindu] Success with 'selenium_browser'. Found content (245 words).
2026-03-28 13:03:31,389 - INFO - [Times of India] Success with 'selenium_browser'. Found content (345 words).
2026-03-28 13:03:31,443 - INFO - Saved article: Amit Shah releases ‘charge sheet’ against TMC govt, says Bengal polls key to nation’s security - The Hindu from The Hindu
2026-03-28 13:03:31,488 - INFO - Saved article: Sweet heist: 12 tonnes of KitKat stolen in Europe ahead of Easter - The Times of India from Times of India
2026-03-28 13:03:32,352 - INFO - [Times of India] Article: https://timesofindia.indiatimes.com/world/middle-east/dubai-crown-prince-sheikh-hamdan-bin-mohammed-al-maktoum-drops-viral-picture-of-lightning-strike-on-burj-khalifa-why-worlds-tallest-tower-doesnt-flinch-explained/articleshow/129861357.cms
2026-03-28 13:03:32,353 - INFO - [Times of India] Attempt 1/1: Trying with 'selenium_browser' strategy...
2026-03-28 13:03:32,424 - INFO - [The Hindu] Article: https://www.thehindu.com/shorts/ramesh-chennithala-claims-strong-anti-incumbency-in-kerala/article70796110.ece
2026-03-28 13:03:32,425 - INFO - [The Hindu] Attempt 1/1: Trying with 'selenium_browser' strategy...
2026-03-28 13:03:33,182 - INFO - [Times of India] Page content loaded.
2026-03-28 13:03:33,336 - INFO - [Times of India] Success with 'selenium_browser'. Found content (946 words).
2026-03-28 13:03:33,389 - INFO - Saved article: Dubai Crown Prince Sheikh Hamdan bin Mohammed Al Maktoum drops viral picture of lightning strike on Burj Khalifa: Why world’s tallest tower doesn’t flinch explained - The Times of India from Times of India
2026-03-28 13:03:34,756 - INFO - [Times of India] Article: https://timesofindia.indiatimes.com/world/middle-east/uae-doubles-down-on-moon-exploration-mohammed-bin-rashid-space-centre-refuses-to-step-back-despite-nasas-u-turn-on-lunar-gateway/articleshow/129846273.cms
2026-03-28 13:03:34,756 - INFO - [Times of India] Attempt 1/1: Trying with 'selenium_browser' strategy...
2026-03-28 13:03:35,790 - INFO - [Times of India] Page content loaded.
2026-03-28 13:03:35,957 - INFO - [Times of India] Success with 'selenium_browser'. Found content (777 words).
2026-03-28 13:03:36,015 - INFO - Saved article: UAE doubles down on moon exploration: Mohammed Bin Rashid Space Centre refuses to step back despite NASA’s U-turn on Lunar Gateway - The Times of India from Times of India
2026-03-28 13:03:37,332 - INFO - [Times of India] Article: https://timesofindia.indiatimes.com/world/middle-east/gulf-news-middle-east-war-5-indians-injured-in-abu-dhabi-as-fire-breaks-out-after-missile-interception/articleshow/129858878.cms
2026-03-28 13:03:37,332 - INFO - [Times of India] Attempt 1/1: Trying with 'selenium_browser' strategy...
2026-03-28 13:03:38,405 - INFO - [Times of India] Page content loaded.
2026-03-28 13:03:38,530 - INFO - [Times of India] Success with 'selenium_browser'. Found content (213 words).
2026-03-28 13:03:38,613 - INFO - Saved article: Middle East war: 5 Indians injured in Abu Dhabi as fire breaks out after missile interception - The Times of India from Times of India
2026-03-28 13:03:40,074 - INFO - [Times of India] Article: https://timesofindia.indiatimes.com/world/middle-east/war-to-end-in-weeks-not-months-rubio-says-no-need-to-send-ground-troops-to-iran/articleshow/129857864.cms
2026-03-28 13:03:40,074 - INFO - [Times of India] Attempt 1/1: Trying with 'selenium_browser' strategy...
2026-03-28 13:03:42,443 - INFO - [Times of India] Page content loaded.
2026-03-28 13:03:42,723 - INFO - [Times of India] Success with 'selenium_browser'. Found content (537 words).
2026-03-28 13:03:42,803 - INFO - Saved article: War to end in ‘weeks, not months’: Rubio says no need to send ground troops to Iran - The Times of India from Times of India
2026-03-28 13:03:43,389 - WARNING - [The Hindu] Page timed out (10s). No <p> tags found. Proceeding anyway.
2026-03-28 13:03:43,411 - WARNING - [The Hindu] FAILED with 'selenium_browser' (content was too short: 56 words).
2026-03-28 13:03:43,411 - ERROR - [The Hindu] All scrape strategies failed for https://www.thehindu.com/shorts/ramesh-chennithala-claims-strong-anti-incumbency-in-kerala/article70796110.ece. Falling back to RSS description.
2026-03-28 13:03:43,413 - INFO - Saved article: Ramesh Chennithala claims strong anti-incumbency in Kerala from The Hindu
2026-03-28 13:03:44,026 - INFO - [Times of India] Article: https://timesofindia.indiatimes.com/world/us/watch-us-president-calls-it-strait-of-trump-then-says-it-wasnt-an-accident/articleshow/129857464.cms
2026-03-28 13:03:44,027 - INFO - [Times of India] Attempt 1/1: Trying with 'selenium_browser' strategy...
2026-03-28 13:03:44,496 - INFO - [The Hindu] Article: https://www.thehindu.com/news/national/andhra-pradesh/technology-is-a-powerful-tool-use-it-for-public-safety-and-security-sp-jagadeesh/article70796061.ece
2026-03-28 13:03:44,496 - INFO - [The Hindu] Attempt 1/1: Trying with 'selenium_browser' strategy...
2026-03-28 13:03:46,817 - INFO - [Times of India] Page content loaded.
2026-03-28 13:03:46,977 - INFO - [Times of India] Success with 'selenium_browser'. Found content (385 words).
2026-03-28 13:03:47,093 - INFO - Duplicate article skipped: Watch: US President calls it ‘Strait of Trump,’ then says it wasn’t an accident - The Times of India from Times of India
2026-03-28 13:03:47,346 - INFO - [The Hindu] Page content loaded.
2026-03-28 13:03:47,480 - INFO - [The Hindu] Success with 'selenium_browser'. Found content (231 words).
2026-03-28 13:03:47,651 - INFO - Saved article: Technology is a powerful tool, use it for public safety, and security: SP Jagadeesh - The Hindu from The Hindu
2026-03-28 13:03:48,055 - INFO - [Times of India] Article: https://timesofindia.indiatimes.com/world/south-asia/nepal-former-prime-minister-kp-sharma-oli-ex-home-minister-arrested-over-gen-z-protest-crackdown/articleshow/129857305.cms
2026-03-28 13:03:48,055 - INFO - [Times of India] Attempt 1/1: Trying with 'selenium_browser' strategy...
2026-03-28 13:03:48,657 - INFO - [The Hindu] Article: https://www.thehindu.com/news/national/jaishankar-meets-french-president-macron-on-sidelines-of-g7-summit/article70796074.ece
2026-03-28 13:03:48,657 - INFO - [The Hindu] Attempt 1/1: Trying with 'selenium_browser' strategy...
2026-03-28 13:03:51,357 - INFO - [Times of India] Page content loaded.
2026-03-28 13:03:51,563 - INFO - [Times of India] Success with 'selenium_browser'. Found content (504 words).
2026-03-28 13:03:51,629 - INFO - Duplicate article skipped: Nepal: Former Prime Minister KP Sharma Oli, ex-home minister arrested over Gen Z protest crackdown - The Times of India from Times of India
2026-03-28 13:03:51,901 - INFO - [The Hindu] Page content loaded.
2026-03-28 13:03:52,162 - INFO - [The Hindu] Success with 'selenium_browser'. Found content (380 words).
2026-03-28 13:03:52,271 - INFO - Saved article: Jaishankar meets French President Macron on sidelines of G7 Summit - The Hindu from The Hindu
2026-03-28 13:03:52,568 - INFO - [Times of India] Article: https://timesofindia.indiatimes.com/world/us/gates-adviser-served-as-conduit-to-epstein-discussed-hot-girls/articleshow/129857213.cms
2026-03-28 13:03:52,568 - INFO - [Times of India] Attempt 1/1: Trying with 'selenium_browser' strategy...
2026-03-28 13:03:53,071 - INFO - [The Hindu] Article: https://www.thehindu.com/elections/west-bengal-assembly/by-attempting-to-destroy-bengal-bjp-will-lose-power-in-country-mamata-banerjee/article70795861.ece
2026-03-28 13:03:53,071 - INFO - [The Hindu] Attempt 1/1: Trying with 'selenium_browser' strategy...
2026-03-28 13:03:54,390 - INFO - [The Hindu] Page content loaded.
2026-03-28 13:03:54,512 - INFO - [The Hindu] Success with 'selenium_browser'. Found content (276 words).
2026-03-28 13:03:54,615 - INFO - Saved article: By attempting to destroy Bengal, BJP will lose power in country: Mamata Banerjee - The Hindu from The Hindu
2026-03-28 13:03:55,894 - INFO - [The Hindu] (Thread) Finished. Attempting to shut down its Selenium driver.
2026-03-28 13:03:56,125 - INFO - [The Hindu] (Thread) driver.quit() successful.
2026-03-28 13:04:06,157 - WARNING - [Times of India] Page timed out (10s). No <p> tags found. Proceeding anyway.
2026-03-28 13:04:06,295 - INFO - [Times of India] Success with 'selenium_browser'. Found content (420 words).
2026-03-28 13:04:06,372 - INFO - Duplicate article skipped: Gates adviser served as conduit to Epstein, discussed ‘hot girls’ - The Times of India from Times of India
2026-03-28 13:04:07,459 - INFO - [Times of India] Article: https://timesofindia.indiatimes.com/etimes/trending/mum-who-vanished-without-trace-in-2001-found-alive-meets-daughter-in-emotional-courthouse-reunion/articleshow/129854308.cms
2026-03-28 13:04:07,459 - INFO - [Times of India] Attempt 1/1: Trying with 'selenium_browser' strategy...
2026-03-28 13:04:20,796 - WARNING - [Times of India] Page timed out (10s). No <p> tags found. Proceeding anyway.
2026-03-28 13:04:20,893 - INFO - [Times of India] Success with 'selenium_browser'. Found content (1012 words).
2026-03-28 13:04:20,953 - INFO - Duplicate article skipped: Mum who vanished without trace in 2001 found alive, meets daughter in emotional courthouse reunion | - The Times of India from Times of India
2026-03-28 13:04:22,161 - INFO - [Times of India] Article: https://timesofindia.indiatimes.com/world/us/h-1b-lottery-results-fy-2027-out-usciss-first-wage-based-selections-done-whats-next/articleshow/129854221.cms
2026-03-28 13:04:22,161 - INFO - [Times of India] Attempt 1/1: Trying with 'selenium_browser' strategy...
2026-03-28 13:04:23,126 - INFO - [Times of India] Page content loaded.
2026-03-28 13:04:23,339 - INFO - [Times of India] Success with 'selenium_browser'. Found content (389 words).
2026-03-28 13:04:23,403 - INFO - Duplicate article skipped: H-1B Lottery: H-1B lottery results FY 2027 out: USCIS's first wage-based selections done. What's next? - The Times of India from Times of India
2026-03-28 13:04:24,889 - INFO - [Times of India] Article: https://timesofindia.indiatimes.com/world/us-streamers/clavicular-arrest-update-florida-streamer-allegedly-instigated-fight-between-women-on-stream/articleshow/129854454.cms
2026-03-28 13:04:24,889 - INFO - [Times of India] Attempt 1/1: Trying with 'selenium_browser' strategy...
2026-03-28 13:04:25,724 - INFO - [Times of India] Page content loaded.
2026-03-28 13:04:25,826 - INFO - [Times of India] Success with 'selenium_browser'. Found content (375 words).
2026-03-28 13:04:25,931 - INFO - Duplicate article skipped: Clavicular Arrest: Clavicular arrest update: Florida streamer allegedly instigated fight between women on stream - The Times of India from Times of India
2026-03-28 13:04:27,190 - INFO - [Times of India] Article: https://timesofindia.indiatimes.com/world/europe/invisible-buildings-why-switzerland-marks-out-homes-with-tall-poles-weeks-before-construction/articleshow/129856371.cms
2026-03-28 13:04:27,190 - INFO - [Times of India] Attempt 1/1: Trying with 'selenium_browser' strategy...
2026-03-28 13:04:27,899 - INFO - [Times of India] Page content loaded.
2026-03-28 13:04:28,045 - INFO - [Times of India] Success with 'selenium_browser'. Found content (677 words).
2026-03-28 13:04:28,102 - INFO - Duplicate article skipped: Invisible buildings: Why Switzerland marks out homes with tall poles weeks before construction | World News - The Times of India from Times of India
2026-03-28 13:04:29,394 - INFO - [Times of India] Article: https://timesofindia.indiatimes.com/science/electricity-from-sweat-scientists-develop-sweat-sensors-and-their-future-in-personal-health-monitoring-looks-bright/articleshow/129847384.cms
2026-03-28 13:04:29,394 - INFO - [Times of India] Attempt 1/1: Trying with 'selenium_browser' strategy...
2026-03-28 13:04:30,194 - INFO - [Times of India] Page content loaded.
2026-03-28 13:04:30,307 - INFO - [Times of India] Success with 'selenium_browser'. Found content (676 words).
2026-03-28 13:04:30,361 - INFO - Duplicate article skipped: Electricity from sweat: Scientists develop sweat sensors and their future in personal health monitoring looks bright | - The Times of India from Times of India
2026-03-28 13:04:31,221 - INFO - [Times of India] Article: https://timesofindia.indiatimes.com/science/8-sky-events-in-april-2026-you-cant-miss-from-a-blazing-comet-to-meteor-storms/photostory/129852221.cms
2026-03-28 13:04:31,221 - INFO - [Times of India] Attempt 1/1: Trying with 'selenium_browser' strategy...
2026-03-28 13:04:31,761 - INFO - [Times of India] Page content loaded.
2026-03-28 13:04:31,974 - INFO - [Times of India] Success with 'selenium_browser'. Found content (869 words).
2026-03-28 13:04:32,029 - INFO - Duplicate article skipped: 8 sky events in April 2026 you can’t miss: From a blazing comet to meteor storms from Times of India
2026-03-28 13:04:32,582 - INFO - [Times of India] Article: https://timesofindia.indiatimes.com/world/us/tiger-woods-involved-in-rollover-car-crash-in-florida-what-we-know/articleshow/129854287.cms
2026-03-28 13:04:32,582 - INFO - [Times of India] Attempt 1/1: Trying with 'selenium_browser' strategy...
2026-03-28 13:04:34,798 - INFO - [Times of India] Page content loaded.
2026-03-28 13:04:34,976 - INFO - [Times of India] Success with 'selenium_browser'. Found content (256 words).
2026-03-28 13:04:35,056 - INFO - Duplicate article skipped: Tiger Woods involved in rollover car crash in Florida: What we know - The Times of India from Times of India
2026-03-28 13:04:36,045 - INFO - [Times of India] (Thread) Finished. Attempting to shut down its Selenium driver.
2026-03-28 13:04:36,214 - INFO - [Times of India] (Thread) driver.quit() successful.
2026-03-28 13:04:36,215 - INFO - Shutting down thread pool (wait=False)...
2026-03-28 13:04:36,215 - INFO - Scraped: 10 BBC, 25 The Hindu, 10 Times of India, 5 The Guardian articles. (Total saved: 50)
2026-03-28 13:04:36,215 - INFO - --- Scraping job finished ---
2026-03-28 13:04:36,219 - INFO - --- Scraper service stopped and database connection closed. ---
2026-03-28 13:04:36,219 - INFO - --- Main thread finished. Forcing process exit to kill zombie threads. ---
