2026-04-10 13:17:18,702 - INFO - Initializing database connection at: news_articles.db
2026-04-10 13:17:18,702 - INFO - --- Scraper service started (CI Mode: Run Once) ---
2026-04-10 13:17:18,702 - INFO - --- Starting new scraping job (Parallel Mode) ---
2026-04-10 13:17:18,702 - INFO - Creating new robust session with 3 retries on 5xx/connection/read errors.
2026-04-10 13:17:18,702 - INFO - Proxy is DISABLED.
2026-04-10 13:17:18,703 - INFO - Starting scrape for BBC RSS feed: http://feeds.bbci.co.uk/news/world/rss.xml
2026-04-10 13:17:18,703 - INFO - [Times of India] (Thread) requires Selenium. Initializing driver...
2026-04-10 13:17:18,703 - INFO - Initializing headless Selenium Chrome driver (using SeleniumManager)...
2026-04-10 13:17:18,704 - INFO - Starting scrape for The Guardian RSS feed: https://www.theguardian.com/world/rss
2026-04-10 13:17:18,704 - INFO - [The Hindu] (Thread) requires Selenium. Initializing driver...
2026-04-10 13:17:18,704 - INFO - Initializing headless Selenium Chrome driver (using SeleniumManager)...
2026-04-10 13:17:18,705 - INFO - Submitted 4 jobs to thread pool. Waiting up to 420s for completion...
2026-04-10 13:17:18,801 - INFO - Found 45 articles in The Guardian RSS feed. Processing up to 25.
2026-04-10 13:17:18,801 - INFO - [The Guardian] Article: https://www.theguardian.com/environment/2026/apr/09/civil-war-chimpanzee-group-closer-to-human-condition-aoe
2026-04-10 13:17:18,801 - INFO - [The Guardian] Attempt 1/1: Trying with 'requests_browser' strategy...
2026-04-10 13:17:18,862 - INFO - [The Guardian] Success with 'requests_browser'. Found content (786 words).
2026-04-10 13:17:18,898 - INFO - Duplicate article skipped: Wild chimpanzees recorded waging ‘civil war’ with coordinated attacks between two groups | Primatology | The Guardian from The Guardian
2026-04-10 13:17:19,305 - INFO - Found 24 articles in BBC RSS feed. Processing up to 25.
2026-04-10 13:17:19,305 - INFO - [BBC] Article: https://www.bbc.com/news/articles/cge0xre3d27o?at_medium=RSS&at_campaign=rss
2026-04-10 13:17:19,305 - INFO - [BBC] Attempt 1/1: Trying with 'requests_browser' strategy...
2026-04-10 13:17:19,530 - INFO - [BBC] Success with 'requests_browser'. Found content (918 words).
2026-04-10 13:17:19,588 - INFO - Duplicate article skipped: Trump says Iran's handling of Strait of Hormuz is 'not the agreement we have' from BBC
2026-04-10 13:17:20,264 - INFO - [The Guardian] Article: https://www.theguardian.com/us-news/2026/apr/09/day-in-the-life-19-year-old-ice-detention
2026-04-10 13:17:20,264 - INFO - [The Guardian] Attempt 1/1: Trying with 'requests_browser' strategy...
2026-04-10 13:17:20,308 - INFO - [The Guardian] Success with 'requests_browser'. Found content (2091 words).
2026-04-10 13:17:20,347 - INFO - Duplicate article skipped: A day in the life of a 19-year-old in ICE detention: ‘I feel that this nightmare is not going to end’ | ICE (US Immigration and Customs Enforcement) | The Guardian from The Guardian
2026-04-10 13:17:20,401 - INFO - [BBC] Article: https://www.bbc.com/news/articles/cp3l4yk5rlgo?at_medium=RSS&at_campaign=rss
2026-04-10 13:17:20,401 - INFO - [BBC] Attempt 1/1: Trying with 'requests_browser' strategy...
2026-04-10 13:17:20,445 - INFO - [BBC] Success with 'requests_browser'. Found content (2027 words).
2026-04-10 13:17:20,491 - INFO - Duplicate article skipped: Ceasefire or no ceasefire, the Middle East's reshuffling is not yet done from BBC
2026-04-10 13:17:20,888 - INFO - [The Guardian] Article: https://www.theguardian.com/us-news/2026/apr/07/kilmar-abrego-garcia-liberia-deportation
2026-04-10 13:17:20,888 - INFO - [The Guardian] Attempt 1/1: Trying with 'requests_browser' strategy...
2026-04-10 13:17:20,953 - INFO - [The Guardian] Success with 'requests_browser'. Found content (408 words).
2026-04-10 13:17:20,992 - INFO - Duplicate article skipped: US seeks to deport Kilmar Ábrego García to Liberia despite new Costa Rica deal | US immigration | The Guardian from The Guardian
2026-04-10 13:17:21,744 - INFO - [The Guardian] Article: https://www.theguardian.com/world/2026/apr/07/cambodian-man-pheap-rom-deported-us-eswatini
2026-04-10 13:17:21,744 - INFO - [The Guardian] Attempt 1/1: Trying with 'requests_browser' strategy...
2026-04-10 13:17:21,798 - INFO - [The Guardian] Success with 'requests_browser'. Found content (881 words).
2026-04-10 13:17:21,835 - INFO - Duplicate article skipped: ‘We still deserve due process,’ says Cambodian man deported by US to Eswatini | ICE (US Immigration and Customs Enforcement) | The Guardian from The Guardian
2026-04-10 13:17:21,869 - INFO - [BBC] Article: https://www.bbc.com/news/articles/c3ex07l1qvpo?at_medium=RSS&at_campaign=rss
2026-04-10 13:17:21,869 - INFO - [BBC] Attempt 1/1: Trying with 'requests_browser' strategy...
2026-04-10 13:17:21,912 - INFO - [BBC] Success with 'requests_browser'. Found content (1118 words).
2026-04-10 13:17:21,971 - INFO - Duplicate article skipped: Melania Trump denies ties to Jeffrey Epstein and urges hearing for survivors from BBC
2026-04-10 13:17:22,766 - INFO - [BBC] Article: https://www.bbc.com/news/articles/cj94y87k2ljo?at_medium=RSS&at_campaign=rss
2026-04-10 13:17:22,766 - INFO - [BBC] Attempt 1/1: Trying with 'requests_browser' strategy...
2026-04-10 13:17:22,895 - INFO - [The Guardian] Article: https://www.theguardian.com/world/2026/apr/03/people-burkina-faso-should-forget-about-democracy-military-ruler-ibrahim-traore
2026-04-10 13:17:22,895 - INFO - [The Guardian] Attempt 1/1: Trying with 'requests_browser' strategy...
2026-04-10 13:17:22,950 - INFO - [The Guardian] Success with 'requests_browser'. Found content (340 words).
2026-04-10 13:17:22,983 - INFO - Duplicate article skipped: People of Burkina Faso should forget about democracy, says military ruler | Burkina Faso | The Guardian from The Guardian
2026-04-10 13:17:23,261 - INFO - [BBC] Success with 'requests_browser'. Found content (452 words).
2026-04-10 13:17:23,315 - INFO - Saved article: Cheng Li-wun: Taiwan opposition leader meets Xi Jinping in Beijing from BBC
2026-04-10 13:17:23,675 - INFO - [The Guardian] Article: https://www.theguardian.com/world/2026/apr/10/peru-election-polls-instability
2026-04-10 13:17:23,675 - INFO - [The Guardian] Attempt 1/1: Trying with 'requests_browser' strategy...
2026-04-10 13:17:23,801 - INFO - [The Guardian] Success with 'requests_browser'. Found content (587 words).
2026-04-10 13:17:23,838 - INFO - Saved article: Peruvians to go to polls hoping to break cycle of instability | Peru | The Guardian from The Guardian
2026-04-10 13:17:24,225 - INFO - [BBC] Article: https://www.bbc.com/news/articles/cn4vdnr8knjo?at_medium=RSS&at_campaign=rss
2026-04-10 13:17:24,225 - INFO - [BBC] Attempt 1/1: Trying with 'requests_browser' strategy...
2026-04-10 13:17:24,255 - INFO - [BBC] Success with 'requests_browser'. Found content (343 words).
2026-04-10 13:17:24,297 - INFO - Saved article: German transgender far-right extremist arrested in Czech Republic from BBC
2026-04-10 13:17:24,797 - INFO - [The Guardian] Article: https://www.theguardian.com/world/2026/apr/10/trump-iran-intervention-easy-as-venezuela-maduro-capture-john-feeley
2026-04-10 13:17:24,797 - INFO - [The Guardian] Attempt 1/1: Trying with 'requests_browser' strategy...
2026-04-10 13:17:24,861 - INFO - [The Guardian] Success with 'requests_browser'. Found content (820 words).
2026-04-10 13:17:24,909 - INFO - Saved article: Trump ‘reaping bitter fruit’ of thinking Iran intervention as easy as Venezuela, says former diplomat | Venezuela | The Guardian from The Guardian
2026-04-10 13:17:25,582 - INFO - [BBC] Article: https://www.bbc.com/news/articles/cn0wkkwev2vo?at_medium=RSS&at_campaign=rss
2026-04-10 13:17:25,582 - INFO - [BBC] Attempt 1/1: Trying with 'requests_browser' strategy...
2026-04-10 13:17:25,618 - INFO - [BBC] Success with 'requests_browser'. Found content (730 words).
2026-04-10 13:17:25,661 - INFO - Duplicate article skipped: Russia and Ukraine agree to truce for Orthodox Easter from BBC
2026-04-10 13:17:26,256 - INFO - [The Guardian] Article: https://www.theguardian.com/world/2026/apr/09/us-cuban-doctors-program
2026-04-10 13:17:26,256 - INFO - [The Guardian] Attempt 1/1: Trying with 'requests_browser' strategy...
2026-04-10 13:17:26,312 - INFO - [The Guardian] Success with 'requests_browser'. Found content (378 words).
2026-04-10 13:17:26,359 - INFO - Duplicate article skipped: US accused of pressuring Latin America to cut ties with Cuban doctors program | Cuba | The Guardian from The Guardian
2026-04-10 13:17:26,430 - INFO - Selenium driver initialized successfully.
2026-04-10 13:17:26,430 - INFO - Starting scrape for The Hindu RSS feed: https://www.thehindu.com/news/national/feeder/default.rss
2026-04-10 13:17:26,435 - INFO - Selenium driver initialized successfully.
2026-04-10 13:17:26,435 - INFO - Starting scrape for Times of India RSS feed: https://timesofindia.indiatimes.com/rssfeeds/296589292.cms
2026-04-10 13:17:26,592 - INFO - Found 20 articles in Times of India RSS feed. Processing up to 25.
2026-04-10 13:17:26,593 - INFO - [Times of India] Article: https://timesofindia.indiatimes.com/nri/how-indiaspora-is-connecting-the-worlds-desi-community/articleshow/130170380.cms
2026-04-10 13:17:26,593 - INFO - [Times of India] Attempt 1/1: Trying with 'selenium_browser' strategy...
2026-04-10 13:17:26,623 - INFO - Found 60 articles in The Hindu RSS feed. Processing up to 25.
2026-04-10 13:17:26,624 - INFO - [The Hindu] Article: https://www.thehindu.com/news/national/telangana/mango-farmers-may-take-a-blow-as-only-10-20-yield-is-estimated-this-season/article70843461.ece
2026-04-10 13:17:26,624 - INFO - [The Hindu] Attempt 1/1: Trying with 'selenium_browser' strategy...
2026-04-10 13:17:27,101 - INFO - [BBC] Article: https://www.bbc.com/news/articles/cgld65x396go?at_medium=RSS&at_campaign=rss
2026-04-10 13:17:27,101 - INFO - [BBC] Attempt 1/1: Trying with 'requests_browser' strategy...
2026-04-10 13:17:27,144 - INFO - [BBC] Success with 'requests_browser'. Found content (402 words).
2026-04-10 13:17:27,206 - INFO - Saved article: White House staff warned not to place bets on prediction markets from BBC
2026-04-10 13:17:27,723 - INFO - [The Guardian] Article: https://www.theguardian.com/world/2026/apr/09/argentina-approves-glacier-mining-bill-environment-protests-andes-mountaines-javier-milei
2026-04-10 13:17:27,723 - INFO - [The Guardian] Attempt 1/1: Trying with 'requests_browser' strategy...
2026-04-10 13:17:27,802 - INFO - [The Guardian] Success with 'requests_browser'. Found content (513 words).
2026-04-10 13:17:27,890 - INFO - Duplicate article skipped: Argentina approves Milei’s glacier mining bill amid environmental protests | Argentina | The Guardian from The Guardian
2026-04-10 13:17:28,554 - INFO - [The Guardian] Article: https://www.theguardian.com/world/2026/apr/08/chile-torture-paul-schafer-villa-baviera
2026-04-10 13:17:28,554 - INFO - [The Guardian] Attempt 1/1: Trying with 'requests_browser' strategy...
2026-04-10 13:17:28,665 - INFO - [BBC] Article: https://www.bbc.com/news/articles/c4g89kkvenqo?at_medium=RSS&at_campaign=rss
2026-04-10 13:17:28,665 - INFO - [BBC] Attempt 1/1: Trying with 'requests_browser' strategy...
2026-04-10 13:17:28,677 - INFO - [The Guardian] Success with 'requests_browser'. Found content (638 words).
2026-04-10 13:17:28,979 - INFO - Duplicate article skipped: Chile’s far-right government rips up plan for memorial at Pinochet torture site | Chile | The Guardian from The Guardian
2026-04-10 13:17:28,989 - INFO - [BBC] Success with 'requests_browser'. Found content (466 words).
2026-04-10 13:17:29,069 - INFO - Duplicate article skipped: US has let in 4,499 refugees since October - all but three were South African from BBC
2026-04-10 13:17:29,952 - INFO - [The Guardian] Article: https://www.theguardian.com/environment/2026/apr/10/weather-tracker-cyclone-maila-solomon-islands
2026-04-10 13:17:29,953 - INFO - [The Guardian] Attempt 1/1: Trying with 'requests_browser' strategy...
2026-04-10 13:17:30,127 - INFO - [BBC] Article: https://www.bbc.com/news/articles/ce9mx2j3xlxo?at_medium=RSS&at_campaign=rss
2026-04-10 13:17:30,127 - INFO - [BBC] Attempt 1/1: Trying with 'requests_browser' strategy...
2026-04-10 13:17:30,212 - INFO - [The Guardian] Success with 'requests_browser'. Found content (291 words).
2026-04-10 13:17:30,454 - INFO - [BBC] Success with 'requests_browser'. Found content (958 words).
2026-04-10 13:17:30,479 - INFO - Saved article: Weather tracker: Cyclone Maila batters Solomon Islands with 115mph winds | Solomon Islands | The Guardian from The Guardian
2026-04-10 13:17:30,782 - INFO - Duplicate article skipped: IT rules: India proposes new digital rules to regulate news and political posts on social media from BBC
2026-04-10 13:17:31,197 - INFO - [The Guardian] Article: https://www.theguardian.com/australia-news/2026/apr/10/australia-singapore-fuel-supply-deal-agreement-albanese
2026-04-10 13:17:31,197 - INFO - [The Guardian] Attempt 1/1: Trying with 'requests_browser' strategy...
2026-04-10 13:17:31,358 - INFO - [The Guardian] Success with 'requests_browser'. Found content (749 words).
2026-04-10 13:17:31,474 - INFO - [BBC] Article: https://www.bbc.com/news/articles/c2evppm30p7o?at_medium=RSS&at_campaign=rss
2026-04-10 13:17:31,482 - INFO - [BBC] Attempt 1/1: Trying with 'requests_browser' strategy...
2026-04-10 13:17:31,581 - INFO - Saved article: Cutting fuel to Australia ‘won’t happen’, says Singapore PM, as Albanese secures pledge from our largest petrol source | Petrol prices | The Guardian from The Guardian
2026-04-10 13:17:31,628 - INFO - [BBC] Success with 'requests_browser'. Found content (393 words).
2026-04-10 13:17:31,882 - INFO - Duplicate article skipped: Afrika Bambaataa, hip-hop music pioneer, dies aged 68 from BBC
2026-04-10 13:17:32,520 - INFO - [BBC] Article: https://www.bbc.com/news/articles/cg40nqzvwq2o?at_medium=RSS&at_campaign=rss
2026-04-10 13:17:32,520 - INFO - [BBC] Attempt 1/1: Trying with 'requests_browser' strategy...
2026-04-10 13:17:32,764 - INFO - [BBC] Success with 'requests_browser'. Found content (775 words).
2026-04-10 13:17:32,827 - INFO - [The Guardian] Article: https://www.theguardian.com/world/2026/apr/10/xi-jinping-cheng-li-wu-china-taiwan-meeting-bejing
2026-04-10 13:17:32,827 - INFO - [The Guardian] Attempt 1/1: Trying with 'requests_browser' strategy...
2026-04-10 13:17:33,260 - INFO - [The Hindu] Page content loaded.
2026-04-10 13:17:33,286 - INFO - [The Guardian] Success with 'requests_browser'. Found content (856 words).
2026-04-10 13:17:33,292 - INFO - Duplicate article skipped: Al Jazeera condemns killing of journalist in Israeli strike in Gaza from BBC
2026-04-10 13:17:33,567 - INFO - Saved article: Xi tells Taiwan opposition leader people on both sides of strait are Chinese in rare meeting | China | The Guardian from The Guardian
2026-04-10 13:17:33,912 - INFO - [The Hindu] Success with 'selenium_browser'. Found content (88 words).
2026-04-10 13:17:34,277 - INFO - Saved article: Telangana mango farmers may take a blow as only 10-20% yield is estimated this season - The Hindu from The Hindu
2026-04-10 13:17:34,411 - INFO - [BBC] Article: https://www.bbc.com/news/articles/c70dr45dj1lo?at_medium=RSS&at_campaign=rss
2026-04-10 13:17:34,411 - INFO - [BBC] Attempt 1/1: Trying with 'requests_browser' strategy...
2026-04-10 13:17:34,654 - INFO - [BBC] Success with 'requests_browser'. Found content (676 words).
2026-04-10 13:17:34,966 - INFO - [The Guardian] Article: https://www.theguardian.com/business/2026/apr/09/oil-price-rises-as-markets-question-durability-of-middle-east-ceasefire-iran
2026-04-10 13:17:34,966 - INFO - [The Guardian] Attempt 1/1: Trying with 'requests_browser' strategy...
2026-04-10 13:17:34,968 - INFO - Duplicate article skipped: Artemis II crew reflects on historic mission before splashdown on Friday from BBC
2026-04-10 13:17:35,177 - INFO - [The Guardian] Success with 'requests_browser'. Found content (977 words).
2026-04-10 13:17:35,430 - INFO - Duplicate article skipped: Strait of Hormuz not open, Abu Dhabi’s oil chief says as crude prices rise | Oil | The Guardian from The Guardian
2026-04-10 13:17:35,650 - INFO - [The Hindu] Article: https://www.thehindu.com/news/national/telangana/telanganas-revenue-receipts-remain-sluggish-at-february-end/article70847369.ece
2026-04-10 13:17:35,650 - INFO - [The Hindu] Attempt 1/1: Trying with 'selenium_browser' strategy...
2026-04-10 13:17:35,994 - INFO - [BBC] Article: https://www.bbc.com/news/articles/c05d8j9r5ejo?at_medium=RSS&at_campaign=rss
2026-04-10 13:17:35,994 - INFO - [BBC] Attempt 1/1: Trying with 'requests_browser' strategy...
2026-04-10 13:17:36,171 - INFO - [BBC] Success with 'requests_browser'. Found content (581 words).
2026-04-10 13:17:36,206 - INFO - [The Guardian] Article: https://www.theguardian.com/world/2026/apr/09/who-can-claim-victory-iran-ceasefire-china
2026-04-10 13:17:36,206 - INFO - [The Guardian] Attempt 1/1: Trying with 'requests_browser' strategy...
2026-04-10 13:17:36,465 - INFO - Duplicate article skipped: Trump criticises Nato as alliance chief Mark Rutte describes meeting as 'very frank' from BBC
2026-04-10 13:17:36,472 - INFO - [The Guardian] Success with 'requests_browser'. Found content (1083 words).
2026-04-10 13:17:36,612 - INFO - Duplicate article skipped: Who can claim victory if Iran ceasefire holds? An early winner is China | China | The Guardian from The Guardian
2026-04-10 13:17:37,129 - INFO - [The Guardian] Article: https://www.theguardian.com/australia-news/2026/apr/10/victim-paedophile-teacher-william-rob-gilfillan-child-sex-abuse-ntwnfb
2026-04-10 13:17:37,129 - INFO - [The Guardian] Attempt 1/1: Trying with 'requests_browser' strategy...
2026-04-10 13:17:37,322 - INFO - [The Guardian] Success with 'requests_browser'. Found content (535 words).
2026-04-10 13:17:37,511 - INFO - Saved article: Victim of ‘disgusting paedophile’ serving Australia’s longest sentence for child sex abuse tells of ‘lost decades’ | Victoria | The Guardian from The Guardian
2026-04-10 13:17:37,604 - INFO - [BBC] Article: https://www.bbc.com/news/articles/clye1288l8no?at_medium=RSS&at_campaign=rss
2026-04-10 13:17:37,604 - INFO - [BBC] Attempt 1/1: Trying with 'requests_browser' strategy...
2026-04-10 13:17:37,693 - INFO - [BBC] Success with 'requests_browser'. Found content (568 words).
2026-04-10 13:17:37,810 - INFO - Duplicate article skipped: French far-right leader Jordan Bardella romantically linked to Italian princess Maria Carolina Bourbon-Two Sicilies from BBC
2026-04-10 13:17:38,151 - INFO - [The Guardian] Article: https://www.theguardian.com/australia-news/live/2026/apr/10/anthony-albanese-singapore-visit-fuel-crisis-petrol-prices-labor-coalition-political-reactions-us-israel-war-iran-lebanon-ntwnfb
2026-04-10 13:17:38,152 - INFO - [The Guardian] Attempt 1/1: Trying with 'requests_browser' strategy...
2026-04-10 13:17:39,039 - INFO - [BBC] Article: https://www.bbc.com/news/articles/c98k91yy4z4o?at_medium=RSS&at_campaign=rss
2026-04-10 13:17:39,040 - INFO - [BBC] Attempt 1/1: Trying with 'requests_browser' strategy...
2026-04-10 13:17:39,083 - INFO - [The Guardian] Success with 'requests_browser'. Found content (1453 words).
2026-04-10 13:17:39,365 - INFO - [BBC] Success with 'requests_browser'. Found content (712 words).
2026-04-10 13:17:39,478 - INFO - Duplicate article skipped: Australian War Memorial updates Ben Roberts-Smith museum display – as it happened | Australia news | The Guardian from The Guardian
2026-04-10 13:17:39,566 - INFO - Duplicate article skipped: User anger as Amazon ends support for some older Kindles from BBC
2026-04-10 13:17:40,099 - INFO - [The Guardian] Article: https://www.theguardian.com/australia-news/2026/apr/10/war-memorial-amends-ben-roberts-smith-display-after-former-soldier-charged-with-war-crimes
2026-04-10 13:17:40,099 - INFO - [The Guardian] Attempt 1/1: Trying with 'requests_browser' strategy...
2026-04-10 13:17:40,253 - INFO - [The Guardian] Success with 'requests_browser'. Found content (439 words).
2026-04-10 13:17:40,376 - INFO - Saved article: Australian War Memorial amends Ben Roberts-Smith display after former soldier charged with war crimes | Ben Roberts-Smith | The Guardian from The Guardian
2026-04-10 13:17:40,377 - INFO - [BBC] Article: https://www.bbc.com/news/articles/c80mxrdvkpjo?at_medium=RSS&at_campaign=rss
2026-04-10 13:17:40,377 - INFO - [BBC] Attempt 1/1: Trying with 'requests_browser' strategy...
2026-04-10 13:17:40,467 - INFO - [BBC] Success with 'requests_browser'. Found content (733 words).
2026-04-10 13:17:40,583 - INFO - Saved article: Singapore dials down on air‑con as oil crunch grips Asia from BBC
2026-04-10 13:17:41,281 - INFO - [BBC] Article: https://www.bbc.com/news/articles/cgk0edynpmzo?at_medium=RSS&at_campaign=rss
2026-04-10 13:17:41,281 - INFO - [BBC] Attempt 1/1: Trying with 'requests_browser' strategy...
2026-04-10 13:17:41,388 - INFO - [BBC] Success with 'requests_browser'. Found content (937 words).
2026-04-10 13:17:41,560 - INFO - Saved article: Lebanon thought there was a ceasefire - then Israel unleashed deadly blitz from BBC
2026-04-10 13:17:41,575 - INFO - [The Guardian] Article: https://www.theguardian.com/australia-news/2026/apr/10/fuel-prices-tracker-watch-petrol-diesel-australia-shortage-reserves
2026-04-10 13:17:41,576 - INFO - [The Guardian] Attempt 1/1: Trying with 'requests_browser' strategy...
2026-04-10 13:17:41,721 - INFO - [The Guardian] Success with 'requests_browser'. Found content (683 words).
2026-04-10 13:17:42,069 - INFO - Saved article: Track Australia’s fuel prices, service station outages and shipments in charts | Petrol prices | The Guardian from The Guardian
2026-04-10 13:17:42,448 - INFO - [BBC] Article: https://www.bbc.com/news/articles/c1krpjr91v2o?at_medium=RSS&at_campaign=rss
2026-04-10 13:17:42,451 - INFO - [BBC] Attempt 1/1: Trying with 'requests_browser' strategy...
2026-04-10 13:17:42,581 - INFO - [The Hindu] Page content loaded.
2026-04-10 13:17:42,599 - INFO - [BBC] Success with 'requests_browser'. Found content (1411 words).
2026-04-10 13:17:42,732 - INFO - Saved article: Has US achieved its war objectives in Iran? from BBC
2026-04-10 13:17:42,806 - INFO - [The Hindu] Success with 'selenium_browser'. Found content (354 words).
2026-04-10 13:17:42,947 - INFO - Saved article: Telangana’s revenue receipts remain sluggish at February end - The Hindu from The Hindu
2026-04-10 13:17:43,396 - INFO - [The Guardian] Article: https://www.theguardian.com/australia-news/2026/apr/10/tennant-creek-murder-charge-northern-territory-ntwnfb
2026-04-10 13:17:43,397 - INFO - [The Guardian] Attempt 1/1: Trying with 'requests_browser' strategy...
2026-04-10 13:17:43,511 - INFO - [The Guardian] Success with 'requests_browser'. Found content (339 words).
2026-04-10 13:17:43,603 - INFO - [BBC] Article: https://www.bbc.com/news/articles/ce84z6y3ke4o?at_medium=RSS&at_campaign=rss
2026-04-10 13:17:43,604 - INFO - [BBC] Attempt 1/1: Trying with 'requests_browser' strategy...
2026-04-10 13:17:43,630 - INFO - Saved article: Man who allegedly claimed partner died in ‘crash with kangaroo’ in NT charged with murder | Australia news | The Guardian from The Guardian
2026-04-10 13:17:43,708 - INFO - [BBC] Success with 'requests_browser'. Found content (915 words).
2026-04-10 13:17:43,804 - INFO - Duplicate article skipped: What we know about the US and Iran's ceasefire deal from BBC
2026-04-10 13:17:44,255 - INFO - [The Hindu] Article: https://www.thehindu.com/news/national/andhra-pradesh/software-engineer-from-krishna-district-murdered-in-haryana/article70847197.ece
2026-04-10 13:17:44,255 - INFO - [The Hindu] Attempt 1/1: Trying with 'selenium_browser' strategy...
2026-04-10 13:17:44,292 - INFO - [The Guardian] Article: https://www.theguardian.com/world/live/2026/apr/10/hungary-election-orban-europe-budapest-latest-news-updates
2026-04-10 13:17:44,292 - INFO - [The Guardian] Attempt 1/1: Trying with 'requests_browser' strategy...
2026-04-10 13:17:44,495 - INFO - [The Guardian] Success with 'requests_browser'. Found content (2189 words).
2026-04-10 13:17:44,693 - INFO - [BBC] Article: https://www.bbc.com/news/articles/c75k1631e75o?at_medium=RSS&at_campaign=rss
2026-04-10 13:17:44,693 - INFO - [BBC] Attempt 1/1: Trying with 'requests_browser' strategy...
2026-04-10 13:17:44,775 - INFO - Saved article: Hungary election campaigns enter final stretch as Orbán fights to remain in power – Europe live | Hungary | The Guardian from The Guardian
2026-04-10 13:17:44,837 - INFO - [BBC] Success with 'requests_browser'. Found content (1030 words).
2026-04-10 13:17:44,963 - INFO - Duplicate article skipped: Benin election: Romuald Wadagni and Paul Hounkpè in race to succeed President Talon from BBC
2026-04-10 13:17:46,165 - INFO - [BBC] Article: https://www.bbc.com/news/videos/c0e7dz0zwd0o?at_medium=RSS&at_campaign=rss
2026-04-10 13:17:46,165 - INFO - [BBC] Attempt 1/1: Trying with 'requests_browser' strategy...
2026-04-10 13:17:46,242 - INFO - [The Guardian] Article: https://www.theguardian.com/fashion/2026/apr/10/dolce-and-gabbana-says-co-founder-stefano-gabbana-quit-as-chair-at-start-of-year
2026-04-10 13:17:46,242 - INFO - [The Guardian] Attempt 1/1: Trying with 'requests_browser' strategy...
2026-04-10 13:17:46,251 - WARNING - [BBC] FAILED with 'requests_browser' (content was too short: 54 words).
2026-04-10 13:17:46,251 - ERROR - [BBC] All scrape strategies failed for https://www.bbc.com/news/videos/c0e7dz0zwd0o?at_medium=RSS&at_campaign=rss. Falling back to RSS description.
2026-04-10 13:17:46,253 - INFO - Saved article: Melania Trump: 'I never had a relationship with Epstein' from BBC
2026-04-10 13:17:46,323 - INFO - [The Guardian] Success with 'requests_browser'. Found content (714 words).
2026-04-10 13:17:46,377 - INFO - Saved article: Dolce & Gabbana says co-founder Stefano Gabbana has quit as chair | Dolce & Gabbana | The Guardian from The Guardian
2026-04-10 13:17:46,701 - INFO - [The Hindu] Page content loaded.
2026-04-10 13:17:46,828 - INFO - [The Hindu] Success with 'selenium_browser'. Found content (112 words).
2026-04-10 13:17:46,952 - INFO - [BBC] Article: https://www.bbc.com/news/videos/cly9z7xp10wo?at_medium=RSS&at_campaign=rss
2026-04-10 13:17:46,952 - INFO - [BBC] Attempt 1/1: Trying with 'requests_browser' strategy...
2026-04-10 13:17:46,965 - INFO - Saved article: Software engineer from Krishna district murdered in Haryana - The Hindu from The Hindu
2026-04-10 13:17:47,039 - WARNING - [BBC] FAILED with 'requests_browser' (content was too short: 78 words).
2026-04-10 13:17:47,039 - ERROR - [BBC] All scrape strategies failed for https://www.bbc.com/news/videos/cly9z7xp10wo?at_medium=RSS&at_campaign=rss. Falling back to RSS description.
2026-04-10 13:17:47,055 - INFO - Saved article: BBC at the site of Israeli air strikes in Beirut from BBC
2026-04-10 13:17:47,505 - INFO - [The Guardian] Article: https://www.theguardian.com/politics/2026/apr/10/starmer-fed-up-trump-uk-politics
2026-04-10 13:17:47,505 - INFO - [The Guardian] Attempt 1/1: Trying with 'requests_browser' strategy...
2026-04-10 13:17:47,593 - INFO - [The Guardian] Success with 'requests_browser'. Found content (642 words).
2026-04-10 13:17:47,709 - INFO - Saved article: Starmer says he is ‘fed up’ with Trump and Putin’s impact on UK energy costs | Keir Starmer | The Guardian from The Guardian
2026-04-10 13:17:48,008 - INFO - [The Hindu] Article: https://www.thehindu.com/videos/watch-from-gun-to-governance-bastar-after-maoists/article70847526.ece
2026-04-10 13:17:48,008 - INFO - [The Hindu] Attempt 1/1: Trying with 'selenium_browser' strategy...
2026-04-10 13:17:48,212 - INFO - [BBC] Article: https://www.bbc.com/news/videos/cgk0e12y1kgo?at_medium=RSS&at_campaign=rss
2026-04-10 13:17:48,212 - INFO - [BBC] Attempt 1/1: Trying with 'requests_browser' strategy...
2026-04-10 13:17:48,295 - INFO - [BBC] Success with 'requests_browser'. Found content (83 words).
2026-04-10 13:17:48,351 - INFO - Saved article: Watch: BBC asks Artemis II crew a question in space from BBC
2026-04-10 13:17:49,202 - INFO - [The Guardian] Article: https://www.theguardian.com/technology/2026/apr/09/google-meta-snap-microsoft-eu-child-sexual-abuse
2026-04-10 13:17:49,202 - INFO - [The Guardian] Attempt 1/1: Trying with 'requests_browser' strategy...
2026-04-10 13:17:49,418 - INFO - [The Guardian] Success with 'requests_browser'. Found content (916 words).
2026-04-10 13:17:49,473 - INFO - Saved article: ‘Irresponsible failure’: Google, Meta, Snap and Microsoft slam EU over child sexual abuse law lapse | Technology | The Guardian from The Guardian
2026-04-10 13:17:49,495 - INFO - [BBC] Article: https://www.bbc.com/news/videos/cdrmnj7rz42o?at_medium=RSS&at_campaign=rss
2026-04-10 13:17:49,495 - INFO - [BBC] Attempt 1/1: Trying with 'requests_browser' strategy...
2026-04-10 13:17:49,598 - INFO - [The Hindu] Page content loaded.
2026-04-10 13:17:49,616 - WARNING - [BBC] FAILED with 'requests_browser' (content was too short: 58 words).
2026-04-10 13:17:49,616 - ERROR - [BBC] All scrape strategies failed for https://www.bbc.com/news/videos/cdrmnj7rz42o?at_medium=RSS&at_campaign=rss. Falling back to RSS description.
2026-04-10 13:17:49,619 - INFO - Saved article: Watch: Pope Leo XIV spins basketball on his finger, with help from Harlem Globetrotters from BBC
2026-04-10 13:17:49,733 - INFO - [The Hindu] Success with 'selenium_browser'. Found content (154 words).
2026-04-10 13:17:49,839 - INFO - Saved article: Watch | From gun to governance: Bastar after Maoists - The Hindu from The Hindu
2026-04-10 13:17:50,326 - INFO - [The Guardian] Article: https://www.theguardian.com/world/2026/apr/10/peter-magyar-leading-polls-hungary-election-tisza-opposition
2026-04-10 13:17:50,326 - INFO - [The Guardian] Attempt 1/1: Trying with 'requests_browser' strategy...
2026-04-10 13:17:50,393 - INFO - [The Guardian] Success with 'requests_browser'. Found content (1318 words).
2026-04-10 13:17:50,536 - INFO - Saved article: Who is Péter Magyar, the man leading the polls as Hungary prepares for election? | Hungary | The Guardian from The Guardian
2026-04-10 13:17:50,644 - INFO - [The Hindu] Article: https://www.thehindu.com/elections/assembly-elections-live-updates-tamil-nadu-west-bengal-kerala-assam-puducherry-april-10-2026/article70845819.ece
2026-04-10 13:17:50,644 - INFO - [The Hindu] Attempt 1/1: Trying with 'selenium_browser' strategy...
2026-04-10 13:17:54,721 - INFO - [The Hindu] Page content loaded.
2026-04-10 13:17:55,060 - INFO - [The Hindu] Success with 'selenium_browser'. Found content (222 words).
2026-04-10 13:17:55,289 - INFO - Saved article: Assembly Elections LIVE: DMK has only fulfilled 70 out of 511 poll promises made in 2021, alleges BJP’s K. Annamalai - The Hindu from The Hindu
2026-04-10 13:17:56,431 - INFO - [The Hindu] Article: https://www.thehindu.com/news/national/karnataka/former-v-c-of-university-of-mysore-ksou-attends-meet-on-omics-networks-in-ethiopia/article70843852.ece
2026-04-10 13:17:56,431 - INFO - [The Hindu] Attempt 1/1: Trying with 'selenium_browser' strategy...
2026-04-10 13:17:58,837 - INFO - [The Hindu] Page content loaded.
2026-04-10 13:17:58,936 - INFO - [The Hindu] Success with 'selenium_browser'. Found content (188 words).
2026-04-10 13:17:59,031 - INFO - Saved article: Former V-C of University of Mysore, KSOU attends meet on omics networks in Ethiopia - The Hindu from The Hindu
2026-04-10 13:17:59,555 - INFO - [The Hindu] Article: https://www.thehindu.com/news/national/andhra-pradesh/scr-cancels-20-trains-for-rayanapadu-yard-works/article70847317.ece
2026-04-10 13:17:59,555 - INFO - [The Hindu] Attempt 1/1: Trying with 'selenium_browser' strategy...
2026-04-10 13:18:00,893 - INFO - [The Hindu] Page content loaded.
2026-04-10 13:18:00,972 - INFO - [The Hindu] Success with 'selenium_browser'. Found content (224 words).
2026-04-10 13:18:01,094 - INFO - Saved article: SCR cancels 20 trains for Rayanapadu yard works - The Hindu from The Hindu
2026-04-10 13:18:02,273 - INFO - [The Hindu] Article: https://www.thehindu.com/elections/tamil-nadu-assembly/tn-election-aiadmk-candidate-faints-during-campaign-in-thiruvidaimaruthur/article70846557.ece
2026-04-10 13:18:02,273 - INFO - [The Hindu] Attempt 1/1: Trying with 'selenium_browser' strategy...
2026-04-10 13:18:04,328 - INFO - [The Hindu] Page content loaded.
2026-04-10 13:18:04,542 - INFO - [The Hindu] Success with 'selenium_browser'. Found content (111 words).
2026-04-10 13:18:04,757 - INFO - Saved article: T.N. election: AIADMK candidate faints during campaign in Thiruvidaimaruthur - The Hindu from The Hindu
2026-04-10 13:18:06,128 - INFO - [The Hindu] Article: https://www.thehindu.com/entertainment/movies/mohiniyattam-movie-review-malayalam-movie-bharathanatyam-2-krishnadas-murali-bharathanatyam-saiju-kurup/article70847284.ece
2026-04-10 13:18:06,128 - INFO - [The Hindu] Attempt 1/1: Trying with 'selenium_browser' strategy...
2026-04-10 13:18:08,099 - INFO - [The Hindu] Page content loaded.
2026-04-10 13:18:08,315 - INFO - [The Hindu] Success with 'selenium_browser'. Found content (402 words).
2026-04-10 13:18:08,401 - INFO - Saved article: ‘Mohiniyattam’ movie review: A rationalist bent to its dark humour makes this better than the original - The Hindu from The Hindu
2026-04-10 13:18:09,168 - INFO - [The Hindu] Article: https://www.thehindu.com/news/national/kerala/bjps-pc-george-criticises-bishops-says-fcra-amendment-bill-will-be-passed/article70846577.ece
2026-04-10 13:18:09,168 - INFO - [The Hindu] Attempt 1/1: Trying with 'selenium_browser' strategy...
2026-04-10 13:18:10,880 - INFO - [The Hindu] Page content loaded.
2026-04-10 13:18:11,043 - INFO - [The Hindu] Success with 'selenium_browser'. Found content (600 words).
2026-04-10 13:18:11,261 - INFO - Saved article: BJP’s P.C. George criticises bishops, says FCRA amendment Bill will be passed - The Hindu from The Hindu
2026-04-10 13:18:12,095 - INFO - [The Hindu] Article: https://www.thehindu.com/elections/tamil-nadu-assembly/this-election-is-a-battle-between-people-of-tn-and-dmk-tamilisai-soundararajan/article70846883.ece
2026-04-10 13:18:12,095 - INFO - [The Hindu] Attempt 1/1: Trying with 'selenium_browser' strategy...
2026-04-10 13:18:13,296 - INFO - [The Hindu] Page content loaded.
2026-04-10 13:18:13,390 - INFO - [The Hindu] Success with 'selenium_browser'. Found content (1057 words).
2026-04-10 13:18:13,611 - INFO - Saved article: This election is a battle between people of T.N. and DMK: Tamilisai Soundararajan - The Hindu from The Hindu
2026-04-10 13:18:14,467 - INFO - [The Hindu] Article: https://www.thehindu.com/news/cities/Hyderabad/hyderabad-airport-launches-hyderabad-streat-to-recreate-citys-street-food-culture-for-flyers/article70847152.ece
2026-04-10 13:18:14,467 - INFO - [The Hindu] Attempt 1/1: Trying with 'selenium_browser' strategy...
2026-04-10 13:18:16,238 - INFO - [The Hindu] Page content loaded.
2026-04-10 13:18:16,402 - INFO - [The Hindu] Success with 'selenium_browser'. Found content (136 words).
2026-04-10 13:18:16,614 - INFO - Saved article: Hyderabad airport launches ‘Hyderabad Streat’ to recreate city’s street food culture for flyers - The Hindu from The Hindu
2026-04-10 13:18:17,217 - INFO - [The Hindu] Article: https://www.thehindu.com/news/national/pakistan-isi-espionage-module-busted-11-held-solar-cctv-surveillance-network-exposed/article70846916.ece
2026-04-10 13:18:17,217 - INFO - [The Hindu] Attempt 1/1: Trying with 'selenium_browser' strategy...
2026-04-10 13:18:18,942 - INFO - [The Hindu] Page content loaded.
2026-04-10 13:18:19,138 - INFO - [The Hindu] Success with 'selenium_browser'. Found content (760 words).
2026-04-10 13:18:19,313 - INFO - Saved article: Pakistan-ISI espionage module busted, 11 held; solar CCTV surveillance network exposed - The Hindu from The Hindu
2026-04-10 13:18:20,065 - INFO - [The Hindu] Article: https://www.thehindu.com/news/cities/Delhi/delhi-cm-rekha-gupta-backs-womens-role-in-decision-making-at-du-event/article70847031.ece
2026-04-10 13:18:20,065 - INFO - [The Hindu] Attempt 1/1: Trying with 'selenium_browser' strategy...
2026-04-10 13:18:22,098 - INFO - [The Hindu] Page content loaded.
2026-04-10 13:18:22,183 - INFO - [The Hindu] Success with 'selenium_browser'. Found content (356 words).
2026-04-10 13:18:22,280 - INFO - Saved article: Delhi CM Rekha Gupta backs women’s role in decision making at DU event - The Hindu from The Hindu
2026-04-10 13:18:23,066 - INFO - [The Hindu] Article: https://www.thehindu.com/news/national/kerala/one-dead-over-500-people-affected-in-suspected-food-poisoning-after-temple-feast-in-mattanur/article70847228.ece
2026-04-10 13:18:23,066 - INFO - [The Hindu] Attempt 1/1: Trying with 'selenium_browser' strategy...
2026-04-10 13:18:24,669 - INFO - [The Hindu] Page content loaded.
2026-04-10 13:18:24,752 - INFO - [The Hindu] Success with 'selenium_browser'. Found content (261 words).
2026-04-10 13:18:24,961 - INFO - Saved article: One dead, over 500 people affected in suspected food poisoning after temple feast in Mattanur - The Hindu from The Hindu
2026-04-10 13:18:25,730 - INFO - [The Hindu] Article: https://www.thehindu.com/news/national/cwc-meet-updates-congress-opposition-delimitation-womens-quota-west-asia-situation/article70847091.ece
2026-04-10 13:18:25,730 - INFO - [The Hindu] Attempt 1/1: Trying with 'selenium_browser' strategy...
2026-04-10 13:18:27,522 - INFO - [The Hindu] Page content loaded.
2026-04-10 13:18:27,805 - INFO - [The Hindu] Success with 'selenium_browser'. Found content (896 words).
2026-04-10 13:18:28,071 - INFO - Saved article: Govt. move to amend women quota violation of poll code; to have ‘grave consequences’: Kharge in CWC meet - The Hindu from The Hindu
2026-04-10 13:18:28,710 - INFO - [The Hindu] Article: https://www.thehindu.com/news/cities/Hyderabad/tgiic-to-auction-1009-and-572-acre-land-parcels-in-sangareddys-osman-nagar/article70847368.ece
2026-04-10 13:18:28,710 - INFO - [The Hindu] Attempt 1/1: Trying with 'selenium_browser' strategy...
2026-04-10 13:18:30,076 - INFO - [The Hindu] Page content loaded.
2026-04-10 13:18:30,171 - INFO - [The Hindu] Success with 'selenium_browser'. Found content (140 words).
2026-04-10 13:18:30,356 - INFO - Saved article: TGIIC to auction 10.09 and 5.72 acre land parcels in Sangareddy’s Osman Nagar - The Hindu from The Hindu
2026-04-10 13:18:31,446 - INFO - [The Hindu] Article: https://www.thehindu.com/news/national/initiated-steps-to-block-objectionable-tweets-by-journalist-rana-ayyub-centre-to-hc/article70847349.ece
2026-04-10 13:18:31,446 - INFO - [The Hindu] Attempt 1/1: Trying with 'selenium_browser' strategy...
2026-04-10 13:18:32,808 - WARNING - [Times of India] Page timed out (10s). No <p> tags found. Proceeding anyway.
2026-04-10 13:18:33,058 - INFO - [Times of India] Success with 'selenium_browser'. Found content (804 words).
2026-04-10 13:18:33,212 - INFO - Saved article: How Indiaspora is connecting the world’s desi community - The Times of India from Times of India
2026-04-10 13:18:33,525 - INFO - [The Hindu] Page content loaded.
2026-04-10 13:18:33,705 - INFO - [The Hindu] Success with 'selenium_browser'. Found content (817 words).
2026-04-10 13:18:33,928 - INFO - Saved article: Initiated steps to block objectionable tweets by journalist Rana Ayyub: Centre to HC - The Hindu from The Hindu
2026-04-10 13:18:34,221 - INFO - [Times of India] Article: https://timesofindia.indiatimes.com/world/uk/worried-about-it-bbc-presenter-amol-rajan-considers-raising-children-in-india-amid-big-problems-in-uk/articleshow/130169879.cms
2026-04-10 13:18:34,221 - INFO - [Times of India] Attempt 1/1: Trying with 'selenium_browser' strategy...
2026-04-10 13:18:34,870 - INFO - [The Hindu] Article: https://www.thehindu.com/elections/tamil-nadu-assembly/madras-high-court-junks-plea-to-ban-dhurandhar-the-revenge-movie-in-tamil-nadu-during-elections/article70847021.ece
2026-04-10 13:18:34,870 - INFO - [The Hindu] Attempt 1/1: Trying with 'selenium_browser' strategy...
2026-04-10 13:18:35,893 - INFO - [Times of India] Page content loaded.
2026-04-10 13:18:36,014 - INFO - [Times of India] Success with 'selenium_browser'. Found content (389 words).
2026-04-10 13:18:36,162 - INFO - Saved article: ‘Worried about it’: BBC presenter Amol Rajan considers raising children in India amid ‘big problems’ in UK - The Times of India from Times of India
2026-04-10 13:18:36,781 - INFO - [Times of India] Article: https://timesofindia.indiatimes.com/world/us/two-indian-origin-men-charged-in-116000-mail-fraud-in-georgia-mihir-patel-used-to-pose-as-david-wiiliams/articleshow/130169881.cms
2026-04-10 13:18:36,781 - INFO - [Times of India] Attempt 1/1: Trying with 'selenium_browser' strategy...
2026-04-10 13:18:37,643 - INFO - [The Hindu] Page content loaded.
2026-04-10 13:18:38,143 - INFO - [The Hindu] Success with 'selenium_browser'. Found content (375 words).
2026-04-10 13:18:38,271 - INFO - Saved article: Madras High Court junks plea to ban ‘Dhurandhar: The Revenge’ in Tamil Nadu during elections - The Hindu from The Hindu
2026-04-10 13:18:38,910 - INFO - [The Hindu] Article: https://www.thehindu.com/elections/kerala-assembly/kerala-assembly-elections-wayanad-funds-row-benefited-udf-says-kpcc-chief-sunny-joseph/article70846744.ece
2026-04-10 13:18:38,910 - INFO - [The Hindu] Attempt 1/1: Trying with 'selenium_browser' strategy...
2026-04-10 13:18:39,322 - INFO - [Times of India] Page content loaded.
2026-04-10 13:18:39,557 - INFO - [Times of India] Success with 'selenium_browser'. Found content (330 words).
2026-04-10 13:18:39,687 - INFO - Saved article: Two Indian-origin men charged in $116,000 mail fraud in Georgia, Mihir Patel used to pose as 'David Williams' - The Times of India from Times of India
2026-04-10 13:18:40,937 - INFO - [Times of India] Article: https://timesofindia.indiatimes.com/world/us/married-to-an-indian-woman-us-rep-brandon-gills-remark-on-indian-7-eleven-workers-triggers-backlash-online/articleshow/130168457.cms
2026-04-10 13:18:40,937 - INFO - [Times of India] Attempt 1/1: Trying with 'selenium_browser' strategy...
2026-04-10 13:18:41,249 - INFO - [The Hindu] Page content loaded.
2026-04-10 13:18:41,372 - INFO - [The Hindu] Success with 'selenium_browser'. Found content (337 words).
2026-04-10 13:18:41,489 - INFO - Saved article: Kerala Assembly elections: Wayanad funds row ‘benefited’ UDF, says KPCC chief Sunny Joseph - The Hindu from The Hindu
2026-04-10 13:18:42,057 - INFO - [The Hindu] Article: https://www.thehindu.com/news/national/tamil-nadu/lakshmi-lawrence-kadhal-cbfc-row-madras-high-court-judge-watches-film-submitted-on-pen-drive-reserves-orders/article70846143.ece
2026-04-10 13:18:42,057 - INFO - [The Hindu] Attempt 1/1: Trying with 'selenium_browser' strategy...
2026-04-10 13:18:43,931 - INFO - [The Hindu] Page content loaded.
2026-04-10 13:18:44,162 - INFO - [The Hindu] Success with 'selenium_browser'. Found content (464 words).
2026-04-10 13:18:44,402 - INFO - Saved article: Lakshmi Lawrence Kadhal CBFC row: Madras High Court judge watches film submitted on pen drive, reserves orders - The Hindu from The Hindu
2026-04-10 13:18:45,148 - INFO - [The Hindu] Article: https://www.thehindu.com/elections/tamil-nadu-assembly/dmk-has-only-fulfilled-70-out-of-511-poll-promises-made-in-2021-alleges-bjps-k-annamalai/article70846732.ece
2026-04-10 13:18:45,148 - INFO - [The Hindu] Attempt 1/1: Trying with 'selenium_browser' strategy...
2026-04-10 13:18:47,759 - INFO - [The Hindu] Page content loaded.
2026-04-10 13:18:47,860 - INFO - [The Hindu] Success with 'selenium_browser'. Found content (505 words).
2026-04-10 13:18:48,058 - INFO - Saved article: DMK has only fulfilled 70 out of 511 poll promises made in 2021, alleges BJP’s K. Annamalai - The Hindu from The Hindu
2026-04-10 13:18:49,509 - INFO - [The Hindu] Article: https://www.thehindu.com/news/national/uttar-pradesh/several-killed-injured-boat-capsized-yamuna-vrindavan-mathura-rescue-operation-updates/article70847201.ece
2026-04-10 13:18:49,509 - INFO - [The Hindu] Attempt 1/1: Trying with 'selenium_browser' strategy...
2026-04-10 13:18:51,243 - INFO - [The Hindu] Page content loaded.
2026-04-10 13:18:51,393 - INFO - [The Hindu] Success with 'selenium_browser'. Found content (158 words).
2026-04-10 13:18:51,538 - INFO - Saved article: At least six killed, several missing after tourist boat capsizes in Yamuna in Mathura; rescue efforts under way - The Hindu from The Hindu
2026-04-10 13:18:52,575 - INFO - [The Hindu] Article: https://www.thehindu.com/news/cities/bangalore/bengaluru-man-saved-after-posting-last-day-status-on-whatsapp-police-act-in-four-minutes-after-being-alerted-by-friend-on-namma-112-helpline/article70846671.ece
2026-04-10 13:18:52,575 - INFO - [The Hindu] Attempt 1/1: Trying with 'selenium_browser' strategy...
2026-04-10 13:18:53,266 - INFO - [Times of India] Page content loaded.
2026-04-10 13:18:53,470 - INFO - [Times of India] Success with 'selenium_browser'. Found content (567 words).
2026-04-10 13:18:53,571 - INFO - Saved article: Brandon Gill: 'Married to an Indian woman': US rep Brandon Gill's remark on Indian 7-Eleven workers triggers backlash online | World News - The Times of India from Times of India
2026-04-10 13:18:54,452 - INFO - [Times of India] Article: https://timesofindia.indiatimes.com/world/us-streamers/mrbeast-admits-unhealthy-lifestyle-as-he-chases-empire-bigger-than-disney/articleshow/130160879.cms
2026-04-10 13:18:54,452 - INFO - [Times of India] Attempt 1/1: Trying with 'selenium_browser' strategy...
2026-04-10 13:18:56,852 - INFO - [The Hindu] Page content loaded.
2026-04-10 13:18:57,223 - INFO - [The Hindu] Success with 'selenium_browser'. Found content (205 words).
2026-04-10 13:18:57,643 - INFO - Saved article: Call to Namma 112 saves Bengaluru man who posted ‘last day’ status on WhatsApp - The Hindu from The Hindu
2026-04-10 13:18:58,894 - INFO - [The Hindu] Article: https://www.thehindu.com/news/national/andhra-pradesh/appsc-lists-candidates-for-assistant-inspector-of-fisheries-certificate-verification/article70847061.ece
2026-04-10 13:18:58,894 - INFO - [The Hindu] Attempt 1/1: Trying with 'selenium_browser' strategy...
2026-04-10 13:19:02,632 - INFO - [The Hindu] Page content loaded.
2026-04-10 13:19:02,866 - INFO - [The Hindu] Success with 'selenium_browser'. Found content (157 words).
2026-04-10 13:19:03,091 - INFO - Saved article: APPSC lists candidates for Assistant Inspector of Fisheries certificate verification - The Hindu from The Hindu
2026-04-10 13:19:03,750 - INFO - [The Hindu] (Thread) Finished. Attempting to shut down its Selenium driver.
2026-04-10 13:19:04,061 - INFO - [The Hindu] (Thread) driver.quit() successful.
2026-04-10 13:19:12,606 - INFO - [Times of India] Page content loaded.
2026-04-10 13:19:12,844 - INFO - [Times of India] Success with 'selenium_browser'. Found content (432 words).
2026-04-10 13:19:12,938 - INFO - Saved article: Mrbeast: MrBeast admits ‘unhealthy’ lifestyle as he chases empire bigger than Disney - The Times of India from Times of India
2026-04-10 13:19:14,255 - INFO - [Times of India] Article: https://timesofindia.indiatimes.com/world/rest-of-world/rare-ice-age-fossils-found-in-texas-cave-could-rewrite-ancient-climate-history/articleshow/130167229.cms
2026-04-10 13:19:14,256 - INFO - [Times of India] Attempt 1/1: Trying with 'selenium_browser' strategy...
2026-04-10 13:19:15,023 - INFO - [Times of India] Page content loaded.
2026-04-10 13:19:15,244 - INFO - [Times of India] Success with 'selenium_browser'. Found content (534 words).
2026-04-10 13:19:15,303 - INFO - Saved article: Rare Fossils In Texas: Rare Ice Age fossils found in Texas cave could rewrite ancient climate history | World News - The Times of India from Times of India
2026-04-10 13:19:15,861 - INFO - [Times of India] Article: https://timesofindia.indiatimes.com/world/middle-east/uae-sharjah-ruler-approves-330-municipal-jobs-emirati-graduates-and-high-school-holders-eligible/articleshow/130166417.cms
2026-04-10 13:19:15,861 - INFO - [Times of India] Attempt 1/1: Trying with 'selenium_browser' strategy...
2026-04-10 13:19:16,900 - INFO - [Times of India] Page content loaded.
2026-04-10 13:19:17,060 - INFO - [Times of India] Success with 'selenium_browser'. Found content (209 words).
2026-04-10 13:19:17,120 - INFO - Saved article: Uae News: UAE: Sharjah Ruler approves 330 municipal jobs, Emirati graduates and high school holders eligible | World News - The Times of India from Times of India
2026-04-10 13:19:18,081 - INFO - [Times of India] Article: https://timesofindia.indiatimes.com/science/nasa-reveals-artemis-ii-spotify-wake-up-song-playlist-with-queen-bowie-and-modern-hits-for-astronauts/articleshow/130165977.cms
2026-04-10 13:19:18,081 - INFO - [Times of India] Attempt 1/1: Trying with 'selenium_browser' strategy...
2026-04-10 13:19:19,066 - INFO - [Times of India] Page content loaded.
2026-04-10 13:19:19,165 - INFO - [Times of India] Success with 'selenium_browser'. Found content (613 words).
2026-04-10 13:19:19,252 - INFO - Saved article: Nasa reveals Artemis II Spotify wake-up song playlist with Queen, Bowie and modern hits for astronauts | - The Times of India from Times of India
2026-04-10 13:19:19,870 - INFO - [Times of India] Article: https://timesofindia.indiatimes.com/science/i-am-artemis-dan-florez-the-hidden-nasa-hero-behind-the-moon-mission-revealed/articleshow/130166022.cms
2026-04-10 13:19:19,870 - INFO - [Times of India] Attempt 1/1: Trying with 'selenium_browser' strategy...
2026-04-10 13:19:20,785 - INFO - [Times of India] Page content loaded.
2026-04-10 13:19:20,967 - INFO - [Times of India] Success with 'selenium_browser'. Found content (520 words).
2026-04-10 13:19:21,046 - INFO - Saved article: “I Am Artemis”: Dan Florez, the hidden NASA hero behind the Moon mission revealed | - The Times of India from Times of India
2026-04-10 13:19:21,877 - INFO - [Times of India] Article: https://timesofindia.indiatimes.com/world/uk/uk-elderly-man-sexually-assaulted-by-woman-with-spanish-accent/articleshow/130165073.cms
2026-04-10 13:19:21,877 - INFO - [Times of India] Attempt 1/1: Trying with 'selenium_browser' strategy...
2026-04-10 13:19:22,977 - INFO - [Times of India] Page content loaded.
2026-04-10 13:19:23,143 - INFO - [Times of India] Success with 'selenium_browser'. Found content (208 words).
2026-04-10 13:19:23,201 - INFO - Saved article: Elderly Man Assaulted: UK: Elderly man sexually assaulted by woman with Spanish accent | World News - The Times of India from Times of India
2026-04-10 13:19:23,814 - INFO - [Times of India] Article: https://timesofindia.indiatimes.com/world/us/us-news-using-frisco-as-a-film-set-indian-origin-man-exposes-coordinated-anti-indian-campaign-in-us/articleshow/130164826.cms
2026-04-10 13:19:23,814 - INFO - [Times of India] Attempt 1/1: Trying with 'selenium_browser' strategy...
2026-04-10 13:19:24,981 - INFO - [Times of India] Page content loaded.
2026-04-10 13:19:25,117 - INFO - [Times of India] Success with 'selenium_browser'. Found content (691 words).
2026-04-10 13:19:25,187 - INFO - Saved article: H-1B Visa Fraud: ‘Using Frisco as a film set’: Indian-origin man exposes ‘coordinated’ anti-Indian campaign in US - The Times of India from Times of India
2026-04-10 13:19:26,645 - INFO - [Times of India] Article: https://timesofindia.indiatimes.com/world/us/us-news-hinduism-is-demonic-far-right-influencers-joel-webbon-and-alex-stein-face-massive-trolling-online-for-comments-on-hindus-in-viral-clip/articleshow/130163012.cms
2026-04-10 13:19:26,645 - INFO - [Times of India] Attempt 1/1: Trying with 'selenium_browser' strategy...
2026-04-10 13:19:29,124 - INFO - [Times of India] Page content loaded.
2026-04-10 13:19:29,404 - INFO - [Times of India] Success with 'selenium_browser'. Found content (661 words).
2026-04-10 13:19:29,568 - INFO - Saved article: Us Influencer: 'Hinduism is demonic': Far-right influencers Joel Webbon and Alex Stein face massive trolling online for comments on Hindus in viral clip | World News - The Times of India from Times of India
2026-04-10 13:19:30,645 - INFO - [Times of India] Article: https://timesofindia.indiatimes.com/world/us-streamers/put-grandpa-up-in-a-home-candace-owens-fires-back-at-the-president-with-brutal-jab-after-explosive-rant/articleshow/130156433.cms
2026-04-10 13:19:30,645 - INFO - [Times of India] Attempt 1/1: Trying with 'selenium_browser' strategy...
2026-04-10 13:19:31,203 - INFO - [Times of India] Page content loaded.
2026-04-10 13:19:31,399 - INFO - [Times of India] Success with 'selenium_browser'. Found content (512 words).
2026-04-10 13:19:31,481 - INFO - Saved article: "Put Grandpa up in a home": Candace Owens fires back at the President with brutal jab after explosive rant - The Times of India from Times of India
2026-04-10 13:19:32,211 - INFO - [Times of India] Article: https://timesofindia.indiatimes.com/world/middle-east/uae-gold-prices-drop-by-dh4-after-hitting-weekly-highs-as-dubai-rates-slip-below-dh570/articleshow/130162186.cms
2026-04-10 13:19:32,211 - INFO - [Times of India] Attempt 1/1: Trying with 'selenium_browser' strategy...
2026-04-10 13:19:33,626 - INFO - [Times of India] Page content loaded.
2026-04-10 13:19:33,757 - INFO - [Times of India] Success with 'selenium_browser'. Found content (378 words).
2026-04-10 13:19:33,856 - INFO - Saved article: Gold Prices Dubai: UAE gold prices drop by Dh4 after hitting weekly highs as Dubai rates slip below Dh570 | World News - The Times of India from Times of India
2026-04-10 13:19:34,715 - INFO - [Times of India] Article: https://timesofindia.indiatimes.com/world/middle-east/dubai-ruler-sheikh-mohammed-bin-rashid-calls-on-residents-to-raise-uae-flag-across-homes-buildings/articleshow/130161797.cms
2026-04-10 13:19:34,715 - INFO - [Times of India] Attempt 1/1: Trying with 'selenium_browser' strategy...
2026-04-10 13:19:35,926 - INFO - [Times of India] Page content loaded.
2026-04-10 13:19:36,038 - INFO - [Times of India] Success with 'selenium_browser'. Found content (376 words).
2026-04-10 13:19:36,128 - INFO - Saved article: Dubai: Dubai Ruler Sheikh Mohammed bin Rashid calls on residents to raise UAE flag across homes, buildings | World News - The Times of India from Times of India
2026-04-10 13:19:37,540 - INFO - [Times of India] Article: https://timesofindia.indiatimes.com/world/rest-of-world/ancient-human-populations-disappeared-3000-years-ago-in-france-dna-study-reveals-paris-tomb-mystery/articleshow/130150157.cms
2026-04-10 13:19:37,540 - INFO - [Times of India] Attempt 1/1: Trying with 'selenium_browser' strategy...
2026-04-10 13:19:38,464 - INFO - [Times of India] Page content loaded.
2026-04-10 13:19:38,618 - INFO - [Times of India] Success with 'selenium_browser'. Found content (633 words).
2026-04-10 13:19:38,696 - INFO - Saved article: Ancient human populations disappeared 3,000 years ago in France: DNA study reveals Paris tomb mystery | World News - The Times of India from Times of India
2026-04-10 13:19:39,626 - INFO - [Times of India] Article: https://timesofindia.indiatimes.com/world/rest-of-world/our-priorities-are-democracy-peace-myanmars-new-president-min-aung-hlaing-vows-asean-normalcy/articleshow/130160479.cms
2026-04-10 13:19:39,627 - INFO - [Times of India] Attempt 1/1: Trying with 'selenium_browser' strategy...
2026-04-10 13:19:40,876 - INFO - [Times of India] Page content loaded.
2026-04-10 13:19:41,028 - INFO - [Times of India] Success with 'selenium_browser'. Found content (287 words).
2026-04-10 13:19:41,095 - INFO - Saved article: Myanmar President: Myanmar's President Min Aung Hlaing Promises Democracy and Peace in Inaugural Address | World News - The Times of India from Times of India
2026-04-10 13:19:41,686 - INFO - [Times of India] Article: https://timesofindia.indiatimes.com/world/pakistan/pakistan-vs-israel-khwaja-asif-deletes-curse-on-humanity-post-after-sharp-response-ahead-of-us-iran-peace-talks/articleshow/130158934.cms
2026-04-10 13:19:41,686 - INFO - [Times of India] Attempt 1/1: Trying with 'selenium_browser' strategy...
2026-04-10 13:19:42,590 - INFO - [Times of India] Page content loaded.
2026-04-10 13:19:42,740 - INFO - [Times of India] Success with 'selenium_browser'. Found content (352 words).
2026-04-10 13:19:42,801 - INFO - Saved article: Khawaja Asif: Pakistan vs Israel: Khawaja Asif deletes 'curse on humanity' post after sharp response ahead of US-Iran peace talks - The Times of India from Times of India
2026-04-10 13:19:43,692 - INFO - [Times of India] Article: https://timesofindia.indiatimes.com/world/middle-east/saudia-announces-resumption-of-flights-to-dubai-abu-dhabi-from-april-11/articleshow/130160048.cms
2026-04-10 13:19:43,692 - INFO - [Times of India] Attempt 1/1: Trying with 'selenium_browser' strategy...
2026-04-10 13:19:44,568 - INFO - [Times of India] Page content loaded.
2026-04-10 13:19:44,707 - INFO - [Times of India] Success with 'selenium_browser'. Found content (207 words).
2026-04-10 13:19:44,775 - INFO - Saved article: Saudi Arabia Resume Flights: Saudia announces resumption of flights to Dubai, Abu Dhabi from April 11 | World News - The Times of India from Times of India
2026-04-10 13:19:46,227 - INFO - [Times of India] Article: https://timesofindia.indiatimes.com/world/pakistan/islamabad-put-under-lockdown-as-pakistan-preps-to-host-us-iran-talks/articleshow/130157651.cms
2026-04-10 13:19:46,227 - INFO - [Times of India] Attempt 1/1: Trying with 'selenium_browser' strategy...
2026-04-10 13:19:57,516 - WARNING - [Times of India] Page timed out (10s). No <p> tags found. Proceeding anyway.
2026-04-10 13:19:57,672 - INFO - [Times of India] Success with 'selenium_browser'. Found content (305 words).
2026-04-10 13:19:57,843 - INFO - Saved article: Pakistan Lockdown: Pakistan Enforces Lockdown Ahead of US-Iran Talks in Islamabad | World News - The Times of India from Times of India
2026-04-10 13:19:59,108 - INFO - [Times of India] (Thread) Finished. Attempting to shut down its Selenium driver.
2026-04-10 13:19:59,499 - INFO - [Times of India] (Thread) driver.quit() successful.
2026-04-10 13:19:59,499 - INFO - Shutting down thread pool (wait=False)...
2026-04-10 13:19:59,499 - INFO - Scraped: 14 The Guardian, 10 BBC, 20 Times of India, 25 The Hindu articles. (Total saved: 69)
2026-04-10 13:19:59,499 - INFO - --- Scraping job finished ---
2026-04-10 13:19:59,504 - INFO - --- Scraper service stopped and database connection closed. ---
2026-04-10 13:19:59,505 - INFO - --- Main thread finished. Forcing process exit to kill zombie threads. ---
