2025-11-17 01:46:40,056 - INFO - Initializing database connection at: news_articles.db
2025-11-17 01:46:40,056 - INFO - --- Scraper service started (CI Mode: Run Once) ---
2025-11-17 01:46:40,056 - INFO - --- Starting new scraping job (Parallel Mode) ---
2025-11-17 01:46:40,056 - INFO - Creating new robust session with 3 retries on 5xx/connection/read errors.
2025-11-17 01:46:40,056 - INFO - Proxy is DISABLED.
2025-11-17 01:46:40,057 - INFO - Starting scrape for BBC RSS feed: http://feeds.bbci.co.uk/news/world/rss.xml
2025-11-17 01:46:40,057 - INFO - [Times of India] (Thread) requires Selenium. Initializing driver...
2025-11-17 01:46:40,057 - INFO - Initializing headless Selenium Chrome driver (using SeleniumManager)...
2025-11-17 01:46:40,057 - INFO - Starting scrape for The Guardian RSS feed: https://www.theguardian.com/world/rss
2025-11-17 01:46:40,058 - INFO - [The Hindu] (Thread) requires Selenium. Initializing driver...
2025-11-17 01:46:40,058 - INFO - Initializing headless Selenium Chrome driver (using SeleniumManager)...
2025-11-17 01:46:40,058 - INFO - Submitted 4 jobs to thread pool. Waiting up to 300s for completion...
2025-11-17 01:46:40,329 - INFO - Found 45 articles in The Guardian RSS feed. Processing up to 10.
2025-11-17 01:46:40,331 - INFO - [The Guardian] Article: https://www.theguardian.com/world/2025/nov/15/ethiopia-confirms-outbreak-of-deadly-marburg-virus
2025-11-17 01:46:40,331 - INFO - [The Guardian] Attempt 1/1: Trying with 'requests_browser' strategy...
2025-11-17 01:46:40,379 - INFO - [The Guardian] Success with 'requests_browser'. Found content (279 words).
2025-11-17 01:46:40,474 - INFO - Duplicate article skipped: Ethiopia confirms outbreak of deadly Marburg virus | Ethiopia | The Guardian from The Guardian
2025-11-17 01:46:40,824 - INFO - Found 37 articles in BBC RSS feed. Processing up to 10.
2025-11-17 01:46:40,824 - INFO - [BBC] Article: https://www.bbc.com/news/articles/c2emyz0zpxko?at_medium=RSS&at_campaign=rss
2025-11-17 01:46:40,824 - INFO - [BBC] Attempt 1/1: Trying with 'requests_browser' strategy...
2025-11-17 01:46:41,433 - INFO - [The Guardian] Article: https://www.theguardian.com/australia-news/2025/nov/16/australia-dubai-international-airshow-defence-weapons-arms-fair-sudan-uae
2025-11-17 01:46:41,433 - INFO - [The Guardian] Attempt 1/1: Trying with 'requests_browser' strategy...
2025-11-17 01:46:41,549 - INFO - [BBC] Success with 'requests_browser'. Found content (1461 words).
2025-11-17 01:46:41,584 - INFO - Selenium driver initialized successfully.
2025-11-17 01:46:41,585 - INFO - Starting scrape for The Hindu RSS feed: https://www.thehindu.com/news/national/feeder/default.rss
2025-11-17 01:46:41,591 - INFO - Selenium driver initialized successfully.
2025-11-17 01:46:41,591 - INFO - Starting scrape for Times of India RSS feed: https://timesofindia.indiatimes.com/rssfeeds/296589292.cms
2025-11-17 01:46:41,601 - INFO - [The Guardian] Success with 'requests_browser'. Found content (1164 words).
2025-11-17 01:46:41,661 - INFO - Duplicate article skipped: Australia is selling arms at a weapons fair in Dubai. Are they destined to be used in Sudan atrocities? | Australia news | The Guardian from The Guardian
2025-11-17 01:46:41,673 - INFO - Saved article: Haditha: Two US marines implicated in killing family in notorious Iraq war shooting, expert tells BBC from BBC
2025-11-17 01:46:42,071 - INFO - Found 20 articles in Times of India RSS feed. Processing up to 10.
2025-11-17 01:46:42,071 - INFO - [Times of India] Article: https://timesofindia.indiatimes.com/business/international-business/when-will-americans-get-2000-tariff-dividends-donald-trump-speaks-out/articleshow/125371512.cms
2025-11-17 01:46:42,071 - INFO - [Times of India] Attempt 1/1: Trying with 'selenium_browser' strategy...
2025-11-17 01:46:42,279 - INFO - [BBC] Article: https://www.bbc.com/news/articles/crkl3d6pegpo?at_medium=RSS&at_campaign=rss
2025-11-17 01:46:42,279 - INFO - [BBC] Attempt 1/1: Trying with 'requests_browser' strategy...
2025-11-17 01:46:42,331 - INFO - [BBC] Success with 'requests_browser'. Found content (2228 words).
2025-11-17 01:46:42,373 - INFO - Saved article: How realistic is the plan to build a 'drone wall' against Russia? from BBC
2025-11-17 01:46:42,582 - INFO - Found 100 articles in The Hindu RSS feed. Processing up to 10.
2025-11-17 01:46:42,582 - INFO - [The Hindu] Article: https://www.thehindu.com/news/national/tamil-nadu/tvk-stages-demonstration-against-special-intensive-revision-of-electoral-roll/article70287370.ece
2025-11-17 01:46:42,582 - INFO - [The Hindu] Attempt 1/1: Trying with 'selenium_browser' strategy...
2025-11-17 01:46:43,011 - INFO - [The Guardian] Article: https://www.theguardian.com/global-development/2025/nov/15/health-uk-cut-global-fund-aids-tuberculosis-tb-malaria-africa
2025-11-17 01:46:43,011 - INFO - [The Guardian] Attempt 1/1: Trying with 'requests_browser' strategy...
2025-11-17 01:46:43,046 - INFO - [The Guardian] Success with 'requests_browser'. Found content (681 words).
2025-11-17 01:46:43,085 - INFO - Duplicate article skipped: UK warned that 15% cut to health fund will force ‘impossible choices’ on Africa | Global Fund to Fight Aids, Tuberculosis and Malaria | The Guardian from The Guardian
2025-11-17 01:46:43,562 - INFO - [BBC] Article: https://www.bbc.com/news/articles/c9wv4dx05q5o?at_medium=RSS&at_campaign=rss
2025-11-17 01:46:43,562 - INFO - [BBC] Attempt 1/1: Trying with 'requests_browser' strategy...
2025-11-17 01:46:43,638 - INFO - [BBC] Success with 'requests_browser'. Found content (716 words).
2025-11-17 01:46:43,685 - INFO - Duplicate article skipped: Trump targets ally Marjorie Taylor Greene ahead of Epstein files vote from BBC
2025-11-17 01:46:44,282 - INFO - [The Guardian] Article: https://www.theguardian.com/world/2025/nov/14/anger-south-africa-plane-palestinians-held-12-hours
2025-11-17 01:46:44,283 - INFO - [The Guardian] Attempt 1/1: Trying with 'requests_browser' strategy...
2025-11-17 01:46:44,421 - INFO - [The Guardian] Success with 'requests_browser'. Found content (620 words).
2025-11-17 01:46:44,544 - INFO - Duplicate article skipped: South Africa to investigate ‘mysterious’ arrival of 153 Palestinians on plane | South Africa | The Guardian from The Guardian
2025-11-17 01:46:44,964 - INFO - [BBC] Article: https://www.bbc.com/news/articles/c0jd0v8dvpwo?at_medium=RSS&at_campaign=rss
2025-11-17 01:46:44,965 - INFO - [BBC] Attempt 1/1: Trying with 'requests_browser' strategy...
2025-11-17 01:46:45,100 - INFO - [BBC] Success with 'requests_browser'. Found content (566 words).
2025-11-17 01:46:45,230 - INFO - Saved article: Communist and far-right candidates head to Chile presidential run-off from BBC
2025-11-17 01:46:45,653 - INFO - [The Guardian] Article: https://www.theguardian.com/world/2025/nov/14/british-egyptian-activist-alaa-abd-el-fattah-stopped-from-flying-to-uk-says-family
2025-11-17 01:46:45,655 - INFO - [The Guardian] Attempt 1/1: Trying with 'requests_browser' strategy...
2025-11-17 01:46:45,800 - INFO - [The Guardian] Success with 'requests_browser'. Found content (456 words).
2025-11-17 01:46:46,702 - INFO - [BBC] Article: https://www.bbc.com/news/articles/cqjw2x10njeo?at_medium=RSS&at_campaign=rss
2025-11-17 01:46:46,702 - INFO - [BBC] Attempt 1/1: Trying with 'requests_browser' strategy...
2025-11-17 01:46:46,816 - INFO - Duplicate article skipped: British-Egyptian activist stopped from flying to UK, says family | Egypt | The Guardian from The Guardian
2025-11-17 01:46:46,969 - INFO - [BBC] Success with 'requests_browser'. Found content (947 words).
2025-11-17 01:46:47,308 - INFO - Saved article: Gujarat: Hackers steal maternity ward CCTV videos in India cybercrime racket from BBC
2025-11-17 01:46:47,690 - INFO - [The Guardian] Article: https://www.theguardian.com/world/2025/nov/17/far-right-candidate-jose-antonio-kast-favourite-to-become-chiles-next-president-after-first-round-vote
2025-11-17 01:46:47,695 - INFO - [The Guardian] Attempt 1/1: Trying with 'requests_browser' strategy...
2025-11-17 01:46:47,952 - INFO - [The Guardian] Success with 'requests_browser'. Found content (573 words).
2025-11-17 01:46:48,144 - INFO - Saved article: Far-right candidate José Antonio Kast favourite to become Chile’s next president after first round vote | Chile | The Guardian from The Guardian
2025-11-17 01:46:48,528 - INFO - [BBC] Article: https://www.bbc.com/news/articles/clyk0nd1nq6o?at_medium=RSS&at_campaign=rss
2025-11-17 01:46:48,528 - INFO - [BBC] Attempt 1/1: Trying with 'requests_browser' strategy...
2025-11-17 01:46:48,784 - INFO - [BBC] Success with 'requests_browser'. Found content (326 words).
2025-11-17 01:46:48,883 - INFO - [The Guardian] Article: https://www.theguardian.com/environment/2025/nov/16/have-courage-to-create-fossil-fuel-phaseout-roadmap-at-cop30-brazilian-minister-urges
2025-11-17 01:46:48,883 - INFO - [The Guardian] Attempt 1/1: Trying with 'requests_browser' strategy...
2025-11-17 01:46:48,906 - INFO - Saved article: Red Fort explosion: Man arrested over deadly Delhi car bomb blast from BBC
2025-11-17 01:46:49,038 - INFO - [The Guardian] Success with 'requests_browser'. Found content (1091 words).
2025-11-17 01:46:49,487 - INFO - Saved article: Have courage to create fossil fuel phaseout roadmap at Cop30, Brazilian minister urges | Cop30 | The Guardian from The Guardian
2025-11-17 01:46:50,018 - INFO - [BBC] Article: https://www.bbc.com/news/articles/cj4172yl0l1o?at_medium=RSS&at_campaign=rss
2025-11-17 01:46:50,019 - INFO - [BBC] Attempt 1/1: Trying with 'requests_browser' strategy...
2025-11-17 01:46:50,302 - INFO - [BBC] Success with 'requests_browser'. Found content (307 words).
2025-11-17 01:46:50,580 - INFO - [The Guardian] Article: https://www.theguardian.com/world/2025/nov/16/gen-z-protests-against-mexico-president-turn-violent-amid-anger-over-mayors-death
2025-11-17 01:46:50,580 - INFO - [The Guardian] Attempt 1/1: Trying with 'requests_browser' strategy...
2025-11-17 01:46:50,995 - INFO - Saved article: Iran begins cloud seeding to induce rain during worst drought in decades from BBC
2025-11-17 01:46:51,003 - INFO - [The Guardian] Success with 'requests_browser'. Found content (541 words).
2025-11-17 01:46:51,543 - INFO - Duplicate article skipped: At least 120 hurt in gen Z protests over corruption and drug violence in Mexico | Mexico | The Guardian from The Guardian
2025-11-17 01:46:51,657 - INFO - [BBC] Article: https://www.bbc.com/news/articles/cqx3n4r2g04o?at_medium=RSS&at_campaign=rss
2025-11-17 01:46:51,657 - INFO - [BBC] Attempt 1/1: Trying with 'requests_browser' strategy...
2025-11-17 01:46:52,080 - INFO - [BBC] Success with 'requests_browser'. Found content (468 words).
2025-11-17 01:46:52,276 - INFO - [The Guardian] Article: https://www.theguardian.com/world/2025/nov/16/chile-election-president-crime-migration-fears
2025-11-17 01:46:52,276 - INFO - [The Guardian] Attempt 1/1: Trying with 'requests_browser' strategy...
2025-11-17 01:46:52,580 - INFO - Saved article: Charlotte faces DHS crackdown as agents target 'criminal illegal aliens' from BBC
2025-11-17 01:46:52,596 - INFO - [The Guardian] Success with 'requests_browser'. Found content (664 words).
2025-11-17 01:46:53,060 - INFO - Duplicate article skipped: Chile votes for next president in contest dominated by crime and migration fears | Chile | The Guardian from The Guardian
2025-11-17 01:46:53,316 - INFO - [BBC] Article: https://www.bbc.com/news/articles/czr1dm5vkjdo?at_medium=RSS&at_campaign=rss
2025-11-17 01:46:53,316 - INFO - [BBC] Attempt 1/1: Trying with 'requests_browser' strategy...
2025-11-17 01:46:53,605 - INFO - [The Guardian] Article: https://www.theguardian.com/world/2025/nov/16/caribbean-reparations-crc-uk-visit-britain-colonial-legacy
2025-11-17 01:46:53,605 - INFO - [The Guardian] Attempt 1/1: Trying with 'requests_browser' strategy...
2025-11-17 01:46:53,794 - INFO - [BBC] Success with 'requests_browser'. Found content (223 words).
2025-11-17 01:46:53,928 - INFO - [The Guardian] Success with 'requests_browser'. Found content (667 words).
2025-11-17 01:46:54,220 - INFO - Duplicate article skipped: South Korean actress and K-pop star Nana fights off home intruder from BBC
2025-11-17 01:46:54,461 - INFO - Duplicate article skipped: Caribbean reparations leaders in ‘historic’ first UK visit to press for justice | Reparations and reparative justice | The Guardian from The Guardian
2025-11-17 01:46:55,059 - INFO - [BBC] Article: https://www.bbc.com/news/articles/cn8vm30rr78o?at_medium=RSS&at_campaign=rss
2025-11-17 01:46:55,059 - INFO - [BBC] Attempt 1/1: Trying with 'requests_browser' strategy...
2025-11-17 01:46:55,312 - INFO - [BBC] Success with 'requests_browser'. Found content (410 words).
2025-11-17 01:46:55,588 - INFO - Duplicate article skipped: Thousands protest against government in Mexico City as clashes leave 120 injured from BBC
2025-11-17 01:47:05,535 - INFO - [The Hindu] Page content loaded.
2025-11-17 01:47:06,585 - INFO - [The Hindu] Success with 'selenium_browser'. Found content (168 words).
2025-11-17 01:47:07,195 - INFO - Saved article: TVK stages demonstration against Special Intensive Revision of electoral roll - The Hindu from The Hindu
2025-11-17 01:47:08,195 - INFO - [The Hindu] Article: https://www.thehindu.com/news/national/west-bengal/an-uncertain-solar-powered-future/article70272188.ece
2025-11-17 01:47:08,195 - INFO - [The Hindu] Attempt 1/1: Trying with 'selenium_browser' strategy...
2025-11-17 01:47:19,188 - INFO - [The Hindu] Page content loaded.
2025-11-17 01:47:20,049 - INFO - [The Hindu] Success with 'selenium_browser'. Found content (2036 words).
2025-11-17 01:47:21,186 - INFO - Saved article: An uncertain solar-powered future - The Hindu from The Hindu
2025-11-17 01:47:22,328 - INFO - [The Hindu] Article: https://www.thehindu.com/news/cities/chennai/priests-should-not-indulge-in-political-activities-in-temples-says-tn-minister/article70287407.ece
2025-11-17 01:47:22,328 - INFO - [The Hindu] Attempt 1/1: Trying with 'selenium_browser' strategy...
2025-11-17 01:47:29,462 - INFO - [The Hindu] Page content loaded.
2025-11-17 01:47:29,916 - INFO - [The Hindu] Success with 'selenium_browser'. Found content (149 words).
2025-11-17 01:47:30,417 - INFO - Saved article: Priests should not indulge in political activities in temples, says T.N. Minister - The Hindu from The Hindu
2025-11-17 01:47:31,084 - INFO - [The Hindu] Article: https://www.thehindu.com/news/national/tamil-nadu/vellore-corporation-lays-concrete-carriageway-without-relocating-electrical-poles/article70287471.ece
2025-11-17 01:47:31,084 - INFO - [The Hindu] Attempt 1/1: Trying with 'selenium_browser' strategy...
2025-11-17 01:47:39,529 - INFO - [The Hindu] Page content loaded.
2025-11-17 01:47:40,140 - INFO - [The Hindu] Success with 'selenium_browser'. Found content (446 words).
2025-11-17 01:47:40,881 - INFO - Saved article: Vellore Corporation lays concrete carriageway without relocating electrical poles - The Hindu from The Hindu
2025-11-17 01:47:42,342 - INFO - [The Hindu] Article: https://www.thehindu.com/news/national/tamil-nadu/pmk-to-hold-protests-against-tn-govt-over-caste-census-issue/article70287569.ece
2025-11-17 01:47:42,342 - INFO - [The Hindu] Attempt 1/1: Trying with 'selenium_browser' strategy...
2025-11-17 01:47:50,678 - INFO - [The Hindu] Page content loaded.
2025-11-17 01:47:51,423 - INFO - [The Hindu] Success with 'selenium_browser'. Found content (268 words).
2025-11-17 01:47:51,855 - INFO - Saved article: PMK to hold protests against T.N. govt. over caste census issue - The Hindu from The Hindu
2025-11-17 01:47:53,327 - INFO - [The Hindu] Article: https://www.thehindu.com/news/national/tamil-nadu/annas-speech-still-relevant-about-delhi-rulers-says-stalin/article70287987.ece
2025-11-17 01:47:53,327 - INFO - [The Hindu] Attempt 1/1: Trying with 'selenium_browser' strategy...
2025-11-17 01:48:42,173 - ERROR - [Times of India] Request failed for strategy 'selenium_browser' on URL https://timesofindia.indiatimes.com/business/international-business/when-will-americans-get-2000-tariff-dividends-donald-trump-speaks-out/articleshow/125371512.cms: HTTPConnectionPool(host='localhost', port=46645): Read timed out. (read timeout=120)
2025-11-17 01:48:42,173 - ERROR - [Times of India] All scrape strategies failed for https://timesofindia.indiatimes.com/business/international-business/when-will-americans-get-2000-tariff-dividends-donald-trump-speaks-out/articleshow/125371512.cms. Falling back to RSS description.
2025-11-17 01:48:42,185 - INFO - Saved article: When will Americans get $2,000 tariff dividends? Donald Trump speaks out from Times of India
2025-11-17 01:48:43,160 - INFO - [Times of India] Article: https://timesofindia.indiatimes.com/world/us/internet-torches-donald-trump-after-epstein-emails-link-him-to-bubba-alleged-to-be-bill-clinton-worst-damage-control/articleshow/125371289.cms
2025-11-17 01:48:43,160 - INFO - [Times of India] Attempt 1/1: Trying with 'selenium_browser' strategy...
2025-11-17 01:48:53,363 - ERROR - [The Hindu] Request failed for strategy 'selenium_browser' on URL https://www.thehindu.com/news/national/tamil-nadu/annas-speech-still-relevant-about-delhi-rulers-says-stalin/article70287987.ece: Message: timeout: Timed out receiving message from renderer: 59.863
  (Session info: chrome=142.0.7444.162)
Stacktrace:
#0 0x5575761a332a <unknown>
#1 0x557575befe4b <unknown>
#2 0x557575bd7e0d <unknown>
#3 0x557575bd7af0 <unknown>
#4 0x557575bd58ff <unknown>
#5 0x557575bd627f <unknown>
#6 0x557575be4ca3 <unknown>
#7 0x557575bfe601 <unknown>
#8 0x557575c04e0b <unknown>
#9 0x557575bd69bd <unknown>
#10 0x557575bfe3a7 <unknown>
#11 0x557575c8f170 <unknown>
#12 0x557575c34c1a <unknown>
#13 0x557575c35921 <unknown>
#14 0x55757616a239 <unknown>
#15 0x55757616d1e8 <unknown>
#16 0x5575761534c9 <unknown>
#17 0x55757616ddb5 <unknown>
#18 0x55757613ae93 <unknown>
#19 0x557576190098 <unknown>
#20 0x557576190273 <unknown>
#21 0x5575761a22c3 <unknown>
#22 0x7f2d6609caa4 <unknown>
#23 0x7f2d66129c6c <unknown>

2025-11-17 01:48:53,363 - ERROR - [The Hindu] All scrape strategies failed for https://www.thehindu.com/news/national/tamil-nadu/annas-speech-still-relevant-about-delhi-rulers-says-stalin/article70287987.ece. Falling back to RSS description.
2025-11-17 01:48:53,365 - INFO - Saved article: Anna’s speech still relevant about Delhi rulers, says Stalin from The Hindu
2025-11-17 01:48:54,854 - INFO - [The Hindu] Article: https://www.thehindu.com/news/national/tamil-nadu/pmk-to-hold-protests-across-tamil-nadu-on-december-12-ramadoss/article70287457.ece
2025-11-17 01:48:54,854 - INFO - [The Hindu] Attempt 1/1: Trying with 'selenium_browser' strategy...
2025-11-17 01:48:58,746 - INFO - [The Hindu] Page content loaded.
2025-11-17 01:48:58,859 - INFO - [The Hindu] Success with 'selenium_browser'. Found content (264 words).
2025-11-17 01:48:58,955 - INFO - Saved article: PMK to hold protests across Tamil Nadu on December 12: Ramadoss - The Hindu from The Hindu
2025-11-17 01:49:00,290 - INFO - [The Hindu] Article: https://www.thehindu.com/news/national/tamil-nadu/forest-department-seizes-390-kg-of-red-sanders-near-arakkonam/article70287450.ece
2025-11-17 01:49:00,290 - INFO - [The Hindu] Attempt 1/1: Trying with 'selenium_browser' strategy...
2025-11-17 01:49:01,499 - INFO - [The Hindu] Page content loaded.
2025-11-17 01:49:01,713 - INFO - [The Hindu] Success with 'selenium_browser'. Found content (177 words).
2025-11-17 01:49:01,942 - INFO - Saved article: Forest Department seizes 390 kg of red sanders near Arakkonam - The Hindu from The Hindu
2025-11-17 01:49:02,605 - INFO - [The Hindu] Article: https://www.thehindu.com/news/cities/Delhi/red-fort-blast-agencies-to-recreate-bombers-route-probing-hawala-trail/article70288446.ece
2025-11-17 01:49:02,605 - INFO - [The Hindu] Attempt 1/1: Trying with 'selenium_browser' strategy...
2025-11-17 01:49:06,377 - INFO - [The Hindu] Page content loaded.
2025-11-17 01:49:06,708 - INFO - [The Hindu] Success with 'selenium_browser'. Found content (270 words).
2025-11-17 01:49:06,925 - INFO - Saved article: Red Fort blast: agencies to recreate ‘bomber’s’ route, probing hawala trail - The Hindu from The Hindu
2025-11-17 01:49:07,464 - INFO - [The Hindu] Article: https://www.thehindu.com/news/national/jammu-and-kashmir/govt-promised-to-replace-stones-with-laptops-but-kashmiri-youth-pushed-to-become-suicide-bomber-mehbooba/article70288115.ece
2025-11-17 01:49:07,464 - INFO - [The Hindu] Attempt 1/1: Trying with 'selenium_browser' strategy...
2025-11-17 01:49:09,863 - INFO - [The Hindu] Page content loaded.
2025-11-17 01:49:10,134 - INFO - [The Hindu] Success with 'selenium_browser'. Found content (491 words).
2025-11-17 01:49:10,282 - INFO - Saved article: Govt promised to replace stones with laptops, but Kashmiri youth pushed to become suicide bomber: Mehbooba - The Hindu from The Hindu
2025-11-17 01:49:11,012 - INFO - [The Hindu] (Thread) Finished. Attempting to shut down its Selenium driver.
2025-11-17 01:49:11,336 - INFO - [The Hindu] (Thread) driver.quit() successful.
2025-11-17 01:50:43,261 - ERROR - [Times of India] Request failed for strategy 'selenium_browser' on URL https://timesofindia.indiatimes.com/world/us/internet-torches-donald-trump-after-epstein-emails-link-him-to-bubba-alleged-to-be-bill-clinton-worst-damage-control/articleshow/125371289.cms: HTTPConnectionPool(host='localhost', port=46645): Read timed out. (read timeout=120)
2025-11-17 01:50:43,261 - ERROR - [Times of India] All scrape strategies failed for https://timesofindia.indiatimes.com/world/us/internet-torches-donald-trump-after-epstein-emails-link-him-to-bubba-alleged-to-be-bill-clinton-worst-damage-control/articleshow/125371289.cms. Falling back to RSS description.
2025-11-17 01:50:43,263 - INFO - Saved article: Internet torches Donald Trump after Epstein emails link him to ‘Bubba,’ alleged to be Bill Clinton: ‘Worst damage control’ from Times of India
2025-11-17 01:50:44,701 - INFO - [Times of India] Article: https://timesofindia.indiatimes.com/world/us/scott-bessent-grilled-after-giving-wild-reason-for-soaring-beef-prices-in-us-cows-climbing-over-trumps-wall/articleshow/125370786.cms
2025-11-17 01:50:44,701 - INFO - [Times of India] Attempt 1/1: Trying with 'selenium_browser' strategy...
2025-11-17 01:51:40,058 - CRITICAL - --- TIMEOUT: 1 scrape jobs did not complete in 300s. ---
2025-11-17 01:51:40,059 - ERROR - A thread has timed out and will be abandoned.
2025-11-17 01:51:40,059 - INFO - Shutting down thread pool (wait=False)...
2025-11-17 01:51:40,059 - INFO - Scraped: 10 The Hindu, 7 BBC, 2 The Guardian, 1 Timed_Out_Jobs articles. (Total saved: 19)
2025-11-17 01:51:40,059 - INFO - --- Scraping job finished ---
2025-11-17 01:51:40,059 - INFO - --- Scraper service stopped and database connection closed. ---
2025-11-17 01:51:40,059 - INFO - --- Main thread finished. Forcing process exit to kill zombie threads. ---
