2026-04-01 13:27:41,342 - INFO - Initializing database connection at: news_articles.db
2026-04-01 13:27:41,342 - INFO - --- Scraper service started (CI Mode: Run Once) ---
2026-04-01 13:27:41,342 - INFO - --- Starting new scraping job (Parallel Mode) ---
2026-04-01 13:27:41,342 - INFO - Creating new robust session with 3 retries on 5xx/connection/read errors.
2026-04-01 13:27:41,343 - INFO - Proxy is DISABLED.
2026-04-01 13:27:41,343 - INFO - Starting scrape for BBC RSS feed: http://feeds.bbci.co.uk/news/world/rss.xml
2026-04-01 13:27:41,343 - INFO - [Times of India] (Thread) requires Selenium. Initializing driver...
2026-04-01 13:27:41,343 - INFO - Initializing headless Selenium Chrome driver (using SeleniumManager)...
2026-04-01 13:27:41,344 - INFO - Starting scrape for The Guardian RSS feed: https://www.theguardian.com/world/rss
2026-04-01 13:27:41,344 - INFO - [The Hindu] (Thread) requires Selenium. Initializing driver...
2026-04-01 13:27:41,344 - INFO - Submitted 4 jobs to thread pool. Waiting up to 420s for completion...
2026-04-01 13:27:41,344 - INFO - Initializing headless Selenium Chrome driver (using SeleniumManager)...
2026-04-01 13:27:41,566 - INFO - Found 45 articles in The Guardian RSS feed. Processing up to 25.
2026-04-01 13:27:41,567 - INFO - [The Guardian] Article: https://www.theguardian.com/us-news/2026/mar/30/ilhan-omar-false-reports-somaliland
2026-04-01 13:27:41,567 - INFO - [The Guardian] Attempt 1/1: Trying with 'requests_browser' strategy...
2026-04-01 13:27:41,841 - INFO - Found 46 articles in BBC RSS feed. Processing up to 25.
2026-04-01 13:27:41,841 - INFO - [BBC] Article: https://www.bbc.com/news/articles/cze0kz7gr84o?at_medium=RSS&at_campaign=rss
2026-04-01 13:27:41,841 - INFO - [BBC] Attempt 1/1: Trying with 'requests_browser' strategy...
2026-04-01 13:27:42,030 - INFO - [The Guardian] Success with 'requests_browser'. Found content (684 words).
2026-04-01 13:27:42,066 - INFO - Duplicate article skipped: News outlets falsely report Somaliland called for extradition of Ilhan Omar | Ilhan Omar | The Guardian from The Guardian
2026-04-01 13:27:42,177 - INFO - [BBC] Success with 'requests_browser'. Found content (1209 words).
2026-04-01 13:27:42,261 - INFO - Saved article: China is trying to play peacemaker in the Iran war - will it work? from BBC
2026-04-01 13:27:42,906 - INFO - [BBC] Article: https://www.bbc.com/news/articles/cvg07j6yeweo?at_medium=RSS&at_campaign=rss
2026-04-01 13:27:42,906 - INFO - [BBC] Attempt 1/1: Trying with 'requests_browser' strategy...
2026-04-01 13:27:42,954 - INFO - [BBC] Success with 'requests_browser'. Found content (800 words).
2026-04-01 13:27:42,998 - INFO - Saved article: Israel intensifies Lebanon attacks and hits areas not in Hezbollah's control from BBC
2026-04-01 13:27:43,473 - INFO - [The Guardian] Article: https://www.theguardian.com/football/2026/mar/30/congo-brazzaville-jean-guy-blaise-mayolas-fifa-interpol-arrest-warrant
2026-04-01 13:27:43,473 - INFO - [The Guardian] Attempt 1/1: Trying with 'requests_browser' strategy...
2026-04-01 13:27:43,647 - INFO - [The Guardian] Success with 'requests_browser'. Found content (432 words).
2026-04-01 13:27:43,681 - INFO - Duplicate article skipped: Interpol arrest warrant requested in Congo-Brazzaville for Jean-Guy Blaise Mayolas | Soccer | The Guardian from The Guardian
2026-04-01 13:27:44,270 - INFO - [BBC] Article: https://www.bbc.com/news/articles/cly6387xgqxo?at_medium=RSS&at_campaign=rss
2026-04-01 13:27:44,270 - INFO - [BBC] Attempt 1/1: Trying with 'requests_browser' strategy...
2026-04-01 13:27:44,304 - INFO - [The Guardian] Article: https://www.theguardian.com/environment/2026/mar/30/weather-tracker-thunderstorms-uae-united-arab-emirates-saudi-arabia
2026-04-01 13:27:44,304 - INFO - [The Guardian] Attempt 1/1: Trying with 'requests_browser' strategy...
2026-04-01 13:27:44,313 - INFO - [BBC] Success with 'requests_browser'. Found content (329 words).
2026-04-01 13:27:44,353 - INFO - Saved article: Russian military plane crash kills 29 in occupied Crimea from BBC
2026-04-01 13:27:44,493 - INFO - [The Guardian] Success with 'requests_browser'. Found content (313 words).
2026-04-01 13:27:44,531 - INFO - Duplicate article skipped: Weather tracker: Thunderstorms drench UAE and Saudi Arabia | Environment | The Guardian from The Guardian
2026-04-01 13:27:45,315 - INFO - [The Guardian] Article: https://www.theguardian.com/global-development/2026/mar/30/urgent-action-needed-to-prevent-surge-in-digital-violence-in-africa-experts-say
2026-04-01 13:27:45,315 - INFO - [The Guardian] Attempt 1/1: Trying with 'requests_browser' strategy...
2026-04-01 13:27:45,430 - INFO - [BBC] Article: https://www.bbc.com/news/articles/c5yled478zwo?at_medium=RSS&at_campaign=rss
2026-04-01 13:27:45,430 - INFO - [BBC] Attempt 1/1: Trying with 'requests_browser' strategy...
2026-04-01 13:27:45,471 - INFO - [BBC] Success with 'requests_browser'. Found content (557 words).
2026-04-01 13:27:45,513 - INFO - Duplicate article skipped: US journalist Shelly Kittleson kidnapped in Baghdad from BBC
2026-04-01 13:27:45,532 - INFO - [The Guardian] Success with 'requests_browser'. Found content (997 words).
2026-04-01 13:27:45,571 - INFO - Duplicate article skipped: Urgent action needed to prevent surge in digital violence in Africa, experts say | Global development | The Guardian from The Guardian
2026-04-01 13:27:46,227 - INFO - [The Guardian] Article: https://www.theguardian.com/world/2026/mar/29/graaff-reinet-robert-sobukwe-south-african-town-name-change-stirs-racial-tensions
2026-04-01 13:27:46,227 - INFO - [The Guardian] Attempt 1/1: Trying with 'requests_browser' strategy...
2026-04-01 13:27:46,227 - INFO - [BBC] Article: https://www.bbc.com/news/articles/c5yx8knpr5no?at_medium=RSS&at_campaign=rss
2026-04-01 13:27:46,227 - INFO - [BBC] Attempt 1/1: Trying with 'requests_browser' strategy...
2026-04-01 13:27:46,281 - INFO - [BBC] Success with 'requests_browser'. Found content (1057 words).
2026-04-01 13:27:46,325 - INFO - Duplicate article skipped: Israel says it will keep control over part of southern Lebanon after war with Hezbollah ends from BBC
2026-04-01 13:27:46,437 - INFO - [The Guardian] Success with 'requests_browser'. Found content (860 words).
2026-04-01 13:27:46,482 - INFO - Duplicate article skipped: Goodbye Graaff-Reinet: South African town’s name change stirs racial tensions | South Africa | The Guardian from The Guardian
2026-04-01 13:27:47,194 - INFO - [BBC] Article: https://www.bbc.com/news/articles/cm296yv05eeo?at_medium=RSS&at_campaign=rss
2026-04-01 13:27:47,194 - INFO - [BBC] Attempt 1/1: Trying with 'requests_browser' strategy...
2026-04-01 13:27:47,244 - INFO - [BBC] Success with 'requests_browser'. Found content (307 words).
2026-04-01 13:27:47,322 - INFO - Saved article: DR Congo declares national holiday after beating Jamaica to reach World Cup finals from BBC
2026-04-01 13:27:47,500 - INFO - [The Guardian] Article: https://www.theguardian.com/world/2026/apr/01/stephen-lewis-canadian-politician-and-social-activist-dies-aged-88
2026-04-01 13:27:47,500 - INFO - [The Guardian] Attempt 1/1: Trying with 'requests_browser' strategy...
2026-04-01 13:27:47,974 - INFO - [The Guardian] Success with 'requests_browser'. Found content (583 words).
2026-04-01 13:27:47,998 - INFO - Selenium driver initialized successfully.
2026-04-01 13:27:48,004 - INFO - Starting scrape for Times of India RSS feed: https://timesofindia.indiatimes.com/rssfeeds/296589292.cms
2026-04-01 13:27:48,005 - INFO - Selenium driver initialized successfully.
2026-04-01 13:27:48,005 - INFO - Starting scrape for The Hindu RSS feed: https://www.thehindu.com/news/national/feeder/default.rss
2026-04-01 13:27:48,018 - INFO - Duplicate article skipped: Stephen Lewis, Canadian politician and social activist, dies aged 88 | Canada | The Guardian from The Guardian
2026-04-01 13:27:48,127 - INFO - Found 60 articles in The Hindu RSS feed. Processing up to 25.
2026-04-01 13:27:48,128 - INFO - [The Hindu] Article: https://www.thehindu.com/news/national/karnataka/abvp-takes-out-protest-march-against-govt-laxity-in-filling-vacancy/article70807925.ece
2026-04-01 13:27:48,128 - INFO - [The Hindu] Attempt 1/1: Trying with 'selenium_browser' strategy...
2026-04-01 13:27:48,205 - INFO - Found 20 articles in Times of India RSS feed. Processing up to 25.
2026-04-01 13:27:48,205 - INFO - [Times of India] Article: https://timesofindia.indiatimes.com/world/uk/british-pakistani-teen-among-3-arrested-over-arson-attack-on-jewish-community-ambulances-in-london/articleshow/129952352.cms
2026-04-01 13:27:48,205 - INFO - [Times of India] Attempt 1/1: Trying with 'selenium_browser' strategy...
2026-04-01 13:27:48,370 - INFO - [BBC] Article: https://www.bbc.com/news/articles/cvge91r9j80o?at_medium=RSS&at_campaign=rss
2026-04-01 13:27:48,370 - INFO - [BBC] Attempt 1/1: Trying with 'requests_browser' strategy...
2026-04-01 13:27:48,458 - INFO - [BBC] Success with 'requests_browser'. Found content (320 words).
2026-04-01 13:27:48,628 - INFO - Saved article: Baidu's Apollo Go self-driving cars stop mid-traffic in China from BBC
2026-04-01 13:27:48,635 - INFO - [The Guardian] Article: https://www.theguardian.com/us-news/2026/mar/31/gulf-of-mexico-drilling-endangered-species
2026-04-01 13:27:48,635 - INFO - [The Guardian] Attempt 1/1: Trying with 'requests_browser' strategy...
2026-04-01 13:27:48,718 - INFO - [The Guardian] Success with 'requests_browser'. Found content (876 words).
2026-04-01 13:27:48,803 - INFO - Duplicate article skipped: ‘God squad’ waives endangered species law to allow US drilling in Gulf of Mexico | Trump administration | The Guardian from The Guardian
2026-04-01 13:27:49,167 - INFO - [BBC] Article: https://www.bbc.com/news/articles/c77m16n6dm0o?at_medium=RSS&at_campaign=rss
2026-04-01 13:27:49,167 - INFO - [BBC] Attempt 1/1: Trying with 'requests_browser' strategy...
2026-04-01 13:27:49,174 - INFO - [The Hindu] Page content loaded.
2026-04-01 13:27:49,264 - INFO - [BBC] Success with 'requests_browser'. Found content (391 words).
2026-04-01 13:27:49,330 - INFO - [The Hindu] Success with 'selenium_browser'. Found content (163 words).
2026-04-01 13:27:49,470 - INFO - Saved article: Japan: Divorced couples can now have joint custody of children from BBC
2026-04-01 13:27:49,512 - INFO - Saved article: ABVP takes out protest march against govt. laxity in filling vacancy - The Hindu from The Hindu
2026-04-01 13:27:49,654 - INFO - [The Guardian] Article: https://www.theguardian.com/world/2026/mar/31/bolivia-clown-protests-decree-school-holiday-parties
2026-04-01 13:27:49,654 - INFO - [The Guardian] Attempt 1/1: Trying with 'requests_browser' strategy...
2026-04-01 13:27:49,769 - INFO - [The Guardian] Success with 'requests_browser'. Found content (366 words).
2026-04-01 13:27:49,893 - INFO - Duplicate article skipped: Sad faces all round as Bolivia’s clowns protest over decree threatening their livelihoods | Bolivia | The Guardian from The Guardian
2026-04-01 13:27:50,542 - INFO - [The Guardian] Article: https://www.theguardian.com/world/2026/mar/30/deaths-in-gang-attack-haitian-farming-area-far-exceed-initial-estimate
2026-04-01 13:27:50,544 - INFO - [The Guardian] Attempt 1/1: Trying with 'requests_browser' strategy...
2026-04-01 13:27:50,705 - INFO - [The Guardian] Success with 'requests_browser'. Found content (324 words).
2026-04-01 13:27:50,854 - INFO - [BBC] Article: https://www.bbc.com/news/articles/c86e1403793o?at_medium=RSS&at_campaign=rss
2026-04-01 13:27:50,854 - INFO - [BBC] Attempt 1/1: Trying with 'requests_browser' strategy...
2026-04-01 13:27:50,912 - INFO - [The Hindu] Article: https://www.thehindu.com/news/national/karnataka/ksrtcs-training-programmes-earn-world-hrd-congress-award/article70810889.ece
2026-04-01 13:27:50,913 - INFO - [The Hindu] Attempt 1/1: Trying with 'selenium_browser' strategy...
2026-04-01 13:27:51,049 - INFO - Duplicate article skipped: At least 70 people killed and 30 injured in Haiti gang attack | Haiti | The Guardian from The Guardian
2026-04-01 13:27:51,089 - INFO - [BBC] Success with 'requests_browser'. Found content (271 words).
2026-04-01 13:27:51,194 - INFO - Saved article: Megan Thee Stallion taken to hospital during Moulin Rouge performance from BBC
2026-04-01 13:27:52,201 - INFO - [The Guardian] Article: https://www.theguardian.com/world/2026/mar/30/canada-avi-lewis-elected-new-democratic-party
2026-04-01 13:27:52,201 - INFO - [The Guardian] Attempt 1/1: Trying with 'requests_browser' strategy...
2026-04-01 13:27:52,427 - INFO - [The Guardian] Success with 'requests_browser'. Found content (800 words).
2026-04-01 13:27:52,619 - INFO - Duplicate article skipped: Avi Lewis, elected to lead Canada’s New Democratic party, promises ‘NDP comeback’ | Canada | The Guardian from The Guardian
2026-04-01 13:27:52,683 - INFO - [BBC] Article: https://www.bbc.com/news/articles/cvg4nre8nl9o?at_medium=RSS&at_campaign=rss
2026-04-01 13:27:52,683 - INFO - [BBC] Attempt 1/1: Trying with 'requests_browser' strategy...
2026-04-01 13:27:52,805 - INFO - [BBC] Success with 'requests_browser'. Found content (415 words).
2026-04-01 13:27:52,994 - INFO - Saved article: Iran war economic shocks will last 'months', says Australia's PM from BBC
2026-04-01 13:27:53,165 - INFO - [The Guardian] Article: https://www.theguardian.com/world/2026/apr/01/iran-energy-crisis-asia-dirty-fuels-coal
2026-04-01 13:27:53,165 - INFO - [The Guardian] Attempt 1/1: Trying with 'requests_browser' strategy...
2026-04-01 13:27:53,352 - INFO - [The Guardian] Success with 'requests_browser'. Found content (799 words).
2026-04-01 13:27:53,551 - INFO - Saved article: Asia ramps up use of dirty fuels to cover energy shortfall triggered by Iran war | US-Israel war on Iran | The Guardian from The Guardian
2026-04-01 13:27:53,987 - INFO - [The Hindu] Page content loaded.
2026-04-01 13:27:54,169 - INFO - [The Guardian] Article: https://www.theguardian.com/world/2026/apr/01/molly-border-collie-rescued-new-zealand
2026-04-01 13:27:54,170 - INFO - [The Guardian] Attempt 1/1: Trying with 'requests_browser' strategy...
2026-04-01 13:27:54,203 - INFO - [BBC] Article: https://www.bbc.com/news/articles/c0le03ne05ro?at_medium=RSS&at_campaign=rss
2026-04-01 13:27:54,203 - INFO - [BBC] Attempt 1/1: Trying with 'requests_browser' strategy...
2026-04-01 13:27:54,352 - INFO - [The Guardian] Success with 'requests_browser'. Found content (622 words).
2026-04-01 13:27:54,539 - INFO - [BBC] Success with 'requests_browser'. Found content (544 words).
2026-04-01 13:27:54,688 - INFO - Saved article: Molly the border collie rescued after a week waiting for injured owner in New Zealand’s remote backcountry | New Zealand | The Guardian from The Guardian
2026-04-01 13:27:54,962 - INFO - Saved article: Thailand haze: Chiang Mai air pollution sparks health fears from BBC
2026-04-01 13:27:54,969 - INFO - [The Hindu] Success with 'selenium_browser'. Found content (204 words).
2026-04-01 13:27:55,289 - INFO - Saved article: KSRTC’s training programmes earn World HRD Congress Award - The Hindu from The Hindu
2026-04-01 13:27:55,611 - INFO - [The Guardian] Article: https://www.theguardian.com/world/2026/apr/01/japan-allows-divorced-couples-to-negotiate-joint-custody-of-children-for-first-time
2026-04-01 13:27:55,611 - INFO - [The Guardian] Attempt 1/1: Trying with 'requests_browser' strategy...
2026-04-01 13:27:55,973 - INFO - [The Guardian] Success with 'requests_browser'. Found content (499 words).
2026-04-01 13:27:56,138 - INFO - [The Hindu] Article: https://www.thehindu.com/news/national/karnataka/enriching-life-will-enrich-language-says-siddanagouda-patil/article70808024.ece
2026-04-01 13:27:56,150 - INFO - [The Hindu] Attempt 1/1: Trying with 'selenium_browser' strategy...
2026-04-01 13:27:56,215 - INFO - Duplicate article skipped: Japan allows divorced couples to negotiate joint custody of children for first time | Japan | The Guardian from The Guardian
2026-04-01 13:27:56,391 - INFO - [BBC] Article: https://www.bbc.com/news/articles/cm296jzzl9yo?at_medium=RSS&at_campaign=rss
2026-04-01 13:27:56,391 - INFO - [BBC] Attempt 1/1: Trying with 'requests_browser' strategy...
2026-04-01 13:27:56,605 - INFO - [BBC] Success with 'requests_browser'. Found content (517 words).
2026-04-01 13:27:57,116 - INFO - [The Guardian] Article: https://www.theguardian.com/world/2026/mar/31/pakistan-china-propose-five-part-peace-plan-middle-east
2026-04-01 13:27:57,116 - INFO - [The Guardian] Attempt 1/1: Trying with 'requests_browser' strategy...
2026-04-01 13:27:57,367 - INFO - [The Guardian] Success with 'requests_browser'. Found content (759 words).
2026-04-01 13:27:57,486 - INFO - Duplicate article skipped: Tech giant Oracle makes 'significant' job cuts from BBC
2026-04-01 13:27:57,564 - INFO - Duplicate article skipped: Pakistan and China propose five-part peace plan for Middle East | Iran | The Guardian from The Guardian
2026-04-01 13:27:58,308 - INFO - [The Hindu] Page content loaded.
2026-04-01 13:27:58,502 - INFO - [BBC] Article: https://www.bbc.com/news/articles/c7056exw78xo?at_medium=RSS&at_campaign=rss
2026-04-01 13:27:58,503 - INFO - [BBC] Attempt 1/1: Trying with 'requests_browser' strategy...
2026-04-01 13:27:58,689 - INFO - [BBC] Success with 'requests_browser'. Found content (777 words).
2026-04-01 13:27:58,722 - INFO - [The Hindu] Success with 'selenium_browser'. Found content (440 words).
2026-04-01 13:27:59,092 - INFO - [The Guardian] Article: https://www.theguardian.com/tv-and-radio/2026/mar/31/eurovision-song-contest-expands-into-asia
2026-04-01 13:27:59,092 - INFO - [The Guardian] Attempt 1/1: Trying with 'requests_browser' strategy...
2026-04-01 13:27:59,099 - INFO - Duplicate article skipped: Judge temporarily halts construction of Trump's White House ballroom from BBC
2026-04-01 13:27:59,202 - INFO - Saved article: Enriching life will enrich language, says Siddanagouda Patil - The Hindu from The Hindu
2026-04-01 13:27:59,432 - INFO - [The Guardian] Success with 'requests_browser'. Found content (689 words).
2026-04-01 13:27:59,626 - INFO - Duplicate article skipped: ‘A place where music fills the air’: Bangkok to host Eurovision’s first Asia song contest | Eurovision | The Guardian from The Guardian
2026-04-01 13:27:59,917 - INFO - [BBC] Article: https://www.bbc.com/news/articles/c05d7md899ro?at_medium=RSS&at_campaign=rss
2026-04-01 13:27:59,918 - INFO - [BBC] Attempt 1/1: Trying with 'requests_browser' strategy...
2026-04-01 13:28:00,071 - INFO - [BBC] Success with 'requests_browser'. Found content (638 words).
2026-04-01 13:28:00,166 - INFO - [The Hindu] Article: https://www.thehindu.com/news/national/census-2027-step-by-step-guide-how-to-do-self-enumeration-online-check-date-for-your-state/article70810183.ece
2026-04-01 13:28:00,166 - INFO - [The Hindu] Attempt 1/1: Trying with 'selenium_browser' strategy...
2026-04-01 13:28:00,260 - INFO - Duplicate article skipped: Peacekeepers killed by roadside explosion in Lebanon, initial report finds from BBC
2026-04-01 13:28:00,848 - INFO - [The Guardian] Article: https://www.theguardian.com/australia-news/2026/apr/01/chalmers-says-small-business-paying-the-price-for-middle-east-conflict-as-he-unveils-support-measures
2026-04-01 13:28:00,848 - INFO - [The Guardian] Attempt 1/1: Trying with 'requests_browser' strategy...
2026-04-01 13:28:01,012 - INFO - [The Guardian] Success with 'requests_browser'. Found content (673 words).
2026-04-01 13:28:01,187 - INFO - Duplicate article skipped: Anthony Albanese to address nation on Wednesday night as treasurer announces Covid-era support measures | Jim Chalmers | The Guardian from The Guardian
2026-04-01 13:28:01,551 - INFO - [BBC] Article: https://www.bbc.com/news/articles/cje470qgl1yo?at_medium=RSS&at_campaign=rss
2026-04-01 13:28:01,551 - INFO - [BBC] Attempt 1/1: Trying with 'requests_browser' strategy...
2026-04-01 13:28:01,658 - INFO - [BBC] Success with 'requests_browser'. Found content (268 words).
2026-04-01 13:28:01,845 - INFO - Duplicate article skipped: Italian Christmas meal tragedy turns into murder inquiry from BBC
2026-04-01 13:28:02,210 - INFO - [The Hindu] Page content loaded.
2026-04-01 13:28:02,271 - INFO - [The Guardian] Article: https://www.theguardian.com/australia-news/live/2026/apr/01/australian-politics-live-cost-of-living-fuel-crisis-excise-inflation-anthony-albanese-jim-chalmers-budget-health-insurance-premiums-ntwnfb
2026-04-01 13:28:02,271 - INFO - [The Guardian] Attempt 1/1: Trying with 'requests_browser' strategy...
2026-04-01 13:28:02,487 - INFO - [The Hindu] Success with 'selenium_browser'. Found content (655 words).
2026-04-01 13:28:02,782 - INFO - Saved article: Census 2027 kicks off: How to do self-enumeration: step-by-step guide - The Hindu from The Hindu
2026-04-01 13:28:03,005 - INFO - [BBC] Article: https://www.bbc.com/sport/golf/articles/c87wjj424vro?at_medium=RSS&at_campaign=rss
2026-04-01 13:28:03,005 - INFO - [BBC] Attempt 1/1: Trying with 'requests_browser' strategy...
2026-04-01 13:28:03,377 - INFO - [BBC] Success with 'requests_browser'. Found content (720 words).
2026-04-01 13:28:03,668 - INFO - Duplicate article skipped: Tiger Woods: Golfer to 'step away and seek treatment' after crash arrest - BBC Sport from BBC
2026-04-01 13:28:03,684 - INFO - [The Guardian] Success with 'requests_browser'. Found content (839 words).
2026-04-01 13:28:03,999 - INFO - Duplicate article skipped: PM pledges to ‘do everything we can to protect Australia’ amid Iran fuel crisis – as it happened | Australian politics | The Guardian from The Guardian
2026-04-01 13:28:04,133 - INFO - [The Hindu] Article: https://www.thehindu.com/news/national/parliament-budget-session-live-updates-april-1-2026-lok-sabha-fcra-amendment-bill-rajya-sabha/article70810005.ece
2026-04-01 13:28:04,133 - INFO - [The Hindu] Attempt 1/1: Trying with 'selenium_browser' strategy...
2026-04-01 13:28:04,935 - INFO - [BBC] Article: https://www.bbc.com/news/articles/c4gx2rw87e9o?at_medium=RSS&at_campaign=rss
2026-04-01 13:28:04,935 - INFO - [BBC] Attempt 1/1: Trying with 'requests_browser' strategy...
2026-04-01 13:28:05,056 - INFO - [BBC] Success with 'requests_browser'. Found content (475 words).
2026-04-01 13:28:05,276 - INFO - [The Guardian] Article: https://www.theguardian.com/australia-news/2026/apr/01/anthony-albanese-national-address-full-speech
2026-04-01 13:28:05,277 - INFO - [The Guardian] Attempt 1/1: Trying with 'requests_browser' strategy...
2026-04-01 13:28:05,326 - INFO - Duplicate article skipped: Kid Rock: US Army pilots who flew near musician's home suspended and then reinstated from BBC
2026-04-01 13:28:05,517 - INFO - [The Guardian] Success with 'requests_browser'. Found content (511 words).
2026-04-01 13:28:05,740 - INFO - Saved article: Anthony Albanese addresses the nation on the Middle East crisis – read the speech in full | Anthony Albanese | The Guardian from The Guardian
2026-04-01 13:28:05,890 - INFO - [BBC] Article: https://www.bbc.com/news/articles/c9wqgjn7x89o?at_medium=RSS&at_campaign=rss
2026-04-01 13:28:05,890 - INFO - [BBC] Attempt 1/1: Trying with 'requests_browser' strategy...
2026-04-01 13:28:06,655 - INFO - [The Guardian] Article: https://www.theguardian.com/australia-news/2026/apr/01/australia-social-media-ban-adoption-world
2026-04-01 13:28:06,655 - INFO - [The Guardian] Attempt 1/1: Trying with 'requests_browser' strategy...
2026-04-01 13:28:06,950 - INFO - [The Guardian] Success with 'requests_browser'. Found content (770 words).
2026-04-01 13:28:07,248 - INFO - [BBC] Success with 'requests_browser'. Found content (901 words).
2026-04-01 13:28:07,262 - INFO - Saved article: Australia wants to sell its social media ban to the world – but are the measures even working? | Social media ban | The Guardian from The Guardian
2026-04-01 13:28:07,436 - INFO - Duplicate article skipped: Iran using children in security roles in war, reports and witnesses say from BBC
2026-04-01 13:28:07,891 - INFO - [The Guardian] Article: https://www.theguardian.com/australia-news/2026/apr/01/australia-fuel-restrictions-rationing-petrol-diesel-prices-excise-cut
2026-04-01 13:28:07,891 - INFO - [The Guardian] Attempt 1/1: Trying with 'requests_browser' strategy...
2026-04-01 13:28:08,384 - INFO - [BBC] Article: https://www.bbc.com/news/articles/cm25ynex2zxo?at_medium=RSS&at_campaign=rss
2026-04-01 13:28:08,384 - INFO - [BBC] Attempt 1/1: Trying with 'requests_browser' strategy...
2026-04-01 13:28:08,578 - INFO - [The Guardian] Success with 'requests_browser'. Found content (628 words).
2026-04-01 13:28:08,629 - INFO - [BBC] Success with 'requests_browser'. Found content (444 words).
2026-04-01 13:28:09,055 - INFO - Duplicate article skipped: China bans storing cremated remains in empty 'bone ash apartments' from BBC
2026-04-01 13:28:09,078 - INFO - Saved article: Petrol and diesel prices fall across Australia as Labor’s fuel excise cut takes effect | Petrol prices | The Guardian from The Guardian
2026-04-01 13:28:10,330 - INFO - [The Guardian] Article: https://www.theguardian.com/world/live/2026/apr/01/zelenskyy-trump-putin-ukraine-russia-war-easter-ceasefire-iran-europe-latest-news-updates
2026-04-01 13:28:10,330 - INFO - [The Guardian] Attempt 1/1: Trying with 'requests_browser' strategy...
2026-04-01 13:28:10,342 - INFO - [BBC] Article: https://www.bbc.com/news/articles/c20qxjxe2nno?at_medium=RSS&at_campaign=rss
2026-04-01 13:28:10,342 - INFO - [BBC] Attempt 1/1: Trying with 'requests_browser' strategy...
2026-04-01 13:28:10,560 - INFO - [BBC] Success with 'requests_browser'. Found content (397 words).
2026-04-01 13:28:10,771 - INFO - Duplicate article skipped: Wolf bites woman in shock German attack on busy Hamburg shopping street from BBC
2026-04-01 13:28:10,923 - INFO - [The Guardian] Success with 'requests_browser'. Found content (2929 words).
2026-04-01 13:28:11,454 - INFO - Saved article: Macron praises Europe’s predictability in face of countries that ‘hurt you without even informing you’ – Europe live | Europe | The Guardian from The Guardian
2026-04-01 13:28:11,801 - INFO - [BBC] Article: https://www.bbc.com/news/articles/cjd8nkezdyxo?at_medium=RSS&at_campaign=rss
2026-04-01 13:28:11,801 - INFO - [BBC] Attempt 1/1: Trying with 'requests_browser' strategy...
2026-04-01 13:28:12,065 - INFO - [BBC] Success with 'requests_browser'. Found content (820 words).
2026-04-01 13:28:12,374 - INFO - Duplicate article skipped: King Charles and Camilla to meet President Trump on US state visit in April from BBC
2026-04-01 13:28:12,406 - INFO - [The Guardian] Article: https://www.theguardian.com/world/2026/apr/01/uk-needs-ambitious-new-eu-ties-amid-iran-war-starmer-says
2026-04-01 13:28:12,407 - INFO - [The Guardian] Attempt 1/1: Trying with 'requests_browser' strategy...
2026-04-01 13:28:12,765 - INFO - [The Guardian] Success with 'requests_browser'. Found content (848 words).
2026-04-01 13:28:13,083 - INFO - [BBC] Article: https://www.bbc.com/news/articles/cx2rwq53zxyo?at_medium=RSS&at_campaign=rss
2026-04-01 13:28:13,083 - INFO - [BBC] Attempt 1/1: Trying with 'requests_browser' strategy...
2026-04-01 13:28:13,117 - INFO - Saved article: Iran war shows UK needs ‘ambitious’ new EU ties, Starmer says, as Trump again criticises Nato | European Union | The Guardian from The Guardian
2026-04-01 13:28:13,281 - INFO - [BBC] Success with 'requests_browser'. Found content (711 words).
2026-04-01 13:28:13,373 - INFO - Duplicate article skipped: Eurovision Song Contest launches first-ever Asia edition from BBC
2026-04-01 13:28:13,665 - INFO - [The Guardian] Article: https://www.theguardian.com/world/2026/mar/31/trump-launches-tirade-against-european-countries-not-joining-iran-war
2026-04-01 13:28:13,666 - INFO - [The Guardian] Attempt 1/1: Trying with 'requests_browser' strategy...
2026-04-01 13:28:13,810 - INFO - [The Guardian] Success with 'requests_browser'. Found content (1395 words).
2026-04-01 13:28:14,123 - INFO - Duplicate article skipped: ‘Get your own oil’: Trump launches tirade against Europe for not joining Iran war | Donald Trump | The Guardian from The Guardian
2026-04-01 13:28:14,743 - INFO - [BBC] Article: https://www.bbc.com/news/articles/clyx1lrv0w5o?at_medium=RSS&at_campaign=rss
2026-04-01 13:28:14,743 - INFO - [BBC] Attempt 1/1: Trying with 'requests_browser' strategy...
2026-04-01 13:28:14,834 - INFO - [BBC] Success with 'requests_browser'. Found content (395 words).
2026-04-01 13:28:14,922 - INFO - Duplicate article skipped: Russian oil tanker docks in Cuba ending near-total blockade from BBC
2026-04-01 13:28:15,016 - INFO - [The Guardian] Article: https://www.theguardian.com/uk-news/2026/mar/31/uk-pay-france-extra-patrol-channel-beaches
2026-04-01 13:28:15,016 - INFO - [The Guardian] Attempt 1/1: Trying with 'requests_browser' strategy...
2026-04-01 13:28:15,295 - INFO - [The Guardian] Success with 'requests_browser'. Found content (745 words).
2026-04-01 13:28:15,502 - INFO - Duplicate article skipped: UK to pay France extra £16m in stopgap deal to patrol Channel beaches | Immigration and asylum | The Guardian from The Guardian
2026-04-01 13:28:15,680 - INFO - [BBC] Article: https://www.bbc.com/news/articles/c7vqnpqrgy3o?at_medium=RSS&at_campaign=rss
2026-04-01 13:28:15,680 - INFO - [BBC] Attempt 1/1: Trying with 'requests_browser' strategy...
2026-04-01 13:28:15,810 - INFO - [BBC] Success with 'requests_browser'. Found content (1031 words).
2026-04-01 13:28:15,910 - INFO - Duplicate article skipped: Census 2027: India begins counting a billion-plus people in mega exercise from BBC
2026-04-01 13:28:16,059 - INFO - [The Guardian] Article: https://www.theguardian.com/world/2026/mar/31/friedrich-merz-criticised-syrians-germany-return
2026-04-01 13:28:16,060 - INFO - [The Guardian] Attempt 1/1: Trying with 'requests_browser' strategy...
2026-04-01 13:28:16,176 - INFO - [The Guardian] Success with 'requests_browser'. Found content (756 words).
2026-04-01 13:28:16,271 - INFO - Duplicate article skipped: Merz criticised after calling for Syrians in Germany to ‘go back’ home | Europe | The Guardian from The Guardian
2026-04-01 13:28:16,592 - INFO - [BBC] Article: https://www.bbc.com/news/articles/ce9mvzpvr7xo?at_medium=RSS&at_campaign=rss
2026-04-01 13:28:16,592 - INFO - [BBC] Attempt 1/1: Trying with 'requests_browser' strategy...
2026-04-01 13:28:16,704 - INFO - [BBC] Success with 'requests_browser'. Found content (1268 words).
2026-04-01 13:28:16,831 - INFO - Duplicate article skipped: 'You're no longer my sister' - rows erupt as war divides Iranian families from BBC
2026-04-01 13:28:48,251 - ERROR - [Times of India] Request failed for strategy 'selenium_browser' on URL https://timesofindia.indiatimes.com/world/uk/british-pakistani-teen-among-3-arrested-over-arson-attack-on-jewish-community-ambulances-in-london/articleshow/129952352.cms: Message: timeout: Timed out receiving message from renderer: 59.940
  (Session info: chrome=146.0.7680.164)
Stacktrace:
#0 0x561b86f04a6a <unknown>
#1 0x561b86913ab5 <unknown>
#2 0x561b868fb3bb <unknown>
#3 0x561b868fb0a4 <unknown>
#4 0x561b868f8deb <unknown>
#5 0x561b868f976f <unknown>
#6 0x561b869087a0 <unknown>
#7 0x561b869224b7 <unknown>
#8 0x561b86928feb <unknown>
#9 0x561b868f9ebf <unknown>
#10 0x561b8692224b <unknown>
#11 0x561b869aeac6 <unknown>
#12 0x561b86959cbf <unknown>
#13 0x561b8695aa81 <unknown>
#14 0x561b86ecaa64 <unknown>
#15 0x561b86ecd951 <unknown>
#16 0x561b86eb721e <unknown>
#17 0x561b86ece51e <unknown>
#18 0x561b86e9dbe0 <unknown>
#19 0x561b86ef19b8 <unknown>
#20 0x561b86ef1b88 <unknown>
#21 0x561b86f034de <unknown>
#22 0x7f115209caa4 <unknown>
#23 0x7f1152129c6c <unknown>

2026-04-01 13:28:48,251 - ERROR - [Times of India] All scrape strategies failed for https://timesofindia.indiatimes.com/world/uk/british-pakistani-teen-among-3-arrested-over-arson-attack-on-jewish-community-ambulances-in-london/articleshow/129952352.cms. Falling back to RSS description.
2026-04-01 13:28:48,254 - INFO - Saved article: British-Pakistani teen among 3 more arrested over arson attack on Jewish community ambulances in London from Times of India
2026-04-01 13:28:49,369 - INFO - [Times of India] Article: https://timesofindia.indiatimes.com/science/artemis-ii-launch-what-astronauts-do-the-night-before-liftoff-inside-nasas-pre-launch-rituals/articleshow/129951067.cms
2026-04-01 13:28:49,369 - INFO - [Times of India] Attempt 1/1: Trying with 'selenium_browser' strategy...
2026-04-01 13:28:57,510 - INFO - [The Hindu] Page content loaded.
2026-04-01 13:28:57,753 - INFO - [The Hindu] Success with 'selenium_browser'. Found content (129 words).
2026-04-01 13:28:57,911 - INFO - Saved article: Parliament Budget Session LIVE: Parliament passes Insolvency and Bankruptcy Code (Amendment) Bill, 2026 - The Hindu from The Hindu
2026-04-01 13:28:59,099 - INFO - [The Hindu] Article: https://www.thehindu.com/elections/tamil-nadu-assembly/how-ex-ips-officer-r-natraj-transferred-by-election-commission-for-praising-jayalalithaa-later-became-aiadmk-mylapore-mla/article70787309.ece
2026-04-01 13:28:59,099 - INFO - [The Hindu] Attempt 1/1: Trying with 'selenium_browser' strategy...
2026-04-01 13:29:00,294 - INFO - [The Hindu] Page content loaded.
2026-04-01 13:29:00,455 - INFO - [The Hindu] Success with 'selenium_browser'. Found content (797 words).
2026-04-01 13:29:00,544 - INFO - Saved article: How an ex-IPS officer, transferred by Election Commission for praising Jayalalithaa, later became AIADMK MLA - The Hindu from The Hindu
2026-04-01 13:29:01,329 - INFO - [The Hindu] Article: https://www.thehindu.com/videos/watch-whats-at-stake-in-the-tamil-nadu-elections-2026/article70811140.ece
2026-04-01 13:29:01,329 - INFO - [The Hindu] Attempt 1/1: Trying with 'selenium_browser' strategy...
2026-04-01 13:29:03,832 - INFO - [The Hindu] Page content loaded.
2026-04-01 13:29:03,979 - INFO - [The Hindu] Success with 'selenium_browser'. Found content (137 words).
2026-04-01 13:29:04,043 - INFO - Saved article: Watch: What’s at stake in the Tamil Nadu elections 2026? - The Hindu from The Hindu
2026-04-01 13:29:04,743 - INFO - [The Hindu] Article: https://www.thehindu.com/elections/assembly-elections-assam-kerala-tamil-nadu-west-bengal-puducherry-live-updates-april-1-2026/article70809861.ece
2026-04-01 13:29:04,743 - INFO - [The Hindu] Attempt 1/1: Trying with 'selenium_browser' strategy...
2026-04-01 13:29:08,520 - INFO - [The Hindu] Page content loaded.
2026-04-01 13:29:08,901 - INFO - [The Hindu] Success with 'selenium_browser'. Found content (178 words).
2026-04-01 13:29:09,094 - INFO - Saved article: Assembly Election LIVE: Will implement Uniform Civil Code, safeguard tribals to protect Assam’s identity, says PM Modi - The Hindu from The Hindu
2026-04-01 13:29:10,522 - INFO - [The Hindu] Article: https://www.thehindu.com/news/national/odisha/bjps-nishikant-dubey-apologises-for-remarks-on-ex-odisha-cm-biju-patnaik/article70810491.ece
2026-04-01 13:29:10,522 - INFO - [The Hindu] Attempt 1/1: Trying with 'selenium_browser' strategy...
2026-04-01 13:29:13,227 - INFO - [The Hindu] Page content loaded.
2026-04-01 13:29:13,667 - INFO - [The Hindu] Success with 'selenium_browser'. Found content (166 words).
2026-04-01 13:29:13,897 - INFO - Saved article: BJP MP Nishikant Dubey apologises for remarks on Biju Patnaik - The Hindu from The Hindu
2026-04-01 13:29:15,370 - INFO - [The Hindu] Article: https://www.thehindu.com/news/national/kerala/kerala-hc-holds-plea-challenging-suresh-gopis-2024-thrissur-election-as-maintainable/article70810441.ece
2026-04-01 13:29:15,370 - INFO - [The Hindu] Attempt 1/1: Trying with 'selenium_browser' strategy...
2026-04-01 13:29:16,053 - INFO - [The Hindu] Page content loaded.
2026-04-01 13:29:16,152 - INFO - [The Hindu] Success with 'selenium_browser'. Found content (105 words).
2026-04-01 13:29:16,227 - INFO - Saved article: Kerala election 2026: HC holds plea challenging Suresh Gopi’s 2024 Thrissur election as maintainable - The Hindu from The Hindu
2026-04-01 13:29:16,977 - INFO - [The Hindu] Article: https://www.thehindu.com/news/cities/Delhi/delhi-hc-orders-paramvah-studios-to-pay-25-lakh-for-unauthorised-use-of-songs-in-rakshit-shettys-bachelor-party/article70811162.ece
2026-04-01 13:29:16,977 - INFO - [The Hindu] Attempt 1/1: Trying with 'selenium_browser' strategy...
2026-04-01 13:29:30,576 - INFO - [Times of India] Page content loaded.
2026-04-01 13:29:31,065 - INFO - [Times of India] Success with 'selenium_browser'. Found content (763 words).
2026-04-01 13:29:31,313 - INFO - Saved article: Artemis II launch: What astronauts do the night before liftoff; inside NASA’s pre-launch rituals | - The Times of India from Times of India
2026-04-01 13:29:32,098 - INFO - [The Hindu] Page content loaded.
2026-04-01 13:29:32,193 - INFO - [The Hindu] Success with 'selenium_browser'. Found content (325 words).
2026-04-01 13:29:32,250 - INFO - [Times of India] Article: https://timesofindia.indiatimes.com/world/us/if-his-wife-needs-help-major-row-over-indian-h-1b-techie-working-in-food-truck-in-texas/articleshow/129951337.cms
2026-04-01 13:29:32,255 - INFO - [Times of India] Attempt 1/1: Trying with 'selenium_browser' strategy...
2026-04-01 13:29:32,270 - INFO - Saved article: Delhi HC orders Paramvah Studios to pay ₹25 lakh for unauthorised use of songs in Rakshit Shetty's ‘Bachelor Party’ - The Hindu from The Hindu
2026-04-01 13:29:32,783 - INFO - [The Hindu] Article: https://www.thehindu.com/news/national/tamil-nadu/supreme-court-stays-disproportionate-assets-proceedings-against-tamil-nadu-minister-duraimurugan/article70811096.ece
2026-04-01 13:29:32,783 - INFO - [The Hindu] Attempt 1/1: Trying with 'selenium_browser' strategy...
2026-04-01 13:29:33,517 - INFO - [The Hindu] Page content loaded.
2026-04-01 13:29:33,649 - INFO - [The Hindu] Success with 'selenium_browser'. Found content (230 words).
2026-04-01 13:29:33,739 - INFO - Saved article: Supreme Court stays disproportionate assets proceedings against Tamil Nadu Minister Duraimurugan - The Hindu from The Hindu
2026-04-01 13:29:35,226 - INFO - [The Hindu] Article: https://www.thehindu.com/news/national/lpg-crisis-jet-fuel-price-hike-lpg-cylinder-domestic-rate-today-live-updates-april-1-2026/article70809840.ece
2026-04-01 13:29:35,226 - INFO - [The Hindu] Attempt 1/1: Trying with 'selenium_browser' strategy...
2026-04-01 13:29:36,094 - INFO - [Times of India] Page content loaded.
2026-04-01 13:29:38,480 - INFO - [The Hindu] Page content loaded.
2026-04-01 13:29:38,672 - INFO - [Times of India] Success with 'selenium_browser'. Found content (452 words).
2026-04-01 13:29:38,943 - INFO - [The Hindu] Success with 'selenium_browser'. Found content (185 words).
2026-04-01 13:29:39,007 - INFO - Saved article: 'If his wife needs help...': Major row over Indian H-1B techie 'working' in food truck in Texas - The Times of India from Times of India
2026-04-01 13:29:39,078 - INFO - Saved article: LPG and fuel crisis highlights: Jet fuel prices more than doubled to ₹2.07 lakh/kl; commercial LPG up ₹195.50 - The Hindu from The Hindu
2026-04-01 13:29:39,508 - INFO - [Times of India] Article: https://timesofindia.indiatimes.com/world/middle-east/uae-announces-new-healthcare-rules-medical-faculty-can-practise-in-hospitals-licensing-eased-for-graduates/articleshow/129950501.cms
2026-04-01 13:29:39,508 - INFO - [Times of India] Attempt 1/1: Trying with 'selenium_browser' strategy...
2026-04-01 13:29:40,549 - INFO - [The Hindu] Article: https://www.thehindu.com/elections/kerala-assembly/kerala-assembly-elections-2026-chief-minister-pinarayi-vijayan-says-centres-anti-minority-fcra-amendment-bill-exposes-bjps-cake-and-flower-diplomacy-towards-church-leaders-in-kerala/article70810970.ece
2026-04-01 13:29:40,549 - INFO - [The Hindu] Attempt 1/1: Trying with 'selenium_browser' strategy...
2026-04-01 13:29:41,304 - INFO - [Times of India] Page content loaded.
2026-04-01 13:29:42,333 - INFO - [Times of India] Success with 'selenium_browser'. Found content (625 words).
2026-04-01 13:29:42,600 - INFO - Saved article: United Arab Emirates Healthcare Reforms: UAE announces new healthcare rules: Medical faculty can practise in hospitals, licensing eased for graduates | World News - The Times of India from Times of India
2026-04-01 13:29:42,676 - INFO - [The Hindu] Page content loaded.
2026-04-01 13:29:42,852 - INFO - [The Hindu] Success with 'selenium_browser'. Found content (378 words).
2026-04-01 13:29:42,964 - INFO - Saved article: Kerala Assembly Elections 2026: Chief Minister Pinarayi Vijayan says Centre’s anti-minority FCRA (amendment) Bill exposes BJP’s 'cake and flower diplomacy' towards Church leaders in Kerala - The Hindu from The Hindu
2026-04-01 13:29:43,501 - INFO - [Times of India] Article: https://timesofindia.indiatimes.com/science/is-global-population-pushing-earth-to-the-breaking-point-scientists-warn-of-a-growing-planetary-crisis/articleshow/129949214.cms
2026-04-01 13:29:43,502 - INFO - [Times of India] Attempt 1/1: Trying with 'selenium_browser' strategy...
2026-04-01 13:29:43,798 - INFO - [The Hindu] Article: https://www.thehindu.com/entertainment/movies/kathanar-trailer-jayasuryas-anticipated-fantasy-thriller-promises-stunning-visuals/article70810701.ece
2026-04-01 13:29:43,798 - INFO - [The Hindu] Attempt 1/1: Trying with 'selenium_browser' strategy...
2026-04-01 13:29:45,858 - INFO - [Times of India] Page content loaded.
2026-04-01 13:29:46,092 - INFO - [Times of India] Success with 'selenium_browser'. Found content (675 words).
2026-04-01 13:29:46,268 - INFO - Saved article: Is global population pushing Earth to the breaking point? Scientists warn of a growing planetary crisis | - The Times of India from Times of India
2026-04-01 13:29:47,031 - INFO - [Times of India] Article: https://timesofindia.indiatimes.com/science/aprils-full-moon-known-as-pink-moon-peaks-on-april-1-why-it-wont-actually-turn-pink-and-the-science-behind-it/articleshow/129948713.cms
2026-04-01 13:29:47,032 - INFO - [Times of India] Attempt 1/1: Trying with 'selenium_browser' strategy...
2026-04-01 13:29:50,046 - INFO - [Times of India] Page content loaded.
2026-04-01 13:29:50,367 - INFO - [Times of India] Success with 'selenium_browser'. Found content (951 words).
2026-04-01 13:29:50,411 - INFO - [The Hindu] Page content loaded.
2026-04-01 13:29:50,570 - INFO - Saved article: April's full moon, known as “Pink Moon”, peaks on April 1: Why it won’t actually turn pink and the science behind it | - The Times of India from Times of India
2026-04-01 13:29:50,701 - INFO - [The Hindu] Success with 'selenium_browser'. Found content (196 words).
2026-04-01 13:29:50,832 - INFO - Saved article: ‘Kathanar’ trailer: Jayasurya’s anticipated fantasy thriller promises stunning visuals - The Hindu from The Hindu
2026-04-01 13:29:51,553 - INFO - [The Hindu] Article: https://www.thehindu.com/news/national/goa/luthra-brothers-get-bail-in-goa-nightclub-fire-case-to-remain-in-jail/article70810938.ece
2026-04-01 13:29:51,553 - INFO - [The Hindu] Attempt 1/1: Trying with 'selenium_browser' strategy...
2026-04-01 13:29:51,892 - INFO - [Times of India] Article: https://timesofindia.indiatimes.com/world/middle-east/uae-sharjah-warns-april-fools-pranks-can-lead-to-jail-dh100000-fine-for-spreading-false-information/articleshow/129949757.cms
2026-04-01 13:29:51,892 - INFO - [Times of India] Attempt 1/1: Trying with 'selenium_browser' strategy...
2026-04-01 13:29:52,532 - INFO - [The Hindu] Page content loaded.
2026-04-01 13:29:52,617 - INFO - [The Hindu] Success with 'selenium_browser'. Found content (278 words).
2026-04-01 13:29:52,747 - INFO - Saved article: Luthra brothers get bail in Goa nightclub fire case, to remain in jail - The Hindu from The Hindu
2026-04-01 13:29:53,491 - INFO - [Times of India] Page content loaded.
2026-04-01 13:29:53,580 - INFO - [The Hindu] Article: https://www.thehindu.com/news/national/nagaland/objection-to-martyrs-park-site-reopens-oting-killing-wounds-in-nagaland/article70810797.ece
2026-04-01 13:29:53,580 - INFO - [The Hindu] Attempt 1/1: Trying with 'selenium_browser' strategy...
2026-04-01 13:29:53,629 - INFO - [Times of India] Success with 'selenium_browser'. Found content (507 words).
2026-04-01 13:29:53,759 - INFO - Saved article: UAE: Sharjah warns April fool’s pranks can lead to jail, Dh100,000 fine for spreading false information | World News - The Times of India from Times of India
2026-04-01 13:29:54,057 - INFO - [The Hindu] Page content loaded.
2026-04-01 13:29:54,131 - INFO - [The Hindu] Success with 'selenium_browser'. Found content (404 words).
2026-04-01 13:29:54,218 - INFO - Saved article: “Objection” to Martyrs Park site reopens Oting killing wounds in Nagaland - The Hindu from The Hindu
2026-04-01 13:29:54,667 - INFO - [Times of India] Article: https://timesofindia.indiatimes.com/world/uk/not-our-war-uk-pm-to-host-multi-nation-meeting-on-hormuz-crisis-backs-nato-after-trumps-paper-tiger-jibe/articleshow/129947629.cms
2026-04-01 13:29:54,667 - INFO - [Times of India] Attempt 1/1: Trying with 'selenium_browser' strategy...
2026-04-01 13:29:54,777 - INFO - [The Hindu] Article: https://www.thehindu.com/news/national/pensioners-generated-19-crore-digital-life-certificates-in-2025-26-govt/article70811073.ece
2026-04-01 13:29:54,777 - INFO - [The Hindu] Attempt 1/1: Trying with 'selenium_browser' strategy...
2026-04-01 13:29:55,801 - INFO - [The Hindu] Page content loaded.
2026-04-01 13:29:55,871 - INFO - [The Hindu] Success with 'selenium_browser'. Found content (409 words).
2026-04-01 13:29:55,971 - INFO - Saved article: Pensioners generated 1.9 crore digital life certificates in 2025-26: Govt - The Hindu from The Hindu
2026-04-01 13:29:56,395 - INFO - [Times of India] Page content loaded.
2026-04-01 13:29:56,606 - INFO - [Times of India] Success with 'selenium_browser'. Found content (604 words).
2026-04-01 13:29:56,737 - INFO - Saved article: 'Not our war': UK PM to host multi-nation meeting on Hormuz crisis; backs Nato after Trump's 'paper tiger' jibe - The Times of India from Times of India
2026-04-01 13:29:57,024 - INFO - [The Hindu] Article: https://www.thehindu.com/elections/tamil-nadu-assembly/tn-cm-stalin-dares-edappadi-palaniswami-to-spell-out-his-stance-on-caa-now/article70810348.ece
2026-04-01 13:29:57,024 - INFO - [The Hindu] Attempt 1/1: Trying with 'selenium_browser' strategy...
2026-04-01 13:29:57,643 - INFO - [Times of India] Article: https://timesofindia.indiatimes.com/world/us/us-news-immigration-is-destroying-america-tpusa-reporters-video-inside-hindu-temple-in-texas-sparks-fiery-backlash-online/articleshow/129947558.cms
2026-04-01 13:29:57,643 - INFO - [Times of India] Attempt 1/1: Trying with 'selenium_browser' strategy...
2026-04-01 13:29:59,811 - INFO - [The Hindu] Page content loaded.
2026-04-01 13:29:59,911 - INFO - [Times of India] Page content loaded.
2026-04-01 13:30:00,273 - INFO - [The Hindu] Success with 'selenium_browser'. Found content (769 words).
2026-04-01 13:30:00,501 - INFO - Saved article: Tamil Nadu election 2026: CM MK Stalin dares AIADMK's Edappadi Palaniswami to spell out his stance on CAA now - The Hindu from The Hindu
2026-04-01 13:30:00,534 - INFO - [Times of India] Success with 'selenium_browser'. Found content (745 words).
2026-04-01 13:30:00,744 - INFO - Saved article: 'Immigration is destroying America': TPUSA reporter's video inside Hindu temple in Texas sparks fiery backlash online | World News - The Times of India from Times of India
2026-04-01 13:30:01,940 - INFO - [The Hindu] Article: https://www.thehindu.com/news/national/rajya-sabha-passes-c-opposition-walks-out/article70811028.ece
2026-04-01 13:30:01,940 - INFO - [The Hindu] Attempt 1/1: Trying with 'selenium_browser' strategy...
2026-04-01 13:30:02,063 - INFO - [Times of India] Article: https://timesofindia.indiatimes.com/world/us/jpmorgan-to-offer-prediction-market-services-to-customers-ceo-jamie-dimon-states-company-to-steer-clear-of-sports-and-politics/articleshow/129947075.cms
2026-04-01 13:30:02,064 - INFO - [Times of India] Attempt 1/1: Trying with 'selenium_browser' strategy...
2026-04-01 13:30:03,477 - INFO - [The Hindu] Page content loaded.
2026-04-01 13:30:03,607 - INFO - [The Hindu] Success with 'selenium_browser'. Found content (342 words).
2026-04-01 13:30:03,742 - INFO - Saved article: Rajya Sabha passes CAPF Bill, Opposition walks out - The Hindu from The Hindu
2026-04-01 13:30:04,518 - INFO - [Times of India] Page content loaded.
2026-04-01 13:30:04,585 - INFO - [The Hindu] Article: https://www.thehindu.com/news/cities/Hyderabad/ors-labelling-row-hyderabad-paediatrician-sivaranjani-santosh-refuses-to-back-down-amid-pressure/article70810716.ece
2026-04-01 13:30:04,585 - INFO - [The Hindu] Attempt 1/1: Trying with 'selenium_browser' strategy...
2026-04-01 13:30:05,689 - INFO - [Times of India] Success with 'selenium_browser'. Found content (291 words).
2026-04-01 13:30:05,908 - INFO - Saved article: JPMorgan to offer prediction market services to customers? CEO Jamie Dimon states company to steer clear of sports and politics | World News - The Times of India from Times of India
2026-04-01 13:30:06,462 - INFO - [The Hindu] Page content loaded.
2026-04-01 13:30:06,726 - INFO - [The Hindu] Success with 'selenium_browser'. Found content (562 words).
2026-04-01 13:30:06,847 - INFO - Saved article: Hyderabad ORS labelling row: Paediatrician Sivaranjani Santosh refuses to back down amid pressure - The Hindu from The Hindu
2026-04-01 13:30:07,039 - INFO - [Times of India] Article: https://timesofindia.indiatimes.com/world/us/us-to-exit-nato-trump-slams-alliance-as-paper-tiger-as-bloc-dithers-on-joining-iran-war/articleshow/129947476.cms
2026-04-01 13:30:07,039 - INFO - [Times of India] Attempt 1/1: Trying with 'selenium_browser' strategy...
2026-04-01 13:30:08,068 - INFO - [The Hindu] Article: https://www.thehindu.com/news/national/1984-anti-sikh-riots-crusader-hs-phoolka-joins-bjp/article70810836.ece
2026-04-01 13:30:08,068 - INFO - [The Hindu] Attempt 1/1: Trying with 'selenium_browser' strategy...
2026-04-01 13:30:09,503 - INFO - [Times of India] Page content loaded.
2026-04-01 13:30:09,751 - INFO - [Times of India] Success with 'selenium_browser'. Found content (376 words).
2026-04-01 13:30:09,855 - INFO - Saved article: Donald Trump: US to exit Nato? Trump slams alliance as 'paper tiger' as bloc dithers on joining Iran war - The Times of India from Times of India
2026-04-01 13:30:09,967 - INFO - [The Hindu] Page content loaded.
2026-04-01 13:30:10,109 - INFO - [The Hindu] Success with 'selenium_browser'. Found content (168 words).
2026-04-01 13:30:10,236 - INFO - Saved article: 1984 anti-Sikh riots crusader H.S. Phoolka joins BJP - The Hindu from The Hindu
2026-04-01 13:30:10,723 - INFO - [Times of India] Article: https://timesofindia.indiatimes.com/world/middle-east/smiling-mingling-taking-selfies-irans-top-leaders-pezeshkian-and-araghchi/articleshow/129945285.cms
2026-04-01 13:30:10,723 - INFO - [Times of India] Attempt 1/1: Trying with 'selenium_browser' strategy...
2026-04-01 13:30:10,856 - INFO - [The Hindu] Article: https://www.thehindu.com/news/national/west-bengal/supreme-court-west-bengal-sir-hearing-cji-calcutta-high-court/article70810308.ece
2026-04-01 13:30:10,857 - INFO - [The Hindu] Attempt 1/1: Trying with 'selenium_browser' strategy...
2026-04-01 13:30:13,817 - INFO - [The Hindu] Page content loaded.
2026-04-01 13:30:13,928 - INFO - [The Hindu] Success with 'selenium_browser'. Found content (589 words).
2026-04-01 13:30:14,018 - INFO - Saved article: SC says voting rights of excluded West Bengal voters cannot be ‘washed away forever’ - The Hindu from The Hindu
2026-04-01 13:30:14,959 - INFO - [Times of India] Page content loaded.
2026-04-01 13:30:15,236 - INFO - [The Hindu] Article: https://www.thehindu.com/news/national/jet-fuel-prices-rise-doubled-commercial-lpg-price-increased/article70809777.ece
2026-04-01 13:30:15,236 - INFO - [The Hindu] Attempt 1/1: Trying with 'selenium_browser' strategy...
2026-04-01 13:30:15,264 - INFO - [Times of India] Success with 'selenium_browser'. Found content (344 words).
2026-04-01 13:30:15,421 - INFO - Saved article: 'Smiling, mingling, taking selfies’: Iran’s top leaders Pezeshkian and Araghchi | World News - The Times of India from Times of India
2026-04-01 13:30:16,667 - INFO - [Times of India] Article: https://timesofindia.indiatimes.com/science/nasa-prepares-for-artemis-ii-moon-mission-launch-countdown-begins-for-april-1-liftoff-with-mission-details-complete-timeline-live-streaming-and-more/articleshow/129945012.cms
2026-04-01 13:30:16,667 - INFO - [Times of India] Attempt 1/1: Trying with 'selenium_browser' strategy...
2026-04-01 13:30:18,087 - INFO - [Times of India] Page content loaded.
2026-04-01 13:30:18,456 - INFO - [Times of India] Success with 'selenium_browser'. Found content (877 words).
2026-04-01 13:30:19,090 - INFO - Saved article: NASA prepares for Artemis II Moon mission launch: Countdown begins for April 1 liftoff with mission details, complete timeline, live streaming, and more | - The Times of India from Times of India
2026-04-01 13:30:19,889 - INFO - [Times of India] Article: https://timesofindia.indiatimes.com/world/rest-of-world/a-3000-year-old-weapon-was-found-in-new-mexico-but-it-looks-like-future-technology/articleshow/129935303.cms
2026-04-01 13:30:19,890 - INFO - [Times of India] Attempt 1/1: Trying with 'selenium_browser' strategy...
2026-04-01 13:30:20,038 - INFO - [The Hindu] Page content loaded.
2026-04-01 13:30:20,189 - INFO - [The Hindu] Success with 'selenium_browser'. Found content (817 words).
2026-04-01 13:30:20,275 - INFO - Saved article: Commercial LPG prices rise 10%; government caps ATF hike on domestic flights at 25% - The Hindu from The Hindu
2026-04-01 13:30:21,575 - INFO - [Times of India] Page content loaded.
2026-04-01 13:30:21,716 - INFO - [Times of India] Success with 'selenium_browser'. Found content (549 words).
2026-04-01 13:30:21,725 - INFO - [The Hindu] Article: https://www.thehindu.com/news/national/karnataka/census-2027-mandya-residents-urged-to-take-part-in-self-enumeration/article70810848.ece
2026-04-01 13:30:21,730 - INFO - [The Hindu] Attempt 1/1: Trying with 'selenium_browser' strategy...
2026-04-01 13:30:21,792 - INFO - Saved article: A 3,000-year-old weapon was found in New Mexico, but it looks like future technology | World News - The Times of India from Times of India
2026-04-01 13:30:22,574 - INFO - [Times of India] Article: https://timesofindia.indiatimes.com/world/middle-east/10000-terror-components-struck-40-top-officials-eliminated-in-40-seconds-israel-outlines-scale-of-iran-offensive/articleshow/129943277.cms
2026-04-01 13:30:22,575 - INFO - [Times of India] Attempt 1/1: Trying with 'selenium_browser' strategy...
2026-04-01 13:30:22,595 - INFO - [The Hindu] Page content loaded.
2026-04-01 13:30:22,864 - INFO - [The Hindu] Success with 'selenium_browser'. Found content (214 words).
2026-04-01 13:30:22,995 - INFO - Saved article: Census 2027: Residents of Karnataka's Mandya urged to take part in self-enumeration - The Hindu from The Hindu
2026-04-01 13:30:23,850 - INFO - [The Hindu] (Thread) Finished. Attempting to shut down its Selenium driver.
2026-04-01 13:30:24,067 - INFO - [The Hindu] (Thread) driver.quit() successful.
2026-04-01 13:30:24,097 - INFO - [Times of India] Page content loaded.
2026-04-01 13:30:24,266 - INFO - [Times of India] Success with 'selenium_browser'. Found content (424 words).
2026-04-01 13:30:24,337 - INFO - Saved article: Israel Iran War: 10,000 terror components struck, 40 top officials eliminated in 40 seconds: Israel outlines scale of Iran offensive - The Times of India from Times of India
2026-04-01 13:30:25,533 - INFO - [Times of India] Article: https://timesofindia.indiatimes.com/world/uk/mauled-to-death-by-xl-bully-dogs-uk-rapper-jailed-for-mother-in-laws-fatal-death-in-canine-attack/articleshow/129944621.cms
2026-04-01 13:30:25,533 - INFO - [Times of India] Attempt 1/1: Trying with 'selenium_browser' strategy...
2026-04-01 13:30:26,272 - INFO - [Times of India] Page content loaded.
2026-04-01 13:30:26,407 - INFO - [Times of India] Success with 'selenium_browser'. Found content (473 words).
2026-04-01 13:30:26,482 - INFO - Saved article: Mauled to death by XL bully dogs: UK rapper jailed for mother-in-law’s fatal death in canine attack | World News - The Times of India from Times of India
2026-04-01 13:30:27,738 - INFO - [Times of India] Article: https://timesofindia.indiatimes.com/science/can-life-survive-on-mars-scientists-use-water-bears-to-test-red-planet-habitability/articleshow/129924288.cms
2026-04-01 13:30:27,739 - INFO - [Times of India] Attempt 1/1: Trying with 'selenium_browser' strategy...
2026-04-01 13:30:28,532 - INFO - [Times of India] Page content loaded.
2026-04-01 13:30:28,656 - INFO - [Times of India] Success with 'selenium_browser'. Found content (566 words).
2026-04-01 13:30:28,727 - INFO - Saved article: Can life survive on Mars? Scientists use 'water bears' to test red planet habitability | - The Times of India from Times of India
2026-04-01 13:30:29,501 - INFO - [Times of India] Article: https://timesofindia.indiatimes.com/science/spacex-falcon-9-successfully-launches-transporter-16-mission-from-vandenberg/articleshow/129924872.cms
2026-04-01 13:30:29,502 - INFO - [Times of India] Attempt 1/1: Trying with 'selenium_browser' strategy...
2026-04-01 13:30:30,523 - INFO - [Times of India] Page content loaded.
2026-04-01 13:30:30,648 - INFO - [Times of India] Success with 'selenium_browser'. Found content (478 words).
2026-04-01 13:30:30,728 - INFO - Saved article: SpaceX Falcon 9 successfully launches Transporter-16 mission from Vandenberg | - The Times of India from Times of India
2026-04-01 13:30:31,272 - INFO - [Times of India] Article: https://timesofindia.indiatimes.com/world/middle-east/israel-targets-iran-factory-alleges-fentanyl-use-in-chemical-weapons-tehran-denies/articleshow/129941833.cms
2026-04-01 13:30:31,272 - INFO - [Times of India] Attempt 1/1: Trying with 'selenium_browser' strategy...
2026-04-01 13:30:32,014 - INFO - [Times of India] Page content loaded.
2026-04-01 13:30:32,152 - INFO - [Times of India] Success with 'selenium_browser'. Found content (212 words).
2026-04-01 13:30:32,212 - INFO - Saved article: Israel targets Iran factory, alleges fentanyl use in chemical weapons; Tehran denies | World News - The Times of India from Times of India
2026-04-01 13:30:33,452 - INFO - [Times of India] Article: https://timesofindia.indiatimes.com/world/middle-east/saudi-arabia-launches-special-operations-rooms-for-overseas-umrah-pilgrims-as-arrivals-surge-over-214-since-2022/articleshow/129941912.cms
2026-04-01 13:30:33,452 - INFO - [Times of India] Attempt 1/1: Trying with 'selenium_browser' strategy...
2026-04-01 13:30:34,165 - INFO - [Times of India] Page content loaded.
2026-04-01 13:30:34,355 - INFO - [Times of India] Success with 'selenium_browser'. Found content (296 words).
2026-04-01 13:30:34,489 - INFO - Saved article: Saudi Arabia launches special operations rooms for overseas Umrah pilgrims as arrivals surge over 214% since 2022 | World News - The Times of India from Times of India
2026-04-01 13:30:35,275 - INFO - [Times of India] (Thread) Finished. Attempting to shut down its Selenium driver.
2026-04-01 13:30:35,559 - INFO - [Times of India] (Thread) driver.quit() successful.
2026-04-01 13:30:35,560 - INFO - Shutting down thread pool (wait=False)...
2026-04-01 13:30:35,560 - INFO - Scraped: 7 The Guardian, 25 The Hindu, 20 Times of India, 9 BBC articles. (Total saved: 61)
2026-04-01 13:30:35,560 - INFO - --- Scraping job finished ---
2026-04-01 13:30:35,566 - INFO - --- Scraper service stopped and database connection closed. ---
2026-04-01 13:30:35,566 - INFO - --- Main thread finished. Forcing process exit to kill zombie threads. ---
