2025-12-12 01:50:55,018 - INFO - Initializing database connection at: news_articles.db
2025-12-12 01:50:55,019 - INFO - --- Scraper service started (CI Mode: Run Once) ---
2025-12-12 01:50:55,019 - INFO - --- Starting new scraping job (Parallel Mode) ---
2025-12-12 01:50:55,019 - INFO - Creating new robust session with 3 retries on 5xx/connection/read errors.
2025-12-12 01:50:55,019 - INFO - Proxy is DISABLED.
2025-12-12 01:50:55,019 - INFO - Starting scrape for BBC RSS feed: http://feeds.bbci.co.uk/news/world/rss.xml
2025-12-12 01:50:55,019 - INFO - [Times of India] (Thread) requires Selenium. Initializing driver...
2025-12-12 01:50:55,020 - INFO - Initializing headless Selenium Chrome driver (using SeleniumManager)...
2025-12-12 01:50:55,020 - INFO - Starting scrape for The Guardian RSS feed: https://www.theguardian.com/world/rss
2025-12-12 01:50:55,021 - INFO - [The Hindu] (Thread) requires Selenium. Initializing driver...
2025-12-12 01:50:55,021 - INFO - Initializing headless Selenium Chrome driver (using SeleniumManager)...
2025-12-12 01:50:55,021 - INFO - Submitted 4 jobs to thread pool. Waiting up to 420s for completion...
2025-12-12 01:50:55,263 - INFO - Found 45 articles in The Guardian RSS feed. Processing up to 25.
2025-12-12 01:50:55,263 - INFO - [The Guardian] Article: https://www.theguardian.com/world/2025/dec/11/fate-of-11-nigerian-troops-unclear-after-unauthorised-plane-landing-in-burkina-faso
2025-12-12 01:50:55,263 - INFO - [The Guardian] Attempt 1/1: Trying with 'requests_browser' strategy...
2025-12-12 01:50:55,305 - INFO - [The Guardian] Success with 'requests_browser'. Found content (276 words).
2025-12-12 01:50:55,342 - INFO - Saved article: Fate of 11 Nigerian troops unclear after ‘unauthorised’ plane landing in Burkina Faso | Burkina Faso | The Guardian from The Guardian
2025-12-12 01:50:55,488 - INFO - Found 34 articles in BBC RSS feed. Processing up to 25.
2025-12-12 01:50:55,489 - INFO - [BBC] Article: https://www.bbc.com/news/articles/cz688jp90epo?at_medium=RSS&at_campaign=rss
2025-12-12 01:50:55,489 - INFO - [BBC] Attempt 1/1: Trying with 'requests_browser' strategy...
2025-12-12 01:50:55,895 - INFO - [BBC] Success with 'requests_browser'. Found content (554 words).
2025-12-12 01:50:55,932 - INFO - Saved article: US sanctions six more ships after seizing oil tanker off Venezuela from BBC
2025-12-12 01:50:56,100 - INFO - [The Guardian] Article: https://www.theguardian.com/world/2025/dec/10/burkina-faso-releases-nigerian-troops-unauthorised-emergency-landing
2025-12-12 01:50:56,100 - INFO - [The Guardian] Attempt 1/1: Trying with 'requests_browser' strategy...
2025-12-12 01:50:56,138 - INFO - [The Guardian] Success with 'requests_browser'. Found content (388 words).
2025-12-12 01:50:56,173 - INFO - Duplicate article skipped: Burkina Faso releases 11 Nigerian troops after ‘unauthorised’ plane landing | Nigeria | The Guardian from The Guardian
2025-12-12 01:50:56,770 - INFO - [The Guardian] Article: https://www.theguardian.com/world/2025/dec/09/drc-fighting-forces-200000-to-flee-just-days-after-washington-peace-deal
2025-12-12 01:50:56,770 - INFO - [The Guardian] Attempt 1/1: Trying with 'requests_browser' strategy...
2025-12-12 01:50:56,809 - INFO - [The Guardian] Success with 'requests_browser'. Found content (408 words).
2025-12-12 01:50:56,823 - INFO - [BBC] Article: https://www.bbc.com/news/articles/c5y2qd1795yo?at_medium=RSS&at_campaign=rss
2025-12-12 01:50:56,823 - INFO - [BBC] Attempt 1/1: Trying with 'requests_browser' strategy...
2025-12-12 01:50:56,845 - INFO - Duplicate article skipped: DRC fighting forces 200,000 to flee just days after Washington peace deal | Democratic Republic of the Congo | The Guardian from The Guardian
2025-12-12 01:50:57,017 - INFO - [BBC] Success with 'requests_browser'. Found content (2377 words).
2025-12-12 01:50:57,061 - INFO - Saved article: Tricked, abducted and abused: Inside China's schools for 'rebellious' teens from BBC
2025-12-12 01:50:58,301 - INFO - [The Guardian] Article: https://www.theguardian.com/world/2025/dec/09/colombian-mercenaries-sudan-sanctions
2025-12-12 01:50:58,302 - INFO - [The Guardian] Attempt 1/1: Trying with 'requests_browser' strategy...
2025-12-12 01:50:58,336 - INFO - [BBC] Article: https://www.bbc.com/news/articles/c3w792x0ggyo?at_medium=RSS&at_campaign=rss
2025-12-12 01:50:58,336 - INFO - [BBC] Attempt 1/1: Trying with 'requests_browser' strategy...
2025-12-12 01:50:58,343 - INFO - [The Guardian] Success with 'requests_browser'. Found content (506 words).
2025-12-12 01:50:58,376 - INFO - Duplicate article skipped: US puts sanctions on network said to funnel Colombian mercenaries to Sudan | Sudan | The Guardian from The Guardian
2025-12-12 01:50:58,491 - INFO - [BBC] Success with 'requests_browser'. Found content (800 words).
2025-12-12 01:50:58,530 - INFO - Saved article: Suneung: South Korea exam chief quits over 'insane' English test from BBC
2025-12-12 01:50:59,632 - INFO - [BBC] Article: https://www.bbc.com/news/articles/clykk2yrl9ko?at_medium=RSS&at_campaign=rss
2025-12-12 01:50:59,632 - INFO - [BBC] Attempt 1/1: Trying with 'requests_browser' strategy...
2025-12-12 01:50:59,684 - INFO - [BBC] Success with 'requests_browser'. Found content (622 words).
2025-12-12 01:50:59,735 - INFO - Saved article: Reddit launches High Court challenge to Australia's social media ban for kids from BBC
2025-12-12 01:50:59,751 - INFO - [The Guardian] Article: https://www.theguardian.com/world/2025/dec/09/nigeria-troops-held-burkina-faso-emergency-landing
2025-12-12 01:50:59,751 - INFO - [The Guardian] Attempt 1/1: Trying with 'requests_browser' strategy...
2025-12-12 01:50:59,789 - INFO - [The Guardian] Success with 'requests_browser'. Found content (386 words).
2025-12-12 01:50:59,825 - INFO - Duplicate article skipped: Nigerian troops held in Burkina Faso after ‘unfriendly’ emergency landing | Nigeria | The Guardian from The Guardian
2025-12-12 01:51:00,541 - INFO - [BBC] Article: https://www.bbc.com/news/articles/cn4djk0jj4xo?at_medium=RSS&at_campaign=rss
2025-12-12 01:51:00,541 - INFO - [BBC] Attempt 1/1: Trying with 'requests_browser' strategy...
2025-12-12 01:51:00,592 - INFO - [BBC] Success with 'requests_browser'. Found content (448 words).
2025-12-12 01:51:00,650 - INFO - Saved article: Austria bans headscarves in schools for girls under-14 from BBC
2025-12-12 01:51:00,830 - INFO - [The Guardian] Article: https://www.theguardian.com/world/2025/dec/11/pressure-on-maduro-grows-after-us-seizes-dark-fleet-tanker-off-coast-of-venezuela
2025-12-12 01:51:00,830 - INFO - [The Guardian] Attempt 1/1: Trying with 'requests_browser' strategy...
2025-12-12 01:51:01,009 - INFO - [The Guardian] Success with 'requests_browser'. Found content (1353 words).
2025-12-12 01:51:01,057 - INFO - Saved article: Trump expands Venezuela sanctions as Maduro decries new ‘era of piracy’ | Venezuela | The Guardian from The Guardian
2025-12-12 01:51:01,745 - INFO - [BBC] Article: https://www.bbc.com/news/articles/c78vz2v85mpo?at_medium=RSS&at_campaign=rss
2025-12-12 01:51:01,745 - INFO - [BBC] Attempt 1/1: Trying with 'requests_browser' strategy...
2025-12-12 01:51:01,797 - INFO - Selenium driver initialized successfully.
2025-12-12 01:51:01,797 - INFO - Starting scrape for The Hindu RSS feed: https://www.thehindu.com/news/national/feeder/default.rss
2025-12-12 01:51:01,798 - INFO - Selenium driver initialized successfully.
2025-12-12 01:51:01,798 - INFO - Starting scrape for Times of India RSS feed: https://timesofindia.indiatimes.com/rssfeeds/296589292.cms
2025-12-12 01:51:01,825 - INFO - [The Guardian] Article: https://www.theguardian.com/technology/2025/dec/11/elon-musk-el-salvador-grok
2025-12-12 01:51:01,825 - INFO - [The Guardian] Attempt 1/1: Trying with 'requests_browser' strategy...
2025-12-12 01:51:01,865 - INFO - [The Guardian] Success with 'requests_browser'. Found content (372 words).
2025-12-12 01:51:01,901 - INFO - Saved article: Elon Musk teams with El Salvador to bring Grok chatbot to public schools | Technology | The Guardian from The Guardian
2025-12-12 01:51:01,949 - INFO - [BBC] Success with 'requests_browser'. Found content (572 words).
2025-12-12 01:51:01,986 - INFO - Saved article: Kilmar Abrego Garcia released from immigration detention after judge's order from BBC
2025-12-12 01:51:02,007 - INFO - Found 100 articles in The Hindu RSS feed. Processing up to 25.
2025-12-12 01:51:02,007 - INFO - [The Hindu] Article: https://www.thehindu.com/news/national/karnataka/competition-demand-drive-bengaluru-colleges-to-open-admissions-months-early/article70381635.ece
2025-12-12 01:51:02,007 - INFO - [The Hindu] Attempt 1/1: Trying with 'selenium_browser' strategy...
2025-12-12 01:51:02,178 - INFO - Found 20 articles in Times of India RSS feed. Processing up to 25.
2025-12-12 01:51:02,178 - INFO - [Times of India] Article: https://timesofindia.indiatimes.com/world/us-streamers/im-in-a-bad-mood-candace-owens-fires-warning-at-erika-kirk-after-new-clip-on-charlie-kirk-conspiracy-fight-goes-viral/articleshow/125923684.cms
2025-12-12 01:51:02,178 - INFO - [Times of India] Attempt 1/1: Trying with 'selenium_browser' strategy...
2025-12-12 01:51:02,796 - INFO - [BBC] Article: https://www.bbc.com/news/articles/cdxwrvl1734o?at_medium=RSS&at_campaign=rss
2025-12-12 01:51:02,797 - INFO - [BBC] Attempt 1/1: Trying with 'requests_browser' strategy...
2025-12-12 01:51:02,811 - INFO - [The Guardian] Article: https://www.theguardian.com/us-news/2025/dec/11/kilmar-abrego-garcia-released
2025-12-12 01:51:02,811 - INFO - [The Guardian] Attempt 1/1: Trying with 'requests_browser' strategy...
2025-12-12 01:51:02,861 - INFO - [The Guardian] Success with 'requests_browser'. Found content (532 words).
2025-12-12 01:51:02,931 - INFO - Saved article: Kilmar Ábrego García released from ICE custody in fight over Trump immigration | Kilmar Ábrego García | The Guardian from The Guardian
2025-12-12 01:51:03,024 - INFO - [BBC] Success with 'requests_browser'. Found content (763 words).
2025-12-12 01:51:03,084 - INFO - Duplicate article skipped: Portugal hit by severe disruption in first general strike for 12 years from BBC
2025-12-12 01:51:03,478 - INFO - [The Guardian] Article: https://www.theguardian.com/news/audio/2025/dec/11/why-is-trump-attacking-venezuelan-boats-the-latest
2025-12-12 01:51:03,478 - INFO - [The Guardian] Attempt 1/1: Trying with 'requests_browser' strategy...
2025-12-12 01:51:03,528 - INFO - [The Guardian] Success with 'requests_browser'. Found content (99 words).
2025-12-12 01:51:03,587 - INFO - Saved article: Why is Trump attacking Venezuelan boats? – The Latest | Venezuela | The Guardian from The Guardian
2025-12-12 01:51:03,755 - INFO - [The Hindu] Page content loaded.
2025-12-12 01:51:03,806 - INFO - [The Hindu] Success with 'selenium_browser'. Found content (612 words).
2025-12-12 01:51:03,871 - INFO - Saved article: Competition, demand drive Bengaluru colleges to open admissions months early - The Hindu from The Hindu
2025-12-12 01:51:04,056 - INFO - [BBC] Article: https://www.bbc.com/news/articles/ckgmm92d213o?at_medium=RSS&at_campaign=rss
2025-12-12 01:51:04,056 - INFO - [BBC] Attempt 1/1: Trying with 'requests_browser' strategy...
2025-12-12 01:51:04,133 - INFO - [The Guardian] Article: https://www.theguardian.com/us-news/2025/dec/11/lawmakers-venezuela-oil-tanker
2025-12-12 01:51:04,133 - INFO - [The Guardian] Attempt 1/1: Trying with 'requests_browser' strategy...
2025-12-12 01:51:04,246 - INFO - [BBC] Success with 'requests_browser'. Found content (275 words).
2025-12-12 01:51:04,425 - INFO - Saved article: Do Kwon: TerraUSD creator sentenced to 15 years in prison over $40bn crash from BBC
2025-12-12 01:51:04,432 - INFO - [The Guardian] Success with 'requests_browser'. Found content (681 words).
2025-12-12 01:51:04,514 - INFO - Saved article: US lawmakers condemn seizure of Venezuelan oil tanker: ‘Trump is sleepwalking us into a war’ | Trump administration | The Guardian from The Guardian
2025-12-12 01:51:05,053 - INFO - [The Hindu] Article: https://www.thehindu.com/news/national/if-us-happy-with-indias-offer-trump-admin-should-sign-trade-deal-on-dotted-lines-piyush-goyal/article70387106.ece
2025-12-12 01:51:05,053 - INFO - [The Hindu] Attempt 1/1: Trying with 'selenium_browser' strategy...
2025-12-12 01:51:05,436 - INFO - [BBC] Article: https://www.bbc.com/news/articles/cgjnd9y52pno?at_medium=RSS&at_campaign=rss
2025-12-12 01:51:05,436 - INFO - [BBC] Attempt 1/1: Trying with 'requests_browser' strategy...
2025-12-12 01:51:05,574 - INFO - [BBC] Success with 'requests_browser'. Found content (952 words).
2025-12-12 01:51:05,645 - INFO - [The Guardian] Article: https://www.theguardian.com/world/2025/dec/12/thailand-set-for-early-elections-cambodia-clashes
2025-12-12 01:51:05,645 - INFO - [The Guardian] Attempt 1/1: Trying with 'requests_browser' strategy...
2025-12-12 01:51:05,659 - INFO - Saved article: Zelensky says US wants 'special economic zone' in Ukraine's Donetsk region from BBC
2025-12-12 01:51:05,815 - INFO - [The Guardian] Success with 'requests_browser'. Found content (350 words).
2025-12-12 01:51:05,916 - INFO - Saved article: Thailand set for early elections amid political deadlock and Cambodia skirmishes | Thailand | The Guardian from The Guardian
2025-12-12 01:51:06,772 - INFO - [The Hindu] Page content loaded.
2025-12-12 01:51:06,811 - INFO - [The Guardian] Article: https://www.theguardian.com/world/2025/dec/11/thailand-cambodia-border-evacuation
2025-12-12 01:51:06,811 - INFO - [The Guardian] Attempt 1/1: Trying with 'requests_browser' strategy...
2025-12-12 01:51:06,873 - INFO - [The Guardian] Success with 'requests_browser'. Found content (656 words).
2025-12-12 01:51:06,880 - INFO - [BBC] Article: https://www.bbc.com/news/articles/cn09g640659o?at_medium=RSS&at_campaign=rss
2025-12-12 01:51:06,880 - INFO - [BBC] Attempt 1/1: Trying with 'requests_browser' strategy...
2025-12-12 01:51:07,003 - INFO - Duplicate article skipped: Half a million flee as deadly Cambodia-Thailand border clashes escalate | Cambodia | The Guardian from The Guardian
2025-12-12 01:51:07,008 - INFO - [The Hindu] Success with 'selenium_browser'. Found content (731 words).
2025-12-12 01:51:07,171 - INFO - Saved article: If U.S. happy with India's offer, Trump admin should sign trade deal on dotted lines: Piyush Goyal - The Hindu from The Hindu
2025-12-12 01:51:07,371 - INFO - [BBC] Success with 'requests_browser'. Found content (418 words).
2025-12-12 01:51:07,430 - INFO - Saved article: Bulgarian PM and government resign after mass protests from BBC
2025-12-12 01:51:07,952 - INFO - [The Guardian] Article: https://www.theguardian.com/world/2025/dec/11/sexually-explicit-letters-deepfake-hong-kong-activists-uk-australia
2025-12-12 01:51:07,952 - INFO - [The Guardian] Attempt 1/1: Trying with 'requests_browser' strategy...
2025-12-12 01:51:08,012 - INFO - [The Guardian] Success with 'requests_browser'. Found content (1072 words).
2025-12-12 01:51:08,122 - INFO - Duplicate article skipped: Sexually explicit letters about exiled Hong Kong activists sent to UK and Australian addresses | Hong Kong | The Guardian from The Guardian
2025-12-12 01:51:08,174 - INFO - [The Hindu] Article: https://www.thehindu.com/news/national/rajasthan/40-detained-over-protest-against-ethanol-plant-in-hanumangarh/article70385177.ece
2025-12-12 01:51:08,174 - INFO - [The Hindu] Attempt 1/1: Trying with 'selenium_browser' strategy...
2025-12-12 01:51:08,771 - INFO - [BBC] Article: https://www.bbc.com/news/articles/cly01mdm577o?at_medium=RSS&at_campaign=rss
2025-12-12 01:51:08,771 - INFO - [BBC] Attempt 1/1: Trying with 'requests_browser' strategy...
2025-12-12 01:51:09,135 - INFO - [BBC] Success with 'requests_browser'. Found content (708 words).
2025-12-12 01:51:09,299 - INFO - Saved article: 'Architects of AI' named Time Magazine's Person of the Year from BBC
2025-12-12 01:51:09,486 - INFO - [The Guardian] Article: https://www.theguardian.com/environment/2025/dec/11/climate-crisis-made-monsoon-floods-asia-worse-study
2025-12-12 01:51:09,487 - INFO - [The Guardian] Attempt 1/1: Trying with 'requests_browser' strategy...
2025-12-12 01:51:09,715 - INFO - [The Guardian] Success with 'requests_browser'. Found content (784 words).
2025-12-12 01:51:10,006 - INFO - Duplicate article skipped: ‘Not normal’: Climate crisis supercharged deadly monsoon floods in Asia | Climate crisis | The Guardian from The Guardian
2025-12-12 01:51:10,070 - INFO - [BBC] Article: https://www.bbc.com/news/articles/c23e1jld9p7o?at_medium=RSS&at_campaign=rss
2025-12-12 01:51:10,071 - INFO - [BBC] Attempt 1/1: Trying with 'requests_browser' strategy...
2025-12-12 01:51:10,334 - INFO - [BBC] Success with 'requests_browser'. Found content (381 words).
2025-12-12 01:51:10,435 - INFO - Saved article: Ethiopia TikTok: Six influencers arrested for 'indecent' dress at awards ceremony from BBC
2025-12-12 01:51:11,382 - INFO - [The Hindu] Page content loaded.
2025-12-12 01:51:11,461 - INFO - [The Guardian] Article: https://www.theguardian.com/film/2025/dec/10/documentary-china-baby-ruth-villaramas-food-delivery-fresh-from-the-west-philippine-sea
2025-12-12 01:51:11,461 - INFO - [The Guardian] Attempt 1/1: Trying with 'requests_browser' strategy...
2025-12-12 01:51:11,625 - INFO - [The Guardian] Success with 'requests_browser'. Found content (655 words).
2025-12-12 01:51:11,678 - INFO - [BBC] Article: https://www.bbc.com/news/articles/cqxq3lg2gwxo?at_medium=RSS&at_campaign=rss
2025-12-12 01:51:11,678 - INFO - [BBC] Attempt 1/1: Trying with 'requests_browser' strategy...
2025-12-12 01:51:11,839 - INFO - [The Hindu] Success with 'selenium_browser'. Found content (481 words).
2025-12-12 01:51:11,854 - INFO - Duplicate article skipped: ‘The bullying can’t go on’: the film-maker following Filipino fishers under siege by China | Movies | The Guardian from The Guardian
2025-12-12 01:51:11,905 - INFO - [BBC] Success with 'requests_browser'. Found content (501 words).
2025-12-12 01:51:12,070 - INFO - Duplicate article skipped: Myanmar: More than 30 dead after military air strike hits hospital from BBC
2025-12-12 01:51:12,087 - INFO - Saved article: 40 detained over protest against ethanol plant in Hanumangarh - The Hindu from The Hindu
2025-12-12 01:51:12,666 - INFO - [The Hindu] Article: https://www.thehindu.com/news/national/west-bengal/standing-on-humanitarian-ground/article70384039.ece
2025-12-12 01:51:12,667 - INFO - [The Hindu] Attempt 1/1: Trying with 'selenium_browser' strategy...
2025-12-12 01:51:12,869 - INFO - [The Guardian] Article: https://www.theguardian.com/australia-news/live/2025/dec/12/federal-state-health-ministers-meeting-aged-care-travel-expenses-anthony-albanese-labor-sussan-ley-coalition-ntwnfb
2025-12-12 01:51:12,869 - INFO - [The Guardian] Attempt 1/1: Trying with 'requests_browser' strategy...
2025-12-12 01:51:13,170 - INFO - [BBC] Article: https://www.bbc.com/news/articles/cwyv5q7d72lo?at_medium=RSS&at_campaign=rss
2025-12-12 01:51:13,171 - INFO - [BBC] Attempt 1/1: Trying with 'requests_browser' strategy...
2025-12-12 01:51:13,581 - INFO - [The Guardian] Success with 'requests_browser'. Found content (2871 words).
2025-12-12 01:51:13,721 - INFO - Saved article: Australia news live: PM confirms deal to keep Tomago aluminium smelter open; Chalmers clears way for Korean firm to up its stake in defence shipbuilder | Australia news | The Guardian from The Guardian
2025-12-12 01:51:13,741 - INFO - [BBC] Success with 'requests_browser'. Found content (398 words).
2025-12-12 01:51:13,858 - INFO - Saved article: Pakistan's military sentences former spy chief Faiz Hameed to 14 years in jail from BBC
2025-12-12 01:51:14,231 - INFO - [The Guardian] Article: https://www.theguardian.com/australia-news/2025/dec/12/politicians-travel-perks-expenses-overhaul-advice
2025-12-12 01:51:14,231 - INFO - [The Guardian] Attempt 1/1: Trying with 'requests_browser' strategy...
2025-12-12 01:51:14,501 - INFO - [BBC] Article: https://www.bbc.com/news/articles/ce91dergm00o?at_medium=RSS&at_campaign=rss
2025-12-12 01:51:14,501 - INFO - [BBC] Attempt 1/1: Trying with 'requests_browser' strategy...
2025-12-12 01:51:14,512 - INFO - [The Guardian] Success with 'requests_browser'. Found content (550 words).
2025-12-12 01:51:14,584 - INFO - Saved article: Labor wants watchdog to advise on overhauling travel perks for politicians as backlash grows | Australian politics | The Guardian from The Guardian
2025-12-12 01:51:14,609 - INFO - [BBC] Success with 'requests_browser'. Found content (791 words).
2025-12-12 01:51:14,674 - INFO - Saved article: Thousands ready to evacuate as flooding hits Pacific Northwest from BBC
2025-12-12 01:51:15,426 - INFO - [BBC] Article: https://www.bbc.com/news/articles/clydz0j1yego?at_medium=RSS&at_campaign=rss
2025-12-12 01:51:15,426 - INFO - [BBC] Attempt 1/1: Trying with 'requests_browser' strategy...
2025-12-12 01:51:15,819 - INFO - [The Guardian] Article: https://www.theguardian.com/media/2025/dec/12/sydney-childcare-worker-david-william-james-pleads-guilty-to-using-children-to-produce-child-abuse-material-ntwnfb
2025-12-12 01:51:15,819 - INFO - [The Guardian] Attempt 1/1: Trying with 'requests_browser' strategy...
2025-12-12 01:51:16,070 - INFO - [The Guardian] Success with 'requests_browser'. Found content (505 words).
2025-12-12 01:51:16,138 - INFO - Saved article: Sydney after-school childcare worker pleads guilty to using children to produce child abuse material | New South Wales | The Guardian from The Guardian
2025-12-12 01:51:16,306 - INFO - [BBC] Success with 'requests_browser'. Found content (379 words).
2025-12-12 01:51:16,372 - INFO - Saved article: Poland arrests Russian archaeologist wanted in Ukraine from BBC
2025-12-12 01:51:16,779 - INFO - [The Guardian] Article: https://www.theguardian.com/australia-news/2025/dec/12/reddit-high-court-challenge-social-media-ban-australia-under-16s
2025-12-12 01:51:16,779 - INFO - [The Guardian] Attempt 1/1: Trying with 'requests_browser' strategy...
2025-12-12 01:51:16,828 - INFO - [The Guardian] Success with 'requests_browser'. Found content (600 words).
2025-12-12 01:51:16,904 - INFO - Saved article: Reddit launches high court challenge to Australia’s under-16s social media ban | Social media ban | The Guardian from The Guardian
2025-12-12 01:51:17,061 - INFO - [BBC] Article: https://www.bbc.com/news/articles/ckgkykywp58o?at_medium=RSS&at_campaign=rss
2025-12-12 01:51:17,061 - INFO - [BBC] Attempt 1/1: Trying with 'requests_browser' strategy...
2025-12-12 01:51:17,086 - INFO - [The Hindu] Page content loaded.
2025-12-12 01:51:17,192 - INFO - [BBC] Success with 'requests_browser'. Found content (443 words).
2025-12-12 01:51:17,261 - INFO - Duplicate article skipped: Indigenous deaths in custody hit record high in Australia from BBC
2025-12-12 01:51:17,332 - INFO - [The Hindu] Success with 'selenium_browser'. Found content (1904 words).
2025-12-12 01:51:17,442 - INFO - Saved article: Standing on humanitarian ground - The Hindu from The Hindu
2025-12-12 01:51:17,833 - INFO - [The Guardian] Article: https://www.theguardian.com/australia-news/2025/dec/11/australia-public-service-bureaucrats-travel-business-class-rules-anthony-albanese
2025-12-12 01:51:17,833 - INFO - [The Guardian] Attempt 1/1: Trying with 'requests_browser' strategy...
2025-12-12 01:51:17,888 - INFO - [The Guardian] Success with 'requests_browser'. Found content (568 words).
2025-12-12 01:51:17,940 - INFO - Saved article: Government rejects call to tighten business-class rules for bureaucrats as Albanese urges ‘value for money at all times’ | Australian politicians' expenses | The Guardian from The Guardian
2025-12-12 01:51:18,189 - INFO - [The Hindu] Article: https://www.thehindu.com/news/national/jammu-and-kashmir/will-establish-peace-not-buy-it-to-reopen-old-terror-cases-jk-l-g-sinha/article70385143.ece
2025-12-12 01:51:18,189 - INFO - [The Hindu] Attempt 1/1: Trying with 'selenium_browser' strategy...
2025-12-12 01:51:18,526 - INFO - [BBC] Article: https://www.bbc.com/news/articles/cj4q1l0ly7wo?at_medium=RSS&at_campaign=rss
2025-12-12 01:51:18,526 - INFO - [BBC] Attempt 1/1: Trying with 'requests_browser' strategy...
2025-12-12 01:51:18,755 - INFO - [BBC] Success with 'requests_browser'. Found content (858 words).
2025-12-12 01:51:18,803 - INFO - [The Guardian] Article: https://www.theguardian.com/world/2025/dec/11/us-wants-ukraine-to-withdraw-from-donbas-and-create-free-economic-zone-says-zelenskyy
2025-12-12 01:51:18,803 - INFO - [The Guardian] Attempt 1/1: Trying with 'requests_browser' strategy...
2025-12-12 01:51:18,827 - INFO - Saved article: Tapanuli orangutans: Fears grow that world's rarest apes were swept away in Sumatran floods from BBC
2025-12-12 01:51:18,886 - INFO - [The Guardian] Success with 'requests_browser'. Found content (929 words).
2025-12-12 01:51:18,969 - INFO - Saved article: US wants Ukraine to withdraw from Donbas and create ‘free economic zone’, says Zelenskyy | Ukraine | The Guardian from The Guardian
2025-12-12 01:51:19,031 - INFO - [The Hindu] Page content loaded.
2025-12-12 01:51:19,080 - INFO - [The Hindu] Success with 'selenium_browser'. Found content (459 words).
2025-12-12 01:51:19,144 - INFO - Saved article: Will establish peace, not buy it; to reopen old terror cases: J&K L-G Sinha - The Hindu from The Hindu
2025-12-12 01:51:19,503 - INFO - [BBC] Article: https://www.bbc.com/news/articles/cr7l0ljvvejo?at_medium=RSS&at_campaign=rss
2025-12-12 01:51:19,503 - INFO - [BBC] Attempt 1/1: Trying with 'requests_browser' strategy...
2025-12-12 01:51:19,592 - INFO - [BBC] Success with 'requests_browser'. Found content (1404 words).
2025-12-12 01:51:19,729 - INFO - Saved article: Myanmar's army says it wants to eradicate scam compounds. Is it really doing that? from BBC
2025-12-12 01:51:20,298 - INFO - [The Guardian] Article: https://www.theguardian.com/world/live/2025/dec/11/ukraine-war-meeting-coalition-donald-trump-europe-russia-latest-updates-news
2025-12-12 01:51:20,299 - INFO - [The Guardian] Attempt 1/1: Trying with 'requests_browser' strategy...
2025-12-12 01:51:20,518 - INFO - [The Hindu] Article: https://www.thehindu.com/news/national/odisha/odisha-cm-gives-away-citizenship-certificates-to-35-persons-from-bangladesh/article70385477.ece
2025-12-12 01:51:20,518 - INFO - [The Hindu] Attempt 1/1: Trying with 'selenium_browser' strategy...
2025-12-12 01:51:20,576 - INFO - [The Guardian] Success with 'requests_browser'. Found content (3043 words).
2025-12-12 01:51:20,904 - INFO - Duplicate article skipped: US pushing Ukraine to withdraw from Donbas and create ‘free economic zone’, says Zelenskyy – as it happened | Ukraine | The Guardian from The Guardian
2025-12-12 01:51:21,231 - INFO - [BBC] Article: https://www.bbc.com/news/articles/c0q5p43qgl1o?at_medium=RSS&at_campaign=rss
2025-12-12 01:51:21,231 - INFO - [BBC] Attempt 1/1: Trying with 'requests_browser' strategy...
2025-12-12 01:51:21,409 - INFO - [BBC] Success with 'requests_browser'. Found content (1195 words).
2025-12-12 01:51:21,455 - INFO - Duplicate article skipped: Venezuelan Nobel winner tells BBC she knows 'risks' of Oslo trip after months in hiding from BBC
2025-12-12 01:51:21,590 - INFO - [The Hindu] Page content loaded.
2025-12-12 01:51:21,717 - INFO - [The Guardian] Article: https://www.theguardian.com/world/2025/dec/11/germany-afghanistan-u-turn-migration-pakistan
2025-12-12 01:51:21,717 - INFO - [The Guardian] Attempt 1/1: Trying with 'requests_browser' strategy...
2025-12-12 01:51:21,798 - INFO - [The Guardian] Success with 'requests_browser'. Found content (631 words).
2025-12-12 01:51:21,899 - INFO - Saved article: Germany drops promise to resettle hundreds of Afghans | Afghanistan | The Guardian from The Guardian
2025-12-12 01:51:21,930 - INFO - [The Hindu] Success with 'selenium_browser'. Found content (534 words).
2025-12-12 01:51:22,026 - INFO - Saved article: Odisha CM gives away citizenship certificates to 35 persons from Bangladesh - The Hindu from The Hindu
2025-12-12 01:51:22,261 - INFO - [BBC] Article: https://www.bbc.com/news/articles/cy8jvll9j81o?at_medium=RSS&at_campaign=rss
2025-12-12 01:51:22,262 - INFO - [BBC] Attempt 1/1: Trying with 'requests_browser' strategy...
2025-12-12 01:51:22,363 - INFO - [BBC] Success with 'requests_browser'. Found content (976 words).
2025-12-12 01:51:22,494 - INFO - [The Guardian] Article: https://www.theguardian.com/world/2025/dec/11/bulgarian-government-resigns-mass-anti-corruption-protests
2025-12-12 01:51:22,494 - INFO - [The Guardian] Attempt 1/1: Trying with 'requests_browser' strategy...
2025-12-12 01:51:22,524 - INFO - Saved article: From Iran to China to Venezuela - how seized tanker hid location from BBC
2025-12-12 01:51:22,607 - INFO - [The Guardian] Success with 'requests_browser'. Found content (662 words).
2025-12-12 01:51:22,686 - INFO - Saved article: Bulgarian government resigns after mass anti-corruption protests | Bulgaria | The Guardian from The Guardian
2025-12-12 01:51:23,175 - INFO - [BBC] Article: https://www.bbc.com/news/articles/cr7l0nyxxygo?at_medium=RSS&at_campaign=rss
2025-12-12 01:51:23,175 - INFO - [BBC] Attempt 1/1: Trying with 'requests_browser' strategy...
2025-12-12 01:51:23,520 - INFO - [The Hindu] Article: https://www.thehindu.com/news/national/west-bengal/bjp-leaders-gaffe-over-matangini-hazra-gives-trinamool-a-fresh-handle/article70385710.ece
2025-12-12 01:51:23,520 - INFO - [The Hindu] Attempt 1/1: Trying with 'selenium_browser' strategy...
2025-12-12 01:51:23,844 - INFO - [BBC] Success with 'requests_browser'. Found content (1665 words).
2025-12-12 01:51:23,932 - INFO - Duplicate article skipped: Panic in France as children fall victim to lethal violence of Marseille drug gangs from BBC
2025-12-12 01:51:24,102 - INFO - [The Guardian] Article: https://www.theguardian.com/culture/2025/dec/11/amsterdams-rijksmuseum-announces-southern-outpost-in-eindhoven
2025-12-12 01:51:24,102 - INFO - [The Guardian] Attempt 1/1: Trying with 'requests_browser' strategy...
2025-12-12 01:51:24,154 - INFO - [The Guardian] Success with 'requests_browser'. Found content (328 words).
2025-12-12 01:51:24,219 - INFO - Saved article: Amsterdam’s Rijksmuseum announces southern outpost in Eindhoven | Netherlands | The Guardian from The Guardian
2025-12-12 01:51:24,502 - INFO - [The Hindu] Page content loaded.
2025-12-12 01:51:24,991 - INFO - [The Hindu] Success with 'selenium_browser'. Found content (391 words).
2025-12-12 01:51:25,073 - INFO - Saved article: BJP leader’s gaffe over Matangini Hazra gives Trinamool a fresh handle - The Hindu from The Hindu
2025-12-12 01:51:25,428 - INFO - [BBC] Article: https://www.bbc.com/news/articles/cwyp7rkkgvdo?at_medium=RSS&at_campaign=rss
2025-12-12 01:51:25,428 - INFO - [BBC] Attempt 1/1: Trying with 'requests_browser' strategy...
2025-12-12 01:51:25,509 - INFO - [BBC] Success with 'requests_browser'. Found content (1347 words).
2025-12-12 01:51:25,591 - INFO - Saved article: What we know about US seizure of oil tanker off Venezuela from BBC
2025-12-12 01:51:25,872 - INFO - [The Hindu] Article: https://www.thehindu.com/news/national/kerala/wayanad-records-highest-polling-percentage-in-state/article70385396.ece
2025-12-12 01:51:25,872 - INFO - [The Hindu] Attempt 1/1: Trying with 'selenium_browser' strategy...
2025-12-12 01:51:26,685 - INFO - [BBC] Article: https://www.bbc.com/news/articles/c989e9xxn5po?at_medium=RSS&at_campaign=rss
2025-12-12 01:51:26,685 - INFO - [BBC] Attempt 1/1: Trying with 'requests_browser' strategy...
2025-12-12 01:51:26,756 - INFO - [The Hindu] Page content loaded.
2025-12-12 01:51:26,985 - INFO - [The Hindu] Success with 'selenium_browser'. Found content (136 words).
2025-12-12 01:51:27,103 - INFO - [BBC] Success with 'requests_browser'. Found content (822 words).
2025-12-12 01:51:27,113 - INFO - Saved article: Wayanad records highest polling percentage in State - The Hindu from The Hindu
2025-12-12 01:51:27,166 - INFO - Duplicate article skipped: South Korea: Celebrity scandals renew debate on 'cancel culture' from BBC
2025-12-12 01:51:27,845 - INFO - [BBC] Article: https://www.bbc.com/news/articles/c0r959n91p4o?at_medium=RSS&at_campaign=rss
2025-12-12 01:51:27,845 - INFO - [BBC] Attempt 1/1: Trying with 'requests_browser' strategy...
2025-12-12 01:51:27,903 - INFO - [BBC] Success with 'requests_browser'. Found content (1215 words).
2025-12-12 01:51:27,952 - INFO - Duplicate article skipped: The Swiss city that lets you pay for most things with bitcoin from BBC
2025-12-12 01:51:28,351 - INFO - [The Hindu] Article: https://www.thehindu.com/news/national/kerala/kannur-kasaragod-record-huge-turnout-in-local-body-polls/article70385449.ece
2025-12-12 01:51:28,351 - INFO - [The Hindu] Attempt 1/1: Trying with 'selenium_browser' strategy...
2025-12-12 01:51:29,113 - INFO - [The Hindu] Page content loaded.
2025-12-12 01:51:29,251 - INFO - [The Hindu] Success with 'selenium_browser'. Found content (108 words).
2025-12-12 01:51:29,451 - INFO - Saved article: Kannur, Kasaragod record huge turnout in local body polls - The Hindu from The Hindu
2025-12-12 01:51:30,520 - INFO - [The Hindu] Article: https://www.thehindu.com/news/national/arunachal-road-deaths-kharge-asks-for-just-compensation-to-bereaved-saddening-says-rahul/article70386077.ece
2025-12-12 01:51:30,520 - INFO - [The Hindu] Attempt 1/1: Trying with 'selenium_browser' strategy...
2025-12-12 01:51:31,481 - INFO - [The Hindu] Page content loaded.
2025-12-12 01:51:31,701 - INFO - [The Hindu] Success with 'selenium_browser'. Found content (459 words).
2025-12-12 01:51:31,775 - INFO - Saved article: Arunachal road deaths: Kharge asks for just compensation to bereaved; saddening, says Rahul - The Hindu from The Hindu
2025-12-12 01:51:32,675 - INFO - [The Hindu] Article: https://www.thehindu.com/news/national/maharashtra/question-on-delay-in-scheme-reveals-rift-in-mahayuti/article70386148.ece
2025-12-12 01:51:32,675 - INFO - [The Hindu] Attempt 1/1: Trying with 'selenium_browser' strategy...
2025-12-12 01:51:33,657 - INFO - [The Hindu] Page content loaded.
2025-12-12 01:51:33,812 - INFO - [The Hindu] Success with 'selenium_browser'. Found content (428 words).
2025-12-12 01:51:33,895 - INFO - Saved article: Question on delay in scheme reveals rift in Mahayuti - The Hindu from The Hindu
2025-12-12 01:51:34,650 - INFO - [The Hindu] Article: https://www.thehindu.com/news/national/karnataka/gba-chief-orders-immediate-completion-of-suraksha-75-junction-works/article70385547.ece
2025-12-12 01:51:34,650 - INFO - [The Hindu] Attempt 1/1: Trying with 'selenium_browser' strategy...
2025-12-12 01:51:35,422 - INFO - [The Hindu] Page content loaded.
2025-12-12 01:51:35,557 - INFO - [The Hindu] Success with 'selenium_browser'. Found content (259 words).
2025-12-12 01:51:35,671 - INFO - Saved article: GBA chief orders immediate completion of Suraksha 75 Junction works - The Hindu from The Hindu
2025-12-12 01:51:36,450 - INFO - [The Hindu] Article: https://www.thehindu.com/news/national/maharashtra/fadnavisasks-officials-to-make-ready-plan-to-build-indias-biggest-shipyard/article70386141.ece
2025-12-12 01:51:36,450 - INFO - [The Hindu] Attempt 1/1: Trying with 'selenium_browser' strategy...
2025-12-12 01:51:37,602 - INFO - [The Hindu] Page content loaded.
2025-12-12 01:51:37,716 - INFO - [The Hindu] Success with 'selenium_browser'. Found content (292 words).
2025-12-12 01:51:37,803 - INFO - Saved article: Fadnavis asks officials to make ready plan to build ‘India’s biggest shipyard’ - The Hindu from The Hindu
2025-12-12 01:51:38,833 - INFO - [The Hindu] Article: https://www.thehindu.com/news/national/karnataka/official-team-will-study-feasibility-of-additional-commissinerate-for-bengaluru-home-minister/article70384735.ece
2025-12-12 01:51:38,833 - INFO - [The Hindu] Attempt 1/1: Trying with 'selenium_browser' strategy...
2025-12-12 01:51:39,699 - INFO - [The Hindu] Page content loaded.
2025-12-12 01:51:39,775 - INFO - [The Hindu] Success with 'selenium_browser'. Found content (254 words).
2025-12-12 01:51:39,854 - INFO - Saved article: Official team will study feasibility of additional commissinerate for Bengaluru: Home Minister - The Hindu from The Hindu
2025-12-12 01:51:40,496 - INFO - [The Hindu] Article: https://www.thehindu.com/news/national/andhra-pradesh/ciu-takes-out-motorbike-rally-ahead-of-maha-sabha-in-visakhapatnam/article70385121.ece
2025-12-12 01:51:40,496 - INFO - [The Hindu] Attempt 1/1: Trying with 'selenium_browser' strategy...
2025-12-12 01:51:41,103 - INFO - [The Hindu] Page content loaded.
2025-12-12 01:51:41,146 - INFO - [The Hindu] Success with 'selenium_browser'. Found content (201 words).
2025-12-12 01:51:41,200 - INFO - Saved article: CIU takes out motorbike rally ahead of Maha Sabha in Visakhapatnam - The Hindu from The Hindu
2025-12-12 01:51:42,251 - INFO - [The Hindu] Article: https://www.thehindu.com/news/national/odisha/crime-against-women-odisha-police-launch-digital-platform/article70385053.ece
2025-12-12 01:51:42,252 - INFO - [The Hindu] Attempt 1/1: Trying with 'selenium_browser' strategy...
2025-12-12 01:51:43,129 - INFO - [The Hindu] Page content loaded.
2025-12-12 01:51:43,211 - INFO - [The Hindu] Success with 'selenium_browser'. Found content (353 words).
2025-12-12 01:51:43,306 - INFO - Saved article: Crime against women: Odisha police launch digital platform - The Hindu from The Hindu
2025-12-12 01:51:44,232 - INFO - [The Hindu] Article: https://www.thehindu.com/news/cities/mumbai/shivsenaubt-criticisesmahayutigovt-over-aid-to-flood-hit-farmers/article70385292.ece
2025-12-12 01:51:44,232 - INFO - [The Hindu] Attempt 1/1: Trying with 'selenium_browser' strategy...
2025-12-12 01:51:45,042 - INFO - [The Hindu] Page content loaded.
2025-12-12 01:51:45,094 - INFO - [The Hindu] Success with 'selenium_browser'. Found content (265 words).
2025-12-12 01:51:45,167 - INFO - Saved article: Shiv Sena (UBT) criticises Mahayuti govt. over aid to flood-hit farmers - The Hindu from The Hindu
2025-12-12 01:51:46,299 - INFO - [The Hindu] Article: https://www.thehindu.com/news/national/karnataka/man-killed-by-brother-over-family-issue/article70385405.ece
2025-12-12 01:51:46,300 - INFO - [The Hindu] Attempt 1/1: Trying with 'selenium_browser' strategy...
2025-12-12 01:51:47,122 - INFO - [The Hindu] Page content loaded.
2025-12-12 01:51:47,173 - INFO - [The Hindu] Success with 'selenium_browser'. Found content (338 words).
2025-12-12 01:51:47,249 - INFO - Saved article: Man killed by brother over family issue - The Hindu from The Hindu
2025-12-12 01:51:48,007 - INFO - [The Hindu] Article: https://www.thehindu.com/news/national/karnataka/man-arrested-for-molesting-and-assaulting-woman-after-brawl-inside-hotel/article70385851.ece
2025-12-12 01:51:48,007 - INFO - [The Hindu] Attempt 1/1: Trying with 'selenium_browser' strategy...
2025-12-12 01:51:48,796 - INFO - [The Hindu] Page content loaded.
2025-12-12 01:51:48,852 - INFO - [The Hindu] Success with 'selenium_browser'. Found content (224 words).
2025-12-12 01:51:48,949 - INFO - Saved article: Man arrested for molesting and assaulting woman after brawl inside hotel - The Hindu from The Hindu
2025-12-12 01:51:49,743 - INFO - [The Hindu] Article: https://www.thehindu.com/news/cities/chennai/over-224-crore-palmyrah-seeds-planted-under-green-tamil-nadu-mission/article70385378.ece
2025-12-12 01:51:49,743 - INFO - [The Hindu] Attempt 1/1: Trying with 'selenium_browser' strategy...
2025-12-12 01:51:50,800 - INFO - [The Hindu] Page content loaded.
2025-12-12 01:51:50,849 - INFO - [The Hindu] Success with 'selenium_browser'. Found content (263 words).
2025-12-12 01:51:51,038 - INFO - Saved article: Over 2.24 crore palmyrah seeds planted under Green Tamil Nadu Mission - The Hindu from The Hindu
2025-12-12 01:51:52,382 - INFO - [The Hindu] Article: https://www.thehindu.com/news/national/karnataka/aisec-passes-resolution-against-kps-magnet-school-scheme/article70385262.ece
2025-12-12 01:51:52,382 - INFO - [The Hindu] Attempt 1/1: Trying with 'selenium_browser' strategy...
2025-12-12 01:51:53,252 - INFO - [The Hindu] Page content loaded.
2025-12-12 01:51:53,344 - INFO - [The Hindu] Success with 'selenium_browser'. Found content (156 words).
2025-12-12 01:51:53,433 - INFO - Saved article: AISEC passes resolution against KPS-Magnet School scheme - The Hindu from The Hindu
2025-12-12 01:51:53,945 - INFO - [The Hindu] Article: https://www.thehindu.com/news/national/karnataka/karnataka-high-court-disposes-plea-on-bank-account-freezing-issue-in-cybercrime-cases-as-mha-is-framing-sop-to-remedy-situation/article70384560.ece
2025-12-12 01:51:53,945 - INFO - [The Hindu] Attempt 1/1: Trying with 'selenium_browser' strategy...
2025-12-12 01:51:54,619 - INFO - [The Hindu] Page content loaded.
2025-12-12 01:51:54,697 - INFO - [The Hindu] Success with 'selenium_browser'. Found content (324 words).
2025-12-12 01:51:54,777 - INFO - Saved article: Karnataka High Court disposes plea on bank account freezing issue in cybercrime cases as MHA is framing SOP to remedy situation - The Hindu from The Hindu
2025-12-12 01:51:55,972 - INFO - [The Hindu] Article: https://www.thehindu.com/news/national/madhya-pradesh/vit-rejects-govt-report-allegations-blames-campus-violence-on-misinformation/article70385913.ece
2025-12-12 01:51:55,972 - INFO - [The Hindu] Attempt 1/1: Trying with 'selenium_browser' strategy...
2025-12-12 01:51:56,821 - INFO - [The Hindu] Page content loaded.
2025-12-12 01:51:56,919 - INFO - [The Hindu] Success with 'selenium_browser'. Found content (643 words).
2025-12-12 01:51:57,005 - INFO - Saved article: VIT rejects govt report allegations, blames campus violence on misinformation - The Hindu from The Hindu
2025-12-12 01:51:57,549 - INFO - [The Hindu] Article: https://www.thehindu.com/news/national/andhra-pradesh/25-lakh-workers-registered-under-spree-in-ap-says-esic-official/article70385028.ece
2025-12-12 01:51:57,549 - INFO - [The Hindu] Attempt 1/1: Trying with 'selenium_browser' strategy...
2025-12-12 01:51:58,456 - INFO - [The Hindu] Page content loaded.
2025-12-12 01:51:58,532 - INFO - [The Hindu] Success with 'selenium_browser'. Found content (193 words).
2025-12-12 01:51:58,627 - INFO - Saved article: 2.5 lakh workers registered under SPREE in A.P., says ESIC official - The Hindu from The Hindu
2025-12-12 01:51:59,610 - INFO - [The Hindu] Article: https://www.thehindu.com/news/national/andhra-pradesh/ap-cabinet-approves-proposals-worth-9500-crore/article70384827.ece
2025-12-12 01:51:59,610 - INFO - [The Hindu] Attempt 1/1: Trying with 'selenium_browser' strategy...
2025-12-12 01:52:00,410 - INFO - [The Hindu] Page content loaded.
2025-12-12 01:52:00,492 - INFO - [The Hindu] Success with 'selenium_browser'. Found content (348 words).
2025-12-12 01:52:00,598 - INFO - Saved article: A.P. Cabinet approves proposals worth ₹9,500 crore; Lok Bhavan and Assembly Darbar Hall projects cleared - The Hindu from The Hindu
2025-12-12 01:52:01,374 - INFO - [The Hindu] (Thread) Finished. Attempting to shut down its Selenium driver.
2025-12-12 01:52:01,641 - INFO - [The Hindu] (Thread) driver.quit() successful.
2025-12-12 01:52:02,194 - ERROR - [Times of India] Request failed for strategy 'selenium_browser' on URL https://timesofindia.indiatimes.com/world/us-streamers/im-in-a-bad-mood-candace-owens-fires-warning-at-erika-kirk-after-new-clip-on-charlie-kirk-conspiracy-fight-goes-viral/articleshow/125923684.cms: Message: timeout: Timed out receiving message from renderer: 59.870
  (Session info: chrome=143.0.7499.40)
Stacktrace:
#0 0x555780ee616a <unknown>
#1 0x555780963c4b <unknown>
#2 0x55578094bcf3 <unknown>
#3 0x55578094b9d6 <unknown>
#4 0x555780949897 <unknown>
#5 0x55578094a1af <unknown>
#6 0x555780958970 <unknown>
#7 0x555780972017 <unknown>
#8 0x5557809786cb <unknown>
#9 0x55578094a8d8 <unknown>
#10 0x555780971dc3 <unknown>
#11 0x555780a00f60 <unknown>
#12 0x5557809a7c42 <unknown>
#13 0x5557809a88f1 <unknown>
#14 0x555780eaef09 <unknown>
#15 0x555780eb1e4d <unknown>
#16 0x555780e97c51 <unknown>
#17 0x555780eb2a2b <unknown>
#18 0x555780e7ea20 <unknown>
#19 0x555780ed3a78 <unknown>
#20 0x555780ed3c49 <unknown>
#21 0x555780ee54c3 <unknown>
#22 0x7fc8f449caa4 <unknown>
#23 0x7fc8f4529c6c <unknown>

2025-12-12 01:52:02,194 - ERROR - [Times of India] All scrape strategies failed for https://timesofindia.indiatimes.com/world/us-streamers/im-in-a-bad-mood-candace-owens-fires-warning-at-erika-kirk-after-new-clip-on-charlie-kirk-conspiracy-fight-goes-viral/articleshow/125923684.cms. Falling back to RSS description.
2025-12-12 01:52:02,198 - INFO - Saved article: “I’m in a bad mood”: Candace Owens fires warning at Erika Kirk after new clip on Charlie Kirk conspiracy fight goes viral from Times of India
2025-12-12 01:52:03,220 - INFO - [Times of India] Article: https://timesofindia.indiatimes.com/world/us-streamers/erika-kirk-debunks-candace-owens-claim-about-charlie-kirks-final-messages-amid-growing-controversy/articleshow/125923549.cms
2025-12-12 01:52:03,220 - INFO - [Times of India] Attempt 1/1: Trying with 'selenium_browser' strategy...
2025-12-12 01:52:04,148 - INFO - [Times of India] Page content loaded.
2025-12-12 01:52:04,283 - INFO - [Times of India] Success with 'selenium_browser'. Found content (439 words).
2025-12-12 01:52:04,363 - INFO - Saved article: Erika Kirk debunks Candace Owens’ claim about Charlie Kirk’s final messages amid growing controversy - The Times of India from Times of India
2025-12-12 01:52:04,942 - INFO - [Times of India] Article: https://timesofindia.indiatimes.com/world/us-streamers/candace-owens-faces-new-questions-as-tim-pool-claims-she-said-she-hated-charlie-kirk-before-he-was-killed/articleshow/125923405.cms
2025-12-12 01:52:04,942 - INFO - [Times of India] Attempt 1/1: Trying with 'selenium_browser' strategy...
2025-12-12 01:52:05,533 - INFO - [Times of India] Page content loaded.
2025-12-12 01:52:05,673 - INFO - [Times of India] Success with 'selenium_browser'. Found content (392 words).
2025-12-12 01:52:05,730 - INFO - Saved article: Candace Owens faces new questions as Tim Pool claims she said she hated Charlie Kirk before he was killed - The Times of India from Times of India
2025-12-12 01:52:07,051 - INFO - [Times of India] Article: https://timesofindia.indiatimes.com/world/us-streamers/meghan-markle-syndrome-candace-owens-challenges-erika-kirks-request-to-hide-charlie-kirks-grave-and-raises-fresh-questions/articleshow/125923328.cms
2025-12-12 01:52:07,051 - INFO - [Times of India] Attempt 1/1: Trying with 'selenium_browser' strategy...
2025-12-12 01:52:07,975 - INFO - [Times of India] Page content loaded.
2025-12-12 01:52:08,080 - INFO - [Times of India] Success with 'selenium_browser'. Found content (387 words).
2025-12-12 01:52:08,136 - INFO - Saved article: “Meghan Markle Syndrome”: Candace Owens challenges Erika Kirk’s request to hide Charlie Kirk’s grave and raises fresh questions - The Times of India from Times of India
2025-12-12 01:52:09,501 - INFO - [Times of India] Article: https://timesofindia.indiatimes.com/business/international-business/largest-tax-refunds-how-much-cash-will-actually-hit-americans-bank-accounts/articleshow/125923537.cms
2025-12-12 01:52:09,501 - INFO - [Times of India] Attempt 1/1: Trying with 'selenium_browser' strategy...
2025-12-12 01:52:10,903 - INFO - [Times of India] Page content loaded.
2025-12-12 01:52:11,048 - INFO - [Times of India] Success with 'selenium_browser'. Found content (353 words).
2025-12-12 01:52:11,104 - INFO - Saved article: 'Largest' tax refunds? How much cash will actually hit Americans’ bank accounts? - The Times of India from Times of India
2025-12-12 01:52:11,665 - INFO - [Times of India] Article: https://timesofindia.indiatimes.com/world/us/pardoned-but-still-in-prison-whats-really-keeping-trump-ally-tina-peters-locked-up/articleshow/125923649.cms
2025-12-12 01:52:11,665 - INFO - [Times of India] Attempt 1/1: Trying with 'selenium_browser' strategy...
2025-12-12 01:52:12,318 - INFO - [Times of India] Page content loaded.
2025-12-12 01:52:12,452 - INFO - [Times of India] Success with 'selenium_browser'. Found content (438 words).
2025-12-12 01:52:12,602 - INFO - Saved article: Pardoned but still in prison? What’s really keeping Trump's ally Tina Peters locked up - The Times of India from Times of India
2025-12-12 01:52:13,148 - INFO - [Times of India] Article: https://timesofindia.indiatimes.com/world/south-asia/bangladesh-to-hold-polls-on-feb-12-hasinas-party-stays-suspended/articleshow/125923609.cms
2025-12-12 01:52:13,148 - INFO - [Times of India] Attempt 1/1: Trying with 'selenium_browser' strategy...
2025-12-12 01:52:24,362 - WARNING - [Times of India] Page timed out (10s). No <p> tags found. Proceeding anyway.
2025-12-12 01:52:24,549 - INFO - [Times of India] Success with 'selenium_browser'. Found content (84 words).
2025-12-12 01:52:24,642 - INFO - Saved article: Bangladesh to hold polls on Feb 12, Hasina's party stays suspended - The Times of India from Times of India
2025-12-12 01:52:25,311 - INFO - [Times of India] Article: https://timesofindia.indiatimes.com/world/uk/items-from-raj-among-over-600-artefacts-stolen-from-bristol-museum/articleshow/125923532.cms
2025-12-12 01:52:25,311 - INFO - [Times of India] Attempt 1/1: Trying with 'selenium_browser' strategy...
2025-12-12 01:52:36,577 - WARNING - [Times of India] Page timed out (10s). No <p> tags found. Proceeding anyway.
2025-12-12 01:52:36,811 - INFO - [Times of India] Success with 'selenium_browser'. Found content (225 words).
2025-12-12 01:52:36,977 - INFO - Saved article: Items from Raj among over 600 artefacts stolen from Bristol Museum - The Times of India from Times of India
2025-12-12 01:52:37,801 - INFO - [Times of India] Article: https://timesofindia.indiatimes.com/world/us/nicolas-maduros-nephews-oil-tankers-us-imposes-new-sanctions-on-venezuela-details/articleshow/125923453.cms
2025-12-12 01:52:37,801 - INFO - [Times of India] Attempt 1/1: Trying with 'selenium_browser' strategy...
2025-12-12 01:52:38,960 - INFO - [Times of India] Page content loaded.
2025-12-12 01:52:39,079 - INFO - [Times of India] Success with 'selenium_browser'. Found content (465 words).
2025-12-12 01:52:39,141 - INFO - Saved article: 'Nicolas Maduro’s nephews, oil tankers': US imposes new sanctions on Venezuela — details - The Times of India from Times of India
2025-12-12 01:52:40,468 - INFO - [Times of India] Article: https://timesofindia.indiatimes.com/world/us/charlie-kirks-accused-killer-tyler-robinson-seen-smiling-in-viral-video-during-first-court-appearance-watch/articleshow/125920965.cms
2025-12-12 01:52:40,468 - INFO - [Times of India] Attempt 1/1: Trying with 'selenium_browser' strategy...
2025-12-12 01:52:41,414 - INFO - [Times of India] Page content loaded.
2025-12-12 01:52:41,527 - INFO - [Times of India] Success with 'selenium_browser'. Found content (80 words).
2025-12-12 01:52:41,593 - INFO - Saved article: Charlie Kirk’s accused killer Tyler Robinson seen ‘smiling’ in viral video during first court appearance – Watch - The Times of India from Times of India
2025-12-12 01:52:42,695 - INFO - [Times of India] Article: https://timesofindia.indiatimes.com/world/us/deportation-airlines-dhs-signs-140-million-deal-to-buy-6-boeing-737-jets/articleshow/125920959.cms
2025-12-12 01:52:42,695 - INFO - [Times of India] Attempt 1/1: Trying with 'selenium_browser' strategy...
2025-12-12 01:52:43,807 - INFO - [Times of India] Page content loaded.
2025-12-12 01:52:43,924 - INFO - [Times of India] Success with 'selenium_browser'. Found content (405 words).
2025-12-12 01:52:43,989 - INFO - Saved article: Deportation airlines: DHS signs $140 million deal to buy 6 Boeing 737 jets | World News - The Times of India from Times of India
2025-12-12 01:52:45,251 - INFO - [Times of India] Article: https://timesofindia.indiatimes.com/world/south-asia/airstrike-on-hosp-kills-34-injures-80-in-myanmar-report/articleshow/125923494.cms
2025-12-12 01:52:45,253 - INFO - [Times of India] Attempt 1/1: Trying with 'selenium_browser' strategy...
2025-12-12 01:54:53,410 - ERROR - [Times of India] Request failed for strategy 'selenium_browser' on URL https://timesofindia.indiatimes.com/world/south-asia/airstrike-on-hosp-kills-34-injures-80-in-myanmar-report/articleshow/125923494.cms: HTTPConnectionPool(host='localhost', port=42191): Read timed out. (read timeout=120)
2025-12-12 01:54:53,410 - ERROR - [Times of India] All scrape strategies failed for https://timesofindia.indiatimes.com/world/south-asia/airstrike-on-hosp-kills-34-injures-80-in-myanmar-report/articleshow/125923494.cms. Falling back to RSS description.
2025-12-12 01:54:53,411 - INFO - Saved article: Airstrike on hosp kills 34, injures 80 in Myanmar: Report from Times of India
2025-12-12 01:54:54,075 - INFO - [Times of India] Article: https://timesofindia.indiatimes.com/world/us-streamers/australian-teens-cant-stream-on-twitch-anymore-due-to-new-regulations/articleshow/125920899.cms
2025-12-12 01:54:54,075 - INFO - [Times of India] Attempt 1/1: Trying with 'selenium_browser' strategy...
2025-12-12 01:56:54,123 - ERROR - [Times of India] Request failed for strategy 'selenium_browser' on URL https://timesofindia.indiatimes.com/world/us-streamers/australian-teens-cant-stream-on-twitch-anymore-due-to-new-regulations/articleshow/125920899.cms: HTTPConnectionPool(host='localhost', port=42191): Read timed out. (read timeout=120)
2025-12-12 01:56:54,123 - ERROR - [Times of India] All scrape strategies failed for https://timesofindia.indiatimes.com/world/us-streamers/australian-teens-cant-stream-on-twitch-anymore-due-to-new-regulations/articleshow/125920899.cms. Falling back to RSS description.
2025-12-12 01:56:54,124 - INFO - Saved article: Australian teens can’t stream on Twitch anymore due to new regulations from Times of India
2025-12-12 01:56:55,195 - INFO - [Times of India] Article: https://timesofindia.indiatimes.com/world/us/karoline-leavitt-reveals-why-there-are-bandages-on-trumps-hand-the-president-is-literally-/articleshow/125920902.cms
2025-12-12 01:56:55,195 - INFO - [Times of India] Attempt 1/1: Trying with 'selenium_browser' strategy...
2025-12-12 01:57:55,021 - CRITICAL - --- TIMEOUT: 1 scrape jobs did not complete in 420s. ---
2025-12-12 01:57:55,021 - ERROR - A thread has timed out and will be abandoned.
2025-12-12 01:57:55,021 - INFO - Shutting down thread pool (wait=False)...
2025-12-12 01:57:55,021 - INFO - Scraped: 18 BBC, 25 The Hindu, 16 The Guardian, 1 Timed_Out_Jobs articles. (Total saved: 59)
2025-12-12 01:57:55,021 - INFO - --- Scraping job finished ---
2025-12-12 01:57:55,021 - INFO - --- Scraper service stopped and database connection closed. ---
2025-12-12 01:57:55,021 - INFO - --- Main thread finished. Forcing process exit to kill zombie threads. ---
