2025-11-27 01:45:05,902 - INFO - Initializing database connection at: news_articles.db
2025-11-27 01:45:05,903 - INFO - --- Scraper service started (CI Mode: Run Once) ---
2025-11-27 01:45:05,903 - INFO - --- Starting new scraping job (Parallel Mode) ---
2025-11-27 01:45:05,903 - INFO - Creating new robust session with 3 retries on 5xx/connection/read errors.
2025-11-27 01:45:05,903 - INFO - Proxy is DISABLED.
2025-11-27 01:45:05,903 - INFO - Starting scrape for BBC RSS feed: http://feeds.bbci.co.uk/news/world/rss.xml
2025-11-27 01:45:05,904 - INFO - [Times of India] (Thread) requires Selenium. Initializing driver...
2025-11-27 01:45:05,904 - INFO - Initializing headless Selenium Chrome driver (using SeleniumManager)...
2025-11-27 01:45:05,905 - INFO - Starting scrape for The Guardian RSS feed: https://www.theguardian.com/world/rss
2025-11-27 01:45:05,908 - INFO - [The Hindu] (Thread) requires Selenium. Initializing driver...
2025-11-27 01:45:05,908 - INFO - Initializing headless Selenium Chrome driver (using SeleniumManager)...
2025-11-27 01:45:05,908 - INFO - Submitted 4 jobs to thread pool. Waiting up to 300s for completion...
2025-11-27 01:45:06,018 - INFO - Found 45 articles in The Guardian RSS feed. Processing up to 10.
2025-11-27 01:45:06,019 - INFO - [The Guardian] Article: https://www.theguardian.com/world/2025/nov/26/guinea-bissau-officers-take-total-control-close-borders-amid-election-chaos
2025-11-27 01:45:06,019 - INFO - [The Guardian] Attempt 1/1: Trying with 'requests_browser' strategy...
2025-11-27 01:45:06,049 - INFO - [The Guardian] Success with 'requests_browser'. Found content (412 words).
2025-11-27 01:45:06,096 - INFO - Saved article: Guinea-Bissau military takes ‘total control’ amid election chaos | Guinea-Bissau | The Guardian from The Guardian
2025-11-27 01:45:06,102 - INFO - Found 39 articles in BBC RSS feed. Processing up to 10.
2025-11-27 01:45:06,102 - INFO - [BBC] Article: https://www.bbc.com/news/articles/cvg165d7ppvo?at_medium=RSS&at_campaign=rss
2025-11-27 01:45:06,102 - INFO - [BBC] Attempt 1/1: Trying with 'requests_browser' strategy...
2025-11-27 01:45:06,254 - INFO - [BBC] Success with 'requests_browser'. Found content (681 words).
2025-11-27 01:45:06,308 - INFO - Duplicate article skipped: Hong Kong: At least 44 dead and hundreds missing after fire engulfs tower blocks from BBC
2025-11-27 01:45:07,255 - INFO - [BBC] Article: https://www.bbc.com/news/articles/cdxe9r7wjgro?at_medium=RSS&at_campaign=rss
2025-11-27 01:45:07,255 - INFO - [BBC] Attempt 1/1: Trying with 'requests_browser' strategy...
2025-11-27 01:45:07,291 - INFO - [BBC] Success with 'requests_browser'. Found content (1052 words).
2025-11-27 01:45:07,328 - INFO - Saved article: What we know about the Hong Kong apartment fires from BBC
2025-11-27 01:45:07,524 - INFO - [The Guardian] Article: https://www.theguardian.com/world/2025/nov/25/nigerian-schoolgirls-rescued-after-mass-abduction-in-kebbi
2025-11-27 01:45:07,524 - INFO - [The Guardian] Attempt 1/1: Trying with 'requests_browser' strategy...
2025-11-27 01:45:07,550 - INFO - [The Guardian] Success with 'requests_browser'. Found content (515 words).
2025-11-27 01:45:07,606 - INFO - Duplicate article skipped: Nigerian schoolgirls rescued after mass abduction in Kebbi | Nigeria | The Guardian from The Guardian
2025-11-27 01:45:08,154 - INFO - [The Guardian] Article: https://www.theguardian.com/world/2025/nov/25/jacob-zuma-daughter-accused-tricking-men-fighting-for-russia-in-ukraine
2025-11-27 01:45:08,154 - INFO - [The Guardian] Attempt 1/1: Trying with 'requests_browser' strategy...
2025-11-27 01:45:08,183 - INFO - [BBC] Article: https://www.bbc.com/news/articles/cvgjnlx1g6yo?at_medium=RSS&at_campaign=rss
2025-11-27 01:45:08,183 - INFO - [BBC] Attempt 1/1: Trying with 'requests_browser' strategy...
2025-11-27 01:45:08,321 - INFO - [The Guardian] Success with 'requests_browser'. Found content (656 words).
2025-11-27 01:45:08,373 - INFO - Duplicate article skipped: Jacob Zuma’s daughter accused of tricking men into fighting for Russia in Ukraine | South Africa | The Guardian from The Guardian
2025-11-27 01:45:08,393 - INFO - [BBC] Success with 'requests_browser'. Found content (729 words).
2025-11-27 01:45:08,436 - INFO - Saved article: Hong Kong residents react as deadly fire tears through housing estate from BBC
2025-11-27 01:45:08,969 - INFO - [The Guardian] Article: https://www.theguardian.com/uk-news/2025/nov/24/uk-rejects-nigerian-request-to-deport-former-politican-ike-ekweremadu-jailed-for-organ-trafficking
2025-11-27 01:45:08,969 - INFO - [The Guardian] Attempt 1/1: Trying with 'requests_browser' strategy...
2025-11-27 01:45:08,990 - INFO - [The Guardian] Success with 'requests_browser'. Found content (545 words).
2025-11-27 01:45:09,029 - INFO - Duplicate article skipped: UK rejects Nigerian request to deport former politican jailed for organ trafficking | UK news | The Guardian from The Guardian
2025-11-27 01:45:09,505 - INFO - [BBC] Article: https://www.bbc.com/news/articles/c3r7xr94ln8o?at_medium=RSS&at_campaign=rss
2025-11-27 01:45:09,505 - INFO - [BBC] Attempt 1/1: Trying with 'requests_browser' strategy...
2025-11-27 01:45:09,535 - INFO - [BBC] Success with 'requests_browser'. Found content (719 words).
2025-11-27 01:45:09,576 - INFO - Duplicate article skipped: Trump defends Witkoff after leak appears to show envoy coaching Russias from BBC
2025-11-27 01:45:10,174 - INFO - [BBC] Article: https://www.bbc.com/news/articles/cly0jjv2lg1o?at_medium=RSS&at_campaign=rss
2025-11-27 01:45:10,175 - INFO - [BBC] Attempt 1/1: Trying with 'requests_browser' strategy...
2025-11-27 01:45:10,278 - INFO - [The Guardian] Article: https://www.theguardian.com/world/2025/nov/24/ethiopian-volcano-hayli-gubbi-erupts-first-time-12000-years
2025-11-27 01:45:10,278 - INFO - [The Guardian] Attempt 1/1: Trying with 'requests_browser' strategy...
2025-11-27 01:45:10,301 - INFO - [The Guardian] Success with 'requests_browser'. Found content (306 words).
2025-11-27 01:45:10,337 - INFO - Duplicate article skipped: Ethiopian volcano erupts for first time in 12,000 years | Ethiopia | The Guardian from The Guardian
2025-11-27 01:45:10,937 - INFO - [BBC] Success with 'requests_browser'. Found content (1341 words).
2025-11-27 01:45:10,980 - INFO - Saved article: Russia Ukraine war: Where peace stands after frantic diplomacy from BBC
2025-11-27 01:45:11,536 - INFO - [BBC] Article: https://www.bbc.com/news/articles/czxpd8pv4gyo?at_medium=RSS&at_campaign=rss
2025-11-27 01:45:11,536 - INFO - [BBC] Attempt 1/1: Trying with 'requests_browser' strategy...
2025-11-27 01:45:11,564 - INFO - [The Guardian] Article: https://www.theguardian.com/us-news/2025/nov/26/trump-temporary-protected-status-haiti
2025-11-27 01:45:11,564 - INFO - [The Guardian] Attempt 1/1: Trying with 'requests_browser' strategy...
2025-11-27 01:45:11,570 - INFO - [BBC] Success with 'requests_browser'. Found content (894 words).
2025-11-27 01:45:11,617 - INFO - Saved article: Georgia judge drops 2020 election interference case against Trump from BBC
2025-11-27 01:45:11,626 - INFO - [The Guardian] Success with 'requests_browser'. Found content (409 words).
2025-11-27 01:45:11,667 - INFO - Saved article: Trump officials halt protected status for Haitians in US | US immigration | The Guardian from The Guardian
2025-11-27 01:45:12,190 - INFO - [BBC] Article: https://www.bbc.com/news/articles/c0edww3qgq2o?at_medium=RSS&at_campaign=rss
2025-11-27 01:45:12,190 - INFO - [BBC] Attempt 1/1: Trying with 'requests_browser' strategy...
2025-11-27 01:45:12,237 - INFO - [BBC] Success with 'requests_browser'. Found content (560 words).
2025-11-27 01:45:12,280 - INFO - [The Guardian] Article: https://www.theguardian.com/us-news/2025/nov/26/kristi-noem-deportation-flights-el-salvador
2025-11-27 01:45:12,280 - INFO - [The Guardian] Attempt 1/1: Trying with 'requests_browser' strategy...
2025-11-27 01:45:12,284 - INFO - Saved article: Guinea-Bissau coup: Soldiers seize power and detain President Umaro Sissoco Embaló from BBC
2025-11-27 01:45:12,302 - INFO - [The Guardian] Success with 'requests_browser'. Found content (433 words).
2025-11-27 01:45:12,345 - INFO - Saved article: Noem made decision to continue deportation flights to El Salvador, justice department says | Trump administration | The Guardian from The Guardian
2025-11-27 01:45:12,842 - INFO - [BBC] Article: https://www.bbc.com/news/articles/c74x55epn34o?at_medium=RSS&at_campaign=rss
2025-11-27 01:45:12,842 - INFO - [BBC] Attempt 1/1: Trying with 'requests_browser' strategy...
2025-11-27 01:45:13,003 - INFO - [BBC] Success with 'requests_browser'. Found content (303 words).
2025-11-27 01:45:13,039 - INFO - Saved article: Nicolas Sarkozy illegal campaign financing conviction upheld from BBC
2025-11-27 01:45:13,476 - INFO - [The Guardian] Article: https://www.theguardian.com/world/2025/nov/26/maduro-defends-venezuela-against-trump-military
2025-11-27 01:45:13,476 - INFO - [The Guardian] Attempt 1/1: Trying with 'requests_browser' strategy...
2025-11-27 01:45:13,499 - INFO - [The Guardian] Success with 'requests_browser'. Found content (567 words).
2025-11-27 01:45:13,541 - INFO - Saved article: Trump threatens Venezuela’s Maduro with ‘the easy way … or the hard way’ | Nicolás Maduro | The Guardian from The Guardian
2025-11-27 01:45:14,072 - INFO - [The Guardian] Article: https://www.theguardian.com/us-news/2025/nov/25/trump-caribbean-boat-strikes-memo
2025-11-27 01:45:14,072 - INFO - [The Guardian] Attempt 1/1: Trying with 'requests_browser' strategy...
2025-11-27 01:45:14,103 - INFO - [The Guardian] Success with 'requests_browser'. Found content (952 words).
2025-11-27 01:45:14,103 - INFO - [BBC] Article: https://www.bbc.com/news/articles/c9d9l7w1g8yo?at_medium=RSS&at_campaign=rss
2025-11-27 01:45:14,116 - INFO - [BBC] Attempt 1/1: Trying with 'requests_browser' strategy...
2025-11-27 01:45:14,179 - INFO - Saved article: US justice department memo about boat strikes diverges from Trump narrative | Trump administration | The Guardian from The Guardian
2025-11-27 01:45:14,225 - INFO - [BBC] Success with 'requests_browser'. Found content (420 words).
2025-11-27 01:45:14,334 - INFO - Duplicate article skipped: Australia social media ban: Teens challenge law before High Court from BBC
2025-11-27 01:45:14,857 - INFO - [The Guardian] Article: https://www.theguardian.com/world/2025/nov/25/jair-bolsonaro-brazil-prison
2025-11-27 01:45:14,858 - INFO - [The Guardian] Attempt 1/1: Trying with 'requests_browser' strategy...
2025-11-27 01:45:14,882 - INFO - [The Guardian] Success with 'requests_browser'. Found content (880 words).
2025-11-27 01:45:14,936 - INFO - Duplicate article skipped: Jair Bolsonaro ordered to start 27-year prison term for plotting Brazil coup | Jair Bolsonaro | The Guardian from The Guardian
2025-11-27 01:45:14,936 - INFO - Selenium driver initialized successfully.
2025-11-27 01:45:14,936 - INFO - Starting scrape for The Hindu RSS feed: https://www.thehindu.com/news/national/feeder/default.rss
2025-11-27 01:45:14,937 - INFO - Selenium driver initialized successfully.
2025-11-27 01:45:14,937 - INFO - Starting scrape for Times of India RSS feed: https://timesofindia.indiatimes.com/rssfeeds/296589292.cms
2025-11-27 01:45:15,172 - INFO - Found 20 articles in Times of India RSS feed. Processing up to 10.
2025-11-27 01:45:15,172 - INFO - [Times of India] Article: https://timesofindia.indiatimes.com/world/us/white-house-shooting-who-is-rahmanullah-lakanwal-afghan-national-named-suspect-in-security-breach/articleshow/125602192.cms
2025-11-27 01:45:15,172 - INFO - [Times of India] Attempt 1/1: Trying with 'selenium_browser' strategy...
2025-11-27 01:45:15,216 - INFO - [BBC] Article: https://www.bbc.com/news/articles/cr4drle9k12o?at_medium=RSS&at_campaign=rss
2025-11-27 01:45:15,217 - INFO - [BBC] Attempt 1/1: Trying with 'requests_browser' strategy...
2025-11-27 01:45:15,244 - INFO - [BBC] Success with 'requests_browser'. Found content (493 words).
2025-11-27 01:45:15,280 - INFO - Saved article: Chicago man accused of setting train passenger on fire had 72 prior arrests from BBC
2025-11-27 01:45:15,766 - INFO - Found 100 articles in The Hindu RSS feed. Processing up to 10.
2025-11-27 01:45:15,766 - INFO - [The Hindu] Article: https://www.thehindu.com/news/national/uttar-pradesh/up-blos-death-family-alleges-extreme-work-pressure/article70326762.ece
2025-11-27 01:45:15,766 - INFO - [The Hindu] Attempt 1/1: Trying with 'selenium_browser' strategy...
2025-11-27 01:45:26,173 - INFO - [The Hindu] Page content loaded.
2025-11-27 01:45:26,524 - INFO - [The Hindu] Success with 'selenium_browser'. Found content (370 words).
2025-11-27 01:45:26,989 - INFO - Saved article: U.P. BLO’s death: Family alleges extreme work pressure - The Hindu from The Hindu
2025-11-27 01:45:27,842 - INFO - [The Hindu] Article: https://www.thehindu.com/news/national/maharashtra/maharashtra-cm-promises-10-lakh-employment-opportunities-for-locals-at-vadhavan-port/article70327001.ece
2025-11-27 01:45:27,842 - INFO - [The Hindu] Attempt 1/1: Trying with 'selenium_browser' strategy...
2025-11-27 01:47:15,260 - ERROR - [Times of India] Request failed for strategy 'selenium_browser' on URL https://timesofindia.indiatimes.com/world/us/white-house-shooting-who-is-rahmanullah-lakanwal-afghan-national-named-suspect-in-security-breach/articleshow/125602192.cms: HTTPConnectionPool(host='localhost', port=36893): Read timed out. (read timeout=120)
2025-11-27 01:47:15,261 - ERROR - [Times of India] All scrape strategies failed for https://timesofindia.indiatimes.com/world/us/white-house-shooting-who-is-rahmanullah-lakanwal-afghan-national-named-suspect-in-security-breach/articleshow/125602192.cms. Falling back to RSS description.
2025-11-27 01:47:15,263 - INFO - Saved article: White House shooting: Who is Rahmanullah Lakanwal? Afghan national named suspect in security breach from Times of India
2025-11-27 01:47:16,390 - INFO - [Times of India] Article: https://timesofindia.indiatimes.com/world/us/its-over-last-criminal-case-against-donald-trump-dismissed-name-cleared-in-2020-us-elections-interference-case/articleshow/125602088.cms
2025-11-27 01:47:16,391 - INFO - [Times of India] Attempt 1/1: Trying with 'selenium_browser' strategy...
2025-11-27 01:47:27,943 - ERROR - [The Hindu] Request failed for strategy 'selenium_browser' on URL https://www.thehindu.com/news/national/maharashtra/maharashtra-cm-promises-10-lakh-employment-opportunities-for-locals-at-vadhavan-port/article70327001.ece: HTTPConnectionPool(host='localhost', port=58765): Read timed out. (read timeout=120)
2025-11-27 01:47:27,943 - ERROR - [The Hindu] All scrape strategies failed for https://www.thehindu.com/news/national/maharashtra/maharashtra-cm-promises-10-lakh-employment-opportunities-for-locals-at-vadhavan-port/article70327001.ece. Falling back to RSS description.
2025-11-27 01:47:27,945 - INFO - Saved article: Maharashtra CM promises 10 lakh employment opportunities for locals at Vadhavan Port from The Hindu
2025-11-27 01:47:28,543 - INFO - [The Hindu] Article: https://www.thehindu.com/news/national/tamil-nadu/tn-braces-for-intense-rainfall-bay-weather-system-may-deepen-cyclone-senyar-unlikely-to-impact-state/article70326227.ece
2025-11-27 01:47:28,543 - INFO - [The Hindu] Attempt 1/1: Trying with 'selenium_browser' strategy...
2025-11-27 01:49:16,486 - ERROR - [Times of India] Request failed for strategy 'selenium_browser' on URL https://timesofindia.indiatimes.com/world/us/its-over-last-criminal-case-against-donald-trump-dismissed-name-cleared-in-2020-us-elections-interference-case/articleshow/125602088.cms: HTTPConnectionPool(host='localhost', port=36893): Read timed out. (read timeout=120)
2025-11-27 01:49:16,487 - ERROR - [Times of India] All scrape strategies failed for https://timesofindia.indiatimes.com/world/us/its-over-last-criminal-case-against-donald-trump-dismissed-name-cleared-in-2020-us-elections-interference-case/articleshow/125602088.cms. Falling back to RSS description.
2025-11-27 01:49:16,489 - INFO - Saved article: Last criminal case against Trump dismissed; name cleared in 2020 US elections interference case from Times of India
2025-11-27 01:49:17,478 - INFO - [Times of India] Article: https://timesofindia.indiatimes.com/world/uk/uk-pm-keir-starmer-does-the-6-7-meme-gets-schooled-by-teacher/articleshow/125599951.cms
2025-11-27 01:49:17,478 - INFO - [Times of India] Attempt 1/1: Trying with 'selenium_browser' strategy...
2025-11-27 01:49:28,643 - ERROR - [The Hindu] Request failed for strategy 'selenium_browser' on URL https://www.thehindu.com/news/national/tamil-nadu/tn-braces-for-intense-rainfall-bay-weather-system-may-deepen-cyclone-senyar-unlikely-to-impact-state/article70326227.ece: HTTPConnectionPool(host='localhost', port=58765): Read timed out. (read timeout=120)
2025-11-27 01:49:28,643 - ERROR - [The Hindu] All scrape strategies failed for https://www.thehindu.com/news/national/tamil-nadu/tn-braces-for-intense-rainfall-bay-weather-system-may-deepen-cyclone-senyar-unlikely-to-impact-state/article70326227.ece. Falling back to RSS description.
2025-11-27 01:49:28,645 - INFO - Saved article: T.N. braces for intense rainfall; Bay weather system may deepen from The Hindu
2025-11-27 01:49:29,632 - INFO - [The Hindu] Article: https://www.thehindu.com/news/national/tamil-nadu/building-capacity-for-data-storage-top-priority-of-meity-secretary/article70327070.ece
2025-11-27 01:49:29,632 - INFO - [The Hindu] Attempt 1/1: Trying with 'selenium_browser' strategy...
2025-11-27 01:50:05,908 - CRITICAL - --- TIMEOUT: 2 scrape jobs did not complete in 300s. ---
2025-11-27 01:50:05,908 - ERROR - A thread has timed out and will be abandoned.
2025-11-27 01:50:05,908 - ERROR - A thread has timed out and will be abandoned.
2025-11-27 01:50:05,908 - INFO - Shutting down thread pool (wait=False)...
2025-11-27 01:50:05,908 - INFO - Scraped: 7 BBC, 5 The Guardian, 2 Timed_Out_Jobs articles. (Total saved: 12)
2025-11-27 01:50:05,909 - INFO - --- Scraping job finished ---
2025-11-27 01:50:05,909 - INFO - --- Scraper service stopped and database connection closed. ---
2025-11-27 01:50:05,909 - INFO - --- Main thread finished. Forcing process exit to kill zombie threads. ---
