2026-01-13 12:53:16,138 - INFO - Initializing database connection at: news_articles.db
2026-01-13 12:53:16,138 - INFO - --- Scraper service started (CI Mode: Run Once) ---
2026-01-13 12:53:16,139 - INFO - --- Starting new scraping job (Parallel Mode) ---
2026-01-13 12:53:16,139 - INFO - Creating new robust session with 3 retries on 5xx/connection/read errors.
2026-01-13 12:53:16,139 - INFO - Proxy is DISABLED.
2026-01-13 12:53:16,139 - INFO - Starting scrape for BBC RSS feed: http://feeds.bbci.co.uk/news/world/rss.xml
2026-01-13 12:53:16,139 - INFO - [Times of India] (Thread) requires Selenium. Initializing driver...
2026-01-13 12:53:16,139 - INFO - Initializing headless Selenium Chrome driver (using SeleniumManager)...
2026-01-13 12:53:16,140 - INFO - Starting scrape for The Guardian RSS feed: https://www.theguardian.com/world/rss
2026-01-13 12:53:16,140 - INFO - [The Hindu] (Thread) requires Selenium. Initializing driver...
2026-01-13 12:53:16,140 - INFO - Initializing headless Selenium Chrome driver (using SeleniumManager)...
2026-01-13 12:53:16,141 - INFO - Submitted 4 jobs to thread pool. Waiting up to 420s for completion...
2026-01-13 12:53:16,237 - INFO - Found 45 articles in The Guardian RSS feed. Processing up to 25.
2026-01-13 12:53:16,237 - INFO - [The Guardian] Article: https://www.theguardian.com/books/2026/jan/12/chimamanda-ngozi-adichie-accuses-lagos-hospital-negligence-son-death
2026-01-13 12:53:16,237 - INFO - [The Guardian] Attempt 1/1: Trying with 'requests_browser' strategy...
2026-01-13 12:53:16,265 - INFO - [The Guardian] Success with 'requests_browser'. Found content (537 words).
2026-01-13 12:53:16,311 - INFO - Duplicate article skipped: Author Chimamanda Ngozi Adichie accuses Lagos hospital of negligence after son’s death | Chimamanda Ngozi Adichie | The Guardian from The Guardian
2026-01-13 12:53:16,315 - INFO - Found 38 articles in BBC RSS feed. Processing up to 25.
2026-01-13 12:53:16,315 - INFO - [BBC] Article: https://www.bbc.com/news/articles/clyev0kpk77o?at_medium=RSS&at_campaign=rss
2026-01-13 12:53:16,316 - INFO - [BBC] Attempt 1/1: Trying with 'requests_browser' strategy...
2026-01-13 12:53:16,468 - INFO - [BBC] Success with 'requests_browser'. Found content (800 words).
2026-01-13 12:53:16,508 - INFO - Saved article: Trump briefed on military and covert options for Iran, sources say from BBC
2026-01-13 12:53:17,064 - INFO - [BBC] Article: https://www.bbc.com/news/articles/cvgp70ynx1po?at_medium=RSS&at_campaign=rss
2026-01-13 12:53:17,064 - INFO - [BBC] Attempt 1/1: Trying with 'requests_browser' strategy...
2026-01-13 12:53:17,107 - INFO - [BBC] Success with 'requests_browser'. Found content (1148 words).
2026-01-13 12:53:17,143 - INFO - Duplicate article skipped: Iran protests: Eyewitnesses describe deadly crackdown across country from BBC
2026-01-13 12:53:17,728 - INFO - [The Guardian] Article: https://www.theguardian.com/global-development/2026/jan/09/the-gambia-female-genital-mutilation-fgm-supreme-court-case-overturn-ban
2026-01-13 12:53:17,728 - INFO - [The Guardian] Attempt 1/1: Trying with 'requests_browser' strategy...
2026-01-13 12:53:17,933 - INFO - [The Guardian] Success with 'requests_browser'. Found content (850 words).
2026-01-13 12:53:17,971 - INFO - Duplicate article skipped: Attempt to overturn the Gambia’s ban on FGM heard by supreme court | Global development | The Guardian from The Guardian
2026-01-13 12:53:18,183 - INFO - [BBC] Article: https://www.bbc.com/news/articles/c041dp0z95yo?at_medium=RSS&at_campaign=rss
2026-01-13 12:53:18,183 - INFO - [BBC] Attempt 1/1: Trying with 'requests_browser' strategy...
2026-01-13 12:53:18,210 - INFO - [BBC] Success with 'requests_browser'. Found content (605 words).
2026-01-13 12:53:18,247 - INFO - Saved article: Jerome Powell: World central bank chiefs declare support for US Fed chair from BBC
2026-01-13 12:53:18,722 - INFO - [The Guardian] Article: https://www.theguardian.com/world/2026/jan/08/questions-targeting-impact-us-airstrikes-in-nigeria
2026-01-13 12:53:18,722 - INFO - [The Guardian] Attempt 1/1: Trying with 'requests_browser' strategy...
2026-01-13 12:53:18,745 - INFO - [The Guardian] Success with 'requests_browser'. Found content (795 words).
2026-01-13 12:53:18,782 - INFO - Duplicate article skipped: Two weeks on, questions linger over targeting and impact of US airstrikes in Nigeria | Nigeria | The Guardian from The Guardian
2026-01-13 12:53:19,430 - INFO - [BBC] Article: https://www.bbc.com/news/articles/c62vnvx2x2po?at_medium=RSS&at_campaign=rss
2026-01-13 12:53:19,430 - INFO - [BBC] Attempt 1/1: Trying with 'requests_browser' strategy...
2026-01-13 12:53:19,464 - INFO - [BBC] Success with 'requests_browser'. Found content (713 words).
2026-01-13 12:53:19,503 - INFO - Saved article: Marine Le Pen 'hopeful' appeal will allow her to run for French president from BBC
2026-01-13 12:53:19,691 - INFO - [The Guardian] Article: https://www.theguardian.com/world/2026/jan/02/anthony-joshuas-driver-charged-with-dangerous-driving-after-fatal-crash-in-nigeria
2026-01-13 12:53:19,691 - INFO - [The Guardian] Attempt 1/1: Trying with 'requests_browser' strategy...
2026-01-13 12:53:19,864 - INFO - [The Guardian] Success with 'requests_browser'. Found content (346 words).
2026-01-13 12:53:19,898 - INFO - Duplicate article skipped: Anthony Joshua’s driver charged with dangerous driving after fatal crash in Nigeria | Anthony Joshua | The Guardian from The Guardian
2026-01-13 12:53:20,245 - INFO - [BBC] Article: https://www.bbc.com/news/articles/ce9yv4gmn9lo?at_medium=RSS&at_campaign=rss
2026-01-13 12:53:20,245 - INFO - [BBC] Attempt 1/1: Trying with 'requests_browser' strategy...
2026-01-13 12:53:20,281 - INFO - [BBC] Success with 'requests_browser'. Found content (1993 words).
2026-01-13 12:53:20,324 - INFO - Saved article: How one woman lures foreign recruits to Russia’s front line in Ukraine from BBC
2026-01-13 12:53:21,226 - INFO - [The Guardian] Article: https://www.theguardian.com/science/2026/jan/01/cremation-pyre-in-africa-thought-to-be-worlds-oldest-containing-adult-remains
2026-01-13 12:53:21,226 - INFO - [The Guardian] Attempt 1/1: Trying with 'requests_browser' strategy...
2026-01-13 12:53:21,259 - INFO - [The Guardian] Success with 'requests_browser'. Found content (653 words).
2026-01-13 12:53:21,320 - INFO - Duplicate article skipped: Cremation pyre in Africa thought to be world’s oldest containing adult remains | Anthropology | The Guardian from The Guardian
2026-01-13 12:53:21,617 - INFO - [BBC] Article: https://www.bbc.com/news/articles/cj9r3832j47o?at_medium=RSS&at_campaign=rss
2026-01-13 12:53:21,617 - INFO - [BBC] Attempt 1/1: Trying with 'requests_browser' strategy...
2026-01-13 12:53:21,644 - INFO - [BBC] Success with 'requests_browser'. Found content (712 words).
2026-01-13 12:53:21,680 - INFO - Saved article: Cold and data centres drive up US greenhouse gas emissions from BBC
2026-01-13 12:53:22,214 - INFO - [The Guardian] Article: https://www.theguardian.com/environment/2026/jan/12/us-plan-to-exploit-venezuelas-oil-could-eat-up-13-of-carbon-budget-to-keep-15c-limit
2026-01-13 12:53:22,214 - INFO - [The Guardian] Attempt 1/1: Trying with 'requests_browser' strategy...
2026-01-13 12:53:22,241 - INFO - [The Guardian] Success with 'requests_browser'. Found content (579 words).
2026-01-13 12:53:22,290 - INFO - Duplicate article skipped: US plan to exploit Venezuela’s oil could eat up 13% of carbon budget to keep 1.5C limit | Climate crisis | The Guardian from The Guardian
2026-01-13 12:53:22,755 - INFO - [BBC] Article: https://www.bbc.com/news/articles/c79re5415n2o?at_medium=RSS&at_campaign=rss
2026-01-13 12:53:22,755 - INFO - [BBC] Attempt 1/1: Trying with 'requests_browser' strategy...
2026-01-13 12:53:22,786 - INFO - [BBC] Success with 'requests_browser'. Found content (748 words).
2026-01-13 12:53:22,823 - INFO - Duplicate article skipped: Rosita Salvador: 'Miracle baby' born in a tree above Mozambique floodwaters dies aged 25 from BBC
2026-01-13 12:53:23,415 - INFO - [The Guardian] Article: https://www.theguardian.com/world/2026/jan/12/trump-latin-america-feud-colombia-gustavo-petro
2026-01-13 12:53:23,415 - INFO - [The Guardian] Attempt 1/1: Trying with 'requests_browser' strategy...
2026-01-13 12:53:23,437 - INFO - [The Guardian] Success with 'requests_browser'. Found content (1373 words).
2026-01-13 12:53:23,471 - INFO - Duplicate article skipped: Trump’s other Latin American feud: why Colombia’s Petro is not Maduro | Colombia | The Guardian from The Guardian
2026-01-13 12:53:24,097 - INFO - [The Guardian] Article: https://www.theguardian.com/us-news/2026/jan/12/us-oil-producers-global-supply-glut-venezuela
2026-01-13 12:53:24,097 - INFO - [The Guardian] Attempt 1/1: Trying with 'requests_browser' strategy...
2026-01-13 12:53:24,222 - INFO - [BBC] Article: https://www.bbc.com/news/articles/cr578g7v082o?at_medium=RSS&at_campaign=rss
2026-01-13 12:53:24,222 - INFO - [BBC] Attempt 1/1: Trying with 'requests_browser' strategy...
2026-01-13 12:53:24,255 - INFO - [BBC] Success with 'requests_browser'. Found content (490 words).
2026-01-13 12:53:24,300 - INFO - Saved article: Mali's jihadist blockade: Niger revokes licences of tanker drivers who refuse to travel from BBC
2026-01-13 12:53:24,304 - INFO - [The Guardian] Success with 'requests_browser'. Found content (884 words).
2026-01-13 12:53:24,341 - INFO - Duplicate article skipped: US frackers were already facing a global oil supply glut. Trump’s Venezuelan dream could make it worse | US news | The Guardian from The Guardian
2026-01-13 12:53:25,188 - INFO - [BBC] Article: https://www.bbc.com/news/articles/c9wxg4e09jzo?at_medium=RSS&at_campaign=rss
2026-01-13 12:53:25,188 - INFO - [BBC] Attempt 1/1: Trying with 'requests_browser' strategy...
2026-01-13 12:53:25,212 - INFO - [BBC] Success with 'requests_browser'. Found content (446 words).
2026-01-13 12:53:25,251 - INFO - Saved article: Philippines landfill collapse: Death toll rises to 11 from BBC
2026-01-13 12:53:25,363 - INFO - [The Guardian] Article: https://www.theguardian.com/world/2026/jan/12/carney-heads-to-beijing-as-trump-america-first-agenda-forces-canada-into-trade-rethink
2026-01-13 12:53:25,363 - INFO - [The Guardian] Attempt 1/1: Trying with 'requests_browser' strategy...
2026-01-13 12:53:25,388 - INFO - [The Guardian] Success with 'requests_browser'. Found content (1253 words).
2026-01-13 12:53:25,426 - INFO - Duplicate article skipped: Carney heads to Beijing as Trump’s America First agenda forces Canada into trade rethink | Canada | The Guardian from The Guardian
2026-01-13 12:53:25,690 - INFO - Selenium driver initialized successfully.
2026-01-13 12:53:25,690 - INFO - Starting scrape for Times of India RSS feed: https://timesofindia.indiatimes.com/rssfeeds/296589292.cms
2026-01-13 12:53:25,691 - INFO - Selenium driver initialized successfully.
2026-01-13 12:53:25,691 - INFO - Starting scrape for The Hindu RSS feed: https://www.thehindu.com/news/national/feeder/default.rss
2026-01-13 12:53:25,802 - INFO - Found 100 articles in The Hindu RSS feed. Processing up to 25.
2026-01-13 12:53:25,803 - INFO - [The Hindu] Article: https://www.thehindu.com/news/national/tamil-nadu/chennai-sangamam-to-feature-fashion-show-by-folk-artistes-sporting-co-optex-products/article70505252.ece
2026-01-13 12:53:25,803 - INFO - [The Hindu] Attempt 1/1: Trying with 'selenium_browser' strategy...
2026-01-13 12:53:25,805 - INFO - Found 20 articles in Times of India RSS feed. Processing up to 25.
2026-01-13 12:53:25,805 - INFO - [Times of India] Article: https://timesofindia.indiatimes.com/world/rest-of-world/canada-double-murder-trial-3-indians-killed-elderly-couple-for-money-gurkaran-singh-came-on-student-visa-never-went-to-college/articleshow/126504833.cms
2026-01-13 12:53:25,805 - INFO - [Times of India] Attempt 1/1: Trying with 'selenium_browser' strategy...
2026-01-13 12:53:26,426 - INFO - [BBC] Article: https://www.bbc.com/news/articles/c0mk80lyw09o?at_medium=RSS&at_campaign=rss
2026-01-13 12:53:26,426 - INFO - [BBC] Attempt 1/1: Trying with 'requests_browser' strategy...
2026-01-13 12:53:26,455 - INFO - [BBC] Success with 'requests_browser'. Found content (616 words).
2026-01-13 12:53:26,502 - INFO - Saved article: Hunt for gunman after Corsican exile Alain Orsoni is shot at mother's funeral from BBC
2026-01-13 12:53:26,662 - INFO - [The Guardian] Article: https://www.theguardian.com/us-news/2026/jan/12/donald-trump-threatens-block-exxonmobil-venezuela
2026-01-13 12:53:26,662 - INFO - [The Guardian] Attempt 1/1: Trying with 'requests_browser' strategy...
2026-01-13 12:53:26,706 - INFO - [The Guardian] Success with 'requests_browser'. Found content (472 words).
2026-01-13 12:53:26,796 - INFO - Duplicate article skipped: Trump threatens to block ExxonMobil from Venezuela after CEO calls country ‘uninvestable’ | Trump administration | The Guardian from The Guardian
2026-01-13 12:53:27,588 - INFO - [The Guardian] Article: https://www.theguardian.com/world/2026/jan/13/workers-at-chinese-factory-that-produces-labubu-toys-are-being-exploited-says-ngo
2026-01-13 12:53:27,588 - INFO - [The Guardian] Attempt 1/1: Trying with 'requests_browser' strategy...
2026-01-13 12:53:27,679 - INFO - [BBC] Article: https://www.bbc.com/news/articles/c8j31728187o?at_medium=RSS&at_campaign=rss
2026-01-13 12:53:27,679 - INFO - [BBC] Attempt 1/1: Trying with 'requests_browser' strategy...
2026-01-13 12:53:27,793 - INFO - [BBC] Success with 'requests_browser'. Found content (431 words).
2026-01-13 12:53:27,910 - INFO - Saved article: Senator Mark Kelly sues Defence Secretary Pete Hegseth over attempted demotion from BBC
2026-01-13 12:53:28,121 - INFO - [The Guardian] Success with 'requests_browser'. Found content (870 words).
2026-01-13 12:53:28,280 - INFO - Saved article: Workers at Chinese factory that produces Labubu toys are being exploited, says NGO | China | The Guardian from The Guardian
2026-01-13 12:53:28,937 - INFO - [The Guardian] Article: https://www.theguardian.com/world/2026/jan/13/china-europe-pressure-block-taiwanese-politicians-visas
2026-01-13 12:53:28,937 - INFO - [The Guardian] Attempt 1/1: Trying with 'requests_browser' strategy...
2026-01-13 12:53:29,079 - INFO - [The Guardian] Success with 'requests_browser'. Found content (881 words).
2026-01-13 12:53:29,171 - INFO - Duplicate article skipped: China pressing European countries to bar Taiwan politicians or face crossing a ‘red line’ | Taiwan | The Guardian from The Guardian
2026-01-13 12:53:29,410 - INFO - [BBC] Article: https://www.bbc.com/news/articles/cvgnvqrxl0xo?at_medium=RSS&at_campaign=rss
2026-01-13 12:53:29,410 - INFO - [BBC] Attempt 1/1: Trying with 'requests_browser' strategy...
2026-01-13 12:53:29,542 - INFO - [BBC] Success with 'requests_browser'. Found content (1124 words).
2026-01-13 12:53:29,679 - INFO - Saved article: Key questions for FBI investigators to unpick in Minneapolis shooting from BBC
2026-01-13 12:53:29,906 - INFO - [The Hindu] Page content loaded.
2026-01-13 12:53:30,144 - INFO - [The Hindu] Success with 'selenium_browser'. Found content (344 words).
2026-01-13 12:53:30,201 - INFO - [The Guardian] Article: https://www.theguardian.com/business/2026/jan/13/coal-power-generation-falls-china-india-since-1970s
2026-01-13 12:53:30,213 - INFO - [The Guardian] Attempt 1/1: Trying with 'requests_browser' strategy...
2026-01-13 12:53:30,392 - INFO - [BBC] Article: https://www.bbc.com/news/articles/cr7jzpr95yvo?at_medium=RSS&at_campaign=rss
2026-01-13 12:53:30,393 - INFO - [BBC] Attempt 1/1: Trying with 'requests_browser' strategy...
2026-01-13 12:53:30,393 - INFO - [The Guardian] Success with 'requests_browser'. Found content (402 words).
2026-01-13 12:53:30,414 - INFO - Saved article: Chennai Sangamam to feature fashion show by folk artistes sporting Co-optex products - The Hindu from The Hindu
2026-01-13 12:53:30,642 - INFO - Duplicate article skipped: Coal power generation falls in China and India for first time since 1970s | Energy industry | The Guardian from The Guardian
2026-01-13 12:53:30,657 - INFO - [BBC] Success with 'requests_browser'. Found content (415 words).
2026-01-13 12:53:30,793 - INFO - Duplicate article skipped: Trump to meet Venezuela's María Corina Machado on Thursday from BBC
2026-01-13 12:53:30,931 - INFO - [The Hindu] Article: https://www.thehindu.com/news/national/maharashtra/elections-in-12-maharashtra-zilla-parishads-125-panchayat-samitis-on-february-5/article70505401.ece
2026-01-13 12:53:30,931 - INFO - [The Hindu] Attempt 1/1: Trying with 'selenium_browser' strategy...
2026-01-13 12:53:31,316 - INFO - [BBC] Article: https://www.bbc.com/news/articles/cjrznw9e243o?at_medium=RSS&at_campaign=rss
2026-01-13 12:53:31,317 - INFO - [BBC] Attempt 1/1: Trying with 'requests_browser' strategy...
2026-01-13 12:53:31,377 - INFO - [BBC] Success with 'requests_browser'. Found content (391 words).
2026-01-13 12:53:31,687 - INFO - Saved article: Josh Cavallo: Pioneering gay footballer accuses former club of homophobia from BBC
2026-01-13 12:53:31,754 - INFO - [The Guardian] Article: https://www.theguardian.com/technology/2026/jan/12/malaysia-blocks-elon-musk-grok-ai-fake-sexualised-images-indonesia-x-chatbot
2026-01-13 12:53:31,754 - INFO - [The Guardian] Attempt 1/1: Trying with 'requests_browser' strategy...
2026-01-13 12:53:31,886 - INFO - [The Guardian] Success with 'requests_browser'. Found content (521 words).
2026-01-13 12:53:32,142 - INFO - Duplicate article skipped: Malaysia blocks Elon Musk’s Grok AI over fake, sexualised images | Grok AI | The Guardian from The Guardian
2026-01-13 12:53:32,460 - INFO - [BBC] Article: https://www.bbc.com/news/articles/c801kypkl3ko?at_medium=RSS&at_campaign=rss
2026-01-13 12:53:32,460 - INFO - [BBC] Attempt 1/1: Trying with 'requests_browser' strategy...
2026-01-13 12:53:32,570 - INFO - [BBC] Success with 'requests_browser'. Found content (880 words).
2026-01-13 12:53:32,637 - INFO - Duplicate article skipped: Jailed Venezuelan politician's son criticises slow prisoner release from BBC
2026-01-13 12:53:32,905 - INFO - [The Guardian] Article: https://www.theguardian.com/world/2026/jan/11/underground-church-early-rain-leaders-detained-china-crackdown
2026-01-13 12:53:32,905 - INFO - [The Guardian] Attempt 1/1: Trying with 'requests_browser' strategy...
2026-01-13 12:53:33,015 - INFO - [The Guardian] Success with 'requests_browser'. Found content (871 words).
2026-01-13 12:53:33,174 - INFO - Duplicate article skipped: Underground church says leaders detained as China steps up crackdown | China | The Guardian from The Guardian
2026-01-13 12:53:33,790 - INFO - [BBC] Article: https://www.bbc.com/news/articles/cpqye2yygl4o?at_medium=RSS&at_campaign=rss
2026-01-13 12:53:33,790 - INFO - [BBC] Attempt 1/1: Trying with 'requests_browser' strategy...
2026-01-13 12:53:33,920 - INFO - [The Guardian] Article: https://www.theguardian.com/australia-news/2026/jan/13/australian-author-craig-silvey-charged-child-exploitation-ntwnfb
2026-01-13 12:53:33,921 - INFO - [The Guardian] Attempt 1/1: Trying with 'requests_browser' strategy...
2026-01-13 12:53:33,938 - INFO - [BBC] Success with 'requests_browser'. Found content (443 words).
2026-01-13 12:53:34,107 - INFO - Duplicate article skipped: Australia social media ban: Meta blocks 550,000 accounts under new law from BBC
2026-01-13 12:53:34,122 - INFO - [The Guardian] Success with 'requests_browser'. Found content (332 words).
2026-01-13 12:53:34,392 - INFO - Saved article: Australian author Craig Silvey charged with possessing and distributing child exploitation material | Western Australia | The Guardian from The Guardian
2026-01-13 12:53:34,628 - INFO - [BBC] Article: https://www.bbc.com/news/articles/c74vnxlvl40o?at_medium=RSS&at_campaign=rss
2026-01-13 12:53:34,628 - INFO - [BBC] Attempt 1/1: Trying with 'requests_browser' strategy...
2026-01-13 12:53:34,740 - INFO - [BBC] Success with 'requests_browser'. Found content (323 words).
2026-01-13 12:53:34,924 - INFO - Duplicate article skipped: Thousands of tourists stranded in Lapland as cold grounds flights from BBC
2026-01-13 12:53:35,207 - INFO - [The Hindu] Page content loaded.
2026-01-13 12:53:35,325 - INFO - [The Hindu] Success with 'selenium_browser'. Found content (395 words).
2026-01-13 12:53:35,462 - INFO - [The Guardian] Article: https://www.theguardian.com/australia-news/2026/jan/13/moment-western-australian-divers-surface-to-see-their-boat-had-disappeared-caught-in-footage
2026-01-13 12:53:35,462 - INFO - [The Guardian] Attempt 1/1: Trying with 'requests_browser' strategy...
2026-01-13 12:53:35,469 - INFO - Saved article: Maharashtra zilla parishad, panchayat samiti polls to be held on February 5 - The Hindu from The Hindu
2026-01-13 12:53:35,497 - INFO - [The Guardian] Success with 'requests_browser'. Found content (477 words).
2026-01-13 12:53:35,589 - INFO - Saved article: Moment Western Australian divers surface to see their boat had disappeared caught in footage | Western Australia | The Guardian from The Guardian
2026-01-13 12:53:35,630 - INFO - [BBC] Article: https://www.bbc.com/news/articles/c1klvp4v8vjo?at_medium=RSS&at_campaign=rss
2026-01-13 12:53:35,630 - INFO - [BBC] Attempt 1/1: Trying with 'requests_browser' strategy...
2026-01-13 12:53:35,717 - INFO - [BBC] Success with 'requests_browser'. Found content (415 words).
2026-01-13 12:53:35,809 - INFO - Duplicate article skipped: Custody extended for owner of Swiss deadly ski bar fire in Crans-Montana from BBC
2026-01-13 12:53:36,315 - INFO - [The Guardian] Article: https://www.theguardian.com/australia-news/live/2026/jan/13/anthony-albanese-labor-hate-speech-laws-politics-coalition-sussan-ley-adelaide-festival-writers-week-reactions-victoria-bushfires-queensland-floods-ntwnfb
2026-01-13 12:53:36,315 - INFO - [The Guardian] Attempt 1/1: Trying with 'requests_browser' strategy...
2026-01-13 12:53:36,364 - INFO - [The Hindu] Article: https://www.thehindu.com/news/national/zero-tolerance-for-sexual-misconduct-nrai-chief-on-case-involving-national-coach/article70505320.ece
2026-01-13 12:53:36,364 - INFO - [The Hindu] Attempt 1/1: Trying with 'selenium_browser' strategy...
2026-01-13 12:53:36,574 - INFO - [BBC] Article: https://www.bbc.com/news/articles/cly9n3r2p7zo?at_medium=RSS&at_campaign=rss
2026-01-13 12:53:36,574 - INFO - [BBC] Attempt 1/1: Trying with 'requests_browser' strategy...
2026-01-13 12:53:36,725 - INFO - [BBC] Success with 'requests_browser'. Found content (435 words).
2026-01-13 12:53:36,868 - INFO - Duplicate article skipped: Hungary grants asylum to Polish ex-justice minister Zbigniew Ziobro from BBC
2026-01-13 12:53:37,037 - INFO - [The Guardian] Success with 'requests_browser'. Found content (2752 words).
2026-01-13 12:53:37,263 - INFO - Duplicate article skipped: New board and chair appointed after event called off – as it happened | Australia news | The Guardian from The Guardian
2026-01-13 12:53:37,897 - INFO - [The Guardian] Article: https://www.theguardian.com/culture/2026/jan/13/adelaide-writers-week-cancelled-as-board-apologises-to-randa-abdel-fattah-for-how-decision-was-represented-ntwnfb
2026-01-13 12:53:37,897 - INFO - [The Guardian] Attempt 1/1: Trying with 'requests_browser' strategy...
2026-01-13 12:53:37,962 - INFO - [The Guardian] Success with 'requests_browser'. Found content (949 words).
2026-01-13 12:53:38,179 - INFO - [BBC] Article: https://www.bbc.com/news/articles/c78e07m02jzo?at_medium=RSS&at_campaign=rss
2026-01-13 12:53:38,179 - INFO - [BBC] Attempt 1/1: Trying with 'requests_browser' strategy...
2026-01-13 12:53:38,379 - INFO - [BBC] Success with 'requests_browser'. Found content (1098 words).
2026-01-13 12:53:38,960 - INFO - Saved article: Adelaide writers’ week 2026 cancelled as board apologises to Randa Abdel-Fattah for ‘how decision was represented’ | Adelaide festival | The Guardian from The Guardian
2026-01-13 12:53:38,961 - INFO - Duplicate article skipped: Golden Globes: Timothee Chalamet beats Leonardo DiCaprio from BBC
2026-01-13 12:53:39,895 - INFO - [BBC] Article: https://www.bbc.com/news/articles/cj9r3zl2ywyo?at_medium=RSS&at_campaign=rss
2026-01-13 12:53:39,895 - INFO - [BBC] Attempt 1/1: Trying with 'requests_browser' strategy...
2026-01-13 12:53:39,916 - INFO - [The Guardian] Article: https://www.theguardian.com/australia-news/2026/jan/13/asio-chief-given-powers-to-recommend-organisations-be-proscribed-as-hate-groups-under-labors-new-laws
2026-01-13 12:53:39,916 - INFO - [The Guardian] Attempt 1/1: Trying with 'requests_browser' strategy...
2026-01-13 12:53:39,970 - INFO - [BBC] Success with 'requests_browser'. Found content (283 words).
2026-01-13 12:53:40,070 - INFO - Duplicate article skipped: Ai, Japanese chimpanzee who counted and painted, dies at 49 from BBC
2026-01-13 12:53:40,136 - INFO - [The Guardian] Success with 'requests_browser'. Found content (1009 words).
2026-01-13 12:53:40,223 - INFO - Saved article: Asio chief given powers to recommend organisations be proscribed as hate groups under Labor’s new laws | Australian security and counter-terrorism | The Guardian from The Guardian
2026-01-13 12:53:40,436 - INFO - [The Hindu] Page content loaded.
2026-01-13 12:53:40,564 - INFO - [The Hindu] Success with 'selenium_browser'. Found content (754 words).
2026-01-13 12:53:40,643 - INFO - Saved article: Zero tolerance for sexual misconduct: NRAI Chief on case involving national coach - The Hindu from The Hindu
2026-01-13 12:53:40,906 - INFO - [The Guardian] Article: https://www.theguardian.com/world/live/2026/jan/13/zelenskyy-ukraine-russia-strikes-drones-energy-europe-live
2026-01-13 12:53:40,906 - INFO - [The Guardian] Attempt 1/1: Trying with 'requests_browser' strategy...
2026-01-13 12:53:41,412 - INFO - [The Hindu] Article: https://www.thehindu.com/business/Industry/air-india-facing-uk-lawsuit-from-estates-of-some-deceased-in-2025-plane-crash/article70505314.ece
2026-01-13 12:53:41,412 - INFO - [The Hindu] Attempt 1/1: Trying with 'selenium_browser' strategy...
2026-01-13 12:53:41,460 - INFO - [BBC] Article: https://www.bbc.com/news/articles/c75xdg2p36lo?at_medium=RSS&at_campaign=rss
2026-01-13 12:53:41,461 - INFO - [BBC] Attempt 1/1: Trying with 'requests_browser' strategy...
2026-01-13 12:53:41,644 - INFO - [BBC] Success with 'requests_browser'. Found content (503 words).
2026-01-13 12:53:41,914 - INFO - Duplicate article skipped: One dead and 300 buildings destroyed in Australia bushfires from BBC
2026-01-13 12:53:41,992 - INFO - [The Guardian] Success with 'requests_browser'. Found content (1656 words).
2026-01-13 12:53:42,499 - INFO - [BBC] Article: https://www.bbc.com/news/articles/ckgn5g90lggo?at_medium=RSS&at_campaign=rss
2026-01-13 12:53:42,500 - INFO - [BBC] Attempt 1/1: Trying with 'requests_browser' strategy...
2026-01-13 12:53:42,633 - INFO - Saved article: Denmark says US vice-president JD Vance to join talks on Greenland – Europe live | Ukraine | The Guardian from The Guardian
2026-01-13 12:53:42,726 - INFO - [BBC] Success with 'requests_browser'. Found content (353 words).
2026-01-13 12:53:43,055 - INFO - Duplicate article skipped: Khartoum: Sudan's government return to capital after nearly 3 years of war from BBC
2026-01-13 12:53:43,685 - INFO - [The Hindu] Page content loaded.
2026-01-13 12:53:43,921 - INFO - [The Hindu] Success with 'selenium_browser'. Found content (178 words).
2026-01-13 12:53:44,026 - INFO - [The Guardian] Article: https://www.theguardian.com/world/2026/jan/13/marine-le-pen-embezzlement-appeal
2026-01-13 12:53:44,026 - INFO - [The Guardian] Attempt 1/1: Trying with 'requests_browser' strategy...
2026-01-13 12:53:44,069 - INFO - Saved article: Air India facing UK lawsuit from estates of some deceased in 2025 plane crash - The Hindu from The Hindu
2026-01-13 12:53:44,256 - INFO - [The Guardian] Success with 'requests_browser'. Found content (736 words).
2026-01-13 12:53:44,340 - INFO - [BBC] Article: https://www.bbc.com/news/articles/c4gr7nlx421o?at_medium=RSS&at_campaign=rss
2026-01-13 12:53:44,340 - INFO - [BBC] Attempt 1/1: Trying with 'requests_browser' strategy...
2026-01-13 12:53:44,393 - INFO - Saved article: Marine Le Pen’s appeal against embezzlement conviction to begin | Marine Le Pen | The Guardian from The Guardian
2026-01-13 12:53:44,455 - INFO - [BBC] Success with 'requests_browser'. Found content (354 words).
2026-01-13 12:53:44,626 - INFO - Duplicate article skipped: Bride and groom killed by gas explosion day after Pakistan wedding from BBC
2026-01-13 12:53:44,817 - INFO - [The Hindu] Article: https://www.thehindu.com/news/national/karnataka/accident-leads-to-rescue-of-kidnapped-children-in-dharwad-accused-had-a-pocso-against-him-in-2018/article70505054.ece
2026-01-13 12:53:44,817 - INFO - [The Hindu] Attempt 1/1: Trying with 'selenium_browser' strategy...
2026-01-13 12:53:45,586 - INFO - [BBC] Article: https://www.bbc.com/news/articles/cly9597r4qpo?at_medium=RSS&at_campaign=rss
2026-01-13 12:53:45,589 - INFO - [BBC] Attempt 1/1: Trying with 'requests_browser' strategy...
2026-01-13 12:53:45,720 - INFO - [BBC] Success with 'requests_browser'. Found content (467 words).
2026-01-13 12:53:45,822 - INFO - Duplicate article skipped: US military strikes Islamic State group targets in Syria, officials say from BBC
2026-01-13 12:53:45,891 - INFO - [The Guardian] Article: https://www.theguardian.com/world/2026/jan/12/cypriot-president-says-he-has-nothing-to-fear-over-corruption-allegations
2026-01-13 12:53:45,892 - INFO - [The Guardian] Attempt 1/1: Trying with 'requests_browser' strategy...
2026-01-13 12:53:46,110 - INFO - [The Guardian] Success with 'requests_browser'. Found content (673 words).
2026-01-13 12:53:46,306 - INFO - Duplicate article skipped: Cypriot president says he has ‘nothing to fear’ over corruption allegations | Cyprus | The Guardian from The Guardian
2026-01-13 12:53:47,122 - INFO - [The Guardian] Article: https://www.theguardian.com/world/live/2026/jan/12/greenland-denmark-us-donald-trump-ukraine-russia-europe-latest-news-updates
2026-01-13 12:53:47,122 - INFO - [The Guardian] Attempt 1/1: Trying with 'requests_browser' strategy...
2026-01-13 12:53:47,635 - INFO - [The Guardian] Success with 'requests_browser'. Found content (3356 words).
2026-01-13 12:53:47,922 - INFO - Duplicate article skipped: Greenland’s security ‘firmly’ belongs in Nato, says prime minister, after latest Trump threats to take over territory – as it happened | Greenland | The Guardian from The Guardian
2026-01-13 12:53:49,007 - INFO - [The Guardian] Article: https://www.theguardian.com/us-news/2026/jan/12/greenland-trump-nato-chris-murphy
2026-01-13 12:53:49,007 - INFO - [The Guardian] Attempt 1/1: Trying with 'requests_browser' strategy...
2026-01-13 12:53:49,179 - INFO - [The Guardian] Success with 'requests_browser'. Found content (583 words).
2026-01-13 12:53:49,223 - INFO - Duplicate article skipped: Trump annexation of Greenland ‘would be end of Nato’, says Chris Murphy | Donald Trump | The Guardian from The Guardian
2026-01-13 12:53:49,927 - INFO - [The Hindu] Page content loaded.
2026-01-13 12:53:50,064 - INFO - [The Hindu] Success with 'selenium_browser'. Found content (421 words).
2026-01-13 12:53:50,187 - INFO - Saved article: Accident leads to rescue of ‘kidnapped’ children in Dharwad; accused had a POCSO case against him in 2018 - The Hindu from The Hindu
2026-01-13 12:53:51,656 - INFO - [The Hindu] Article: https://www.thehindu.com/news/national/tamil-nadu/a-poetic-tribute-to-mohamul-heroine-yamuna/article70505133.ece
2026-01-13 12:53:51,656 - INFO - [The Hindu] Attempt 1/1: Trying with 'selenium_browser' strategy...
2026-01-13 12:53:52,709 - INFO - [The Hindu] Page content loaded.
2026-01-13 12:53:52,764 - INFO - [The Hindu] Success with 'selenium_browser'. Found content (330 words).
2026-01-13 12:53:52,852 - INFO - Saved article: A poetic tribute to Mohamul heroine Yamuna - The Hindu from The Hindu
2026-01-13 12:53:53,971 - INFO - [The Hindu] Article: https://www.thehindu.com/news/national/kerala/kerala-kalolsavam-2026-students-strike-the-right-note-for-school-arts-festival/article70505210.ece
2026-01-13 12:53:53,972 - INFO - [The Hindu] Attempt 1/1: Trying with 'selenium_browser' strategy...
2026-01-13 12:53:55,406 - INFO - [The Hindu] Page content loaded.
2026-01-13 12:53:55,457 - INFO - [The Hindu] Success with 'selenium_browser'. Found content (310 words).
2026-01-13 12:53:55,675 - INFO - Saved article: Kerala Kalolsavam 2026: Students strike the right note for school arts festival - The Hindu from The Hindu
2026-01-13 12:53:56,576 - INFO - [The Hindu] Article: https://www.thehindu.com/news/national/west-bengal/west-bengal-sir-election-commission-cm-mamata-voters/article70505279.ece
2026-01-13 12:53:56,576 - INFO - [The Hindu] Attempt 1/1: Trying with 'selenium_browser' strategy...
2026-01-13 12:53:57,405 - INFO - [The Hindu] Page content loaded.
2026-01-13 12:53:57,448 - INFO - [The Hindu] Success with 'selenium_browser'. Found content (201 words).
2026-01-13 12:53:57,537 - INFO - Saved article: ECI deleted 54 lakh 'genuine voters' in Bengal without giving chance to defend themselves: CM Mamata - The Hindu from The Hindu
2026-01-13 12:53:58,085 - INFO - [The Hindu] Article: https://www.thehindu.com/news/national/will-firmly-take-up-apple-import-duty-concerns-with-centre-says-himachal-cm/article70505144.ece
2026-01-13 12:53:58,085 - INFO - [The Hindu] Attempt 1/1: Trying with 'selenium_browser' strategy...
2026-01-13 12:53:59,253 - INFO - [The Hindu] Page content loaded.
2026-01-13 12:53:59,676 - INFO - [The Hindu] Success with 'selenium_browser'. Found content (268 words).
2026-01-13 12:53:59,769 - INFO - Saved article: Will firmly take up apple import duty concerns with Centre, says Himachal CM - The Hindu from The Hindu
2026-01-13 12:54:00,965 - INFO - [The Hindu] Article: https://www.thehindu.com/news/national/gujarat/motherhood-through-grammar-lessons-baby-arihas-mother-learns-german-to-speak-to-her-as-modi-raises-case-with-merz/article70504996.ece
2026-01-13 12:54:00,965 - INFO - [The Hindu] Attempt 1/1: Trying with 'selenium_browser' strategy...
2026-01-13 12:54:01,889 - INFO - [The Hindu] Page content loaded.
2026-01-13 12:54:01,981 - INFO - [The Hindu] Success with 'selenium_browser'. Found content (795 words).
2026-01-13 12:54:02,077 - INFO - Saved article: Motherhood through grammar lessons: Baby Ariha’s mother learns German to speak to her as Modi raises case with Merz - The Hindu from The Hindu
2026-01-13 12:54:03,187 - INFO - [The Hindu] Article: https://www.thehindu.com/news/national/kerala/low-risk-bird-flu-confirmed-in-kollam/article70505213.ece
2026-01-13 12:54:03,187 - INFO - [The Hindu] Attempt 1/1: Trying with 'selenium_browser' strategy...
2026-01-13 12:54:04,032 - INFO - [The Hindu] Page content loaded.
2026-01-13 12:54:04,093 - INFO - [The Hindu] Success with 'selenium_browser'. Found content (291 words).
2026-01-13 12:54:04,202 - INFO - Saved article: Low-risk bird flu confirmed in Kollam - The Hindu from The Hindu
2026-01-13 12:54:05,339 - INFO - [The Hindu] Article: https://www.thehindu.com/news/national/tamil-nadu/vijay-movie-jana-nayagan-censor-row-supreme-court-hearing-on-january-19-2026/article70505208.ece
2026-01-13 12:54:05,339 - INFO - [The Hindu] Attempt 1/1: Trying with 'selenium_browser' strategy...
2026-01-13 12:54:06,234 - INFO - [The Hindu] Page content loaded.
2026-01-13 12:54:06,282 - INFO - [The Hindu] Success with 'selenium_browser'. Found content (412 words).
2026-01-13 12:54:06,347 - INFO - Saved article: ‘Jana Nayagan’ censor row: Supreme Court to hear producer’s plea on January 19 - The Hindu from The Hindu
2026-01-13 12:54:07,596 - INFO - [The Hindu] Article: https://www.thehindu.com/news/national/telangana/telangana-to-showcase-its-growth-vision-and-investor-friendly-ecosystem-at-wef-2026-in-davos/article70505009.ece
2026-01-13 12:54:07,596 - INFO - [The Hindu] Attempt 1/1: Trying with 'selenium_browser' strategy...
2026-01-13 12:54:08,394 - INFO - [The Hindu] Page content loaded.
2026-01-13 12:54:08,439 - INFO - [The Hindu] Success with 'selenium_browser'. Found content (352 words).
2026-01-13 12:54:08,508 - INFO - Saved article: Telangana to showcase its growth vision and investor friendly ecosystem at WEF 2026 in Davos - The Hindu from The Hindu
2026-01-13 12:54:09,864 - INFO - [The Hindu] Article: https://www.thehindu.com/news/national/india-brics-2026-logo-theme-unveiled-jaishankar-humanity-first-people-centric-strategy/article70505078.ece
2026-01-13 12:54:09,864 - INFO - [The Hindu] Attempt 1/1: Trying with 'selenium_browser' strategy...
2026-01-13 12:54:10,979 - INFO - [The Hindu] Page content loaded.
2026-01-13 12:54:11,102 - INFO - [The Hindu] Success with 'selenium_browser'. Found content (452 words).
2026-01-13 12:54:11,202 - INFO - Saved article: As India takes over BRICS 2026 presidency, Jaishankar says focus on ‘humanity-first’ strategy to promote global welfare - The Hindu from The Hindu
2026-01-13 12:54:12,070 - INFO - [The Hindu] Article: https://www.thehindu.com/news/national/karnataka/german-chancellor-in-bengaluru-friedrich-merz-visits-bosch-campus-iisc/article70504979.ece
2026-01-13 12:54:12,070 - INFO - [The Hindu] Attempt 1/1: Trying with 'selenium_browser' strategy...
2026-01-13 12:54:13,288 - INFO - [The Hindu] Page content loaded.
2026-01-13 12:54:13,334 - INFO - [The Hindu] Success with 'selenium_browser'. Found content (258 words).
2026-01-13 12:54:13,407 - INFO - Saved article: German Chancellor in Bengaluru: Friedrich Merz visits Bosch campus, IISc - The Hindu from The Hindu
2026-01-13 12:54:14,337 - INFO - [The Hindu] Article: https://www.thehindu.com/news/national/uttar-pradesh/mathura-man-carries-snake-in-pocket-to-hospital-after-being-bitten/article70505112.ece
2026-01-13 12:54:14,337 - INFO - [The Hindu] Attempt 1/1: Trying with 'selenium_browser' strategy...
2026-01-13 12:54:15,264 - INFO - [The Hindu] Page content loaded.
2026-01-13 12:54:15,309 - INFO - [The Hindu] Success with 'selenium_browser'. Found content (170 words).
2026-01-13 12:54:15,381 - INFO - Saved article: Mathura man carries snake in pocket to hospital after being bitten - The Hindu from The Hindu
2026-01-13 12:54:16,847 - INFO - [The Hindu] Article: https://www.thehindu.com/news/national/gujarat/somnath-temples-rebuilding-reflects-resilience-of-sanatana-dharma-amit-shah/article70505048.ece
2026-01-13 12:54:16,847 - INFO - [The Hindu] Attempt 1/1: Trying with 'selenium_browser' strategy...
2026-01-13 12:54:18,261 - INFO - [The Hindu] Page content loaded.
2026-01-13 12:54:18,556 - INFO - [The Hindu] Success with 'selenium_browser'. Found content (368 words).
2026-01-13 12:54:18,757 - INFO - Saved article: Somnath temple’s rebuilding reflects resilience of Sanatana Dharma: Amit Shah - The Hindu from The Hindu
2026-01-13 12:54:19,839 - INFO - [The Hindu] Article: https://www.thehindu.com/news/national/telangana/telangana-depts-accelerate-office-relocation-from-rented-premises-to-govt-buildings-18-days-left-before-deadline/article70504931.ece
2026-01-13 12:54:19,839 - INFO - [The Hindu] Attempt 1/1: Trying with 'selenium_browser' strategy...
2026-01-13 12:54:20,793 - INFO - [The Hindu] Page content loaded.
2026-01-13 12:54:20,940 - INFO - [The Hindu] Success with 'selenium_browser'. Found content (468 words).
2026-01-13 12:54:21,044 - INFO - Saved article: Telangana Depts accelerate office relocation from rented premises to Govt buildings; 18 days left before deadline - The Hindu from The Hindu
2026-01-13 12:54:22,506 - INFO - [The Hindu] Article: https://www.thehindu.com/news/national/andhra-pradesh/guntur-police-recover-gold-jewellery-worth-5-lakh-in-three-hours/article70504750.ece
2026-01-13 12:54:22,506 - INFO - [The Hindu] Attempt 1/1: Trying with 'selenium_browser' strategy...
2026-01-13 12:54:23,475 - INFO - [The Hindu] Page content loaded.
2026-01-13 12:54:23,518 - INFO - [The Hindu] Success with 'selenium_browser'. Found content (211 words).
2026-01-13 12:54:23,597 - INFO - Saved article: Guntur police recover gold jewellery worth ₹5 lakh in three hours - The Hindu from The Hindu
2026-01-13 12:54:24,249 - INFO - [The Hindu] Article: https://www.thehindu.com/news/national/jammu-and-kashmir/government-employees-sacked-in-jammu-and-kashmir-for-suspected-terror-links/article70505029.ece
2026-01-13 12:54:24,249 - INFO - [The Hindu] Attempt 1/1: Trying with 'selenium_browser' strategy...
2026-01-13 12:54:25,341 - INFO - [The Hindu] Page content loaded.
2026-01-13 12:54:25,460 - INFO - [The Hindu] Success with 'selenium_browser'. Found content (596 words).
2026-01-13 12:54:25,565 - INFO - Saved article: Five more government employees sacked in Jammu and Kashmir for suspected terror links - The Hindu from The Hindu
2026-01-13 12:54:26,496 - INFO - [The Hindu] Article: https://www.thehindu.com/news/national/andhra-pradesh/sp-warns-of-action-against-jallikattu-and-rooster-fights/article70504887.ece
2026-01-13 12:54:26,496 - INFO - [The Hindu] Attempt 1/1: Trying with 'selenium_browser' strategy...
2026-01-13 12:54:27,610 - INFO - [The Hindu] Page content loaded.
2026-01-13 12:54:27,779 - INFO - [The Hindu] Success with 'selenium_browser'. Found content (307 words).
2026-01-13 12:54:27,887 - INFO - Saved article: SP warns of action against jallikattu and rooster fights - The Hindu from The Hindu
2026-01-13 12:54:29,338 - INFO - [The Hindu] Article: https://www.thehindu.com/news/national/gujarat/pm-degree-defamation-case-gujarat-hc-dismisses-kejriwal-sanjay-singhs-pleas-for-separate-trials/article70505005.ece
2026-01-13 12:54:29,338 - INFO - [The Hindu] Attempt 1/1: Trying with 'selenium_browser' strategy...
2026-01-13 12:54:30,297 - INFO - [The Hindu] Page content loaded.
2026-01-13 12:54:30,371 - INFO - [The Hindu] Success with 'selenium_browser'. Found content (368 words).
2026-01-13 12:54:30,479 - INFO - Saved article: PM degree defamation case: Gujarat HC dismisses Kejriwal, Sanjay Singh's pleas for separate trials - The Hindu from The Hindu
2026-01-13 12:54:31,699 - INFO - [The Hindu] Article: https://www.thehindu.com/news/national/andhra-pradesh/minister-narayana-lays-foundation-for-road-works-at-karlapudi-in-amaravati/article70504721.ece
2026-01-13 12:54:31,699 - INFO - [The Hindu] Attempt 1/1: Trying with 'selenium_browser' strategy...
2026-01-13 12:54:32,559 - INFO - [The Hindu] Page content loaded.
2026-01-13 12:54:32,604 - INFO - [The Hindu] Success with 'selenium_browser'. Found content (255 words).
2026-01-13 12:54:32,677 - INFO - Saved article: Minister Narayana lays foundation for road works at Karlapudi in Amaravati - The Hindu from The Hindu
2026-01-13 12:54:33,671 - INFO - [The Hindu] Article: https://www.thehindu.com/news/national/kerala/former-cpim-area-secretary-booked-on-rape-charge-in-kasaragod/article70504639.ece
2026-01-13 12:54:33,671 - INFO - [The Hindu] Attempt 1/1: Trying with 'selenium_browser' strategy...
2026-01-13 12:54:34,527 - INFO - [The Hindu] Page content loaded.
2026-01-13 12:54:34,572 - INFO - [The Hindu] Success with 'selenium_browser'. Found content (305 words).
2026-01-13 12:54:34,645 - INFO - Saved article: Former CPI(M) area secretary booked on rape charge in Kasaragod - The Hindu from The Hindu
2026-01-13 12:54:35,418 - INFO - [The Hindu] Article: https://www.thehindu.com/lit-for-life/the-hindu-lit-for-life-2026-nirmala-lakshman-on-indias-sharpest-lit-fest/article70504361.ece
2026-01-13 12:54:35,418 - INFO - [The Hindu] Attempt 1/1: Trying with 'selenium_browser' strategy...
2026-01-13 12:54:37,510 - INFO - [The Hindu] Page content loaded.
2026-01-13 12:54:37,675 - INFO - [The Hindu] Success with 'selenium_browser'. Found content (638 words).
2026-01-13 12:54:37,741 - INFO - Saved article: The Hindu Lit for Life 2026: Nirmala Lakshman on India’s sharpest lit fest - The Hindu from The Hindu
2026-01-13 12:54:39,174 - INFO - [The Hindu] (Thread) Finished. Attempting to shut down its Selenium driver.
2026-01-13 12:54:39,323 - INFO - [The Hindu] (Thread) driver.quit() successful.
2026-01-13 12:55:25,869 - ERROR - [Times of India] Request failed for strategy 'selenium_browser' on URL https://timesofindia.indiatimes.com/world/rest-of-world/canada-double-murder-trial-3-indians-killed-elderly-couple-for-money-gurkaran-singh-came-on-student-visa-never-went-to-college/articleshow/126504833.cms: HTTPConnectionPool(host='localhost', port=50867): Read timed out. (read timeout=120)
2026-01-13 12:55:25,870 - ERROR - [Times of India] All scrape strategies failed for https://timesofindia.indiatimes.com/world/rest-of-world/canada-double-murder-trial-3-indians-killed-elderly-couple-for-money-gurkaran-singh-came-on-student-visa-never-went-to-college/articleshow/126504833.cms. Falling back to RSS description.
2026-01-13 12:55:25,871 - INFO - Saved article: Canada double murder trial: 3 Indians killed elderly couple for money; Gurkaran Singh came on student visa; never went to college from Times of India
2026-01-13 12:55:27,176 - INFO - [Times of India] Article: https://timesofindia.indiatimes.com/world/us/disguised-as-civilian-plane-pentagon-anti-drug-strike-raises-questions-did-trump-administration-commit-a-war-crime/articleshow/126504113.cms
2026-01-13 12:55:27,176 - INFO - [Times of India] Attempt 1/1: Trying with 'selenium_browser' strategy...
2026-01-13 12:57:27,187 - ERROR - [Times of India] Request failed for strategy 'selenium_browser' on URL https://timesofindia.indiatimes.com/world/us/disguised-as-civilian-plane-pentagon-anti-drug-strike-raises-questions-did-trump-administration-commit-a-war-crime/articleshow/126504113.cms: HTTPConnectionPool(host='localhost', port=50867): Read timed out. (read timeout=120)
2026-01-13 12:57:27,188 - ERROR - [Times of India] All scrape strategies failed for https://timesofindia.indiatimes.com/world/us/disguised-as-civilian-plane-pentagon-anti-drug-strike-raises-questions-did-trump-administration-commit-a-war-crime/articleshow/126504113.cms. Falling back to RSS description.
2026-01-13 12:57:27,189 - INFO - Saved article: Disguised as civilian plane: Pentagon anti-drug strike raises questions — did Trump administration commit a war crime? from Times of India
2026-01-13 12:57:28,411 - INFO - [Times of India] Article: https://timesofindia.indiatimes.com/world/us/ice-criticism-iran-silence-how-golden-globes-exposed-hollywoods-hypocrisy/articleshow/126502908.cms
2026-01-13 12:57:28,411 - INFO - [Times of India] Attempt 1/1: Trying with 'selenium_browser' strategy...
2026-01-13 12:59:28,513 - ERROR - [Times of India] Request failed for strategy 'selenium_browser' on URL https://timesofindia.indiatimes.com/world/us/ice-criticism-iran-silence-how-golden-globes-exposed-hollywoods-hypocrisy/articleshow/126502908.cms: HTTPConnectionPool(host='localhost', port=50867): Read timed out. (read timeout=120)
2026-01-13 12:59:28,513 - ERROR - [Times of India] All scrape strategies failed for https://timesofindia.indiatimes.com/world/us/ice-criticism-iran-silence-how-golden-globes-exposed-hollywoods-hypocrisy/articleshow/126502908.cms. Falling back to RSS description.
2026-01-13 12:59:28,515 - INFO - Saved article: ICE criticism, Iran silence: How Golden Globes exposed Hollywood's hypocrisy from Times of India
2026-01-13 12:59:29,115 - INFO - [Times of India] Article: https://timesofindia.indiatimes.com/etimes/trending/fire-90-of-hr-tomorrow-viral-tweet-by-amanda-goodall-sparks-corporate-america-meltdown/articleshow/126503147.cms
2026-01-13 12:59:29,115 - INFO - [Times of India] Attempt 1/1: Trying with 'selenium_browser' strategy...
2026-01-13 13:00:16,141 - CRITICAL - --- TIMEOUT: 1 scrape jobs did not complete in 420s. ---
2026-01-13 13:00:16,141 - ERROR - A thread has timed out and will be abandoned.
2026-01-13 13:00:16,141 - INFO - Shutting down thread pool (wait=False)...
2026-01-13 13:00:16,141 - INFO - Scraped: 11 BBC, 7 The Guardian, 25 The Hindu, 1 Timed_Out_Jobs articles. (Total saved: 43)
2026-01-13 13:00:16,141 - INFO - --- Scraping job finished ---
2026-01-13 13:00:16,142 - INFO - --- Scraper service stopped and database connection closed. ---
2026-01-13 13:00:16,142 - INFO - --- Main thread finished. Forcing process exit to kill zombie threads. ---
