2025-12-26 01:51:37,680 - INFO - Initializing database connection at: news_articles.db
2025-12-26 01:51:37,681 - INFO - --- Scraper service started (CI Mode: Run Once) ---
2025-12-26 01:51:37,681 - INFO - --- Starting new scraping job (Parallel Mode) ---
2025-12-26 01:51:37,681 - INFO - Creating new robust session with 3 retries on 5xx/connection/read errors.
2025-12-26 01:51:37,681 - INFO - Proxy is DISABLED.
2025-12-26 01:51:37,681 - INFO - Starting scrape for BBC RSS feed: http://feeds.bbci.co.uk/news/world/rss.xml
2025-12-26 01:51:37,681 - INFO - [Times of India] (Thread) requires Selenium. Initializing driver...
2025-12-26 01:51:37,681 - INFO - Initializing headless Selenium Chrome driver (using SeleniumManager)...
2025-12-26 01:51:37,682 - INFO - Starting scrape for The Guardian RSS feed: https://www.theguardian.com/world/rss
2025-12-26 01:51:37,683 - INFO - [The Hindu] (Thread) requires Selenium. Initializing driver...
2025-12-26 01:51:37,683 - INFO - Initializing headless Selenium Chrome driver (using SeleniumManager)...
2025-12-26 01:51:37,683 - INFO - Submitted 4 jobs to thread pool. Waiting up to 420s for completion...
2025-12-26 01:51:37,786 - INFO - Found 25 articles in BBC RSS feed. Processing up to 25.
2025-12-26 01:51:37,786 - INFO - [BBC] Article: https://www.bbc.com/news/articles/c4g413yz9g5o?at_medium=RSS&at_campaign=rss
2025-12-26 01:51:37,786 - INFO - [BBC] Attempt 1/1: Trying with 'requests_browser' strategy...
2025-12-26 01:51:37,805 - INFO - Found 45 articles in The Guardian RSS feed. Processing up to 25.
2025-12-26 01:51:37,805 - INFO - [The Guardian] Article: https://www.theguardian.com/us-news/2025/dec/25/us-carries-out-airstrikes-against-islamic-state-terrorist-scum-in-nigeria-trump-says
2025-12-26 01:51:37,805 - INFO - [The Guardian] Attempt 1/1: Trying with 'requests_browser' strategy...
2025-12-26 01:51:37,835 - INFO - [The Guardian] Success with 'requests_browser'. Found content (481 words).
2025-12-26 01:51:37,885 - INFO - Saved article: US carries out strikes on Nigeria targeting Islamic State militants, Trump says | Trump administration | The Guardian from The Guardian
2025-12-26 01:51:37,944 - INFO - [BBC] Success with 'requests_browser'. Found content (654 words).
2025-12-26 01:51:37,981 - INFO - Saved article: Zelensky hails 'new ideas' on peace after talk with US envoys from BBC
2025-12-26 01:51:38,877 - INFO - [The Guardian] Article: https://www.theguardian.com/world/2025/dec/25/displaced-islamic-state-insurgency-mozambique
2025-12-26 01:51:38,877 - INFO - [The Guardian] Attempt 1/1: Trying with 'requests_browser' strategy...
2025-12-26 01:51:38,897 - INFO - [BBC] Article: https://www.bbc.com/news/articles/c1lr3p7n87yo?at_medium=RSS&at_campaign=rss
2025-12-26 01:51:38,897 - INFO - [BBC] Attempt 1/1: Trying with 'requests_browser' strategy...
2025-12-26 01:51:38,902 - INFO - [The Guardian] Success with 'requests_browser'. Found content (767 words).
2025-12-26 01:51:38,951 - INFO - Duplicate article skipped: Hundreds of thousands newly displaced as Islamic State insurgency expands in Mozambique | Mozambique | The Guardian from The Guardian
2025-12-26 01:51:38,984 - INFO - [BBC] Success with 'requests_browser'. Found content (421 words).
2025-12-26 01:51:39,029 - INFO - Saved article: Heavy rain storms in California leave three dead as of Christmas night from BBC
2025-12-26 01:51:40,288 - INFO - [The Guardian] Article: https://www.theguardian.com/world/2025/dec/24/algeria-passes-law-declaring-french-colonisation-crime
2025-12-26 01:51:40,288 - INFO - [The Guardian] Attempt 1/1: Trying with 'requests_browser' strategy...
2025-12-26 01:51:40,317 - INFO - [The Guardian] Success with 'requests_browser'. Found content (334 words).
2025-12-26 01:51:40,356 - INFO - [BBC] Article: https://www.bbc.com/news/articles/cm21728nwxlo?at_medium=RSS&at_campaign=rss
2025-12-26 01:51:40,356 - INFO - [BBC] Attempt 1/1: Trying with 'requests_browser' strategy...
2025-12-26 01:51:40,362 - INFO - Duplicate article skipped: Algeria passes law declaring French colonisation a crime | Algeria | The Guardian from The Guardian
2025-12-26 01:51:40,386 - INFO - [BBC] Success with 'requests_browser'. Found content (400 words).
2025-12-26 01:51:40,421 - INFO - Duplicate article skipped: Pope Leo urges 'courage' to end Ukraine war in first Christmas address from BBC
2025-12-26 01:51:41,574 - INFO - [The Guardian] Article: https://www.theguardian.com/world/2025/dec/23/libyas-army-chief-dies-in-plane-crash-in-turkey
2025-12-26 01:51:41,574 - INFO - [The Guardian] Attempt 1/1: Trying with 'requests_browser' strategy...
2025-12-26 01:51:41,598 - INFO - [The Guardian] Success with 'requests_browser'. Found content (414 words).
2025-12-26 01:51:41,634 - INFO - Duplicate article skipped: Libya’s army chief dies in plane crash in Turkey | Libya | The Guardian from The Guardian
2025-12-26 01:51:41,792 - INFO - [BBC] Article: https://www.bbc.com/news/articles/cn98w93l8plo?at_medium=RSS&at_campaign=rss
2025-12-26 01:51:41,792 - INFO - [BBC] Attempt 1/1: Trying with 'requests_browser' strategy...
2025-12-26 01:51:41,816 - INFO - [BBC] Success with 'requests_browser'. Found content (256 words).
2025-12-26 01:51:41,849 - INFO - Duplicate article skipped: Turkey arrests 115 IS suspects 'planning New Year's attacks' from BBC
2025-12-26 01:51:42,296 - INFO - [The Guardian] Article: https://www.theguardian.com/world/2025/dec/22/freed-nigerian-schoolchildren-set-to-be-reunited-with-families
2025-12-26 01:51:42,296 - INFO - [The Guardian] Attempt 1/1: Trying with 'requests_browser' strategy...
2025-12-26 01:51:42,319 - INFO - [The Guardian] Success with 'requests_browser'. Found content (365 words).
2025-12-26 01:51:42,353 - INFO - Duplicate article skipped: Freed Nigerian schoolchildren to be reunited with families | Nigeria | The Guardian from The Guardian
2025-12-26 01:51:42,500 - INFO - [BBC] Article: https://www.bbc.com/news/articles/c898zxyznxpo?at_medium=RSS&at_campaign=rss
2025-12-26 01:51:42,501 - INFO - [BBC] Attempt 1/1: Trying with 'requests_browser' strategy...
2025-12-26 01:51:42,527 - INFO - [BBC] Success with 'requests_browser'. Found content (403 words).
2025-12-26 01:51:42,589 - INFO - Saved article: Brazil ex-president Bolsonaro's surgery for hernia 'successful' from BBC
2025-12-26 01:51:43,510 - INFO - [The Guardian] Article: https://www.theguardian.com/environment/2025/dec/25/they-are-scared-of-us-now-how-one-tropical-forest-turned-the-tide-on-loggers
2025-12-26 01:51:43,510 - INFO - [The Guardian] Attempt 1/1: Trying with 'requests_browser' strategy...
2025-12-26 01:51:43,537 - INFO - [The Guardian] Success with 'requests_browser'. Found content (1079 words).
2025-12-26 01:51:43,575 - INFO - Saved article: ‘They’re scared of us now’: how co-investment in a tropical forest saw off loggers | Panama | The Guardian from The Guardian
2025-12-26 01:51:43,929 - INFO - [BBC] Article: https://www.bbc.com/news/articles/crk733k1k1eo?at_medium=RSS&at_campaign=rss
2025-12-26 01:51:43,930 - INFO - [BBC] Attempt 1/1: Trying with 'requests_browser' strategy...
2025-12-26 01:51:43,952 - INFO - [BBC] Success with 'requests_browser'. Found content (223 words).
2025-12-26 01:51:43,987 - INFO - Duplicate article skipped: Front-runner to be Bangladesh PM returns after 17 years in exile from BBC
2025-12-26 01:51:44,617 - INFO - Selenium driver initialized successfully.
2025-12-26 01:51:44,617 - INFO - Starting scrape for Times of India RSS feed: https://timesofindia.indiatimes.com/rssfeeds/296589292.cms
2025-12-26 01:51:44,618 - INFO - Selenium driver initialized successfully.
2025-12-26 01:51:44,618 - INFO - Starting scrape for The Hindu RSS feed: https://www.thehindu.com/news/national/feeder/default.rss
2025-12-26 01:51:44,715 - INFO - Found 100 articles in The Hindu RSS feed. Processing up to 25.
2025-12-26 01:51:44,715 - INFO - [The Hindu] Article: https://www.thehindu.com/news/national/attacks-on-christians-contradict-pms-message-of-harmony-visit-to-church-gehlot/article70438725.ece
2025-12-26 01:51:44,715 - INFO - [The Hindu] Attempt 1/1: Trying with 'selenium_browser' strategy...
2025-12-26 01:51:44,919 - INFO - Found 20 articles in Times of India RSS feed. Processing up to 25.
2025-12-26 01:51:44,919 - INFO - [Times of India] Article: https://timesofindia.indiatimes.com/world/south-asia/bangladesh-yunus-aide-quits-amid-unrest-over-hadis-death/articleshow/126181043.cms
2025-12-26 01:51:44,919 - INFO - [Times of India] Attempt 1/1: Trying with 'selenium_browser' strategy...
2025-12-26 01:51:44,965 - INFO - [The Guardian] Article: https://www.theguardian.com/world/2025/dec/25/cape-froward-new-national-park-patagonia-chile
2025-12-26 01:51:44,965 - INFO - [The Guardian] Attempt 1/1: Trying with 'requests_browser' strategy...
2025-12-26 01:51:44,989 - INFO - [The Guardian] Success with 'requests_browser'. Found content (939 words).
2025-12-26 01:51:45,030 - INFO - Duplicate article skipped: ‘It’s the wildest place I have walked’: new national park will join up Chile’s 2,800km wildlife corridor | Chile | The Guardian from The Guardian
2025-12-26 01:51:45,263 - INFO - [BBC] Article: https://www.bbc.com/news/articles/c14vdpyj1vjo?at_medium=RSS&at_campaign=rss
2025-12-26 01:51:45,263 - INFO - [BBC] Attempt 1/1: Trying with 'requests_browser' strategy...
2025-12-26 01:51:45,298 - INFO - [BBC] Success with 'requests_browser'. Found content (439 words).
2025-12-26 01:51:45,340 - INFO - Duplicate article skipped: Algeria's parliament approves law declaring France's colonisation a crime from BBC
2025-12-26 01:51:46,002 - INFO - [The Guardian] Article: https://www.theguardian.com/world/2025/dec/24/honduras-nasry-tito-asfura-declared-president-donald-trump-backed
2025-12-26 01:51:46,003 - INFO - [The Guardian] Attempt 1/1: Trying with 'requests_browser' strategy...
2025-12-26 01:51:46,052 - INFO - [The Guardian] Success with 'requests_browser'. Found content (577 words).
2025-12-26 01:51:46,130 - INFO - Duplicate article skipped: Trump-backed candidate Asfura declared new president of Honduras | Honduras | The Guardian from The Guardian
2025-12-26 01:51:46,192 - INFO - [BBC] Article: https://www.bbc.com/news/articles/c5yqe4j15lzo?at_medium=RSS&at_campaign=rss
2025-12-26 01:51:46,192 - INFO - [BBC] Attempt 1/1: Trying with 'requests_browser' strategy...
2025-12-26 01:51:46,243 - INFO - [BBC] Success with 'requests_browser'. Found content (544 words).
2025-12-26 01:51:46,382 - INFO - Duplicate article skipped: Sean 'Diddy' Combs files appeal asking for his immediate release from BBC
2025-12-26 01:51:47,457 - INFO - [The Guardian] Article: https://www.theguardian.com/media/2025/dec/23/60-minutes-cecot-appears-online
2025-12-26 01:51:47,458 - INFO - [The Guardian] Attempt 1/1: Trying with 'requests_browser' strategy...
2025-12-26 01:51:47,546 - INFO - [The Guardian] Success with 'requests_browser'. Found content (1062 words).
2025-12-26 01:51:47,564 - INFO - [BBC] Article: https://www.bbc.com/news/articles/czdgz84dn35o?at_medium=RSS&at_campaign=rss
2025-12-26 01:51:47,564 - INFO - [BBC] Attempt 1/1: Trying with 'requests_browser' strategy...
2025-12-26 01:51:47,700 - INFO - Duplicate article skipped: 60 Minutes episode on brutal El Salvador prison, pulled from air by CBS, appears online | CBS | The Guardian from The Guardian
2025-12-26 01:51:47,737 - INFO - [BBC] Success with 'requests_browser'. Found content (846 words).
2025-12-26 01:51:47,841 - INFO - Duplicate article skipped: US discovers a million more possible Jeffrey Epstein files from BBC
2025-12-26 01:51:48,725 - INFO - [The Guardian] Article: https://www.theguardian.com/world/2025/dec/23/brazil-jair-bolsonaro-eduardo-havaianas-television-ad-fernanda-torres
2025-12-26 01:51:48,725 - INFO - [The Guardian] Attempt 1/1: Trying with 'requests_browser' strategy...
2025-12-26 01:51:49,018 - INFO - [The Guardian] Success with 'requests_browser'. Found content (381 words).
2025-12-26 01:51:49,188 - INFO - [BBC] Article: https://www.bbc.com/news/articles/cyvgz1jn368o?at_medium=RSS&at_campaign=rss
2025-12-26 01:51:49,189 - INFO - [BBC] Attempt 1/1: Trying with 'requests_browser' strategy...
2025-12-26 01:51:49,192 - INFO - Duplicate article skipped: Bolsonaro supporters ‘cancel’ Havaianas flip-flop brand over television ad | Brazil | The Guardian from The Guardian
2025-12-26 01:51:49,294 - INFO - [BBC] Success with 'requests_browser'. Found content (482 words).
2025-12-26 01:51:49,364 - INFO - Duplicate article skipped: Trump-backed candidate Nasry Asfura wins Honduras presidential election from BBC
2025-12-26 01:51:49,908 - INFO - [BBC] Article: https://www.bbc.com/news/articles/c75v0kwy017o?at_medium=RSS&at_campaign=rss
2025-12-26 01:51:49,909 - INFO - [BBC] Attempt 1/1: Trying with 'requests_browser' strategy...
2025-12-26 01:51:49,994 - INFO - [BBC] Success with 'requests_browser'. Found content (312 words).
2025-12-26 01:51:50,107 - INFO - [The Guardian] Article: https://www.theguardian.com/world/2025/dec/26/myanmar-junta-prepares-elections-legitimise-power
2025-12-26 01:51:50,107 - INFO - [The Guardian] Attempt 1/1: Trying with 'requests_browser' strategy...
2025-12-26 01:51:50,171 - INFO - Duplicate article skipped: Eleven arrested over mass shooting in South Africa tavern from BBC
2025-12-26 01:51:50,225 - INFO - [The Guardian] Success with 'requests_browser'. Found content (1095 words).
2025-12-26 01:51:50,305 - INFO - Saved article: ‘Not for the people’: Myanmar junta prepares for elections designed to legitimise grip on power | Myanmar | The Guardian from The Guardian
2025-12-26 01:51:51,337 - INFO - [The Guardian] Article: https://www.theguardian.com/world/2025/dec/24/thailand-and-cambodia-begin-talks-to-end-deadly-clashes-after-venue-row
2025-12-26 01:51:51,338 - INFO - [The Guardian] Attempt 1/1: Trying with 'requests_browser' strategy...
2025-12-26 01:51:51,433 - INFO - [BBC] Article: https://www.bbc.com/news/articles/cp39kngz008o?at_medium=RSS&at_campaign=rss
2025-12-26 01:51:51,433 - INFO - [BBC] Attempt 1/1: Trying with 'requests_browser' strategy...
2025-12-26 01:51:51,436 - INFO - [The Guardian] Success with 'requests_browser'. Found content (283 words).
2025-12-26 01:51:51,812 - INFO - Duplicate article skipped: Thailand and Cambodia begin talks to end deadly clashes after venue row | Thailand | The Guardian from The Guardian
2025-12-26 01:51:51,818 - INFO - [BBC] Success with 'requests_browser'. Found content (704 words).
2025-12-26 01:51:52,037 - INFO - Duplicate article skipped: UK social media campaigners among five denied US visas from BBC
2025-12-26 01:51:52,637 - INFO - [BBC] Article: https://www.bbc.com/news/articles/c0je3v3en01o?at_medium=RSS&at_campaign=rss
2025-12-26 01:51:52,637 - INFO - [BBC] Attempt 1/1: Trying with 'requests_browser' strategy...
2025-12-26 01:51:52,799 - INFO - [BBC] Success with 'requests_browser'. Found content (166 words).
2025-12-26 01:51:53,048 - INFO - Duplicate article skipped: Five killed in explosion in packed Nigerian mosque from BBC
2025-12-26 01:51:53,074 - INFO - [The Guardian] Article: https://www.theguardian.com/world/2025/dec/24/rare-footage-from-trial-of-chinese-general-who-defied-tiananmen-crackdown-order-leaked-online
2025-12-26 01:51:53,074 - INFO - [The Guardian] Attempt 1/1: Trying with 'requests_browser' strategy...
2025-12-26 01:51:53,161 - INFO - [The Guardian] Success with 'requests_browser'. Found content (820 words).
2025-12-26 01:51:53,322 - INFO - Duplicate article skipped: Rare footage from trial of Chinese general who defied Tiananmen crackdown order leaked online | Tiananmen Square protests 1989 | The Guardian from The Guardian
2025-12-26 01:51:53,626 - INFO - [The Hindu] Page content loaded.
2025-12-26 01:51:53,848 - INFO - [The Hindu] Success with 'selenium_browser'. Found content (161 words).
2025-12-26 01:51:53,849 - INFO - [BBC] Article: https://www.bbc.com/news/articles/c79x0x7v70go?at_medium=RSS&at_campaign=rss
2025-12-26 01:51:53,861 - INFO - [BBC] Attempt 1/1: Trying with 'requests_browser' strategy...
2025-12-26 01:51:53,869 - INFO - [The Guardian] Article: https://www.theguardian.com/world/2025/dec/23/christians-pastors-arrested-detained-china-crackdown-house-churches
2025-12-26 01:51:53,869 - INFO - [The Guardian] Attempt 1/1: Trying with 'requests_browser' strategy...
2025-12-26 01:51:54,160 - INFO - [The Guardian] Success with 'requests_browser'. Found content (999 words).
2025-12-26 01:51:54,205 - INFO - [BBC] Success with 'requests_browser'. Found content (561 words).
2025-12-26 01:51:54,495 - INFO - Saved article: Attacks on Christians contradict PM's message of harmony, visit to church: Gehlot - The Hindu from The Hindu
2025-12-26 01:51:54,593 - INFO - Duplicate article skipped: ‘Is this real?’: wife of detained pastor describes anguish as China cracks down on unofficial churches | China | The Guardian from The Guardian
2025-12-26 01:51:54,648 - INFO - Duplicate article skipped: Lawmaker sues to remove Trump's name from Kennedy Center from BBC
2025-12-26 01:51:55,243 - INFO - [The Guardian] Article: https://www.theguardian.com/business/2025/dec/22/china-hits-eu-dairy-industry-with-tariffs
2025-12-26 01:51:55,243 - INFO - [The Guardian] Attempt 1/1: Trying with 'requests_browser' strategy...
2025-12-26 01:51:55,481 - INFO - [The Hindu] Article: https://www.thehindu.com/news/national/assam/four-arrested-for-pre-christmas-vandalism-in-assam-school/article70438723.ece
2025-12-26 01:51:55,481 - INFO - [The Hindu] Attempt 1/1: Trying with 'selenium_browser' strategy...
2025-12-26 01:51:55,505 - INFO - [The Guardian] Success with 'requests_browser'. Found content (437 words).
2025-12-26 01:51:55,584 - INFO - [BBC] Article: https://www.bbc.com/news/articles/ce8nep787pyo?at_medium=RSS&at_campaign=rss
2025-12-26 01:51:55,584 - INFO - [BBC] Attempt 1/1: Trying with 'requests_browser' strategy...
2025-12-26 01:51:55,916 - INFO - Duplicate article skipped: China hits EU dairy industry with tariffs of up to 42.7% | Food & drink industry | The Guardian from The Guardian
2025-12-26 01:51:56,452 - INFO - [The Guardian] Article: https://www.theguardian.com/australia-news/2025/dec/26/victoria-police-happy-chanukah-car-fire-st-kilda-melbourne-ntwnfb
2025-12-26 01:51:56,452 - INFO - [The Guardian] Attempt 1/1: Trying with 'requests_browser' strategy...
2025-12-26 01:51:56,845 - INFO - [BBC] Success with 'requests_browser'. Found content (375 words).
2025-12-26 01:51:56,869 - INFO - [The Guardian] Success with 'requests_browser'. Found content (335 words).
2025-12-26 01:51:57,008 - INFO - Duplicate article skipped: Christmas around the world: Waterskiing Santas and giant cuts of meat from BBC
2025-12-26 01:51:57,183 - INFO - Saved article: Victoria police name man they want to interview in relation to ‘Happy Chanukah’ car fire in St Kilda | Victoria | The Guardian from The Guardian
2025-12-26 01:51:58,029 - INFO - [The Guardian] Article: https://www.theguardian.com/australia-news/2025/dec/26/man-charged-after-allegedly-performing-nazi-salutes-at-canberra-shopping-centres-ntwnfb
2025-12-26 01:51:58,029 - INFO - [The Guardian] Attempt 1/1: Trying with 'requests_browser' strategy...
2025-12-26 01:51:58,149 - INFO - [The Guardian] Success with 'requests_browser'. Found content (367 words).
2025-12-26 01:51:58,286 - INFO - Saved article: Man charged after allegedly performing Nazi salutes at Canberra shopping centres | Australian Capital Territory (ACT) | The Guardian from The Guardian
2025-12-26 01:51:58,603 - INFO - [BBC] Article: https://www.bbc.com/news/articles/c5yj4yvx80do?at_medium=RSS&at_campaign=rss
2025-12-26 01:51:58,603 - INFO - [BBC] Attempt 1/1: Trying with 'requests_browser' strategy...
2025-12-26 01:51:58,824 - INFO - [BBC] Success with 'requests_browser'. Found content (1755 words).
2025-12-26 01:51:58,986 - INFO - Duplicate article skipped: Epstein files takeaways: Possible co-conspirators, fake video and Trump trips from BBC
2025-12-26 01:51:59,581 - INFO - [BBC] Article: https://www.bbc.com/news/articles/clyd12d38jgo?at_medium=RSS&at_campaign=rss
2025-12-26 01:51:59,581 - INFO - [BBC] Attempt 1/1: Trying with 'requests_browser' strategy...
2025-12-26 01:51:59,632 - INFO - [The Guardian] Article: https://www.theguardian.com/australia-news/2025/dec/25/sydney-to-hobart-yacht-race-forecast-to-be-cold-wet-and-bumpy-as-australias-west-faces-cyclone-and-bushfire-threat
2025-12-26 01:51:59,633 - INFO - [The Guardian] Attempt 1/1: Trying with 'requests_browser' strategy...
2025-12-26 01:51:59,833 - INFO - [The Guardian] Success with 'requests_browser'. Found content (645 words).
2025-12-26 01:51:59,906 - INFO - [BBC] Success with 'requests_browser'. Found content (2008 words).
2025-12-26 01:52:00,307 - INFO - Duplicate article skipped: Western Australia faces bushfire threat as cold, wet and bumpy Sydney to Hobart yacht race forecast | Australia weather | The Guardian from The Guardian
2025-12-26 01:52:00,369 - INFO - Duplicate article skipped: How the new order of the Murdoch dynasty is playing out from BBC
2025-12-26 01:52:01,240 - INFO - [BBC] Article: https://www.bbc.com/news/articles/cvg1361d32ro?at_medium=RSS&at_campaign=rss
2025-12-26 01:52:01,240 - INFO - [BBC] Attempt 1/1: Trying with 'requests_browser' strategy...
2025-12-26 01:52:01,367 - INFO - [BBC] Success with 'requests_browser'. Found content (1376 words).
2025-12-26 01:52:01,402 - INFO - [The Guardian] Article: https://www.theguardian.com/australia-news/2025/dec/24/perth-man-charged-with-racial-harassment-for-alleged-post-backing-bondi-attack-ntwnfb
2025-12-26 01:52:01,402 - INFO - [The Guardian] Attempt 1/1: Trying with 'requests_browser' strategy...
2025-12-26 01:52:01,511 - INFO - Duplicate article skipped: Have the American Pope and American administration fallen out? from BBC
2025-12-26 01:52:01,559 - INFO - [The Guardian] Success with 'requests_browser'. Found content (505 words).
2025-12-26 01:52:01,683 - INFO - Duplicate article skipped: Perth man charged with racial harassment for alleged post backing Bondi attack | Bondi beach terror attack | The Guardian from The Guardian
2025-12-26 01:52:02,750 - INFO - [BBC] Article: https://www.bbc.com/news/articles/cj69d8we98jo?at_medium=RSS&at_campaign=rss
2025-12-26 01:52:02,750 - INFO - [BBC] Attempt 1/1: Trying with 'requests_browser' strategy...
2025-12-26 01:52:02,886 - INFO - [BBC] Success with 'requests_browser'. Found content (1710 words).
2025-12-26 01:52:03,000 - INFO - Duplicate article skipped: South Africa's Madlanga Commission so far: An alleged drug cartel and a murdered witness from BBC
2025-12-26 01:52:03,180 - INFO - [The Guardian] Article: https://www.theguardian.com/australia-news/2025/dec/24/wounded-bondi-hero-ahmed-al-ahmed-recovering-well-and-may-soon-leave-hospital-ntwnfb
2025-12-26 01:52:03,181 - INFO - [The Guardian] Attempt 1/1: Trying with 'requests_browser' strategy...
2025-12-26 01:52:03,446 - INFO - [The Guardian] Success with 'requests_browser'. Found content (560 words).
2025-12-26 01:52:03,590 - INFO - Duplicate article skipped: Wounded Bondi hero Ahmed al-Ahmed recovering well and may soon leave hospital | Bondi beach terror attack | The Guardian from The Guardian
2025-12-26 01:52:03,892 - INFO - [BBC] Article: https://www.bbc.com/news/videos/clyx049x0z7o?at_medium=RSS&at_campaign=rss
2025-12-26 01:52:03,892 - INFO - [BBC] Attempt 1/1: Trying with 'requests_browser' strategy...
2025-12-26 01:52:04,049 - INFO - [BBC] Success with 'requests_browser'. Found content (104 words).
2025-12-26 01:52:04,181 - INFO - Saved article: Watch: Pope Leo's plea for peace in Christmas message from BBC
2025-12-26 01:52:04,782 - INFO - [The Guardian] Article: https://www.theguardian.com/world/2025/dec/25/sergei-udaltsov-terrorism
2025-12-26 01:52:04,782 - INFO - [The Guardian] Attempt 1/1: Trying with 'requests_browser' strategy...
2025-12-26 01:52:04,844 - INFO - [The Guardian] Success with 'requests_browser'. Found content (320 words).
2025-12-26 01:52:04,926 - INFO - Saved article: Russian opposition leader sentenced to six years in prison | Russia | The Guardian from The Guardian
2025-12-26 01:52:05,653 - INFO - [BBC] Article: https://www.bbc.com/news/videos/cqxqvd0z5gno?at_medium=RSS&at_campaign=rss
2025-12-26 01:52:05,654 - INFO - [BBC] Attempt 1/1: Trying with 'requests_browser' strategy...
2025-12-26 01:52:05,707 - INFO - [BBC] Success with 'requests_browser'. Found content (102 words).
2025-12-26 01:52:05,755 - INFO - Duplicate article skipped: Where is Santa now? Trump answers kids' calls to Norad tracker from BBC
2025-12-26 01:52:06,055 - INFO - [The Guardian] Article: https://www.theguardian.com/society/2025/dec/25/blood-test-predict-risk-inherited-heart-condition-hypertrophic-cardiomyopathy
2025-12-26 01:52:06,055 - INFO - [The Guardian] Attempt 1/1: Trying with 'requests_browser' strategy...
2025-12-26 01:52:06,078 - INFO - [The Guardian] Success with 'requests_browser'. Found content (608 words).
2025-12-26 01:52:06,119 - INFO - Saved article: Blood test could predict who is most at risk from common inherited heart condition | Health | The Guardian from The Guardian
2025-12-26 01:52:06,758 - INFO - [BBC] Article: https://www.bbc.com/news/videos/c30j52jrp84o?at_medium=RSS&at_campaign=rss
2025-12-26 01:52:06,758 - INFO - [BBC] Attempt 1/1: Trying with 'requests_browser' strategy...
2025-12-26 01:52:06,806 - INFO - [BBC] Success with 'requests_browser'. Found content (84 words).
2025-12-26 01:52:06,839 - INFO - [The Guardian] Article: https://www.theguardian.com/world/2025/dec/24/pope-leo-christmas-message-kindness-strangers-poor
2025-12-26 01:52:06,839 - INFO - [The Guardian] Attempt 1/1: Trying with 'requests_browser' strategy...
2025-12-26 01:52:06,851 - INFO - Duplicate article skipped: Watch: Moment robbers rip ATM machine from inside Texas store from BBC
2025-12-26 01:52:06,884 - INFO - [The Guardian] Success with 'requests_browser'. Found content (334 words).
2025-12-26 01:52:06,936 - INFO - Duplicate article skipped: Pope Leo calls for kindness to strangers and the poor in Christmas Eve message | Pope Leo XIV | The Guardian from The Guardian
2025-12-26 01:52:08,327 - INFO - [BBC] Article: https://www.bbc.com/news/videos/c8dy3772m1lo?at_medium=RSS&at_campaign=rss
2025-12-26 01:52:08,327 - INFO - [BBC] Attempt 1/1: Trying with 'requests_browser' strategy...
2025-12-26 01:52:08,340 - INFO - [The Guardian] Article: https://www.theguardian.com/world/2025/dec/24/three-killed-in-moscow-car-explosion-say-russian-authorities
2025-12-26 01:52:08,340 - INFO - [The Guardian] Attempt 1/1: Trying with 'requests_browser' strategy...
2025-12-26 01:52:08,387 - INFO - [The Guardian] Success with 'requests_browser'. Found content (369 words).
2025-12-26 01:52:08,427 - INFO - Duplicate article skipped: Three killed in Moscow car explosion, say Russian authorities | Russia | The Guardian from The Guardian
2025-12-26 01:52:08,435 - WARNING - [BBC] FAILED with 'requests_browser' (content was too short: 59 words).
2025-12-26 01:52:08,436 - ERROR - [BBC] All scrape strategies failed for https://www.bbc.com/news/videos/c8dy3772m1lo?at_medium=RSS&at_campaign=rss. Falling back to RSS description.
2025-12-26 01:52:08,436 - INFO - Duplicate article skipped: Ho Ho No! Santa pulled over for speeding in Ohio from BBC
2025-12-26 01:52:08,955 - INFO - [The Guardian] Article: https://www.theguardian.com/world/2025/dec/24/us-ukraine-edge-closer-joint-plan-end-war-moscow-response-uncertain
2025-12-26 01:52:08,956 - INFO - [The Guardian] Attempt 1/1: Trying with 'requests_browser' strategy...
2025-12-26 01:52:08,985 - INFO - [The Guardian] Success with 'requests_browser'. Found content (885 words).
2025-12-26 01:52:09,086 - INFO - Duplicate article skipped: US and Ukraine edge closer to joint plan to end war – with Moscow’s response uncertain | Ukraine | The Guardian from The Guardian
2025-12-26 01:52:09,244 - INFO - [BBC] Article: https://www.bbc.com/news/videos/clydk6vd4rzo?at_medium=RSS&at_campaign=rss
2025-12-26 01:52:09,244 - INFO - [BBC] Attempt 1/1: Trying with 'requests_browser' strategy...
2025-12-26 01:52:09,292 - WARNING - [BBC] FAILED with 'requests_browser' (content was too short: 73 words).
2025-12-26 01:52:09,292 - ERROR - [BBC] All scrape strategies failed for https://www.bbc.com/news/videos/clydk6vd4rzo?at_medium=RSS&at_campaign=rss. Falling back to RSS description.
2025-12-26 01:52:09,293 - INFO - Duplicate article skipped: Watch: Huge fireball as tanker explodes on Italian motorway from BBC
2025-12-26 01:52:10,682 - INFO - [BBC] Article: https://www.bbc.com/news/videos/c0edjv3jr3po?at_medium=RSS&at_campaign=rss
2025-12-26 01:52:10,683 - INFO - [BBC] Attempt 1/1: Trying with 'requests_browser' strategy...
2025-12-26 01:52:10,731 - INFO - [BBC] Success with 'requests_browser'. Found content (114 words).
2025-12-26 01:52:10,775 - INFO - Duplicate article skipped: Watch: Rescuers find survivor in wreckage of Mexican Navy medical flight from BBC
2025-12-26 01:53:44,998 - ERROR - [Times of India] Request failed for strategy 'selenium_browser' on URL https://timesofindia.indiatimes.com/world/south-asia/bangladesh-yunus-aide-quits-amid-unrest-over-hadis-death/articleshow/126181043.cms: HTTPConnectionPool(host='localhost', port=56973): Read timed out. (read timeout=120)
2025-12-26 01:53:44,998 - ERROR - [Times of India] All scrape strategies failed for https://timesofindia.indiatimes.com/world/south-asia/bangladesh-yunus-aide-quits-amid-unrest-over-hadis-death/articleshow/126181043.cms. Falling back to RSS description.
2025-12-26 01:53:45,000 - INFO - Saved article: Bangladesh: Yunus aide quits amid unrest over Hadi’s death from Times of India
2025-12-26 01:53:45,851 - INFO - [Times of India] Article: https://timesofindia.indiatimes.com/world/china/china-social-media-thrashes-one-child-policy-after-population-control-czar-dies/articleshow/126180995.cms
2025-12-26 01:53:45,851 - INFO - [Times of India] Attempt 1/1: Trying with 'selenium_browser' strategy...
2025-12-26 01:53:55,562 - ERROR - [The Hindu] Request failed for strategy 'selenium_browser' on URL https://www.thehindu.com/news/national/assam/four-arrested-for-pre-christmas-vandalism-in-assam-school/article70438723.ece: HTTPConnectionPool(host='localhost', port=38299): Read timed out. (read timeout=120)
2025-12-26 01:53:55,562 - ERROR - [The Hindu] All scrape strategies failed for https://www.thehindu.com/news/national/assam/four-arrested-for-pre-christmas-vandalism-in-assam-school/article70438723.ece. Falling back to RSS description.
2025-12-26 01:53:55,564 - INFO - Saved article: Four arrested for pre-Christmas vandalism in Assam school from The Hindu
2025-12-26 01:53:56,425 - INFO - [The Hindu] Article: https://www.thehindu.com/news/national/madhya-pradesh/tightening-the-opium-belt-in-madhya-pradesh/article70433879.ece
2025-12-26 01:53:56,425 - INFO - [The Hindu] Attempt 1/1: Trying with 'selenium_browser' strategy...
2025-12-26 01:55:45,952 - ERROR - [Times of India] Request failed for strategy 'selenium_browser' on URL https://timesofindia.indiatimes.com/world/china/china-social-media-thrashes-one-child-policy-after-population-control-czar-dies/articleshow/126180995.cms: HTTPConnectionPool(host='localhost', port=56973): Read timed out. (read timeout=120)
2025-12-26 01:55:45,952 - ERROR - [Times of India] All scrape strategies failed for https://timesofindia.indiatimes.com/world/china/china-social-media-thrashes-one-child-policy-after-population-control-czar-dies/articleshow/126180995.cms. Falling back to RSS description.
2025-12-26 01:55:45,955 - INFO - Saved article: China social media thrashes one-child policy after population control czar dies from Times of India
2025-12-26 01:55:47,426 - INFO - [Times of India] Article: https://timesofindia.indiatimes.com/world/us/a-million-more-epstein-documents-have-been-found-justice-department-says/articleshow/126180973.cms
2025-12-26 01:55:47,426 - INFO - [Times of India] Attempt 1/1: Trying with 'selenium_browser' strategy...
2025-12-26 01:55:56,463 - ERROR - [The Hindu] Request failed for strategy 'selenium_browser' on URL https://www.thehindu.com/news/national/madhya-pradesh/tightening-the-opium-belt-in-madhya-pradesh/article70433879.ece: HTTPConnectionPool(host='localhost', port=38299): Read timed out. (read timeout=120)
2025-12-26 01:55:56,464 - ERROR - [The Hindu] All scrape strategies failed for https://www.thehindu.com/news/national/madhya-pradesh/tightening-the-opium-belt-in-madhya-pradesh/article70433879.ece. Falling back to RSS description.
2025-12-26 01:55:56,465 - INFO - Saved article: Tightening the opium belt in Madhya Pradesh from The Hindu
2025-12-26 01:55:56,977 - INFO - [The Hindu] Article: https://www.thehindu.com/news/national/tamil-nadu/iit-kanpur-survey-to-assess-extent-of-sand-mining-was-illegal-says-tn-govt/article70437383.ece
2025-12-26 01:55:56,977 - INFO - [The Hindu] Attempt 1/1: Trying with 'selenium_browser' strategy...
2025-12-26 01:57:47,524 - ERROR - [Times of India] Request failed for strategy 'selenium_browser' on URL https://timesofindia.indiatimes.com/world/us/a-million-more-epstein-documents-have-been-found-justice-department-says/articleshow/126180973.cms: HTTPConnectionPool(host='localhost', port=56973): Read timed out. (read timeout=120)
2025-12-26 01:57:47,524 - ERROR - [Times of India] All scrape strategies failed for https://timesofindia.indiatimes.com/world/us/a-million-more-epstein-documents-have-been-found-justice-department-says/articleshow/126180973.cms. Falling back to RSS description.
2025-12-26 01:57:47,526 - INFO - Saved article: A million more Epstein documents have been found, justice department says from Times of India
2025-12-26 01:57:48,467 - INFO - [Times of India] Article: https://timesofindia.indiatimes.com/world/europe/in-first-christmas-sermon-pope-leo-tells-worlds-leaders-to-talk-rather-than-make-war/articleshow/126180933.cms
2025-12-26 01:57:48,467 - INFO - [Times of India] Attempt 1/1: Trying with 'selenium_browser' strategy...
2025-12-26 01:57:57,078 - ERROR - [The Hindu] Request failed for strategy 'selenium_browser' on URL https://www.thehindu.com/news/national/tamil-nadu/iit-kanpur-survey-to-assess-extent-of-sand-mining-was-illegal-says-tn-govt/article70437383.ece: HTTPConnectionPool(host='localhost', port=38299): Read timed out. (read timeout=120)
2025-12-26 01:57:57,078 - ERROR - [The Hindu] All scrape strategies failed for https://www.thehindu.com/news/national/tamil-nadu/iit-kanpur-survey-to-assess-extent-of-sand-mining-was-illegal-says-tn-govt/article70437383.ece. Falling back to RSS description.
2025-12-26 01:57:57,080 - INFO - Saved article: IIT-Kanpur survey to assess extent of sand mining was illegal, says T.N. govt. from The Hindu
2025-12-26 01:57:58,518 - INFO - [The Hindu] Article: https://www.thehindu.com/news/national/jammu-and-kashmir/this-winter-christmas-festivities-liftspirit-of-moribund-kashmir-tourism/article70437521.ece
2025-12-26 01:57:58,518 - INFO - [The Hindu] Attempt 1/1: Trying with 'selenium_browser' strategy...
2025-12-26 01:58:37,683 - CRITICAL - --- TIMEOUT: 2 scrape jobs did not complete in 420s. ---
2025-12-26 01:58:37,683 - ERROR - A thread has timed out and will be abandoned.
2025-12-26 01:58:37,683 - ERROR - A thread has timed out and will be abandoned.
2025-12-26 01:58:37,683 - INFO - Shutting down thread pool (wait=False)...
2025-12-26 01:58:37,683 - INFO - Scraped: 4 BBC, 7 The Guardian, 2 Timed_Out_Jobs articles. (Total saved: 11)
2025-12-26 01:58:37,683 - INFO - --- Scraping job finished ---
2025-12-26 01:58:37,684 - INFO - --- Scraper service stopped and database connection closed. ---
2025-12-26 01:58:37,684 - INFO - --- Main thread finished. Forcing process exit to kill zombie threads. ---
