2026-01-07 12:51:47,019 - INFO - Initializing database connection at: news_articles.db
2026-01-07 12:51:47,019 - INFO - --- Scraper service started (CI Mode: Run Once) ---
2026-01-07 12:51:47,019 - INFO - --- Starting new scraping job (Parallel Mode) ---
2026-01-07 12:51:47,019 - INFO - Creating new robust session with 3 retries on 5xx/connection/read errors.
2026-01-07 12:51:47,019 - INFO - Proxy is DISABLED.
2026-01-07 12:51:47,019 - INFO - Starting scrape for BBC RSS feed: http://feeds.bbci.co.uk/news/world/rss.xml
2026-01-07 12:51:47,020 - INFO - [Times of India] (Thread) requires Selenium. Initializing driver...
2026-01-07 12:51:47,020 - INFO - Initializing headless Selenium Chrome driver (using SeleniumManager)...
2026-01-07 12:51:47,020 - INFO - Starting scrape for The Guardian RSS feed: https://www.theguardian.com/world/rss
2026-01-07 12:51:47,021 - INFO - [The Hindu] (Thread) requires Selenium. Initializing driver...
2026-01-07 12:51:47,021 - INFO - Submitted 4 jobs to thread pool. Waiting up to 420s for completion...
2026-01-07 12:51:47,021 - INFO - Initializing headless Selenium Chrome driver (using SeleniumManager)...
2026-01-07 12:51:47,144 - INFO - Found 45 articles in The Guardian RSS feed. Processing up to 25.
2026-01-07 12:51:47,144 - INFO - [The Guardian] Article: https://www.theguardian.com/world/2026/jan/02/anthony-joshuas-driver-charged-with-dangerous-driving-after-fatal-crash-in-nigeria
2026-01-07 12:51:47,144 - INFO - [The Guardian] Attempt 1/1: Trying with 'requests_browser' strategy...
2026-01-07 12:51:47,299 - INFO - Found 38 articles in BBC RSS feed. Processing up to 25.
2026-01-07 12:51:47,300 - INFO - [BBC] Article: https://www.bbc.com/news/articles/cwyg1jg8xkmo?at_medium=RSS&at_campaign=rss
2026-01-07 12:51:47,300 - INFO - [BBC] Attempt 1/1: Trying with 'requests_browser' strategy...
2026-01-07 12:51:47,310 - INFO - [The Guardian] Success with 'requests_browser'. Found content (346 words).
2026-01-07 12:51:47,343 - INFO - Duplicate article skipped: Anthony Joshua’s driver charged with dangerous driving after fatal crash in Nigeria | Anthony Joshua | The Guardian from The Guardian
2026-01-07 12:51:47,492 - INFO - [BBC] Success with 'requests_browser'. Found content (951 words).
2026-01-07 12:51:47,528 - INFO - Saved article: US discussing options to acquire Greenland, including use of military - White House from BBC
2026-01-07 12:51:48,466 - INFO - [BBC] Article: https://www.bbc.com/news/articles/c7v0deypjl4o?at_medium=RSS&at_campaign=rss
2026-01-07 12:51:48,466 - INFO - [BBC] Attempt 1/1: Trying with 'requests_browser' strategy...
2026-01-07 12:51:48,505 - INFO - [BBC] Success with 'requests_browser'. Found content (870 words).
2026-01-07 12:51:48,538 - INFO - Duplicate article skipped: Russia sends navy to guard oil tanker being pursued by US forces from BBC
2026-01-07 12:51:48,829 - INFO - [The Guardian] Article: https://www.theguardian.com/science/2026/jan/01/cremation-pyre-in-africa-thought-to-be-worlds-oldest-containing-adult-remains
2026-01-07 12:51:48,829 - INFO - [The Guardian] Attempt 1/1: Trying with 'requests_browser' strategy...
2026-01-07 12:51:48,857 - INFO - [The Guardian] Success with 'requests_browser'. Found content (653 words).
2026-01-07 12:51:48,889 - INFO - Duplicate article skipped: Cremation pyre in Africa thought to be world’s oldest containing adult remains | Anthropology | The Guardian from The Guardian
2026-01-07 12:51:49,068 - INFO - [BBC] Article: https://www.bbc.com/news/articles/c74wexkd598o?at_medium=RSS&at_campaign=rss
2026-01-07 12:51:49,068 - INFO - [BBC] Attempt 1/1: Trying with 'requests_browser' strategy...
2026-01-07 12:51:49,100 - INFO - [BBC] Success with 'requests_browser'. Found content (314 words).
2026-01-07 12:51:49,130 - INFO - Saved article: Families shocked Swiss ski bar was not inspected for years before deadly fire from BBC
2026-01-07 12:51:49,637 - INFO - [BBC] Article: https://www.bbc.com/news/articles/clyz4dzyq7po?at_medium=RSS&at_campaign=rss
2026-01-07 12:51:49,637 - INFO - [BBC] Attempt 1/1: Trying with 'requests_browser' strategy...
2026-01-07 12:51:49,673 - INFO - [BBC] Success with 'requests_browser'. Found content (468 words).
2026-01-07 12:51:49,708 - INFO - Saved article: Burkina Faso foils plot to assassinate Capt Ibrahim Traoré, says junta from BBC
2026-01-07 12:51:50,106 - INFO - [The Guardian] Article: https://www.theguardian.com/global-development/2026/jan/01/us-aid-cuts-conditions-un-humanitarian-pledge-ocha
2026-01-07 12:51:50,106 - INFO - [The Guardian] Attempt 1/1: Trying with 'requests_browser' strategy...
2026-01-07 12:51:50,262 - INFO - [The Guardian] Success with 'requests_browser'. Found content (631 words).
2026-01-07 12:51:50,294 - INFO - Duplicate article skipped: US ‘adapt, shrink or die’ terms for $2bn aid pot will mean UN bowing down to Washington, say experts | Aid | The Guardian from The Guardian
2026-01-07 12:51:51,078 - INFO - [BBC] Article: https://www.bbc.com/news/articles/c4grxzxjjd8o?at_medium=RSS&at_campaign=rss
2026-01-07 12:51:51,078 - INFO - [BBC] Attempt 1/1: Trying with 'requests_browser' strategy...
2026-01-07 12:51:51,116 - INFO - [BBC] Success with 'requests_browser'. Found content (921 words).
2026-01-07 12:51:51,147 - INFO - Duplicate article skipped: Trump says Venezuela will be 'turning over' up to 50 million barrels of oil to US from BBC
2026-01-07 12:51:51,439 - INFO - [The Guardian] Article: https://www.theguardian.com/world/2025/dec/31/guinea-junta-chief-mamady-doumbouya-elected-president-after-opposition-boycott
2026-01-07 12:51:51,440 - INFO - [The Guardian] Attempt 1/1: Trying with 'requests_browser' strategy...
2026-01-07 12:51:51,598 - INFO - [The Guardian] Success with 'requests_browser'. Found content (399 words).
2026-01-07 12:51:51,628 - INFO - Duplicate article skipped: Guinea’s junta chief elected president after opposition boycott | Guinea | The Guardian from The Guardian
2026-01-07 12:51:51,809 - INFO - [BBC] Article: https://www.bbc.com/news/articles/c0er4qd3115o?at_medium=RSS&at_campaign=rss
2026-01-07 12:51:51,809 - INFO - [BBC] Attempt 1/1: Trying with 'requests_browser' strategy...
2026-01-07 12:51:51,847 - INFO - [BBC] Success with 'requests_browser'. Found content (607 words).
2026-01-07 12:51:51,904 - INFO - Saved article: Nobel winner Maria Machado says her coalition should lead Venezuela from BBC
2026-01-07 12:51:52,642 - INFO - [The Guardian] Article: https://www.theguardian.com/world/2025/dec/30/saudi-arabia-uae-tension-future-yemen-boiling-point
2026-01-07 12:51:52,642 - INFO - [The Guardian] Attempt 1/1: Trying with 'requests_browser' strategy...
2026-01-07 12:51:52,805 - INFO - [The Guardian] Success with 'requests_browser'. Found content (932 words).
2026-01-07 12:51:52,843 - INFO - Duplicate article skipped: Tensions between Saudis and Emiratis over future of Yemen reach boiling point | Yemen | The Guardian from The Guardian
2026-01-07 12:51:53,379 - INFO - [BBC] Article: https://www.bbc.com/news/articles/cj0n29395j3o?at_medium=RSS&at_campaign=rss
2026-01-07 12:51:53,379 - INFO - [BBC] Attempt 1/1: Trying with 'requests_browser' strategy...
2026-01-07 12:51:53,420 - INFO - [BBC] Success with 'requests_browser'. Found content (649 words).
2026-01-07 12:51:53,454 - INFO - Saved article: Aldrich Ames, CIA agent who sold secrets to the Soviets, dies aged 84 from BBC
2026-01-07 12:51:54,302 - INFO - [The Guardian] Article: https://www.theguardian.com/us-news/live/2026/jan/07/donald-trump-venezuela-greenland-oil-childcare-us-politics-live
2026-01-07 12:51:54,302 - INFO - [The Guardian] Attempt 1/1: Trying with 'requests_browser' strategy...
2026-01-07 12:51:54,658 - INFO - [The Guardian] Success with 'requests_browser'. Found content (3854 words).
2026-01-07 12:51:54,740 - INFO - Saved article: Trump indicates that Venezuela is responding to demands for ‘total access’ for US oil companies – US politics live | US news | The Guardian from The Guardian
2026-01-07 12:51:54,950 - INFO - [BBC] Article: https://www.bbc.com/news/articles/c9vxmx4rgr0o?at_medium=RSS&at_campaign=rss
2026-01-07 12:51:54,950 - INFO - [BBC] Attempt 1/1: Trying with 'requests_browser' strategy...
2026-01-07 12:51:54,983 - INFO - [BBC] Success with 'requests_browser'. Found content (288 words).
2026-01-07 12:51:55,018 - INFO - Saved article: Abubakar Malami: Nigeria’s former justice minister granted bail from BBC
2026-01-07 12:51:55,577 - INFO - [The Guardian] Article: https://www.theguardian.com/world/2026/jan/07/trump-venezuela-oil-regime-after-maduro
2026-01-07 12:51:55,577 - INFO - [The Guardian] Attempt 1/1: Trying with 'requests_browser' strategy...
2026-01-07 12:51:55,736 - INFO - [The Guardian] Success with 'requests_browser'. Found content (543 words).
2026-01-07 12:51:55,770 - INFO - Saved article: Trump claims Venezuela is set for an oil boom after US attack – history points to a bumpy road ahead | Venezuela | The Guardian from The Guardian
2026-01-07 12:51:55,926 - INFO - [BBC] Article: https://www.bbc.com/news/articles/czjg37p34r3o?at_medium=RSS&at_campaign=rss
2026-01-07 12:51:55,926 - INFO - [BBC] Attempt 1/1: Trying with 'requests_browser' strategy...
2026-01-07 12:51:55,962 - INFO - [BBC] Success with 'requests_browser'. Found content (573 words).
2026-01-07 12:51:55,994 - INFO - Duplicate article skipped: Six dead and hundreds of flights cancelled as snow causes chaos across Europe from BBC
2026-01-07 12:51:56,010 - INFO - Selenium driver initialized successfully.
2026-01-07 12:51:56,010 - INFO - Starting scrape for Times of India RSS feed: https://timesofindia.indiatimes.com/rssfeeds/296589292.cms
2026-01-07 12:51:56,011 - INFO - Selenium driver initialized successfully.
2026-01-07 12:51:56,011 - INFO - Starting scrape for The Hindu RSS feed: https://www.thehindu.com/news/national/feeder/default.rss
2026-01-07 12:51:56,196 - INFO - Found 20 articles in Times of India RSS feed. Processing up to 25.
2026-01-07 12:51:56,196 - INFO - [Times of India] Article: https://timesofindia.indiatimes.com/world/us-streamers/pokimane-weighs-in-on-pros-and-cons-of-dating-wealthy-and-broke-men-twitch-stars-dating-comments-once-again-go-viral/articleshow/126394276.cms
2026-01-07 12:51:56,196 - INFO - [Times of India] Attempt 1/1: Trying with 'selenium_browser' strategy...
2026-01-07 12:51:56,384 - INFO - Found 100 articles in The Hindu RSS feed. Processing up to 25.
2026-01-07 12:51:56,385 - INFO - [The Hindu] Article: https://www.thehindu.com/sci-tech/health/covid-vaccine-funding-data-not-available-cic-directs-dpiit-to-file-affidavit/article70482283.ece
2026-01-07 12:51:56,385 - INFO - [The Hindu] Attempt 1/1: Trying with 'selenium_browser' strategy...
2026-01-07 12:51:56,521 - INFO - [BBC] Article: https://www.bbc.com/news/articles/c8j38rmm4z3o?at_medium=RSS&at_campaign=rss
2026-01-07 12:51:56,521 - INFO - [BBC] Attempt 1/1: Trying with 'requests_browser' strategy...
2026-01-07 12:51:56,560 - INFO - [BBC] Success with 'requests_browser'. Found content (367 words).
2026-01-07 12:51:56,599 - INFO - Saved article: Japan nuclear agency worker loses phone with confidential data in China from BBC
2026-01-07 12:51:57,074 - INFO - [The Guardian] Article: https://www.theguardian.com/business/2026/jan/07/oil-prices-fall-after-trump-says-venezuela-will-send-up-to-50m-barrels-to-us
2026-01-07 12:51:57,074 - INFO - [The Guardian] Attempt 1/1: Trying with 'requests_browser' strategy...
2026-01-07 12:51:57,135 - INFO - [The Guardian] Success with 'requests_browser'. Found content (632 words).
2026-01-07 12:51:57,215 - INFO - Saved article: Oil prices fall after Trump says Venezuela will send up to 50m barrels to US | Oil | The Guardian from The Guardian
2026-01-07 12:51:57,760 - INFO - [BBC] Article: https://www.bbc.com/news/articles/c17zee20qpzo?at_medium=RSS&at_campaign=rss
2026-01-07 12:51:57,760 - INFO - [BBC] Attempt 1/1: Trying with 'requests_browser' strategy...
2026-01-07 12:51:57,806 - INFO - [BBC] Success with 'requests_browser'. Found content (915 words).
2026-01-07 12:51:57,899 - INFO - Duplicate article skipped: UK and France to send troops to Ukraine if peace deal agreed with Russia from BBC
2026-01-07 12:51:58,106 - INFO - [The Guardian] Article: https://www.theguardian.com/world/2026/jan/07/wager-platform-polymarket-will-not-pay-out-on-bets-on-us-invasion-of-venezuela
2026-01-07 12:51:58,106 - INFO - [The Guardian] Attempt 1/1: Trying with 'requests_browser' strategy...
2026-01-07 12:51:58,142 - INFO - [The Guardian] Success with 'requests_browser'. Found content (388 words).
2026-01-07 12:51:58,201 - INFO - Saved article: Gambling platform Polymarket not paying bets on US invasion of Venezuela | Venezuela | The Guardian from The Guardian
2026-01-07 12:51:58,883 - INFO - [BBC] Article: https://www.bbc.com/news/articles/crmlnmnwzk2o?at_medium=RSS&at_campaign=rss
2026-01-07 12:51:58,883 - INFO - [BBC] Attempt 1/1: Trying with 'requests_browser' strategy...
2026-01-07 12:51:58,967 - INFO - [BBC] Success with 'requests_browser'. Found content (728 words).
2026-01-07 12:51:59,147 - INFO - Saved article: Lego unveils tech-filled Smart Bricks - to play experts' unease from BBC
2026-01-07 12:51:59,580 - INFO - [The Guardian] Article: https://www.theguardian.com/world/2026/jan/07/wednesday-briefing-what-europes-silence-over-venezuela-says-about-its-fear-of-trump
2026-01-07 12:51:59,580 - INFO - [The Guardian] Attempt 1/1: Trying with 'requests_browser' strategy...
2026-01-07 12:51:59,776 - INFO - [The Guardian] Success with 'requests_browser'. Found content (1666 words).
2026-01-07 12:51:59,943 - INFO - Saved article: Wednesday briefing: What Europe’s silence over Venezuela says about its fear of Trump | Venezuela | The Guardian from The Guardian
2026-01-07 12:52:00,233 - INFO - [BBC] Article: https://www.bbc.com/news/articles/cre28d2j2zxo?at_medium=RSS&at_campaign=rss
2026-01-07 12:52:00,233 - INFO - [BBC] Attempt 1/1: Trying with 'requests_browser' strategy...
2026-01-07 12:52:00,376 - INFO - [BBC] Success with 'requests_browser'. Found content (1261 words).
2026-01-07 12:52:00,493 - INFO - [The Guardian] Article: https://www.theguardian.com/world/2026/jan/06/papua-new-guinea-internet-starlink-shut-down
2026-01-07 12:52:00,493 - INFO - [The Guardian] Attempt 1/1: Trying with 'requests_browser' strategy...
2026-01-07 12:52:00,543 - INFO - Duplicate article skipped: Iran anti-government protests spread to majority of provinces, videos show from BBC
2026-01-07 12:52:00,999 - INFO - [The Guardian] Success with 'requests_browser'. Found content (558 words).
2026-01-07 12:52:01,138 - INFO - Duplicate article skipped: Anger in Papua New Guinea after Starlink ordered to shut down internet services | Papua New Guinea | The Guardian from The Guardian
2026-01-07 12:52:01,275 - INFO - [BBC] Article: https://www.bbc.com/news/articles/c74w54783zeo?at_medium=RSS&at_campaign=rss
2026-01-07 12:52:01,275 - INFO - [BBC] Attempt 1/1: Trying with 'requests_browser' strategy...
2026-01-07 12:52:01,437 - INFO - [BBC] Success with 'requests_browser'. Found content (341 words).
2026-01-07 12:52:01,584 - INFO - Duplicate article skipped: Sudan civil war: Children among 13 killed after drone hits home in el-Obeid city, medics say from BBC
2026-01-07 12:52:01,873 - INFO - [The Guardian] Article: https://www.theguardian.com/world/2026/jan/06/what-us-action-in-venezuela-means-for-taiwan
2026-01-07 12:52:01,873 - INFO - [The Guardian] Attempt 1/1: Trying with 'requests_browser' strategy...
2026-01-07 12:52:02,015 - INFO - [The Guardian] Success with 'requests_browser'. Found content (938 words).
2026-01-07 12:52:02,121 - INFO - Duplicate article skipped: What does the US raid in Venezuela mean for China’s designs on Taiwan? | Taiwan | The Guardian from The Guardian
2026-01-07 12:52:02,825 - INFO - [The Guardian] Article: https://www.theguardian.com/world/2026/jan/05/venezuela-trump-attack-china-interests-analysis
2026-01-07 12:52:02,825 - INFO - [The Guardian] Attempt 1/1: Trying with 'requests_browser' strategy...
2026-01-07 12:52:02,901 - INFO - [The Guardian] Success with 'requests_browser'. Found content (788 words).
2026-01-07 12:52:02,948 - INFO - [BBC] Article: https://www.bbc.com/news/articles/cpv7myg2nw4o?at_medium=RSS&at_campaign=rss
2026-01-07 12:52:02,948 - INFO - [BBC] Attempt 1/1: Trying with 'requests_browser' strategy...
2026-01-07 12:52:02,993 - INFO - Duplicate article skipped: Trump’s attack leaves China worried about its interests in Venezuela | Venezuela | The Guardian from The Guardian
2026-01-07 12:52:03,021 - INFO - [BBC] Success with 'requests_browser'. Found content (634 words).
2026-01-07 12:52:03,087 - INFO - Duplicate article skipped: Zelensky replaces Ukraine's powerful security service leadership from BBC
2026-01-07 12:52:04,243 - INFO - [The Guardian] Article: https://www.theguardian.com/world/2026/jan/05/giant-bluefin-tuna-sold-record-amount-tokyo-auction-kiyoshi-kimura
2026-01-07 12:52:04,243 - INFO - [The Guardian] Attempt 1/1: Trying with 'requests_browser' strategy...
2026-01-07 12:52:04,293 - INFO - [The Guardian] Success with 'requests_browser'. Found content (266 words).
2026-01-07 12:52:04,389 - INFO - Duplicate article skipped: 'Tuna King' pays record £2.4m for giant bluefin at Tokyo auction | Japan | The Guardian from The Guardian
2026-01-07 12:52:04,554 - INFO - [BBC] Article: https://www.bbc.com/news/articles/cdx4zxk1np0o?at_medium=RSS&at_campaign=rss
2026-01-07 12:52:04,554 - INFO - [BBC] Attempt 1/1: Trying with 'requests_browser' strategy...
2026-01-07 12:52:04,635 - INFO - [BBC] Success with 'requests_browser'. Found content (691 words).
2026-01-07 12:52:04,762 - INFO - Duplicate article skipped: Swiss ski bar not inspected for five years before deadly fire, mayor says from BBC
2026-01-07 12:52:05,392 - INFO - [The Guardian] Article: https://www.theguardian.com/environment/2026/jan/05/weather-tracker-arctic-air-grips-europe-winds-corsica
2026-01-07 12:52:05,392 - INFO - [The Guardian] Attempt 1/1: Trying with 'requests_browser' strategy...
2026-01-07 12:52:05,590 - INFO - [The Guardian] Success with 'requests_browser'. Found content (312 words).
2026-01-07 12:52:05,662 - INFO - Duplicate article skipped: Weather tracker: Arctic air grips Europe as severe winds batter Corsica | Europe | The Guardian from The Guardian
2026-01-07 12:52:05,751 - INFO - [BBC] Article: https://www.bbc.com/news/articles/c74vx4n003xo?at_medium=RSS&at_campaign=rss
2026-01-07 12:52:05,751 - INFO - [BBC] Attempt 1/1: Trying with 'requests_browser' strategy...
2026-01-07 12:52:05,812 - INFO - [BBC] Success with 'requests_browser'. Found content (580 words).
2026-01-07 12:52:05,903 - INFO - Duplicate article skipped: Macron hosts Ukraine and allies to try to cement security guarantees from BBC
2026-01-07 12:52:06,893 - INFO - [The Guardian] Article: https://www.theguardian.com/environment/2026/jan/07/severe-heatwave-hits-southern-australian-states-with-firefighters-warning-many-areas-ready-to-burn
2026-01-07 12:52:06,893 - INFO - [The Guardian] Attempt 1/1: Trying with 'requests_browser' strategy...
2026-01-07 12:52:07,104 - INFO - [BBC] Article: https://www.bbc.com/news/articles/cgl8y4gx9lyo?at_medium=RSS&at_campaign=rss
2026-01-07 12:52:07,104 - INFO - [BBC] Attempt 1/1: Trying with 'requests_browser' strategy...
2026-01-07 12:52:07,130 - INFO - [The Guardian] Success with 'requests_browser'. Found content (927 words).
2026-01-07 12:52:07,248 - INFO - [The Hindu] Page content loaded.
2026-01-07 12:52:07,356 - INFO - [BBC] Success with 'requests_browser'. Found content (334 words).
2026-01-07 12:52:07,566 - INFO - Duplicate article skipped: Melbourne swelters through hottest day in six years as severe heatwave descends on Australia’s south-eastern states | Australia weather | The Guardian from The Guardian
2026-01-07 12:52:07,617 - INFO - Duplicate article skipped: US Congressman Doug LaMalfa dies unexpectedly at 65 from BBC
2026-01-07 12:52:07,710 - INFO - [The Hindu] Success with 'selenium_browser'. Found content (524 words).
2026-01-07 12:52:07,881 - INFO - Saved article: COVID vaccine funding data ‘not available’: CIC directs DPIIT to file affidavit - The Hindu from The Hindu
2026-01-07 12:52:08,665 - INFO - [The Guardian] Article: https://www.theguardian.com/australia-news/2026/jan/07/labor-group-urges-albanese-to-rescind-invitation-to-israeli-president-isaac-herzog
2026-01-07 12:52:08,665 - INFO - [The Guardian] Attempt 1/1: Trying with 'requests_browser' strategy...
2026-01-07 12:52:08,760 - INFO - [BBC] Article: https://www.bbc.com/news/articles/cwyrexdgzn9o?at_medium=RSS&at_campaign=rss
2026-01-07 12:52:08,760 - INFO - [BBC] Attempt 1/1: Trying with 'requests_browser' strategy...
2026-01-07 12:52:08,814 - INFO - [The Guardian] Success with 'requests_browser'. Found content (1044 words).
2026-01-07 12:52:08,940 - INFO - Saved article: Labor group urges Albanese to rescind invitation to Israeli president Isaac Herzog | Anthony Albanese | The Guardian from The Guardian
2026-01-07 12:52:08,946 - INFO - [BBC] Success with 'requests_browser'. Found content (436 words).
2026-01-07 12:52:09,036 - INFO - Duplicate article skipped: Gideon Saar: Israel foreign minister visits Somaliland after recognising its sovereignty from BBC
2026-01-07 12:52:09,281 - INFO - [The Hindu] Article: https://www.thehindu.com/news/national/top-news-of-the-day-january-7-2026/article70482135.ece
2026-01-07 12:52:09,281 - INFO - [The Hindu] Attempt 1/1: Trying with 'selenium_browser' strategy...
2026-01-07 12:52:09,698 - INFO - [The Guardian] Article: https://www.theguardian.com/australia-news/live/2026/jan/07/australia-news-live-heatwave-weather-bushfire-warning-anthony-albanese-antisemitism-bondi-royal-commission-inflation-abs-rba-interest-rates-ntwnfb
2026-01-07 12:52:09,698 - INFO - [The Guardian] Attempt 1/1: Trying with 'requests_browser' strategy...
2026-01-07 12:52:10,036 - INFO - [The Guardian] Success with 'requests_browser'. Found content (2612 words).
2026-01-07 12:52:10,317 - INFO - Duplicate article skipped: PM attends funeral of Bondi victim – as it happened | Australia news | The Guardian from The Guardian
2026-01-07 12:52:10,438 - INFO - [BBC] Article: https://www.bbc.com/news/articles/cx2yvx8gnnpo?at_medium=RSS&at_campaign=rss
2026-01-07 12:52:10,438 - INFO - [BBC] Attempt 1/1: Trying with 'requests_browser' strategy...
2026-01-07 12:52:10,493 - INFO - [BBC] Success with 'requests_browser'. Found content (448 words).
2026-01-07 12:52:10,552 - INFO - Duplicate article skipped: Nestle issues global recall of some baby formula products over toxin fears from BBC
2026-01-07 12:52:10,825 - INFO - [The Hindu] Page content loaded.
2026-01-07 12:52:10,931 - INFO - [The Guardian] Article: https://www.theguardian.com/business/2026/jan/07/australia-post-apologises-for-losing-aboriginal-artists-painting-worth-4000
2026-01-07 12:52:10,931 - INFO - [The Guardian] Attempt 1/1: Trying with 'requests_browser' strategy...
2026-01-07 12:52:10,941 - INFO - [The Hindu] Success with 'selenium_browser'. Found content (1046 words).
2026-01-07 12:52:11,069 - INFO - Saved article: Top news of the day: January 7, 2026 - The Hindu from The Hindu
2026-01-07 12:52:11,074 - INFO - [The Guardian] Success with 'requests_browser'. Found content (483 words).
2026-01-07 12:52:11,188 - INFO - Saved article: Australia Post apologises for losing Aboriginal artist’s painting worth $4,000 | Australia Post | The Guardian from The Guardian
2026-01-07 12:52:11,669 - INFO - [BBC] Article: https://www.bbc.com/news/articles/c0jv1vd571wo?at_medium=RSS&at_campaign=rss
2026-01-07 12:52:11,669 - INFO - [BBC] Attempt 1/1: Trying with 'requests_browser' strategy...
2026-01-07 12:52:11,710 - INFO - [BBC] Success with 'requests_browser'. Found content (588 words).
2026-01-07 12:52:11,710 - INFO - [The Guardian] Article: https://www.theguardian.com/australia-news/2026/jan/07/brisbane-toyota-vehicle-theft-syndicate-men-charged-ntwnfb
2026-01-07 12:52:11,715 - INFO - [The Guardian] Attempt 1/1: Trying with 'requests_browser' strategy...
2026-01-07 12:52:11,758 - INFO - Duplicate article skipped: Nvidia unveils self-driving car tech as part of physical AI push from BBC
2026-01-07 12:52:11,787 - INFO - [The Guardian] Success with 'requests_browser'. Found content (344 words).
2026-01-07 12:52:11,832 - INFO - Saved article: International crime syndicate allegedly stole dozens of Toyotas from Brisbane and planned to ship to UAE | Queensland | The Guardian from The Guardian
2026-01-07 12:52:12,038 - INFO - [The Hindu] Article: https://www.thehindu.com/news/cities/Hyderabad/hyderabad-police-warn-public-against-rise-in-digital-arrest-cyber-frauds/article70482084.ece
2026-01-07 12:52:12,038 - INFO - [The Hindu] Attempt 1/1: Trying with 'selenium_browser' strategy...
2026-01-07 12:52:12,557 - INFO - [The Guardian] Article: https://www.theguardian.com/world/live/2026/jan/07/europe-greenland-denmark-us-france-trade-weather-latest-news-updates
2026-01-07 12:52:12,557 - INFO - [The Guardian] Attempt 1/1: Trying with 'requests_browser' strategy...
2026-01-07 12:52:12,724 - INFO - [The Guardian] Success with 'requests_browser'. Found content (3448 words).
2026-01-07 12:52:12,958 - INFO - [BBC] Article: https://www.bbc.com/news/articles/cly92dkxqvko?at_medium=RSS&at_campaign=rss
2026-01-07 12:52:12,963 - INFO - [BBC] Attempt 1/1: Trying with 'requests_browser' strategy...
2026-01-07 12:52:13,002 - INFO - [BBC] Success with 'requests_browser'. Found content (1342 words).
2026-01-07 12:52:13,090 - INFO - Saved article: Russia claims US attempting to seize Venezuela-linked tanker – latest updates | Greenland | The Guardian from The Guardian
2026-01-07 12:52:13,094 - INFO - Saved article: Donald Trump's Venezuela risk brings risk to China's plans from BBC
2026-01-07 12:52:13,187 - INFO - [The Hindu] Page content loaded.
2026-01-07 12:52:13,264 - INFO - [The Hindu] Success with 'selenium_browser'. Found content (291 words).
2026-01-07 12:52:13,351 - INFO - Saved article: Hyderabad police warn public against rise in ‘digital arrest’ cyber frauds - The Hindu from The Hindu
2026-01-07 12:52:13,643 - INFO - [BBC] Article: https://www.bbc.com/news/articles/cpwn2wjzwndo?at_medium=RSS&at_campaign=rss
2026-01-07 12:52:13,644 - INFO - [BBC] Attempt 1/1: Trying with 'requests_browser' strategy...
2026-01-07 12:52:13,698 - INFO - [BBC] Success with 'requests_browser'. Found content (1656 words).
2026-01-07 12:52:13,738 - INFO - Duplicate article skipped: The painful questions for Nato and the EU if Trump takes Greenland from BBC
2026-01-07 12:52:13,889 - INFO - [The Hindu] Article: https://www.thehindu.com/news/national/west-bengal/sir-notice-issued-to-nobel-laureate-amartya-sen/article70482013.ece
2026-01-07 12:52:13,889 - INFO - [The Hindu] Attempt 1/1: Trying with 'selenium_browser' strategy...
2026-01-07 12:52:14,565 - INFO - [The Guardian] Article: https://www.theguardian.com/world/2026/jan/07/france-and-allies-discuss-possible-response-to-donald-trump-us-invasion-of-greenland
2026-01-07 12:52:14,566 - INFO - [The Guardian] Attempt 1/1: Trying with 'requests_browser' strategy...
2026-01-07 12:52:14,600 - INFO - [The Guardian] Success with 'requests_browser'. Found content (508 words).
2026-01-07 12:52:14,638 - INFO - [The Hindu] Page content loaded.
2026-01-07 12:52:14,641 - INFO - Saved article: France and allies discuss response to possible US invasion of Greenland | Greenland | The Guardian from The Guardian
2026-01-07 12:52:14,716 - INFO - [The Hindu] Success with 'selenium_browser'. Found content (376 words).
2026-01-07 12:52:14,781 - INFO - Saved article: SIR notice issued to Nobel laureate Amartya Sen - The Hindu from The Hindu
2026-01-07 12:52:14,897 - INFO - [BBC] Article: https://www.bbc.com/news/articles/c62vzpdmxxjo?at_medium=RSS&at_campaign=rss
2026-01-07 12:52:14,897 - INFO - [BBC] Attempt 1/1: Trying with 'requests_browser' strategy...
2026-01-07 12:52:14,953 - INFO - [BBC] Success with 'requests_browser'. Found content (988 words).
2026-01-07 12:52:15,008 - INFO - Saved article: Karnataka: An Indian state wants to tackle hate speech with a law - can it work? from BBC
2026-01-07 12:52:15,549 - INFO - [BBC] Article: https://www.bbc.com/news/articles/c70lw9x581no?at_medium=RSS&at_campaign=rss
2026-01-07 12:52:15,550 - INFO - [BBC] Attempt 1/1: Trying with 'requests_browser' strategy...
2026-01-07 12:52:15,587 - INFO - [BBC] Success with 'requests_browser'. Found content (971 words).
2026-01-07 12:52:15,628 - INFO - Duplicate article skipped: South Korea's Lee Jae Myung seeks 'new phase' in ties with China at Xi Jinping meeting from BBC
2026-01-07 12:52:15,636 - INFO - [The Guardian] Article: https://www.theguardian.com/world/2026/jan/07/russia-submarine-escort-shadow-fleet-tanker-us-sanctions
2026-01-07 12:52:15,637 - INFO - [The Guardian] Attempt 1/1: Trying with 'requests_browser' strategy...
2026-01-07 12:52:15,660 - INFO - [The Hindu] Article: https://www.thehindu.com/news/national/telangana/social-justice-possible-only-through-political-representation-bc-leaders/article70481971.ece
2026-01-07 12:52:15,660 - INFO - [The Hindu] Attempt 1/1: Trying with 'selenium_browser' strategy...
2026-01-07 12:52:15,675 - INFO - [The Guardian] Success with 'requests_browser'. Found content (610 words).
2026-01-07 12:52:15,721 - INFO - Saved article: Russia reportedly sends submarine to escort ‘shadow fleet’ tanker being pursued by US | Russia | The Guardian from The Guardian
2026-01-07 12:52:16,337 - INFO - [The Hindu] Page content loaded.
2026-01-07 12:52:16,406 - INFO - [The Hindu] Success with 'selenium_browser'. Found content (177 words).
2026-01-07 12:52:16,468 - INFO - Saved article: Social justice possible only through political representation: BC leaders - The Hindu from The Hindu
2026-01-07 12:52:17,069 - INFO - [The Guardian] Article: https://www.theguardian.com/world/2026/jan/07/amsterdam-airport-cancels-flights-amid-icy-conditions
2026-01-07 12:52:17,069 - INFO - [The Guardian] Attempt 1/1: Trying with 'requests_browser' strategy...
2026-01-07 12:52:17,133 - INFO - [The Guardian] Success with 'requests_browser'. Found content (234 words).
2026-01-07 12:52:17,179 - INFO - Saved article: Amsterdam airport cancels at least 700 flights because of snow and wind | Air transport | The Guardian from The Guardian
2026-01-07 12:52:17,708 - INFO - [The Hindu] Article: https://www.thehindu.com/news/national/no-one-knows-which-dog-is-in-what-mood-says-sc-on-animals-roaming-on-roads/article70481967.ece
2026-01-07 12:52:17,708 - INFO - [The Hindu] Attempt 1/1: Trying with 'selenium_browser' strategy...
2026-01-07 12:52:18,280 - INFO - [The Guardian] Article: https://www.theguardian.com/world/live/2026/jan/06/coalition-willing-paris-ukraine-zelenskyy-greenland-denmark-venezuela-trump-latest-news-updates
2026-01-07 12:52:18,280 - INFO - [The Guardian] Attempt 1/1: Trying with 'requests_browser' strategy...
2026-01-07 12:52:18,362 - INFO - [The Guardian] Success with 'requests_browser'. Found content (1260 words).
2026-01-07 12:52:18,455 - INFO - Duplicate article skipped: UK and France agree to deploy forces to Ukraine in the event of a peace deal – as it happened | Europe | The Guardian from The Guardian
2026-01-07 12:52:18,467 - INFO - [The Hindu] Page content loaded.
2026-01-07 12:52:18,627 - INFO - [The Hindu] Success with 'selenium_browser'. Found content (801 words).
2026-01-07 12:52:18,697 - INFO - Saved article: No one knows which dog is in what mood, says Supreme Court on animals roaming on roads - The Hindu from The Hindu
2026-01-07 12:52:19,777 - INFO - [The Hindu] Article: https://www.thehindu.com/news/national/key-member-of-lawrence-bishnoi-gang-aman-bhainswal-repatriated-from-us-held-at-delhi-airport/article70482107.ece
2026-01-07 12:52:19,777 - INFO - [The Hindu] Attempt 1/1: Trying with 'selenium_browser' strategy...
2026-01-07 12:52:20,438 - INFO - [The Hindu] Page content loaded.
2026-01-07 12:52:20,516 - INFO - [The Hindu] Success with 'selenium_browser'. Found content (171 words).
2026-01-07 12:52:20,584 - INFO - Saved article: Key member of Lawrence Bishnoi gang repatriated from U.S.; held at Delhi airport - The Hindu from The Hindu
2026-01-07 12:52:21,915 - INFO - [The Hindu] Article: https://www.thehindu.com/news/national/maharashtra/bjp-respects-ex-cm-vilasrao-deshmukh-as-he-played-key-role-in-making-of-maharashtra-fadnavis/article70482065.ece
2026-01-07 12:52:21,915 - INFO - [The Hindu] Attempt 1/1: Trying with 'selenium_browser' strategy...
2026-01-07 12:52:22,916 - INFO - [The Hindu] Page content loaded.
2026-01-07 12:52:22,966 - INFO - [The Hindu] Success with 'selenium_browser'. Found content (462 words).
2026-01-07 12:52:23,033 - INFO - Saved article: BJP respects ex-CM Vilasrao Deshmukh as he played key role in making of Maharashtra: Fadnavis - The Hindu from The Hindu
2026-01-07 12:52:23,775 - INFO - [The Hindu] Article: https://www.thehindu.com/news/national/kerala/smartcity-kochi-exit-row-between-kerala-government-and-dubai-based-tecom-investment-drags-on/article70481424.ece
2026-01-07 12:52:23,775 - INFO - [The Hindu] Attempt 1/1: Trying with 'selenium_browser' strategy...
2026-01-07 12:52:24,630 - INFO - [The Hindu] Page content loaded.
2026-01-07 12:52:24,806 - INFO - [The Hindu] Success with 'selenium_browser'. Found content (440 words).
2026-01-07 12:52:24,889 - INFO - Saved article: SmartCity Kochi exit row between Kerala government and Dubai-based Tecom Investment drags on - The Hindu from The Hindu
2026-01-07 12:52:26,362 - INFO - [The Hindu] Article: https://www.thehindu.com/news/national/kerala/kerala-sir-218-lakh-enrolment-applications-filed-after-draft-electoral-roll-publication/article70482019.ece
2026-01-07 12:52:26,362 - INFO - [The Hindu] Attempt 1/1: Trying with 'selenium_browser' strategy...
2026-01-07 12:52:27,150 - INFO - [The Hindu] Page content loaded.
2026-01-07 12:52:27,229 - INFO - [The Hindu] Success with 'selenium_browser'. Found content (330 words).
2026-01-07 12:52:27,291 - INFO - Saved article: Kerala SIR: 2.18 lakh enrolment applications filed after draft electoral roll publication - The Hindu from The Hindu
2026-01-07 12:52:28,006 - INFO - [The Hindu] Article: https://www.thehindu.com/news/national/karnataka/kogilu-layout-demolition-fir-against-four-persons-for-selling-karnataka-government-land-for-unauthorised-construction-in-bengaluru/article70481616.ece
2026-01-07 12:52:28,006 - INFO - [The Hindu] Attempt 1/1: Trying with 'selenium_browser' strategy...
2026-01-07 12:52:28,836 - INFO - [The Hindu] Page content loaded.
2026-01-07 12:52:28,913 - INFO - [The Hindu] Success with 'selenium_browser'. Found content (348 words).
2026-01-07 12:52:29,008 - INFO - Saved article: Kogilu Layout demolition: FIR against 4 persons for selling govt land for unauthorised construction in Bengaluru - The Hindu from The Hindu
2026-01-07 12:52:29,981 - INFO - [The Hindu] Article: https://www.thehindu.com/news/national/after-relief-from-supreme-court-to-others-another-delhi-riots-accused-files-bail-plea-seeking-parity/article70482016.ece
2026-01-07 12:52:29,981 - INFO - [The Hindu] Attempt 1/1: Trying with 'selenium_browser' strategy...
2026-01-07 12:52:30,880 - INFO - [The Hindu] Page content loaded.
2026-01-07 12:52:31,034 - INFO - [The Hindu] Success with 'selenium_browser'. Found content (651 words).
2026-01-07 12:52:31,127 - INFO - Saved article: After relief from Supreme Court to others, another Delhi riots accused files bail plea seeking parity - The Hindu from The Hindu
2026-01-07 12:52:31,965 - INFO - [The Hindu] Article: https://www.thehindu.com/news/national/sc-dismisses-clat-2026-paper-leak-plea/article70481444.ece
2026-01-07 12:52:31,965 - INFO - [The Hindu] Attempt 1/1: Trying with 'selenium_browser' strategy...
2026-01-07 12:52:32,764 - INFO - [The Hindu] Page content loaded.
2026-01-07 12:52:32,825 - INFO - [The Hindu] Success with 'selenium_browser'. Found content (607 words).
2026-01-07 12:52:32,894 - INFO - Saved article: SC dismisses plea alleging CLAT 2026 question paper leak - The Hindu from The Hindu
2026-01-07 12:52:34,028 - INFO - [The Hindu] Article: https://www.thehindu.com/news/national/tamil-nadu/42-illegal-resorts-around-sathyamangalam-tiger-reserve-told-to-shut-down-by-january-12/article70481350.ece
2026-01-07 12:52:34,028 - INFO - [The Hindu] Attempt 1/1: Trying with 'selenium_browser' strategy...
2026-01-07 12:52:34,712 - INFO - [The Hindu] Page content loaded.
2026-01-07 12:52:34,751 - INFO - [The Hindu] Success with 'selenium_browser'. Found content (327 words).
2026-01-07 12:52:34,822 - INFO - Saved article: 42 illegal resorts around Sathyamangalam Tiger Reserve told to shut down by January 12 - The Hindu from The Hindu
2026-01-07 12:52:36,250 - INFO - [The Hindu] Article: https://www.thehindu.com/news/national/tamil-nadu/seeman-flays-dmk-and-aiadmk-says-corruption-charges-surface-only-during-polls/article70481611.ece
2026-01-07 12:52:36,250 - INFO - [The Hindu] Attempt 1/1: Trying with 'selenium_browser' strategy...
2026-01-07 12:52:36,926 - INFO - [The Hindu] Page content loaded.
2026-01-07 12:52:37,035 - INFO - [The Hindu] Success with 'selenium_browser'. Found content (449 words).
2026-01-07 12:52:37,109 - INFO - Saved article: Seeman flays DMK, AIADMK over corruption charges - The Hindu from The Hindu
2026-01-07 12:52:38,371 - INFO - [The Hindu] Article: https://www.thehindu.com/news/national/comments-on-social-media-supreme-court-grants-protection-from-arrest-to-singer-neha-singh-rathore/article70481931.ece
2026-01-07 12:52:38,371 - INFO - [The Hindu] Attempt 1/1: Trying with 'selenium_browser' strategy...
2026-01-07 12:52:39,026 - INFO - [The Hindu] Page content loaded.
2026-01-07 12:52:39,068 - INFO - [The Hindu] Success with 'selenium_browser'. Found content (300 words).
2026-01-07 12:52:39,199 - INFO - Saved article: Comments on social media: Supreme Court grants protection from arrest to singer Neha Singh Rathore - The Hindu from The Hindu
2026-01-07 12:52:39,836 - INFO - [The Hindu] Article: https://www.thehindu.com/news/national/kerala/sabarimala-gold-case-mb-rajesh-dares-satheesan-to-refute-kerala-hc-observation-of-no-govt-interference-in-probe/article70481623.ece
2026-01-07 12:52:39,836 - INFO - [The Hindu] Attempt 1/1: Trying with 'selenium_browser' strategy...
2026-01-07 12:52:40,438 - INFO - [The Hindu] Page content loaded.
2026-01-07 12:52:40,479 - INFO - [The Hindu] Success with 'selenium_browser'. Found content (286 words).
2026-01-07 12:52:40,523 - INFO - Saved article: Sabarimala gold case: M.B. Rajesh dares Satheesan to refute Kerala HC observation of no govt interference in probe - The Hindu from The Hindu
2026-01-07 12:52:41,558 - INFO - [The Hindu] Article: https://www.thehindu.com/news/national/karnataka/woman-dies-of-burn-injuries-after-being-set-on-fire-for-rejecting-marriage-proposal-in-bengaluru/article70481791.ece
2026-01-07 12:52:41,558 - INFO - [The Hindu] Attempt 1/1: Trying with 'selenium_browser' strategy...
2026-01-07 12:52:42,217 - INFO - [The Hindu] Page content loaded.
2026-01-07 12:52:42,266 - INFO - [The Hindu] Success with 'selenium_browser'. Found content (199 words).
2026-01-07 12:52:42,328 - INFO - Saved article: 41-year-old woman set on fire for rejecting marriage proposal loses 20-day battle for survival - The Hindu from The Hindu
2026-01-07 12:52:42,904 - INFO - [The Hindu] Article: https://www.thehindu.com/news/national/kerala/no-elections-in-kochi-corporation-standing-committees-as-udf-secures-majority-in-all-eight-panels/article70481696.ece
2026-01-07 12:52:42,904 - INFO - [The Hindu] Attempt 1/1: Trying with 'selenium_browser' strategy...
2026-01-07 12:52:44,825 - INFO - [The Hindu] Page content loaded.
2026-01-07 12:52:44,898 - INFO - [The Hindu] Success with 'selenium_browser'. Found content (437 words).
2026-01-07 12:52:44,953 - INFO - Saved article: No elections in Kochi Corporation Standing Committees as UDF secures majority in all eight panels - The Hindu from The Hindu
2026-01-07 12:52:46,338 - INFO - [The Hindu] Article: https://www.thehindu.com/news/national/tamil-nadu/tn-forest-dept-denies-permission-for-further-exploratory-tests-at-upper-bhavani-hydroelectric-project-site/article70481658.ece
2026-01-07 12:52:46,338 - INFO - [The Hindu] Attempt 1/1: Trying with 'selenium_browser' strategy...
2026-01-07 12:52:47,818 - INFO - [The Hindu] Page content loaded.
2026-01-07 12:52:47,884 - INFO - [The Hindu] Success with 'selenium_browser'. Found content (359 words).
2026-01-07 12:52:47,972 - INFO - Saved article: T.N. Forest dept. denies permission for further exploratory tests at Upper Bhavani hydroelectric project site - The Hindu from The Hindu
2026-01-07 12:52:48,529 - INFO - [The Hindu] Article: https://www.thehindu.com/news/national/understand-the-difference-rahul-gandhi-takes-dig-at-government-over-trumps-remarks/article70481692.ece
2026-01-07 12:52:48,529 - INFO - [The Hindu] Attempt 1/1: Trying with 'selenium_browser' strategy...
2026-01-07 12:52:49,070 - INFO - [The Hindu] Page content loaded.
2026-01-07 12:52:49,117 - INFO - [The Hindu] Success with 'selenium_browser'. Found content (429 words).
2026-01-07 12:52:49,182 - INFO - Saved article: Understand the difference: Rahul Gandhi takes dig at government over Trump’s remarks - The Hindu from The Hindu
2026-01-07 12:52:50,481 - INFO - [The Hindu] Article: https://www.thehindu.com/food/dining/step-into-pongal-with-a-village-style-harvest-spread/article70481803.ece
2026-01-07 12:52:50,481 - INFO - [The Hindu] Attempt 1/1: Trying with 'selenium_browser' strategy...
2026-01-07 12:52:51,132 - INFO - [The Hindu] Page content loaded.
2026-01-07 12:52:51,173 - INFO - [The Hindu] Success with 'selenium_browser'. Found content (327 words).
2026-01-07 12:52:51,231 - INFO - Saved article: Step into Pongal with a village-style harvest spread - The Hindu from The Hindu
2026-01-07 12:52:52,103 - INFO - [The Hindu] Article: https://www.thehindu.com/news/national/kerala/jamaat-e-islami-hind-says-will-vote-for-winnable-ldf-udf-candidates-in-kerala-assembly-polls-to-keep-bjp-at-bay/article70481580.ece
2026-01-07 12:52:52,103 - INFO - [The Hindu] Attempt 1/1: Trying with 'selenium_browser' strategy...
2026-01-07 12:52:52,711 - INFO - [The Hindu] Page content loaded.
2026-01-07 12:52:52,790 - INFO - [The Hindu] Success with 'selenium_browser'. Found content (420 words).
2026-01-07 12:52:52,857 - INFO - Saved article: Jamaat-e-Islami Hind says will vote for ‘winnable’ LDF, UDF candidates in Kerala Assembly polls to keep BJP at bay - The Hindu from The Hindu
2026-01-07 12:52:53,838 - INFO - [The Hindu] Article: https://www.thehindu.com/news/national/pune-porsche-car-crash-supreme-court-notice-to-maharashtra-government-on-bail-pleas-of-2-accused/article70481694.ece
2026-01-07 12:52:53,838 - INFO - [The Hindu] Attempt 1/1: Trying with 'selenium_browser' strategy...
2026-01-07 12:52:54,653 - INFO - [The Hindu] Page content loaded.
2026-01-07 12:52:54,788 - INFO - [The Hindu] Success with 'selenium_browser'. Found content (304 words).
2026-01-07 12:52:54,867 - INFO - Saved article: Pune Porsche car crash: Supreme Court notice to Maharashtra government on bail pleas of 2 accused - The Hindu from The Hindu
2026-01-07 12:52:55,779 - INFO - [The Hindu] Article: https://www.thehindu.com/news/national/amendments-to-forest-conservation-act-opened-door-for-privatisation-of-forest-management-congress/article70481578.ece
2026-01-07 12:52:55,779 - INFO - [The Hindu] Attempt 1/1: Trying with 'selenium_browser' strategy...
2026-01-07 12:52:56,234 - ERROR - [Times of India] Request failed for strategy 'selenium_browser' on URL https://timesofindia.indiatimes.com/world/us-streamers/pokimane-weighs-in-on-pros-and-cons-of-dating-wealthy-and-broke-men-twitch-stars-dating-comments-once-again-go-viral/articleshow/126394276.cms: Message: timeout: Timed out receiving message from renderer: 59.915
  (Session info: chrome=143.0.7499.109)
Stacktrace:
#0 0x55c1dafb519a <unknown>
#1 0x55c1daa32c4b <unknown>
#2 0x55c1daa1acf3 <unknown>
#3 0x55c1daa1a9d6 <unknown>
#4 0x55c1daa18897 <unknown>
#5 0x55c1daa191af <unknown>
#6 0x55c1daa27970 <unknown>
#7 0x55c1daa41017 <unknown>
#8 0x55c1daa476cb <unknown>
#9 0x55c1daa198d8 <unknown>
#10 0x55c1daa40dc3 <unknown>
#11 0x55c1daacff60 <unknown>
#12 0x55c1daa76c42 <unknown>
#13 0x55c1daa778f1 <unknown>
#14 0x55c1daf7df39 <unknown>
#15 0x55c1daf80e7d <unknown>
#16 0x55c1daf66c81 <unknown>
#17 0x55c1daf81a5b <unknown>
#18 0x55c1daf4da50 <unknown>
#19 0x55c1dafa2aa8 <unknown>
#20 0x55c1dafa2c79 <unknown>
#21 0x55c1dafb44f3 <unknown>
#22 0x7fe404a9caa4 <unknown>
#23 0x7fe404b29c6c <unknown>

2026-01-07 12:52:56,235 - ERROR - [Times of India] All scrape strategies failed for https://timesofindia.indiatimes.com/world/us-streamers/pokimane-weighs-in-on-pros-and-cons-of-dating-wealthy-and-broke-men-twitch-stars-dating-comments-once-again-go-viral/articleshow/126394276.cms. Falling back to RSS description.
2026-01-07 12:52:56,239 - INFO - Saved article: Imane “Pokimane” weighs in on pros and cons of dating wealthy and broke men, Twitch star’s dating comments once again go viral from Times of India
2026-01-07 12:52:57,678 - INFO - [Times of India] Article: https://timesofindia.indiatimes.com/world/rest-of-world/mediator-for-peace-south-korea-seeks-chinas-help-to-ease-tensions-over-north-korea-nuclear-crisis-xi-jinping-stresses-need-for-restraint/articleshow/126393659.cms
2026-01-07 12:52:57,678 - INFO - [Times of India] Attempt 1/1: Trying with 'selenium_browser' strategy...
2026-01-07 12:52:58,574 - INFO - [Times of India] Page content loaded.
2026-01-07 12:52:58,690 - INFO - [Times of India] Success with 'selenium_browser'. Found content (396 words).
2026-01-07 12:52:58,748 - INFO - Saved article: ‘Mediator for peace’: South Korea seeks China’s help to ease tensions over North Korea nuclear crisis; Xi Jinping stresses need for restraint - The Times of India from Times of India
2026-01-07 12:53:00,117 - INFO - [Times of India] Article: https://timesofindia.indiatimes.com/etimes/trending/indians-are-better-than-white-people-andrew-tates-viral-video-breaks-internet-profanity-against-western-men-and-women/articleshow/126392801.cms
2026-01-07 12:53:00,117 - INFO - [Times of India] Attempt 1/1: Trying with 'selenium_browser' strategy...
2026-01-07 12:53:03,369 - INFO - [Times of India] Page content loaded.
2026-01-07 12:53:03,582 - INFO - [Times of India] Success with 'selenium_browser'. Found content (1220 words).
2026-01-07 12:53:03,747 - INFO - Saved article: 'Indian has babies, and you ain't got s***': Andrew Tate goes on bizarre anti-White rant vis-a-vis Indians | - The Times of India from Times of India
2026-01-07 12:53:04,949 - INFO - [Times of India] Article: https://timesofindia.indiatimes.com/world/middle-east/uae-warns-of-aed-2-million-penalties-under-toughened-plant-and-animal-trade-rules/articleshow/126391863.cms
2026-01-07 12:53:04,949 - INFO - [Times of India] Attempt 1/1: Trying with 'selenium_browser' strategy...
2026-01-07 12:53:07,974 - INFO - [Times of India] Page content loaded.
2026-01-07 12:53:08,174 - INFO - [Times of India] Success with 'selenium_browser'. Found content (502 words).
2026-01-07 12:53:08,273 - INFO - Saved article: UAE warns of AED 2 million penalties under toughened plant and animal trade rules | World News - The Times of India from Times of India
2026-01-07 12:53:09,355 - INFO - [Times of India] Article: https://timesofindia.indiatimes.com/world/us/doj-vs-federal-judges-trump-ally-receives-7-day-ultimatum-court-questions-use-of-unlawful-attorney-tag/articleshow/126392517.cms
2026-01-07 12:53:09,356 - INFO - [Times of India] Attempt 1/1: Trying with 'selenium_browser' strategy...
2026-01-07 12:53:11,653 - INFO - [Times of India] Page content loaded.
2026-01-07 12:53:11,870 - INFO - [Times of India] Success with 'selenium_browser'. Found content (245 words).
2026-01-07 12:53:11,953 - INFO - Saved article: DOJ vs federal judges: Trump ally receives 7-day ultimatum; court questions use of unlawful ‘attorney’ tag - The Times of India from Times of India
2026-01-07 12:53:13,234 - INFO - [Times of India] Article: https://timesofindia.indiatimes.com/world/us/who-is-julie-menin-jewish-ivy-league-council-speaker-who-could-make-or-break-zohran-mamdanis-agenda-in-nyc/articleshow/126391553.cms
2026-01-07 12:53:13,235 - INFO - [Times of India] Attempt 1/1: Trying with 'selenium_browser' strategy...
2026-01-07 12:53:13,738 - INFO - [Times of India] Page content loaded.
2026-01-07 12:53:13,861 - INFO - [Times of India] Success with 'selenium_browser'. Found content (1629 words).
2026-01-07 12:53:13,925 - INFO - Saved article: Who is Julie Menin? Jewish, Ivy League, NYC Speaker who could make or break Mamdani’s agenda - The Times of India from Times of India
2026-01-07 12:53:15,286 - INFO - [Times of India] Article: https://timesofindia.indiatimes.com/world/us/kick-out-china-russia-iran-us-sets-terms-for-venezuela-on-oil-drilling-what-we-know/articleshow/126392004.cms
2026-01-07 12:53:15,286 - INFO - [Times of India] Attempt 1/1: Trying with 'selenium_browser' strategy...
2026-01-07 12:53:15,738 - INFO - [Times of India] Page content loaded.
2026-01-07 12:53:15,860 - INFO - [Times of India] Success with 'selenium_browser'. Found content (316 words).
2026-01-07 12:53:15,922 - INFO - Saved article: ‘Kick out China, Russia, Iran’: US sets terms for Venezuela on oil drilling; what we know - The Times of India from Times of India
2026-01-07 12:53:17,022 - INFO - [Times of India] Article: https://timesofindia.indiatimes.com/world/middle-east/uae-weather-temperatures-to-drop-below-5c-during-coldest-winter-stretch-from-jan-1022/articleshow/126391411.cms
2026-01-07 12:53:17,022 - INFO - [Times of India] Attempt 1/1: Trying with 'selenium_browser' strategy...
2026-01-07 12:53:17,587 - INFO - [Times of India] Page content loaded.
2026-01-07 12:53:17,700 - INFO - [Times of India] Success with 'selenium_browser'. Found content (643 words).
2026-01-07 12:53:17,747 - INFO - Saved article: UAE weather: Temperatures to drop below 5°c during coldest winter stretch from Jan 10–22 | World News - The Times of India from Times of India
2026-01-07 12:53:18,788 - INFO - [Times of India] Article: https://timesofindia.indiatimes.com/world/middle-east/will-ai-steal-your-job-from-pay-rises-to-pink-slips-how-uae-employees-are-changing-career-goals/articleshow/126388537.cms
2026-01-07 12:53:18,788 - INFO - [Times of India] Attempt 1/1: Trying with 'selenium_browser' strategy...
2026-01-07 12:53:19,273 - INFO - [Times of India] Page content loaded.
2026-01-07 12:53:19,409 - INFO - [Times of India] Success with 'selenium_browser'. Found content (945 words).
2026-01-07 12:53:19,463 - INFO - Saved article: UAE Jobs: Will AI steal your job? From pay rises to pink slips, how UAE employees are changing career goals | World News - The Times of India from Times of India
2026-01-07 12:53:20,626 - INFO - [Times of India] Article: https://timesofindia.indiatimes.com/world/middle-east/uae-offers-citizenship-to-businesses-under-new-corporate-law-2026/articleshow/126389470.cms
2026-01-07 12:53:20,626 - INFO - [Times of India] Attempt 1/1: Trying with 'selenium_browser' strategy...
2026-01-07 12:53:21,268 - INFO - [Times of India] Page content loaded.
2026-01-07 12:53:21,377 - INFO - [Times of India] Success with 'selenium_browser'. Found content (672 words).
2026-01-07 12:53:21,431 - INFO - Saved article: UAE offers ‘citizenship’ to businesses under New Corporate Law 2026 | World News - The Times of India from Times of India
2026-01-07 12:53:22,573 - INFO - [Times of India] Article: https://timesofindia.indiatimes.com/etimes/trending/iraq-all-over-again-viral-daily-show-clip-sees-jon-stewart-destroy-trump-over-venezuela-war-narrative/articleshow/126387434.cms
2026-01-07 12:53:22,573 - INFO - [Times of India] Attempt 1/1: Trying with 'selenium_browser' strategy...
2026-01-07 12:53:25,533 - INFO - [Times of India] Page content loaded.
2026-01-07 12:53:25,681 - INFO - [Times of India] Success with 'selenium_browser'. Found content (1030 words).
2026-01-07 12:53:25,763 - INFO - Saved article: ‘Iraq all over again’: Viral Daily Show clip sees Jon Stewart destroy Trump over Venezuela war narrative | - The Times of India from Times of India
2026-01-07 12:53:26,619 - INFO - [Times of India] Article: https://timesofindia.indiatimes.com/world/middle-east/uae-tightens-school-safety-rules-makes-exit-permits-compulsory-for-students/articleshow/126388402.cms
2026-01-07 12:53:26,619 - INFO - [Times of India] Attempt 1/1: Trying with 'selenium_browser' strategy...
2026-01-07 12:53:27,708 - INFO - [Times of India] Page content loaded.
2026-01-07 12:53:27,850 - INFO - [Times of India] Success with 'selenium_browser'. Found content (635 words).
2026-01-07 12:53:27,945 - INFO - Saved article: UAE tightens school safety rules; makes exit permits compulsory for students | World News - The Times of India from Times of India
2026-01-07 12:53:29,097 - INFO - [Times of India] Article: https://timesofindia.indiatimes.com/world/us/military-is-always-an-option-purchase-or-invade-donald-trump-weighs-how-us-could-acquire-greenland/articleshow/126385485.cms
2026-01-07 12:53:29,097 - INFO - [Times of India] Attempt 1/1: Trying with 'selenium_browser' strategy...
2026-01-07 12:53:30,185 - INFO - [Times of India] Page content loaded.
2026-01-07 12:53:30,321 - INFO - [Times of India] Success with 'selenium_browser'. Found content (406 words).
2026-01-07 12:53:30,376 - INFO - Saved article: ‘Military is always an option’: Purchase or invade? Donald Trump weighs how US could acquire Greenland - The Times of India from Times of India
2026-01-07 12:53:31,376 - INFO - [Times of India] Article: https://timesofindia.indiatimes.com/world/rest-of-world/iran-unrest-tens-of-thousands-on-streets-27-killed-in-clashes-with-forces-whats-unfolding/articleshow/126386529.cms
2026-01-07 12:53:31,376 - INFO - [Times of India] Attempt 1/1: Trying with 'selenium_browser' strategy...
2026-01-07 12:53:32,327 - INFO - [Times of India] Page content loaded.
2026-01-07 12:53:32,462 - INFO - [Times of India] Success with 'selenium_browser'. Found content (545 words).
2026-01-07 12:53:32,514 - INFO - Saved article: Iran unrest: Tens of thousands on streets; 27 killed in clashes with forces — what’s unfolding - The Times of India from Times of India
2026-01-07 12:53:33,244 - INFO - [Times of India] Article: https://timesofindia.indiatimes.com/world/middle-east/calendar-of-astronomical-wonders-in-uae-2026-date-time-locations-to-watch-supermoons-meteor-showers-rare-planetary-alignments/articleshow/126386626.cms
2026-01-07 12:53:33,244 - INFO - [Times of India] Attempt 1/1: Trying with 'selenium_browser' strategy...
2026-01-07 12:53:34,260 - INFO - [Times of India] Page content loaded.
2026-01-07 12:53:34,401 - INFO - [Times of India] Success with 'selenium_browser'. Found content (640 words).
2026-01-07 12:53:34,457 - INFO - Saved article: Astronomical wonders in UAE in 2026: Date, time, locations to watch supermoons, meteor showers, rare planetary alignments - The Times of India from Times of India
2026-01-07 12:53:35,301 - INFO - [Times of India] Article: https://timesofindia.indiatimes.com/world/rest-of-world/we-are-in-charge-venezuela-interim-leader-delcy-rodriguez-rejects-trumps-control-claim-7-days-mourning-declared/articleshow/126384933.cms
2026-01-07 12:53:35,301 - INFO - [Times of India] Attempt 1/1: Trying with 'selenium_browser' strategy...
2026-01-07 12:53:36,196 - INFO - [Times of India] Page content loaded.
2026-01-07 12:53:36,354 - INFO - [Times of India] Success with 'selenium_browser'. Found content (330 words).
2026-01-07 12:53:36,400 - INFO - Saved article: ‘We are in charge’: Venezuela interim leader Delcy Rodriguez rejects Trump’s control claim; 7 days mourning declared - The Times of India from Times of India
2026-01-07 12:53:37,073 - INFO - [Times of India] Article: https://timesofindia.indiatimes.com/world/us/who-is-dr-tina-shah-indian-american-enters-new-jersey-democratic-primary-race-raises-over-1m/articleshow/126385565.cms
2026-01-07 12:53:37,073 - INFO - [Times of India] Attempt 1/1: Trying with 'selenium_browser' strategy...
2026-01-07 12:53:37,905 - INFO - [Times of India] Page content loaded.
2026-01-07 12:53:38,078 - INFO - [Times of India] Success with 'selenium_browser'. Found content (405 words).
2026-01-07 12:53:38,132 - INFO - Saved article: Who is Dr Tina Shah? Indian-American enters New Jersey Democratic primary race; raises over $1m - The Times of India from Times of India
2026-01-07 12:53:38,972 - INFO - [Times of India] Article: https://timesofindia.indiatimes.com/world/us/trump-sir-dials-wrong-number-on-indias-apache-purchase/articleshow/126386162.cms
2026-01-07 12:53:38,972 - INFO - [Times of India] Attempt 1/1: Trying with 'selenium_browser' strategy...
2026-01-07 12:53:42,218 - INFO - [Times of India] Page content loaded.
2026-01-07 12:53:42,403 - INFO - [Times of India] Success with 'selenium_browser'. Found content (903 words).
2026-01-07 12:53:42,485 - INFO - Saved article: Trump 'sir' dials wrong number on India's Apache purchase - The Times of India from Times of India
2026-01-07 12:53:43,724 - INFO - [Times of India] Article: https://timesofindia.indiatimes.com/world/us-streamers/streamer-sergio-jimenez-dies-live-on-camera-as-police-investigate-paid-online-challenge-in-spain/articleshow/126381888.cms
2026-01-07 12:53:43,724 - INFO - [Times of India] Attempt 1/1: Trying with 'selenium_browser' strategy...
2026-01-07 12:53:44,558 - INFO - [Times of India] Page content loaded.
2026-01-07 12:53:44,685 - INFO - [Times of India] Success with 'selenium_browser'. Found content (472 words).
2026-01-07 12:53:44,738 - INFO - Saved article: Streamer Sergio Jimenez dies live on camera as police investigate paid online challenge in Spain - The Times of India from Times of India
2026-01-07 12:53:45,302 - INFO - [Times of India] Article: https://timesofindia.indiatimes.com/world/us-streamers/what-led-to-faye-greenwoods-heart-transplant-at-24-influencer-reveals-the-shocking-health-crisis-that-changed-her-life/articleshow/126381877.cms
2026-01-07 12:53:45,302 - INFO - [Times of India] Attempt 1/1: Trying with 'selenium_browser' strategy...
2026-01-07 12:53:48,258 - INFO - [Times of India] Page content loaded.
2026-01-07 12:53:48,444 - INFO - [Times of India] Success with 'selenium_browser'. Found content (470 words).
2026-01-07 12:53:48,568 - INFO - Saved article: What led to Faye Greenwood’s heart transplant at 24? Influencer reveals the shocking health crisis that changed her life - The Times of India from Times of India
2026-01-07 12:53:49,337 - INFO - [Times of India] (Thread) Finished. Attempting to shut down its Selenium driver.
2026-01-07 12:53:49,470 - INFO - [Times of India] (Thread) driver.quit() successful.
2026-01-07 12:53:55,789 - ERROR - [The Hindu] Request failed for strategy 'selenium_browser' on URL https://www.thehindu.com/news/national/amendments-to-forest-conservation-act-opened-door-for-privatisation-of-forest-management-congress/article70481578.ece: Message: timeout: Timed out receiving message from renderer: 59.851
  (Session info: chrome=143.0.7499.109)
Stacktrace:
#0 0x55a0412ad19a <unknown>
#1 0x55a040d2ac4b <unknown>
#2 0x55a040d12cf3 <unknown>
#3 0x55a040d129d6 <unknown>
#4 0x55a040d10897 <unknown>
#5 0x55a040d111af <unknown>
#6 0x55a040d1f970 <unknown>
#7 0x55a040d39017 <unknown>
#8 0x55a040d3f6cb <unknown>
#9 0x55a040d118d8 <unknown>
#10 0x55a040d38dc3 <unknown>
#11 0x55a040dc7f60 <unknown>
#12 0x55a040d6ec42 <unknown>
#13 0x55a040d6f8f1 <unknown>
#14 0x55a041275f39 <unknown>
#15 0x55a041278e7d <unknown>
#16 0x55a04125ec81 <unknown>
#17 0x55a041279a5b <unknown>
#18 0x55a041245a50 <unknown>
#19 0x55a04129aaa8 <unknown>
#20 0x55a04129ac79 <unknown>
#21 0x55a0412ac4f3 <unknown>
#22 0x7f770d29caa4 <unknown>
#23 0x7f770d329c6c <unknown>

2026-01-07 12:53:55,789 - ERROR - [The Hindu] All scrape strategies failed for https://www.thehindu.com/news/national/amendments-to-forest-conservation-act-opened-door-for-privatisation-of-forest-management-congress/article70481578.ece. Falling back to RSS description.
2026-01-07 12:53:55,791 - INFO - Saved article: Amendments to Forest Conservation Act opened door for privatisation of forest management: Congress from The Hindu
2026-01-07 12:53:56,888 - INFO - [The Hindu] (Thread) Finished. Attempting to shut down its Selenium driver.
2026-01-07 12:53:56,986 - INFO - [The Hindu] (Thread) driver.quit() successful.
2026-01-07 12:53:56,986 - INFO - Shutting down thread pool (wait=False)...
2026-01-07 12:53:56,986 - INFO - Scraped: 10 BBC, 25 The Hindu, 20 Times of India, 12 The Guardian articles. (Total saved: 67)
2026-01-07 12:53:56,986 - INFO - --- Scraping job finished ---
2026-01-07 12:53:56,991 - INFO - --- Scraper service stopped and database connection closed. ---
2026-01-07 12:53:56,991 - INFO - --- Main thread finished. Forcing process exit to kill zombie threads. ---
