2025-11-21 12:43:11,263 - INFO - Initializing database connection at: news_articles.db
2025-11-21 12:43:11,263 - INFO - --- Scraper service started (CI Mode: Run Once) ---
2025-11-21 12:43:11,263 - INFO - --- Starting new scraping job (Parallel Mode) ---
2025-11-21 12:43:11,263 - INFO - Creating new robust session with 3 retries on 5xx/connection/read errors.
2025-11-21 12:43:11,264 - INFO - Proxy is DISABLED.
2025-11-21 12:43:11,264 - INFO - Starting scrape for BBC RSS feed: http://feeds.bbci.co.uk/news/world/rss.xml
2025-11-21 12:43:11,264 - INFO - [Times of India] (Thread) requires Selenium. Initializing driver...
2025-11-21 12:43:11,264 - INFO - Initializing headless Selenium Chrome driver (using SeleniumManager)...
2025-11-21 12:43:11,265 - INFO - Starting scrape for The Guardian RSS feed: https://www.theguardian.com/world/rss
2025-11-21 12:43:11,266 - INFO - [The Hindu] (Thread) requires Selenium. Initializing driver...
2025-11-21 12:43:11,266 - INFO - Initializing headless Selenium Chrome driver (using SeleniumManager)...
2025-11-21 12:43:11,266 - INFO - Submitted 4 jobs to thread pool. Waiting up to 300s for completion...
2025-11-21 12:43:11,364 - INFO - Found 45 articles in The Guardian RSS feed. Processing up to 10.
2025-11-21 12:43:11,364 - INFO - [The Guardian] Article: https://www.theguardian.com/politics/2025/nov/20/keir-starmer-defends-south-africa-g20-budget
2025-11-21 12:43:11,364 - INFO - [The Guardian] Attempt 1/1: Trying with 'requests_browser' strategy...
2025-11-21 12:43:11,398 - INFO - [The Guardian] Success with 'requests_browser'. Found content (646 words).
2025-11-21 12:43:11,436 - INFO - Duplicate article skipped: Keir Starmer defends trip to South Africa for G20 summit as budget looms | Keir Starmer | The Guardian from The Guardian
2025-11-21 12:43:11,569 - INFO - Found 39 articles in BBC RSS feed. Processing up to 10.
2025-11-21 12:43:11,569 - INFO - [BBC] Article: https://www.bbc.com/news/articles/cly1ypqlle0o?at_medium=RSS&at_campaign=rss
2025-11-21 12:43:11,569 - INFO - [BBC] Attempt 1/1: Trying with 'requests_browser' strategy...
2025-11-21 12:43:11,836 - INFO - [BBC] Success with 'requests_browser'. Found content (1134 words).
2025-11-21 12:43:11,880 - INFO - Duplicate article skipped: Zelensky ready to work with US on 'their vision' for ending Ukraine war from BBC
2025-11-21 12:43:12,748 - INFO - [The Guardian] Article: https://www.theguardian.com/world/2025/nov/20/south-africa-says-us-boycott-of-g20-is-coercion-by-absentia
2025-11-21 12:43:12,748 - INFO - [The Guardian] Attempt 1/1: Trying with 'requests_browser' strategy...
2025-11-21 12:43:12,777 - INFO - [The Guardian] Success with 'requests_browser'. Found content (765 words).
2025-11-21 12:43:12,821 - INFO - Duplicate article skipped: US in talks to attend G20 summit after initial boycott, South Africa says | G20 | The Guardian from The Guardian
2025-11-21 12:43:12,854 - INFO - [BBC] Article: https://www.bbc.com/news/articles/ce3w1zeerywo?at_medium=RSS&at_campaign=rss
2025-11-21 12:43:12,854 - INFO - [BBC] Attempt 1/1: Trying with 'requests_browser' strategy...
2025-11-21 12:43:12,881 - INFO - [BBC] Success with 'requests_browser'. Found content (464 words).
2025-11-21 12:43:12,924 - INFO - Saved article: Trump's growing impatience to end Ukraine war is a concern for Kyiv from BBC
2025-11-21 12:43:14,179 - INFO - [BBC] Article: https://www.bbc.com/news/articles/cvgmgjx1jego?at_medium=RSS&at_campaign=rss
2025-11-21 12:43:14,179 - INFO - [BBC] Attempt 1/1: Trying with 'requests_browser' strategy...
2025-11-21 12:43:14,207 - INFO - [The Guardian] Article: https://www.theguardian.com/world/2025/nov/20/nigerian-court-convicts-biafran-separatist-leader-on-terrorism-charges-nnamdi-kanu
2025-11-21 12:43:14,208 - INFO - [The Guardian] Attempt 1/1: Trying with 'requests_browser' strategy...
2025-11-21 12:43:14,238 - INFO - [The Guardian] Success with 'requests_browser'. Found content (554 words).
2025-11-21 12:43:14,287 - INFO - Duplicate article skipped: Biafran separatist leader sentenced to life on terrorism charges by Nigerian court | Nigeria | The Guardian from The Guardian
2025-11-21 12:43:14,407 - INFO - [BBC] Success with 'requests_browser'. Found content (1225 words).
2025-11-21 12:43:14,450 - INFO - Saved article: Anti-Hamas armed groups seek future role under Gaza peace plan from BBC
2025-11-21 12:43:14,991 - INFO - [The Guardian] Article: https://www.theguardian.com/global-development/2025/nov/19/new-drug-could-be-breakthrough-killer-tb-tuberculosis-sorfequiline
2025-11-21 12:43:14,991 - INFO - [The Guardian] Attempt 1/1: Trying with 'requests_browser' strategy...
2025-11-21 12:43:15,448 - INFO - [The Guardian] Success with 'requests_browser'. Found content (589 words).
2025-11-21 12:43:15,489 - INFO - Duplicate article skipped: New drug could be a breakthrough in treatment for killer TB, trial suggests | Global health | The Guardian from The Guardian
2025-11-21 12:43:15,568 - INFO - [BBC] Article: https://www.bbc.com/news/articles/cx2egwlxj36o?at_medium=RSS&at_campaign=rss
2025-11-21 12:43:15,568 - INFO - [BBC] Attempt 1/1: Trying with 'requests_browser' strategy...
2025-11-21 12:43:15,592 - INFO - [BBC] Success with 'requests_browser'. Found content (205 words).
2025-11-21 12:43:15,625 - INFO - Saved article: Indian fighter jet pilot killed in crash at Dubai airshow from BBC
2025-11-21 12:43:16,027 - INFO - [The Guardian] Article: https://www.theguardian.com/environment/2025/nov/18/congo-basin-rainforest-africa-research-funding-aoe
2025-11-21 12:43:16,027 - INFO - [The Guardian] Attempt 1/1: Trying with 'requests_browser' strategy...
2025-11-21 12:43:16,054 - INFO - [The Guardian] Success with 'requests_browser'. Found content (1040 words).
2025-11-21 12:43:16,100 - INFO - Duplicate article skipped: The rainforest the world forgot: the Congo basin is the second largest on Earth, so why is it being neglected? | Global development | The Guardian from The Guardian
2025-11-21 12:43:16,674 - INFO - [BBC] Article: https://www.bbc.com/news/articles/ceq0q3e2j17o?at_medium=RSS&at_campaign=rss
2025-11-21 12:43:16,674 - INFO - [BBC] Attempt 1/1: Trying with 'requests_browser' strategy...
2025-11-21 12:43:16,764 - INFO - [The Guardian] Article: https://www.theguardian.com/world/2025/nov/21/grizzly-bear-attacks-children-teachers-canada-british-columbia
2025-11-21 12:43:16,764 - INFO - [The Guardian] Attempt 1/1: Trying with 'requests_browser' strategy...
2025-11-21 12:43:16,791 - INFO - [The Guardian] Success with 'requests_browser'. Found content (301 words).
2025-11-21 12:43:16,863 - INFO - Saved article: Eleven injured after grizzly bear attacks schoolchildren and teachers in Canada | Canada | The Guardian from The Guardian
2025-11-21 12:43:16,883 - INFO - [BBC] Success with 'requests_browser'. Found content (512 words).
2025-11-21 12:43:16,920 - INFO - Saved article: Vietnam: At least 41 dead as relentless rains flood central region from BBC
2025-11-21 12:43:17,531 - INFO - [BBC] Article: https://www.bbc.com/news/articles/c33mnvy5zppo?at_medium=RSS&at_campaign=rss
2025-11-21 12:43:17,531 - INFO - [BBC] Attempt 1/1: Trying with 'requests_browser' strategy...
2025-11-21 12:43:17,739 - INFO - [The Guardian] Article: https://www.theguardian.com/world/2025/nov/21/axolotl-banknote-mexico-amphibian
2025-11-21 12:43:17,739 - INFO - [The Guardian] Attempt 1/1: Trying with 'requests_browser' strategy...
2025-11-21 12:43:17,759 - INFO - [The Guardian] Success with 'requests_browser'. Found content (475 words).
2025-11-21 12:43:17,798 - INFO - Saved article: A lot of axolotls: the amphibian-themed banknote Mexicans don’t want to spend | Mexico | The Guardian from The Guardian
2025-11-21 12:43:17,819 - INFO - [BBC] Success with 'requests_browser'. Found content (534 words).
2025-11-21 12:43:17,854 - INFO - Saved article: Venezuela says opposition leader will become fugitive if she collects Nobel from BBC
2025-11-21 12:43:18,577 - INFO - [BBC] Article: https://www.bbc.com/news/articles/cz7p783g2j5o?at_medium=RSS&at_campaign=rss
2025-11-21 12:43:18,577 - INFO - [BBC] Attempt 1/1: Trying with 'requests_browser' strategy...
2025-11-21 12:43:18,746 - INFO - [BBC] Success with 'requests_browser'. Found content (573 words).
2025-11-21 12:43:18,814 - INFO - Saved article: Scientists reveal what triggered Santorini 'earthquake swarm' from BBC
2025-11-21 12:43:19,166 - INFO - [The Guardian] Article: https://www.theguardian.com/world/2025/nov/21/woman-jailed-for-20-years-over-death-of-australian-surfer-brothers-and-american-man-in-mexico
2025-11-21 12:43:19,166 - INFO - [The Guardian] Attempt 1/1: Trying with 'requests_browser' strategy...
2025-11-21 12:43:19,186 - INFO - [The Guardian] Success with 'requests_browser'. Found content (366 words).
2025-11-21 12:43:19,237 - INFO - Saved article: Woman jailed for 20 years over death of Australian surfer brothers and American man in Mexico | Mexico | The Guardian from The Guardian
2025-11-21 12:43:19,493 - INFO - Selenium driver initialized successfully.
2025-11-21 12:43:19,493 - INFO - Selenium driver initialized successfully.
2025-11-21 12:43:19,493 - INFO - Starting scrape for Times of India RSS feed: https://timesofindia.indiatimes.com/rssfeeds/296589292.cms
2025-11-21 12:43:19,494 - INFO - Starting scrape for The Hindu RSS feed: https://www.thehindu.com/news/national/feeder/default.rss
2025-11-21 12:43:19,576 - INFO - Found 20 articles in Times of India RSS feed. Processing up to 10.
2025-11-21 12:43:19,576 - INFO - [Times of India] Article: https://timesofindia.indiatimes.com/world/middle-east/us-saudi-citizen-saad-al-madi-returns-to-florida-after-saudi-travel-ban-lifted/articleshow/125484819.cms
2025-11-21 12:43:19,576 - INFO - [Times of India] Attempt 1/1: Trying with 'selenium_browser' strategy...
2025-11-21 12:43:19,590 - INFO - [BBC] Article: https://www.bbc.com/news/articles/c20kl7x3ylyo?at_medium=RSS&at_campaign=rss
2025-11-21 12:43:19,590 - INFO - [BBC] Attempt 1/1: Trying with 'requests_browser' strategy...
2025-11-21 12:43:19,642 - INFO - [BBC] Success with 'requests_browser'. Found content (293 words).
2025-11-21 12:43:19,678 - INFO - Saved article: Canadian man loses legal battle to reclaim C$1.2m-dollar stash from BBC
2025-11-21 12:43:20,245 - INFO - [The Guardian] Article: https://www.theguardian.com/artanddesign/2025/nov/21/frida-kahlo-self-portrait-sells-547-million-new-auction-record-female-artist
2025-11-21 12:43:20,245 - INFO - [The Guardian] Attempt 1/1: Trying with 'requests_browser' strategy...
2025-11-21 12:43:20,270 - INFO - [The Guardian] Success with 'requests_browser'. Found content (559 words).
2025-11-21 12:43:20,323 - INFO - Duplicate article skipped: Frida Kahlo self-portrait sells for $54.7m to set new auction record for a female artist | Frida Kahlo | The Guardian from The Guardian
2025-11-21 12:43:20,577 - INFO - Found 100 articles in The Hindu RSS feed. Processing up to 10.
2025-11-21 12:43:20,577 - INFO - [The Hindu] Article: https://www.thehindu.com/news/national/telangana/seminar-cum-expo-on-footwear-heritage-from-november-28-to-30/article70304166.ece
2025-11-21 12:43:20,577 - INFO - [The Hindu] Attempt 1/1: Trying with 'selenium_browser' strategy...
2025-11-21 12:43:20,815 - INFO - [BBC] Article: https://www.bbc.com/news/articles/cj4qxvy74qyo?at_medium=RSS&at_campaign=rss
2025-11-21 12:43:20,815 - INFO - [BBC] Attempt 1/1: Trying with 'requests_browser' strategy...
2025-11-21 12:43:20,925 - INFO - [BBC] Success with 'requests_browser'. Found content (581 words).
2025-11-21 12:43:21,098 - INFO - Saved article: St Mary's School in Niger state: Pupils abducted from Nigerian Catholic school from BBC
2025-11-21 12:43:21,426 - INFO - [The Guardian] Article: https://www.theguardian.com/environment/live/2025/nov/20/cop30-live-news-updates-belem-brazil-president-lula
2025-11-21 12:43:21,427 - INFO - [The Guardian] Attempt 1/1: Trying with 'requests_browser' strategy...
2025-11-21 12:43:22,403 - INFO - [BBC] Article: https://www.bbc.com/news/articles/cgmxmxljg8mo?at_medium=RSS&at_campaign=rss
2025-11-21 12:43:22,403 - INFO - [BBC] Attempt 1/1: Trying with 'requests_browser' strategy...
2025-11-21 12:43:23,107 - INFO - [BBC] Success with 'requests_browser'. Found content (1396 words).
2025-11-21 12:43:23,298 - INFO - [The Guardian] Success with 'requests_browser'. Found content (3839 words).
2025-11-21 12:43:23,972 - INFO - Saved article: Miss Universe: Mexico's Fatima Bosch, who walked out on organisers, wins pageant from BBC
2025-11-21 12:43:24,432 - INFO - Duplicate article skipped: Cop30 conference centre evacuated as fire breaks out – as it happened | Cop30 | The Guardian from The Guardian
2025-11-21 12:43:38,177 - INFO - [The Hindu] Page content loaded.
2025-11-21 12:45:19,677 - ERROR - [Times of India] Request failed for strategy 'selenium_browser' on URL https://timesofindia.indiatimes.com/world/middle-east/us-saudi-citizen-saad-al-madi-returns-to-florida-after-saudi-travel-ban-lifted/articleshow/125484819.cms: HTTPConnectionPool(host='localhost', port=44217): Read timed out. (read timeout=120)
2025-11-21 12:45:19,677 - ERROR - [Times of India] All scrape strategies failed for https://timesofindia.indiatimes.com/world/middle-east/us-saudi-citizen-saad-al-madi-returns-to-florida-after-saudi-travel-ban-lifted/articleshow/125484819.cms. Falling back to RSS description.
2025-11-21 12:45:19,679 - INFO - Saved article: US-Saudi citizen Saad Al-Madi returns to Florida after Saudi travel ban lifted from Times of India
2025-11-21 12:45:20,258 - INFO - [Times of India] Article: https://timesofindia.indiatimes.com/world/us/bringing-indians-in-us-as-store-clerks-influencer-slams-maga-over-visa-row-says-h1-b-is-for-degreed-individuals-with-special-skills/articleshow/125485414.cms
2025-11-21 12:45:20,258 - INFO - [Times of India] Attempt 1/1: Trying with 'selenium_browser' strategy...
2025-11-21 12:45:38,281 - WARNING - Retrying (Retry(total=2, connect=None, read=None, redirect=None, status=None)) after connection broken by 'ReadTimeoutError("HTTPConnectionPool(host='localhost', port=55835): Read timed out. (read timeout=120)")': /session/0a300eff68aed0a4ac9ebd3551c7a2b5/source
2025-11-21 12:47:20,355 - ERROR - [Times of India] Request failed for strategy 'selenium_browser' on URL https://timesofindia.indiatimes.com/world/us/bringing-indians-in-us-as-store-clerks-influencer-slams-maga-over-visa-row-says-h1-b-is-for-degreed-individuals-with-special-skills/articleshow/125485414.cms: HTTPConnectionPool(host='localhost', port=44217): Read timed out. (read timeout=120)
2025-11-21 12:47:20,355 - ERROR - [Times of India] All scrape strategies failed for https://timesofindia.indiatimes.com/world/us/bringing-indians-in-us-as-store-clerks-influencer-slams-maga-over-visa-row-says-h1-b-is-for-degreed-individuals-with-special-skills/articleshow/125485414.cms. Falling back to RSS description.
2025-11-21 12:47:20,357 - INFO - Saved article: 'Bringing Indians in US as store clerks': Influencer slams MAGA over visa row, says H1-B is for 'degreed individuals with special skills' from Times of India
2025-11-21 12:47:21,375 - INFO - [Times of India] Article: https://timesofindia.indiatimes.com/world/middle-east/saudias-new-flight-pass-lets-you-lock-in-domestic-fares-before-prices-rise/articleshow/125482938.cms
2025-11-21 12:47:21,376 - INFO - [Times of India] Attempt 1/1: Trying with 'selenium_browser' strategy...
2025-11-21 12:47:38,382 - WARNING - Retrying (Retry(total=1, connect=None, read=None, redirect=None, status=None)) after connection broken by 'ReadTimeoutError("HTTPConnectionPool(host='localhost', port=55835): Read timed out. (read timeout=120)")': /session/0a300eff68aed0a4ac9ebd3551c7a2b5/source
2025-11-21 12:48:11,266 - CRITICAL - --- TIMEOUT: 2 scrape jobs did not complete in 300s. ---
2025-11-21 12:48:11,266 - ERROR - A thread has timed out and will be abandoned.
2025-11-21 12:48:11,266 - ERROR - A thread has timed out and will be abandoned.
2025-11-21 12:48:11,266 - INFO - Shutting down thread pool (wait=False)...
2025-11-21 12:48:11,267 - INFO - Scraped: 9 BBC, 3 The Guardian, 2 Timed_Out_Jobs articles. (Total saved: 12)
2025-11-21 12:48:11,267 - INFO - --- Scraping job finished ---
2025-11-21 12:48:11,267 - INFO - --- Scraper service stopped and database connection closed. ---
2025-11-21 12:48:11,267 - INFO - --- Main thread finished. Forcing process exit to kill zombie threads. ---
