2025-11-24 01:52:05,157 - INFO - Initializing database connection at: news_articles.db
2025-11-24 01:52:05,158 - INFO - --- Scraper service started (CI Mode: Run Once) ---
2025-11-24 01:52:05,158 - INFO - --- Starting new scraping job (Parallel Mode) ---
2025-11-24 01:52:05,158 - INFO - Creating new robust session with 3 retries on 5xx/connection/read errors.
2025-11-24 01:52:05,158 - INFO - Proxy is DISABLED.
2025-11-24 01:52:05,158 - INFO - Starting scrape for BBC RSS feed: http://feeds.bbci.co.uk/news/world/rss.xml
2025-11-24 01:52:05,159 - INFO - [Times of India] (Thread) requires Selenium. Initializing driver...
2025-11-24 01:52:05,159 - INFO - Initializing headless Selenium Chrome driver (using SeleniumManager)...
2025-11-24 01:52:05,160 - INFO - Starting scrape for The Guardian RSS feed: https://www.theguardian.com/world/rss
2025-11-24 01:52:05,160 - INFO - [The Hindu] (Thread) requires Selenium. Initializing driver...
2025-11-24 01:52:05,160 - INFO - Initializing headless Selenium Chrome driver (using SeleniumManager)...
2025-11-24 01:52:05,160 - INFO - Submitted 4 jobs to thread pool. Waiting up to 300s for completion...
2025-11-24 01:52:05,409 - INFO - Found 45 articles in The Guardian RSS feed. Processing up to 10.
2025-11-24 01:52:05,409 - INFO - [The Guardian] Article: https://www.theguardian.com/world/2025/nov/23/cyril-ramaphosa-gavel-g20-summit-us-handover
2025-11-24 01:52:05,409 - INFO - [The Guardian] Attempt 1/1: Trying with 'requests_browser' strategy...
2025-11-24 01:52:05,418 - INFO - Found 27 articles in BBC RSS feed. Processing up to 10.
2025-11-24 01:52:05,418 - INFO - [BBC] Article: https://www.bbc.com/news/articles/ce3zwy808dpo?at_medium=RSS&at_campaign=rss
2025-11-24 01:52:05,418 - INFO - [BBC] Attempt 1/1: Trying with 'requests_browser' strategy...
2025-11-24 01:52:05,468 - INFO - [The Guardian] Success with 'requests_browser'. Found content (520 words).
2025-11-24 01:52:05,521 - INFO - Saved article: Cyril Ramaphosa closes G20 summit after US boycott and handover row | G20 | The Guardian from The Guardian
2025-11-24 01:52:05,833 - INFO - [BBC] Success with 'requests_browser'. Found content (622 words).
2025-11-24 01:52:05,884 - INFO - Saved article: Rubio hails 'tremendous progress' at Ukraine peace talks from BBC
2025-11-24 01:52:06,931 - INFO - [The Guardian] Article: https://www.theguardian.com/world/2025/nov/22/security-fears-rise-in-nigeria-after-more-than-300-taken-mass-school-kidnapping
2025-11-24 01:52:06,931 - INFO - [The Guardian] Attempt 1/1: Trying with 'requests_browser' strategy...
2025-11-24 01:52:06,975 - INFO - [The Guardian] Success with 'requests_browser'. Found content (642 words).
2025-11-24 01:52:07,019 - INFO - Duplicate article skipped: Security fears rise in Nigeria after more than 300 schoolchildren kidnapped | Nigeria | The Guardian from The Guardian
2025-11-24 01:52:07,359 - INFO - [BBC] Article: https://www.bbc.com/news/articles/cn7klr7647jo?at_medium=RSS&at_campaign=rss
2025-11-24 01:52:07,359 - INFO - [BBC] Attempt 1/1: Trying with 'requests_browser' strategy...
2025-11-24 01:52:07,417 - INFO - [BBC] Success with 'requests_browser'. Found content (1038 words).
2025-11-24 01:52:07,460 - INFO - Saved article: Gaza food kitchens still missing essential products despite ceasefire from BBC
2025-11-24 01:52:07,743 - INFO - [The Guardian] Article: https://www.theguardian.com/society/2025/nov/22/south-africa-g20-protests-gender-based-violence-national-disaster
2025-11-24 01:52:07,743 - INFO - [The Guardian] Attempt 1/1: Trying with 'requests_browser' strategy...
2025-11-24 01:52:07,779 - INFO - [The Guardian] Success with 'requests_browser'. Found content (437 words).
2025-11-24 01:52:07,818 - INFO - Duplicate article skipped: South Africa declares gender-based violence a national disaster amid G20 protests | Violence against women and girls | The Guardian from The Guardian
2025-11-24 01:52:08,075 - INFO - [BBC] Article: https://www.bbc.com/news/articles/cx2y2le8lx1o?at_medium=RSS&at_campaign=rss
2025-11-24 01:52:08,075 - INFO - [BBC] Attempt 1/1: Trying with 'requests_browser' strategy...
2025-11-24 01:52:08,129 - INFO - [BBC] Success with 'requests_browser'. Found content (1750 words).
2025-11-24 01:52:08,171 - INFO - Saved article: Sierra Leone juju traders: Hunting down those who kill for human body parts from BBC
2025-11-24 01:52:09,067 - INFO - [BBC] Article: https://www.bbc.com/news/articles/cn81j54xjx1o?at_medium=RSS&at_campaign=rss
2025-11-24 01:52:09,067 - INFO - [BBC] Attempt 1/1: Trying with 'requests_browser' strategy...
2025-11-24 01:52:09,098 - INFO - [The Guardian] Article: https://www.theguardian.com/world/2025/nov/21/nigeria-reels-after-second-mass-school-abduction-in-a-week
2025-11-24 01:52:09,098 - INFO - [The Guardian] Attempt 1/1: Trying with 'requests_browser' strategy...
2025-11-24 01:52:09,137 - INFO - [The Guardian] Success with 'requests_browser'. Found content (744 words).
2025-11-24 01:52:09,175 - INFO - Duplicate article skipped: Nigeria reels after 215 children taken in second mass school abduction in a week | Nigeria | The Guardian from The Guardian
2025-11-24 01:52:09,226 - INFO - [BBC] Success with 'requests_browser'. Found content (553 words).
2025-11-24 01:52:09,262 - INFO - Saved article: Israel kills top Hezbollah official in first attack on Beirut in months from BBC
2025-11-24 01:52:09,847 - INFO - [The Guardian] Article: https://www.theguardian.com/world/2025/nov/21/run-up-to-g20-in-south-africa-marred-by-hosts-simmering-row-with-us
2025-11-24 01:52:09,847 - INFO - [The Guardian] Attempt 1/1: Trying with 'requests_browser' strategy...
2025-11-24 01:52:09,894 - INFO - [The Guardian] Success with 'requests_browser'. Found content (887 words).
2025-11-24 01:52:09,941 - INFO - Duplicate article skipped: South Africa’s dispute with US escalates amid row over G20 handover event | G20 | The Guardian from The Guardian
2025-11-24 01:52:10,100 - INFO - [BBC] Article: https://www.bbc.com/news/articles/ce8g8wrd61zo?at_medium=RSS&at_campaign=rss
2025-11-24 01:52:10,100 - INFO - [BBC] Attempt 1/1: Trying with 'requests_browser' strategy...
2025-11-24 01:52:10,148 - INFO - [BBC] Success with 'requests_browser'. Found content (983 words).
2025-11-24 01:52:10,207 - INFO - Saved article: Machu Picchu hit by a row over tourist buses from BBC
2025-11-24 01:52:10,849 - INFO - [The Guardian] Article: https://www.theguardian.com/world/2025/nov/23/jair-bolsonaro-claims-psychotic-attack-made-him-tamper-with-ankle-monitor
2025-11-24 01:52:10,849 - INFO - [The Guardian] Attempt 1/1: Trying with 'requests_browser' strategy...
2025-11-24 01:52:10,873 - INFO - [BBC] Article: https://www.bbc.com/news/articles/cpwk5qzzppzo?at_medium=RSS&at_campaign=rss
2025-11-24 01:52:10,873 - INFO - [BBC] Attempt 1/1: Trying with 'requests_browser' strategy...
2025-11-24 01:52:10,884 - INFO - [The Guardian] Success with 'requests_browser'. Found content (530 words).
2025-11-24 01:52:10,929 - INFO - Saved article: Jair Bolsonaro claims ‘psychotic attack’ made him tamper with ankle monitor | Jair Bolsonaro | The Guardian from The Guardian
2025-11-24 01:52:10,948 - INFO - [BBC] Success with 'requests_browser'. Found content (806 words).
2025-11-24 01:52:10,986 - INFO - Saved article: Fifty children escape after mass school abduction in Nigeria from BBC
2025-11-24 01:52:11,509 - INFO - [BBC] Article: https://www.bbc.com/news/articles/cwywl8g31g7o?at_medium=RSS&at_campaign=rss
2025-11-24 01:52:11,509 - INFO - [BBC] Attempt 1/1: Trying with 'requests_browser' strategy...
2025-11-24 01:52:11,558 - INFO - [BBC] Success with 'requests_browser'. Found content (288 words).
2025-11-24 01:52:11,594 - INFO - Duplicate article skipped: Vietnam floods leave at least 90 dead and 12 missing from BBC
2025-11-24 01:52:11,652 - INFO - [The Guardian] Article: https://www.theguardian.com/environment/2025/nov/23/un-warns-world-losing-climate-battle-but-fragile-cop30-deal-keeps-up-the-fight
2025-11-24 01:52:11,652 - INFO - [The Guardian] Attempt 1/1: Trying with 'requests_browser' strategy...
2025-11-24 01:52:11,698 - INFO - [The Guardian] Success with 'requests_browser'. Found content (1071 words).
2025-11-24 01:52:11,756 - INFO - Saved article: UN warns world losing climate battle but fragile Cop30 deal keeps up the fight | Cop30 | The Guardian from The Guardian
2025-11-24 01:52:12,351 - INFO - [BBC] Article: https://www.bbc.com/sport/articles/cp84m625d33o?at_medium=RSS&at_campaign=rss
2025-11-24 01:52:12,351 - INFO - [BBC] Attempt 1/1: Trying with 'requests_browser' strategy...
2025-11-24 01:52:12,394 - INFO - [BBC] Success with 'requests_browser'. Found content (390 words).
2025-11-24 01:52:12,433 - INFO - Saved article: Aonishiki: Ukraine sumo prodigy becomes champion in Japan - BBC Sport from BBC
2025-11-24 01:52:12,535 - INFO - [The Guardian] Article: https://www.theguardian.com/environment/2025/nov/23/cop30-talks-climate-progress-five-threats
2025-11-24 01:52:12,535 - INFO - [The Guardian] Attempt 1/1: Trying with 'requests_browser' strategy...
2025-11-24 01:52:12,581 - INFO - [The Guardian] Success with 'requests_browser'. Found content (1188 words).
2025-11-24 01:52:12,625 - INFO - Duplicate article skipped: Trump, war, absent media: five threats to climate progress that dogged Cop30 | Cop30 | The Guardian from The Guardian
2025-11-24 01:52:12,690 - INFO - Selenium driver initialized successfully.
2025-11-24 01:52:12,691 - INFO - Starting scrape for Times of India RSS feed: https://timesofindia.indiatimes.com/rssfeeds/296589292.cms
2025-11-24 01:52:12,692 - INFO - Selenium driver initialized successfully.
2025-11-24 01:52:12,692 - INFO - Starting scrape for The Hindu RSS feed: https://www.thehindu.com/news/national/feeder/default.rss
2025-11-24 01:52:12,889 - INFO - Found 100 articles in The Hindu RSS feed. Processing up to 10.
2025-11-24 01:52:12,889 - INFO - Found 20 articles in Times of India RSS feed. Processing up to 10.
2025-11-24 01:52:12,889 - INFO - [The Hindu] Article: https://www.thehindu.com/news/national/tamil-nadu/several-tn-districts-announce-holiday-in-schools-due-to-rain/article70316143.ece
2025-11-24 01:52:12,890 - INFO - [Times of India] Article: https://timesofindia.indiatimes.com/world/us-streamers/erika-kirks-heartfelt-talk-with-megyn-kelly-reveals-powerful-message-for-charlie-kirks-suspected-killer/articleshow/125525898.cms
2025-11-24 01:52:12,890 - INFO - [The Hindu] Attempt 1/1: Trying with 'selenium_browser' strategy...
2025-11-24 01:52:12,890 - INFO - [Times of India] Attempt 1/1: Trying with 'selenium_browser' strategy...
2025-11-24 01:52:13,529 - INFO - [BBC] Article: https://www.bbc.com/news/articles/cpd6qey9e4zo?at_medium=RSS&at_campaign=rss
2025-11-24 01:52:13,529 - INFO - [BBC] Attempt 1/1: Trying with 'requests_browser' strategy...
2025-11-24 01:52:13,621 - INFO - [BBC] Success with 'requests_browser'. Found content (320 words).
2025-11-24 01:52:13,702 - INFO - Duplicate article skipped: Man who grabbed Ariana Grande at premiere banned from Singapore from BBC
2025-11-24 01:52:13,979 - INFO - [The Guardian] Article: https://www.theguardian.com/environment/2025/nov/22/cop30-deal-inches-closer-to-end-of-fossil-fuel-era-after-bitter-standoff
2025-11-24 01:52:13,979 - INFO - [The Guardian] Attempt 1/1: Trying with 'requests_browser' strategy...
2025-11-24 01:52:14,114 - INFO - [The Guardian] Success with 'requests_browser'. Found content (1071 words).
2025-11-24 01:52:14,225 - INFO - [BBC] Article: https://www.bbc.com/news/articles/c4gplp979j1o?at_medium=RSS&at_campaign=rss
2025-11-24 01:52:14,225 - INFO - [BBC] Attempt 1/1: Trying with 'requests_browser' strategy...
2025-11-24 01:52:14,338 - INFO - Duplicate article skipped: End of fossil fuel era inches closer as Cop30 deal agreed after bitter standoff | Cop30 | The Guardian from The Guardian
2025-11-24 01:52:14,369 - INFO - [BBC] Success with 'requests_browser'. Found content (343 words).
2025-11-24 01:52:14,511 - INFO - Saved article: Jair Bolsonaro says ankle monitor damage caused by paranoia from BBC
2025-11-24 01:52:14,855 - INFO - [The Guardian] Article: https://www.theguardian.com/world/2025/nov/22/far-right-former-president-jair-bolsonaro-arrested-in-brazil
2025-11-24 01:52:14,855 - INFO - [The Guardian] Attempt 1/1: Trying with 'requests_browser' strategy...
2025-11-24 01:52:15,019 - INFO - [The Guardian] Success with 'requests_browser'. Found content (768 words).
2025-11-24 01:52:15,264 - INFO - Duplicate article skipped: Jair Bolsonaro arrested after tampering with ankle tag ‘out of curiosity’ | Jair Bolsonaro | The Guardian from The Guardian
2025-11-24 01:52:23,733 - INFO - [The Hindu] Page content loaded.
2025-11-24 01:52:24,262 - INFO - [The Hindu] Success with 'selenium_browser'. Found content (187 words).
2025-11-24 01:52:24,783 - INFO - Saved article: Several T.N. districts announce holiday in schools due to rain - The Hindu from The Hindu
2025-11-24 01:52:25,332 - INFO - [The Hindu] Article: https://www.thehindu.com/news/national/pm-modi-canadas-carney-agree-to-unlock-potential-for-deeper-cooperation-in-defence-and-space-sectors/article70316141.ece
2025-11-24 01:52:25,332 - INFO - [The Hindu] Attempt 1/1: Trying with 'selenium_browser' strategy...
2025-11-24 01:52:34,245 - INFO - [The Hindu] Page content loaded.
2025-11-24 01:52:34,896 - INFO - [The Hindu] Success with 'selenium_browser'. Found content (609 words).
2025-11-24 01:52:36,448 - INFO - Saved article: PM Modi, Canada's Carney agree to unlock potential for deeper cooperation in defence and space sectors - The Hindu from The Hindu
2025-11-24 01:52:37,330 - INFO - [The Hindu] Article: https://www.thehindu.com/news/cities/chennai/what-gen-z-is-really-talking-about-when-they-talk-politics/article70307093.ece
2025-11-24 01:52:37,330 - INFO - [The Hindu] Attempt 1/1: Trying with 'selenium_browser' strategy...
2025-11-24 01:52:46,242 - INFO - [The Hindu] Page content loaded.
2025-11-24 01:52:47,036 - INFO - [The Hindu] Success with 'selenium_browser'. Found content (897 words).
2025-11-24 01:52:47,791 - INFO - Saved article: What Gen Z is really talking about when they talk politics - The Hindu from The Hindu
2025-11-24 01:52:49,108 - INFO - [The Hindu] Article: https://www.thehindu.com/news/national/telangana/cm-revanth-reviews-arrangements-for-telangana-rising-global-summit/article70314129.ece
2025-11-24 01:52:49,108 - INFO - [The Hindu] Attempt 1/1: Trying with 'selenium_browser' strategy...
2025-11-24 01:52:53,687 - INFO - [The Hindu] Page content loaded.
2025-11-24 01:52:54,162 - INFO - [The Hindu] Success with 'selenium_browser'. Found content (218 words).
2025-11-24 01:52:54,397 - INFO - Saved article: CM Revanth reviews arrangements for Telangana Rising Global Summit - The Hindu from The Hindu
2025-11-24 01:52:55,311 - INFO - [The Hindu] Article: https://www.thehindu.com/news/national/tamil-nadu/congress-panel-consults-leaders-of-tncc-on-seat-sharing-with-dmk/article70314534.ece
2025-11-24 01:52:55,311 - INFO - [The Hindu] Attempt 1/1: Trying with 'selenium_browser' strategy...
2025-11-24 01:52:57,112 - INFO - [The Hindu] Page content loaded.
2025-11-24 01:52:57,533 - INFO - [The Hindu] Success with 'selenium_browser'. Found content (298 words).
2025-11-24 01:52:57,780 - INFO - Saved article: Congress panel consults leaders of TNCC on seat-sharing with DMK - The Hindu from The Hindu
2025-11-24 01:52:58,599 - INFO - [The Hindu] Article: https://www.thehindu.com/news/national/tamil-nadu/motorists-seek-adequate-safety-measures-on-new-rob-in-ranipet-town-to-prevent-accidents/article70314453.ece
2025-11-24 01:52:58,599 - INFO - [The Hindu] Attempt 1/1: Trying with 'selenium_browser' strategy...
2025-11-24 01:53:00,045 - INFO - [The Hindu] Page content loaded.
2025-11-24 01:53:00,589 - INFO - [The Hindu] Success with 'selenium_browser'. Found content (438 words).
2025-11-24 01:53:00,999 - INFO - Saved article: Motorists seek adequate safety measures on new ROB in Ranipet town to prevent accidents - The Hindu from The Hindu
2025-11-24 01:53:02,285 - INFO - [The Hindu] Article: https://www.thehindu.com/news/national/tripura/tipra-motha-chief-warns-minister-amid-recent-political-violence-in-tripura/article70315501.ece
2025-11-24 01:53:02,285 - INFO - [The Hindu] Attempt 1/1: Trying with 'selenium_browser' strategy...
2025-11-24 01:53:03,993 - INFO - [The Hindu] Page content loaded.
2025-11-24 01:53:04,466 - INFO - [The Hindu] Success with 'selenium_browser'. Found content (250 words).
2025-11-24 01:53:04,883 - INFO - Saved article: Tipra Motha Chief warns Minister amid recent political violence in Tripura - The Hindu from The Hindu
2025-11-24 01:53:05,592 - INFO - [The Hindu] Article: https://www.thehindu.com/news/national/indigo-plane-damaged-after-being-struck-by-bird-in-rishikesh-passengers-safe/article70315499.ece
2025-11-24 01:53:05,592 - INFO - [The Hindu] Attempt 1/1: Trying with 'selenium_browser' strategy...
2025-11-24 01:53:08,221 - INFO - [The Hindu] Page content loaded.
2025-11-24 01:53:08,483 - INFO - [The Hindu] Success with 'selenium_browser'. Found content (89 words).
2025-11-24 01:53:08,873 - INFO - Saved article: Indigo plane damaged after being struck by bird in Rishikesh; passengers safe - The Hindu from The Hindu
2025-11-24 01:53:09,602 - INFO - [The Hindu] Article: https://www.thehindu.com/news/national/bihar/political-dynasties-and-votes-the-family-packs-of-bihar/article70315248.ece
2025-11-24 01:53:09,602 - INFO - [The Hindu] Attempt 1/1: Trying with 'selenium_browser' strategy...
2025-11-24 01:53:11,597 - INFO - [The Hindu] Page content loaded.
2025-11-24 01:53:11,881 - INFO - [The Hindu] Success with 'selenium_browser'. Found content (1400 words).
2025-11-24 01:53:12,079 - INFO - Saved article: Dynasty politics and votes: The family packs of Bihar - The Hindu from The Hindu
2025-11-24 01:53:13,151 - INFO - [The Hindu] Article: https://www.thehindu.com/news/national/assam/indigenous-presence-stronger-in-103-assembly-seats-assam-bjp/article70314735.ece
2025-11-24 01:53:13,151 - INFO - [The Hindu] Attempt 1/1: Trying with 'selenium_browser' strategy...
2025-11-24 01:53:14,360 - INFO - [The Hindu] Page content loaded.
2025-11-24 01:53:14,716 - INFO - [The Hindu] Success with 'selenium_browser'. Found content (388 words).
2025-11-24 01:53:14,890 - INFO - Saved article: Indigenous presence stronger in 103 Assembly seats: Assam BJP - The Hindu from The Hindu
2025-11-24 01:53:16,348 - INFO - [The Hindu] (Thread) Finished. Attempting to shut down its Selenium driver.
2025-11-24 01:53:16,537 - INFO - [The Hindu] (Thread) driver.quit() successful.
2025-11-24 01:54:12,965 - ERROR - [Times of India] Request failed for strategy 'selenium_browser' on URL https://timesofindia.indiatimes.com/world/us-streamers/erika-kirks-heartfelt-talk-with-megyn-kelly-reveals-powerful-message-for-charlie-kirks-suspected-killer/articleshow/125525898.cms: HTTPConnectionPool(host='localhost', port=34967): Read timed out. (read timeout=120)
2025-11-24 01:54:12,965 - ERROR - [Times of India] All scrape strategies failed for https://timesofindia.indiatimes.com/world/us-streamers/erika-kirks-heartfelt-talk-with-megyn-kelly-reveals-powerful-message-for-charlie-kirks-suspected-killer/articleshow/125525898.cms. Falling back to RSS description.
2025-11-24 01:54:12,967 - INFO - Saved article: Erika Kirk’s heartfelt talk with Megyn Kelly reveals powerful message for Charlie Kirk’s suspected killer from Times of India
2025-11-24 01:54:14,165 - INFO - [Times of India] Article: https://timesofindia.indiatimes.com/world/rest-of-world/diplomatic-row-tokyo-pushes-ahead-with-missile-deployment-at-yonaguni-island-move-comes-amid-china-tensions/articleshow/125528812.cms
2025-11-24 01:54:14,165 - INFO - [Times of India] Attempt 1/1: Trying with 'selenium_browser' strategy...
2025-11-24 01:56:14,261 - ERROR - [Times of India] Request failed for strategy 'selenium_browser' on URL https://timesofindia.indiatimes.com/world/rest-of-world/diplomatic-row-tokyo-pushes-ahead-with-missile-deployment-at-yonaguni-island-move-comes-amid-china-tensions/articleshow/125528812.cms: HTTPConnectionPool(host='localhost', port=34967): Read timed out. (read timeout=120)
2025-11-24 01:56:14,262 - ERROR - [Times of India] All scrape strategies failed for https://timesofindia.indiatimes.com/world/rest-of-world/diplomatic-row-tokyo-pushes-ahead-with-missile-deployment-at-yonaguni-island-move-comes-amid-china-tensions/articleshow/125528812.cms. Falling back to RSS description.
2025-11-24 01:56:14,264 - INFO - Saved article: Diplomatic row: Tokyo pushes ahead with missile deployment at Yonaguni island; move comes amid China tensions from Times of India
2025-11-24 01:56:15,737 - INFO - [Times of India] Article: https://timesofindia.indiatimes.com/world/uk/engraved-with-initials-titanic-passengers-gold-pocket-watch-sold-for-1-78m-pounds-memorabilia-auction-sets-new-record/articleshow/125528456.cms
2025-11-24 01:56:15,737 - INFO - [Times of India] Attempt 1/1: Trying with 'selenium_browser' strategy...
2025-11-24 01:57:05,163 - CRITICAL - --- TIMEOUT: 1 scrape jobs did not complete in 300s. ---
2025-11-24 01:57:05,163 - ERROR - A thread has timed out and will be abandoned.
2025-11-24 01:57:05,163 - INFO - Shutting down thread pool (wait=False)...
2025-11-24 01:57:05,163 - INFO - Scraped: 8 BBC, 3 The Guardian, 10 The Hindu, 1 Timed_Out_Jobs articles. (Total saved: 21)
2025-11-24 01:57:05,163 - INFO - --- Scraping job finished ---
2025-11-24 01:57:05,163 - INFO - --- Scraper service stopped and database connection closed. ---
2025-11-24 01:57:05,163 - INFO - --- Main thread finished. Forcing process exit to kill zombie threads. ---
