2026-04-25 02:40:03,403 - INFO - Initializing database connection at: news_articles.db
2026-04-25 02:40:03,403 - INFO - --- Scraper service started (CI Mode: Run Once) ---
2026-04-25 02:40:03,403 - INFO - --- Starting new scraping job (Parallel Mode) ---
2026-04-25 02:40:03,403 - INFO - Creating new robust session with 3 retries on 5xx/connection/read errors.
2026-04-25 02:40:03,403 - INFO - Proxy is DISABLED.
2026-04-25 02:40:03,404 - INFO - Starting scrape for BBC RSS feed: http://feeds.bbci.co.uk/news/world/rss.xml
2026-04-25 02:40:03,404 - INFO - [Times of India] (Thread) requires Selenium. Initializing driver...
2026-04-25 02:40:03,404 - INFO - Initializing headless Selenium Chrome driver (using SeleniumManager)...
2026-04-25 02:40:03,404 - INFO - Starting scrape for The Guardian RSS feed: https://www.theguardian.com/world/rss
2026-04-25 02:40:03,405 - INFO - [The Hindu] (Thread) requires Selenium. Initializing driver...
2026-04-25 02:40:03,405 - INFO - Initializing headless Selenium Chrome driver (using SeleniumManager)...
2026-04-25 02:40:03,405 - INFO - Submitted 4 jobs to thread pool. Waiting up to 420s for completion...
2026-04-25 02:40:03,684 - INFO - Found 45 articles in The Guardian RSS feed. Processing up to 25.
2026-04-25 02:40:03,684 - INFO - [The Guardian] Article: https://www.theguardian.com/us-news/2026/apr/24/millionaire-hunter-dies-elephants-gabon
2026-04-25 02:40:03,684 - INFO - [The Guardian] Attempt 1/1: Trying with 'requests_browser' strategy...
2026-04-25 02:40:03,748 - INFO - [The Guardian] Success with 'requests_browser'. Found content (445 words).
2026-04-25 02:40:03,783 - INFO - Saved article: US millionaire big-game hunter dies after being crushed by elephants | California | The Guardian from The Guardian
2026-04-25 02:40:03,832 - INFO - Found 34 articles in BBC RSS feed. Processing up to 25.
2026-04-25 02:40:03,832 - INFO - [BBC] Article: https://www.bbc.com/news/articles/cy8103xklreo?at_medium=RSS&at_campaign=rss
2026-04-25 02:40:03,832 - INFO - [BBC] Attempt 1/1: Trying with 'requests_browser' strategy...
2026-04-25 02:40:04,115 - INFO - [BBC] Success with 'requests_browser'. Found content (632 words).
2026-04-25 02:40:04,168 - INFO - Saved article: Trump's envoys Witkoff and Kushner to fly to Pakistan for Iran talks from BBC
2026-04-25 02:40:04,687 - INFO - [BBC] Article: https://www.bbc.com/news/articles/cz78x703lrvo?at_medium=RSS&at_campaign=rss
2026-04-25 02:40:04,687 - INFO - [BBC] Attempt 1/1: Trying with 'requests_browser' strategy...
2026-04-25 02:40:04,727 - INFO - [BBC] Success with 'requests_browser'. Found content (801 words).
2026-04-25 02:40:04,764 - INFO - Duplicate article skipped: Nato says 'no provision' to expel members after report US could seek to suspend Spain from BBC
2026-04-25 02:40:05,017 - INFO - [The Guardian] Article: https://www.theguardian.com/uk-news/2026/apr/22/british-woman-died-in-ghana-trying-to-recoup-money-from-scammers-inquest-told
2026-04-25 02:40:05,017 - INFO - [The Guardian] Attempt 1/1: Trying with 'requests_browser' strategy...
2026-04-25 02:40:05,161 - INFO - [The Guardian] Success with 'requests_browser'. Found content (633 words).
2026-04-25 02:40:05,191 - INFO - Duplicate article skipped: British woman died in Ghana trying to recoup money from scammers, inquest told | Devon | The Guardian from The Guardian
2026-04-25 02:40:05,517 - INFO - [BBC] Article: https://www.bbc.com/news/articles/cj40r2gw24wo?at_medium=RSS&at_campaign=rss
2026-04-25 02:40:05,517 - INFO - [BBC] Attempt 1/1: Trying with 'requests_browser' strategy...
2026-04-25 02:40:05,559 - INFO - [BBC] Success with 'requests_browser'. Found content (1998 words).
2026-04-25 02:40:05,600 - INFO - Saved article: Europe's Nato allies push back at reported US threat to Spain from BBC
2026-04-25 02:40:05,741 - INFO - [The Guardian] Article: https://www.theguardian.com/global-development/2026/apr/22/climate-change-extreme-weather-heatwaves-floods-wildfires-threat-democracy-elections
2026-04-25 02:40:05,741 - INFO - [The Guardian] Attempt 1/1: Trying with 'requests_browser' strategy...
2026-04-25 02:40:05,812 - INFO - [The Guardian] Success with 'requests_browser'. Found content (494 words).
2026-04-25 02:40:05,844 - INFO - Duplicate article skipped: Heatwaves, floods and wildfires pose rising threat to democracy, report finds | Global development | The Guardian from The Guardian
2026-04-25 02:40:06,160 - INFO - [BBC] Article: https://www.bbc.com/news/articles/cde51y0zgjyo?at_medium=RSS&at_campaign=rss
2026-04-25 02:40:06,160 - INFO - [BBC] Attempt 1/1: Trying with 'requests_browser' strategy...
2026-04-25 02:40:06,194 - INFO - [BBC] Success with 'requests_browser'. Found content (1127 words).
2026-04-25 02:40:06,229 - INFO - Duplicate article skipped: No 10 says Falklands sovereignty rests with UK after report of US 'review' from BBC
2026-04-25 02:40:07,216 - INFO - [BBC] Article: https://www.bbc.com/news/articles/czjwr93vrrzo?at_medium=RSS&at_campaign=rss
2026-04-25 02:40:07,216 - INFO - [BBC] Attempt 1/1: Trying with 'requests_browser' strategy...
2026-04-25 02:40:07,251 - INFO - [BBC] Success with 'requests_browser'. Found content (996 words).
2026-04-25 02:40:07,259 - INFO - [The Guardian] Article: https://www.theguardian.com/us-news/2026/apr/21/afghan-refugees-us-congo
2026-04-25 02:40:07,260 - INFO - [The Guardian] Attempt 1/1: Trying with 'requests_browser' strategy...
2026-04-25 02:40:07,293 - INFO - Saved article: Everest flood warning neglected for years, Nepal officials tell BBC from BBC
2026-04-25 02:40:07,403 - INFO - [The Guardian] Success with 'requests_browser'. Found content (472 words).
2026-04-25 02:40:07,433 - INFO - Duplicate article skipped: Trump officials consider sending 1,100 Afghans who aided US forces to Congo | Trump administration | The Guardian from The Guardian
2026-04-25 02:40:08,005 - INFO - [BBC] Article: https://www.bbc.com/news/videos/cwy37w2y64ro?at_medium=RSS&at_campaign=rss
2026-04-25 02:40:08,005 - INFO - [BBC] Attempt 1/1: Trying with 'requests_browser' strategy...
2026-04-25 02:40:08,052 - INFO - [BBC] Success with 'requests_browser'. Found content (99 words).
2026-04-25 02:40:08,253 - INFO - Saved article: Epstein survivor tells BBC why she wants meeting with the King from BBC
2026-04-25 02:40:08,877 - INFO - [The Guardian] Article: https://www.theguardian.com/world/2026/apr/21/taiwan-president-blames-china-cancel-eswatini-revoke-flight
2026-04-25 02:40:08,877 - INFO - [The Guardian] Attempt 1/1: Trying with 'requests_browser' strategy...
2026-04-25 02:40:09,017 - INFO - [The Guardian] Success with 'requests_browser'. Found content (443 words).
2026-04-25 02:40:09,056 - INFO - Duplicate article skipped: Taiwan president blames China for forced cancellation of Eswatini trip | Taiwan | The Guardian from The Guardian
2026-04-25 02:40:09,130 - INFO - [BBC] Article: https://www.bbc.com/news/articles/cy01ele412yo?at_medium=RSS&at_campaign=rss
2026-04-25 02:40:09,130 - INFO - [BBC] Attempt 1/1: Trying with 'requests_browser' strategy...
2026-04-25 02:40:09,165 - INFO - [BBC] Success with 'requests_browser'. Found content (628 words).
2026-04-25 02:40:09,204 - INFO - Saved article: China car giant BYD says it can thrive without access to US market from BBC
2026-04-25 02:40:09,859 - INFO - [The Guardian] Article: https://www.theguardian.com/us-news/2026/apr/24/us-military-strike-boat-pacific
2026-04-25 02:40:09,859 - INFO - [The Guardian] Attempt 1/1: Trying with 'requests_browser' strategy...
2026-04-25 02:40:09,929 - INFO - [The Guardian] Success with 'requests_browser'. Found content (361 words).
2026-04-25 02:40:09,962 - INFO - Saved article: US military kills two more people in strike on alleged drug boat in Pacific | US military | The Guardian from The Guardian
2026-04-25 02:40:10,475 - INFO - [BBC] Article: https://www.bbc.com/news/articles/cz675j3y151o?at_medium=RSS&at_campaign=rss
2026-04-25 02:40:10,475 - INFO - [BBC] Attempt 1/1: Trying with 'requests_browser' strategy...
2026-04-25 02:40:10,507 - INFO - [BBC] Success with 'requests_browser'. Found content (772 words).
2026-04-25 02:40:10,581 - INFO - Saved article: Sloth World: 31 sloths died before opening of Florida attraction from BBC
2026-04-25 02:40:11,314 - INFO - [BBC] Article: https://www.bbc.com/news/articles/c4gjkj7975po?at_medium=RSS&at_campaign=rss
2026-04-25 02:40:11,314 - INFO - [BBC] Attempt 1/1: Trying with 'requests_browser' strategy...
2026-04-25 02:40:11,359 - INFO - [BBC] Success with 'requests_browser'. Found content (1014 words).
2026-04-25 02:40:11,453 - INFO - [The Guardian] Article: https://www.theguardian.com/uk-news/2026/apr/24/uk-position-falklands-unchanged-leaked-pentagon-memo
2026-04-25 02:40:11,453 - INFO - [The Guardian] Attempt 1/1: Trying with 'requests_browser' strategy...
2026-04-25 02:40:11,561 - INFO - [The Guardian] Success with 'requests_browser'. Found content (1200 words).
2026-04-25 02:40:11,860 - INFO - Saved article: Palantir under fire for X 'manifesto' from co-founder Alex Karp from BBC
2026-04-25 02:40:11,860 - INFO - Duplicate article skipped: UK position on Falklands will not change, No 10 says after leaked Pentagon memo | Falkland Islands | The Guardian from The Guardian
2026-04-25 02:40:12,393 - INFO - [BBC] Article: https://www.bbc.com/news/articles/cdxd1v0028vo?at_medium=RSS&at_campaign=rss
2026-04-25 02:40:12,393 - INFO - [BBC] Attempt 1/1: Trying with 'requests_browser' strategy...
2026-04-25 02:40:12,408 - INFO - [The Guardian] Article: https://www.theguardian.com/us-news/2026/apr/24/florida-sloth-deaths-tourist-attraction
2026-04-25 02:40:12,408 - INFO - [The Guardian] Attempt 1/1: Trying with 'requests_browser' strategy...
2026-04-25 02:40:12,432 - INFO - [BBC] Success with 'requests_browser'. Found content (649 words).
2026-04-25 02:40:12,471 - INFO - Saved article: US justice department drops probe into Fed chairman Jerome Powell from BBC
2026-04-25 02:40:12,489 - INFO - [The Guardian] Success with 'requests_browser'. Found content (819 words).
2026-04-25 02:40:12,523 - INFO - Saved article: Florida officials investigate planned ‘Sloth World’ attraction after 31 sloths die in warehouse | Florida | The Guardian from The Guardian
2026-04-25 02:40:13,255 - INFO - [BBC] Article: https://www.bbc.com/news/articles/cg73l2d079ko?at_medium=RSS&at_campaign=rss
2026-04-25 02:40:13,256 - INFO - [BBC] Attempt 1/1: Trying with 'requests_browser' strategy...
2026-04-25 02:40:13,282 - INFO - [BBC] Success with 'requests_browser'. Found content (416 words).
2026-04-25 02:40:13,315 - INFO - Saved article: US to allow firing squads, gas, and electrocution for federal executions from BBC
2026-04-25 02:40:13,982 - INFO - [The Guardian] Article: https://www.theguardian.com/environment/2026/apr/24/global-talks-ditch-fossil-fuels-colombia
2026-04-25 02:40:13,983 - INFO - [The Guardian] Attempt 1/1: Trying with 'requests_browser' strategy...
2026-04-25 02:40:14,274 - INFO - [The Guardian] Success with 'requests_browser'. Found content (1148 words).
2026-04-25 02:40:14,334 - INFO - Duplicate article skipped: How frustration at Cop stalemates inspires first global talks on phasing out fossil fuels | Fossil fuels | The Guardian from The Guardian
2026-04-25 02:40:14,812 - INFO - [BBC] Article: https://www.bbc.com/news/articles/cvglxgq1p2jo?at_medium=RSS&at_campaign=rss
2026-04-25 02:40:14,812 - INFO - [BBC] Attempt 1/1: Trying with 'requests_browser' strategy...
2026-04-25 02:40:14,844 - INFO - [BBC] Success with 'requests_browser'. Found content (371 words).
2026-04-25 02:40:14,880 - INFO - Duplicate article skipped: Tadamon: Key suspect in notorious Syrian civil war massacre arrested from BBC
2026-04-25 02:40:15,204 - INFO - [The Guardian] Article: https://www.theguardian.com/environment/2026/apr/24/coral-reefs-jamaica
2026-04-25 02:40:15,204 - INFO - [The Guardian] Attempt 1/1: Trying with 'requests_browser' strategy...
2026-04-25 02:40:15,271 - INFO - [The Guardian] Success with 'requests_browser'. Found content (805 words).
2026-04-25 02:40:15,303 - INFO - Duplicate article skipped: Soundtrack of the sea: divers use underwater speakers to help dying coral reefs | Coral | The Guardian from The Guardian
2026-04-25 02:40:15,635 - INFO - [BBC] Article: https://www.bbc.com/news/articles/cz67qjn48eqo?at_medium=RSS&at_campaign=rss
2026-04-25 02:40:15,635 - INFO - [BBC] Attempt 1/1: Trying with 'requests_browser' strategy...
2026-04-25 02:40:15,668 - INFO - [BBC] Success with 'requests_browser'. Found content (954 words).
2026-04-25 02:40:15,706 - INFO - Saved article: Israeli police investigate after officers 'cut Palestinian flag' from skullcap from BBC
2026-04-25 02:40:16,619 - INFO - [The Guardian] Article: https://www.theguardian.com/technology/2026/apr/24/china-chases-driverless-dream-beijing-car-show-ai
2026-04-25 02:40:16,619 - INFO - [The Guardian] Attempt 1/1: Trying with 'requests_browser' strategy...
2026-04-25 02:40:16,751 - INFO - [The Guardian] Success with 'requests_browser'. Found content (763 words).
2026-04-25 02:40:16,797 - INFO - Saved article: ‘Look, no hands’: China chases the driverless dream at Beijing car show | Self-driving cars | The Guardian from The Guardian
2026-04-25 02:40:17,126 - INFO - [BBC] Article: https://www.bbc.com/news/articles/c78l26yn981o?at_medium=RSS&at_campaign=rss
2026-04-25 02:40:17,126 - INFO - [BBC] Attempt 1/1: Trying with 'requests_browser' strategy...
2026-04-25 02:40:17,162 - INFO - [BBC] Success with 'requests_browser'. Found content (340 words).
2026-04-25 02:40:17,200 - INFO - Selenium driver initialized successfully.
2026-04-25 02:40:17,200 - INFO - Starting scrape for The Hindu RSS feed: https://www.thehindu.com/news/national/feeder/default.rss
2026-04-25 02:40:17,209 - INFO - Selenium driver initialized successfully.
2026-04-25 02:40:17,210 - INFO - Starting scrape for Times of India RSS feed: https://timesofindia.indiatimes.com/rssfeeds/296589292.cms
2026-04-25 02:40:17,212 - INFO - Saved article: Somalia piracy: Hijackers seize oil tanker and take 17 crew hostage from BBC
2026-04-25 02:40:17,384 - INFO - Found 20 articles in Times of India RSS feed. Processing up to 25.
2026-04-25 02:40:17,385 - INFO - [Times of India] Article: https://timesofindia.indiatimes.com/world/us/us-justice-dept-closes-criminal-investigation-into-fed-chief-jerome-powell-clearing-hurdle-for-trump-nominee-kevin-warsh/articleshow/130506765.cms
2026-04-25 02:40:17,385 - INFO - [Times of India] Attempt 1/1: Trying with 'selenium_browser' strategy...
2026-04-25 02:40:17,452 - INFO - Found 60 articles in The Hindu RSS feed. Processing up to 25.
2026-04-25 02:40:17,453 - INFO - [The Hindu] Article: https://www.thehindu.com/news/national/karnataka/janivara-row-bjp-demands-stern-action/article70902662.ece
2026-04-25 02:40:17,453 - INFO - [The Hindu] Attempt 1/1: Trying with 'selenium_browser' strategy...
2026-04-25 02:40:17,777 - INFO - [The Guardian] Article: https://www.theguardian.com/world/2026/apr/24/tokyo-workers-asked-to-swap-suits-for-shorts-to-combat-energy-costs-and-heat
2026-04-25 02:40:17,777 - INFO - [The Guardian] Attempt 1/1: Trying with 'requests_browser' strategy...
2026-04-25 02:40:17,864 - INFO - [The Guardian] Success with 'requests_browser'. Found content (542 words).
2026-04-25 02:40:17,908 - INFO - Duplicate article skipped: Tokyo workers encouraged to wear shorts to cut energy costs and keep cool | Japan | The Guardian from The Guardian
2026-04-25 02:40:18,008 - INFO - [BBC] Article: https://www.bbc.com/news/articles/c77m242z2j8o?at_medium=RSS&at_campaign=rss
2026-04-25 02:40:18,008 - INFO - [BBC] Attempt 1/1: Trying with 'requests_browser' strategy...
2026-04-25 02:40:18,094 - INFO - [BBC] Success with 'requests_browser'. Found content (469 words).
2026-04-25 02:40:18,186 - INFO - Saved article: Mandelson under formal investigation by EU's anti-fraud office from BBC
2026-04-25 02:40:18,940 - INFO - [The Guardian] Article: https://www.theguardian.com/australia-news/2026/apr/24/labor-albanese-gas-tax-caving-david-pocock-fuel-supply
2026-04-25 02:40:18,940 - INFO - [The Guardian] Attempt 1/1: Trying with 'requests_browser' strategy...
2026-04-25 02:40:19,065 - WARNING - [The Guardian] FAILED with 'requests_browser' (content was too short: 46 words).
2026-04-25 02:40:19,066 - ERROR - [The Guardian] All scrape strategies failed for https://www.theguardian.com/australia-news/2026/apr/24/labor-albanese-gas-tax-caving-david-pocock-fuel-supply. Falling back to RSS description.
2026-04-25 02:40:19,067 - INFO - Duplicate article skipped: Anthony Albanese accused of ‘caving to gas companies’ as Labor set to reject new export tax from The Guardian
2026-04-25 02:40:19,120 - INFO - [BBC] Article: https://www.bbc.com/news/articles/crr1gwnx4e8o?at_medium=RSS&at_campaign=rss
2026-04-25 02:40:19,120 - INFO - [BBC] Attempt 1/1: Trying with 'requests_browser' strategy...
2026-04-25 02:40:19,197 - INFO - [BBC] Success with 'requests_browser'. Found content (594 words).
2026-04-25 02:40:19,293 - INFO - Saved article: Three Kosovo Serbs jailed over deadly gun battle and monastery siege from BBC
2026-04-25 02:40:20,525 - INFO - [The Guardian] Article: https://www.theguardian.com/world/2026/apr/23/philippines-ex-president-rodrigo-duterte-trial-charges-crimes-against-humanity
2026-04-25 02:40:20,525 - INFO - [The Guardian] Attempt 1/1: Trying with 'requests_browser' strategy...
2026-04-25 02:40:20,765 - INFO - [The Guardian] Success with 'requests_browser'. Found content (590 words).
2026-04-25 02:40:20,791 - INFO - [BBC] Article: https://www.bbc.com/news/articles/c0mjederzwdo?at_medium=RSS&at_campaign=rss
2026-04-25 02:40:20,791 - INFO - [BBC] Attempt 1/1: Trying with 'requests_browser' strategy...
2026-04-25 02:40:21,211 - INFO - [BBC] Success with 'requests_browser'. Found content (449 words).
2026-04-25 02:40:21,450 - INFO - Duplicate article skipped: Philippines’ ex-president Rodrigo Duterte to face trial for crimes against humanity | Rodrigo Duterte | The Guardian from The Guardian
2026-04-25 02:40:21,647 - INFO - Duplicate article skipped: Italy: Poisoning suspected in deaths of 18 wolves in national park from BBC
2026-04-25 02:40:22,035 - INFO - [The Hindu] Page content loaded.
2026-04-25 02:40:22,169 - INFO - [BBC] Article: https://www.bbc.com/news/articles/ckgw72lrvn3o?at_medium=RSS&at_campaign=rss
2026-04-25 02:40:22,169 - INFO - [BBC] Attempt 1/1: Trying with 'requests_browser' strategy...
2026-04-25 02:40:22,385 - INFO - [The Hindu] Success with 'selenium_browser'. Found content (151 words).
2026-04-25 02:40:22,429 - INFO - [BBC] Success with 'requests_browser'. Found content (272 words).
2026-04-25 02:40:22,842 - INFO - Duplicate article skipped: Benjamin Netanyahu treated for early-stage prostate cancer from BBC
2026-04-25 02:40:22,876 - INFO - [The Guardian] Article: https://www.theguardian.com/world/2026/apr/23/south-korea-air-force-selfie-crash-apology
2026-04-25 02:40:22,876 - INFO - [The Guardian] Attempt 1/1: Trying with 'requests_browser' strategy...
2026-04-25 02:40:22,880 - INFO - Saved article: ‘Janivara’ row: BJP demands stern action - The Hindu from The Hindu
2026-04-25 02:40:23,031 - INFO - [The Guardian] Success with 'requests_browser'. Found content (256 words).
2026-04-25 02:40:23,185 - INFO - Duplicate article skipped: Pilot’s selfie led to mid-air collision in F-15K fighter jet, says South Korea’s air force | South Korea | The Guardian from The Guardian
2026-04-25 02:40:23,820 - INFO - [The Hindu] Article: https://www.thehindu.com/news/national/maharashtra/woman-who-confronted-maharashtra-minister-wanted-to-trigger-a-stampede-claims-complainant/article70902651.ece
2026-04-25 02:40:23,820 - INFO - [The Hindu] Attempt 1/1: Trying with 'selenium_browser' strategy...
2026-04-25 02:40:24,125 - INFO - [The Guardian] Article: https://www.theguardian.com/australia-news/2026/apr/25/australian-women-and-children-leave-syrian-detention-camp-for-damascus-and-potentially-home
2026-04-25 02:40:24,125 - INFO - [The Guardian] Attempt 1/1: Trying with 'requests_browser' strategy...
2026-04-25 02:40:24,240 - INFO - [BBC] Article: https://www.bbc.com/news/articles/cn08j2g9ze9o?at_medium=RSS&at_campaign=rss
2026-04-25 02:40:24,240 - INFO - [BBC] Attempt 1/1: Trying with 'requests_browser' strategy...
2026-04-25 02:40:24,274 - INFO - [The Guardian] Success with 'requests_browser'. Found content (611 words).
2026-04-25 02:40:24,440 - INFO - Saved article: Australian women and children leave Syrian detention camp for Damascus – and potentially home | Australia news | The Guardian from The Guardian
2026-04-25 02:40:24,499 - INFO - [BBC] Success with 'requests_browser'. Found content (2458 words).
2026-04-25 02:40:24,613 - INFO - Duplicate article skipped: Epstein housed abuse victims in London flats, BBC reveals from BBC
2026-04-25 02:40:25,123 - INFO - [BBC] Article: https://www.bbc.com/news/articles/c0ledd82ed0o?at_medium=RSS&at_campaign=rss
2026-04-25 02:40:25,123 - INFO - [BBC] Attempt 1/1: Trying with 'requests_browser' strategy...
2026-04-25 02:40:25,215 - INFO - [The Guardian] Article: https://www.theguardian.com/news/2026/apr/25/booing-indigenous-speakers-booed-anzac-day-dawn-service-welcome-country-ben-roberts-smith-ntwnfb
2026-04-25 02:40:25,215 - INFO - [The Guardian] Attempt 1/1: Trying with 'requests_browser' strategy...
2026-04-25 02:40:25,372 - INFO - [BBC] Success with 'requests_browser'. Found content (637 words).
2026-04-25 02:40:25,514 - INFO - [The Guardian] Success with 'requests_browser'. Found content (907 words).
2026-04-25 02:40:25,951 - INFO - Duplicate article skipped: Kenya's President William Ruto faces backlash after mocking Nigerians' spoken English from BBC
2026-04-25 02:40:26,696 - INFO - Saved article: Indigenous speakers booed at Anzac Day services as Ben Roberts-Smith attends Gold Coast event | Anzac Day | The Guardian from The Guardian
2026-04-25 02:40:27,064 - INFO - [BBC] Article: https://www.bbc.com/news/articles/cp38e5jgxqyo?at_medium=RSS&at_campaign=rss
2026-04-25 02:40:27,064 - INFO - [BBC] Attempt 1/1: Trying with 'requests_browser' strategy...
2026-04-25 02:40:27,160 - INFO - [BBC] Success with 'requests_browser'. Found content (584 words).
2026-04-25 02:40:27,246 - INFO - Duplicate article skipped: South Africa's top envoy in Ghana summoned over attacks on foreigners from BBC
2026-04-25 02:40:27,634 - INFO - [The Guardian] Article: https://www.theguardian.com/film/2026/apr/24/actor-mocked-rebel-wilson-wife-instagram-post-defamation-trial-ntwnfb
2026-04-25 02:40:27,635 - INFO - [The Guardian] Attempt 1/1: Trying with 'requests_browser' strategy...
2026-04-25 02:40:27,807 - INFO - [The Guardian] Success with 'requests_browser'. Found content (652 words).
2026-04-25 02:40:27,871 - INFO - Duplicate article skipped: Rebel Wilson accused of hacking fellow actor’s Snapchat, leading to nude photo leak | Rebel Wilson | The Guardian from The Guardian
2026-04-25 02:40:28,192 - INFO - [BBC] Article: https://www.bbc.com/news/articles/c4gx1n0dl9no?at_medium=RSS&at_campaign=rss
2026-04-25 02:40:28,192 - INFO - [BBC] Attempt 1/1: Trying with 'requests_browser' strategy...
2026-04-25 02:40:28,412 - INFO - [BBC] Success with 'requests_browser'. Found content (402 words).
2026-04-25 02:40:28,578 - INFO - Duplicate article skipped: Neukgu: South Korea police arrest man over AI image of runaway wolf from BBC
2026-04-25 02:40:29,224 - INFO - [The Guardian] Article: https://www.theguardian.com/business/2026/apr/24/feeling-gloomy-about-the-economy-the-vibecession-has-arrived-in-australia-but-experts-are-less-worried
2026-04-25 02:40:29,224 - INFO - [The Guardian] Attempt 1/1: Trying with 'requests_browser' strategy...
2026-04-25 02:40:29,568 - INFO - [The Guardian] Success with 'requests_browser'. Found content (783 words).
2026-04-25 02:40:29,588 - INFO - [BBC] Article: https://www.bbc.com/news/articles/cly032z5e71o?at_medium=RSS&at_campaign=rss
2026-04-25 02:40:29,602 - INFO - [BBC] Attempt 1/1: Trying with 'requests_browser' strategy...
2026-04-25 02:40:29,931 - INFO - Duplicate article skipped: Feeling gloomy about the economy? The ‘vibecession’ has arrived in Australia – but experts are less worried | Australian economy | The Guardian from The Guardian
2026-04-25 02:40:30,006 - INFO - [BBC] Success with 'requests_browser'. Found content (1348 words).
2026-04-25 02:40:30,175 - INFO - Saved article: I moved 1,500 miles to be with my deported husband from BBC
2026-04-25 02:40:30,799 - INFO - [BBC] Article: https://www.bbc.com/news/articles/c4grw1rnynxo?at_medium=RSS&at_campaign=rss
2026-04-25 02:40:30,800 - INFO - [BBC] Attempt 1/1: Trying with 'requests_browser' strategy...
2026-04-25 02:40:30,933 - INFO - [The Guardian] Article: https://www.theguardian.com/australia-news/2026/apr/24/ben-roberts-smith-anzac-day-service-queensland-ntwnfb
2026-04-25 02:40:30,933 - INFO - [The Guardian] Attempt 1/1: Trying with 'requests_browser' strategy...
2026-04-25 02:40:30,956 - INFO - [BBC] Success with 'requests_browser'. Found content (1081 words).
2026-04-25 02:40:31,104 - INFO - Saved article: Meet the men leading the anti-looksmaxxing trends online from BBC
2026-04-25 02:40:31,128 - INFO - [The Guardian] Success with 'requests_browser'. Found content (602 words).
2026-04-25 02:40:31,437 - INFO - Duplicate article skipped: Ben Roberts-Smith to attend first Anzac Day service since war crime charges | Ben Roberts-Smith | The Guardian from The Guardian
2026-04-25 02:40:31,877 - INFO - [BBC] Article: https://www.bbc.com/news/articles/cnv80130zyro?at_medium=RSS&at_campaign=rss
2026-04-25 02:40:31,877 - INFO - [BBC] Attempt 1/1: Trying with 'requests_browser' strategy...
2026-04-25 02:40:31,978 - INFO - [The Hindu] Page content loaded.
2026-04-25 02:40:31,984 - INFO - [BBC] Success with 'requests_browser'. Found content (1190 words).
2026-04-25 02:40:32,065 - INFO - Saved article: Pahalgam attack: A year on, Kashmir's tourism industry struggles under weight of trauma from BBC
2026-04-25 02:40:32,889 - INFO - [The Guardian] Article: https://www.theguardian.com/society/2026/apr/24/mother-ends-life-at-swiss-clinic-four-years-after-sons-death
2026-04-25 02:40:32,889 - INFO - [The Guardian] Attempt 1/1: Trying with 'requests_browser' strategy...
2026-04-25 02:40:33,009 - INFO - [The Guardian] Success with 'requests_browser'. Found content (459 words).
2026-04-25 02:40:33,199 - INFO - Saved article: Mother ends life at Swiss clinic four years after son’s death | Assisted dying | The Guardian from The Guardian
2026-04-25 02:40:33,854 - INFO - [The Hindu] Success with 'selenium_browser'. Found content (460 words).
2026-04-25 02:40:33,930 - INFO - [The Guardian] Article: https://www.theguardian.com/world/2026/apr/24/berlin-culture-minister-sarah-wedl-wilson-resigns-irregular-distribution-funds-fight-antisemitism
2026-04-25 02:40:33,930 - INFO - [The Guardian] Attempt 1/1: Trying with 'requests_browser' strategy...
2026-04-25 02:40:34,201 - INFO - [The Guardian] Success with 'requests_browser'. Found content (626 words).
2026-04-25 02:40:34,283 - INFO - Saved article: Woman who confronted Maharashtra Minister wanted to trigger a stampede, claims complainant - The Hindu from The Hindu
2026-04-25 02:40:34,327 - INFO - Saved article: Berlin culture minister resigns over irregular distribution of funds to fight antisemitism | Germany | The Guardian from The Guardian
2026-04-25 02:40:35,070 - INFO - [The Guardian] Article: https://www.theguardian.com/world/2026/apr/24/europe-defence-nato-us-donald-trump
2026-04-25 02:40:35,070 - INFO - [The Guardian] Attempt 1/1: Trying with 'requests_browser' strategy...
2026-04-25 02:40:35,164 - INFO - [The Guardian] Success with 'requests_browser'. Found content (1052 words).
2026-04-25 02:40:35,461 - INFO - Duplicate article skipped: EU leaders look to little-known mutual assistance pact amid Trump Nato jibes | Nato | The Guardian from The Guardian
2026-04-25 02:40:35,754 - INFO - [The Hindu] Article: https://www.thehindu.com/elections/west-bengal-assembly/record-turnout-in-bengal-poll-fuels-rival-claims-data-tempers-conclusions/article70902667.ece
2026-04-25 02:40:35,754 - INFO - [The Hindu] Attempt 1/1: Trying with 'selenium_browser' strategy...
2026-04-25 02:40:36,525 - INFO - [The Guardian] Article: https://www.theguardian.com/politics/2026/apr/24/britain-should-rejoin-eu-philip-rycroft
2026-04-25 02:40:36,525 - INFO - [The Guardian] Attempt 1/1: Trying with 'requests_browser' strategy...
2026-04-25 02:40:36,701 - INFO - [The Guardian] Success with 'requests_browser'. Found content (726 words).
2026-04-25 02:40:36,849 - INFO - Duplicate article skipped: Britain should seek to rejoin EU, says civil servant who led Brexit department | Brexit | The Guardian from The Guardian
2026-04-25 02:40:38,141 - INFO - [The Guardian] Article: https://www.theguardian.com/world/2026/apr/24/ukraine-frontline-soldiers-emaciated-lack-of-food-and-water
2026-04-25 02:40:38,141 - INFO - [The Guardian] Attempt 1/1: Trying with 'requests_browser' strategy...
2026-04-25 02:40:38,430 - INFO - [The Guardian] Success with 'requests_browser'. Found content (562 words).
2026-04-25 02:40:38,562 - INFO - Duplicate article skipped: Ukrainian soldiers left emaciated on frontline from lack of food and water | Ukraine | The Guardian from The Guardian
2026-04-25 02:40:41,155 - INFO - [The Hindu] Page content loaded.
2026-04-25 02:40:41,460 - INFO - [The Hindu] Success with 'selenium_browser'. Found content (752 words).
2026-04-25 02:40:41,629 - INFO - Saved article: Record turnout in West Bengal poll fuels rival claims, data tempers conclusions - The Hindu from The Hindu
2026-04-25 02:40:42,518 - INFO - [The Hindu] Article: https://www.thehindu.com/elections/tamil-nadu-assembly/assembly-polls-turnout-increases-in-tamil-nadu-followed-spatial-patterns/article70903055.ece
2026-04-25 02:40:42,518 - INFO - [The Hindu] Attempt 1/1: Trying with 'selenium_browser' strategy...
2026-04-25 02:40:44,162 - INFO - [The Hindu] Page content loaded.
2026-04-25 02:40:44,258 - INFO - [The Hindu] Success with 'selenium_browser'. Found content (128 words).
2026-04-25 02:40:44,381 - INFO - Saved article: Absolute voter increases seen across Tamil Nadu followed spatial patterns - The Hindu from The Hindu
2026-04-25 02:40:45,532 - INFO - [The Hindu] Article: https://www.thehindu.com/news/national/telangana/no-document-or-proof-will-be-sought-during-census-2027-director-census-operations-in-telangana/article70901224.ece
2026-04-25 02:40:45,532 - INFO - [The Hindu] Attempt 1/1: Trying with 'selenium_browser' strategy...
2026-04-25 02:40:49,122 - INFO - [The Hindu] Page content loaded.
2026-04-25 02:40:50,153 - INFO - [The Hindu] Success with 'selenium_browser'. Found content (83 words).
2026-04-25 02:40:50,369 - INFO - Duplicate article skipped: No document or proof will be sought during Census 2027: Director Census Operations in Telangana - The Hindu from The Hindu
2026-04-25 02:40:51,740 - INFO - [The Hindu] Article: https://www.thehindu.com/news/national/karnataka/cm-pitches-for-bengaluru-becoming-indias-agri-tech-capital/article70901555.ece
2026-04-25 02:40:51,740 - INFO - [The Hindu] Attempt 1/1: Trying with 'selenium_browser' strategy...
2026-04-25 02:40:52,964 - INFO - [The Hindu] Page content loaded.
2026-04-25 02:40:53,093 - INFO - [The Hindu] Success with 'selenium_browser'. Found content (85 words).
2026-04-25 02:40:53,220 - INFO - Saved article: CM pitches for Bengaluru becoming India’s agri tech capital - The Hindu from The Hindu
2026-04-25 02:40:54,212 - INFO - [The Hindu] Article: https://www.thehindu.com/news/national/andhra-pradesh/ysrcp-plans-to-strengthen-its-farmers-wing/article70901956.ece
2026-04-25 02:40:54,212 - INFO - [The Hindu] Attempt 1/1: Trying with 'selenium_browser' strategy...
2026-04-25 02:40:55,412 - INFO - [The Hindu] Page content loaded.
2026-04-25 02:40:55,593 - WARNING - [The Hindu] FAILED with 'selenium_browser' (content was too short: 60 words).
2026-04-25 02:40:55,593 - ERROR - [The Hindu] All scrape strategies failed for https://www.thehindu.com/news/national/andhra-pradesh/ysrcp-plans-to-strengthen-its-farmers-wing/article70901956.ece. Falling back to RSS description.
2026-04-25 02:40:55,595 - INFO - Saved article: YSRCP plans to strengthen its farmers’ wing from The Hindu
2026-04-25 02:40:56,120 - INFO - [The Hindu] Article: https://www.thehindu.com/news/national/economist-ashok-lahiri-scientist-gobardhan-das-from-bengal-to-join-niti-aayog-as-vice-chairman-member/article70903527.ece
2026-04-25 02:40:56,120 - INFO - [The Hindu] Attempt 1/1: Trying with 'selenium_browser' strategy...
2026-04-25 02:40:57,681 - INFO - [The Hindu] Page content loaded.
2026-04-25 02:40:57,770 - WARNING - [The Hindu] FAILED with 'selenium_browser' (content was too short: 76 words).
2026-04-25 02:40:57,770 - ERROR - [The Hindu] All scrape strategies failed for https://www.thehindu.com/news/national/economist-ashok-lahiri-scientist-gobardhan-das-from-bengal-to-join-niti-aayog-as-vice-chairman-member/article70903527.ece. Falling back to RSS description.
2026-04-25 02:40:57,772 - INFO - Saved article: Economist Ashok Lahiri, scientist Gobardhan Das from Bengal to join Niti Aayog as vice-chairman, member from The Hindu
2026-04-25 02:40:58,676 - INFO - [The Hindu] Article: https://www.thehindu.com/elections/tamil-nadu-assembly/a-poll-boycott-to-resist-shared-education-and-blockade-of-evms-demanding-repoll-in-k-eachambadi-in-harur/article70898533.ece
2026-04-25 02:40:58,677 - INFO - [The Hindu] Attempt 1/1: Trying with 'selenium_browser' strategy...
2026-04-25 02:41:00,410 - INFO - [The Hindu] Page content loaded.
2026-04-25 02:41:00,514 - INFO - [The Hindu] Success with 'selenium_browser'. Found content (104 words).
2026-04-25 02:41:00,659 - INFO - Saved article: Tamil Nadu election 2026: A poll boycott and blockade of EVMs in Harur constituency - The Hindu from The Hindu
2026-04-25 02:41:02,019 - INFO - [The Hindu] Article: https://www.thehindu.com/elections/tamil-nadu-assembly/state-may-witness-close-contests-in-many-constituencies/article70898633.ece
2026-04-25 02:41:02,019 - INFO - [The Hindu] Attempt 1/1: Trying with 'selenium_browser' strategy...
2026-04-25 02:41:03,622 - INFO - [The Hindu] Page content loaded.
2026-04-25 02:41:03,816 - INFO - [The Hindu] Success with 'selenium_browser'. Found content (86 words).
2026-04-25 02:41:03,898 - INFO - Duplicate article skipped: Tamil Nadu election 2026: State may witness close contests in many constituencies - The Hindu from The Hindu
2026-04-25 02:41:05,197 - INFO - [The Hindu] Article: https://www.thehindu.com/elections/tamil-nadu-assembly/kancheepuram-district-sees-over-87-polling/article70898631.ece
2026-04-25 02:41:05,197 - INFO - [The Hindu] Attempt 1/1: Trying with 'selenium_browser' strategy...
2026-04-25 02:41:06,455 - INFO - [The Hindu] Page content loaded.
2026-04-25 02:41:06,554 - WARNING - [The Hindu] FAILED with 'selenium_browser' (content was too short: 64 words).
2026-04-25 02:41:06,554 - ERROR - [The Hindu] All scrape strategies failed for https://www.thehindu.com/elections/tamil-nadu-assembly/kancheepuram-district-sees-over-87-polling/article70898631.ece. Falling back to RSS description.
2026-04-25 02:41:06,557 - INFO - Saved article: Tamil Nadu election 2026: Kancheepuram district sees over 87% polling from The Hindu
2026-04-25 02:41:07,285 - INFO - [The Hindu] Article: https://www.thehindu.com/elections/west-bengal-assembly/sc-asks-west-bengal-poll-officers-to-pursue-appeals-on-voter-roll-exclusion/article70901360.ece
2026-04-25 02:41:07,286 - INFO - [The Hindu] Attempt 1/1: Trying with 'selenium_browser' strategy...
2026-04-25 02:41:08,391 - INFO - [The Hindu] Page content loaded.
2026-04-25 02:41:08,648 - INFO - [The Hindu] Success with 'selenium_browser'. Found content (105 words).
2026-04-25 02:41:08,898 - INFO - Saved article: Supreme Court asks Bengal poll officers to pursue appeals on SIR exclusion - The Hindu from The Hindu
2026-04-25 02:41:09,520 - INFO - [The Hindu] Article: https://www.thehindu.com/elections/sir-cji-hails-record-voter-turn-out-in-first-phase-of-west-bengal-polls/article70900896.ece
2026-04-25 02:41:09,520 - INFO - [The Hindu] Attempt 1/1: Trying with 'selenium_browser' strategy...
2026-04-25 02:41:10,613 - INFO - [The Hindu] Page content loaded.
2026-04-25 02:41:10,885 - INFO - [The Hindu] Success with 'selenium_browser'. Found content (109 words).
2026-04-25 02:41:11,031 - INFO - Saved article: Record turnouts in West Bengal, Tamil Nadu polls a display of citizen power: Supreme Court - The Hindu from The Hindu
2026-04-25 02:41:11,994 - INFO - [The Hindu] Article: https://www.thehindu.com/elections/tamil-nadu-assembly/mylapore-and-saidapet-record-lowest-voter-turnout-in-city/article70898537.ece
2026-04-25 02:41:11,994 - INFO - [The Hindu] Attempt 1/1: Trying with 'selenium_browser' strategy...
2026-04-25 02:41:12,910 - INFO - [The Hindu] Page content loaded.
2026-04-25 02:41:13,070 - INFO - [The Hindu] Success with 'selenium_browser'. Found content (81 words).
2026-04-25 02:41:13,149 - INFO - Saved article: Tamil Nadu election 2026: Mylapore, Saidapet record lowest voter turnout in Chennai - The Hindu from The Hindu
2026-04-25 02:41:13,761 - INFO - [The Hindu] Article: https://www.thehindu.com/news/national/chhattisgarh/gunmen-kill-congress-leaders-son-injure-another-at-his-home-in-chhattisgarh/article70900665.ece
2026-04-25 02:41:13,761 - INFO - [The Hindu] Attempt 1/1: Trying with 'selenium_browser' strategy...
2026-04-25 02:41:17,405 - ERROR - [Times of India] Request failed for strategy 'selenium_browser' on URL https://timesofindia.indiatimes.com/world/us/us-justice-dept-closes-criminal-investigation-into-fed-chief-jerome-powell-clearing-hurdle-for-trump-nominee-kevin-warsh/articleshow/130506765.cms: Message: timeout: Timed out receiving message from renderer: 59.737
  (Session info: chrome=147.0.7727.55)
Stacktrace:
#0 0x55d35853fb6a <unknown>
#1 0x55d357f41265 <unknown>
#2 0x55d357f28b1b <unknown>
#3 0x55d357f28804 <unknown>
#4 0x55d357f2654b <unknown>
#5 0x55d357f26ecf <unknown>
#6 0x55d357f35e90 <unknown>
#7 0x55d357f4fc67 <unknown>
#8 0x55d357f5679b <unknown>
#9 0x55d357f2761f <unknown>
#10 0x55d357f4f9fd <unknown>
#11 0x55d357fdcc7d <unknown>
#12 0x55d357f875cf <unknown>
#13 0x55d357f88391 <unknown>
#14 0x55d35850504b <unknown>
#15 0x55d35850800d <unknown>
#16 0x55d3584f1808 <unknown>
#17 0x55d358508ba0 <unknown>
#18 0x55d3584d8280 <unknown>
#19 0x55d35852cdb8 <unknown>
#20 0x55d35852cf88 <unknown>
#21 0x55d35853e5de <unknown>
#22 0x7ff6b009caa4 <unknown>
#23 0x7ff6b0129c6c <unknown>

2026-04-25 02:41:17,405 - ERROR - [Times of India] All scrape strategies failed for https://timesofindia.indiatimes.com/world/us/us-justice-dept-closes-criminal-investigation-into-fed-chief-jerome-powell-clearing-hurdle-for-trump-nominee-kevin-warsh/articleshow/130506765.cms. Falling back to RSS description.
2026-04-25 02:41:17,413 - INFO - Saved article: US justice dept closes criminal investigation into Fed chief Jerome Powell, clearing hurdle for Trump nominee Kevin Warsh from Times of India
2026-04-25 02:41:18,541 - INFO - [The Hindu] Page content loaded.
2026-04-25 02:41:18,636 - INFO - [The Hindu] Success with 'selenium_browser'. Found content (89 words).
2026-04-25 02:41:18,646 - INFO - [Times of India] Article: https://timesofindia.indiatimes.com/world/us-streamers/vile-person-of-the-year-candace-owens-targeted-by-donald-trump-with-doctored-time-cover-calls-her-low-iq/articleshow/130506263.cms
2026-04-25 02:41:18,651 - INFO - [Times of India] Attempt 1/1: Trying with 'selenium_browser' strategy...
2026-04-25 02:41:18,718 - INFO - Duplicate article skipped: Congress leader’s son shot dead, another son injured in Janjgir-Champa in Chhattisgarh - The Hindu from The Hindu
2026-04-25 02:41:19,344 - INFO - [The Hindu] Article: https://www.thehindu.com/elections/tamil-nadu-assembly/tenkasi-records-82-voter-turnout-in-incident-free-polling-alangulam-segment-tops-the-list-with-85/article70898689.ece
2026-04-25 02:41:19,344 - INFO - [The Hindu] Attempt 1/1: Trying with 'selenium_browser' strategy...
2026-04-25 02:41:23,055 - INFO - [The Hindu] Page content loaded.
2026-04-25 02:41:23,274 - WARNING - [The Hindu] FAILED with 'selenium_browser' (content was too short: 42 words).
2026-04-25 02:41:23,274 - ERROR - [The Hindu] All scrape strategies failed for https://www.thehindu.com/elections/tamil-nadu-assembly/tenkasi-records-82-voter-turnout-in-incident-free-polling-alangulam-segment-tops-the-list-with-85/article70898689.ece. Falling back to RSS description.
2026-04-25 02:41:23,277 - INFO - Saved article: Tamil Nadu election 2026: Tenkasi records 82% voter turnout in incident-free polling from The Hindu
2026-04-25 02:41:23,840 - INFO - [The Hindu] Article: https://www.thehindu.com/news/national/10-of-26-petitioners-caught-in-russia-ukraine-crossfire-dead-some-volunteered-others-duped-govt-tells-sc/article70901516.ece
2026-04-25 02:41:23,840 - INFO - [The Hindu] Attempt 1/1: Trying with 'selenium_browser' strategy...
2026-04-25 02:41:25,917 - INFO - [The Hindu] Page content loaded.
2026-04-25 02:41:26,183 - WARNING - [The Hindu] FAILED with 'selenium_browser' (content was too short: 78 words).
2026-04-25 02:41:26,184 - ERROR - [The Hindu] All scrape strategies failed for https://www.thehindu.com/news/national/10-of-26-petitioners-caught-in-russia-ukraine-crossfire-dead-some-volunteered-others-duped-govt-tells-sc/article70901516.ece. Falling back to RSS description.
2026-04-25 02:41:26,187 - INFO - Saved article: 10 of 26 petitioners caught in Russia-Ukraine crossfire dead; some volunteered, others duped, government tells Supreme Court from The Hindu
2026-04-25 02:41:26,690 - INFO - [Times of India] Page content loaded.
2026-04-25 02:41:26,692 - INFO - [The Hindu] Article: https://www.thehindu.com/sci-tech/technology/meta-sets-up-automatic-blocking-for-govt-police-referred-content/article70901931.ece
2026-04-25 02:41:26,692 - INFO - [The Hindu] Attempt 1/1: Trying with 'selenium_browser' strategy...
2026-04-25 02:41:27,112 - INFO - [Times of India] Success with 'selenium_browser'. Found content (435 words).
2026-04-25 02:41:27,242 - INFO - Saved article: "Vile person of the year": Candace Owens targeted by Donald Trump with doctored TIME cover, calls her “low IQ” - The Times of India from Times of India
2026-04-25 02:41:27,832 - INFO - [The Hindu] Page content loaded.
2026-04-25 02:41:27,908 - INFO - [The Hindu] Success with 'selenium_browser'. Found content (166 words).
2026-04-25 02:41:27,999 - INFO - Saved article: India among countries where Meta ‘automatically’ blocks flagged content - The Hindu from The Hindu
2026-04-25 02:41:28,312 - INFO - [Times of India] Article: https://timesofindia.indiatimes.com/sports/international-sports/ronaldo-has-three-final-career-dreams-he-must-fulfil-before-retirement-messi-has-already-completed-the-first/articleshow/130503897.cms
2026-04-25 02:41:28,312 - INFO - [Times of India] Attempt 1/1: Trying with 'selenium_browser' strategy...
2026-04-25 02:41:29,028 - INFO - [The Hindu] Article: https://www.thehindu.com/news/national/tamil-nadu/madurai-bench-orders-notice-to-nine-convicts-in-sattankulam-custodial-death-case/article70902238.ece
2026-04-25 02:41:29,031 - INFO - [The Hindu] Attempt 1/1: Trying with 'selenium_browser' strategy...
2026-04-25 02:41:29,908 - INFO - [Times of India] Page content loaded.
2026-04-25 02:41:30,180 - INFO - [Times of India] Success with 'selenium_browser'. Found content (763 words).
2026-04-25 02:41:30,428 - INFO - Saved article: Ronaldo has three final career dreams he must fulfil before retirement, Messi has already completed the first | International Sports News - The Times of India from Times of India
2026-04-25 02:41:31,032 - INFO - [Times of India] Article: https://timesofindia.indiatimes.com/world/us/it-was-indian-food-florida-republican-targets-kash-patel-calls-fbi-director-incompetent/articleshow/130503994.cms
2026-04-25 02:41:31,032 - INFO - [Times of India] Attempt 1/1: Trying with 'selenium_browser' strategy...
2026-04-25 02:41:31,967 - INFO - [Times of India] Page content loaded.
2026-04-25 02:41:32,124 - INFO - [The Hindu] Page content loaded.
2026-04-25 02:41:32,348 - INFO - [Times of India] Success with 'selenium_browser'. Found content (274 words).
2026-04-25 02:41:32,488 - INFO - Saved article: ‘It was Indian food’: Florida Republican targets Kash Patel, calls FBI director incompetent - The Times of India from Times of India
2026-04-25 02:41:33,080 - INFO - [The Hindu] Success with 'selenium_browser'. Found content (114 words).
2026-04-25 02:41:33,283 - INFO - Saved article: Madurai Bench orders notice to nine convicts in Sattankulam custodial death case - The Hindu from The Hindu
2026-04-25 02:41:33,391 - INFO - [Times of India] Article: https://timesofindia.indiatimes.com/world/us-streamers/streamer-igumdrop-takes-her-cooking-from-twitch-to-masterchef-and-impresses-gordon-ramsay/articleshow/130503986.cms
2026-04-25 02:41:33,391 - INFO - [Times of India] Attempt 1/1: Trying with 'selenium_browser' strategy...
2026-04-25 02:41:34,272 - INFO - [The Hindu] Article: https://www.thehindu.com/news/national/tamil-nadu/dindigul-district-polls-8898/article70898699.ece
2026-04-25 02:41:34,273 - INFO - [The Hindu] Attempt 1/1: Trying with 'selenium_browser' strategy...
2026-04-25 02:41:34,961 - INFO - [Times of India] Page content loaded.
2026-04-25 02:41:35,150 - INFO - [Times of India] Success with 'selenium_browser'. Found content (367 words).
2026-04-25 02:41:35,293 - INFO - Saved article: Igumdrop: Streamer iGumdrop takes her cooking from Twitch to MasterChef and impresses Gordon Ramsay - The Times of India from Times of India
2026-04-25 02:41:35,579 - INFO - [The Hindu] Page content loaded.
2026-04-25 02:41:35,759 - INFO - [The Hindu] Success with 'selenium_browser'. Found content (104 words).
2026-04-25 02:41:35,875 - INFO - Saved article: Tamil Nadu election 2026: Dindigul district polls 88.98% - The Hindu from The Hindu
2026-04-25 02:41:36,323 - INFO - [Times of India] Article: https://timesofindia.indiatimes.com/world/rest-of-world/the-real-wall-with-ears-ancient-roman-walls-can-hear-you-from-metres-away/articleshow/130504007.cms
2026-04-25 02:41:36,323 - INFO - [Times of India] Attempt 1/1: Trying with 'selenium_browser' strategy...
2026-04-25 02:41:36,891 - INFO - [The Hindu] Article: https://www.thehindu.com/news/national/telangana/birds-of-mangalajodi-a-visual-journey-into-chilikas-avian-paradise/article70902037.ece
2026-04-25 02:41:36,891 - INFO - [The Hindu] Attempt 1/1: Trying with 'selenium_browser' strategy...
2026-04-25 02:41:38,524 - INFO - [The Hindu] Page content loaded.
2026-04-25 02:41:38,662 - INFO - [Times of India] Page content loaded.
2026-04-25 02:41:39,084 - INFO - [The Hindu] Success with 'selenium_browser'. Found content (149 words).
2026-04-25 02:41:39,192 - INFO - [Times of India] Success with 'selenium_browser'. Found content (414 words).
2026-04-25 02:41:39,501 - INFO - Saved article: Birds of Mangalajodi: A visual journey into Chilika’s avian paradise - The Hindu from The Hindu
2026-04-25 02:41:39,503 - INFO - Saved article: The real wall with ears: Ancient Roman walls can hear you from metres away | World News - The Times of India from Times of India
2026-04-25 02:41:40,096 - INFO - [Times of India] Article: https://timesofindia.indiatimes.com/world/us/who-is-hisham-abugharbieh-roommate-arrested-after-usf-student-zamil-limon-found-dead-nahida-bristy-still-missing/articleshow/130503911.cms
2026-04-25 02:41:40,096 - INFO - [Times of India] Attempt 1/1: Trying with 'selenium_browser' strategy...
2026-04-25 02:41:40,942 - INFO - [The Hindu] Article: https://www.thehindu.com/news/national/tripura/tripura-police-probe-mysteriousdronehovering-over-sensitive-buildings/article70903347.ece
2026-04-25 02:41:40,942 - INFO - [The Hindu] Attempt 1/1: Trying with 'selenium_browser' strategy...
2026-04-25 02:41:42,418 - INFO - [Times of India] Page content loaded.
2026-04-25 02:41:42,616 - INFO - [Times of India] Success with 'selenium_browser'. Found content (329 words).
2026-04-25 02:41:42,750 - INFO - Saved article: Who is Hisham Abugharbieh? Roommate arrested after USF student Zamil Limon found dead, Nahida Bristy still missing - The Times of India from Times of India
2026-04-25 02:41:42,864 - INFO - [The Hindu] Page content loaded.
2026-04-25 02:41:43,269 - WARNING - [The Hindu] FAILED with 'selenium_browser' (content was too short: 77 words).
2026-04-25 02:41:43,269 - ERROR - [The Hindu] All scrape strategies failed for https://www.thehindu.com/news/national/tripura/tripura-police-probe-mysteriousdronehovering-over-sensitive-buildings/article70903347.ece. Falling back to RSS description.
2026-04-25 02:41:43,273 - INFO - Saved article: Tripura police probe mysterious drone hovering over sensitive buildings from The Hindu
2026-04-25 02:41:43,769 - INFO - [Times of India] Article: https://timesofindia.indiatimes.com/world/us-streamers/prosecutors-claim-40tb-of-data-linked-to-d4vd-includes-child-pornography-in-shocking-court-update/articleshow/130503899.cms
2026-04-25 02:41:43,769 - INFO - [Times of India] Attempt 1/1: Trying with 'selenium_browser' strategy...
2026-04-25 02:41:44,025 - INFO - [The Hindu] Article: https://www.thehindu.com/news/cities/Hyderabad/hyderabad-police-launch-coffee-with-a-cop-outreach-to-engage-youth/article70902815.ece
2026-04-25 02:41:44,025 - INFO - [The Hindu] Attempt 1/1: Trying with 'selenium_browser' strategy...
2026-04-25 02:41:46,009 - INFO - [Times of India] Page content loaded.
2026-04-25 02:41:46,139 - INFO - [Times of India] Success with 'selenium_browser'. Found content (340 words).
2026-04-25 02:41:46,237 - INFO - Saved article: D4Vd Court Case: Prosecutors claim 40TB of data linked to D4vd includes child pornography in shocking court update - The Times of India from Times of India
2026-04-25 02:41:46,806 - INFO - [The Hindu] Page content loaded.
2026-04-25 02:41:47,009 - INFO - [Times of India] Article: https://timesofindia.indiatimes.com/world/us/fbi-chief-kash-patel-under-scrutiny-again-over-2005-public-urination-arrest-report/articleshow/130503004.cms
2026-04-25 02:41:47,009 - INFO - [Times of India] Attempt 1/1: Trying with 'selenium_browser' strategy...
2026-04-25 02:41:47,261 - WARNING - [The Hindu] FAILED with 'selenium_browser' (content was too short: 78 words).
2026-04-25 02:41:47,261 - ERROR - [The Hindu] All scrape strategies failed for https://www.thehindu.com/news/cities/Hyderabad/hyderabad-police-launch-coffee-with-a-cop-outreach-to-engage-youth/article70902815.ece. Falling back to RSS description.
2026-04-25 02:41:47,265 - INFO - Saved article: Hyderabad police launch ‘Coffee with a COP’ outreach to engage youth from The Hindu
2026-04-25 02:41:48,431 - INFO - [Times of India] Page content loaded.
2026-04-25 02:41:48,623 - INFO - [Times of India] Success with 'selenium_browser'. Found content (447 words).
2026-04-25 02:41:48,747 - INFO - Saved article: FBI chief Kash Patel under scrutiny again over 2005 public urination arrest: Report - The Times of India from Times of India
2026-04-25 02:41:48,758 - INFO - [The Hindu] Article: https://www.thehindu.com/news/national/telangana/four-held-for-two-wheeler-thefts-10-vehicles-recovered-in-hyderabad/article70901835.ece
2026-04-25 02:41:48,758 - INFO - [The Hindu] Attempt 1/1: Trying with 'selenium_browser' strategy...
2026-04-25 02:41:50,018 - INFO - [Times of India] Article: https://timesofindia.indiatimes.com/world/us/us-to-bring-back-firing-squads-as-a-way-of-execution-all-you-need-to-know/articleshow/130500933.cms
2026-04-25 02:41:50,018 - INFO - [Times of India] Attempt 1/1: Trying with 'selenium_browser' strategy...
2026-04-25 02:41:50,271 - INFO - [The Hindu] Page content loaded.
2026-04-25 02:41:50,360 - WARNING - [The Hindu] FAILED with 'selenium_browser' (content was too short: 57 words).
2026-04-25 02:41:50,360 - ERROR - [The Hindu] All scrape strategies failed for https://www.thehindu.com/news/national/telangana/four-held-for-two-wheeler-thefts-10-vehicles-recovered-in-hyderabad/article70901835.ece. Falling back to RSS description.
2026-04-25 02:41:50,363 - INFO - Saved article: Four held for two-wheeler thefts, 10 vehicles recovered from The Hindu
2026-04-25 02:41:51,442 - INFO - [Times of India] Page content loaded.
2026-04-25 02:41:51,548 - INFO - [The Hindu] Article: https://www.thehindu.com/news/national/telangana/man-arrested-for-355-lakh-uk-job-fraud-in-hyderabad/article70901968.ece
2026-04-25 02:41:51,548 - INFO - [The Hindu] Attempt 1/1: Trying with 'selenium_browser' strategy...
2026-04-25 02:41:51,824 - INFO - [Times of India] Success with 'selenium_browser'. Found content (385 words).
2026-04-25 02:41:52,004 - INFO - Saved article: US to bring back firing squads as a way of execution? All you need to know - The Times of India from Times of India
2026-04-25 02:41:53,169 - INFO - [Times of India] Article: https://timesofindia.indiatimes.com/world/rest-of-world/hunter-becomes-the-hunted-five-elephants-crush-75-year-old-millionaire-trophy-hunter-to-death-during-hunt/articleshow/130501474.cms
2026-04-25 02:41:53,169 - INFO - [Times of India] Attempt 1/1: Trying with 'selenium_browser' strategy...
2026-04-25 02:41:54,083 - INFO - [The Hindu] Page content loaded.
2026-04-25 02:41:54,298 - WARNING - [The Hindu] FAILED with 'selenium_browser' (content was too short: 72 words).
2026-04-25 02:41:54,298 - ERROR - [The Hindu] All scrape strategies failed for https://www.thehindu.com/news/national/telangana/man-arrested-for-355-lakh-uk-job-fraud-in-hyderabad/article70901968.ece. Falling back to RSS description.
2026-04-25 02:41:54,301 - INFO - Saved article: Man arrested for ₹35.5 lakh UK job fraud in Hyderabad from The Hindu
2026-04-25 02:41:54,380 - INFO - [Times of India] Page content loaded.
2026-04-25 02:41:54,735 - INFO - [Times of India] Success with 'selenium_browser'. Found content (470 words).
2026-04-25 02:41:54,800 - INFO - Saved article: Hunter becomes the hunted: Five elephants crush 75-year-old millionaire trophy hunter to death during hunt | World News - The Times of India from Times of India
2026-04-25 02:41:55,119 - INFO - [The Hindu] (Thread) Finished. Attempting to shut down its Selenium driver.
2026-04-25 02:41:55,309 - INFO - [The Hindu] (Thread) driver.quit() successful.
2026-04-25 02:41:56,136 - INFO - [Times of India] Article: https://timesofindia.indiatimes.com/world/middle-east/peace-talks-back-on-trump-sending-envoys-to-pakistan-to-meet-iran-fm-vance-on-standby/articleshow/130499596.cms
2026-04-25 02:41:56,136 - INFO - [Times of India] Attempt 1/1: Trying with 'selenium_browser' strategy...
2026-04-25 02:41:56,864 - INFO - [Times of India] Page content loaded.
2026-04-25 02:41:56,998 - INFO - [Times of India] Success with 'selenium_browser'. Found content (607 words).
2026-04-25 02:41:57,103 - INFO - Saved article: Peace talks back on? Trump sending envoys to Pakistan to meet Iran FM; Vance on standby - The Times of India from Times of India
2026-04-25 02:41:58,265 - INFO - [Times of India] Article: https://timesofindia.indiatimes.com/sports/international-sports/italian-job-could-pep-guardiola-be-next-italy-boss-after-world-cup-disaster-big-reset-being-discussed/articleshow/130497806.cms
2026-04-25 02:41:58,265 - INFO - [Times of India] Attempt 1/1: Trying with 'selenium_browser' strategy...
2026-04-25 02:41:59,458 - INFO - [Times of India] Page content loaded.
2026-04-25 02:41:59,567 - INFO - [Times of India] Success with 'selenium_browser'. Found content (1019 words).
2026-04-25 02:41:59,614 - INFO - Saved article: Italian Job: Could Pep Guardiola be next Italy boss after World Cup disaster? Big reset being discussed | International Sports News - The Times of India from Times of India
2026-04-25 02:42:00,284 - INFO - [Times of India] Article: https://timesofindia.indiatimes.com/world/rest-of-world/indian-origin-couple-bags-5-million-after-selling-lottery-won-luxury-home-in-perth-i-came-to-australia-/articleshow/130500482.cms
2026-04-25 02:42:00,284 - INFO - [Times of India] Attempt 1/1: Trying with 'selenium_browser' strategy...
2026-04-25 02:42:00,867 - INFO - [Times of India] Page content loaded.
2026-04-25 02:42:00,992 - INFO - [Times of India] Success with 'selenium_browser'. Found content (300 words).
2026-04-25 02:42:01,046 - INFO - Saved article: Indian-origin couple bags $5 million after selling lottery-won luxury home in Perth: 'I came to Australia...' - The Times of India from Times of India
2026-04-25 02:42:01,838 - INFO - [Times of India] Article: https://timesofindia.indiatimes.com/world/uk/health-data-of-500000-uk-volunteers-listed-for-sale-on-chinese-platform-alarm-raised/articleshow/130500668.cms
2026-04-25 02:42:01,838 - INFO - [Times of India] Attempt 1/1: Trying with 'selenium_browser' strategy...
2026-04-25 02:42:02,974 - INFO - [Times of India] Page content loaded.
2026-04-25 02:42:03,096 - INFO - [Times of India] Success with 'selenium_browser'. Found content (261 words).
2026-04-25 02:42:03,156 - INFO - Saved article: Health data of 500,000 UK volunteers listed for sale on Chinese platform, alarm raised | World News - The Times of India from Times of India
2026-04-25 02:42:04,097 - INFO - [Times of India] Article: https://timesofindia.indiatimes.com/world/us/us-court-blocks-trump-order-suspending-asylum-access-cites-right-to-apply/articleshow/130500735.cms
2026-04-25 02:42:04,097 - INFO - [Times of India] Attempt 1/1: Trying with 'selenium_browser' strategy...
2026-04-25 02:42:05,094 - INFO - [Times of India] Page content loaded.
2026-04-25 02:42:05,192 - INFO - [Times of India] Success with 'selenium_browser'. Found content (233 words).
2026-04-25 02:42:05,242 - INFO - Saved article: US court blocks Trump order suspending asylum access, cites right to apply - The Times of India from Times of India
2026-04-25 02:42:06,427 - INFO - [Times of India] Article: https://timesofindia.indiatimes.com/world/uk/trump-says-royal-visit-may-help-steady-uk-us-ties-amid-tensions/articleshow/130500248.cms
2026-04-25 02:42:06,427 - INFO - [Times of India] Attempt 1/1: Trying with 'selenium_browser' strategy...
2026-04-25 02:42:07,028 - INFO - [Times of India] Page content loaded.
2026-04-25 02:42:07,159 - INFO - [Times of India] Success with 'selenium_browser'. Found content (328 words).
2026-04-25 02:42:07,215 - INFO - Saved article: Trump says royal visit may help steady UK-US ties amid tensions - The Times of India from Times of India
2026-04-25 02:42:08,367 - INFO - [Times of India] Article: https://timesofindia.indiatimes.com/world/us/florida-woman-drives-pickup-truck-over-lamborghini-in-parking-lot-in-viral-video-insurance-company-fuming/articleshow/130496734.cms
2026-04-25 02:42:08,367 - INFO - [Times of India] Attempt 1/1: Trying with 'selenium_browser' strategy...
2026-04-25 02:42:09,099 - INFO - [Times of India] Page content loaded.
2026-04-25 02:42:09,245 - INFO - [Times of India] Success with 'selenium_browser'. Found content (198 words).
2026-04-25 02:42:09,292 - INFO - Saved article: Florida woman drives pickup truck over Lamborghini in parking lot in viral video: 'Insurance company fuming' - The Times of India from Times of India
2026-04-25 02:42:10,296 - INFO - [Times of India] Article: https://timesofindia.indiatimes.com/sports/international-sports/could-ronaldo-play-alongside-his-son-at-al-nassr-next-season-reports-say-club-planning-step-up-after-16th-birthday/articleshow/130496425.cms
2026-04-25 02:42:10,296 - INFO - [Times of India] Attempt 1/1: Trying with 'selenium_browser' strategy...
2026-04-25 02:42:11,429 - INFO - [Times of India] Page content loaded.
2026-04-25 02:42:11,523 - INFO - [Times of India] Success with 'selenium_browser'. Found content (709 words).
2026-04-25 02:42:11,570 - INFO - Saved article: Could Ronaldo play alongside his son at Al-Nassr next season? Reports say club planning step-up after 16th birthday | International Sports News - The Times of India from Times of India
2026-04-25 02:42:12,699 - INFO - [Times of India] Article: https://timesofindia.indiatimes.com/world/uk/struggling-with-tax-debt-uk-social-media-influencer-convicted-for-opportunistic-theft-of-jellycat-toys/articleshow/130494919.cms
2026-04-25 02:42:12,699 - INFO - [Times of India] Attempt 1/1: Trying with 'selenium_browser' strategy...
2026-04-25 02:42:13,707 - INFO - [Times of India] Page content loaded.
2026-04-25 02:42:13,806 - INFO - [Times of India] Success with 'selenium_browser'. Found content (394 words).
2026-04-25 02:42:13,865 - INFO - Saved article: Struggling with tax debt, UK social media influencer convicted for ‘opportunistic’ theft of Jellycat toys | World News - The Times of India from Times of India
2026-04-25 02:42:15,125 - INFO - [Times of India] (Thread) Finished. Attempting to shut down its Selenium driver.
2026-04-25 02:42:15,265 - INFO - [Times of India] (Thread) driver.quit() successful.
2026-04-25 02:42:15,265 - INFO - Shutting down thread pool (wait=False)...
2026-04-25 02:42:15,265 - INFO - Scraped: 22 The Hindu, 16 BBC, 8 The Guardian, 20 Times of India articles. (Total saved: 66)
2026-04-25 02:42:15,265 - INFO - --- Scraping job finished ---
2026-04-25 02:42:15,270 - INFO - --- Scraper service stopped and database connection closed. ---
2026-04-25 02:42:15,270 - INFO - --- Main thread finished. Forcing process exit to kill zombie threads. ---
