2026-06-01 17:45:08,019 - INFO - Initializing database connection at: news_articles.db
2026-06-01 17:45:08,020 - INFO - --- Scraper service started (CI Mode: Run Once) ---
2026-06-01 17:45:08,020 - INFO - --- Starting new scraping job (Parallel Mode) ---
2026-06-01 17:45:08,020 - INFO - Creating new robust session with 3 retries on 5xx/connection/read errors.
2026-06-01 17:45:08,020 - INFO - Proxy is DISABLED.
2026-06-01 17:45:08,020 - INFO - Starting scrape for BBC RSS feed: http://feeds.bbci.co.uk/news/world/rss.xml
2026-06-01 17:45:08,021 - INFO - [Times of India] (Thread) requires Selenium. Initializing driver...
2026-06-01 17:45:08,021 - INFO - Initializing headless Selenium Chrome driver (using SeleniumManager)...
2026-06-01 17:45:08,021 - INFO - Starting scrape for The Guardian RSS feed: https://www.theguardian.com/world/rss
2026-06-01 17:45:08,021 - INFO - [The Hindu] (Thread) requires Selenium. Initializing driver...
2026-06-01 17:45:08,021 - INFO - Initializing headless Selenium Chrome driver (using SeleniumManager)...
2026-06-01 17:45:08,021 - INFO - Submitted 4 jobs to thread pool. Waiting up to 420s for completion...
2026-06-01 17:45:08,138 - INFO - Found 45 articles in The Guardian RSS feed. Processing up to 25.
2026-06-01 17:45:08,138 - INFO - [The Guardian] Article: https://www.theguardian.com/global-development/2026/jun/01/ghana-new-law-criminalising-lgbtq-activity
2026-06-01 17:45:08,138 - INFO - [The Guardian] Attempt 1/1: Trying with 'requests_browser' strategy...
2026-06-01 17:45:08,208 - INFO - [The Guardian] Success with 'requests_browser'. Found content (920 words).
2026-06-01 17:45:08,264 - INFO - Saved article: People ‘panicking’ as Ghana passes sweeping law criminalising LGBTQ+ activity | Global development | The Guardian from The Guardian
2026-06-01 17:45:08,390 - INFO - Found 34 articles in BBC RSS feed. Processing up to 25.
2026-06-01 17:45:08,390 - INFO - [BBC] Article: https://www.bbc.com/news/articles/crlpy8n7pr6o?at_medium=RSS&at_campaign=rss
2026-06-01 17:45:08,390 - INFO - [BBC] Attempt 1/1: Trying with 'requests_browser' strategy...
2026-06-01 17:45:08,596 - INFO - [BBC] Success with 'requests_browser'. Found content (897 words).
2026-06-01 17:45:08,642 - INFO - Saved article: US says it struck Iranian radar sites as Iran targets American forces in Kuwait from BBC
2026-06-01 17:45:09,001 - INFO - [The Guardian] Article: https://www.theguardian.com/uk-news/2026/jun/01/uk-will-not-pay-rwanda-over-failed-asylum-scheme
2026-06-01 17:45:09,002 - INFO - [The Guardian] Attempt 1/1: Trying with 'requests_browser' strategy...
2026-06-01 17:45:09,067 - INFO - [The Guardian] Success with 'requests_browser'. Found content (603 words).
2026-06-01 17:45:09,105 - INFO - Saved article: UK will not have to pay Rwanda £100m over failed asylum scheme, court rules | Immigration and asylum | The Guardian from The Guardian
2026-06-01 17:45:09,420 - INFO - [BBC] Article: https://www.bbc.com/news/articles/c2l2yl7r8r2o?at_medium=RSS&at_campaign=rss
2026-06-01 17:45:09,420 - INFO - [BBC] Attempt 1/1: Trying with 'requests_browser' strategy...
2026-06-01 17:45:09,459 - INFO - [BBC] Success with 'requests_browser'. Found content (1024 words).
2026-06-01 17:45:09,504 - INFO - Saved article: Iran attacks damage 20 US military sites since start of war, satellite images show from BBC
2026-06-01 17:45:10,251 - INFO - [The Guardian] Article: https://www.theguardian.com/world/2026/jun/01/wildfires-devastating-richer-areas-but-fewer-hectares-burned-globally-study
2026-06-01 17:45:10,251 - INFO - [The Guardian] Attempt 1/1: Trying with 'requests_browser' strategy...
2026-06-01 17:45:10,312 - INFO - [The Guardian] Success with 'requests_browser'. Found content (645 words).
2026-06-01 17:45:10,354 - INFO - Saved article: Wildfires devastating richer areas but fewer hectares burned globally – study | Wildfires | The Guardian from The Guardian
2026-06-01 17:45:10,388 - INFO - [BBC] Article: https://www.bbc.com/news/articles/c4g419e2xlvo?at_medium=RSS&at_campaign=rss
2026-06-01 17:45:10,388 - INFO - [BBC] Attempt 1/1: Trying with 'requests_browser' strategy...
2026-06-01 17:45:10,433 - INFO - [BBC] Success with 'requests_browser'. Found content (1343 words).
2026-06-01 17:45:10,483 - INFO - Saved article: Israel PM orders strikes on Beirut suburbs as Hezbollah conflict escalates from BBC
2026-06-01 17:45:11,561 - INFO - [The Guardian] Article: https://www.theguardian.com/world/2026/may/31/who-calls-for-community-cooperation-to-contain-drc-ebola-outbreak
2026-06-01 17:45:11,561 - INFO - [The Guardian] Attempt 1/1: Trying with 'requests_browser' strategy...
2026-06-01 17:45:11,631 - INFO - [The Guardian] Success with 'requests_browser'. Found content (655 words).
2026-06-01 17:45:11,677 - INFO - Duplicate article skipped: WHO calls for community cooperation to contain Ebola outbreak in DRC | Ebola | The Guardian from The Guardian
2026-06-01 17:45:11,704 - INFO - [BBC] Article: https://www.bbc.com/news/articles/cglp7p787njo?at_medium=RSS&at_campaign=rss
2026-06-01 17:45:11,704 - INFO - [BBC] Attempt 1/1: Trying with 'requests_browser' strategy...
2026-06-01 17:45:11,736 - INFO - [BBC] Success with 'requests_browser'. Found content (473 words).
2026-06-01 17:45:11,777 - INFO - Duplicate article skipped: Myanmar: Huge blast kills dozens in village in rebel-held region from BBC
2026-06-01 17:45:12,318 - INFO - [BBC] Article: https://www.bbc.com/news/articles/cz928xq588no?at_medium=RSS&at_campaign=rss
2026-06-01 17:45:12,318 - INFO - [BBC] Attempt 1/1: Trying with 'requests_browser' strategy...
2026-06-01 17:45:12,356 - INFO - [BBC] Success with 'requests_browser'. Found content (687 words).
2026-06-01 17:45:12,403 - INFO - Saved article: Ebola outbreak: DR Congo celebrates recovery of five nurses from BBC
2026-06-01 17:45:12,840 - INFO - [The Guardian] Article: https://www.theguardian.com/world/2026/may/31/yves-sakila-death-congolese-man-ireland-race-relations
2026-06-01 17:45:12,840 - INFO - [The Guardian] Attempt 1/1: Trying with 'requests_browser' strategy...
2026-06-01 17:45:12,903 - INFO - [The Guardian] Success with 'requests_browser'. Found content (526 words).
2026-06-01 17:45:12,938 - INFO - Duplicate article skipped: Death of Congolese man renews scrutiny of race relations in Ireland | Ireland | The Guardian from The Guardian
2026-06-01 17:45:13,125 - INFO - [BBC] Article: https://www.bbc.com/news/articles/cn8pwgej1gxo?at_medium=RSS&at_campaign=rss
2026-06-01 17:45:13,125 - INFO - [BBC] Attempt 1/1: Trying with 'requests_browser' strategy...
2026-06-01 17:45:13,160 - INFO - [BBC] Success with 'requests_browser'. Found content (406 words).
2026-06-01 17:45:13,204 - INFO - Saved article: France intercepts sanctioned Russian oil tanker with UK help, Macron says from BBC
2026-06-01 17:45:13,553 - INFO - [The Guardian] Article: https://www.theguardian.com/world/2026/jun/01/trump-admirer-abelardo-de-la-espriella-election-win-blow-to-colombia-conservatives
2026-06-01 17:45:13,553 - INFO - [The Guardian] Attempt 1/1: Trying with 'requests_browser' strategy...
2026-06-01 17:45:13,623 - INFO - [The Guardian] Success with 'requests_browser'. Found content (582 words).
2026-06-01 17:45:13,706 - INFO - Saved article: Trump admirer’s surprise first-round win is a blow to Colombia’s traditional conservatives | Colombia | The Guardian from The Guardian
2026-06-01 17:45:14,564 - INFO - [BBC] Article: https://www.bbc.com/news/articles/c1d2ld91635o?at_medium=RSS&at_campaign=rss
2026-06-01 17:45:14,564 - INFO - [BBC] Attempt 1/1: Trying with 'requests_browser' strategy...
2026-06-01 17:45:14,601 - INFO - [BBC] Success with 'requests_browser'. Found content (257 words).
2026-06-01 17:45:14,649 - INFO - Duplicate article skipped: Controversial 'Highway to Hel' 666 bus revived in Poland from BBC
2026-06-01 17:45:14,809 - INFO - [The Guardian] Article: https://www.theguardian.com/world/2026/jun/01/colombia-far-right-presidential-candidate-espriella-wins-first-round-of-vote-ahead-of-election-runoff
2026-06-01 17:45:14,809 - INFO - [The Guardian] Attempt 1/1: Trying with 'requests_browser' strategy...
2026-06-01 17:45:14,909 - INFO - [The Guardian] Success with 'requests_browser'. Found content (802 words).
2026-06-01 17:45:14,946 - INFO - Duplicate article skipped: Colombia’s far-right presidential candidate De la Espriella wins first round of vote ahead of runoff | Colombia | The Guardian from The Guardian
2026-06-01 17:45:15,217 - INFO - [BBC] Article: https://www.bbc.com/news/articles/ce8prypdpz6o?at_medium=RSS&at_campaign=rss
2026-06-01 17:45:15,217 - INFO - [BBC] Attempt 1/1: Trying with 'requests_browser' strategy...
2026-06-01 17:45:15,253 - INFO - [BBC] Success with 'requests_browser'. Found content (388 words).
2026-06-01 17:45:15,296 - INFO - Saved article: Nigeria police warn against reprisal attacks against South Africans from BBC
2026-06-01 17:45:16,171 - INFO - [The Guardian] Article: https://www.theguardian.com/world/2026/may/31/colombia-polls-election-outgoing-leaders-ally-pro-trump-candidates
2026-06-01 17:45:16,171 - INFO - [The Guardian] Attempt 1/1: Trying with 'requests_browser' strategy...
2026-06-01 17:45:16,240 - INFO - [The Guardian] Success with 'requests_browser'. Found content (696 words).
2026-06-01 17:45:16,281 - INFO - Duplicate article skipped: Colombia goes to polls in election pitting outgoing leader’s ally against pro-Trump candidates | Colombia | The Guardian from The Guardian
2026-06-01 17:45:16,645 - INFO - [BBC] Article: https://www.bbc.com/news/articles/cr7py513njmo?at_medium=RSS&at_campaign=rss
2026-06-01 17:45:16,645 - INFO - [BBC] Attempt 1/1: Trying with 'requests_browser' strategy...
2026-06-01 17:45:16,676 - INFO - [BBC] Success with 'requests_browser'. Found content (394 words).
2026-06-01 17:45:16,720 - INFO - Saved article: Shibuya: Japan introduces litter fine in Tokyo's tourist hotspot from BBC
2026-06-01 17:45:17,246 - INFO - Selenium driver initialized successfully.
2026-06-01 17:45:17,246 - INFO - Starting scrape for The Hindu RSS feed: https://www.thehindu.com/news/national/feeder/default.rss
2026-06-01 17:45:17,247 - INFO - Selenium driver initialized successfully.
2026-06-01 17:45:17,247 - INFO - Starting scrape for Times of India RSS feed: https://timesofindia.indiatimes.com/rssfeeds/296589292.cms
2026-06-01 17:45:17,413 - INFO - Found 20 articles in Times of India RSS feed. Processing up to 25.
2026-06-01 17:45:17,414 - INFO - [Times of India] Article: https://timesofindia.indiatimes.com/world/us/asylum-rejections-without-interviews-trump-administration-moves-to-speed-up-deportation-cases-under-new-plan/articleshow/131446593.cms
2026-06-01 17:45:17,414 - INFO - [Times of India] Attempt 1/1: Trying with 'selenium_browser' strategy...
2026-06-01 17:45:17,415 - INFO - Found 60 articles in The Hindu RSS feed. Processing up to 25.
2026-06-01 17:45:17,416 - INFO - [The Hindu] Article: https://www.thehindu.com/news/national/myanmar-assures-india-its-territory-wont-be-used-against-new-delhis-security-interests/article71048243.ece
2026-06-01 17:45:17,416 - INFO - [The Hindu] Attempt 1/1: Trying with 'selenium_browser' strategy...
2026-06-01 17:45:17,498 - INFO - [BBC] Article: https://www.bbc.com/news/articles/cn0pngz2rego?at_medium=RSS&at_campaign=rss
2026-06-01 17:45:17,498 - INFO - [BBC] Attempt 1/1: Trying with 'requests_browser' strategy...
2026-06-01 17:45:17,515 - INFO - [The Guardian] Article: https://www.theguardian.com/world/2026/may/30/colombia-presidential-election-vote-resurgence-political-violence
2026-06-01 17:45:17,515 - INFO - [The Guardian] Attempt 1/1: Trying with 'requests_browser' strategy...
2026-06-01 17:45:17,556 - INFO - [BBC] Success with 'requests_browser'. Found content (1647 words).
2026-06-01 17:45:17,618 - INFO - Saved article: Ethiopia election: Voting suspended in parts of the country as Prime Minister Abiy Ahmed seeks another term from BBC
2026-06-01 17:45:17,640 - INFO - [The Guardian] Success with 'requests_browser'. Found content (1290 words).
2026-06-01 17:45:17,686 - INFO - Duplicate article skipped: Colombia prepares to go to polls in election shadowed by resurgence of political violence | Colombia | The Guardian from The Guardian
2026-06-01 17:45:18,717 - INFO - [BBC] Article: https://www.bbc.com/news/articles/c1w2xvwq8g9o?at_medium=RSS&at_campaign=rss
2026-06-01 17:45:18,717 - INFO - [BBC] Attempt 1/1: Trying with 'requests_browser' strategy...
2026-06-01 17:45:18,778 - INFO - [BBC] Success with 'requests_browser'. Found content (989 words).
2026-06-01 17:45:18,846 - INFO - Duplicate article skipped: Colombia leftist faces pro-Trump rival in presidential election runoff from BBC
2026-06-01 17:45:18,957 - INFO - [The Guardian] Article: https://www.theguardian.com/world/2026/may/29/mexico-senate-election-constitutional-amendment
2026-06-01 17:45:18,957 - INFO - [The Guardian] Attempt 1/1: Trying with 'requests_browser' strategy...
2026-06-01 17:45:19,048 - INFO - [The Guardian] Success with 'requests_browser'. Found content (494 words).
2026-06-01 17:45:19,127 - INFO - Duplicate article skipped: Alarm at Mexico bill allowing elections to be annulled for ‘foreign interference’ | Mexico | The Guardian from The Guardian
2026-06-01 17:45:19,771 - INFO - [BBC] Article: https://www.bbc.com/news/articles/c86dxvql3qno?at_medium=RSS&at_campaign=rss
2026-06-01 17:45:19,771 - INFO - [BBC] Attempt 1/1: Trying with 'requests_browser' strategy...
2026-06-01 17:45:20,002 - INFO - [BBC] Success with 'requests_browser'. Found content (439 words).
2026-06-01 17:45:20,065 - INFO - [The Guardian] Article: https://www.theguardian.com/environment/2026/jun/01/typhoon-jangmi-japan-europe-temperatures-australia
2026-06-01 17:45:20,066 - INFO - [The Guardian] Attempt 1/1: Trying with 'requests_browser' strategy...
2026-06-01 17:45:20,320 - INFO - [The Guardian] Success with 'requests_browser'. Found content (299 words).
2026-06-01 17:45:20,422 - INFO - Duplicate article skipped: South Africa made to look like fools over World Cup visa issues, says minister from BBC
2026-06-01 17:45:20,502 - INFO - Saved article: Typhoon Jangmi threatens Japan as Europe swelters | Japan | The Guardian from The Guardian
2026-06-01 17:45:21,600 - INFO - [The Guardian] Article: https://www.theguardian.com/world/2026/may/31/japan-defence-minister-rebuffs-claims-of-new-militarism-levelled-by-china
2026-06-01 17:45:21,600 - INFO - [The Guardian] Attempt 1/1: Trying with 'requests_browser' strategy...
2026-06-01 17:45:21,705 - INFO - [The Guardian] Success with 'requests_browser'. Found content (377 words).
2026-06-01 17:45:21,925 - INFO - [BBC] Article: https://www.bbc.com/news/articles/c0r2ejg1w9xo?at_medium=RSS&at_campaign=rss
2026-06-01 17:45:21,925 - INFO - [BBC] Attempt 1/1: Trying with 'requests_browser' strategy...
2026-06-01 17:45:21,959 - INFO - Duplicate article skipped: Japan defence minister rebuffs claims of ‘new militarism’ levelled by China | Japan | The Guardian from The Guardian
2026-06-01 17:45:22,091 - INFO - [BBC] Success with 'requests_browser'. Found content (512 words).
2026-06-01 17:45:22,227 - INFO - Duplicate article skipped: Paris riots: Hundreds arrested and dozens of police injured in France after Champions League final from BBC
2026-06-01 17:45:22,734 - INFO - [The Guardian] Article: https://www.theguardian.com/australia-news/2026/may/31/richard-marles-defence-summit-singapore-china-transparency-pete-hegseth
2026-06-01 17:45:22,734 - INFO - [The Guardian] Attempt 1/1: Trying with 'requests_browser' strategy...
2026-06-01 17:45:22,993 - INFO - [The Guardian] Success with 'requests_browser'. Found content (865 words).
2026-06-01 17:45:23,155 - INFO - Duplicate article skipped: New Aukus drone tech to protect critical undersea cables as Marles warns: ‘seabed is a battlefield’ | Richard Marles | The Guardian from The Guardian
2026-06-01 17:45:23,398 - INFO - [BBC] Article: https://www.bbc.com/news/articles/cpwpl9vn0yqo?at_medium=RSS&at_campaign=rss
2026-06-01 17:45:23,398 - INFO - [BBC] Attempt 1/1: Trying with 'requests_browser' strategy...
2026-06-01 17:45:23,599 - INFO - [BBC] Success with 'requests_browser'. Found content (464 words).
2026-06-01 17:45:23,766 - INFO - Duplicate article skipped: Dead whale towed ashore in Denmark ahead of autopsy from BBC
2026-06-01 17:45:24,416 - INFO - [The Guardian] Article: https://www.theguardian.com/world/2026/may/30/four-more-men-freed-from-flooded-laos-cave-in-hazardous-rescue-mission
2026-06-01 17:45:24,416 - INFO - [The Guardian] Attempt 1/1: Trying with 'requests_browser' strategy...
2026-06-01 17:45:24,545 - INFO - [The Guardian] Success with 'requests_browser'. Found content (541 words).
2026-06-01 17:45:24,697 - INFO - Duplicate article skipped: Four more men freed from flooded Laos cave in hazardous rescue mission | Laos | The Guardian from The Guardian
2026-06-01 17:45:24,823 - INFO - [BBC] Article: https://www.bbc.com/news/articles/cvgzyyrzj1jo?at_medium=RSS&at_campaign=rss
2026-06-01 17:45:24,823 - INFO - [BBC] Attempt 1/1: Trying with 'requests_browser' strategy...
2026-06-01 17:45:24,990 - INFO - [BBC] Success with 'requests_browser'. Found content (663 words).
2026-06-01 17:45:25,147 - INFO - Duplicate article skipped: Nicaraguan indigenous leader dies after three years in prison from BBC
2026-06-01 17:45:25,370 - INFO - [The Guardian] Article: https://www.theguardian.com/uk-news/2026/may/30/chinese-dissident-says-he-was-berated-by-pro-regime-interpreter-for-uk-police
2026-06-01 17:45:25,370 - INFO - [The Guardian] Attempt 1/1: Trying with 'requests_browser' strategy...
2026-06-01 17:45:25,551 - INFO - [The Guardian] Success with 'requests_browser'. Found content (920 words).
2026-06-01 17:45:25,679 - INFO - Duplicate article skipped: Chinese dissident says he was berated by ‘pro-regime’ interpreter for UK police | Police | The Guardian from The Guardian
2026-06-01 17:45:25,823 - INFO - [BBC] Article: https://www.bbc.com/news/articles/c8094jdpzv3o?at_medium=RSS&at_campaign=rss
2026-06-01 17:45:25,823 - INFO - [BBC] Attempt 1/1: Trying with 'requests_browser' strategy...
2026-06-01 17:45:25,948 - INFO - [BBC] Success with 'requests_browser'. Found content (351 words).
2026-06-01 17:45:26,112 - INFO - Duplicate article skipped: Laos cave survivors help with plan to find last two missing men from BBC
2026-06-01 17:45:26,645 - INFO - [The Guardian] Article: https://www.theguardian.com/australia-news/2026/jun/02/linda-reynolds-repays-travel-allowance-family-reunion-partner-melbourne-ntwnfb
2026-06-01 17:45:26,645 - INFO - [The Guardian] Attempt 1/1: Trying with 'requests_browser' strategy...
2026-06-01 17:45:26,792 - INFO - [The Guardian] Success with 'requests_browser'. Found content (862 words).
2026-06-01 17:45:26,942 - INFO - Saved article: Linda Reynolds repays nearly $9,000 after partner billed taxpayers to visit son in Melbourne | Australian politicians' expenses | The Guardian from The Guardian
2026-06-01 17:45:27,172 - INFO - [BBC] Article: https://www.bbc.com/news/articles/c1w2xve315do?at_medium=RSS&at_campaign=rss
2026-06-01 17:45:27,173 - INFO - [BBC] Attempt 1/1: Trying with 'requests_browser' strategy...
2026-06-01 17:45:27,398 - INFO - [BBC] Success with 'requests_browser'. Found content (588 words).
2026-06-01 17:45:27,511 - INFO - Duplicate article skipped: Trump seeking edits to US-Iran deal, US media report from BBC
2026-06-01 17:45:28,009 - INFO - [The Guardian] Article: https://www.theguardian.com/australia-news/2026/jun/02/property-prices-budget-negative-gearing-capital-gains-investors
2026-06-01 17:45:28,009 - INFO - [The Guardian] Attempt 1/1: Trying with 'requests_browser' strategy...
2026-06-01 17:45:28,181 - INFO - [The Guardian] Success with 'requests_browser'. Found content (869 words).
2026-06-01 17:45:28,224 - INFO - [The Hindu] Page content loaded.
2026-06-01 17:45:28,275 - INFO - [BBC] Article: https://www.bbc.com/news/articles/cp8p4ejy8ppo?at_medium=RSS&at_campaign=rss
2026-06-01 17:45:28,275 - INFO - [BBC] Attempt 1/1: Trying with 'requests_browser' strategy...
2026-06-01 17:45:28,472 - INFO - Saved article: Property prices may drop but it’s decades of policy failure, not the budget, to blame | Housing | The Guardian from The Guardian
2026-06-01 17:45:28,529 - INFO - [BBC] Success with 'requests_browser'. Found content (718 words).
2026-06-01 17:45:28,779 - INFO - Duplicate article skipped: Japan's defence minister denies militarism and criticises China's 'huge arsenal' from BBC
2026-06-01 17:45:28,836 - INFO - [The Hindu] Success with 'selenium_browser'. Found content (798 words).
2026-06-01 17:45:29,289 - INFO - [The Guardian] Article: https://www.theguardian.com/australia-news/2026/jun/02/australian-billionaires-richer-than-last-year
2026-06-01 17:45:29,289 - INFO - [The Guardian] Attempt 1/1: Trying with 'requests_browser' strategy...
2026-06-01 17:45:29,327 - INFO - Saved article: Myanmar not to allow use of its territory by anti-India elements: President Min Aung Hlaing - The Hindu from The Hindu
2026-06-01 17:45:29,371 - INFO - [The Guardian] Success with 'requests_browser'. Found content (473 words).
2026-06-01 17:45:29,506 - INFO - Saved article: Australia’s 178 billionaires are $25.7bn richer than last year as 3.7 million live in poverty | Inequality | The Guardian from The Guardian
2026-06-01 17:45:29,862 - INFO - [BBC] Article: https://www.bbc.com/news/articles/cy72z48zd7po?at_medium=RSS&at_campaign=rss
2026-06-01 17:45:29,862 - INFO - [BBC] Attempt 1/1: Trying with 'requests_browser' strategy...
2026-06-01 17:45:29,951 - INFO - [BBC] Success with 'requests_browser'. Found content (353 words).
2026-06-01 17:45:29,951 - INFO - [The Hindu] Article: https://www.thehindu.com/news/national/madhya-pradesh/madhya-pradesh-cm-urges-people-to-share-their-views-on-a-uniform-civil-code/article71049435.ece
2026-06-01 17:45:29,957 - INFO - [The Hindu] Attempt 1/1: Trying with 'selenium_browser' strategy...
2026-06-01 17:45:30,128 - INFO - Duplicate article skipped: Ebola: Brazil monitors two patients for possible infection from BBC
2026-06-01 17:45:30,163 - INFO - [The Guardian] Article: https://www.theguardian.com/australia-news/2026/jun/01/labor-cost-of-living-risk-one-nation-pauline-hanson-ntwnfb
2026-06-01 17:45:30,163 - INFO - [The Guardian] Attempt 1/1: Trying with 'requests_browser' strategy...
2026-06-01 17:45:30,292 - INFO - [The Guardian] Success with 'requests_browser'. Found content (634 words).
2026-06-01 17:45:30,423 - INFO - Saved article: Labor to highlight ‘risk’ of One Nation to cost of living in bid to dent Pauline Hanson’s popularity | One Nation | The Guardian from The Guardian
2026-06-01 17:45:31,065 - INFO - [BBC] Article: https://www.bbc.com/news/articles/cwy2z23122zo?at_medium=RSS&at_campaign=rss
2026-06-01 17:45:31,065 - INFO - [BBC] Attempt 1/1: Trying with 'requests_browser' strategy...
2026-06-01 17:45:31,274 - INFO - [BBC] Success with 'requests_browser'. Found content (747 words).
2026-06-01 17:45:31,498 - INFO - Duplicate article skipped: 'Cancel it', Trump says after artists drop out of US Freedom 250 festival from BBC
2026-06-01 17:45:31,715 - INFO - [The Guardian] Article: https://www.theguardian.com/australia-news/2026/jun/01/teen-planned-attack-on-queensland-school-imminent-threat-charges-13-year-old-ntwnfb
2026-06-01 17:45:31,715 - INFO - [The Guardian] Attempt 1/1: Trying with 'requests_browser' strategy...
2026-06-01 17:45:31,844 - INFO - [The Guardian] Success with 'requests_browser'. Found content (340 words).
2026-06-01 17:45:32,303 - INFO - [BBC] Article: https://www.bbc.com/news/articles/ce9pp53ky42o?at_medium=RSS&at_campaign=rss
2026-06-01 17:45:32,303 - INFO - [BBC] Attempt 1/1: Trying with 'requests_browser' strategy...
2026-06-01 17:45:32,352 - INFO - Saved article: ‘Imminent threat’: charges laid against 13-year-old who allegedly planned attack on Queensland school | Queensland | The Guardian from The Guardian
2026-06-01 17:45:32,594 - INFO - [BBC] Success with 'requests_browser'. Found content (1505 words).
2026-06-01 17:45:32,868 - INFO - Duplicate article skipped: Air India crash: One year on, a Mumbai family still waits for answers - and peace from BBC
2026-06-01 17:45:33,375 - INFO - [BBC] Article: https://www.bbc.com/news/articles/c87q2eq8r1yo?at_medium=RSS&at_campaign=rss
2026-06-01 17:45:33,375 - INFO - [BBC] Attempt 1/1: Trying with 'requests_browser' strategy...
2026-06-01 17:45:33,514 - INFO - [The Guardian] Article: https://www.theguardian.com/politics/2026/jun/01/creative-industries-brexit-barriers-uk-actors-eu-jobs
2026-06-01 17:45:33,514 - INFO - [The Guardian] Attempt 1/1: Trying with 'requests_browser' strategy...
2026-06-01 17:45:33,739 - INFO - [BBC] Success with 'requests_browser'. Found content (832 words).
2026-06-01 17:45:33,921 - INFO - [The Guardian] Success with 'requests_browser'. Found content (1071 words).
2026-06-01 17:45:33,979 - INFO - Duplicate article skipped: 'They're hunting buses': The Ukrainian drivers risking death on the routes of Kherson from BBC
2026-06-01 17:45:34,135 - INFO - Saved article: ‘Catastrophic for creative industries’: Brexit barriers shut UK actors out of EU jobs | Brexit | The Guardian from The Guardian
2026-06-01 17:45:35,156 - INFO - [BBC] Article: https://www.bbc.com/news/articles/c8r826465dko?at_medium=RSS&at_campaign=rss
2026-06-01 17:45:35,156 - INFO - [BBC] Attempt 1/1: Trying with 'requests_browser' strategy...
2026-06-01 17:45:35,364 - INFO - [The Guardian] Article: https://www.theguardian.com/world/2026/jun/01/cyclist-rescue-people-who-nearly-drowned-ruhr-germany
2026-06-01 17:45:35,364 - INFO - [The Guardian] Attempt 1/1: Trying with 'requests_browser' strategy...
2026-06-01 17:45:35,392 - INFO - [BBC] Success with 'requests_browser'. Found content (1323 words).
2026-06-01 17:45:35,600 - INFO - [The Guardian] Success with 'requests_browser'. Found content (467 words).
2026-06-01 17:45:35,634 - INFO - Duplicate article skipped: Meji Alabi, Grammy-winning director, explores his Nigerian grandfather’s role in the Biafran war for BBC Africa Eye from BBC
2026-06-01 17:45:35,711 - INFO - Saved article: Cyclist praised for rescuing four people who nearly drowned in Ruhr, Germany | Germany | The Guardian from The Guardian
2026-06-01 17:45:36,581 - INFO - [BBC] Article: https://www.bbc.com/news/articles/cpwpeg57777o?at_medium=RSS&at_campaign=rss
2026-06-01 17:45:36,581 - INFO - [BBC] Attempt 1/1: Trying with 'requests_browser' strategy...
2026-06-01 17:45:36,607 - INFO - [The Guardian] Article: https://www.theguardian.com/world/2026/jun/01/milan-mockery-rampant-bull-mosaic-restoration-refurbishment-testicles-castrated
2026-06-01 17:45:36,608 - INFO - [The Guardian] Attempt 1/1: Trying with 'requests_browser' strategy...
2026-06-01 17:45:36,777 - INFO - [The Guardian] Success with 'requests_browser'. Found content (426 words).
2026-06-01 17:45:36,910 - INFO - [BBC] Success with 'requests_browser'. Found content (1624 words).
2026-06-01 17:45:37,171 - INFO - Saved article: ‘What happened to the testicles?’: mockery in Milan over bull mosaic’s restoration | Italy | The Guardian from The Guardian
2026-06-01 17:45:37,237 - INFO - Duplicate article skipped: China's coal mine disaster is a reminder of its darkest days from BBC
2026-06-01 17:45:37,858 - INFO - [The Guardian] Article: https://www.theguardian.com/world/2026/jun/01/macron-french-navy-boarded-russia-linked-oil-tanker-atlantic
2026-06-01 17:45:37,858 - INFO - [The Guardian] Attempt 1/1: Trying with 'requests_browser' strategy...
2026-06-01 17:45:38,020 - INFO - [The Guardian] Success with 'requests_browser'. Found content (705 words).
2026-06-01 17:45:38,106 - INFO - Saved article: French navy seizes Russia-linked oil tanker in Atlantic | France | The Guardian from The Guardian
2026-06-01 17:45:38,201 - INFO - [BBC] Article: https://www.bbc.com/news/articles/cq8p1jy3vxlo?at_medium=RSS&at_campaign=rss
2026-06-01 17:45:38,201 - INFO - [BBC] Attempt 1/1: Trying with 'requests_browser' strategy...
2026-06-01 17:45:38,266 - INFO - [The Hindu] Page content loaded.
2026-06-01 17:45:38,294 - INFO - [BBC] Success with 'requests_browser'. Found content (1142 words).
2026-06-01 17:45:38,400 - INFO - Duplicate article skipped: Caribbean hot sauce producers warn of shortages and higher prices from BBC
2026-06-01 17:45:38,437 - INFO - [The Hindu] Success with 'selenium_browser'. Found content (371 words).
2026-06-01 17:45:38,552 - INFO - Saved article: Madhya Pradesh CM urges people to share their views on a Uniform Civil Code - The Hindu from The Hindu
2026-06-01 17:45:39,435 - INFO - [The Guardian] Article: https://www.theguardian.com/world/2026/may/30/paris-police-arrest-paris-saint-germain-fans-celebrate-champions-league-win-over-arsenal
2026-06-01 17:45:39,435 - INFO - [The Guardian] Attempt 1/1: Trying with 'requests_browser' strategy...
2026-06-01 17:45:39,506 - INFO - [The Guardian] Success with 'requests_browser'. Found content (531 words).
2026-06-01 17:45:39,545 - INFO - Duplicate article skipped: French police arrest 780 after violent clashes as PSG fans celebrate Champions League win | Paris | The Guardian from The Guardian
2026-06-01 17:45:40,049 - INFO - [The Hindu] Article: https://www.thehindu.com/videos/watch-cm-vijays-full-speech-in-trichy-why-shouldnt-i-wear-a-coat-suit/article71049965.ece
2026-06-01 17:45:40,049 - INFO - [The Hindu] Attempt 1/1: Trying with 'selenium_browser' strategy...
2026-06-01 17:45:51,664 - INFO - [The Hindu] Page content loaded.
2026-06-01 17:45:51,816 - WARNING - [The Hindu] FAILED with 'selenium_browser' (content was too short: 50 words).
2026-06-01 17:45:51,816 - ERROR - [The Hindu] All scrape strategies failed for https://www.thehindu.com/videos/watch-cm-vijays-full-speech-in-trichy-why-shouldnt-i-wear-a-coat-suit/article71049965.ece. Falling back to RSS description.
2026-06-01 17:45:51,819 - INFO - Saved article: Watch: CM Vijay’s full speech in Trichy: Why shouldn’t I wear a coat suit? from The Hindu
2026-06-01 17:45:52,870 - INFO - [The Hindu] Article: https://www.thehindu.com/news/national/karnataka/msr-group-to-establish-rism-in-collaboration-with-university-of-albany-suny-albany-new-york/article71049422.ece
2026-06-01 17:45:52,870 - INFO - [The Hindu] Attempt 1/1: Trying with 'selenium_browser' strategy...
2026-06-01 17:45:55,065 - INFO - [The Hindu] Page content loaded.
2026-06-01 17:45:55,207 - INFO - [The Hindu] Success with 'selenium_browser'. Found content (129 words).
2026-06-01 17:45:55,306 - INFO - Saved article: MSR group to establish RISM in collaboration with University of Albany, New York - The Hindu from The Hindu
2026-06-01 17:45:55,861 - INFO - [The Hindu] Article: https://www.thehindu.com/news/national/centre-signs-agreement-with-isro-rolls-out-new-water-research-initiatives/article71048724.ece
2026-06-01 17:45:55,861 - INFO - [The Hindu] Attempt 1/1: Trying with 'selenium_browser' strategy...
2026-06-01 17:46:08,446 - INFO - [The Hindu] Page content loaded.
2026-06-01 17:46:08,539 - INFO - [The Hindu] Success with 'selenium_browser'. Found content (413 words).
2026-06-01 17:46:08,616 - INFO - Saved article: Centre signs agreement with ISRO, rolls out new water research initiatives - The Hindu from The Hindu
2026-06-01 17:46:09,940 - INFO - [The Hindu] Article: https://www.thehindu.com/news/national/india-moves-ahead-on-rafale-deal-iaf-chief-holds-talks-in-france/article71049716.ece
2026-06-01 17:46:09,940 - INFO - [The Hindu] Attempt 1/1: Trying with 'selenium_browser' strategy...
2026-06-01 17:46:17,424 - ERROR - [Times of India] Request failed for strategy 'selenium_browser' on URL https://timesofindia.indiatimes.com/world/us/asylum-rejections-without-interviews-trump-administration-moves-to-speed-up-deportation-cases-under-new-plan/articleshow/131446593.cms: Message: timeout: Timed out receiving message from renderer: 59.913
  (Session info: chrome=148.0.7778.178)
Stacktrace:
#0 0x55af7d77116a <unknown>
#1 0x55af7d16e6b9 <unknown>
#2 0x55af7d155d0b <unknown>
#3 0x55af7d155986 <unknown>
#4 0x55af7d1534ab <unknown>
#5 0x55af7d153e2f <unknown>
#6 0x55af7d1632e0 <unknown>
#7 0x55af7d17d427 <unknown>
#8 0x55af7d184c5b <unknown>
#9 0x55af7d154599 <unknown>
#10 0x55af7d17d1bd <unknown>
#11 0x55af7d20afcf <unknown>
#12 0x55af7d1b6222 <unknown>
#13 0x55af7d1b7011 <unknown>
#14 0x55af7d736a0b <unknown>
#15 0x55af7d73992d <unknown>
#16 0x55af7d723948 <unknown>
#17 0x55af7d73a4c0 <unknown>
#18 0x55af7d70a560 <unknown>
#19 0x55af7d75ddd8 <unknown>
#20 0x55af7d75df75 <unknown>
#21 0x55af7d76fbce <unknown>
#22 0x7efd09a9caa4 <unknown>
#23 0x7efd09b29c6c <unknown>

2026-06-01 17:46:17,424 - ERROR - [Times of India] All scrape strategies failed for https://timesofindia.indiatimes.com/world/us/asylum-rejections-without-interviews-trump-administration-moves-to-speed-up-deportation-cases-under-new-plan/articleshow/131446593.cms. Falling back to RSS description.
2026-06-01 17:46:17,426 - INFO - Saved article: Asylum rejections without interviews? Trump administration moves to speed up deportation cases from Times of India
2026-06-01 17:46:18,716 - INFO - [Times of India] Article: https://timesofindia.indiatimes.com/world/uk/timeline-of-henry-nowak-murder-case-southamptons-vickram-digwa-who-killed-18-year-old-student-with-sikh-dagger-sentenced-for-life/articleshow/131446830.cms
2026-06-01 17:46:18,716 - INFO - [Times of India] Attempt 1/1: Trying with 'selenium_browser' strategy...
2026-06-01 17:46:30,464 - INFO - [The Hindu] Page content loaded.
2026-06-01 17:46:30,743 - INFO - [The Hindu] Success with 'selenium_browser'. Found content (265 words).
2026-06-01 17:46:30,972 - INFO - Saved article: India moves ahead on Rafale deal, IAF chief holds talks in France - The Hindu from The Hindu
2026-06-01 17:46:31,508 - INFO - [The Hindu] Article: https://www.thehindu.com/news/cities/Tiruchirapalli/chief-minister-vijay-promises-an-inclusive-and-corruption-free-government/article71049289.ece
2026-06-01 17:46:31,508 - INFO - [The Hindu] Attempt 1/1: Trying with 'selenium_browser' strategy...
2026-06-01 17:46:36,766 - INFO - [The Hindu] Page content loaded.
2026-06-01 17:46:36,917 - INFO - [The Hindu] Success with 'selenium_browser'. Found content (631 words).
2026-06-01 17:46:37,079 - INFO - Saved article: Chief Minister Vijay promises an inclusive and corruption-free government - The Hindu from The Hindu
2026-06-01 17:46:38,574 - INFO - [The Hindu] Article: https://www.thehindu.com/news/national/chhattisgarh/ed-attaches-properties-worth-1000-crore-in-chhattisgarh-liquor-scam-case/article71049480.ece
2026-06-01 17:46:38,574 - INFO - [The Hindu] Attempt 1/1: Trying with 'selenium_browser' strategy...
2026-06-01 17:46:44,096 - INFO - [The Hindu] Page content loaded.
2026-06-01 17:46:44,242 - INFO - [The Hindu] Success with 'selenium_browser'. Found content (540 words).
2026-06-01 17:46:44,599 - INFO - Saved article: ED attaches properties worth ₹1,000 crore in Chhattisgarh liquor scam case - The Hindu from The Hindu
2026-06-01 17:46:45,352 - INFO - [The Hindu] Article: https://www.thehindu.com/news/national/karnataka/ipl-finals-was-taken-away-from-us/article71049832.ece
2026-06-01 17:46:45,352 - INFO - [The Hindu] Attempt 1/1: Trying with 'selenium_browser' strategy...
2026-06-01 17:46:48,733 - INFO - [Times of India] Page content loaded.
2026-06-01 17:46:48,918 - INFO - [Times of India] Success with 'selenium_browser'. Found content (457 words).
2026-06-01 17:46:49,017 - INFO - Saved article: Timeline of Henry Nowak murder case: Southampton's Vickram Digwa who killed 18-year-old student with Sikh dagger sentenced for life - The Times of India from Times of India
2026-06-01 17:46:49,530 - INFO - [Times of India] Article: https://timesofindia.indiatimes.com/business/india-business/relax-it-will-all-work-out-says-trump-as-iran-hangs-up/articleshow/131446677.cms
2026-06-01 17:46:49,531 - INFO - [Times of India] Attempt 1/1: Trying with 'selenium_browser' strategy...
2026-06-01 17:46:50,344 - INFO - [Times of India] Page content loaded.
2026-06-01 17:46:50,544 - INFO - [Times of India] Success with 'selenium_browser'. Found content (662 words).
2026-06-01 17:46:50,613 - INFO - Saved article: Relax, it will all work out, says Trump, as Iran hangs up - The Times of India from Times of India
2026-06-01 17:46:51,550 - INFO - [Times of India] Article: https://timesofindia.indiatimes.com/world/rest-of-world/the-forbidden-city-inside-chinas-largest-imperial-palace-complex-a-hidden-empire-within-a-city-for-500-years/articleshow/131446381.cms
2026-06-01 17:46:51,550 - INFO - [Times of India] Attempt 1/1: Trying with 'selenium_browser' strategy...
2026-06-01 17:46:52,650 - INFO - [Times of India] Page content loaded.
2026-06-01 17:46:52,792 - INFO - [Times of India] Success with 'selenium_browser'. Found content (1248 words).
2026-06-01 17:46:52,882 - INFO - Saved article: The Forbidden City: Inside China's largest imperial palace complex, a hidden empire within a city for 500 years | World News - The Times of India from Times of India
2026-06-01 17:46:53,607 - INFO - [Times of India] Article: https://timesofindia.indiatimes.com/world/us/if-its-over-ill-tear-the-house-down-drunk-us-man-demolishes-family-home-after-wife-says-marriage-is-over/articleshow/131446053.cms
2026-06-01 17:46:53,607 - INFO - [Times of India] Attempt 1/1: Trying with 'selenium_browser' strategy...
2026-06-01 17:46:54,465 - INFO - [Times of India] Page content loaded.
2026-06-01 17:46:54,584 - INFO - [Times of India] Success with 'selenium_browser'. Found content (291 words).
2026-06-01 17:46:54,646 - INFO - Saved article: 'If it’s over, I’ll tear the house down': Drunk US man demolishes family home after wife says marriage is over - The Times of India from Times of India
2026-06-01 17:46:55,704 - INFO - [Times of India] Article: https://timesofindia.indiatimes.com/world/europe/therapy-donkeys-are-helping-psychiatric-patients-heal-at-a-hospital-on-outskirts-of-paris/articleshow/131445976.cms
2026-06-01 17:46:55,704 - INFO - [Times of India] Attempt 1/1: Trying with 'selenium_browser' strategy...
2026-06-01 17:46:56,720 - INFO - [Times of India] Page content loaded.
2026-06-01 17:46:56,902 - INFO - [Times of India] Success with 'selenium_browser'. Found content (294 words).
2026-06-01 17:46:57,002 - INFO - Saved article: Therapy donkeys are helping psychiatric patients heal at a hospital on outskirts of Paris - The Times of India from Times of India
2026-06-01 17:46:58,240 - INFO - [Times of India] Article: https://timesofindia.indiatimes.com/world/us/first-indian-american-woman-to-take-a-company-public-in-us-says-returning-to-india-was-not-an-option-at-her-time/articleshow/131445460.cms
2026-06-01 17:46:58,240 - INFO - [Times of India] Attempt 1/1: Trying with 'selenium_browser' strategy...
2026-06-01 17:46:58,403 - INFO - [The Hindu] Page content loaded.
2026-06-01 17:46:58,523 - INFO - [The Hindu] Success with 'selenium_browser'. Found content (106 words).
2026-06-01 17:46:58,650 - INFO - Saved article: ‘IPL finals was taken away from us’ - The Hindu from The Hindu
2026-06-01 17:46:59,205 - INFO - [The Hindu] Article: https://www.thehindu.com/news/national/karnataka/purported-audio-of-zameer-attempting-sabotage-of-bypolls-goes-viral/article71049421.ece
2026-06-01 17:46:59,205 - INFO - [The Hindu] Attempt 1/1: Trying with 'selenium_browser' strategy...
2026-06-01 17:47:02,930 - INFO - [Times of India] Page content loaded.
2026-06-01 17:47:03,162 - INFO - [Times of India] Success with 'selenium_browser'. Found content (353 words).
2026-06-01 17:47:03,380 - INFO - Saved article: First Indian-American woman to take a company public in US says returning to India was not an option at her time - The Times of India from Times of India
2026-06-01 17:47:04,353 - INFO - [Times of India] Article: https://timesofindia.indiatimes.com/world/us/i-want-my-marriage-wife-says-shes-deeply-hurt-after-husband-graham-platners-sexting-with-other-women-becomes-public/articleshow/131444623.cms
2026-06-01 17:47:04,353 - INFO - [Times of India] Attempt 1/1: Trying with 'selenium_browser' strategy...
2026-06-01 17:47:06,243 - INFO - [The Hindu] Page content loaded.
2026-06-01 17:47:06,427 - INFO - [The Hindu] Success with 'selenium_browser'. Found content (363 words).
2026-06-01 17:47:06,695 - INFO - Saved article: Purported audio of Zameer attempting ‘sabotage’ of bypolls goes viral - The Hindu from The Hindu
2026-06-01 17:47:06,899 - INFO - [Times of India] Page content loaded.
2026-06-01 17:47:07,057 - INFO - [Times of India] Success with 'selenium_browser'. Found content (379 words).
2026-06-01 17:47:07,134 - INFO - Saved article: 'I want my marriage': Wife says she's deeply hurt after husband Graham Platner's sexting with other women becomes public - The Times of India from Times of India
2026-06-01 17:47:07,887 - INFO - [Times of India] Article: https://timesofindia.indiatimes.com/world/us/i-truly-supported-it-jill-biden-admits-she-wanted-joe-biden-to-pardon-hunter-feared-trump-would-target-their-family/articleshow/131441605.cms
2026-06-01 17:47:07,887 - INFO - [Times of India] Attempt 1/1: Trying with 'selenium_browser' strategy...
2026-06-01 17:47:07,990 - INFO - [The Hindu] Article: https://www.thehindu.com/news/national/karnataka/brajesh-kumar-singh-is-md-ceo-of-canara-bank/article71049562.ece
2026-06-01 17:47:07,990 - INFO - [The Hindu] Attempt 1/1: Trying with 'selenium_browser' strategy...
2026-06-01 17:47:09,011 - INFO - [Times of India] Page content loaded.
2026-06-01 17:47:09,559 - INFO - [Times of India] Success with 'selenium_browser'. Found content (491 words).
2026-06-01 17:47:09,653 - INFO - Saved article: 'I truly supported it': Jill Biden admits she wanted Joe Biden to pardon Hunter, feared Trump would target their family - The Times of India from Times of India
2026-06-01 17:47:11,132 - INFO - [Times of India] Article: https://timesofindia.indiatimes.com/world/rest-of-world/quote-of-the-day-by-marie-antoinette-when-everyone-else-is-losing-their-heads-it-is-important-to-what-this-quote-reveals-about-calmness-leadership-emotional-control-decision-making-and-why-staying-composed-can-become-your-greatest-strength/articleshow/131443748.cms
2026-06-01 17:47:11,132 - INFO - [Times of India] Attempt 1/1: Trying with 'selenium_browser' strategy...
2026-06-01 17:47:12,195 - INFO - [Times of India] Page content loaded.
2026-06-01 17:47:12,525 - INFO - [Times of India] Success with 'selenium_browser'. Found content (1479 words).
2026-06-01 17:47:12,668 - INFO - Saved article: Quote of the day by Marie Antoinette: “When everyone else is losing their heads, it is important to…” — what this quote reveals about calmness, leadership, emotional control, decision-making, and why staying composed can become your greatest strength | World News - The Times of India from Times of India
2026-06-01 17:47:13,190 - INFO - [The Hindu] Page content loaded.
2026-06-01 17:47:13,304 - INFO - [The Hindu] Success with 'selenium_browser'. Found content (219 words).
2026-06-01 17:47:13,397 - INFO - Saved article: Brajesh Kumar Singh is MD & CEO of Canara Bank - The Hindu from The Hindu
2026-06-01 17:47:13,764 - INFO - [Times of India] Article: https://timesofindia.indiatimes.com/world/us/jill-biden-says-she-was-shocked-after-kamala-harris-lost-to-trump-you-were-asks-interviewer/articleshow/131442975.cms
2026-06-01 17:47:13,764 - INFO - [Times of India] Attempt 1/1: Trying with 'selenium_browser' strategy...
2026-06-01 17:47:14,437 - INFO - [Times of India] Page content loaded.
2026-06-01 17:47:14,499 - INFO - [The Hindu] Article: https://www.thehindu.com/news/national/doctors-body-barred-from-parliamentary-panel-meeting-on-neet-after-bjp-objections/article71049305.ece
2026-06-01 17:47:14,499 - INFO - [The Hindu] Attempt 1/1: Trying with 'selenium_browser' strategy...
2026-06-01 17:47:14,628 - INFO - [Times of India] Success with 'selenium_browser'. Found content (367 words).
2026-06-01 17:47:14,688 - INFO - Saved article: Jill Biden says she was shocked after Kamala Harris lost to Trump, 'You were?' asks interviewer - The Times of India from Times of India
2026-06-01 17:47:15,247 - INFO - [Times of India] Article: https://timesofindia.indiatimes.com/science/harvard-scientists-create-synthetic-cells-from-scratch-and-witness-darwinian-evolution-in-real-time/articleshow/131442877.cms
2026-06-01 17:47:15,247 - INFO - [Times of India] Attempt 1/1: Trying with 'selenium_browser' strategy...
2026-06-01 17:47:17,345 - INFO - [Times of India] Page content loaded.
2026-06-01 17:47:17,462 - INFO - [Times of India] Success with 'selenium_browser'. Found content (713 words).
2026-06-01 17:47:17,525 - INFO - Saved article: Harvard scientists create synthetic cells from scratch and witness Darwinian evolution in real time | - The Times of India from Times of India
2026-06-01 17:47:18,385 - INFO - [Times of India] Article: https://timesofindia.indiatimes.com/world/rest-of-world/this-will-expose-our-people-to-ebola-big-protest-in-kenya-against-quarantine-centre-for-affected-us-citizens/articleshow/131440824.cms
2026-06-01 17:47:18,385 - INFO - [Times of India] Attempt 1/1: Trying with 'selenium_browser' strategy...
2026-06-01 17:47:21,010 - INFO - [The Hindu] Page content loaded.
2026-06-01 17:47:21,135 - INFO - [The Hindu] Success with 'selenium_browser'. Found content (518 words).
2026-06-01 17:47:21,261 - INFO - Saved article: Doctors’ body barred from Parliamentary panel meeting on NEET after BJP objections - The Hindu from The Hindu
2026-06-01 17:47:22,294 - INFO - [Times of India] Page content loaded.
2026-06-01 17:47:22,433 - INFO - [The Hindu] Article: https://www.thehindu.com/education/cbse-portal-for-re-evaluation-opening/article71049584.ece
2026-06-01 17:47:22,433 - INFO - [The Hindu] Attempt 1/1: Trying with 'selenium_browser' strategy...
2026-06-01 17:47:22,483 - INFO - [Times of India] Success with 'selenium_browser'. Found content (342 words).
2026-06-01 17:47:22,646 - INFO - Saved article: Kenya Protest: 'This will expose our people to Ebola': Big protest in Kenya against quarantine centre for affected US citizens - The Times of India from Times of India
2026-06-01 17:47:23,830 - INFO - [Times of India] Article: https://timesofindia.indiatimes.com/world/europe/international-terrorism-russia-slams-frances-seizure-of-russian-linked-tanker-terms-it-illegal/articleshow/131439405.cms
2026-06-01 17:47:23,830 - INFO - [Times of India] Attempt 1/1: Trying with 'selenium_browser' strategy...
2026-06-01 17:47:27,797 - INFO - [The Hindu] Page content loaded.
2026-06-01 17:47:27,989 - INFO - [The Hindu] Success with 'selenium_browser'. Found content (281 words).
2026-06-01 17:47:28,231 - INFO - Saved article: CBSE portal for re-evaluation slated to open on June 1 inactive till late evening - The Hindu from The Hindu
2026-06-01 17:47:28,481 - INFO - [Times of India] Page content loaded.
2026-06-01 17:47:29,273 - INFO - [The Hindu] Article: https://www.thehindu.com/news/national/maharashtra/maharashtra-fda-seizes-methanol-from-bhiwandi-firm-after-pune-liquor-deaths/article71047731.ece
2026-06-01 17:47:29,273 - INFO - [The Hindu] Attempt 1/1: Trying with 'selenium_browser' strategy...
2026-06-01 17:47:29,313 - INFO - [Times of India] Success with 'selenium_browser'. Found content (472 words).
2026-06-01 17:47:29,400 - INFO - Saved article: France Tanker Seizure: ‘International terrorism’: Russia slams France's seizure of Russian-linked tanker, terms it 'illegal' - The Times of India from Times of India
2026-06-01 17:47:30,319 - INFO - [Times of India] Article: https://timesofindia.indiatimes.com/world/uk/challenge-cup-winning-coach-and-broadcaster-john-kear-dies-aged-71-as-tributes-pour-in/articleshow/131439142.cms
2026-06-01 17:47:30,319 - INFO - [Times of India] Attempt 1/1: Trying with 'selenium_browser' strategy...
2026-06-01 17:47:30,855 - INFO - [The Hindu] Page content loaded.
2026-06-01 17:47:31,015 - INFO - [The Hindu] Success with 'selenium_browser'. Found content (245 words).
2026-06-01 17:47:31,144 - INFO - Saved article: Maharashtra FDA seizes methanol from Bhiwandi firm after Pune liquor deaths - The Hindu from The Hindu
2026-06-01 17:47:31,673 - INFO - [Times of India] Page content loaded.
2026-06-01 17:47:31,828 - INFO - [Times of India] Success with 'selenium_browser'. Found content (659 words).
2026-06-01 17:47:31,884 - INFO - Saved article: John Kear: Challenge cup-winning coach and broadcaster John Kear dies aged 71 as tributes pour in | World News - The Times of India from Times of India
2026-06-01 17:47:32,142 - INFO - [The Hindu] Article: https://www.thehindu.com/news/national/students-are-paying-the-price-of-mistakes-made-by-cbse-congress/article71048773.ece
2026-06-01 17:47:32,142 - INFO - [The Hindu] Attempt 1/1: Trying with 'selenium_browser' strategy...
2026-06-01 17:47:32,493 - INFO - [Times of India] Article: https://timesofindia.indiatimes.com/science/scientists-found-a-hidden-signal-beneath-the-sun-and-it-may-change-what-we-know-about-solar-cycles/articleshow/131439031.cms
2026-06-01 17:47:32,493 - INFO - [Times of India] Attempt 1/1: Trying with 'selenium_browser' strategy...
2026-06-01 17:47:33,908 - INFO - [Times of India] Page content loaded.
2026-06-01 17:47:34,105 - INFO - [Times of India] Success with 'selenium_browser'. Found content (820 words).
2026-06-01 17:47:34,229 - INFO - Saved article: Scientists found a hidden signal beneath the Sun and it may change what we know about solar cycles | - The Times of India from Times of India
2026-06-01 17:47:34,480 - INFO - [The Hindu] Page content loaded.
2026-06-01 17:47:34,589 - INFO - [The Hindu] Success with 'selenium_browser'. Found content (530 words).
2026-06-01 17:47:34,722 - INFO - Saved article: Students are paying the price of mistakes made by CBSE: Congress - The Hindu from The Hindu
2026-06-01 17:47:34,886 - INFO - [Times of India] Article: https://timesofindia.indiatimes.com/science/scientists-discover-5-5-million-bees-living-beneath-a-new-york-cemetery-for-over-100-years-and-it-could-help-save-vulnerable-pollinators/articleshow/131438730.cms
2026-06-01 17:47:34,886 - INFO - [Times of India] Attempt 1/1: Trying with 'selenium_browser' strategy...
2026-06-01 17:47:35,913 - INFO - [The Hindu] Article: https://www.thehindu.com/news/national/kerala/hc-expresses-concern-over-alleged-ill-treatment-of-students-at-medical-colleges/article71049129.ece
2026-06-01 17:47:35,913 - INFO - [The Hindu] Attempt 1/1: Trying with 'selenium_browser' strategy...
2026-06-01 17:47:36,744 - INFO - [Times of India] Page content loaded.
2026-06-01 17:47:36,861 - INFO - [Times of India] Success with 'selenium_browser'. Found content (972 words).
2026-06-01 17:47:36,936 - INFO - Saved article: Scientists discover 5.5 million bees living beneath a New York cemetery for over 100 years and it could help save vulnerable pollinators | - The Times of India from Times of India
2026-06-01 17:47:37,964 - INFO - [The Hindu] Page content loaded.
2026-06-01 17:47:38,046 - INFO - [Times of India] Article: https://timesofindia.indiatimes.com/world/uk/london-tube-strikes-set-to-go-ahead-unless-last-ditch-talks-deliver-breakthrough/articleshow/131438760.cms
2026-06-01 17:47:38,046 - INFO - [Times of India] Attempt 1/1: Trying with 'selenium_browser' strategy...
2026-06-01 17:47:38,085 - INFO - [The Hindu] Success with 'selenium_browser'. Found content (246 words).
2026-06-01 17:47:38,182 - INFO - Saved article: HC expresses concern over alleged ill-treatment of students at medical colleges - The Hindu from The Hindu
2026-06-01 17:47:39,151 - INFO - [The Hindu] Article: https://www.thehindu.com/news/national/tamil-nadu/hc-orders-inquiry-into-amassing-of-800-crore-of-chettinad-family-money-by-educationist-meena-muthiahs-employee/article71048225.ece
2026-06-01 17:47:39,151 - INFO - [The Hindu] Attempt 1/1: Trying with 'selenium_browser' strategy...
2026-06-01 17:47:39,870 - INFO - [Times of India] Page content loaded.
2026-06-01 17:47:40,107 - INFO - [Times of India] Success with 'selenium_browser'. Found content (581 words).
2026-06-01 17:47:40,373 - INFO - Saved article: London tube strikes set to go ahead unless last-ditch talks deliver breakthrough | World News - The Times of India from Times of India
2026-06-01 17:47:40,959 - INFO - [Times of India] Article: https://timesofindia.indiatimes.com/world/rest-of-world/the-10-richest-people-in-the-world-elon-musk-larry-page-and-jeff-bezos-lead-the-global-wealth-race/articleshow/131437853.cms
2026-06-01 17:47:40,959 - INFO - [Times of India] Attempt 1/1: Trying with 'selenium_browser' strategy...
2026-06-01 17:47:41,482 - INFO - [The Hindu] Page content loaded.
2026-06-01 17:47:42,506 - INFO - [The Hindu] Success with 'selenium_browser'. Found content (450 words).
2026-06-01 17:47:42,673 - INFO - Saved article: HC orders inquiry into amassing of ₹800 crore of Chettinad family money by educationist Meena Muthiah’s employee - The Hindu from The Hindu
2026-06-01 17:47:43,256 - INFO - [The Hindu] Article: https://www.thehindu.com/news/national/andhra-pradesh/no-scope-for-manipulation-in-dsc-2025-recruitment-says-naidu/article71048720.ece
2026-06-01 17:47:43,256 - INFO - [The Hindu] Attempt 1/1: Trying with 'selenium_browser' strategy...
2026-06-01 17:47:43,272 - INFO - [Times of India] Page content loaded.
2026-06-01 17:47:43,448 - INFO - [Times of India] Success with 'selenium_browser'. Found content (1071 words).
2026-06-01 17:47:43,520 - INFO - Saved article: The 10 richest people in the world: Elon Musk, Larry Page and Jeff Bezos lead the global wealth race | World News - The Times of India from Times of India
2026-06-01 17:47:44,069 - INFO - [Times of India] Article: https://timesofindia.indiatimes.com/world/middle-east/uae-announces-june-2026-fuel-prices-as-petrol-jumps-8-to-dh3-95-per-litre-highest-level-in-nearly-4-years/articleshow/131437547.cms
2026-06-01 17:47:44,069 - INFO - [Times of India] Attempt 1/1: Trying with 'selenium_browser' strategy...
2026-06-01 17:47:46,089 - INFO - [Times of India] Page content loaded.
2026-06-01 17:47:46,231 - INFO - [Times of India] Success with 'selenium_browser'. Found content (651 words).
2026-06-01 17:47:46,337 - INFO - Saved article: Uae Fuel Prices: UAE announces June 2026 fuel prices as petrol jumps 8% to Dh3.95 per litre, highest level in nearly 4 years | World News - The Times of India from Times of India
2026-06-01 17:47:46,350 - INFO - [The Hindu] Page content loaded.
2026-06-01 17:47:46,507 - INFO - [The Hindu] Success with 'selenium_browser'. Found content (323 words).
2026-06-01 17:47:46,640 - INFO - Saved article: No scope for manipulation in DSC-2025 recruitment, says Naidu - The Hindu from The Hindu
2026-06-01 17:47:47,434 - INFO - [Times of India] (Thread) Finished. Attempting to shut down its Selenium driver.
2026-06-01 17:47:47,897 - INFO - [Times of India] (Thread) driver.quit() successful.
2026-06-01 17:47:48,136 - INFO - [The Hindu] Article: https://www.thehindu.com/news/national/centre-backtracking-on-draft-agreed-on-may-22-sonam-wangchuk/article71048989.ece
2026-06-01 17:47:48,136 - INFO - [The Hindu] Attempt 1/1: Trying with 'selenium_browser' strategy...
2026-06-01 17:47:49,419 - INFO - [The Hindu] Page content loaded.
2026-06-01 17:47:49,634 - INFO - [The Hindu] Success with 'selenium_browser'. Found content (499 words).
2026-06-01 17:47:49,721 - INFO - Saved article: Centre backtracking on draft agreed on May 22: Sonam Wangchuk - The Hindu from The Hindu
2026-06-01 17:47:51,174 - INFO - [The Hindu] Article: https://www.thehindu.com/news/national/bsf-bgb-to-hold-director-general-level-talks-next-week/article71049246.ece
2026-06-01 17:47:51,174 - INFO - [The Hindu] Attempt 1/1: Trying with 'selenium_browser' strategy...
2026-06-01 17:47:52,748 - INFO - [The Hindu] Page content loaded.
2026-06-01 17:47:52,917 - INFO - [The Hindu] Success with 'selenium_browser'. Found content (570 words).
2026-06-01 17:47:53,022 - INFO - Saved article: BSF, BGB to hold Director General-level talks next week - The Hindu from The Hindu
2026-06-01 17:47:54,026 - INFO - [The Hindu] Article: https://www.thehindu.com/news/national/kerala/doctors-in-kochi-perform-heart-transplant-on-48-year-old-malappuram-native/article71049055.ece
2026-06-01 17:47:54,026 - INFO - [The Hindu] Attempt 1/1: Trying with 'selenium_browser' strategy...
2026-06-01 17:47:56,025 - INFO - [The Hindu] Page content loaded.
2026-06-01 17:47:56,125 - INFO - [The Hindu] Success with 'selenium_browser'. Found content (213 words).
2026-06-01 17:47:56,205 - INFO - Saved article: Doctors in Kochi perform heart transplant on 48-year-old from Malappuram - The Hindu from The Hindu
2026-06-01 17:47:56,925 - INFO - [The Hindu] Article: https://www.thehindu.com/news/national/andhra-pradesh/lokesh-highlights-ap-reforms-pitches-visakhapatnam-to-airtrunk/article71048782.ece
2026-06-01 17:47:56,925 - INFO - [The Hindu] Attempt 1/1: Trying with 'selenium_browser' strategy...
2026-06-01 17:47:58,204 - INFO - [The Hindu] Page content loaded.
2026-06-01 17:47:58,378 - INFO - [The Hindu] Success with 'selenium_browser'. Found content (290 words).
2026-06-01 17:47:58,490 - INFO - Saved article: Lokesh highlights A.P. reforms, pitches Visakhapatnam to AirTrunk - The Hindu from The Hindu
2026-06-01 17:47:59,362 - INFO - [The Hindu] Article: https://www.thehindu.com/news/national/karnataka/i-came-to-know-about-my-brothers-death-only-through-google-search-himachal-pradesh-accident-victims-sister/article71048728.ece
2026-06-01 17:47:59,362 - INFO - [The Hindu] Attempt 1/1: Trying with 'selenium_browser' strategy...
2026-06-01 17:48:01,399 - INFO - [The Hindu] Page content loaded.
2026-06-01 17:48:01,649 - INFO - [The Hindu] Success with 'selenium_browser'. Found content (592 words).
2026-06-01 17:48:01,799 - INFO - Saved article: I came to know about my brother’s death only through Google search: Himachal Pradesh accident victim’s sister - The Hindu from The Hindu
2026-06-01 17:48:02,616 - INFO - [The Hindu] Article: https://www.thehindu.com/news/national/karnataka/meeting-with-rahul-for-final-call-on-cabinet-formation-today/article71049772.ece
2026-06-01 17:48:02,616 - INFO - [The Hindu] Attempt 1/1: Trying with 'selenium_browser' strategy...
2026-06-01 17:48:07,265 - INFO - [The Hindu] Page content loaded.
2026-06-01 17:48:07,392 - INFO - [The Hindu] Success with 'selenium_browser'. Found content (529 words).
2026-06-01 17:48:07,463 - INFO - Saved article: Meeting with Rahul for final call on cabinet formation today - The Hindu from The Hindu
2026-06-01 17:48:08,908 - INFO - [The Hindu] Article: https://www.thehindu.com/news/national/supreme-court-seeks-centres-response-on-plea-over-non-compliance-with-disability-panels-recommendations/article71048494.ece
2026-06-01 17:48:08,908 - INFO - [The Hindu] Attempt 1/1: Trying with 'selenium_browser' strategy...
2026-06-01 17:48:10,582 - INFO - [The Hindu] Page content loaded.
2026-06-01 17:48:11,219 - INFO - [The Hindu] Success with 'selenium_browser'. Found content (501 words).
2026-06-01 17:48:11,291 - INFO - Saved article: Supreme Court seeks Centre’s response on plea over non-compliance with disability panels’ recommendations - The Hindu from The Hindu
2026-06-01 17:48:12,056 - INFO - [The Hindu] (Thread) Finished. Attempting to shut down its Selenium driver.
2026-06-01 17:48:12,250 - INFO - [The Hindu] (Thread) driver.quit() successful.
2026-06-01 17:48:12,251 - INFO - Shutting down thread pool (wait=False)...
2026-06-01 17:48:12,251 - INFO - Scraped: 8 BBC, 14 The Guardian, 20 Times of India, 25 The Hindu articles. (Total saved: 67)
2026-06-01 17:48:12,251 - INFO - --- Scraping job finished ---
2026-06-01 17:48:12,256 - INFO - --- Scraper service stopped and database connection closed. ---
2026-06-01 17:48:12,256 - INFO - --- Main thread finished. Forcing process exit to kill zombie threads. ---
