2026-01-08 01:54:47,558 - INFO - Initializing database connection at: news_articles.db
2026-01-08 01:54:47,558 - INFO - --- Scraper service started (CI Mode: Run Once) ---
2026-01-08 01:54:47,558 - INFO - --- Starting new scraping job (Parallel Mode) ---
2026-01-08 01:54:47,558 - INFO - Creating new robust session with 3 retries on 5xx/connection/read errors.
2026-01-08 01:54:47,558 - INFO - Proxy is DISABLED.
2026-01-08 01:54:47,559 - INFO - Starting scrape for BBC RSS feed: http://feeds.bbci.co.uk/news/world/rss.xml
2026-01-08 01:54:47,559 - INFO - [Times of India] (Thread) requires Selenium. Initializing driver...
2026-01-08 01:54:47,559 - INFO - Initializing headless Selenium Chrome driver (using SeleniumManager)...
2026-01-08 01:54:47,562 - INFO - Starting scrape for The Guardian RSS feed: https://www.theguardian.com/world/rss
2026-01-08 01:54:47,563 - INFO - [The Hindu] (Thread) requires Selenium. Initializing driver...
2026-01-08 01:54:47,563 - INFO - Initializing headless Selenium Chrome driver (using SeleniumManager)...
2026-01-08 01:54:47,563 - INFO - Submitted 4 jobs to thread pool. Waiting up to 420s for completion...
2026-01-08 01:54:47,750 - INFO - Found 45 articles in The Guardian RSS feed. Processing up to 25.
2026-01-08 01:54:47,750 - INFO - [The Guardian] Article: https://www.theguardian.com/world/2026/jan/02/anthony-joshuas-driver-charged-with-dangerous-driving-after-fatal-crash-in-nigeria
2026-01-08 01:54:47,751 - INFO - [The Guardian] Attempt 1/1: Trying with 'requests_browser' strategy...
2026-01-08 01:54:47,777 - INFO - [The Guardian] Success with 'requests_browser'. Found content (346 words).
2026-01-08 01:54:47,808 - INFO - Duplicate article skipped: Anthony Joshua’s driver charged with dangerous driving after fatal crash in Nigeria | Anthony Joshua | The Guardian from The Guardian
2026-01-08 01:54:48,041 - INFO - Found 29 articles in BBC RSS feed. Processing up to 25.
2026-01-08 01:54:48,041 - INFO - [BBC] Article: https://www.bbc.com/news/articles/c5y2v8ngl14o?at_medium=RSS&at_campaign=rss
2026-01-08 01:54:48,041 - INFO - [BBC] Attempt 1/1: Trying with 'requests_browser' strategy...
2026-01-08 01:54:48,329 - INFO - [The Guardian] Article: https://www.theguardian.com/science/2026/jan/01/cremation-pyre-in-africa-thought-to-be-worlds-oldest-containing-adult-remains
2026-01-08 01:54:48,329 - INFO - [The Guardian] Attempt 1/1: Trying with 'requests_browser' strategy...
2026-01-08 01:54:48,351 - INFO - [The Guardian] Success with 'requests_browser'. Found content (653 words).
2026-01-08 01:54:48,382 - INFO - Duplicate article skipped: Cremation pyre in Africa thought to be world’s oldest containing adult remains | Anthropology | The Guardian from The Guardian
2026-01-08 01:54:48,559 - INFO - [BBC] Success with 'requests_browser'. Found content (1077 words).
2026-01-08 01:54:48,599 - INFO - Saved article: US seizes two 'ghost fleet' tankers linked to Venezuelan oil from BBC
2026-01-08 01:54:49,484 - INFO - [The Guardian] Article: https://www.theguardian.com/global-development/2026/jan/01/us-aid-cuts-conditions-un-humanitarian-pledge-ocha
2026-01-08 01:54:49,484 - INFO - [The Guardian] Attempt 1/1: Trying with 'requests_browser' strategy...
2026-01-08 01:54:49,507 - INFO - [The Guardian] Success with 'requests_browser'. Found content (631 words).
2026-01-08 01:54:49,539 - INFO - [BBC] Article: https://www.bbc.com/news/articles/cly39pgmvrzo?at_medium=RSS&at_campaign=rss
2026-01-08 01:54:49,539 - INFO - [BBC] Attempt 1/1: Trying with 'requests_browser' strategy...
2026-01-08 01:54:49,540 - INFO - Duplicate article skipped: US ‘adapt, shrink or die’ terms for $2bn aid pot will mean UN bowing down to Washington, say experts | Aid | The Guardian from The Guardian
2026-01-08 01:54:49,579 - INFO - [BBC] Success with 'requests_browser'. Found content (810 words).
2026-01-08 01:54:49,616 - INFO - Saved article: Trump actively discussing potentially buying Greenland, White House says from BBC
2026-01-08 01:54:50,123 - INFO - [The Guardian] Article: https://www.theguardian.com/world/2025/dec/31/guinea-junta-chief-mamady-doumbouya-elected-president-after-opposition-boycott
2026-01-08 01:54:50,123 - INFO - [The Guardian] Attempt 1/1: Trying with 'requests_browser' strategy...
2026-01-08 01:54:50,149 - INFO - [The Guardian] Success with 'requests_browser'. Found content (399 words).
2026-01-08 01:54:50,180 - INFO - Duplicate article skipped: Guinea’s junta chief elected president after opposition boycott | Guinea | The Guardian from The Guardian
2026-01-08 01:54:50,380 - INFO - [BBC] Article: https://www.bbc.com/news/articles/cvgx8w4pgk0o?at_medium=RSS&at_campaign=rss
2026-01-08 01:54:50,380 - INFO - [BBC] Attempt 1/1: Trying with 'requests_browser' strategy...
2026-01-08 01:54:50,414 - INFO - [BBC] Success with 'requests_browser'. Found content (972 words).
2026-01-08 01:54:50,451 - INFO - Saved article: Greenlanders express fear and indignation as Trump eyes territory from BBC
2026-01-08 01:54:51,677 - INFO - [The Guardian] Article: https://www.theguardian.com/world/2025/dec/30/saudi-arabia-uae-tension-future-yemen-boiling-point
2026-01-08 01:54:51,677 - INFO - [The Guardian] Attempt 1/1: Trying with 'requests_browser' strategy...
2026-01-08 01:54:51,723 - INFO - [The Guardian] Success with 'requests_browser'. Found content (932 words).
2026-01-08 01:54:51,764 - INFO - Duplicate article skipped: Tensions between Saudis and Emiratis over future of Yemen reach boiling point | Yemen | The Guardian from The Guardian
2026-01-08 01:54:51,952 - INFO - [BBC] Article: https://www.bbc.com/news/articles/c8e5d9j66l0o?at_medium=RSS&at_campaign=rss
2026-01-08 01:54:51,952 - INFO - [BBC] Attempt 1/1: Trying with 'requests_browser' strategy...
2026-01-08 01:54:51,984 - INFO - [BBC] Success with 'requests_browser'. Found content (813 words).
2026-01-08 01:54:52,019 - INFO - Saved article: Venezuela's interim leader sacks man in charge of Maduro's guard from BBC
2026-01-08 01:54:52,817 - INFO - [The Guardian] Article: https://www.theguardian.com/us-news/live/2026/jan/07/donald-trump-venezuela-greenland-oil-childcare-us-politics-live
2026-01-08 01:54:52,817 - INFO - [The Guardian] Attempt 1/1: Trying with 'requests_browser' strategy...
2026-01-08 01:54:52,888 - INFO - [BBC] Article: https://www.bbc.com/news/articles/cgk8jv4r8nmo?at_medium=RSS&at_campaign=rss
2026-01-08 01:54:52,893 - INFO - [BBC] Attempt 1/1: Trying with 'requests_browser' strategy...
2026-01-08 01:54:53,109 - INFO - [The Guardian] Success with 'requests_browser'. Found content (2070 words).
2026-01-08 01:54:53,195 - INFO - Duplicate article skipped: Democrats slam Trump’s justification for immigration agent killing woman during ICE raid and call for investigation – live | US immigration | The Guardian from The Guardian
2026-01-08 01:54:53,199 - INFO - [BBC] Success with 'requests_browser'. Found content (453 words).
2026-01-08 01:54:53,233 - INFO - Saved article: Russian attacks leave two regions with widespread blackouts, Ukraine says from BBC
2026-01-08 01:54:54,089 - INFO - [The Guardian] Article: https://www.theguardian.com/world/2026/jan/07/russia-submarine-escort-shadow-fleet-tanker-us-sanctions
2026-01-08 01:54:54,089 - INFO - [The Guardian] Attempt 1/1: Trying with 'requests_browser' strategy...
2026-01-08 01:54:54,130 - INFO - [The Guardian] Success with 'requests_browser'. Found content (1050 words).
2026-01-08 01:54:54,174 - INFO - Duplicate article skipped: US seizes Russian-flagged oil tanker in Atlantic after two-week pursuit | US foreign policy | The Guardian from The Guardian
2026-01-08 01:54:54,255 - INFO - [BBC] Article: https://www.bbc.com/news/articles/c86v3y45pyyo?at_medium=RSS&at_campaign=rss
2026-01-08 01:54:54,255 - INFO - [BBC] Attempt 1/1: Trying with 'requests_browser' strategy...
2026-01-08 01:54:54,291 - INFO - [BBC] Success with 'requests_browser'. Found content (464 words).
2026-01-08 01:54:54,325 - INFO - Saved article: Rare mountain gorilla twins born in DR Congo's Virunga National Park from BBC
2026-01-08 01:54:55,282 - INFO - [The Guardian] Article: https://www.theguardian.com/us-news/2026/jan/07/trump-maduro-diosdado-cabello
2026-01-08 01:54:55,282 - INFO - [The Guardian] Attempt 1/1: Trying with 'requests_browser' strategy...
2026-01-08 01:54:55,306 - INFO - [The Guardian] Success with 'requests_browser'. Found content (988 words).
2026-01-08 01:54:55,339 - INFO - Saved article: US reportedly warns Maduro ally Diosdado Cabello he could be next | Venezuela | The Guardian from The Guardian
2026-01-08 01:54:55,359 - INFO - [BBC] Article: https://www.bbc.com/news/articles/cy59k13e7eqo?at_medium=RSS&at_campaign=rss
2026-01-08 01:54:55,359 - INFO - [BBC] Attempt 1/1: Trying with 'requests_browser' strategy...
2026-01-08 01:54:55,389 - INFO - [BBC] Success with 'requests_browser'. Found content (441 words).
2026-01-08 01:54:55,422 - INFO - Saved article: Hundreds of flights cancelled as big freeze grips western Europe from BBC
2026-01-08 01:54:56,388 - INFO - [The Guardian] Article: https://www.theguardian.com/environment/2026/jan/07/us-venezuela-south-america-mineral-wealth-rare-earths-oil
2026-01-08 01:54:56,388 - INFO - [The Guardian] Attempt 1/1: Trying with 'requests_browser' strategy...
2026-01-08 01:54:56,428 - INFO - [The Guardian] Success with 'requests_browser'. Found content (1350 words).
2026-01-08 01:54:56,474 - INFO - Saved article: US attack on Venezuela will decide direction of South America’s vast mineral wealth | Oil | The Guardian from The Guardian
2026-01-08 01:54:56,655 - INFO - [BBC] Article: https://www.bbc.com/news/articles/cvgrpzn6gz4o?at_medium=RSS&at_campaign=rss
2026-01-08 01:54:56,655 - INFO - [BBC] Attempt 1/1: Trying with 'requests_browser' strategy...
2026-01-08 01:54:56,686 - INFO - [BBC] Success with 'requests_browser'. Found content (616 words).
2026-01-08 01:54:56,725 - INFO - Saved article: Berlin outage highlights German vulnerability to sabotage from BBC
2026-01-08 01:54:57,512 - INFO - Selenium driver initialized successfully.
2026-01-08 01:54:57,513 - INFO - Selenium driver initialized successfully.
2026-01-08 01:54:57,513 - INFO - Starting scrape for Times of India RSS feed: https://timesofindia.indiatimes.com/rssfeeds/296589292.cms
2026-01-08 01:54:57,513 - INFO - Starting scrape for The Hindu RSS feed: https://www.thehindu.com/news/national/feeder/default.rss
2026-01-08 01:54:57,749 - INFO - [The Guardian] Article: https://www.theguardian.com/business/2026/jan/07/oil-prices-fall-after-trump-says-venezuela-will-send-up-to-50m-barrels-to-us
2026-01-08 01:54:57,749 - INFO - [The Guardian] Attempt 1/1: Trying with 'requests_browser' strategy...
2026-01-08 01:54:57,774 - INFO - Found 100 articles in The Hindu RSS feed. Processing up to 25.
2026-01-08 01:54:57,774 - INFO - [The Hindu] Article: https://www.thehindu.com/news/national/uttar-pradesh/schoolgirl-gangraped-in-kanpur-youtuber-nabbed-hunt-on-for-cop/article70484968.ece
2026-01-08 01:54:57,774 - INFO - [The Hindu] Attempt 1/1: Trying with 'selenium_browser' strategy...
2026-01-08 01:54:57,795 - INFO - [The Guardian] Success with 'requests_browser'. Found content (1129 words).
2026-01-08 01:54:57,837 - INFO - Duplicate article skipped: Venezuela to continue supplying oil to US ‘indefinitely’, White House says | Oil | The Guardian from The Guardian
2026-01-08 01:54:57,925 - INFO - Found 20 articles in Times of India RSS feed. Processing up to 25.
2026-01-08 01:54:57,925 - INFO - [Times of India] Article: https://timesofindia.indiatimes.com/world/us-streamers/candace-owens-raises-new-questions-about-charlie-kirk-after-revealing-a-never-before-seen-image-with-no-visible-blood/articleshow/126402110.cms
2026-01-08 01:54:57,925 - INFO - [Times of India] Attempt 1/1: Trying with 'selenium_browser' strategy...
2026-01-08 01:54:57,966 - INFO - [BBC] Article: https://www.bbc.com/news/articles/c74weknjzzno?at_medium=RSS&at_campaign=rss
2026-01-08 01:54:57,966 - INFO - [BBC] Attempt 1/1: Trying with 'requests_browser' strategy...
2026-01-08 01:54:58,156 - INFO - [BBC] Success with 'requests_browser'. Found content (278 words).
2026-01-08 01:54:58,193 - INFO - Saved article: Crowds line Saint-Tropez streets for Brigitte Bardot funeral from BBC
2026-01-08 01:54:58,864 - INFO - [The Guardian] Article: https://www.theguardian.com/world/2026/jan/06/papua-new-guinea-internet-starlink-shut-down
2026-01-08 01:54:58,864 - INFO - [The Guardian] Attempt 1/1: Trying with 'requests_browser' strategy...
2026-01-08 01:54:58,895 - INFO - [The Guardian] Success with 'requests_browser'. Found content (558 words).
2026-01-08 01:54:58,945 - INFO - Duplicate article skipped: Anger in Papua New Guinea after Starlink ordered to shut down internet services | Papua New Guinea | The Guardian from The Guardian
2026-01-08 01:54:59,062 - INFO - [BBC] Article: https://www.bbc.com/news/articles/cly9erv6p15o?at_medium=RSS&at_campaign=rss
2026-01-08 01:54:59,062 - INFO - [BBC] Attempt 1/1: Trying with 'requests_browser' strategy...
2026-01-08 01:54:59,108 - INFO - [BBC] Success with 'requests_browser'. Found content (629 words).
2026-01-08 01:54:59,226 - INFO - Saved article: UN rights chief says Israeli policy in West Bank 'resembles apartheid system' from BBC
2026-01-08 01:54:59,969 - INFO - [BBC] Article: https://www.bbc.com/news/articles/c74wexkd598o?at_medium=RSS&at_campaign=rss
2026-01-08 01:54:59,971 - INFO - [BBC] Attempt 1/1: Trying with 'requests_browser' strategy...
2026-01-08 01:55:00,142 - INFO - [BBC] Success with 'requests_browser'. Found content (314 words).
2026-01-08 01:55:00,281 - INFO - Duplicate article skipped: Families shocked Swiss ski bar was not inspected for years before deadly fire from BBC
2026-01-08 01:55:00,420 - INFO - [The Guardian] Article: https://www.theguardian.com/world/2026/jan/06/what-us-action-in-venezuela-means-for-taiwan
2026-01-08 01:55:00,420 - INFO - [The Guardian] Attempt 1/1: Trying with 'requests_browser' strategy...
2026-01-08 01:55:00,492 - INFO - [The Guardian] Success with 'requests_browser'. Found content (938 words).
2026-01-08 01:55:00,570 - INFO - Duplicate article skipped: What does the US raid in Venezuela mean for China’s designs on Taiwan? | Taiwan | The Guardian from The Guardian
2026-01-08 01:55:01,153 - INFO - [The Guardian] Article: https://www.theguardian.com/world/2026/jan/05/venezuela-trump-attack-china-interests-analysis
2026-01-08 01:55:01,153 - INFO - [The Guardian] Attempt 1/1: Trying with 'requests_browser' strategy...
2026-01-08 01:55:01,287 - INFO - [The Guardian] Success with 'requests_browser'. Found content (788 words).
2026-01-08 01:55:01,394 - INFO - [BBC] Article: https://www.bbc.com/news/articles/cy4q8e88n2vo?at_medium=RSS&at_campaign=rss
2026-01-08 01:55:01,395 - INFO - [BBC] Attempt 1/1: Trying with 'requests_browser' strategy...
2026-01-08 01:55:01,524 - INFO - Duplicate article skipped: Trump’s attack leaves China worried about its interests in Venezuela | Venezuela | The Guardian from The Guardian
2026-01-08 01:55:01,666 - INFO - [BBC] Success with 'requests_browser'. Found content (513 words).
2026-01-08 01:55:01,792 - INFO - Saved article: Chen Zhi: Cambodia extradites alleged scam mastermind to China after arrest from BBC
2026-01-08 01:55:01,953 - INFO - [The Hindu] Page content loaded.
2026-01-08 01:55:02,172 - INFO - [The Hindu] Success with 'selenium_browser'. Found content (361 words).
2026-01-08 01:55:02,335 - INFO - Saved article: Schoolgirl gangraped in Kanpur; YouTuber nabbed, hunt on for cop - The Hindu from The Hindu
2026-01-08 01:55:02,370 - INFO - [BBC] Article: https://www.bbc.com/news/articles/cgm4yeexmg2o?at_medium=RSS&at_campaign=rss
2026-01-08 01:55:02,370 - INFO - [BBC] Attempt 1/1: Trying with 'requests_browser' strategy...
2026-01-08 01:55:02,457 - INFO - [BBC] Success with 'requests_browser'. Found content (583 words).
2026-01-08 01:55:02,525 - INFO - Saved article: Zelensky says Ukraine does not have clear security pledge from allies from BBC
2026-01-08 01:55:02,984 - INFO - [The Guardian] Article: https://www.theguardian.com/world/2026/jan/05/giant-bluefin-tuna-sold-record-amount-tokyo-auction-kiyoshi-kimura
2026-01-08 01:55:02,984 - INFO - [The Guardian] Attempt 1/1: Trying with 'requests_browser' strategy...
2026-01-08 01:55:03,162 - INFO - [The Guardian] Success with 'requests_browser'. Found content (266 words).
2026-01-08 01:55:03,256 - INFO - [BBC] Article: https://www.bbc.com/news/articles/cn0y1pnq00qo?at_medium=RSS&at_campaign=rss
2026-01-08 01:55:03,256 - INFO - [BBC] Attempt 1/1: Trying with 'requests_browser' strategy...
2026-01-08 01:55:03,356 - INFO - Duplicate article skipped: 'Tuna King' pays record £2.4m for giant bluefin at Tokyo auction | Japan | The Guardian from The Guardian
2026-01-08 01:55:03,416 - INFO - [The Hindu] Article: https://www.thehindu.com/news/national/andhra-pradesh/kondapalli-railway-station-to-be-developed-with-10-crore/article70482603.ece
2026-01-08 01:55:03,416 - INFO - [The Hindu] Attempt 1/1: Trying with 'selenium_browser' strategy...
2026-01-08 01:55:03,494 - INFO - [BBC] Success with 'requests_browser'. Found content (343 words).
2026-01-08 01:55:03,712 - INFO - Saved article: Aleppo: Thousands flee clashes between Syrian government and Kurdish fighters from BBC
2026-01-08 01:55:04,386 - INFO - [BBC] Article: https://www.bbc.com/news/articles/cew85yeqgewo?at_medium=RSS&at_campaign=rss
2026-01-08 01:55:04,386 - INFO - [BBC] Attempt 1/1: Trying with 'requests_browser' strategy...
2026-01-08 01:55:04,432 - INFO - [BBC] Success with 'requests_browser'. Found content (834 words).
2026-01-08 01:55:04,528 - INFO - [The Guardian] Article: https://www.theguardian.com/environment/2026/jan/05/weather-tracker-arctic-air-grips-europe-winds-corsica
2026-01-08 01:55:04,528 - INFO - [The Guardian] Attempt 1/1: Trying with 'requests_browser' strategy...
2026-01-08 01:55:04,574 - INFO - [The Guardian] Success with 'requests_browser'. Found content (312 words).
2026-01-08 01:55:04,877 - INFO - Saved article: Yemen separatist leader accused of treason as Saudis strike forces from BBC
2026-01-08 01:55:04,881 - INFO - Duplicate article skipped: Weather tracker: Arctic air grips Europe as severe winds batter Corsica | Europe | The Guardian from The Guardian
2026-01-08 01:55:05,419 - INFO - [BBC] Article: https://www.bbc.com/news/articles/clyz4dzyq7po?at_medium=RSS&at_campaign=rss
2026-01-08 01:55:05,419 - INFO - [BBC] Attempt 1/1: Trying with 'requests_browser' strategy...
2026-01-08 01:55:05,531 - INFO - [BBC] Success with 'requests_browser'. Found content (467 words).
2026-01-08 01:55:05,697 - INFO - Duplicate article skipped: Burkina Faso foils plot to assassinate Capt Ibrahim Traoré, says junta from BBC
2026-01-08 01:55:05,949 - INFO - [The Guardian] Article: https://www.theguardian.com/australia-news/2026/jan/08/third-labor-mp-breaks-ranks-to-urge-albanese-to-call-royal-commission-into-bondi-attack-ntwnfb
2026-01-08 01:55:05,949 - INFO - [The Guardian] Attempt 1/1: Trying with 'requests_browser' strategy...
2026-01-08 01:55:06,049 - INFO - [The Guardian] Success with 'requests_browser'. Found content (691 words).
2026-01-08 01:55:06,118 - INFO - Saved article: Third Labor MP breaks ranks to urge Albanese to call royal commission into Bondi attack | Anthony Albanese | The Guardian from The Guardian
2026-01-08 01:55:06,234 - INFO - [The Hindu] Page content loaded.
2026-01-08 01:55:06,540 - INFO - [The Hindu] Success with 'selenium_browser'. Found content (302 words).
2026-01-08 01:55:06,825 - INFO - Saved article: Kondapalli railway station to be developed with ₹10 crore - The Hindu from The Hindu
2026-01-08 01:55:06,874 - INFO - [The Guardian] Article: https://www.theguardian.com/australia-news/live/2026/jan/08/australia-news-live-bluescope-stokes-extreme-weather-heatwave-bushfire-bondi-royal-commission-anthony-albanese-antisemitism-ntwnfb
2026-01-08 01:55:06,874 - INFO - [The Guardian] Attempt 1/1: Trying with 'requests_browser' strategy...
2026-01-08 01:55:06,960 - INFO - [BBC] Article: https://www.bbc.com/news/articles/c0er4qd3115o?at_medium=RSS&at_campaign=rss
2026-01-08 01:55:06,961 - INFO - [BBC] Attempt 1/1: Trying with 'requests_browser' strategy...
2026-01-08 01:55:07,144 - INFO - [BBC] Success with 'requests_browser'. Found content (618 words).
2026-01-08 01:55:07,273 - INFO - Duplicate article skipped: Nobel winner Maria Machado says her coalition should lead Venezuela from BBC
2026-01-08 01:55:07,494 - INFO - [The Guardian] Success with 'requests_browser'. Found content (2492 words).
2026-01-08 01:55:07,701 - INFO - Saved article: Australia news live: Victoria to close public land and campgrounds as state prepares for worst fire risk in six years | Australia news | The Guardian from The Guardian
2026-01-08 01:55:07,873 - INFO - [BBC] Article: https://www.bbc.com/news/articles/c9vxmx4rgr0o?at_medium=RSS&at_campaign=rss
2026-01-08 01:55:07,874 - INFO - [BBC] Attempt 1/1: Trying with 'requests_browser' strategy...
2026-01-08 01:55:07,941 - INFO - [BBC] Success with 'requests_browser'. Found content (445 words).
2026-01-08 01:55:08,032 - INFO - Duplicate article skipped: Abubakar Malami: Nigeria’s former justice minister granted bail from BBC
2026-01-08 01:55:08,328 - INFO - [The Hindu] Article: https://www.thehindu.com/data/us-tariff-impact-india-is-finding-newer-markets-strengthening-old-trade-routes-to-compensate/article70481926.ece
2026-01-08 01:55:08,328 - INFO - [The Hindu] Attempt 1/1: Trying with 'selenium_browser' strategy...
2026-01-08 01:55:08,520 - INFO - [The Guardian] Article: https://www.theguardian.com/australia-news/2026/jan/08/nsw-police-shoot-man-dead-six-hour-siege-ntwnfb
2026-01-08 01:55:08,520 - INFO - [The Guardian] Attempt 1/1: Trying with 'requests_browser' strategy...
2026-01-08 01:55:08,657 - INFO - [The Guardian] Success with 'requests_browser'. Found content (383 words).
2026-01-08 01:55:08,816 - INFO - Saved article: NSW police shoot man dead after mental health check turns into six-hour siege | New South Wales | The Guardian from The Guardian
2026-01-08 01:55:09,314 - INFO - [BBC] Article: https://www.bbc.com/news/articles/c62r6dvpl5ro?at_medium=RSS&at_campaign=rss
2026-01-08 01:55:09,314 - INFO - [BBC] Attempt 1/1: Trying with 'requests_browser' strategy...
2026-01-08 01:55:09,457 - INFO - [BBC] Success with 'requests_browser'. Found content (1528 words).
2026-01-08 01:55:09,526 - INFO - Saved article: Inside the sub-zero lair of the world's most powerful quantum computer from BBC
2026-01-08 01:55:10,052 - INFO - [The Guardian] Article: https://www.theguardian.com/australia-news/2026/jan/08/groups-launch-court-challenge-to-nsw-laws-restricting-protests-after-terror-attacks
2026-01-08 01:55:10,052 - INFO - [The Guardian] Attempt 1/1: Trying with 'requests_browser' strategy...
2026-01-08 01:55:10,127 - INFO - [The Guardian] Success with 'requests_browser'. Found content (516 words).
2026-01-08 01:55:10,206 - INFO - Saved article: NSW protest laws hit by constitutional challenge that claims crackdown restricts free speech | Australia news | The Guardian from The Guardian
2026-01-08 01:55:10,333 - INFO - [BBC] Article: https://www.bbc.com/news/articles/clydprd9kgxo?at_medium=RSS&at_campaign=rss
2026-01-08 01:55:10,333 - INFO - [BBC] Attempt 1/1: Trying with 'requests_browser' strategy...
2026-01-08 01:55:10,450 - INFO - [BBC] Success with 'requests_browser'. Found content (1147 words).
2026-01-08 01:55:10,583 - INFO - Saved article: Rezang La: Bollywood film 120 Bahadur spotlights a forgotten battle from 1962 India-China war from BBC
2026-01-08 01:55:10,967 - INFO - [The Guardian] Article: https://www.theguardian.com/australia-news/2026/jan/08/flu-super-k-australia-highly-infectious-strain
2026-01-08 01:55:10,967 - INFO - [The Guardian] Attempt 1/1: Trying with 'requests_browser' strategy...
2026-01-08 01:55:11,185 - INFO - [The Guardian] Success with 'requests_browser'. Found content (645 words).
2026-01-08 01:55:11,306 - INFO - [BBC] Article: https://www.bbc.com/news/articles/c0q4w1xnv35o?at_medium=RSS&at_campaign=rss
2026-01-08 01:55:11,306 - INFO - [BBC] Attempt 1/1: Trying with 'requests_browser' strategy...
2026-01-08 01:55:11,357 - INFO - [The Hindu] Page content loaded.
2026-01-08 01:55:11,425 - INFO - Saved article: Highly transmissible flu strain Super-K infects more than 2,500 Australians | Health | The Guardian from The Guardian
2026-01-08 01:55:11,460 - INFO - [BBC] Success with 'requests_browser'. Found content (1304 words).
2026-01-08 01:55:11,529 - INFO - Saved article: How could Donald Trump 'take' Greenland? from BBC
2026-01-08 01:55:11,916 - INFO - [The Hindu] Success with 'selenium_browser'. Found content (601 words).
2026-01-08 01:55:12,070 - INFO - Saved article: US tariff impact: India is finding newer markets, strengthening old trade routes to compensate - The Hindu from The Hindu
2026-01-08 01:55:12,167 - INFO - [The Guardian] Article: https://www.theguardian.com/world/live/2026/jan/07/europe-greenland-denmark-us-france-trade-weather-latest-news-updates
2026-01-08 01:55:12,167 - INFO - [The Guardian] Attempt 1/1: Trying with 'requests_browser' strategy...
2026-01-08 01:55:12,538 - INFO - [BBC] Article: https://www.bbc.com/news/articles/c62077l3m7eo?at_medium=RSS&at_campaign=rss
2026-01-08 01:55:12,538 - INFO - [BBC] Attempt 1/1: Trying with 'requests_browser' strategy...
2026-01-08 01:55:12,808 - INFO - [The Hindu] Article: https://www.thehindu.com/news/national/andhra-pradesh/all-set-for-amaravati-avakaya-festival-in-vijayawada-from-january-8/article70483274.ece
2026-01-08 01:55:12,808 - INFO - [The Hindu] Attempt 1/1: Trying with 'selenium_browser' strategy...
2026-01-08 01:55:12,949 - INFO - [BBC] Success with 'requests_browser'. Found content (1013 words).
2026-01-08 01:55:13,268 - INFO - [The Guardian] Success with 'requests_browser'. Found content (3542 words).
2026-01-08 01:55:13,390 - INFO - Saved article: Fear and uncertainty: Venezuelans face up to future without Maduro from BBC
2026-01-08 01:55:13,827 - INFO - Duplicate article skipped: Trump speaks with Petro amid nationwide Colombia protests against US after Venezuela intervention – live | US foreign policy | The Guardian from The Guardian
2026-01-08 01:55:13,901 - INFO - [BBC] Article: https://www.bbc.com/news/articles/cly92dkxqvko?at_medium=RSS&at_campaign=rss
2026-01-08 01:55:13,901 - INFO - [BBC] Attempt 1/1: Trying with 'requests_browser' strategy...
2026-01-08 01:55:13,987 - INFO - [BBC] Success with 'requests_browser'. Found content (1342 words).
2026-01-08 01:55:14,075 - INFO - Duplicate article skipped: Donald Trump's Venezuela risk brings risk to China's plans from BBC
2026-01-08 01:55:14,951 - INFO - [The Guardian] Article: https://www.theguardian.com/world/2026/jan/07/france-and-allies-discuss-possible-response-to-donald-trump-us-invasion-of-greenland
2026-01-08 01:55:14,951 - INFO - [The Guardian] Attempt 1/1: Trying with 'requests_browser' strategy...
2026-01-08 01:55:15,064 - INFO - [The Guardian] Success with 'requests_browser'. Found content (979 words).
2026-01-08 01:55:15,175 - INFO - Duplicate article skipped: Marco Rubio says he will meet Danish officials to discuss Greenland next week | Greenland | The Guardian from The Guardian
2026-01-08 01:55:15,379 - INFO - [BBC] Article: https://www.bbc.com/news/videos/cx2ypz4zjvxo?at_medium=RSS&at_campaign=rss
2026-01-08 01:55:15,379 - INFO - [BBC] Attempt 1/1: Trying with 'requests_browser' strategy...
2026-01-08 01:55:15,412 - INFO - [The Hindu] Page content loaded.
2026-01-08 01:55:15,522 - WARNING - [BBC] FAILED with 'requests_browser' (content was too short: 46 words).
2026-01-08 01:55:15,523 - ERROR - [BBC] All scrape strategies failed for https://www.bbc.com/news/videos/cx2ypz4zjvxo?at_medium=RSS&at_campaign=rss. Falling back to RSS description.
2026-01-08 01:55:15,528 - INFO - Saved article: Watch: Police chief describes how Minneapolis shooting unfolded from BBC
2026-01-08 01:55:15,770 - INFO - [The Hindu] Success with 'selenium_browser'. Found content (371 words).
2026-01-08 01:55:15,884 - INFO - Saved article: All set for Amaravati Avakaya Festival in Vijayawada from January 8 - The Hindu from The Hindu
2026-01-08 01:55:15,921 - INFO - [The Guardian] Article: https://www.theguardian.com/world/2026/jan/07/marinera-seized-tanker-atlantic-us-uk-russia
2026-01-08 01:55:15,922 - INFO - [The Guardian] Attempt 1/1: Trying with 'requests_browser' strategy...
2026-01-08 01:55:15,990 - INFO - [The Guardian] Success with 'requests_browser'. Found content (834 words).
2026-01-08 01:55:16,071 - INFO - Saved article: Reflagged by Russia, spied on by UK, seized by US: why so much interest in a rusty tanker in the Atlantic? | Water transport | The Guardian from The Guardian
2026-01-08 01:55:16,505 - INFO - [The Hindu] Article: https://www.thehindu.com/news/national/karnataka/congress-party-is-not-by-or-for-individuals-priyank-kharge/article70483373.ece
2026-01-08 01:55:16,505 - INFO - [The Hindu] Attempt 1/1: Trying with 'selenium_browser' strategy...
2026-01-08 01:55:16,665 - INFO - [BBC] Article: https://www.bbc.com/news/videos/cx2gm7109rwo?at_medium=RSS&at_campaign=rss
2026-01-08 01:55:16,666 - INFO - [BBC] Attempt 1/1: Trying with 'requests_browser' strategy...
2026-01-08 01:55:16,779 - INFO - [The Guardian] Article: https://www.theguardian.com/uk-news/2026/jan/07/uk-helped-us-seize-russian-flagged-tanker-defence-ministry-says
2026-01-08 01:55:16,779 - INFO - [The Guardian] Attempt 1/1: Trying with 'requests_browser' strategy...
2026-01-08 01:55:16,908 - WARNING - [BBC] FAILED with 'requests_browser' (content was too short: 40 words).
2026-01-08 01:55:16,908 - ERROR - [BBC] All scrape strategies failed for https://www.bbc.com/news/videos/cx2gm7109rwo?at_medium=RSS&at_campaign=rss. Falling back to RSS description.
2026-01-08 01:55:16,915 - INFO - Saved article: Tracking the oil tankers seized by the US from BBC
2026-01-08 01:55:16,921 - INFO - [The Guardian] Success with 'requests_browser'. Found content (714 words).
2026-01-08 01:55:17,009 - INFO - Saved article: UK helped US seize Russian-flagged tanker, defence ministry says | Military | The Guardian from The Guardian
2026-01-08 01:55:17,669 - INFO - [The Guardian] Article: https://www.theguardian.com/world/2026/jan/07/how-is-it-possible-berliners-demand-answers-after-sabotage-causes-blackout
2026-01-08 01:55:17,669 - INFO - [The Guardian] Attempt 1/1: Trying with 'requests_browser' strategy...
2026-01-08 01:55:17,727 - INFO - [The Guardian] Success with 'requests_browser'. Found content (931 words).
2026-01-08 01:55:17,880 - INFO - Saved article: ‘How is it possible?’: Berliners demand answers after sabotage causes blackout | Germany | The Guardian from The Guardian
2026-01-08 01:55:19,323 - INFO - [The Hindu] Page content loaded.
2026-01-08 01:55:19,372 - INFO - [The Hindu] Success with 'selenium_browser'. Found content (235 words).
2026-01-08 01:55:19,424 - INFO - Saved article: Congress party is not by or for individuals: Priyank Kharge - The Hindu from The Hindu
2026-01-08 01:55:20,707 - INFO - [The Hindu] Article: https://www.thehindu.com/news/national/karnataka/karnataka-urges-kerala-governor-to-reject-malayalam-language-bill/article70483397.ece
2026-01-08 01:55:20,707 - INFO - [The Hindu] Attempt 1/1: Trying with 'selenium_browser' strategy...
2026-01-08 01:55:21,318 - INFO - [The Hindu] Page content loaded.
2026-01-08 01:55:21,403 - INFO - [The Hindu] Success with 'selenium_browser'. Found content (539 words).
2026-01-08 01:55:21,511 - INFO - Saved article: Karnataka urges Kerala Governor to reject Malayalam language Bill - The Hindu from The Hindu
2026-01-08 01:55:22,438 - INFO - [The Hindu] Article: https://www.thehindu.com/sci-tech/energy-and-environment/jabarkhet-can-private-reserves-restore-wildlife-and-keep-tourism-gentle/article70480976.ece
2026-01-08 01:55:22,438 - INFO - [The Hindu] Attempt 1/1: Trying with 'selenium_browser' strategy...
2026-01-08 01:55:23,627 - INFO - [The Hindu] Page content loaded.
2026-01-08 01:55:23,728 - INFO - [The Hindu] Success with 'selenium_browser'. Found content (1181 words).
2026-01-08 01:55:23,863 - INFO - Saved article: Jabarkhet: can private reserves restore wildlife and keep tourism gentle? - The Hindu from The Hindu
2026-01-08 01:55:25,222 - INFO - [The Hindu] Article: https://www.thehindu.com/news/national/uttar-pradesh/up-government-cancels-assistant-professor-exam-after-stf-finds-irregularities-malpractice/article70483083.ece
2026-01-08 01:55:25,222 - INFO - [The Hindu] Attempt 1/1: Trying with 'selenium_browser' strategy...
2026-01-08 01:55:26,079 - INFO - [The Hindu] Page content loaded.
2026-01-08 01:55:26,243 - INFO - [The Hindu] Success with 'selenium_browser'. Found content (346 words).
2026-01-08 01:55:26,379 - INFO - Saved article: U.P. government cancels Assistant Professor exam after STF finds irregularities, malpractice - The Hindu from The Hindu
2026-01-08 01:55:27,828 - INFO - [The Hindu] Article: https://www.thehindu.com/news/cities/chennai/fishermen-seek-special-camps-for-updation-of-addresses-in-official-records/article70483586.ece
2026-01-08 01:55:27,828 - INFO - [The Hindu] Attempt 1/1: Trying with 'selenium_browser' strategy...
2026-01-08 01:55:28,662 - INFO - [The Hindu] Page content loaded.
2026-01-08 01:55:28,824 - INFO - [The Hindu] Success with 'selenium_browser'. Found content (369 words).
2026-01-08 01:55:28,895 - INFO - Saved article: Fishermen seek special camps for updation of addresses in official records - The Hindu from The Hindu
2026-01-08 01:55:29,501 - INFO - [The Hindu] Article: https://www.thehindu.com/news/national/west-bengal/tmc-mp-abhishek-banerjeeslamsbjp-over-migrant-workers-ordeal-when-detained-in-maharashtra/article70482583.ece
2026-01-08 01:55:29,501 - INFO - [The Hindu] Attempt 1/1: Trying with 'selenium_browser' strategy...
2026-01-08 01:55:30,153 - INFO - [The Hindu] Page content loaded.
2026-01-08 01:55:30,244 - INFO - [The Hindu] Success with 'selenium_browser'. Found content (270 words).
2026-01-08 01:55:30,348 - INFO - Saved article: TMC MP Abhishek Banerjee slams BJP over migrant workers’ ordeal when detained in Maharashtra - The Hindu from The Hindu
2026-01-08 01:55:31,028 - INFO - [The Hindu] Article: https://www.thehindu.com/news/national/west-bengal/protests-erupt-outside-bengals-health-department-as-asha-workers-demand-pay-hike-benefits/article70482671.ece
2026-01-08 01:55:31,028 - INFO - [The Hindu] Attempt 1/1: Trying with 'selenium_browser' strategy...
2026-01-08 01:55:32,486 - INFO - [The Hindu] Page content loaded.
2026-01-08 01:55:32,705 - INFO - [The Hindu] Success with 'selenium_browser'. Found content (380 words).
2026-01-08 01:55:32,826 - INFO - Saved article: Protests erupt outside Bengal’s health department as ASHA workers demand pay hike, benefits - The Hindu from The Hindu
2026-01-08 01:55:33,747 - INFO - [The Hindu] Article: https://www.thehindu.com/news/cities/chennai/radha-nagar-subway-in-chromepet-finally-opened/article70483707.ece
2026-01-08 01:55:33,747 - INFO - [The Hindu] Attempt 1/1: Trying with 'selenium_browser' strategy...
2026-01-08 01:55:34,591 - INFO - [The Hindu] Page content loaded.
2026-01-08 01:55:34,804 - INFO - [The Hindu] Success with 'selenium_browser'. Found content (319 words).
2026-01-08 01:55:34,907 - INFO - Saved article: Radha Nagar subway in Chromepet finally opened - The Hindu from The Hindu
2026-01-08 01:55:36,067 - INFO - [The Hindu] Article: https://www.thehindu.com/news/national/bihar/bihar-govt-spent-over-3630-crore-on-development-schemes-under-mmkvy-in-five-years-minister/article70482493.ece
2026-01-08 01:55:36,067 - INFO - [The Hindu] Attempt 1/1: Trying with 'selenium_browser' strategy...
2026-01-08 01:55:37,099 - INFO - [The Hindu] Page content loaded.
2026-01-08 01:55:37,222 - INFO - [The Hindu] Success with 'selenium_browser'. Found content (488 words).
2026-01-08 01:55:37,306 - INFO - Saved article: Bihar Govt. spent over ₹3,630 crore on development schemes under MMKVY in five years: Minister - The Hindu from The Hindu
2026-01-08 01:55:38,642 - INFO - [The Hindu] Article: https://www.thehindu.com/news/cities/chennai/chennai-corporation-to-reassess-womens-safety-perceptions-in-citys-public-spaces-and-transport/article70483085.ece
2026-01-08 01:55:38,642 - INFO - [The Hindu] Attempt 1/1: Trying with 'selenium_browser' strategy...
2026-01-08 01:55:39,791 - INFO - [The Hindu] Page content loaded.
2026-01-08 01:55:39,897 - INFO - [The Hindu] Success with 'selenium_browser'. Found content (250 words).
2026-01-08 01:55:39,987 - INFO - Saved article: Chennai Corporation to reassess women’s safety perceptions in city’s public spaces and transport - The Hindu from The Hindu
2026-01-08 01:55:41,390 - INFO - [The Hindu] Article: https://www.thehindu.com/news/national/bihar/cm-nitish-orders-bihar-officials-to-hear-public-grievances-at-their-offices-two-days-a-week/article70482720.ece
2026-01-08 01:55:41,390 - INFO - [The Hindu] Attempt 1/1: Trying with 'selenium_browser' strategy...
2026-01-08 01:55:42,286 - INFO - [The Hindu] Page content loaded.
2026-01-08 01:55:42,372 - INFO - [The Hindu] Success with 'selenium_browser'. Found content (447 words).
2026-01-08 01:55:42,460 - INFO - Saved article: CM Nitish orders Bihar officials to hear public grievances at their offices two days a week - The Hindu from The Hindu
2026-01-08 01:55:43,857 - INFO - [The Hindu] Article: https://www.thehindu.com/education/sastra-university-the-hindu-education-plus-to-organise-webinar-on-research-and-innovation/article70483203.ece
2026-01-08 01:55:43,857 - INFO - [The Hindu] Attempt 1/1: Trying with 'selenium_browser' strategy...
2026-01-08 01:55:44,611 - INFO - [The Hindu] Page content loaded.
2026-01-08 01:55:44,761 - INFO - [The Hindu] Success with 'selenium_browser'. Found content (204 words).
2026-01-08 01:55:44,835 - INFO - Saved article: SASTRA University, The Hindu Education Plus to organise webinar on research and innovation - The Hindu from The Hindu
2026-01-08 01:55:45,692 - INFO - [The Hindu] Article: https://www.thehindu.com/business/vedanta-chairperson-anil-agarwals-son-agnivesh-dies-in-us-at-49/article70484025.ece
2026-01-08 01:55:45,692 - INFO - [The Hindu] Attempt 1/1: Trying with 'selenium_browser' strategy...
2026-01-08 01:55:46,427 - INFO - [The Hindu] Page content loaded.
2026-01-08 01:55:46,622 - INFO - [The Hindu] Success with 'selenium_browser'. Found content (90 words).
2026-01-08 01:55:46,698 - INFO - Saved article: Vedanta chairperson Anil Agarwal's son Agnivesh dies in U.S. at 49 - The Hindu from The Hindu
2026-01-08 01:55:47,968 - INFO - [The Hindu] Article: https://www.thehindu.com/news/national/jharkhand/jharkhand-to-debut-at-world-economic-forum-to-be-held-in-davos/article70482203.ece
2026-01-08 01:55:47,968 - INFO - [The Hindu] Attempt 1/1: Trying with 'selenium_browser' strategy...
2026-01-08 01:55:48,846 - INFO - [The Hindu] Page content loaded.
2026-01-08 01:55:48,912 - INFO - [The Hindu] Success with 'selenium_browser'. Found content (422 words).
2026-01-08 01:55:49,027 - INFO - Saved article: Jharkhand to debut at World Economic Forum to be held in Davos - The Hindu from The Hindu
2026-01-08 01:55:50,447 - INFO - [The Hindu] Article: https://www.thehindu.com/news/national/kerala/sabarimala-pilgrim-killed-three-injured-in-accident/article70483544.ece
2026-01-08 01:55:50,447 - INFO - [The Hindu] Attempt 1/1: Trying with 'selenium_browser' strategy...
2026-01-08 01:55:52,304 - INFO - [The Hindu] Page content loaded.
2026-01-08 01:55:52,389 - INFO - [The Hindu] Success with 'selenium_browser'. Found content (132 words).
2026-01-08 01:55:52,454 - INFO - Saved article: Sabarimala pilgrim killed, three injured in accident - The Hindu from The Hindu
2026-01-08 01:55:53,756 - INFO - [The Hindu] Article: https://www.thehindu.com/news/national/kerala/contractor-fined-110-lakh-for-failure-to-complete-construction-of-houses/article70483362.ece
2026-01-08 01:55:53,756 - INFO - [The Hindu] Attempt 1/1: Trying with 'selenium_browser' strategy...
2026-01-08 01:55:54,425 - INFO - [The Hindu] Page content loaded.
2026-01-08 01:55:54,600 - INFO - [The Hindu] Success with 'selenium_browser'. Found content (397 words).
2026-01-08 01:55:54,702 - INFO - Saved article: Contractor fined ₹1.10 lakh for failure to complete construction of houses - The Hindu from The Hindu
2026-01-08 01:55:55,578 - INFO - [The Hindu] Article: https://www.thehindu.com/news/national/maharashtra/maharashtra-congress-vice-president-dies-hidayatullah-patel-akola/article70483904.ece
2026-01-08 01:55:55,578 - INFO - [The Hindu] Attempt 1/1: Trying with 'selenium_browser' strategy...
2026-01-08 01:55:57,231 - INFO - [The Hindu] Page content loaded.
2026-01-08 01:55:57,285 - INFO - [The Hindu] Success with 'selenium_browser'. Found content (465 words).
2026-01-08 01:55:57,335 - INFO - Saved article: Maharashtra Congress vice-president dies of stab wounds in Akola - The Hindu from The Hindu
2026-01-08 01:55:58,408 - INFO - [The Hindu] Article: https://www.thehindu.com/news/national/andhra-pradesh/divine-connect-through-money-order-prevails-over-digital-currency/article70482843.ece
2026-01-08 01:55:58,408 - INFO - [The Hindu] Attempt 1/1: Trying with 'selenium_browser' strategy...
2026-01-08 01:55:59,041 - INFO - [The Hindu] Page content loaded.
2026-01-08 01:55:59,157 - INFO - [The Hindu] Success with 'selenium_browser'. Found content (435 words).
2026-01-08 01:55:59,243 - INFO - Saved article: ‘Divine connect’ through Money Order prevails over digital currency - The Hindu from The Hindu
2026-01-08 01:55:59,985 - INFO - [The Hindu] Article: https://www.thehindu.com/opinion/op-ed/cash-politics-development-paradox/article70483811.ece
2026-01-08 01:55:59,985 - INFO - [The Hindu] Attempt 1/1: Trying with 'selenium_browser' strategy...
2026-01-08 01:56:01,950 - INFO - [The Hindu] Page content loaded.
2026-01-08 01:56:02,028 - INFO - [The Hindu] Success with 'selenium_browser'. Found content (653 words).
2026-01-08 01:56:02,111 - INFO - Saved article: Cash politics, development paradox - The Hindu from The Hindu
2026-01-08 01:56:03,138 - INFO - [The Hindu] Article: https://www.thehindu.com/news/national/jharkhand/rogue-elephant-kills-13-in-two-days-in-jharkhand-villages/article70483913.ece
2026-01-08 01:56:03,138 - INFO - [The Hindu] Attempt 1/1: Trying with 'selenium_browser' strategy...
2026-01-08 01:56:03,738 - INFO - [The Hindu] Page content loaded.
2026-01-08 01:56:03,889 - INFO - [The Hindu] Success with 'selenium_browser'. Found content (293 words).
2026-01-08 01:56:03,957 - INFO - Saved article: Rogue elephant kills 13 in two days in Jharkhand villages - The Hindu from The Hindu
2026-01-08 01:56:05,292 - INFO - [The Hindu] Article: https://www.thehindu.com/news/national/karnataka/former-mysuru-mayors-attend-mysuru-city-corporation-pre-budget-meeting/article70483099.ece
2026-01-08 01:56:05,292 - INFO - [The Hindu] Attempt 1/1: Trying with 'selenium_browser' strategy...
2026-01-08 01:56:07,273 - INFO - [The Hindu] Page content loaded.
2026-01-08 01:56:07,332 - INFO - [The Hindu] Success with 'selenium_browser'. Found content (166 words).
2026-01-08 01:56:07,405 - INFO - Saved article: Former Mysuru mayors attend Mysuru City Corporation pre-budget meeting - The Hindu from The Hindu
2026-01-08 01:56:08,683 - INFO - [The Hindu] (Thread) Finished. Attempting to shut down its Selenium driver.
2026-01-08 01:56:08,795 - INFO - [The Hindu] (Thread) driver.quit() successful.
2026-01-08 01:56:58,026 - ERROR - [Times of India] Request failed for strategy 'selenium_browser' on URL https://timesofindia.indiatimes.com/world/us-streamers/candace-owens-raises-new-questions-about-charlie-kirk-after-revealing-a-never-before-seen-image-with-no-visible-blood/articleshow/126402110.cms: HTTPConnectionPool(host='localhost', port=60413): Read timed out. (read timeout=120)
2026-01-08 01:56:58,026 - ERROR - [Times of India] All scrape strategies failed for https://timesofindia.indiatimes.com/world/us-streamers/candace-owens-raises-new-questions-about-charlie-kirk-after-revealing-a-never-before-seen-image-with-no-visible-blood/articleshow/126402110.cms. Falling back to RSS description.
2026-01-08 01:56:58,027 - INFO - Saved article: Candace Owens raises new questions about Charlie Kirk after revealing a never before seen image with no visible blood from Times of India
2026-01-08 01:56:59,525 - INFO - [Times of India] Article: https://timesofindia.indiatimes.com/world/us-streamers/is-the-daily-wire-using-candace-owens-past-to-stay-relevant-podcaster-melissa-witte-blasts-the-network-as-a-sad-psycho-ex/articleshow/126404360.cms
2026-01-08 01:56:59,525 - INFO - [Times of India] Attempt 1/1: Trying with 'selenium_browser' strategy...
2026-01-08 01:58:59,608 - ERROR - [Times of India] Request failed for strategy 'selenium_browser' on URL https://timesofindia.indiatimes.com/world/us-streamers/is-the-daily-wire-using-candace-owens-past-to-stay-relevant-podcaster-melissa-witte-blasts-the-network-as-a-sad-psycho-ex/articleshow/126404360.cms: HTTPConnectionPool(host='localhost', port=60413): Read timed out. (read timeout=120)
2026-01-08 01:58:59,608 - ERROR - [Times of India] All scrape strategies failed for https://timesofindia.indiatimes.com/world/us-streamers/is-the-daily-wire-using-candace-owens-past-to-stay-relevant-podcaster-melissa-witte-blasts-the-network-as-a-sad-psycho-ex/articleshow/126404360.cms. Falling back to RSS description.
2026-01-08 01:58:59,610 - INFO - Saved article: Is the Daily Wire using Candace Owens’ past to stay relevant? Podcaster Melissa Witte blasts the network as a “sad, psycho ex” from Times of India
2026-01-08 01:59:00,535 - INFO - [Times of India] Article: https://timesofindia.indiatimes.com/world/us-streamers/clavicular-rejects-mrbeasts-10-offer-refuses-to-go-pr-and-fake-his-personality-for-fame/articleshow/126404417.cms
2026-01-08 01:59:00,535 - INFO - [Times of India] Attempt 1/1: Trying with 'selenium_browser' strategy...
2026-01-08 02:01:00,636 - ERROR - [Times of India] Request failed for strategy 'selenium_browser' on URL https://timesofindia.indiatimes.com/world/us-streamers/clavicular-rejects-mrbeasts-10-offer-refuses-to-go-pr-and-fake-his-personality-for-fame/articleshow/126404417.cms: HTTPConnectionPool(host='localhost', port=60413): Read timed out. (read timeout=120)
2026-01-08 02:01:00,636 - ERROR - [Times of India] All scrape strategies failed for https://timesofindia.indiatimes.com/world/us-streamers/clavicular-rejects-mrbeasts-10-offer-refuses-to-go-pr-and-fake-his-personality-for-fame/articleshow/126404417.cms. Falling back to RSS description.
2026-01-08 02:01:00,638 - INFO - Saved article: Clavicular rejects MrBeast’s 10% offer, refuses to “go PR” and fake his personality for fame from Times of India
2026-01-08 02:01:02,027 - INFO - [Times of India] Article: https://timesofindia.indiatimes.com/world/us-streamers/how-fake-these-people-are-brandon-tatum-blasts-megyn-kelly-over-caution-on-trumps-venezuela-comments-and-us-action/articleshow/126404320.cms
2026-01-08 02:01:02,027 - INFO - [Times of India] Attempt 1/1: Trying with 'selenium_browser' strategy...
2026-01-08 02:01:47,564 - CRITICAL - --- TIMEOUT: 1 scrape jobs did not complete in 420s. ---
2026-01-08 02:01:47,564 - ERROR - A thread has timed out and will be abandoned.
2026-01-08 02:01:47,564 - INFO - Shutting down thread pool (wait=False)...
2026-01-08 02:01:47,564 - INFO - Scraped: 10 The Guardian, 20 BBC, 25 The Hindu, 1 Timed_Out_Jobs articles. (Total saved: 55)
2026-01-08 02:01:47,564 - INFO - --- Scraping job finished ---
2026-01-08 02:01:47,564 - INFO - --- Scraper service stopped and database connection closed. ---
2026-01-08 02:01:47,564 - INFO - --- Main thread finished. Forcing process exit to kill zombie threads. ---
