2026-05-12 03:31:02,057 - INFO - Initializing database connection at: news_articles.db
2026-05-12 03:31:02,058 - INFO - --- Scraper service started (CI Mode: Run Once) ---
2026-05-12 03:31:02,058 - INFO - --- Starting new scraping job (Parallel Mode) ---
2026-05-12 03:31:02,058 - INFO - Creating new robust session with 3 retries on 5xx/connection/read errors.
2026-05-12 03:31:02,058 - INFO - Proxy is DISABLED.
2026-05-12 03:31:02,058 - INFO - Starting scrape for BBC RSS feed: http://feeds.bbci.co.uk/news/world/rss.xml
2026-05-12 03:31:02,059 - INFO - [Times of India] (Thread) requires Selenium. Initializing driver...
2026-05-12 03:31:02,059 - INFO - Initializing headless Selenium Chrome driver (using SeleniumManager)...
2026-05-12 03:31:02,059 - INFO - Starting scrape for The Guardian RSS feed: https://www.theguardian.com/world/rss
2026-05-12 03:31:02,059 - INFO - [The Hindu] (Thread) requires Selenium. Initializing driver...
2026-05-12 03:31:02,059 - INFO - Initializing headless Selenium Chrome driver (using SeleniumManager)...
2026-05-12 03:31:02,060 - INFO - Submitted 4 jobs to thread pool. Waiting up to 420s for completion...
2026-05-12 03:31:02,128 - INFO - Found 47 articles in BBC RSS feed. Processing up to 25.
2026-05-12 03:31:02,128 - INFO - [BBC] Article: https://www.bbc.com/news/articles/cvgznxn18zgo?at_medium=RSS&at_campaign=rss
2026-05-12 03:31:02,128 - INFO - [BBC] Attempt 1/1: Trying with 'requests_browser' strategy...
2026-05-12 03:31:02,246 - INFO - Found 45 articles in The Guardian RSS feed. Processing up to 25.
2026-05-12 03:31:02,246 - INFO - [The Guardian] Article: https://www.theguardian.com/environment/2026/may/11/weather-tracker-us-mexico-heatwave-floods-south-africa
2026-05-12 03:31:02,246 - INFO - [The Guardian] Attempt 1/1: Trying with 'requests_browser' strategy...
2026-05-12 03:31:02,274 - INFO - [BBC] Success with 'requests_browser'. Found content (689 words).
2026-05-12 03:31:02,364 - INFO - [The Guardian] Success with 'requests_browser'. Found content (317 words).
2026-05-12 03:31:02,428 - INFO - Saved article: Trump says Iran ceasefire is on 'massive life support' from BBC
2026-05-12 03:31:02,429 - INFO - Duplicate article skipped: Weather tracker: US and Mexico brace for heatwave as deadly floods hit South Africa | Environment | The Guardian from The Guardian
2026-05-12 03:31:03,067 - INFO - [BBC] Article: https://www.bbc.com/news/articles/ceqprgen1nyo?at_medium=RSS&at_campaign=rss
2026-05-12 03:31:03,067 - INFO - [BBC] Attempt 1/1: Trying with 'requests_browser' strategy...
2026-05-12 03:31:03,116 - INFO - [BBC] Success with 'requests_browser'. Found content (1892 words).
2026-05-12 03:31:03,169 - INFO - Saved article: Trump's visit to China could set relations for many years to come from BBC
2026-05-12 03:31:03,855 - INFO - [The Guardian] Article: https://www.theguardian.com/us-news/2026/may/10/missing-soldier-body-recovered-morocco
2026-05-12 03:31:03,855 - INFO - [The Guardian] Attempt 1/1: Trying with 'requests_browser' strategy...
2026-05-12 03:31:03,919 - INFO - [The Guardian] Success with 'requests_browser'. Found content (139 words).
2026-05-12 03:31:03,953 - INFO - Duplicate article skipped: Body of missing US soldier recovered off coast of Morocco | US military | The Guardian from The Guardian
2026-05-12 03:31:04,128 - INFO - [BBC] Article: https://www.bbc.com/news/articles/cjep78l5835o?at_medium=RSS&at_campaign=rss
2026-05-12 03:31:04,128 - INFO - [BBC] Attempt 1/1: Trying with 'requests_browser' strategy...
2026-05-12 03:31:04,165 - INFO - [BBC] Success with 'requests_browser'. Found content (830 words).
2026-05-12 03:31:04,207 - INFO - Duplicate article skipped: Last passengers leave virus-hit cruise ship as three more test positive from BBC
2026-05-12 03:31:04,814 - INFO - [BBC] Article: https://www.bbc.com/news/articles/cx21669452lo?at_medium=RSS&at_campaign=rss
2026-05-12 03:31:04,814 - INFO - [BBC] Attempt 1/1: Trying with 'requests_browser' strategy...
2026-05-12 03:31:04,848 - INFO - [BBC] Success with 'requests_browser'. Found content (990 words).
2026-05-12 03:31:04,891 - INFO - Saved article: US in closely-guarded talks to open new bases in Greenland from BBC
2026-05-12 03:31:05,447 - INFO - [The Guardian] Article: https://www.theguardian.com/world/2026/may/09/africa-influencers-news-consumption-social-media
2026-05-12 03:31:05,447 - INFO - [The Guardian] Attempt 1/1: Trying with 'requests_browser' strategy...
2026-05-12 03:31:05,523 - INFO - [The Guardian] Success with 'requests_browser'. Found content (1288 words).
2026-05-12 03:31:05,564 - INFO - Duplicate article skipped: ‘Watching us is like watching a cousin’: the online creators reshaping Africa’s news ecosphere | Africa | The Guardian from The Guardian
2026-05-12 03:31:06,242 - INFO - [BBC] Article: https://www.bbc.com/news/articles/c202wp2rl09o?at_medium=RSS&at_campaign=rss
2026-05-12 03:31:06,242 - INFO - [BBC] Attempt 1/1: Trying with 'requests_browser' strategy...
2026-05-12 03:31:06,278 - INFO - [BBC] Success with 'requests_browser'. Found content (625 words).
2026-05-12 03:31:06,321 - INFO - Saved article: EU agrees sanctions on Israeli settlers over West Bank violence from BBC
2026-05-12 03:31:06,417 - INFO - [The Guardian] Article: https://www.theguardian.com/global-development/2026/may/09/guardian-reporter-and-colleagues-detained-and-beaten-by-somali-police
2026-05-12 03:31:06,417 - INFO - [The Guardian] Attempt 1/1: Trying with 'requests_browser' strategy...
2026-05-12 03:31:06,503 - INFO - [The Guardian] Success with 'requests_browser'. Found content (620 words).
2026-05-12 03:31:06,548 - INFO - Duplicate article skipped: Guardian reporter and colleagues detained and beaten by Somali police | Global development | The Guardian from The Guardian
2026-05-12 03:31:07,208 - INFO - Selenium driver initialized successfully.
2026-05-12 03:31:07,208 - INFO - Starting scrape for Times of India RSS feed: https://timesofindia.indiatimes.com/rssfeeds/296589292.cms
2026-05-12 03:31:07,210 - INFO - Selenium driver initialized successfully.
2026-05-12 03:31:07,210 - INFO - Starting scrape for The Hindu RSS feed: https://www.thehindu.com/news/national/feeder/default.rss
2026-05-12 03:31:07,296 - INFO - Found 20 articles in Times of India RSS feed. Processing up to 25.
2026-05-12 03:31:07,296 - INFO - [Times of India] Article: https://timesofindia.indiatimes.com/world/us-streamers/hasanabi-loses-his-cool-on-twitch-after-white-baby-comment-sparks-heated-rant/articleshow/131025909.cms
2026-05-12 03:31:07,296 - INFO - [Times of India] Attempt 1/1: Trying with 'selenium_browser' strategy...
2026-05-12 03:31:07,359 - INFO - Found 60 articles in The Hindu RSS feed. Processing up to 25.
2026-05-12 03:31:07,359 - INFO - [The Hindu] Article: https://www.thehindu.com/news/national/will-hear-trinamool-pleas-on-victory-margins-being-less-than-deleted-votes-in-sir-says-supreme-court/article70965914.ece
2026-05-12 03:31:07,359 - INFO - [The Hindu] Attempt 1/1: Trying with 'selenium_browser' strategy...
2026-05-12 03:31:07,434 - INFO - [BBC] Article: https://www.bbc.com/news/articles/cwy2k7re9jdo?at_medium=RSS&at_campaign=rss
2026-05-12 03:31:07,434 - INFO - [BBC] Attempt 1/1: Trying with 'requests_browser' strategy...
2026-05-12 03:31:07,496 - INFO - [BBC] Success with 'requests_browser'. Found content (1497 words).
2026-05-12 03:31:07,559 - INFO - Saved article: How Keir Starmer's plans are going down in the EU from BBC
2026-05-12 03:31:07,910 - INFO - [The Guardian] Article: https://www.theguardian.com/world/2026/may/07/two-britons-evacuated-hantavirus-hit-ship-improving-hospital
2026-05-12 03:31:07,910 - INFO - [The Guardian] Attempt 1/1: Trying with 'requests_browser' strategy...
2026-05-12 03:31:08,022 - INFO - [The Guardian] Success with 'requests_browser'. Found content (845 words).
2026-05-12 03:31:08,143 - INFO - Duplicate article skipped: Two Britons evacuated from hantavirus-hit ship ‘improving’ in hospital | Hantavirus | The Guardian from The Guardian
2026-05-12 03:31:08,611 - INFO - [BBC] Article: https://www.bbc.com/news/articles/c9369q3g7w7o?at_medium=RSS&at_campaign=rss
2026-05-12 03:31:08,611 - INFO - [BBC] Attempt 1/1: Trying with 'requests_browser' strategy...
2026-05-12 03:31:08,657 - INFO - [BBC] Success with 'requests_browser'. Found content (262 words).
2026-05-12 03:31:08,751 - INFO - Saved article: South African president says he will not step down after impeachment call from BBC
2026-05-12 03:31:09,264 - INFO - [The Guardian] Article: https://www.theguardian.com/world/2026/may/11/drug-gang-attacks-force-hundreds-of-indigenous-families-to-flee-in-mexico
2026-05-12 03:31:09,264 - INFO - [The Guardian] Attempt 1/1: Trying with 'requests_browser' strategy...
2026-05-12 03:31:09,430 - INFO - [BBC] Article: https://www.bbc.com/news/articles/cwy2e9e1g0wo?at_medium=RSS&at_campaign=rss
2026-05-12 03:31:09,430 - INFO - [BBC] Attempt 1/1: Trying with 'requests_browser' strategy...
2026-05-12 03:31:09,468 - INFO - [The Guardian] Success with 'requests_browser'. Found content (533 words).
2026-05-12 03:31:09,964 - INFO - Saved article: Drug gang attacks ‘force hundreds of Indigenous families to flee’ in Mexico | Mexico | The Guardian from The Guardian
2026-05-12 03:31:09,979 - INFO - [BBC] Success with 'requests_browser'. Found content (774 words).
2026-05-12 03:31:10,091 - INFO - Saved article: US cruise ship passengers monitored for hantavirus in Nebraska from BBC
2026-05-12 03:31:10,543 - INFO - [The Hindu] Page content loaded.
2026-05-12 03:31:10,696 - INFO - [The Guardian] Article: https://www.theguardian.com/us-news/2026/may/11/six-people-found-dead-train-car-texas-mexico-border
2026-05-12 03:31:10,696 - INFO - [The Guardian] Attempt 1/1: Trying with 'requests_browser' strategy...
2026-05-12 03:31:11,012 - INFO - [The Guardian] Success with 'requests_browser'. Found content (463 words).
2026-05-12 03:31:11,060 - INFO - [BBC] Article: https://www.bbc.com/news/articles/cz02dkkd9j9o?at_medium=RSS&at_campaign=rss
2026-05-12 03:31:11,060 - INFO - [BBC] Attempt 1/1: Trying with 'requests_browser' strategy...
2026-05-12 03:31:11,357 - INFO - Duplicate article skipped: Six people found dead inside train car at rail yard near Texas-Mexico border | Texas | The Guardian from The Guardian
2026-05-12 03:31:11,367 - INFO - [BBC] Success with 'requests_browser'. Found content (404 words).
2026-05-12 03:31:11,511 - INFO - Duplicate article skipped: Middle East conflict: Increase in sea traffic off South Africa could harm whales, scientists warn from BBC
2026-05-12 03:31:12,382 - INFO - [BBC] Article: https://www.bbc.com/news/articles/cwy2rnyg50zo?at_medium=RSS&at_campaign=rss
2026-05-12 03:31:12,382 - INFO - [BBC] Attempt 1/1: Trying with 'requests_browser' strategy...
2026-05-12 03:31:12,467 - INFO - [BBC] Success with 'requests_browser'. Found content (496 words).
2026-05-12 03:31:12,589 - INFO - [The Guardian] Article: https://www.theguardian.com/us-news/2026/may/11/chicago-teen-kevin-gonzalez-ice-cancer
2026-05-12 03:31:12,589 - INFO - [The Guardian] Attempt 1/1: Trying with 'requests_browser' strategy...
2026-05-12 03:31:12,655 - INFO - Saved article: China should stop hoarding food and fertiliser, says former World Bank chief from BBC
2026-05-12 03:31:12,796 - INFO - [The Guardian] Success with 'requests_browser'. Found content (708 words).
2026-05-12 03:31:12,921 - INFO - Duplicate article skipped: Chicago teen who pushed for parents’ release from ICE custody dies of cancer | US immigration | The Guardian from The Guardian
2026-05-12 03:31:13,435 - INFO - [The Guardian] Article: https://www.theguardian.com/environment/2026/may/11/pfas-seabird-eggs-forever-chemicals
2026-05-12 03:31:13,436 - INFO - [The Guardian] Attempt 1/1: Trying with 'requests_browser' strategy...
2026-05-12 03:31:13,554 - INFO - [The Guardian] Success with 'requests_browser'. Found content (595 words).
2026-05-12 03:31:13,666 - INFO - [BBC] Article: https://www.bbc.com/news/articles/cgmpj0p9k08o?at_medium=RSS&at_campaign=rss
2026-05-12 03:31:13,667 - INFO - [BBC] Attempt 1/1: Trying with 'requests_browser' strategy...
2026-05-12 03:31:13,753 - INFO - Duplicate article skipped: Sharp drop in ‘forever chemicals’ in seabird eggs hailed as win for regulation | Pfas | The Guardian from The Guardian
2026-05-12 03:31:13,918 - INFO - [BBC] Success with 'requests_browser'. Found content (731 words).
2026-05-12 03:31:14,099 - INFO - Duplicate article skipped: Portrait looted by Nazis found in home of Dutch SS leader's descendants from BBC
2026-05-12 03:31:14,283 - INFO - [The Guardian] Article: https://www.theguardian.com/world/2026/may/11/alberta-voter-data-breach-separatists-referendum
2026-05-12 03:31:14,284 - INFO - [The Guardian] Attempt 1/1: Trying with 'requests_browser' strategy...
2026-05-12 03:31:14,509 - INFO - [The Hindu] Success with 'selenium_browser'. Found content (645 words).
2026-05-12 03:31:14,565 - INFO - [The Guardian] Success with 'requests_browser'. Found content (1523 words).
2026-05-12 03:31:14,908 - INFO - Duplicate article skipped: ‘Truly terrifying’: Alberta voter data breach raises fears for Canada’s electoral integrity | Canada | The Guardian from The Guardian
2026-05-12 03:31:14,944 - INFO - Saved article: Will hear Trinamool pleas on victory margins being less than deleted votes in SIR, says Supreme Court - The Hindu from The Hindu
2026-05-12 03:31:15,527 - INFO - [BBC] Article: https://www.bbc.com/news/articles/c4g48ewgz8mo?at_medium=RSS&at_campaign=rss
2026-05-12 03:31:15,527 - INFO - [BBC] Attempt 1/1: Trying with 'requests_browser' strategy...
2026-05-12 03:31:15,733 - INFO - [BBC] Success with 'requests_browser'. Found content (477 words).
2026-05-12 03:31:15,843 - INFO - Duplicate article skipped: Washington press dinner shooting suspect pleads not guilty from BBC
2026-05-12 03:31:15,852 - INFO - [The Hindu] Article: https://www.thehindu.com/business/Industry/tech-industry-follows-well-established-hybrid-work-models-nasscom-in-response-to-pm-modis-call-for-work-from-home/article70966135.ece
2026-05-12 03:31:15,852 - INFO - [The Hindu] Attempt 1/1: Trying with 'selenium_browser' strategy...
2026-05-12 03:31:16,122 - INFO - [The Guardian] Article: https://www.theguardian.com/world/2026/may/12/the-big-questions-hanging-over-the-trump-xi-meeting-in-china
2026-05-12 03:31:16,124 - INFO - [The Guardian] Attempt 1/1: Trying with 'requests_browser' strategy...
2026-05-12 03:31:16,251 - INFO - [The Guardian] Success with 'requests_browser'. Found content (1040 words).
2026-05-12 03:31:16,854 - INFO - [BBC] Article: https://www.bbc.com/news/videos/cgjpg20xgy5o?at_medium=RSS&at_campaign=rss
2026-05-12 03:31:16,854 - INFO - [BBC] Attempt 1/1: Trying with 'requests_browser' strategy...
2026-05-12 03:31:16,980 - WARNING - [BBC] FAILED with 'requests_browser' (content was too short: 61 words).
2026-05-12 03:31:17,335 - ERROR - [BBC] All scrape strategies failed for https://www.bbc.com/news/videos/cgjpg20xgy5o?at_medium=RSS&at_campaign=rss. Falling back to RSS description.
2026-05-12 03:31:17,786 - INFO - Saved article: The big questions hanging over the Trump-Xi meeting in China | China | The Guardian from The Guardian
2026-05-12 03:31:17,797 - INFO - Saved article: Watch: Alaska town sees its last sunset until August from BBC
2026-05-12 03:31:18,481 - INFO - [The Guardian] Article: https://www.theguardian.com/world/2026/may/11/philippine-vice-president-sara-duterte-impeached-ferdinand-marcos-jr-wife
2026-05-12 03:31:18,481 - INFO - [The Guardian] Attempt 1/1: Trying with 'requests_browser' strategy...
2026-05-12 03:31:18,656 - INFO - [BBC] Article: https://www.bbc.com/news/articles/c5yx757w048o?at_medium=RSS&at_campaign=rss
2026-05-12 03:31:18,656 - INFO - [BBC] Attempt 1/1: Trying with 'requests_browser' strategy...
2026-05-12 03:31:18,707 - INFO - [The Guardian] Success with 'requests_browser'. Found content (517 words).
2026-05-12 03:31:19,246 - INFO - [BBC] Success with 'requests_browser'. Found content (577 words).
2026-05-12 03:31:19,296 - INFO - Duplicate article skipped: Philippine presidential hopeful Sara Duterte impeached for second time | Philippines | The Guardian from The Guardian
2026-05-12 03:31:19,516 - INFO - Saved article: Elon Musk and Tim Cook among CEOs expected to accompany Trump on China trip from BBC
2026-05-12 03:31:20,689 - INFO - [The Guardian] Article: https://www.theguardian.com/news/ng-interactive/2026/may/10/tehran-taiwan-trade-donald-trump-xi-jinping-us-china-summit
2026-05-12 03:31:20,691 - INFO - [The Guardian] Attempt 1/1: Trying with 'requests_browser' strategy...
2026-05-12 03:31:20,881 - INFO - [BBC] Article: https://www.bbc.com/news/articles/cr5p85v446ro?at_medium=RSS&at_campaign=rss
2026-05-12 03:31:20,881 - INFO - [BBC] Attempt 1/1: Trying with 'requests_browser' strategy...
2026-05-12 03:31:21,061 - INFO - [The Guardian] Success with 'requests_browser'. Found content (1766 words).
2026-05-12 03:31:21,112 - INFO - [BBC] Success with 'requests_browser'. Found content (473 words).
2026-05-12 03:31:21,445 - INFO - Duplicate article skipped: Tehran, Taiwan, trade … what are the hazards facing Trump on Xi summit tightrope? | World news | The Guardian from The Guardian
2026-05-12 03:31:21,469 - INFO - Duplicate article skipped: Nigerian fishermen feared dead after Chad air strikes on Boko Haram from BBC
2026-05-12 03:31:21,972 - INFO - [The Guardian] Article: https://www.theguardian.com/world/2026/may/09/indonesia-volcano-mount-dukono-search-bodies-recovered
2026-05-12 03:31:21,973 - INFO - [The Guardian] Attempt 1/1: Trying with 'requests_browser' strategy...
2026-05-12 03:31:22,173 - INFO - [The Guardian] Success with 'requests_browser'. Found content (446 words).
2026-05-12 03:31:22,194 - INFO - [BBC] Article: https://www.bbc.com/news/articles/clypgz9e5pmo?at_medium=RSS&at_campaign=rss
2026-05-12 03:31:22,194 - INFO - [BBC] Attempt 1/1: Trying with 'requests_browser' strategy...
2026-05-12 03:31:22,639 - INFO - Duplicate article skipped: Indonesian rescuers retrieve body from Mount Dukono as search continues | Indonesia | The Guardian from The Guardian
2026-05-12 03:31:22,656 - INFO - [BBC] Success with 'requests_browser'. Found content (897 words).
2026-05-12 03:31:22,835 - INFO - Duplicate article skipped: Trump calls Iran response to US proposal to end war 'totally unacceptable' from BBC
2026-05-12 03:31:23,763 - INFO - [The Guardian] Article: https://www.theguardian.com/business/2026/may/08/iran-war-costs-toyota-3bn-prices-materials-soar-sales-fall
2026-05-12 03:31:23,763 - INFO - [The Guardian] Attempt 1/1: Trying with 'requests_browser' strategy...
2026-05-12 03:31:23,888 - INFO - [The Guardian] Success with 'requests_browser'. Found content (419 words).
2026-05-12 03:31:24,003 - INFO - Duplicate article skipped: Iran war costs Toyota £3bn as prices of materials soar and sales fall | Toyota | The Guardian from The Guardian
2026-05-12 03:31:24,034 - INFO - [BBC] Article: https://www.bbc.com/news/articles/cqlp21q4yq4o?at_medium=RSS&at_campaign=rss
2026-05-12 03:31:24,034 - INFO - [BBC] Attempt 1/1: Trying with 'requests_browser' strategy...
2026-05-12 03:31:24,177 - INFO - [BBC] Success with 'requests_browser'. Found content (583 words).
2026-05-12 03:31:24,483 - INFO - Duplicate article skipped: Sara Duterte: Philippines house impeaches VP for a second time from BBC
2026-05-12 03:31:24,910 - INFO - [The Guardian] Article: https://www.theguardian.com/australia-news/live/2026/may/12/budget-2026-live-updates-federal-treasurer-jim-chalmers-speech-time-tonight-latest-news-ntwnfb
2026-05-12 03:31:24,910 - INFO - [The Guardian] Attempt 1/1: Trying with 'requests_browser' strategy...
2026-05-12 03:31:24,988 - INFO - [BBC] Article: https://www.bbc.com/news/articles/cg5pvj5pg51o?at_medium=RSS&at_campaign=rss
2026-05-12 03:31:24,988 - INFO - [BBC] Attempt 1/1: Trying with 'requests_browser' strategy...
2026-05-12 03:31:25,124 - INFO - [BBC] Success with 'requests_browser'. Found content (421 words).
2026-05-12 03:31:25,300 - INFO - Duplicate article skipped: Bosnia's powerful peace envoy quits, with questions over role's future from BBC
2026-05-12 03:31:25,958 - INFO - [The Guardian] Success with 'requests_browser'. Found content (3062 words).
2026-05-12 03:31:26,110 - INFO - [BBC] Article: https://www.bbc.com/news/articles/c1j257w87neo?at_medium=RSS&at_campaign=rss
2026-05-12 03:31:26,110 - INFO - [BBC] Attempt 1/1: Trying with 'requests_browser' strategy...
2026-05-12 03:31:26,310 - INFO - Saved article: News live: Chalmers says housing market ‘not working’ for Australians before budget speech; Canvas hackers agree to destroy stolen data | Australian budget 2026 | The Guardian from The Guardian
2026-05-12 03:31:26,331 - INFO - [BBC] Success with 'requests_browser'. Found content (669 words).
2026-05-12 03:31:26,455 - INFO - Duplicate article skipped: Narges Mohammadi: Ailing Iran Nobel laureate given bail and hospital transfer from BBC
2026-05-12 03:31:27,243 - INFO - [BBC] Article: https://www.bbc.com/news/articles/cjrpnjpl39po?at_medium=RSS&at_campaign=rss
2026-05-12 03:31:27,243 - INFO - [BBC] Attempt 1/1: Trying with 'requests_browser' strategy...
2026-05-12 03:31:27,340 - INFO - [BBC] Success with 'requests_browser'. Found content (838 words).
2026-05-12 03:31:27,514 - INFO - Duplicate article skipped: His father had just been buried. Then West Bank settlers forced him to dig up the body from BBC
2026-05-12 03:31:27,728 - INFO - [The Guardian] Article: https://www.theguardian.com/australia-news/2026/may/12/budget-2026-jim-chalmers-economic-anxieties-one-nation-australia-ntwnfb
2026-05-12 03:31:27,729 - INFO - [The Guardian] Attempt 1/1: Trying with 'requests_browser' strategy...
2026-05-12 03:31:27,979 - INFO - [The Guardian] Success with 'requests_browser'. Found content (679 words).
2026-05-12 03:31:28,117 - INFO - Saved article: Jim Chalmers says budget to address economic anxieties ‘driving’ Australians to One Nation | Australian budget 2026 | The Guardian from The Guardian
2026-05-12 03:31:28,587 - INFO - [BBC] Article: https://www.bbc.com/news/articles/cdjp9vzxlz7o?at_medium=RSS&at_campaign=rss
2026-05-12 03:31:28,588 - INFO - [BBC] Attempt 1/1: Trying with 'requests_browser' strategy...
2026-05-12 03:31:28,649 - INFO - [BBC] Success with 'requests_browser'. Found content (331 words).
2026-05-12 03:31:28,776 - INFO - Duplicate article skipped: Julian Ingram: Police find body believed to be of Australian fugitive from BBC
2026-05-12 03:31:29,307 - INFO - [The Guardian] Article: https://www.theguardian.com/australia-news/2026/may/12/adf-soldier-dies-parachute-training-jervis-bay
2026-05-12 03:31:29,307 - INFO - [The Guardian] Attempt 1/1: Trying with 'requests_browser' strategy...
2026-05-12 03:31:29,394 - INFO - [BBC] Article: https://www.bbc.com/news/articles/c1m2ee3jxvro?at_medium=RSS&at_campaign=rss
2026-05-12 03:31:29,394 - INFO - [BBC] Attempt 1/1: Trying with 'requests_browser' strategy...
2026-05-12 03:31:29,396 - INFO - [The Guardian] Success with 'requests_browser'. Found content (413 words).
2026-05-12 03:31:29,443 - INFO - Saved article: Paratrooper dies after mid-air collision at Jervis Bay – the second training death in two years | Australian military | The Guardian from The Guardian
2026-05-12 03:31:29,473 - INFO - [BBC] Success with 'requests_browser'. Found content (927 words).
2026-05-12 03:31:29,558 - INFO - Duplicate article skipped: Iranian activist tells BBC how fear of war restarting intensifies trauma of repression from BBC
2026-05-12 03:31:30,215 - INFO - [The Guardian] Article: https://www.theguardian.com/world/2026/may/12/difficult-mission-to-repatriate-australian-hantavirus-cruise-passengers-en-route-to-long-perth-quarantine
2026-05-12 03:31:30,215 - INFO - [The Guardian] Attempt 1/1: Trying with 'requests_browser' strategy...
2026-05-12 03:31:30,290 - INFO - [The Guardian] Success with 'requests_browser'. Found content (751 words).
2026-05-12 03:31:30,339 - INFO - Saved article: ‘Difficult’ mission to repatriate Australian hantavirus cruise passengers en route to long Perth quarantine | Hantavirus | The Guardian from The Guardian
2026-05-12 03:31:30,867 - INFO - [BBC] Article: https://www.bbc.com/news/articles/ckgp4ev4yg4o?at_medium=RSS&at_campaign=rss
2026-05-12 03:31:30,867 - INFO - [BBC] Attempt 1/1: Trying with 'requests_browser' strategy...
2026-05-12 03:31:30,900 - INFO - [BBC] Success with 'requests_browser'. Found content (647 words).
2026-05-12 03:31:30,944 - INFO - Duplicate article skipped: Oil price predicted to remain above $100 for rest of year from BBC
2026-05-12 03:31:31,319 - INFO - [The Guardian] Article: https://www.theguardian.com/environment/2026/may/11/supermarket-foods-claiming-to-be-natural-or-sustainable-mostly-just-using-marketing-terms-researchers-find
2026-05-12 03:31:31,319 - INFO - [The Guardian] Attempt 1/1: Trying with 'requests_browser' strategy...
2026-05-12 03:31:31,517 - INFO - [The Guardian] Success with 'requests_browser'. Found content (624 words).
2026-05-12 03:31:31,571 - INFO - Saved article: Supermarket foods claiming to be ‘natural’ or ‘sustainable’ mostly just using marketing terms, researchers find | Food | The Guardian from The Guardian
2026-05-12 03:31:32,308 - INFO - [The Guardian] Article: https://www.theguardian.com/world/2026/may/11/polish-ex-minister-zbigniew-ziobro-flees-hungary-usa
2026-05-12 03:31:32,308 - INFO - [The Guardian] Attempt 1/1: Trying with 'requests_browser' strategy...
2026-05-12 03:31:32,390 - INFO - [The Guardian] Success with 'requests_browser'. Found content (822 words).
2026-05-12 03:31:32,426 - INFO - [BBC] Article: https://www.bbc.com/news/articles/c99l1590kr0o?at_medium=RSS&at_campaign=rss
2026-05-12 03:31:32,430 - INFO - [BBC] Attempt 1/1: Trying with 'requests_browser' strategy...
2026-05-12 03:31:32,431 - INFO - Duplicate article skipped: Poland says it expects US to extradite ex-minister who fled from Hungary | Poland | The Guardian from The Guardian
2026-05-12 03:31:32,465 - INFO - [BBC] Success with 'requests_browser'. Found content (818 words).
2026-05-12 03:31:32,511 - INFO - Duplicate article skipped: Thaksin Shinawatra: Thailand's ex-PM is out of jail, but is his era over? from BBC
2026-05-12 03:31:33,669 - INFO - [BBC] Article: https://www.bbc.com/news/articles/c8r8e2ne1v6o?at_medium=RSS&at_campaign=rss
2026-05-12 03:31:33,669 - INFO - [BBC] Attempt 1/1: Trying with 'requests_browser' strategy...
2026-05-12 03:31:33,699 - INFO - [BBC] Success with 'requests_browser'. Found content (609 words).
2026-05-12 03:31:33,742 - INFO - Duplicate article skipped: Iran war: PM Modi urges Indians to work from home, limit foreign travel from BBC
2026-05-12 03:31:33,783 - INFO - [The Guardian] Article: https://www.theguardian.com/world/live/2026/may/11/ukraine-russia-eu-ministers-brussels-putin-zelenskyy-hantavirus-spain-europe-latest-news-updates
2026-05-12 03:31:33,783 - INFO - [The Guardian] Attempt 1/1: Trying with 'requests_browser' strategy...
2026-05-12 03:31:33,923 - INFO - [The Guardian] Success with 'requests_browser'. Found content (2299 words).
2026-05-12 03:31:34,075 - INFO - Duplicate article skipped: Putin is in a ‘weaker position than ever before’, says EU’s Kallas – as it happened | Europe | The Guardian from The Guardian
2026-05-12 03:31:34,685 - INFO - [The Guardian] Article: https://www.theguardian.com/world/2026/may/11/evacuated-us-and-french-mv-hondius-cruise-ship-passengers-test-positive-for-hantavirus
2026-05-12 03:31:34,685 - INFO - [The Guardian] Attempt 1/1: Trying with 'requests_browser' strategy...
2026-05-12 03:31:34,764 - INFO - [The Guardian] Success with 'requests_browser'. Found content (835 words).
2026-05-12 03:31:34,812 - INFO - Duplicate article skipped: Evacuated US and French MV Hondius passengers test positive for hantavirus | Hantavirus | The Guardian from The Guardian
2026-05-12 03:31:35,925 - INFO - [The Guardian] Article: https://www.theguardian.com/world/2026/may/11/brussels-eu-uk-concession-agricultural-deal-live-animal-exports
2026-05-12 03:31:35,925 - INFO - [The Guardian] Attempt 1/1: Trying with 'requests_browser' strategy...
2026-05-12 03:31:36,017 - INFO - [The Guardian] Success with 'requests_browser'. Found content (765 words).
2026-05-12 03:31:36,069 - INFO - Saved article: EU preparing to offer key concession to UK in new post-Brexit agricultural deal | European Union | The Guardian from The Guardian
2026-05-12 03:31:36,763 - INFO - [The Guardian] Article: https://www.theguardian.com/culture/2026/may/11/royal-opera-house-release-paata-burchuladze-georgian-singer-democracy-protests-tbilisi
2026-05-12 03:31:36,763 - INFO - [The Guardian] Attempt 1/1: Trying with 'requests_browser' strategy...
2026-05-12 03:31:36,816 - INFO - [The Guardian] Success with 'requests_browser'. Found content (739 words).
2026-05-12 03:31:36,863 - INFO - Saved article: Royal Opera House calls for release of Georgian bass singer jailed over democracy protests | Royal Opera House | The Guardian from The Guardian
2026-05-12 03:32:07,346 - ERROR - [Times of India] Request failed for strategy 'selenium_browser' on URL https://timesofindia.indiatimes.com/world/us-streamers/hasanabi-loses-his-cool-on-twitch-after-white-baby-comment-sparks-heated-rant/articleshow/131025909.cms: Message: timeout: Timed out receiving message from renderer: 59.952
  (Session info: chrome=147.0.7727.55)
Stacktrace:
#0 0x56386b3ddb6a <unknown>
#1 0x56386addf265 <unknown>
#2 0x56386adc6b1b <unknown>
#3 0x56386adc6804 <unknown>
#4 0x56386adc454b <unknown>
#5 0x56386adc4ecf <unknown>
#6 0x56386add3e90 <unknown>
#7 0x56386adedc67 <unknown>
#8 0x56386adf479b <unknown>
#9 0x56386adc561f <unknown>
#10 0x56386aded9fd <unknown>
#11 0x56386ae7ac7d <unknown>
#12 0x56386ae255cf <unknown>
#13 0x56386ae26391 <unknown>
#14 0x56386b3a304b <unknown>
#15 0x56386b3a600d <unknown>
#16 0x56386b38f808 <unknown>
#17 0x56386b3a6ba0 <unknown>
#18 0x56386b376280 <unknown>
#19 0x56386b3cadb8 <unknown>
#20 0x56386b3caf88 <unknown>
#21 0x56386b3dc5de <unknown>
#22 0x7f9a57a9caa4 <unknown>
#23 0x7f9a57b29c6c <unknown>

2026-05-12 03:32:07,347 - ERROR - [Times of India] All scrape strategies failed for https://timesofindia.indiatimes.com/world/us-streamers/hasanabi-loses-his-cool-on-twitch-after-white-baby-comment-sparks-heated-rant/articleshow/131025909.cms. Falling back to RSS description.
2026-05-12 03:32:07,350 - INFO - Saved article: HasanAbi loses his cool on Twitch after “white baby” comment sparks heated rant from Times of India
2026-05-12 03:32:08,751 - INFO - [Times of India] Article: https://timesofindia.indiatimes.com/world/us-streamers/before-charlie-was-assassinated-candace-owens-dragged-into-online-conspiracy-storm-involving-charlie-kirk-erika-kirk-and-dan-bilzerian/articleshow/131025887.cms
2026-05-12 03:32:08,751 - INFO - [Times of India] Attempt 1/1: Trying with 'selenium_browser' strategy...
2026-05-12 03:32:09,761 - INFO - [Times of India] Page content loaded.
2026-05-12 03:32:09,927 - INFO - [Times of India] Success with 'selenium_browser'. Found content (490 words).
2026-05-12 03:32:10,017 - INFO - Saved article: "Before Charlie was assassinated....": Candace Owens dragged into online conspiracy storm involving Charlie Kirk, Erika Kirk and Dan Bilzerian - The Times of India from Times of India
2026-05-12 03:32:11,375 - INFO - [Times of India] Article: https://timesofindia.indiatimes.com/world/europe/two-more-passengers-evacuated-from-cruise-ship-test-hantavirus/articleshow/131025964.cms
2026-05-12 03:32:11,375 - INFO - [Times of India] Attempt 1/1: Trying with 'selenium_browser' strategy...
2026-05-12 03:32:12,748 - INFO - [Times of India] Page content loaded.
2026-05-12 03:32:12,911 - INFO - [Times of India] Success with 'selenium_browser'. Found content (370 words).
2026-05-12 03:32:12,988 - INFO - Saved article: Two more passengers evacuated from cruise ship test hantavirus+ - The Times of India from Times of India
2026-05-12 03:32:14,184 - INFO - [Times of India] Article: https://timesofindia.indiatimes.com/world/europe/portrait-looted-by-nazis-found-in-home-of-dutch-ss-leaders-family-art-sleuth/articleshow/131025943.cms
2026-05-12 03:32:14,184 - INFO - [Times of India] Attempt 1/1: Trying with 'selenium_browser' strategy...
2026-05-12 03:32:14,987 - INFO - [Times of India] Page content loaded.
2026-05-12 03:32:15,118 - INFO - [Times of India] Success with 'selenium_browser'. Found content (487 words).
2026-05-12 03:32:15,188 - INFO - Saved article: Portrait looted by Nazis found in home of Dutch SS leader's family: Art sleuth - The Times of India from Times of India
2026-05-12 03:32:15,891 - ERROR - [The Hindu] Request failed for strategy 'selenium_browser' on URL https://www.thehindu.com/business/Industry/tech-industry-follows-well-established-hybrid-work-models-nasscom-in-response-to-pm-modis-call-for-work-from-home/article70966135.ece: Message: timeout: Timed out receiving message from renderer: 59.086
  (Session info: chrome=147.0.7727.55)
Stacktrace:
#0 0x5618e65abb6a <unknown>
#1 0x5618e5fad265 <unknown>
#2 0x5618e5f94b1b <unknown>
#3 0x5618e5f94804 <unknown>
#4 0x5618e5f9254b <unknown>
#5 0x5618e5f92ecf <unknown>
#6 0x5618e5fa1e90 <unknown>
#7 0x5618e5fbbc67 <unknown>
#8 0x5618e5fc279b <unknown>
#9 0x5618e5f9361f <unknown>
#10 0x5618e5fbb9fd <unknown>
#11 0x5618e6048c7d <unknown>
#12 0x5618e5ff35cf <unknown>
#13 0x5618e5ff4391 <unknown>
#14 0x5618e657104b <unknown>
#15 0x5618e657400d <unknown>
#16 0x5618e655d808 <unknown>
#17 0x5618e6574ba0 <unknown>
#18 0x5618e6544280 <unknown>
#19 0x5618e6598db8 <unknown>
#20 0x5618e6598f88 <unknown>
#21 0x5618e65aa5de <unknown>
#22 0x7fe785e9caa4 <unknown>
#23 0x7fe785f29c6c <unknown>

2026-05-12 03:32:15,891 - ERROR - [The Hindu] All scrape strategies failed for https://www.thehindu.com/business/Industry/tech-industry-follows-well-established-hybrid-work-models-nasscom-in-response-to-pm-modis-call-for-work-from-home/article70966135.ece. Falling back to RSS description.
2026-05-12 03:32:15,893 - INFO - Saved article: Tech industry follows well-established hybrid work models: Nasscom in response to PM Modi’s call for work from home from The Hindu
2026-05-12 03:32:16,261 - INFO - [Times of India] Article: https://timesofindia.indiatimes.com/world/uk/keir-starmer-vows-to-bring-uk-eu-closer-amid-exit-calls/articleshow/131025934.cms
2026-05-12 03:32:16,261 - INFO - [Times of India] Attempt 1/1: Trying with 'selenium_browser' strategy...
2026-05-12 03:32:16,880 - INFO - [The Hindu] Article: https://www.thehindu.com/news/national/andhra-pradesh/narasaraopet-mp-seeks-key-railway-projects-for-palnadu-andhra-pradesh/article70968123.ece
2026-05-12 03:32:16,880 - INFO - [The Hindu] Attempt 1/1: Trying with 'selenium_browser' strategy...
2026-05-12 03:32:17,208 - INFO - [Times of India] Page content loaded.
2026-05-12 03:32:17,328 - INFO - [Times of India] Success with 'selenium_browser'. Found content (284 words).
2026-05-12 03:32:17,430 - INFO - Saved article: Keir Starmer vows to bring UK, EU closer amid exit calls - The Times of India from Times of India
2026-05-12 03:32:18,272 - INFO - [The Hindu] Page content loaded.
2026-05-12 03:32:18,508 - INFO - [Times of India] Article: https://timesofindia.indiatimes.com/world/us/google-says-criminal-hackers-used-ai-to-find-software-flaw/articleshow/131025920.cms
2026-05-12 03:32:18,508 - INFO - [Times of India] Attempt 1/1: Trying with 'selenium_browser' strategy...
2026-05-12 03:32:18,681 - INFO - [The Hindu] Success with 'selenium_browser'. Found content (184 words).
2026-05-12 03:32:18,893 - INFO - Saved article: Narasaraopet MP seeks key railway projects for Palnadu, Andhra Pradesh - The Hindu from The Hindu
2026-05-12 03:32:20,252 - INFO - [The Hindu] Article: https://www.thehindu.com/news/national/tamil-nadu/tn-cm-vijay-orders-closure-of-tasmac-shops-located-near-educational-institutions-places-of-worship/article70968144.ece
2026-05-12 03:32:20,252 - INFO - [The Hindu] Attempt 1/1: Trying with 'selenium_browser' strategy...
2026-05-12 03:32:20,945 - INFO - [Times of India] Page content loaded.
2026-05-12 03:32:21,250 - INFO - [Times of India] Success with 'selenium_browser'. Found content (333 words).
2026-05-12 03:32:21,393 - INFO - Saved article: Google says criminal hackers used AI to find software flaw - The Times of India from Times of India
2026-05-12 03:32:22,823 - INFO - [Times of India] Article: https://timesofindia.indiatimes.com/world/us-streamers/french-streamer-princeofparis-allegedly-exposed-after-airbnb-host-interrupts-livestream/articleshow/131023672.cms
2026-05-12 03:32:22,823 - INFO - [Times of India] Attempt 1/1: Trying with 'selenium_browser' strategy...
2026-05-12 03:32:23,061 - INFO - [The Hindu] Page content loaded.
2026-05-12 03:32:24,211 - INFO - [The Hindu] Success with 'selenium_browser'. Found content (83 words).
2026-05-12 03:32:24,349 - INFO - Saved article: T.N. CM Vijay orders closure of TASMAC shops located near educational institutions, places of worship - The Hindu from The Hindu
2026-05-12 03:32:24,923 - INFO - [Times of India] Page content loaded.
2026-05-12 03:32:25,306 - INFO - [Times of India] Success with 'selenium_browser'. Found content (365 words).
2026-05-12 03:32:25,395 - INFO - Saved article: French Streamer Exposed: French streamer PrinceofParis allegedly exposed after Airbnb host interrupts livestream - The Times of India from Times of India
2026-05-12 03:32:25,666 - INFO - [The Hindu] Article: https://www.thehindu.com/news/national/eci-set-to-roll-out-phase-iii-of-sir-in-coming-days-to-cover-22-states-uts/article70967203.ece
2026-05-12 03:32:25,666 - INFO - [The Hindu] Attempt 1/1: Trying with 'selenium_browser' strategy...
2026-05-12 03:32:26,838 - INFO - [Times of India] Article: https://timesofindia.indiatimes.com/world/us-streamers/what-happened-to-nikodem-czyewski-missing-youtuber-found-dead-weeks-later-in-croatia/articleshow/131023453.cms
2026-05-12 03:32:26,838 - INFO - [Times of India] Attempt 1/1: Trying with 'selenium_browser' strategy...
2026-05-12 03:32:27,269 - INFO - [The Hindu] Page content loaded.
2026-05-12 03:32:27,612 - INFO - [The Hindu] Success with 'selenium_browser'. Found content (635 words).
2026-05-12 03:32:27,818 - INFO - Saved article: ECI set to roll out phase III of SIR in ‘coming days’ to cover 22 States, UTs - The Hindu from The Hindu
2026-05-12 03:32:28,878 - INFO - [Times of India] Page content loaded.
2026-05-12 03:32:28,996 - INFO - [Times of India] Success with 'selenium_browser'. Found content (364 words).
2026-05-12 03:32:29,080 - INFO - Saved article: Lil Narcyz: What happened to Nikodem Czyżewski? Missing YouTuber found dead weeks later in Croatia - The Times of India from Times of India
2026-05-12 03:32:29,263 - INFO - [The Hindu] Article: https://www.thehindu.com/news/national/tcs-nashik-case-ncw-flags-toxic-work-culture-zero-posh-compliance/article70966426.ece
2026-05-12 03:32:29,263 - INFO - [The Hindu] Attempt 1/1: Trying with 'selenium_browser' strategy...
2026-05-12 03:32:30,419 - INFO - [Times of India] Article: https://timesofindia.indiatimes.com/world/middle-east/iran-says-ready-to-teach-a-lesson-if-attacked-after-trump-called-tehrans-latest-peace-proposal-piece-of-garbage/articleshow/131023488.cms
2026-05-12 03:32:30,419 - INFO - [Times of India] Attempt 1/1: Trying with 'selenium_browser' strategy...
2026-05-12 03:32:31,092 - INFO - [The Hindu] Page content loaded.
2026-05-12 03:32:31,176 - INFO - [The Hindu] Success with 'selenium_browser'. Found content (101 words).
2026-05-12 03:32:31,294 - INFO - Saved article: TCS Nashik case: NCW flags ‘toxic work culture’, ‘zero POSH compliance’ - The Hindu from The Hindu
2026-05-12 03:32:32,529 - INFO - [The Hindu] Article: https://www.thehindu.com/news/national/tamil-nadu/tamil-nadu-assembly-churning-in-aiadmk-becomes-evident-with-split-over-leader-of-legislature-party-post/article70965873.ece
2026-05-12 03:32:32,529 - INFO - [The Hindu] Attempt 1/1: Trying with 'selenium_browser' strategy...
2026-05-12 03:32:32,814 - INFO - [Times of India] Page content loaded.
2026-05-12 03:32:33,074 - INFO - [Times of India] Success with 'selenium_browser'. Found content (423 words).
2026-05-12 03:32:33,162 - INFO - Saved article: Iran says ready to 'teach a lesson' if attacked after Trump called Tehran's latest peace proposal 'piece of garbage' - The Times of India from Times of India
2026-05-12 03:32:34,483 - INFO - [Times of India] Article: https://timesofindia.indiatimes.com/world/us/donald-trump-seriously-considering-making-venezuela-the-51st-state-of-us/articleshow/131019727.cms
2026-05-12 03:32:34,483 - INFO - [Times of India] Attempt 1/1: Trying with 'selenium_browser' strategy...
2026-05-12 03:32:34,913 - INFO - [The Hindu] Page content loaded.
2026-05-12 03:32:35,244 - INFO - [The Hindu] Success with 'selenium_browser'. Found content (179 words).
2026-05-12 03:32:35,547 - INFO - Duplicate article skipped: Split wide open in AIADMK, MLAs are divided over support to Palaniswami - The Hindu from The Hindu
2026-05-12 03:32:36,109 - INFO - [The Hindu] Article: https://www.thehindu.com/news/national/karnataka/sc-places-sringeri-recount-result-in-abeyance-restores-congress-leader-as-mla-for-now/article70966504.ece
2026-05-12 03:32:36,109 - INFO - [The Hindu] Attempt 1/1: Trying with 'selenium_browser' strategy...
2026-05-12 03:32:36,529 - INFO - [Times of India] Page content loaded.
2026-05-12 03:32:36,752 - INFO - [Times of India] Success with 'selenium_browser'. Found content (410 words).
2026-05-12 03:32:36,926 - INFO - Saved article: Donald Trump 'seriously considering' making Venezuela the 51st state of US - The Times of India from Times of India
2026-05-12 03:32:38,402 - INFO - [Times of India] Article: https://timesofindia.indiatimes.com/world/us/only-favors-indian-origin-candidates-chinese-american-professor-sues-university-in-texas-accuses-hemang-desai-of-bias/articleshow/131023239.cms
2026-05-12 03:32:38,402 - INFO - [Times of India] Attempt 1/1: Trying with 'selenium_browser' strategy...
2026-05-12 03:32:38,708 - INFO - [The Hindu] Page content loaded.
2026-05-12 03:32:38,878 - INFO - [The Hindu] Success with 'selenium_browser'. Found content (80 words).
2026-05-12 03:32:39,005 - INFO - Saved article: Supreme Court places Sringeri recount result in abeyance; restores Congress leader Raje Gowda as MLA for now - The Hindu from The Hindu
2026-05-12 03:32:39,794 - INFO - [The Hindu] Article: https://www.thehindu.com/news/national/pm-modi-gujarat-saving-fuel-cutting-gold-west-asia-crisis/article70966937.ece
2026-05-12 03:32:39,795 - INFO - [The Hindu] Attempt 1/1: Trying with 'selenium_browser' strategy...
2026-05-12 03:32:40,714 - INFO - [Times of India] Page content loaded.
2026-05-12 03:32:40,956 - INFO - [Times of India] Success with 'selenium_browser'. Found content (394 words).
2026-05-12 03:32:41,070 - INFO - Saved article: Only favors Indian-origin candidates: Chinese-American professor sues university in Texas, accuses Hemang Desai of bias - The Times of India from Times of India
2026-05-12 03:32:41,735 - INFO - [Times of India] Article: https://timesofindia.indiatimes.com/world/us-streamers/chudthebuilder-breaks-silence-after-nashville-arrest-and-shocking-fbi-questioning-over-restaurant-dispute/articleshow/131021923.cms
2026-05-12 03:32:41,735 - INFO - [Times of India] Attempt 1/1: Trying with 'selenium_browser' strategy...
2026-05-12 03:32:42,010 - INFO - [The Hindu] Page content loaded.
2026-05-12 03:32:42,379 - INFO - [The Hindu] Success with 'selenium_browser'. Found content (87 words).
2026-05-12 03:32:42,596 - INFO - Saved article: PM repeats call for saving fuel, cutting gold buy; bats for work from home - The Hindu from The Hindu
2026-05-12 03:32:44,005 - INFO - [The Hindu] Article: https://www.thehindu.com/news/national/uttar-pradesh/invaders-couldnt-break-indias-soul-sanatan-prevails-in-its-consciousness-adityanath/article70965339.ece
2026-05-12 03:32:44,005 - INFO - [The Hindu] Attempt 1/1: Trying with 'selenium_browser' strategy...
2026-05-12 03:32:45,416 - INFO - [Times of India] Page content loaded.
2026-05-12 03:32:46,189 - INFO - [The Hindu] Page content loaded.
2026-05-12 03:32:46,193 - INFO - [Times of India] Success with 'selenium_browser'. Found content (455 words).
2026-05-12 03:32:46,454 - INFO - Saved article: ChudTheBuilder breaks silence after Nashville arrest and shocking FBI questioning over restaurant dispute - The Times of India from Times of India
2026-05-12 03:32:47,035 - INFO - [Times of India] Article: https://timesofindia.indiatimes.com/world/rest-of-world/quote-of-the-day-by-german-philosopher-friedrich-nietzsche-i-cannot-believe-in-a-god-who-wants-to-be-praised-all-the-time/articleshow/131022038.cms
2026-05-12 03:32:47,035 - INFO - [Times of India] Attempt 1/1: Trying with 'selenium_browser' strategy...
2026-05-12 03:32:47,246 - INFO - [The Hindu] Success with 'selenium_browser'. Found content (147 words).
2026-05-12 03:32:47,429 - INFO - Saved article: Those who tried to erase Sanatan have turned to dust: Uttar Pradesh CM Yogi Adityanath - The Hindu from The Hindu
2026-05-12 03:32:48,449 - INFO - [The Hindu] Article: https://www.thehindu.com/news/national/himachal-pradesh/himachal-to-link-dc-sp-performance-ratings-to-drug-control-efforts/article70966127.ece
2026-05-12 03:32:48,449 - INFO - [The Hindu] Attempt 1/1: Trying with 'selenium_browser' strategy...
2026-05-12 03:32:49,381 - INFO - [Times of India] Page content loaded.
2026-05-12 03:32:49,613 - INFO - [Times of India] Success with 'selenium_browser'. Found content (1562 words).
2026-05-12 03:32:49,795 - INFO - Saved article: Quote of the day by German philosopher Friedrich Nietzsche: “I cannot believe in a God who wants to be praised all the time” | World News - The Times of India from Times of India
2026-05-12 03:32:50,401 - INFO - [The Hindu] Page content loaded.
2026-05-12 03:32:50,581 - INFO - [The Hindu] Success with 'selenium_browser'. Found content (135 words).
2026-05-12 03:32:50,804 - INFO - Saved article: Himachal to link DC, SP performance ratings to drug control efforts - The Hindu from The Hindu
2026-05-12 03:32:51,227 - INFO - [Times of India] Article: https://timesofindia.indiatimes.com/world/us/crazy-us-denies-opt-extension-citing-police-record-applicant-called-police-after-being-assaulted/articleshow/131021397.cms
2026-05-12 03:32:51,227 - INFO - [Times of India] Attempt 1/1: Trying with 'selenium_browser' strategy...
2026-05-12 03:32:51,883 - INFO - [The Hindu] Article: https://www.thehindu.com/news/national/prosthetic-foot-centre-set-up-in-trinidad-jaishankar-terms-it-gift-of-mobility/article70968110.ece
2026-05-12 03:32:51,883 - INFO - [The Hindu] Attempt 1/1: Trying with 'selenium_browser' strategy...
2026-05-12 03:32:52,995 - INFO - [Times of India] Page content loaded.
2026-05-12 03:32:53,211 - INFO - [Times of India] Success with 'selenium_browser'. Found content (383 words).
2026-05-12 03:32:53,349 - INFO - Saved article: 'Crazy': US denies OPT extension citing police record; applicant called police after being assaulted - The Times of India from Times of India
2026-05-12 03:32:54,364 - INFO - [Times of India] Article: https://timesofindia.indiatimes.com/world/rest-of-world/10-japans-longest-rivers-ranked-from-shinano-to-shimanto/articleshow/131020871.cms
2026-05-12 03:32:54,364 - INFO - [Times of India] Attempt 1/1: Trying with 'selenium_browser' strategy...
2026-05-12 03:32:54,559 - INFO - [The Hindu] Page content loaded.
2026-05-12 03:32:54,709 - INFO - [The Hindu] Success with 'selenium_browser'. Found content (81 words).
2026-05-12 03:32:54,873 - INFO - Saved article: Prosthetic foot centre set up in Trinidad; Jaishankar terms it gift of mobility - The Hindu from The Hindu
2026-05-12 03:32:55,429 - INFO - [The Hindu] Article: https://www.thehindu.com/news/national/telangana/pms-telangana-visit-leaves-a-sour-taste-in-state-bjp/article70967023.ece
2026-05-12 03:32:55,429 - INFO - [The Hindu] Attempt 1/1: Trying with 'selenium_browser' strategy...
2026-05-12 03:32:56,450 - INFO - [Times of India] Page content loaded.
2026-05-12 03:32:57,000 - INFO - [Times of India] Success with 'selenium_browser'. Found content (1273 words).
2026-05-12 03:32:57,172 - INFO - Saved article: 10 Japan’s longest rivers ranked from Shinano to Shimanto | World News - The Times of India from Times of India
2026-05-12 03:32:58,396 - INFO - [Times of India] Article: https://timesofindia.indiatimes.com/world/rest-of-world/worlds-longest-wild-snake-in-indonesia-the-23-foot-baroness-that-stunned-scientists-and-raised-conservation-concerns/articleshow/131020539.cms
2026-05-12 03:32:58,396 - INFO - [Times of India] Attempt 1/1: Trying with 'selenium_browser' strategy...
2026-05-12 03:32:58,447 - INFO - [The Hindu] Page content loaded.
2026-05-12 03:32:59,744 - INFO - [The Hindu] Success with 'selenium_browser'. Found content (106 words).
2026-05-12 03:32:59,980 - INFO - Saved article: PM’s Telangana visit: Did BJP internal wranglings upset Modi? - The Hindu from The Hindu
2026-05-12 03:33:00,846 - INFO - [The Hindu] Article: https://www.thehindu.com/news/national/madhya-pradesh/two-cheetahs-released-into-wild-in-kuno-cm-yadav-says-mp-now-recognised-as-cheetah-state/article70967195.ece
2026-05-12 03:33:00,846 - INFO - [The Hindu] Attempt 1/1: Trying with 'selenium_browser' strategy...
2026-05-12 03:33:00,950 - INFO - [Times of India] Page content loaded.
2026-05-12 03:33:01,288 - INFO - [Times of India] Success with 'selenium_browser'. Found content (665 words).
2026-05-12 03:33:01,397 - INFO - Saved article: World’s longest wild snake in Indonesia: The 23-foot ‘Baroness’ that stunned scientists and raised conservation concerns | World News - The Times of India from Times of India
2026-05-12 03:33:01,954 - INFO - [Times of India] Article: https://timesofindia.indiatimes.com/world/rest-of-world/one-last-wish-why-napoleon-bonaparte-wanted-his-hair-preserved-after-death/articleshow/131019753.cms
2026-05-12 03:33:01,955 - INFO - [Times of India] Attempt 1/1: Trying with 'selenium_browser' strategy...
2026-05-12 03:33:02,289 - INFO - [The Hindu] Page content loaded.
2026-05-12 03:33:02,636 - WARNING - [The Hindu] FAILED with 'selenium_browser' (content was too short: 75 words).
2026-05-12 03:33:02,636 - ERROR - [The Hindu] All scrape strategies failed for https://www.thehindu.com/news/national/madhya-pradesh/two-cheetahs-released-into-wild-in-kuno-cm-yadav-says-mp-now-recognised-as-cheetah-state/article70967195.ece. Falling back to RSS description.
2026-05-12 03:33:02,639 - INFO - Saved article: Two cheetahs released into wild in Kuno; CM Yadav says M.P. now recognised as ‘Cheetah State’ from The Hindu
2026-05-12 03:33:03,335 - INFO - [The Hindu] Article: https://www.thehindu.com/news/national/kerala/kerala-assembly-polls-2026-crisis-over-cm-choice-betrays-congs-lack-of-vision/article70967005.ece
2026-05-12 03:33:03,335 - INFO - [The Hindu] Attempt 1/1: Trying with 'selenium_browser' strategy...
2026-05-12 03:33:04,638 - INFO - [Times of India] Page content loaded.
2026-05-12 03:33:04,838 - INFO - [Times of India] Success with 'selenium_browser'. Found content (467 words).
2026-05-12 03:33:04,905 - INFO - Saved article: ‘One last wish’: Why Napoleon Bonaparte wanted his hair preserved after death | World News - The Times of India from Times of India
2026-05-12 03:33:05,567 - INFO - [Times of India] Article: https://timesofindia.indiatimes.com/world/rest-of-world/stones-of-the-past-7000-year-old-mustatil-monuments-discovered-in-saudi-arabia/articleshow/131019439.cms
2026-05-12 03:33:05,567 - INFO - [Times of India] Attempt 1/1: Trying with 'selenium_browser' strategy...
2026-05-12 03:33:06,961 - INFO - [The Hindu] Page content loaded.
2026-05-12 03:33:07,274 - INFO - [The Hindu] Success with 'selenium_browser'. Found content (161 words).
2026-05-12 03:33:07,399 - INFO - Saved article: Tussle over CM lays bare fault lines in Congress - The Hindu from The Hindu
2026-05-12 03:33:07,421 - INFO - [Times of India] Page content loaded.
2026-05-12 03:33:07,618 - INFO - [Times of India] Success with 'selenium_browser'. Found content (410 words).
2026-05-12 03:33:07,860 - INFO - Saved article: Stones of the past: 7,000-year-old ‘mustatil’ monuments discovered in Saudi Arabia | World News - The Times of India from Times of India
2026-05-12 03:33:08,637 - INFO - [The Hindu] Article: https://www.thehindu.com/opinion/op-ed/the-road-to-deliver-womens-safety/article70967136.ece
2026-05-12 03:33:08,637 - INFO - [The Hindu] Attempt 1/1: Trying with 'selenium_browser' strategy...
2026-05-12 03:33:08,660 - INFO - [Times of India] Article: https://timesofindia.indiatimes.com/world/rest-of-world/6-most-snake-filled-places-around-ontarios-waters/articleshow/131014173.cms
2026-05-12 03:33:08,660 - INFO - [Times of India] Attempt 1/1: Trying with 'selenium_browser' strategy...
2026-05-12 03:33:10,455 - INFO - [Times of India] Page content loaded.
2026-05-12 03:33:10,673 - INFO - [Times of India] Success with 'selenium_browser'. Found content (773 words).
2026-05-12 03:33:10,804 - INFO - Saved article: 6 most snake-filled places around Ontario’s waters | World News - The Times of India from Times of India
2026-05-12 03:33:11,389 - INFO - [The Hindu] Page content loaded.
2026-05-12 03:33:11,501 - INFO - [The Hindu] Success with 'selenium_browser'. Found content (198 words).
2026-05-12 03:33:11,637 - INFO - Saved article: The road to deliver women’s safety - The Hindu from The Hindu
2026-05-12 03:33:11,752 - INFO - [Times of India] Article: https://timesofindia.indiatimes.com/world/rest-of-world/20-year-old-prabhjot-singh-deported-from-canada-after-involvement-in-extortion-related-crimes/articleshow/131018937.cms
2026-05-12 03:33:11,752 - INFO - [Times of India] Attempt 1/1: Trying with 'selenium_browser' strategy...
2026-05-12 03:33:12,248 - INFO - [The Hindu] Article: https://www.thehindu.com/opinion/editorial/belated-warning-on-the-prime-ministers-austerity-appeal/article70965048.ece
2026-05-12 03:33:12,249 - INFO - [The Hindu] Attempt 1/1: Trying with 'selenium_browser' strategy...
2026-05-12 03:33:13,522 - INFO - [Times of India] Page content loaded.
2026-05-12 03:33:13,690 - INFO - [Times of India] Success with 'selenium_browser'. Found content (250 words).
2026-05-12 03:33:13,816 - INFO - Saved article: 20-year-old Prabhjot Singh deported from Canada after involvement in extortion-related crimes - The Times of India from Times of India
2026-05-12 03:33:13,881 - INFO - [The Hindu] Page content loaded.
2026-05-12 03:33:14,010 - INFO - [The Hindu] Success with 'selenium_browser'. Found content (486 words).
2026-05-12 03:33:14,124 - INFO - Saved article: ​Belated warning: On the Prime Minister’s austerity appeal - The Hindu from The Hindu
2026-05-12 03:33:14,529 - INFO - [Times of India] (Thread) Finished. Attempting to shut down its Selenium driver.
2026-05-12 03:33:14,946 - INFO - [Times of India] (Thread) driver.quit() successful.
2026-05-12 03:33:15,193 - INFO - [The Hindu] Article: https://www.thehindu.com/news/national/telangana/telangana-bie-re-releases-admission-schedule-classes-for-inter-first-year-to-begin-from-june-1/article70966898.ece
2026-05-12 03:33:15,193 - INFO - [The Hindu] Attempt 1/1: Trying with 'selenium_browser' strategy...
2026-05-12 03:33:18,690 - INFO - [The Hindu] Page content loaded.
2026-05-12 03:33:18,750 - WARNING - [The Hindu] FAILED with 'selenium_browser' (content was too short: 71 words).
2026-05-12 03:33:18,751 - ERROR - [The Hindu] All scrape strategies failed for https://www.thehindu.com/news/national/telangana/telangana-bie-re-releases-admission-schedule-classes-for-inter-first-year-to-begin-from-june-1/article70966898.ece. Falling back to RSS description.
2026-05-12 03:33:18,752 - INFO - Saved article: Telangana BIE re-releases admission schedule; classes for Inter first year to begin from June 1 from The Hindu
2026-05-12 03:33:19,736 - INFO - [The Hindu] Article: https://www.thehindu.com/news/national/jammu-and-kashmir/jk-cm-abdullah-retracts-statement-on-liquor-in-face-of-growing-criticism/article70966982.ece
2026-05-12 03:33:19,736 - INFO - [The Hindu] Attempt 1/1: Trying with 'selenium_browser' strategy...
2026-05-12 03:33:20,522 - INFO - [The Hindu] Page content loaded.
2026-05-12 03:33:20,587 - INFO - [The Hindu] Success with 'selenium_browser'. Found content (99 words).
2026-05-12 03:33:20,699 - INFO - Saved article: J&K CM Abdullah retracts statement on liquor in face of growing criticism - The Hindu from The Hindu
2026-05-12 03:33:21,340 - INFO - [The Hindu] Article: https://www.thehindu.com/news/national/telangana/education-budget-will-grow-every-year-says-telangana-cm-revanth-reddy/article70966847.ece
2026-05-12 03:33:21,340 - INFO - [The Hindu] Attempt 1/1: Trying with 'selenium_browser' strategy...
2026-05-12 03:33:22,849 - INFO - [The Hindu] Page content loaded.
2026-05-12 03:33:23,036 - INFO - [The Hindu] Success with 'selenium_browser'. Found content (101 words).
2026-05-12 03:33:23,143 - INFO - Saved article: Education Budget will grow every year, says Telangana CM Revanth Reddy - The Hindu from The Hindu
2026-05-12 03:33:23,654 - INFO - [The Hindu] Article: https://www.thehindu.com/news/national/telangana/farmers-take-out-rally-demanding-legal-guarantee-for-msp/article70966635.ece
2026-05-12 03:33:23,655 - INFO - [The Hindu] Attempt 1/1: Trying with 'selenium_browser' strategy...
2026-05-12 03:33:27,143 - INFO - [The Hindu] Page content loaded.
2026-05-12 03:33:27,230 - INFO - [The Hindu] Success with 'selenium_browser'. Found content (82 words).
2026-05-12 03:33:27,291 - INFO - Saved article: Farmers take out rally demanding legal guarantee for MSP - The Hindu from The Hindu
2026-05-12 03:33:28,699 - INFO - [The Hindu] Article: https://www.thehindu.com/news/national/kerala/two-die-in-separate-accidents-in-kochi/article70966179.ece
2026-05-12 03:33:28,699 - INFO - [The Hindu] Attempt 1/1: Trying with 'selenium_browser' strategy...
2026-05-12 03:33:30,229 - INFO - [The Hindu] Page content loaded.
2026-05-12 03:33:30,362 - INFO - [The Hindu] Success with 'selenium_browser'. Found content (106 words).
2026-05-12 03:33:30,450 - INFO - Saved article: Two killed in separate accidents in Kochi - The Hindu from The Hindu
2026-05-12 03:33:31,216 - INFO - [The Hindu] Article: https://www.thehindu.com/news/national/kerala/most-drowning-cases-occur-during-summer-fire-dept/article70965311.ece
2026-05-12 03:33:31,216 - INFO - [The Hindu] Attempt 1/1: Trying with 'selenium_browser' strategy...
2026-05-12 03:33:33,137 - INFO - [The Hindu] Page content loaded.
2026-05-12 03:33:33,229 - INFO - [The Hindu] Success with 'selenium_browser'. Found content (163 words).
2026-05-12 03:33:33,350 - INFO - Saved article: Most drowning cases occur in summer: Fire dept. - The Hindu from The Hindu
2026-05-12 03:33:34,430 - INFO - [The Hindu] Article: https://www.thehindu.com/news/national/kerala/35-injured-after-bus-lorry-collide-in-aluva/article70966025.ece
2026-05-12 03:33:34,430 - INFO - [The Hindu] Attempt 1/1: Trying with 'selenium_browser' strategy...
2026-05-12 03:33:36,717 - INFO - [The Hindu] Page content loaded.
2026-05-12 03:33:36,794 - INFO - [The Hindu] Success with 'selenium_browser'. Found content (134 words).
2026-05-12 03:33:36,892 - INFO - Saved article: 35 injured as bus, lorry collide in Aluva - The Hindu from The Hindu
2026-05-12 03:33:37,519 - INFO - [The Hindu] Article: https://www.thehindu.com/news/national/kerala/csml-tasked-with-dpr-for-model-road-project-in-kochi/article70965301.ece
2026-05-12 03:33:37,519 - INFO - [The Hindu] Attempt 1/1: Trying with 'selenium_browser' strategy...
2026-05-12 03:33:39,801 - INFO - [The Hindu] Page content loaded.
2026-05-12 03:33:39,952 - INFO - [The Hindu] Success with 'selenium_browser'. Found content (147 words).
2026-05-12 03:33:40,045 - INFO - Saved article: CSML tasked with DPR for model road project - The Hindu from The Hindu
2026-05-12 03:33:41,138 - INFO - [The Hindu] (Thread) Finished. Attempting to shut down its Selenium driver.
2026-05-12 03:33:41,387 - INFO - [The Hindu] (Thread) driver.quit() successful.
2026-05-12 03:33:41,387 - INFO - Shutting down thread pool (wait=False)...
2026-05-12 03:33:41,387 - INFO - Scraped: 10 BBC, 9 The Guardian, 20 Times of India, 24 The Hindu articles. (Total saved: 63)
2026-05-12 03:33:41,387 - INFO - --- Scraping job finished ---
2026-05-12 03:33:41,395 - INFO - --- Scraper service stopped and database connection closed. ---
2026-05-12 03:33:41,395 - INFO - --- Main thread finished. Forcing process exit to kill zombie threads. ---
