2026-02-03 02:26:45,540 - INFO - Initializing database connection at: news_articles.db
2026-02-03 02:26:45,540 - INFO - --- Scraper service started (CI Mode: Run Once) ---
2026-02-03 02:26:45,540 - INFO - --- Starting new scraping job (Parallel Mode) ---
2026-02-03 02:26:45,540 - INFO - Creating new robust session with 3 retries on 5xx/connection/read errors.
2026-02-03 02:26:45,540 - INFO - Proxy is DISABLED.
2026-02-03 02:26:45,541 - INFO - Starting scrape for BBC RSS feed: http://feeds.bbci.co.uk/news/world/rss.xml
2026-02-03 02:26:45,541 - INFO - [Times of India] (Thread) requires Selenium. Initializing driver...
2026-02-03 02:26:45,541 - INFO - Initializing headless Selenium Chrome driver (using SeleniumManager)...
2026-02-03 02:26:45,541 - INFO - Starting scrape for The Guardian RSS feed: https://www.theguardian.com/world/rss
2026-02-03 02:26:45,542 - INFO - [The Hindu] (Thread) requires Selenium. Initializing driver...
2026-02-03 02:26:45,542 - INFO - Initializing headless Selenium Chrome driver (using SeleniumManager)...
2026-02-03 02:26:45,542 - INFO - Submitted 4 jobs to thread pool. Waiting up to 420s for completion...
2026-02-03 02:26:45,660 - INFO - Found 45 articles in The Guardian RSS feed. Processing up to 25.
2026-02-03 02:26:45,660 - INFO - [The Guardian] Article: https://www.theguardian.com/world/2026/feb/02/israel-agrees-to-limited-reopening-of-rafah-border-crossing-in-gaza
2026-02-03 02:26:45,660 - INFO - [The Guardian] Attempt 1/1: Trying with 'requests_browser' strategy...
2026-02-03 02:26:45,703 - INFO - [The Guardian] Success with 'requests_browser'. Found content (1130 words).
2026-02-03 02:26:45,751 - INFO - Duplicate article skipped: Handful of sick and wounded Palestinians allowed through Rafah crossing on first day | Gaza | The Guardian from The Guardian
2026-02-03 02:26:45,758 - INFO - Found 25 articles in BBC RSS feed. Processing up to 25.
2026-02-03 02:26:45,758 - INFO - [BBC] Article: https://www.bbc.com/news/articles/crrn44p9r59o?at_medium=RSS&at_campaign=rss
2026-02-03 02:26:45,758 - INFO - [BBC] Attempt 1/1: Trying with 'requests_browser' strategy...
2026-02-03 02:26:45,908 - INFO - [BBC] Success with 'requests_browser'. Found content (635 words).
2026-02-03 02:26:45,958 - INFO - Saved article: Crown Princess Mette-Marit's son arrested for alleged assault before rape trial in Norway from BBC
2026-02-03 02:26:46,874 - INFO - [The Guardian] Article: https://www.theguardian.com/environment/2026/feb/02/weather-tracker-cyclone-fytia-madagascar-floods
2026-02-03 02:26:46,875 - INFO - [The Guardian] Attempt 1/1: Trying with 'requests_browser' strategy...
2026-02-03 02:26:46,902 - INFO - [The Guardian] Success with 'requests_browser'. Found content (389 words).
2026-02-03 02:26:46,936 - INFO - Duplicate article skipped: Weather tracker: Cyclone Fytia in Madagascar kills several people and floods homes | Madagascar | The Guardian from The Guardian
2026-02-03 02:26:47,415 - INFO - [BBC] Article: https://www.bbc.com/news/articles/c20g25w8j0xo?at_medium=RSS&at_campaign=rss
2026-02-03 02:26:47,415 - INFO - [BBC] Attempt 1/1: Trying with 'requests_browser' strategy...
2026-02-03 02:26:47,475 - INFO - [BBC] Success with 'requests_browser'. Found content (1208 words).
2026-02-03 02:26:47,519 - INFO - Duplicate article skipped: Steve Rosenberg on the tightrope of reporting from Russia on Ukraine war from BBC
2026-02-03 02:26:47,924 - INFO - [The Guardian] Article: https://www.theguardian.com/law/2026/feb/02/more-than-100000-civilians-killed-war-crimes-out-of-control-study
2026-02-03 02:26:47,924 - INFO - [The Guardian] Attempt 1/1: Trying with 'requests_browser' strategy...
2026-02-03 02:26:47,950 - INFO - [The Guardian] Success with 'requests_browser'. Found content (732 words).
2026-02-03 02:26:47,986 - INFO - Duplicate article skipped: International law meant to limit effects of war at breaking point, study finds | War crimes | The Guardian from The Guardian
2026-02-03 02:26:48,931 - INFO - [BBC] Article: https://www.bbc.com/news/articles/c99kdjdj9l8o?at_medium=RSS&at_campaign=rss
2026-02-03 02:26:48,931 - INFO - [BBC] Attempt 1/1: Trying with 'requests_browser' strategy...
2026-02-03 02:26:48,975 - INFO - [BBC] Success with 'requests_browser'. Found content (1058 words).
2026-02-03 02:26:48,983 - INFO - [The Guardian] Article: https://www.theguardian.com/world/2026/jan/30/more-than-200-killed-in-coltan-mine-collapse-in-eastern-drc-officials-say
2026-02-03 02:26:48,983 - INFO - [The Guardian] Attempt 1/1: Trying with 'requests_browser' strategy...
2026-02-03 02:26:49,018 - INFO - Duplicate article skipped: Gaza: Israel reopens key Rafah border crossing with Egypt from BBC
2026-02-03 02:26:49,032 - INFO - [The Guardian] Success with 'requests_browser'. Found content (306 words).
2026-02-03 02:26:49,064 - INFO - Duplicate article skipped: More than 200 killed in coltan mine collapse in eastern DRC, officials say | Democratic Republic of the Congo | The Guardian from The Guardian
2026-02-03 02:26:49,752 - INFO - [The Guardian] Article: https://www.theguardian.com/world/2026/jan/30/niger-airport-airbase-attack-islamic-state
2026-02-03 02:26:49,752 - INFO - [The Guardian] Attempt 1/1: Trying with 'requests_browser' strategy...
2026-02-03 02:26:49,787 - INFO - [The Guardian] Success with 'requests_browser'. Found content (455 words).
2026-02-03 02:26:49,807 - INFO - [BBC] Article: https://www.bbc.com/news/articles/cly94qe3yr0o?at_medium=RSS&at_campaign=rss
2026-02-03 02:26:49,807 - INFO - [BBC] Attempt 1/1: Trying with 'requests_browser' strategy...
2026-02-03 02:26:49,834 - INFO - Duplicate article skipped: Islamic State claims attack on international airport and airbase in Niger | Niger | The Guardian from The Guardian
2026-02-03 02:26:49,874 - INFO - [BBC] Success with 'requests_browser'. Found content (635 words).
2026-02-03 02:26:49,937 - INFO - Saved article: Ukraine war: Elon Musk praised after restricting Russian Starlink use from BBC
2026-02-03 02:26:50,750 - INFO - [BBC] Article: https://www.bbc.com/news/articles/c4g3v4pjwgjo?at_medium=RSS&at_campaign=rss
2026-02-03 02:26:50,750 - INFO - [BBC] Attempt 1/1: Trying with 'requests_browser' strategy...
2026-02-03 02:26:50,793 - INFO - [BBC] Success with 'requests_browser'. Found content (395 words).
2026-02-03 02:26:50,832 - INFO - Duplicate article skipped: Kaduna kidnap: Eighty abducted Nigerians return home after escape from BBC
2026-02-03 02:26:50,938 - INFO - [The Guardian] Article: https://www.theguardian.com/world/2026/feb/02/claudia-sheinbaum-mexico-oil-cuba-trump
2026-02-03 02:26:50,938 - INFO - [The Guardian] Attempt 1/1: Trying with 'requests_browser' strategy...
2026-02-03 02:26:50,966 - INFO - [The Guardian] Success with 'requests_browser'. Found content (686 words).
2026-02-03 02:26:51,003 - INFO - Saved article: Mexico’s president pledges to send aid to Cuba despite US efforts to cut oil access | Mexico | The Guardian from The Guardian
2026-02-03 02:26:52,119 - INFO - [BBC] Article: https://www.bbc.com/news/articles/cwy8zqn9571o?at_medium=RSS&at_campaign=rss
2026-02-03 02:26:52,119 - INFO - [BBC] Attempt 1/1: Trying with 'requests_browser' strategy...
2026-02-03 02:26:52,157 - INFO - [BBC] Success with 'requests_browser'. Found content (351 words).
2026-02-03 02:26:52,197 - INFO - Duplicate article skipped: Beijing criticises Dalai Lama Grammy win as 'manipulation' from BBC
2026-02-03 02:26:52,459 - INFO - [The Guardian] Article: https://www.theguardian.com/us-news/2026/feb/02/rightwing-brazilian-influencer-junior-pena-arrested-by-ice
2026-02-03 02:26:52,459 - INFO - [The Guardian] Attempt 1/1: Trying with 'requests_browser' strategy...
2026-02-03 02:26:52,490 - INFO - [The Guardian] Success with 'requests_browser'. Found content (422 words).
2026-02-03 02:26:52,531 - INFO - Saved article: Brazilian influencer who defended US immigration crackdown arrested by ICE | US news | The Guardian from The Guardian
2026-02-03 02:26:53,676 - INFO - [BBC] Article: https://www.bbc.com/news/articles/c98p02yg4jro?at_medium=RSS&at_campaign=rss
2026-02-03 02:26:53,677 - INFO - [BBC] Attempt 1/1: Trying with 'requests_browser' strategy...
2026-02-03 02:26:53,716 - INFO - [BBC] Success with 'requests_browser'. Found content (397 words).
2026-02-03 02:26:53,752 - INFO - Duplicate article skipped: Trump threatens to sue Trevor Noah over Epstein joke at Grammys from BBC
2026-02-03 02:26:53,764 - INFO - [The Guardian] Article: https://www.theguardian.com/world/2026/feb/02/indigenous-views-trump-greenland-push-inuits-arctic
2026-02-03 02:26:53,764 - INFO - [The Guardian] Attempt 1/1: Trying with 'requests_browser' strategy...
2026-02-03 02:26:53,820 - INFO - [The Guardian] Success with 'requests_browser'. Found content (1005 words).
2026-02-03 02:26:53,868 - INFO - Saved article: Trump’s Greenland threats open old wounds for Inuit across Arctic | Greenland | The Guardian from The Guardian
2026-02-03 02:26:54,438 - INFO - [BBC] Article: https://www.bbc.com/news/articles/c5yve1x9zv0o?at_medium=RSS&at_campaign=rss
2026-02-03 02:26:54,438 - INFO - [BBC] Attempt 1/1: Trying with 'requests_browser' strategy...
2026-02-03 02:26:54,479 - INFO - [BBC] Success with 'requests_browser'. Found content (578 words).
2026-02-03 02:26:54,519 - INFO - Saved article: US agrees to drop tariffs after India stops Russian oil purchases from BBC
2026-02-03 02:26:54,950 - INFO - [The Guardian] Article: https://www.theguardian.com/world/2026/feb/02/laura-fernandez-wins-costa-rica-president-latin-america-rightwing
2026-02-03 02:26:54,950 - INFO - [The Guardian] Attempt 1/1: Trying with 'requests_browser' strategy...
2026-02-03 02:26:54,983 - INFO - [The Guardian] Success with 'requests_browser'. Found content (618 words).
2026-02-03 02:26:55,019 - INFO - Saved article: Fernández wins Costa Rican presidency, steering Latin America further right | Costa Rica | The Guardian from The Guardian
2026-02-03 02:26:55,155 - INFO - [BBC] Article: https://www.bbc.com/news/articles/cvgdyj5n3m6o?at_medium=RSS&at_campaign=rss
2026-02-03 02:26:55,156 - INFO - [BBC] Attempt 1/1: Trying with 'requests_browser' strategy...
2026-02-03 02:26:55,189 - INFO - [BBC] Success with 'requests_browser'. Found content (389 words).
2026-02-03 02:26:55,226 - INFO - Duplicate article skipped: Australian woman dies after becoming snagged in ski lift in Japan from BBC
2026-02-03 02:26:55,827 - INFO - Selenium driver initialized successfully.
2026-02-03 02:26:55,827 - INFO - Starting scrape for Times of India RSS feed: https://timesofindia.indiatimes.com/rssfeeds/296589292.cms
2026-02-03 02:26:55,828 - INFO - Selenium driver initialized successfully.
2026-02-03 02:26:55,828 - INFO - Starting scrape for The Hindu RSS feed: https://www.thehindu.com/news/national/feeder/default.rss
2026-02-03 02:26:55,970 - INFO - Found 100 articles in The Hindu RSS feed. Processing up to 25.
2026-02-03 02:26:55,971 - INFO - [The Hindu] Article: https://www.thehindu.com/news/national/centre-has-taken-note-of-water-contamination-incident-in-indore-minister-informs-rajya-sabha/article70585841.ece
2026-02-03 02:26:55,971 - INFO - [The Hindu] Attempt 1/1: Trying with 'selenium_browser' strategy...
2026-02-03 02:26:56,012 - INFO - [The Guardian] Article: https://www.theguardian.com/artanddesign/2026/feb/02/lalo-de-almeida-photographer-journey-through-pantanal-wildfires-brazil
2026-02-03 02:26:56,012 - INFO - [The Guardian] Attempt 1/1: Trying with 'requests_browser' strategy...
2026-02-03 02:26:56,049 - INFO - Found 20 articles in Times of India RSS feed. Processing up to 25.
2026-02-03 02:26:56,049 - INFO - [Times of India] Article: https://timesofindia.indiatimes.com/world/rest-of-world/canadian-nurse-lovedip-sandhu-pleads-guilty-to-55000-drug-fraud-admits-addiction-as-empty-syringes-vials-found-at-quebec-home/articleshow/127873869.cms
2026-02-03 02:26:56,049 - INFO - [Times of India] Attempt 1/1: Trying with 'selenium_browser' strategy...
2026-02-03 02:26:56,056 - INFO - [The Guardian] Success with 'requests_browser'. Found content (1201 words).
2026-02-03 02:26:56,106 - INFO - Duplicate article skipped: ‘Pure apocalypse’: a photographer’s journey through the Pantanal wildfires | Photography | The Guardian from The Guardian
2026-02-03 02:26:56,600 - INFO - [BBC] Article: https://www.bbc.com/news/articles/cx20zkkq54go?at_medium=RSS&at_campaign=rss
2026-02-03 02:26:56,600 - INFO - [BBC] Attempt 1/1: Trying with 'requests_browser' strategy...
2026-02-03 02:26:56,636 - INFO - [BBC] Success with 'requests_browser'. Found content (371 words).
2026-02-03 02:26:56,686 - INFO - Saved article: Geographe Bay: Teen swims hours to save family stranded off Western Australia from BBC
2026-02-03 02:26:57,427 - INFO - [The Guardian] Article: https://www.theguardian.com/business/2026/feb/01/us-uk-eu-australia-critical-minerals-rare-earths-g7-minimum-price
2026-02-03 02:26:57,427 - INFO - [The Guardian] Attempt 1/1: Trying with 'requests_browser' strategy...
2026-02-03 02:26:57,475 - INFO - [The Guardian] Success with 'requests_browser'. Found content (777 words).
2026-02-03 02:26:57,541 - INFO - Duplicate article skipped: US, UK, EU, Australia and more to meet to discuss critical minerals alliance | Mining | The Guardian from The Guardian
2026-02-03 02:26:57,573 - INFO - [BBC] Article: https://www.bbc.com/news/videos/cx20zqw7v9ko?at_medium=RSS&at_campaign=rss
2026-02-03 02:26:57,573 - INFO - [BBC] Attempt 1/1: Trying with 'requests_browser' strategy...
2026-02-03 02:26:57,696 - INFO - [BBC] Success with 'requests_browser'. Found content (116 words).
2026-02-03 02:26:57,949 - INFO - Duplicate article skipped: 'Do you think you're the devil himself?' Epstein questioned in new interview from BBC
2026-02-03 02:26:58,521 - INFO - [The Guardian] Article: https://www.theguardian.com/world/2026/feb/01/living-hell-of-north-koreas-paradise-on-earth-scheme-back-in-spotlight-in-japan
2026-02-03 02:26:58,521 - INFO - [The Guardian] Attempt 1/1: Trying with 'requests_browser' strategy...
2026-02-03 02:26:58,541 - INFO - [BBC] Article: https://www.bbc.com/news/articles/c75x0pk6zkvo?at_medium=RSS&at_campaign=rss
2026-02-03 02:26:58,542 - INFO - [BBC] Attempt 1/1: Trying with 'requests_browser' strategy...
2026-02-03 02:26:58,685 - INFO - [The Guardian] Success with 'requests_browser'. Found content (720 words).
2026-02-03 02:26:58,803 - INFO - [BBC] Success with 'requests_browser'. Found content (369 words).
2026-02-03 02:26:58,837 - INFO - Duplicate article skipped: Living hell of North Korea’s ‘paradise on Earth’ scheme back in spotlight in Japan | North Korea | The Guardian from The Guardian
2026-02-03 02:26:58,931 - INFO - Saved article: Ghana suspends citizenship process for people of African descent from BBC
2026-02-03 02:27:00,022 - INFO - [The Hindu] Page content loaded.
2026-02-03 02:27:00,105 - INFO - [The Hindu] Success with 'selenium_browser'. Found content (423 words).
2026-02-03 02:27:00,214 - INFO - [BBC] Article: https://www.bbc.com/news/articles/cdre7me407yo?at_medium=RSS&at_campaign=rss
2026-02-03 02:27:00,214 - INFO - [BBC] Attempt 1/1: Trying with 'requests_browser' strategy...
2026-02-03 02:27:00,216 - INFO - Saved article: Centre has taken note of water contamination incident in Indore, Minister informs Rajya Sabha - The Hindu from The Hindu
2026-02-03 02:27:00,228 - INFO - [The Guardian] Article: https://www.theguardian.com/world/2026/jan/31/starmer-hopes-his-china-trip-will-begin-the-thaw-after-recent-ice-age
2026-02-03 02:27:00,228 - INFO - [The Guardian] Attempt 1/1: Trying with 'requests_browser' strategy...
2026-02-03 02:27:00,319 - INFO - [BBC] Success with 'requests_browser'. Found content (586 words).
2026-02-03 02:27:00,323 - INFO - [The Guardian] Success with 'requests_browser'. Found content (772 words).
2026-02-03 02:27:00,526 - INFO - Duplicate article skipped: Laura Fernández: Conservative candidate wins Costa Rica presidential election from BBC
2026-02-03 02:27:00,560 - INFO - Duplicate article skipped: Starmer hopes his China trip will begin the thaw after recent ice age | China | The Guardian from The Guardian
2026-02-03 02:27:01,577 - INFO - [The Guardian] Article: https://www.theguardian.com/politics/live/2026/jan/30/donald-trump-keir-starmer-china-uk-us-trade-deals-tariffs-latest-news
2026-02-03 02:27:01,578 - INFO - [The Guardian] Attempt 1/1: Trying with 'requests_browser' strategy...
2026-02-03 02:27:01,694 - INFO - [BBC] Article: https://www.bbc.com/news/articles/ce3epxznyzzo?at_medium=RSS&at_campaign=rss
2026-02-03 02:27:01,695 - INFO - [BBC] Attempt 1/1: Trying with 'requests_browser' strategy...
2026-02-03 02:27:01,697 - INFO - [The Hindu] Article: https://www.thehindu.com/news/national/madhya-pradesh/madhya-pradesh-cough-syrup-deaths-four-year-old-dies-months-after-being-in-coma-in-aiims-nagpur/article70585095.ece
2026-02-03 02:27:01,697 - INFO - [The Hindu] Attempt 1/1: Trying with 'selenium_browser' strategy...
2026-02-03 02:27:01,891 - INFO - [BBC] Success with 'requests_browser'. Found content (1643 words).
2026-02-03 02:27:02,360 - INFO - Saved article: Makoko demolitions: Shanties in Lagos Lagoon in Nigeria bulldozed and burnt from BBC
2026-02-03 02:27:03,084 - INFO - [The Guardian] Success with 'requests_browser'. Found content (2983 words).
2026-02-03 02:27:03,594 - INFO - Duplicate article skipped: UK politics: Starmer shrugs off Trump’s criticism of ‘very dangerous’ deal with China – as it happened | UK news | The Guardian from The Guardian
2026-02-03 02:27:03,659 - INFO - [BBC] Article: https://www.bbc.com/news/articles/cj0n3j16p8lo?at_medium=RSS&at_campaign=rss
2026-02-03 02:27:03,660 - INFO - [BBC] Attempt 1/1: Trying with 'requests_browser' strategy...
2026-02-03 02:27:04,209 - INFO - [BBC] Success with 'requests_browser'. Found content (1697 words).
2026-02-03 02:27:04,427 - INFO - Duplicate article skipped: Syria’s only woman minister Hind Kabawat on challenges of rebuilding from BBC
2026-02-03 02:27:04,794 - INFO - [The Guardian] Article: https://www.theguardian.com/world/2026/jan/30/china-lifts-sanctions-british-mps-peers
2026-02-03 02:27:04,795 - INFO - [The Guardian] Attempt 1/1: Trying with 'requests_browser' strategy...
2026-02-03 02:27:04,896 - INFO - [The Guardian] Success with 'requests_browser'. Found content (815 words).
2026-02-03 02:27:05,058 - INFO - Duplicate article skipped: China has lifted sanctions from six serving British MPs and peers, Starmer says | China | The Guardian from The Guardian
2026-02-03 02:27:05,472 - INFO - [BBC] Article: https://www.bbc.com/news/articles/cqj2kyp29l7o?at_medium=RSS&at_campaign=rss
2026-02-03 02:27:05,472 - INFO - [BBC] Attempt 1/1: Trying with 'requests_browser' strategy...
2026-02-03 02:27:05,680 - INFO - [BBC] Success with 'requests_browser'. Found content (697 words).
2026-02-03 02:27:06,014 - INFO - [The Guardian] Article: https://www.theguardian.com/australia-news/live/2026/feb/03/australia-politics-live-anthony-albanese-sussan-ley-labor-liberal-coalition-nationals-rba-interest-rates-decision-cost-of-living-leadership-spill-ntwnfb
2026-02-03 02:27:06,014 - INFO - [The Guardian] Attempt 1/1: Trying with 'requests_browser' strategy...
2026-02-03 02:27:06,059 - INFO - Duplicate article skipped: Grammys red carpet: Chappell Roan, Lady Gaga, Sabrina Carpenter and Olivia Dean from BBC
2026-02-03 02:27:06,441 - INFO - [The Guardian] Success with 'requests_browser'. Found content (2019 words).
2026-02-03 02:27:06,658 - INFO - Saved article: Australia politics live: Liberals accuse Labor of trying to dodge scrutiny with move to reduce opposition questions in parliament | Australia news | The Guardian from The Guardian
2026-02-03 02:27:07,175 - INFO - [The Guardian] Article: https://www.theguardian.com/australia-news/2026/feb/03/boy-swims-four-hours-rescue-family-western-australia
2026-02-03 02:27:07,175 - INFO - [The Guardian] Attempt 1/1: Trying with 'requests_browser' strategy...
2026-02-03 02:27:07,462 - INFO - [BBC] Article: https://www.bbc.com/news/articles/cew8qzdxnnjo?at_medium=RSS&at_campaign=rss
2026-02-03 02:27:07,462 - INFO - [BBC] Attempt 1/1: Trying with 'requests_browser' strategy...
2026-02-03 02:27:07,597 - INFO - [The Guardian] Success with 'requests_browser'. Found content (356 words).
2026-02-03 02:27:07,971 - INFO - [BBC] Success with 'requests_browser'. Found content (985 words).
2026-02-03 02:27:08,115 - INFO - Saved article: Boy swims four hours through rough seas to save mother and siblings off Western Australia | Western Australia | The Guardian from The Guardian
2026-02-03 02:27:08,442 - INFO - Duplicate article skipped: Starbucks bets on robots to brew a turnaround and win customers from BBC
2026-02-03 02:27:08,645 - INFO - [The Hindu] Page content loaded.
2026-02-03 02:27:08,869 - INFO - [The Guardian] Article: https://www.theguardian.com/australia-news/2026/feb/03/nationals-coalition-backbench
2026-02-03 02:27:08,869 - INFO - [The Guardian] Attempt 1/1: Trying with 'requests_browser' strategy...
2026-02-03 02:27:09,212 - INFO - [The Hindu] Success with 'selenium_browser'. Found content (416 words).
2026-02-03 02:27:09,523 - INFO - Saved article: Madhya Pradesh cough syrup deaths: Four-year-old dies months after being in coma in AIIMS Nagpur - The Hindu from The Hindu
2026-02-03 02:27:09,529 - INFO - [The Guardian] Success with 'requests_browser'. Found content (541 words).
2026-02-03 02:27:09,659 - INFO - Saved article: Nationals who defied shadow cabinet would sit on backbench for six months under Coalition peace deal | Coalition | The Guardian from The Guardian
2026-02-03 02:27:09,898 - INFO - [BBC] Article: https://www.bbc.com/news/articles/ckglwnrx437o?at_medium=RSS&at_campaign=rss
2026-02-03 02:27:09,898 - INFO - [BBC] Attempt 1/1: Trying with 'requests_browser' strategy...
2026-02-03 02:27:10,073 - INFO - [BBC] Success with 'requests_browser'. Found content (1241 words).
2026-02-03 02:27:10,190 - INFO - [The Hindu] Article: https://www.thehindu.com/news/national/tamil-nadu/stalin-inaugurates-eco-park-in-sipcot-siruseri-navalur-lake/article70582464.ece
2026-02-03 02:27:10,190 - INFO - [The Hindu] Attempt 1/1: Trying with 'selenium_browser' strategy...
2026-02-03 02:27:10,210 - INFO - Duplicate article skipped: Burkina Faso, Mali and Niger have turned to Russia. Now the US wants to engage from BBC
2026-02-03 02:27:10,537 - INFO - [The Guardian] Article: https://www.theguardian.com/australia-news/2026/feb/03/pauline-hanson-free-flight-gina-rinehart-hancock-ntwnfb
2026-02-03 02:27:10,537 - INFO - [The Guardian] Attempt 1/1: Trying with 'requests_browser' strategy...
2026-02-03 02:27:10,747 - INFO - [The Guardian] Success with 'requests_browser'. Found content (763 words).
2026-02-03 02:27:10,876 - INFO - Saved article: Pauline Hanson failed to declare another flight from billionaire Gina Rinehart’s company | Pauline Hanson | The Guardian from The Guardian
2026-02-03 02:27:11,353 - INFO - [BBC] Article: https://www.bbc.com/news/articles/cy8p27vmyvmo?at_medium=RSS&at_campaign=rss
2026-02-03 02:27:11,353 - INFO - [BBC] Attempt 1/1: Trying with 'requests_browser' strategy...
2026-02-03 02:27:11,454 - INFO - [The Guardian] Article: https://www.theguardian.com/australia-news/2026/feb/03/coalition-chaos-has-handed-albanese-a-gift-but-hell-need-much-more-for-the-testing-times-ahead
2026-02-03 02:27:11,454 - INFO - [The Guardian] Attempt 1/1: Trying with 'requests_browser' strategy...
2026-02-03 02:27:11,510 - INFO - [BBC] Success with 'requests_browser'. Found content (941 words).
2026-02-03 02:27:11,705 - INFO - [The Guardian] Success with 'requests_browser'. Found content (625 words).
2026-02-03 02:27:11,725 - INFO - Saved article: India's snakebite crisis is killing tens of thousands every year from BBC
2026-02-03 02:27:11,986 - INFO - Saved article: Coalition chaos has handed Albanese a gift, but he’ll need much more for the testing times ahead | Anthony Albanese | The Guardian from The Guardian
2026-02-03 02:27:12,252 - INFO - [The Hindu] Page content loaded.
2026-02-03 02:27:12,575 - INFO - [The Hindu] Success with 'selenium_browser'. Found content (85 words).
2026-02-03 02:27:12,660 - INFO - [BBC] Article: https://www.bbc.com/news/videos/c1m7vmzynzvo?at_medium=RSS&at_campaign=rss
2026-02-03 02:27:12,671 - INFO - [BBC] Attempt 1/1: Trying with 'requests_browser' strategy...
2026-02-03 02:27:13,037 - INFO - Saved article: Stalin inaugurates eco park in SIPCOT Siruseri - Navalur lake - The Hindu from The Hindu
2026-02-03 02:27:13,158 - INFO - [BBC] Success with 'requests_browser'. Found content (121 words).
2026-02-03 02:27:13,292 - INFO - [The Guardian] Article: https://www.theguardian.com/world/2026/feb/02/france-passes-budget-after-wrangling-no-confidence-motions-sebastien-lecornu
2026-02-03 02:27:13,292 - INFO - [The Guardian] Attempt 1/1: Trying with 'requests_browser' strategy...
2026-02-03 02:27:13,316 - INFO - Saved article: BBC at Oslo court ahead of Crown Princess's son's rape trial from BBC
2026-02-03 02:27:13,401 - INFO - [The Guardian] Success with 'requests_browser'. Found content (622 words).
2026-02-03 02:27:13,714 - INFO - Saved article: France passes budget after months of wrangling and no-confidence motions | France | The Guardian from The Guardian
2026-02-03 02:27:13,783 - INFO - [The Hindu] Article: https://www.thehindu.com/sci-tech/science/isro-tests-thrust-chamber-for-lox-methane-engine/article70583042.ece
2026-02-03 02:27:13,783 - INFO - [The Hindu] Attempt 1/1: Trying with 'selenium_browser' strategy...
2026-02-03 02:27:14,081 - INFO - [BBC] Article: https://www.bbc.com/news/videos/cgqed5qeqx4o?at_medium=RSS&at_campaign=rss
2026-02-03 02:27:14,081 - INFO - [BBC] Attempt 1/1: Trying with 'requests_browser' strategy...
2026-02-03 02:27:14,440 - INFO - [BBC] Success with 'requests_browser'. Found content (85 words).
2026-02-03 02:27:14,681 - INFO - Saved article: 'Pay and smile' - Rome visitors face Trevi Fountain charge from BBC
2026-02-03 02:27:15,140 - INFO - [The Guardian] Article: https://www.theguardian.com/world/2026/feb/02/marius-borg-hoiby-son-of-norway-crown-princess-arrested-new-charges-before-rape-trial
2026-02-03 02:27:15,140 - INFO - [The Guardian] Attempt 1/1: Trying with 'requests_browser' strategy...
2026-02-03 02:27:15,222 - INFO - [The Guardian] Success with 'requests_browser'. Found content (937 words).
2026-02-03 02:27:15,344 - INFO - Saved article: Son of Norway’s crown princess arrested on new charges before start of rape trial | Norway | The Guardian from The Guardian
2026-02-03 02:27:15,555 - INFO - [BBC] Article: https://www.bbc.com/news/videos/cvgdy0ze8eko?at_medium=RSS&at_campaign=rss
2026-02-03 02:27:15,558 - INFO - [BBC] Attempt 1/1: Trying with 'requests_browser' strategy...
2026-02-03 02:27:15,736 - INFO - [BBC] Success with 'requests_browser'. Found content (86 words).
2026-02-03 02:27:15,869 - INFO - Saved article: Watch: Snake scares commuters at Sydney train station from BBC
2026-02-03 02:27:16,517 - INFO - [The Hindu] Page content loaded.
2026-02-03 02:27:16,678 - INFO - [The Guardian] Article: https://www.theguardian.com/world/live/2026/feb/02/eu-us-foreign-policy-shift-security-defence-latest-news-updates
2026-02-03 02:27:16,678 - INFO - [The Guardian] Attempt 1/1: Trying with 'requests_browser' strategy...
2026-02-03 02:27:16,688 - INFO - [BBC] Article: https://www.bbc.com/news/videos/cly5l1yp72wo?at_medium=RSS&at_campaign=rss
2026-02-03 02:27:16,688 - INFO - [BBC] Attempt 1/1: Trying with 'requests_browser' strategy...
2026-02-03 02:27:16,930 - INFO - [BBC] Success with 'requests_browser'. Found content (106 words).
2026-02-03 02:27:17,045 - INFO - [The Hindu] Success with 'selenium_browser'. Found content (209 words).
2026-02-03 02:27:17,288 - INFO - Saved article: Watch: Giant rat leads floating parade to kick off Venice Carnival 2026 from BBC
2026-02-03 02:27:17,390 - INFO - Saved article: ISRO tests thrust chamber for LOX-Methane Engine - The Hindu from The Hindu
2026-02-03 02:27:17,507 - INFO - [The Guardian] Success with 'requests_browser'. Found content (3317 words).
2026-02-03 02:27:17,936 - INFO - Duplicate article skipped: Current world order ‘dead’, Draghi warns Europe, as he outlines US and China threats – as it happened | World news | The Guardian from The Guardian
2026-02-03 02:27:17,949 - INFO - [The Hindu] Article: https://www.thehindu.com/news/national/west-bengal/survey-in-and-around-kolkata-shows-most-students-in-17-24-age-group-read-books-only-occasionally/article70583548.ece
2026-02-03 02:27:17,949 - INFO - [The Hindu] Attempt 1/1: Trying with 'selenium_browser' strategy...
2026-02-03 02:27:18,704 - INFO - [BBC] Article: https://www.bbc.com/news/videos/c5yvw9zq5q0o?at_medium=RSS&at_campaign=rss
2026-02-03 02:27:18,704 - INFO - [BBC] Attempt 1/1: Trying with 'requests_browser' strategy...
2026-02-03 02:27:18,857 - INFO - [BBC] Success with 'requests_browser'. Found content (126 words).
2026-02-03 02:27:18,921 - INFO - Saved article: Watch: Frozen river hosts dance party in Kyiv from BBC
2026-02-03 02:27:18,977 - INFO - [The Guardian] Article: https://www.theguardian.com/world/2026/feb/02/damning-eu-report-lays-bare-blocs-dangerous-dependence-on-critical-mineral-imports
2026-02-03 02:27:18,977 - INFO - [The Guardian] Attempt 1/1: Trying with 'requests_browser' strategy...
2026-02-03 02:27:19,041 - INFO - [The Guardian] Success with 'requests_browser'. Found content (609 words).
2026-02-03 02:27:19,200 - INFO - Saved article: Damning EU report lays bare bloc’s ‘dangerous dependence’ on critical mineral imports | Critical minerals | The Guardian from The Guardian
2026-02-03 02:27:19,832 - INFO - [BBC] Article: https://www.bbc.com/news/videos/c0key218pm4o?at_medium=RSS&at_campaign=rss
2026-02-03 02:27:19,832 - INFO - [BBC] Attempt 1/1: Trying with 'requests_browser' strategy...
2026-02-03 02:27:19,954 - INFO - [The Hindu] Page content loaded.
2026-02-03 02:27:19,958 - INFO - [BBC] Success with 'requests_browser'. Found content (96 words).
2026-02-03 02:27:20,215 - INFO - Duplicate article skipped: Watch: Batman tells city council to not assist ICE at Super Bowl from BBC
2026-02-03 02:27:20,241 - INFO - [The Hindu] Success with 'selenium_browser'. Found content (491 words).
2026-02-03 02:27:20,340 - INFO - Saved article: Survey in and around Kolkata shows most students in 17-24 age group read books only occasionally - The Hindu from The Hindu
2026-02-03 02:27:20,453 - INFO - [The Guardian] Article: https://www.theguardian.com/world/2026/feb/02/rome-trevi-fountain-fee-tourists
2026-02-03 02:27:20,457 - INFO - [The Guardian] Attempt 1/1: Trying with 'requests_browser' strategy...
2026-02-03 02:27:20,595 - INFO - [The Guardian] Success with 'requests_browser'. Found content (549 words).
2026-02-03 02:27:20,722 - INFO - Saved article: ‘This is history, it should be free’: Rome’s €2 Trevi fountain fee divides opinion | Italy | The Guardian from The Guardian
2026-02-03 02:27:21,713 - INFO - [The Hindu] Article: https://www.thehindu.com/news/national/modi-knows-how-to-earna-name-for-himself-vaiko/article70584417.ece
2026-02-03 02:27:21,713 - INFO - [The Hindu] Attempt 1/1: Trying with 'selenium_browser' strategy...
2026-02-03 02:27:27,338 - INFO - [The Hindu] Page content loaded.
2026-02-03 02:27:27,434 - INFO - [The Hindu] Success with 'selenium_browser'. Found content (195 words).
2026-02-03 02:27:27,543 - INFO - Saved article: Modi knows how to earna name for himself: Vaiko - The Hindu from The Hindu
2026-02-03 02:27:28,067 - INFO - [The Hindu] Article: https://www.thehindu.com/news/national/tamil-nadu/cong-leadership-tells-dmk-its-strength-is-being-underestimated/article70583839.ece
2026-02-03 02:27:28,067 - INFO - [The Hindu] Attempt 1/1: Trying with 'selenium_browser' strategy...
2026-02-03 02:27:29,775 - INFO - [The Hindu] Page content loaded.
2026-02-03 02:27:29,858 - INFO - [The Hindu] Success with 'selenium_browser'. Found content (228 words).
2026-02-03 02:27:29,971 - INFO - Saved article: ‘Cong. leadership tells DMK its strength is being underestimated’ - The Hindu from The Hindu
2026-02-03 02:27:31,215 - INFO - [The Hindu] Article: https://www.thehindu.com/news/national/rajasthan/rajasthan-fully-prepared-to-take-advantage-of-budgetary-incentives-cm/article70583557.ece
2026-02-03 02:27:31,216 - INFO - [The Hindu] Attempt 1/1: Trying with 'selenium_browser' strategy...
2026-02-03 02:27:33,830 - INFO - [The Hindu] Page content loaded.
2026-02-03 02:27:33,906 - INFO - [The Hindu] Success with 'selenium_browser'. Found content (284 words).
2026-02-03 02:27:34,024 - INFO - Saved article: Rajasthan fully prepared to take advantage of budgetary incentives: CM - The Hindu from The Hindu
2026-02-03 02:27:34,971 - INFO - [The Hindu] Article: https://www.thehindu.com/news/national/punjab/sad-claims-majithia-a-victim-of-political-vendetta-after-he-gets-bail-in-da-case/article70583896.ece
2026-02-03 02:27:34,971 - INFO - [The Hindu] Attempt 1/1: Trying with 'selenium_browser' strategy...
2026-02-03 02:27:35,995 - INFO - [The Hindu] Page content loaded.
2026-02-03 02:27:36,146 - INFO - [The Hindu] Success with 'selenium_browser'. Found content (219 words).
2026-02-03 02:27:36,234 - INFO - Saved article: SAD claims Majithia a victim of political vendetta, after he gets bail in DA case - The Hindu from The Hindu
2026-02-03 02:27:36,958 - INFO - [The Hindu] Article: https://www.thehindu.com/news/national/manipur/bjp-names-tarun-chugh-as-observer-for-legislature-party-leader-election-in-manipur/article70584568.ece
2026-02-03 02:27:36,958 - INFO - [The Hindu] Attempt 1/1: Trying with 'selenium_browser' strategy...
2026-02-03 02:27:39,291 - INFO - [Times of India] Page content loaded.
2026-02-03 02:27:39,857 - INFO - [Times of India] Success with 'selenium_browser'. Found content (275 words).
2026-02-03 02:27:40,139 - INFO - Saved article: Canadian nurse Lovedip Sandhu pleads guilty to $55,000 drug fraud, admits addiction as empty syringes, vials found at Quebec home - The Times of India from Times of India
2026-02-03 02:27:41,517 - INFO - [Times of India] Article: https://timesofindia.indiatimes.com/world/south-asia/two-fidayeen-women-led-attacks-through-balochistan-targeting-govt-offices-banks/articleshow/127873853.cms
2026-02-03 02:27:41,517 - INFO - [Times of India] Attempt 1/1: Trying with 'selenium_browser' strategy...
2026-02-03 02:27:42,758 - INFO - [Times of India] Page content loaded.
2026-02-03 02:27:42,889 - INFO - [Times of India] Success with 'selenium_browser'. Found content (347 words).
2026-02-03 02:27:42,973 - INFO - Saved article: Two fidayeen women led attacks through Balochistan targeting govt offices, banks - The Times of India from Times of India
2026-02-03 02:27:43,968 - INFO - [Times of India] Article: https://timesofindia.indiatimes.com/world/middle-east/iran-arrests-an-oscar-nominated-screenwriter-for-criticising-khamenei-regime/articleshow/127873878.cms
2026-02-03 02:27:43,968 - INFO - [Times of India] Attempt 1/1: Trying with 'selenium_browser' strategy...
2026-02-03 02:27:45,192 - INFO - [The Hindu] Page content loaded.
2026-02-03 02:27:45,455 - INFO - [The Hindu] Success with 'selenium_browser'. Found content (574 words).
2026-02-03 02:27:45,534 - INFO - [Times of India] Page content loaded.
2026-02-03 02:27:45,558 - INFO - Saved article: BJP names Tarun Chugh as observer for Legislature Party leader election in Manipur - The Hindu from The Hindu
2026-02-03 02:27:45,700 - INFO - [Times of India] Success with 'selenium_browser'. Found content (341 words).
2026-02-03 02:27:45,767 - INFO - Saved article: Iran arrests an Oscar-nominated screenwriter for criticising Khamenei regime - The Times of India from Times of India
2026-02-03 02:27:46,364 - INFO - [The Hindu] Article: https://www.thehindu.com/news/cities/Delhi/parliament-security-breach-case-police-oppose-bail-to-3/article70584569.ece
2026-02-03 02:27:46,364 - INFO - [The Hindu] Attempt 1/1: Trying with 'selenium_browser' strategy...
2026-02-03 02:27:46,681 - INFO - [Times of India] Article: https://timesofindia.indiatimes.com/world/south-asia/sheikh-hasina-her-uk-lawmaker-niece-given-10-year-jail-in-graft-case/articleshow/127873907.cms
2026-02-03 02:27:46,682 - INFO - [Times of India] Attempt 1/1: Trying with 'selenium_browser' strategy...
2026-02-03 02:27:47,887 - INFO - [The Hindu] Page content loaded.
2026-02-03 02:27:48,096 - INFO - [The Hindu] Success with 'selenium_browser'. Found content (327 words).
2026-02-03 02:27:48,230 - INFO - Saved article: Parliament security breach case: police oppose bail to 3 - The Hindu from The Hindu
2026-02-03 02:27:49,478 - INFO - [The Hindu] Article: https://www.thehindu.com/opinion/op-ed/for-punjab-taking-a-leaf-out-of-haryana/article70583143.ece
2026-02-03 02:27:49,478 - INFO - [The Hindu] Attempt 1/1: Trying with 'selenium_browser' strategy...
2026-02-03 02:27:49,499 - INFO - [Times of India] Page content loaded.
2026-02-03 02:27:49,680 - INFO - [Times of India] Success with 'selenium_browser'. Found content (177 words).
2026-02-03 02:27:49,803 - INFO - Saved article: Sheikh Hasina, her UK lawmaker niece given 10-year jail in graft case - The Times of India from Times of India
2026-02-03 02:27:50,887 - INFO - [Times of India] Article: https://timesofindia.indiatimes.com/world/us-streamers/nick-fuentes-shocked-as-kick-ends-partnership-just-days-after-approval/articleshow/127870903.cms
2026-02-03 02:27:50,888 - INFO - [Times of India] Attempt 1/1: Trying with 'selenium_browser' strategy...
2026-02-03 02:27:51,222 - INFO - [The Hindu] Page content loaded.
2026-02-03 02:27:51,421 - INFO - [The Hindu] Success with 'selenium_browser'. Found content (729 words).
2026-02-03 02:27:51,570 - INFO - Saved article: For Punjab, taking a leaf out of Haryana - The Hindu from The Hindu
2026-02-03 02:27:52,345 - INFO - [The Hindu] Article: https://www.thehindu.com/news/national/west-bengal/mamatas-delhi-visit-a-planned-drama-suvendu/article70584017.ece
2026-02-03 02:27:52,345 - INFO - [The Hindu] Attempt 1/1: Trying with 'selenium_browser' strategy...
2026-02-03 02:27:53,465 - INFO - [Times of India] Page content loaded.
2026-02-03 02:27:53,682 - INFO - [Times of India] Success with 'selenium_browser'. Found content (393 words).
2026-02-03 02:27:53,828 - INFO - Saved article: Nick Fuentes shocked as Kick ends partnership just days after approval - The Times of India from Times of India
2026-02-03 02:27:54,669 - INFO - [The Hindu] Page content loaded.
2026-02-03 02:27:54,885 - INFO - [The Hindu] Success with 'selenium_browser'. Found content (372 words).
2026-02-03 02:27:54,982 - INFO - Saved article: Mamata’s Delhi visit a planned drama: Suvendu - The Hindu from The Hindu
2026-02-03 02:27:55,220 - INFO - [Times of India] Article: https://timesofindia.indiatimes.com/world/us-streamers/piers-morgan-reacts-strongly-as-candace-owens-podcast-sparks-outrage-over-erika-kirk-jokes-and-charlie-kirk-theories/articleshow/127873387.cms
2026-02-03 02:27:55,220 - INFO - [Times of India] Attempt 1/1: Trying with 'selenium_browser' strategy...
2026-02-03 02:27:56,085 - INFO - [The Hindu] Article: https://www.thehindu.com/news/national/karnataka/appeasement-politics-of-congress-will-deny-houses-to-kannadigas-bjp/article70582794.ece
2026-02-03 02:27:56,085 - INFO - [The Hindu] Attempt 1/1: Trying with 'selenium_browser' strategy...
2026-02-03 02:27:58,842 - INFO - [Times of India] Page content loaded.
2026-02-03 02:27:59,101 - INFO - [Times of India] Success with 'selenium_browser'. Found content (399 words).
2026-02-03 02:27:59,192 - INFO - Saved article: Piers Morgan reacts strongly as Candace Owens podcast sparks outrage over Erika Kirk jokes and Charlie Kirk theories - The Times of India from Times of India
2026-02-03 02:28:00,349 - INFO - [Times of India] Article: https://timesofindia.indiatimes.com/world/us-streamers/khaby-lame-net-worth-inside-the-1-billion-rich-sparkle-holdings-deal-that-raised-billionaire-rumors-around-tiktok-star/articleshow/127870847.cms
2026-02-03 02:28:00,349 - INFO - [Times of India] Attempt 1/1: Trying with 'selenium_browser' strategy...
2026-02-03 02:28:02,178 - INFO - [Times of India] Page content loaded.
2026-02-03 02:28:02,298 - INFO - [Times of India] Success with 'selenium_browser'. Found content (463 words).
2026-02-03 02:28:02,362 - INFO - Saved article: Khaby Lame net worth: Inside the $1 billion Rich Sparkle Holdings deal that raised billionaire rumors around TikTok star - The Times of India from Times of India
2026-02-03 02:28:03,850 - INFO - [Times of India] Article: https://timesofindia.indiatimes.com/world/us/meet-jnior-pena-pro-trump-brazilian-influencer-who-said-only-crooks-get-deported-is-detained-by-ice/articleshow/127873537.cms
2026-02-03 02:28:03,850 - INFO - [Times of India] Attempt 1/1: Trying with 'selenium_browser' strategy...
2026-02-03 02:28:04,856 - INFO - [The Hindu] Page content loaded.
2026-02-03 02:28:04,980 - INFO - [The Hindu] Success with 'selenium_browser'. Found content (330 words).
2026-02-03 02:28:05,208 - INFO - Saved article: ‘Appeasement politics’ of Congress will deny houses to Kannadigas: BJP - The Hindu from The Hindu
2026-02-03 02:28:06,482 - INFO - [The Hindu] Article: https://www.thehindu.com/news/national/karnataka/remark-on-prime-minister-narendra-modi-plunges-karnataka-legislative-council-into-chaos/article70584381.ece
2026-02-03 02:28:06,482 - INFO - [The Hindu] Attempt 1/1: Trying with 'selenium_browser' strategy...
2026-02-03 02:28:12,664 - INFO - [The Hindu] Page content loaded.
2026-02-03 02:28:12,740 - INFO - [The Hindu] Success with 'selenium_browser'. Found content (281 words).
2026-02-03 02:28:12,828 - INFO - Saved article: Remark on Prime Minister Narendra Modi plunges Karnataka Legislative Council into chaos - The Hindu from The Hindu
2026-02-03 02:28:13,699 - INFO - [The Hindu] Article: https://www.thehindu.com/news/cities/chennai/tamil-biennale-will-be-held-in-january-2027-stalin-says-at-global-tourism-summit/article70583535.ece
2026-02-03 02:28:13,699 - INFO - [The Hindu] Attempt 1/1: Trying with 'selenium_browser' strategy...
2026-02-03 02:28:13,733 - INFO - [Times of India] Page content loaded.
2026-02-03 02:28:14,228 - INFO - [Times of India] Success with 'selenium_browser'. Found content (380 words).
2026-02-03 02:28:14,356 - INFO - Saved article: Meet Júnior Pena: Pro-Trump Brazilian influencer who said only ‘crooks’ get deported is detained by ICE - The Times of India from Times of India
2026-02-03 02:28:15,312 - INFO - [Times of India] Article: https://timesofindia.indiatimes.com/world/us/florida-man-uses-iguanas-as-blankets-to-tackle-cold-in-bizarre-viral-video/articleshow/127873500.cms
2026-02-03 02:28:15,312 - INFO - [Times of India] Attempt 1/1: Trying with 'selenium_browser' strategy...
2026-02-03 02:28:17,083 - INFO - [The Hindu] Page content loaded.
2026-02-03 02:28:17,388 - INFO - [The Hindu] Success with 'selenium_browser'. Found content (487 words).
2026-02-03 02:28:17,506 - INFO - Saved article: Tamil Biennale will be held in January 2027, Stalin says at Global Tourism Summit - The Hindu from The Hindu
2026-02-03 02:28:17,964 - INFO - [Times of India] Page content loaded.
2026-02-03 02:28:18,129 - INFO - [Times of India] Success with 'selenium_browser'. Found content (258 words).
2026-02-03 02:28:18,203 - INFO - Saved article: Florida man uses 'cold-stunned' iguanas as 'blankets' in bizarre viral video - The Times of India from Times of India
2026-02-03 02:28:18,389 - INFO - [The Hindu] Article: https://www.thehindu.com/news/national/karnataka/i-am-not-helpless-but-sometimes-truth-becomes-helpless-before-falsehood-says-karnataka-chief-minister/article70584379.ece
2026-02-03 02:28:18,389 - INFO - [The Hindu] Attempt 1/1: Trying with 'selenium_browser' strategy...
2026-02-03 02:28:19,001 - INFO - [Times of India] Article: https://timesofindia.indiatimes.com/world/us/billie-eilish-roasted-on-social-media-after-stolen-land-remarks-at-grammys-return-your-14-million-la-mansion/articleshow/127873095.cms
2026-02-03 02:28:19,001 - INFO - [Times of India] Attempt 1/1: Trying with 'selenium_browser' strategy...
2026-02-03 02:28:19,209 - INFO - [The Hindu] Page content loaded.
2026-02-03 02:28:19,410 - INFO - [The Hindu] Success with 'selenium_browser'. Found content (586 words).
2026-02-03 02:28:19,544 - INFO - Saved article: I am not helpless, but sometimes truth becomes helpless before falsehood, says Karnataka Chief Minister - The Hindu from The Hindu
2026-02-03 02:28:19,936 - INFO - [Times of India] Page content loaded.
2026-02-03 02:28:20,030 - INFO - [Times of India] Success with 'selenium_browser'. Found content (247 words).
2026-02-03 02:28:20,061 - INFO - Saved article: Billie Eilish roasted on social media after 'stolen land' remarks at Grammys: 'Return your $14 million LA mansion' - The Times of India from Times of India
2026-02-03 02:28:20,517 - INFO - [The Hindu] Article: https://www.thehindu.com/news/national/kerala/upholstery-unit-gutted-in-fire-in-kochi/article70584686.ece
2026-02-03 02:28:20,517 - INFO - [The Hindu] Attempt 1/1: Trying with 'selenium_browser' strategy...
2026-02-03 02:28:20,878 - INFO - [Times of India] Article: https://timesofindia.indiatimes.com/world/rest-of-world/at-90-dalai-lama-gets-grammy-for-audiobook-meditations/articleshow/127873326.cms
2026-02-03 02:28:20,878 - INFO - [Times of India] Attempt 1/1: Trying with 'selenium_browser' strategy...
2026-02-03 02:28:21,237 - INFO - [The Hindu] Page content loaded.
2026-02-03 02:28:21,459 - INFO - [The Hindu] Success with 'selenium_browser'. Found content (99 words).
2026-02-03 02:28:21,548 - INFO - Saved article: Upholstery unit gutted in fire in Kochi - The Hindu from The Hindu
2026-02-03 02:28:23,026 - INFO - [The Hindu] Article: https://www.thehindu.com/news/national/kerala/biju-radhakrishnan-three-others-booked-in-fresh-cheating-case/article70584639.ece
2026-02-03 02:28:23,026 - INFO - [The Hindu] Attempt 1/1: Trying with 'selenium_browser' strategy...
2026-02-03 02:28:24,728 - INFO - [The Hindu] Page content loaded.
2026-02-03 02:28:24,794 - INFO - [The Hindu] Success with 'selenium_browser'. Found content (220 words).
2026-02-03 02:28:24,873 - INFO - Saved article: Biju Radhakrishnan, three others booked in fresh cheating case - The Hindu from The Hindu
2026-02-03 02:28:25,587 - INFO - [The Hindu] Article: https://www.thehindu.com/news/national/karnataka/196-illegal-bangladeshi-immigrants-deported-and-another-370-have-been-identified-says-karnataka-home-minister/article70584479.ece
2026-02-03 02:28:25,587 - INFO - [The Hindu] Attempt 1/1: Trying with 'selenium_browser' strategy...
2026-02-03 02:28:28,311 - INFO - [Times of India] Page content loaded.
2026-02-03 02:28:28,778 - INFO - [The Hindu] Page content loaded.
2026-02-03 02:28:29,221 - INFO - [The Hindu] Success with 'selenium_browser'. Found content (182 words).
2026-02-03 02:28:29,602 - INFO - Saved article: 196 illegal Bangladeshi immigrants deported and another 370 have been identified, says Karnataka Home Minister - The Hindu from The Hindu
2026-02-03 02:28:30,650 - INFO - [The Hindu] Article: https://www.thehindu.com/news/national/kerala/three-booked-on-cheating-charge/article70584504.ece
2026-02-03 02:28:30,650 - INFO - [The Hindu] Attempt 1/1: Trying with 'selenium_browser' strategy...
2026-02-03 02:28:30,659 - INFO - [Times of India] Success with 'selenium_browser'. Found content (315 words).
2026-02-03 02:28:30,848 - INFO - Saved article: At 90, Dalai Lama gets Grammy for audiobook ‘Meditations’ - The Times of India from Times of India
2026-02-03 02:28:31,929 - INFO - [The Hindu] Page content loaded.
2026-02-03 02:28:32,023 - INFO - [The Hindu] Success with 'selenium_browser'. Found content (205 words).
2026-02-03 02:28:32,107 - INFO - Saved article: Three booked on cheating charge - The Hindu from The Hindu
2026-02-03 02:28:32,290 - INFO - [Times of India] Article: https://timesofindia.indiatimes.com/world/us/minneapolis-school-where-ice-detained-5-year-old-receives-bomb-threat/articleshow/127870971.cms
2026-02-03 02:28:32,290 - INFO - [Times of India] Attempt 1/1: Trying with 'selenium_browser' strategy...
2026-02-03 02:28:33,051 - INFO - [The Hindu] Article: https://www.thehindu.com/news/national/kerala/kgmcta-to-defer-boycott-of-op-services-academics-for-one-week/article70584812.ece
2026-02-03 02:28:33,051 - INFO - [The Hindu] Attempt 1/1: Trying with 'selenium_browser' strategy...
2026-02-03 02:28:34,324 - INFO - [Times of India] Page content loaded.
2026-02-03 02:28:34,603 - INFO - [Times of India] Success with 'selenium_browser'. Found content (358 words).
2026-02-03 02:28:34,756 - INFO - Saved article: Minneapolis school where ICE detained 5-year-old receives bomb threat via email - The Times of India from Times of India
2026-02-03 02:28:36,190 - INFO - [Times of India] Article: https://timesofindia.indiatimes.com/world/us/donald-trump-fumes-over-trevor-noahs-epstein-island-joke-at-the-grammys-sending-my-lawyers/articleshow/127862683.cms
2026-02-03 02:28:36,190 - INFO - [Times of India] Attempt 1/1: Trying with 'selenium_browser' strategy...
2026-02-03 02:28:37,474 - INFO - [The Hindu] Page content loaded.
2026-02-03 02:28:37,954 - INFO - [The Hindu] Success with 'selenium_browser'. Found content (160 words).
2026-02-03 02:28:38,102 - INFO - Saved article: KGMCTA defers boycott of OP services, academics for one week - The Hindu from The Hindu
2026-02-03 02:28:38,121 - INFO - [Times of India] Page content loaded.
2026-02-03 02:28:38,315 - INFO - [Times of India] Success with 'selenium_browser'. Found content (615 words).
2026-02-03 02:28:38,372 - INFO - Saved article: Donald Trump fumes over Trevor Noah’s Epstein Island joke at the Grammys: 'Sending my lawyers’ - The Times of India from Times of India
2026-02-03 02:28:38,929 - INFO - [Times of India] Article: https://timesofindia.indiatimes.com/world/us/stanford-students-pretend-to-be-jains-to-escape-7944-mandatory-meal-plan/articleshow/127872443.cms
2026-02-03 02:28:38,929 - INFO - [Times of India] Attempt 1/1: Trying with 'selenium_browser' strategy...
2026-02-03 02:28:39,351 - INFO - [The Hindu] Article: https://www.thehindu.com/news/national/kerala/kufos-launches-new-initiative-to-conserve-kadamakudy/article70584406.ece
2026-02-03 02:28:39,352 - INFO - [The Hindu] Attempt 1/1: Trying with 'selenium_browser' strategy...
2026-02-03 02:28:40,093 - INFO - [Times of India] Page content loaded.
2026-02-03 02:28:40,308 - INFO - [Times of India] Success with 'selenium_browser'. Found content (429 words).
2026-02-03 02:28:40,423 - INFO - Saved article: Stanford students pretend to be Jains to escape $7,944 mandatory meal plan | World News - The Times of India from Times of India
2026-02-03 02:28:40,729 - INFO - [The Hindu] Page content loaded.
2026-02-03 02:28:41,018 - INFO - [The Hindu] Success with 'selenium_browser'. Found content (192 words).
2026-02-03 02:28:41,151 - INFO - Saved article: Kufos launches new initiative to conserve Kadamakudy - The Hindu from The Hindu
2026-02-03 02:28:41,309 - INFO - [Times of India] Article: https://timesofindia.indiatimes.com/world/us/jeffrey-epstein-has-a-secret-son-explosive-doj-emails-show-he-was-congratulated-for-baby-boy/articleshow/127870796.cms
2026-02-03 02:28:41,309 - INFO - [Times of India] Attempt 1/1: Trying with 'selenium_browser' strategy...
2026-02-03 02:28:41,985 - INFO - [The Hindu] Article: https://www.thehindu.com/news/national/national-security-on-a-slippery-regional-landscape/article70584827.ece
2026-02-03 02:28:41,985 - INFO - [The Hindu] Attempt 1/1: Trying with 'selenium_browser' strategy...
2026-02-03 02:28:43,499 - INFO - [Times of India] Page content loaded.
2026-02-03 02:28:43,662 - INFO - [Times of India] Success with 'selenium_browser'. Found content (634 words).
2026-02-03 02:28:43,769 - INFO - Saved article: Jeffrey Epstein has a ‘secret son’? Explosive DOJ emails show he was congratulated for ‘baby boy’ | World News - The Times of India from Times of India
2026-02-03 02:28:44,304 - INFO - [Times of India] Article: https://timesofindia.indiatimes.com/world/us/who-is-nancy-guthrie-84-year-old-mother-of-nbcs-today-show-host-savannah-guthrie-reported-missing/articleshow/127870469.cms
2026-02-03 02:28:44,304 - INFO - [Times of India] Attempt 1/1: Trying with 'selenium_browser' strategy...
2026-02-03 02:28:44,345 - INFO - [The Hindu] Page content loaded.
2026-02-03 02:28:45,228 - INFO - [The Hindu] Success with 'selenium_browser'. Found content (1069 words).
2026-02-03 02:28:45,410 - INFO - Saved article: National security on a slippery regional landscape - The Hindu from The Hindu
2026-02-03 02:28:45,895 - INFO - [Times of India] Page content loaded.
2026-02-03 02:28:46,035 - INFO - [Times of India] Success with 'selenium_browser'. Found content (326 words).
2026-02-03 02:28:46,095 - INFO - Saved article: Who is Nancy Guthrie? 84-year-old mother of NBC’s ‘Today’ show host Savannah Guthrie reported missing - The Times of India from Times of India
2026-02-03 02:28:46,564 - INFO - [The Hindu] Article: https://www.thehindu.com/business/budget/rise-in-southern-states-share-in-devolution-of-funds-provides-no-relief-to-tamil-nadu/article70583725.ece
2026-02-03 02:28:46,564 - INFO - [The Hindu] Attempt 1/1: Trying with 'selenium_browser' strategy...
2026-02-03 02:28:46,598 - INFO - [Times of India] Article: https://timesofindia.indiatimes.com/world/us-streamers/hasan-piker-back-on-twitch-as-platform-shortens-suspension-to-three-days/articleshow/127870730.cms
2026-02-03 02:28:46,598 - INFO - [Times of India] Attempt 1/1: Trying with 'selenium_browser' strategy...
2026-02-03 02:28:47,841 - INFO - [The Hindu] Page content loaded.
2026-02-03 02:28:47,956 - INFO - [The Hindu] Success with 'selenium_browser'. Found content (578 words).
2026-02-03 02:28:48,065 - INFO - Saved article: Rise in southern States’ share in devolution of funds provides no relief to Tamil Nadu - The Hindu from The Hindu
2026-02-03 02:28:48,566 - INFO - [Times of India] Page content loaded.
2026-02-03 02:28:48,658 - INFO - [The Hindu] (Thread) Finished. Attempting to shut down its Selenium driver.
2026-02-03 02:28:48,759 - INFO - [Times of India] Success with 'selenium_browser'. Found content (394 words).
2026-02-03 02:28:48,858 - INFO - Saved article: Hasan Piker back on Twitch as platform shortens suspension to three days - The Times of India from Times of India
2026-02-03 02:28:48,976 - INFO - [The Hindu] (Thread) driver.quit() successful.
2026-02-03 02:28:50,103 - INFO - [Times of India] Article: https://timesofindia.indiatimes.com/world/europe/norway-crown-princess-says-she-regrets-connection-with-epstein-whom-she-called-sweetheart-in-email-i-showed-poor-judgement/articleshow/127870701.cms
2026-02-03 02:28:50,103 - INFO - [Times of India] Attempt 1/1: Trying with 'selenium_browser' strategy...
2026-02-03 02:28:50,882 - INFO - [Times of India] Page content loaded.
2026-02-03 02:28:51,059 - INFO - [Times of India] Success with 'selenium_browser'. Found content (393 words).
2026-02-03 02:28:51,114 - INFO - Saved article: Norway Crown Princess says she regrets connection with Epstein whom she called 'sweetheart' in email: I showed poor judgement - The Times of India from Times of India
2026-02-03 02:28:51,623 - INFO - [Times of India] Article: https://timesofindia.indiatimes.com/world/us/hired-green-card-us-citizen-drivers-sikh-truck-company-owner-after-losing-employees-as-california-revoked-thousands-of-licences/articleshow/127869696.cms
2026-02-03 02:28:51,623 - INFO - [Times of India] Attempt 1/1: Trying with 'selenium_browser' strategy...
2026-02-03 02:28:52,618 - INFO - [Times of India] Page content loaded.
2026-02-03 02:28:52,763 - INFO - [Times of India] Success with 'selenium_browser'. Found content (500 words).
2026-02-03 02:28:52,820 - INFO - Saved article: ‘Hired green card, US citizen drivers’: Sikh truck company owner after losing employees as California revoked thousands of licences - The Times of India from Times of India
2026-02-03 02:28:53,619 - INFO - [Times of India] Article: https://timesofindia.indiatimes.com/etimes/trending/man-raised-as-a-girl-learns-at-19-he-was-born-intersex-and-surgically-altered-as-a-baby-by-his-parents/articleshow/127868933.cms
2026-02-03 02:28:53,619 - INFO - [Times of India] Attempt 1/1: Trying with 'selenium_browser' strategy...
2026-02-03 02:28:54,864 - INFO - [Times of India] Page content loaded.
2026-02-03 02:28:54,968 - INFO - [Times of India] Success with 'selenium_browser'. Found content (942 words).
2026-02-03 02:28:55,028 - INFO - Saved article: Man raised as a girl learns at 19 he was born intersex and surgically altered as a baby by his parents | - The Times of India from Times of India
2026-02-03 02:28:56,186 - INFO - [Times of India] (Thread) Finished. Attempting to shut down its Selenium driver.
2026-02-03 02:28:56,531 - INFO - [Times of India] (Thread) driver.quit() successful.
2026-02-03 02:28:56,531 - INFO - Shutting down thread pool (wait=False)...
2026-02-03 02:28:56,531 - INFO - Scraped: 13 The Guardian, 20 Times of India, 12 BBC, 25 The Hindu articles. (Total saved: 70)
2026-02-03 02:28:56,531 - INFO - --- Scraping job finished ---
2026-02-03 02:28:56,538 - INFO - --- Scraper service stopped and database connection closed. ---
2026-02-03 02:28:56,538 - INFO - --- Main thread finished. Forcing process exit to kill zombie threads. ---
