2025-12-08 12:48:25,681 - INFO - Initializing database connection at: news_articles.db
2025-12-08 12:48:25,682 - INFO - --- Scraper service started (CI Mode: Run Once) ---
2025-12-08 12:48:25,682 - INFO - --- Starting new scraping job (Parallel Mode) ---
2025-12-08 12:48:25,682 - INFO - Creating new robust session with 3 retries on 5xx/connection/read errors.
2025-12-08 12:48:25,682 - INFO - Proxy is DISABLED.
2025-12-08 12:48:25,682 - INFO - Starting scrape for BBC RSS feed: http://feeds.bbci.co.uk/news/world/rss.xml
2025-12-08 12:48:25,683 - INFO - [Times of India] (Thread) requires Selenium. Initializing driver...
2025-12-08 12:48:25,683 - INFO - Initializing headless Selenium Chrome driver (using SeleniumManager)...
2025-12-08 12:48:25,683 - INFO - Starting scrape for The Guardian RSS feed: https://www.theguardian.com/world/rss
2025-12-08 12:48:25,684 - INFO - [The Hindu] (Thread) requires Selenium. Initializing driver...
2025-12-08 12:48:25,684 - INFO - Initializing headless Selenium Chrome driver (using SeleniumManager)...
2025-12-08 12:48:25,686 - INFO - Submitted 4 jobs to thread pool. Waiting up to 420s for completion...
2025-12-08 12:48:25,889 - INFO - Found 45 articles in The Guardian RSS feed. Processing up to 25.
2025-12-08 12:48:25,889 - INFO - [The Guardian] Article: https://www.theguardian.com/world/2025/dec/08/ancient-egyptian-pleasure-boat-found-archaeologists-alexandria-coast
2025-12-08 12:48:25,889 - INFO - [The Guardian] Attempt 1/1: Trying with 'requests_browser' strategy...
2025-12-08 12:48:25,926 - INFO - [The Guardian] Success with 'requests_browser'. Found content (764 words).
2025-12-08 12:48:25,971 - INFO - Saved article: Ancient Egyptian pleasure boat found by archaeologists off Alexandria coast | Egypt | The Guardian from The Guardian
2025-12-08 12:48:26,012 - INFO - Found 39 articles in BBC RSS feed. Processing up to 25.
2025-12-08 12:48:26,012 - INFO - [BBC] Article: https://www.bbc.com/news/articles/c2k4z9nwz4yo?at_medium=RSS&at_campaign=rss
2025-12-08 12:48:26,012 - INFO - [BBC] Attempt 1/1: Trying with 'requests_browser' strategy...
2025-12-08 12:48:26,241 - INFO - [BBC] Success with 'requests_browser'. Found content (936 words).
2025-12-08 12:48:26,280 - INFO - Saved article: Zelensky due at Downing Street for high-level Ukraine talks from BBC
2025-12-08 12:48:26,562 - INFO - [The Guardian] Article: https://www.theguardian.com/world/2025/dec/07/release-secured-of-100-kidnapped-nigerian-schoolchildren-but-many-still-being-held
2025-12-08 12:48:26,563 - INFO - [The Guardian] Attempt 1/1: Trying with 'requests_browser' strategy...
2025-12-08 12:48:26,665 - INFO - [The Guardian] Success with 'requests_browser'. Found content (413 words).
2025-12-08 12:48:26,700 - INFO - Duplicate article skipped: Nigerian state secures release of 100 out of 265 kidnapped schoolchildren | Nigeria | The Guardian from The Guardian
2025-12-08 12:48:27,242 - INFO - [BBC] Article: https://www.bbc.com/news/articles/cr7l0rjz05eo?at_medium=RSS&at_campaign=rss
2025-12-08 12:48:27,242 - INFO - [BBC] Attempt 1/1: Trying with 'requests_browser' strategy...
2025-12-08 12:48:27,274 - INFO - [The Guardian] Article: https://www.theguardian.com/world/2025/dec/07/troops-and-warplanes-deployed-in-benin-after-failed-coup-attempt
2025-12-08 12:48:27,274 - INFO - [The Guardian] Attempt 1/1: Trying with 'requests_browser' strategy...
2025-12-08 12:48:27,282 - INFO - [BBC] Success with 'requests_browser'. Found content (669 words).
2025-12-08 12:48:27,324 - INFO - Saved article: Thailand-Cambodia conflict: Thousands flee disputed border after deadly clashes and air strikes from BBC
2025-12-08 12:48:27,337 - INFO - [The Guardian] Success with 'requests_browser'. Found content (553 words).
2025-12-08 12:48:27,372 - INFO - Duplicate article skipped: Troops and warplanes deployed in Benin after ‘failed coup attempt’ | Benin | The Guardian from The Guardian
2025-12-08 12:48:28,249 - INFO - [The Guardian] Article: https://www.theguardian.com/world/2025/dec/06/gunmen-kill-pretoria-south-african-hostel
2025-12-08 12:48:28,250 - INFO - [The Guardian] Attempt 1/1: Trying with 'requests_browser' strategy...
2025-12-08 12:48:28,276 - INFO - [The Guardian] Success with 'requests_browser'. Found content (285 words).
2025-12-08 12:48:28,310 - INFO - Duplicate article skipped: Gunmen kill at least 12 people including three-year-old in hostel in South Africa | South Africa | The Guardian from The Guardian
2025-12-08 12:48:28,356 - INFO - [BBC] Article: https://www.bbc.com/news/articles/cy7v53366ejo?at_medium=RSS&at_campaign=rss
2025-12-08 12:48:28,356 - INFO - [BBC] Attempt 1/1: Trying with 'requests_browser' strategy...
2025-12-08 12:48:28,405 - INFO - [BBC] Success with 'requests_browser'. Found content (2883 words).
2025-12-08 12:48:28,453 - INFO - Saved article: Syria without Assad is lighter - but now there are new problems from BBC
2025-12-08 12:48:28,914 - INFO - [The Guardian] Article: https://www.theguardian.com/world/2025/dec/05/people-flee-dr-congo-fighting-one-day-after-peace-deal-signed-in-washington
2025-12-08 12:48:28,914 - INFO - [The Guardian] Attempt 1/1: Trying with 'requests_browser' strategy...
2025-12-08 12:48:28,947 - INFO - [The Guardian] Success with 'requests_browser'. Found content (411 words).
2025-12-08 12:48:28,992 - INFO - Duplicate article skipped: People flee DR Congo fighting one day after peace deal signed in Washington | Democratic Republic of the Congo | The Guardian from The Guardian
2025-12-08 12:48:29,688 - INFO - [BBC] Article: https://www.bbc.com/news/articles/c0mp4nevdz7o?at_medium=RSS&at_campaign=rss
2025-12-08 12:48:29,688 - INFO - [BBC] Attempt 1/1: Trying with 'requests_browser' strategy...
2025-12-08 12:48:29,720 - INFO - [BBC] Success with 'requests_browser'. Found content (316 words).
2025-12-08 12:48:29,758 - INFO - Saved article: Thieves walk out of Brazil library with eight Matisse art works from BBC
2025-12-08 12:48:29,828 - INFO - [The Guardian] Article: https://www.theguardian.com/world/2025/dec/08/us-attack-venezuela-risks-vietnam-style-conflict-lula-adviser
2025-12-08 12:48:29,828 - INFO - [The Guardian] Attempt 1/1: Trying with 'requests_browser' strategy...
2025-12-08 12:48:29,937 - INFO - [The Guardian] Success with 'requests_browser'. Found content (934 words).
2025-12-08 12:48:30,008 - INFO - Saved article: US attack on Venezuela risks ‘Vietnam-style’ regional conflict, warns Lula adviser | Venezuela | The Guardian from The Guardian
2025-12-08 12:48:31,090 - INFO - [BBC] Article: https://www.bbc.com/news/articles/clydrywxwkro?at_medium=RSS&at_campaign=rss
2025-12-08 12:48:31,091 - INFO - [BBC] Attempt 1/1: Trying with 'requests_browser' strategy...
2025-12-08 12:48:31,119 - INFO - [BBC] Success with 'requests_browser'. Found content (344 words).
2025-12-08 12:48:31,156 - INFO - Saved article: Son Heung-min: Woman who blackmailed Tottenham star gets four years' jail from BBC
2025-12-08 12:48:31,274 - INFO - [The Guardian] Article: https://www.theguardian.com/us-news/2025/dec/08/ex-honduran-president-juan-orlando-hernandez-trump-pardon
2025-12-08 12:48:31,274 - INFO - [The Guardian] Attempt 1/1: Trying with 'requests_browser' strategy...
2025-12-08 12:48:31,300 - INFO - [The Guardian] Success with 'requests_browser'. Found content (753 words).
2025-12-08 12:48:31,340 - INFO - Saved article: Ex-Honduran president thanks God – and Trump – for drug-trafficking pardon | Donald Trump | The Guardian from The Guardian
2025-12-08 12:48:31,984 - INFO - [BBC] Article: https://www.bbc.com/news/articles/cgex2d3y3dxo?at_medium=RSS&at_campaign=rss
2025-12-08 12:48:31,984 - INFO - [BBC] Attempt 1/1: Trying with 'requests_browser' strategy...
2025-12-08 12:48:32,004 - INFO - [The Guardian] Article: https://www.theguardian.com/world/2025/dec/06/magnitude-7-earthquake-alaska-canada
2025-12-08 12:48:32,004 - INFO - [The Guardian] Attempt 1/1: Trying with 'requests_browser' strategy...
2025-12-08 12:48:32,033 - INFO - [BBC] Success with 'requests_browser'. Found content (873 words).
2025-12-08 12:48:32,078 - INFO - Saved article: Benin coup attempt: Hunt for plotters and their hostages after Nigerian intervention from BBC
2025-12-08 12:48:32,080 - INFO - [The Guardian] Success with 'requests_browser'. Found content (209 words).
2025-12-08 12:48:32,136 - INFO - Duplicate article skipped: Magnitude 7.0 earthquake strikes remote area near Alaska-Canada border | Earthquakes | The Guardian from The Guardian
2025-12-08 12:48:32,734 - INFO - [BBC] Article: https://www.bbc.com/news/articles/c4g9lg7jvq7o?at_medium=RSS&at_campaign=rss
2025-12-08 12:48:32,734 - INFO - [BBC] Attempt 1/1: Trying with 'requests_browser' strategy...
2025-12-08 12:48:32,766 - INFO - [BBC] Success with 'requests_browser'. Found content (360 words).
2025-12-08 12:48:32,802 - INFO - Saved article: Toyah Cordingley: Nurse found guilty of Australian beach murder from BBC
2025-12-08 12:48:32,829 - INFO - Selenium driver initialized successfully.
2025-12-08 12:48:32,829 - INFO - Starting scrape for Times of India RSS feed: https://timesofindia.indiatimes.com/rssfeeds/296589292.cms
2025-12-08 12:48:32,830 - INFO - Selenium driver initialized successfully.
2025-12-08 12:48:32,830 - INFO - Starting scrape for The Hindu RSS feed: https://www.thehindu.com/news/national/feeder/default.rss
2025-12-08 12:48:32,915 - INFO - [The Guardian] Article: https://www.theguardian.com/world/2025/dec/06/venezuela-oil-trump-maduro
2025-12-08 12:48:32,915 - INFO - [The Guardian] Attempt 1/1: Trying with 'requests_browser' strategy...
2025-12-08 12:48:32,930 - INFO - Found 100 articles in The Hindu RSS feed. Processing up to 25.
2025-12-08 12:48:32,930 - INFO - [The Hindu] Article: https://www.thehindu.com/news/national/karnataka/i-am-confident-of-my-father-completing-full-term-says-yathindra/article70372281.ece
2025-12-08 12:48:32,930 - INFO - [The Hindu] Attempt 1/1: Trying with 'selenium_browser' strategy...
2025-12-08 12:48:33,018 - INFO - [The Guardian] Success with 'requests_browser'. Found content (863 words).
2025-12-08 12:48:33,057 - INFO - Duplicate article skipped: Maduro says the real reason for Trump’s Venezuela fixation is oil – is he right? | Venezuela | The Guardian from The Guardian
2025-12-08 12:48:33,061 - INFO - Found 20 articles in Times of India RSS feed. Processing up to 25.
2025-12-08 12:48:33,061 - INFO - [Times of India] Article: https://timesofindia.indiatimes.com/world/us/donald-trump-set-to-fire-ice-queen-kristi-noem-report/articleshow/125833886.cms
2025-12-08 12:48:33,062 - INFO - [Times of India] Attempt 1/1: Trying with 'selenium_browser' strategy...
2025-12-08 12:48:33,600 - INFO - [The Guardian] Article: https://www.theguardian.com/us-news/2025/dec/05/us-airstrike-survivors-clung-to-boat-wreckage-for-an-hour-before-second-deadly-attack-video-shows
2025-12-08 12:48:33,600 - INFO - [The Guardian] Attempt 1/1: Trying with 'requests_browser' strategy...
2025-12-08 12:48:33,716 - INFO - [The Guardian] Success with 'requests_browser'. Found content (1016 words).
2025-12-08 12:48:33,798 - INFO - Duplicate article skipped: US airstrike survivors clung to boat wreckage for an hour before second deadly attack, video shows | US military | The Guardian from The Guardian
2025-12-08 12:48:33,989 - INFO - [BBC] Article: https://www.bbc.com/news/articles/cvgjvg4ylwpo?at_medium=RSS&at_campaign=rss
2025-12-08 12:48:33,989 - INFO - [BBC] Attempt 1/1: Trying with 'requests_browser' strategy...
2025-12-08 12:48:34,044 - INFO - [BBC] Success with 'requests_browser'. Found content (551 words).
2025-12-08 12:48:34,130 - INFO - Saved article: Niger state kidnap: Nigeria says it has secured release of 100 children from BBC
2025-12-08 12:48:34,989 - INFO - [The Guardian] Article: https://www.theguardian.com/football/2025/dec/08/woman-four-year-sentence-blackmailing-footballer-son-heung-min-seoul
2025-12-08 12:48:34,989 - INFO - [The Guardian] Attempt 1/1: Trying with 'requests_browser' strategy...
2025-12-08 12:48:35,443 - INFO - [The Guardian] Success with 'requests_browser'. Found content (206 words).
2025-12-08 12:48:35,449 - INFO - [BBC] Article: https://www.bbc.com/news/articles/c5yqe197ypno?at_medium=RSS&at_campaign=rss
2025-12-08 12:48:35,458 - INFO - [BBC] Attempt 1/1: Trying with 'requests_browser' strategy...
2025-12-08 12:48:35,609 - INFO - Saved article: Woman handed four-year sentence for blackmailing footballer Son Heung-min | Son Heung-min | The Guardian from The Guardian
2025-12-08 12:48:35,622 - INFO - [BBC] Success with 'requests_browser'. Found content (414 words).
2025-12-08 12:48:35,848 - INFO - Saved article: China fighter jets lock radar on Japan planes as tensions rise from BBC
2025-12-08 12:48:36,257 - INFO - [The Guardian] Article: https://www.theguardian.com/world/2025/dec/08/thailand-airstrikes-disputed-border-cambodia
2025-12-08 12:48:36,257 - INFO - [The Guardian] Attempt 1/1: Trying with 'requests_browser' strategy...
2025-12-08 12:48:36,340 - INFO - [The Guardian] Success with 'requests_browser'. Found content (683 words).
2025-12-08 12:48:36,465 - INFO - Saved article: Thailand launches airstrikes along disputed border with Cambodia as tensions flare | Thailand | The Guardian from The Guardian
2025-12-08 12:48:37,250 - INFO - [BBC] Article: https://www.bbc.com/news/articles/czj0m2evm40o?at_medium=RSS&at_campaign=rss
2025-12-08 12:48:37,250 - INFO - [BBC] Attempt 1/1: Trying with 'requests_browser' strategy...
2025-12-08 12:48:37,808 - INFO - [The Guardian] Article: https://www.theguardian.com/world/2025/dec/08/hong-kong-election-low-turnout-discontent-apartment-fire
2025-12-08 12:48:37,808 - INFO - [The Guardian] Attempt 1/1: Trying with 'requests_browser' strategy...
2025-12-08 12:48:37,891 - INFO - [The Guardian] Success with 'requests_browser'. Found content (687 words).
2025-12-08 12:48:38,006 - INFO - Saved article: Near-record low election turnout in Hong Kong amid discontent over apartment fire | Hong Kong | The Guardian from The Guardian
2025-12-08 12:48:38,540 - INFO - [BBC] Success with 'requests_browser'. Found content (774 words).
2025-12-08 12:48:38,722 - INFO - [The Guardian] Article: https://www.theguardian.com/world/2025/dec/08/japan-china-radar-fighter-jets-claims
2025-12-08 12:48:38,722 - INFO - [The Guardian] Attempt 1/1: Trying with 'requests_browser' strategy...
2025-12-08 12:48:38,792 - INFO - Duplicate article skipped: Death of Venezuelan opposition figure in custody 'vile', US says from BBC
2025-12-08 12:48:38,834 - INFO - [The Guardian] Success with 'requests_browser'. Found content (625 words).
2025-12-08 12:48:39,066 - INFO - Saved article: Japan PM vows ‘resolute’ response after Chinese aircraft accused of locking radar on to Japanese fighter jets | Japan | The Guardian from The Guardian
2025-12-08 12:48:39,594 - INFO - [BBC] Article: https://www.bbc.com/news/articles/c2dzjk9d825o?at_medium=RSS&at_campaign=rss
2025-12-08 12:48:39,594 - INFO - [BBC] Attempt 1/1: Trying with 'requests_browser' strategy...
2025-12-08 12:48:39,792 - INFO - [BBC] Success with 'requests_browser'. Found content (305 words).
2025-12-08 12:48:40,049 - INFO - Saved article: Water leak in Louvre damages hundreds of books from BBC
2025-12-08 12:48:40,503 - INFO - [The Guardian] Article: https://www.theguardian.com/world/2025/dec/08/katy-perry-justin-trudeau-instagram-relationship-official
2025-12-08 12:48:40,503 - INFO - [The Guardian] Attempt 1/1: Trying with 'requests_browser' strategy...
2025-12-08 12:48:40,573 - INFO - [The Guardian] Success with 'requests_browser'. Found content (346 words).
2025-12-08 12:48:40,683 - INFO - Saved article: Katy Perry and Justin Trudeau make their relationship Instagram official | Justin Trudeau | The Guardian from The Guardian
2025-12-08 12:48:41,028 - INFO - [BBC] Article: https://www.bbc.com/news/articles/cpvd01g2kwwo?at_medium=RSS&at_campaign=rss
2025-12-08 12:48:41,028 - INFO - [BBC] Attempt 1/1: Trying with 'requests_browser' strategy...
2025-12-08 12:48:41,214 - INFO - [BBC] Success with 'requests_browser'. Found content (641 words).
2025-12-08 12:48:41,684 - INFO - Duplicate article skipped: New US security strategy aligns with Russia's vision, Moscow says from BBC
2025-12-08 12:48:41,949 - INFO - [The Guardian] Article: https://www.theguardian.com/australia-news/2025/dec/08/labor-minister-don-farrell-claimed-9000-for-family-travel-during-sports-events-and-theatre-showings
2025-12-08 12:48:41,949 - INFO - [The Guardian] Attempt 1/1: Trying with 'requests_browser' strategy...
2025-12-08 12:48:42,098 - INFO - [The Guardian] Success with 'requests_browser'. Found content (900 words).
2025-12-08 12:48:42,173 - INFO - [The Hindu] Page content loaded.
2025-12-08 12:48:42,297 - INFO - Saved article: Labor minister Don Farrell claimed $9,000 for family travel during sports events and theatre showings | Australian politicians' expenses | The Guardian from The Guardian
2025-12-08 12:48:42,460 - INFO - [The Hindu] Success with 'selenium_browser'. Found content (239 words).
2025-12-08 12:48:42,742 - INFO - Saved article: I am confident of my father completing full term, says Yathindra - The Hindu from The Hindu
2025-12-08 12:48:42,885 - INFO - [The Guardian] Article: https://www.theguardian.com/australia-news/2025/dec/08/long-bay-jail-nsw-prison-watchdog-report
2025-12-08 12:48:42,888 - INFO - [The Guardian] Attempt 1/1: Trying with 'requests_browser' strategy...
2025-12-08 12:48:43,032 - INFO - [BBC] Article: https://www.bbc.com/news/articles/cdj82d0nd4eo?at_medium=RSS&at_campaign=rss
2025-12-08 12:48:43,032 - INFO - [BBC] Attempt 1/1: Trying with 'requests_browser' strategy...
2025-12-08 12:48:43,074 - INFO - [The Guardian] Success with 'requests_browser'. Found content (556 words).
2025-12-08 12:48:43,219 - INFO - [BBC] Success with 'requests_browser'. Found content (598 words).
2025-12-08 12:48:43,342 - INFO - Saved article: Prison watchdog urges closure of ‘unsafe’ parts of Long Bay prison | Prisons | The Guardian from The Guardian
2025-12-08 12:48:43,402 - INFO - Duplicate article skipped: India: Goa nightclub fire kills 25 staff and tourists from BBC
2025-12-08 12:48:43,418 - INFO - [The Hindu] Article: https://www.thehindu.com/news/national/karnataka/promote-mixed-cropping-among-farmers-for-higher-yield-says-mandya-deputy-commissioner/article70372177.ece
2025-12-08 12:48:43,418 - INFO - [The Hindu] Attempt 1/1: Trying with 'selenium_browser' strategy...
2025-12-08 12:48:44,111 - INFO - [The Guardian] Article: https://www.theguardian.com/australia-news/2025/dec/08/pure-political-pork-labor-withdraws-power-bill-subsidies-as-treasurer-forecasts-difficult-budget-decisions
2025-12-08 12:48:44,111 - INFO - [The Guardian] Attempt 1/1: Trying with 'requests_browser' strategy...
2025-12-08 12:48:44,236 - INFO - [The Guardian] Success with 'requests_browser'. Found content (574 words).
2025-12-08 12:48:44,399 - INFO - [BBC] Article: https://www.bbc.com/news/articles/cz680jx511no?at_medium=RSS&at_campaign=rss
2025-12-08 12:48:44,399 - INFO - [BBC] Attempt 1/1: Trying with 'requests_browser' strategy...
2025-12-08 12:48:44,451 - INFO - Saved article: ‘Pure political pork’: government ends energy bill rebate as treasurer flags ‘difficult’ budget decisions | Energy | The Guardian from The Guardian
2025-12-08 12:48:44,553 - INFO - [BBC] Success with 'requests_browser'. Found content (599 words).
2025-12-08 12:48:44,674 - INFO - Duplicate article skipped: Ukrainian city hit by 'massive' strike as peace talks in US conclude from BBC
2025-12-08 12:48:45,190 - INFO - [BBC] Article: https://www.bbc.com/news/articles/c3r7plnwr0zo?at_medium=RSS&at_campaign=rss
2025-12-08 12:48:45,191 - INFO - [BBC] Attempt 1/1: Trying with 'requests_browser' strategy...
2025-12-08 12:48:45,317 - INFO - [BBC] Success with 'requests_browser'. Found content (1001 words).
2025-12-08 12:48:45,463 - INFO - Duplicate article skipped: LegCo: Hong Kong votes in election as city mourns deadly fire from BBC
2025-12-08 12:48:45,895 - INFO - [The Guardian] Article: https://www.theguardian.com/australia-news/2025/dec/08/anika-wells-claimed-more-than-8500-for-family-travel-to-melbourne-during-afl-grand-final-weekends-three-years-in-a-row
2025-12-08 12:48:45,896 - INFO - [The Guardian] Attempt 1/1: Trying with 'requests_browser' strategy...
2025-12-08 12:48:46,015 - INFO - [The Guardian] Success with 'requests_browser'. Found content (1018 words).
2025-12-08 12:48:46,269 - INFO - Duplicate article skipped: Anika Wells claimed more than $8,500 for family travel to Melbourne during AFL grand final weekends over three years | Australian politics | The Guardian from The Guardian
2025-12-08 12:48:46,759 - INFO - [BBC] Article: https://www.bbc.com/news/articles/c98nldr06l2o?at_medium=RSS&at_campaign=rss
2025-12-08 12:48:46,759 - INFO - [BBC] Attempt 1/1: Trying with 'requests_browser' strategy...
2025-12-08 12:48:46,949 - INFO - [BBC] Success with 'requests_browser'. Found content (410 words).
2025-12-08 12:48:47,247 - INFO - Duplicate article skipped: Chernobyl radiation shield 'lost safety function' after drone strike, UN watchdog says from BBC
2025-12-08 12:48:47,498 - INFO - [The Guardian] Article: https://www.theguardian.com/australia-news/live/2025/dec/08/australia-news-live-politics-coalition-housing-policy-liberal-labor-vic-nsw-qld-tasmania-weather-bushfires-economy-education-health-social-media-cost-of-living
2025-12-08 12:48:47,499 - INFO - [The Guardian] Attempt 1/1: Trying with 'requests_browser' strategy...
2025-12-08 12:48:47,890 - INFO - [BBC] Article: https://www.bbc.com/news/articles/crmd44yz7nmo?at_medium=RSS&at_campaign=rss
2025-12-08 12:48:47,890 - INFO - [BBC] Attempt 1/1: Trying with 'requests_browser' strategy...
2025-12-08 12:48:48,024 - INFO - [BBC] Success with 'requests_browser'. Found content (405 words).
2025-12-08 12:48:48,215 - INFO - Duplicate article skipped: Katy Perry posts photo with Justin Trudeau in Japan from BBC
2025-12-08 12:48:48,562 - INFO - [The Hindu] Page content loaded.
2025-12-08 12:48:49,045 - INFO - [The Hindu] Success with 'selenium_browser'. Found content (417 words).
2025-12-08 12:48:49,147 - INFO - [The Guardian] Success with 'requests_browser'. Found content (2574 words).
2025-12-08 12:48:49,394 - INFO - Saved article: Promote mixed cropping among farmers for higher yield, says Mandya Deputy Commissioner - The Hindu from The Hindu
2025-12-08 12:48:49,614 - INFO - [BBC] Article: https://www.bbc.com/news/articles/cqjgydnwxrpo?at_medium=RSS&at_campaign=rss
2025-12-08 12:48:49,614 - INFO - [BBC] Attempt 1/1: Trying with 'requests_browser' strategy...
2025-12-08 12:48:49,628 - INFO - Duplicate article skipped: Australians’ credit card debt at four-year high – as it happened | Australia news | The Guardian from The Guardian
2025-12-08 12:48:49,696 - INFO - [BBC] Success with 'requests_browser'. Found content (393 words).
2025-12-08 12:48:49,791 - INFO - Duplicate article skipped: Death toll passes 900 after devastating Indonesia floods from BBC
2025-12-08 12:48:50,150 - INFO - [The Hindu] Article: https://www.thehindu.com/news/national/punjab/farmer-group-protests-against-electricity-amendment-bill/article70372273.ece
2025-12-08 12:48:50,150 - INFO - [The Hindu] Attempt 1/1: Trying with 'selenium_browser' strategy...
2025-12-08 12:48:50,624 - INFO - [BBC] Article: https://www.bbc.com/news/articles/cwyw5vwrp9jo?at_medium=RSS&at_campaign=rss
2025-12-08 12:48:50,624 - INFO - [BBC] Attempt 1/1: Trying with 'requests_browser' strategy...
2025-12-08 12:48:50,702 - INFO - [BBC] Success with 'requests_browser'. Found content (543 words).
2025-12-08 12:48:50,773 - INFO - Duplicate article skipped: Trump criticises Henry Cuellar over not switching parties after pardon from BBC
2025-12-08 12:48:50,788 - INFO - [The Guardian] Article: https://www.theguardian.com/uk-news/2025/dec/08/storm-bram-uk-weather-wind-rain-flooding-warning
2025-12-08 12:48:50,788 - INFO - [The Guardian] Attempt 1/1: Trying with 'requests_browser' strategy...
2025-12-08 12:48:50,859 - INFO - [The Guardian] Success with 'requests_browser'. Found content (235 words).
2025-12-08 12:48:50,998 - INFO - Saved article: Storm Bram to bring strong winds and heavy rain across UK | UK weather | The Guardian from The Guardian
2025-12-08 12:48:51,350 - INFO - [BBC] Article: https://www.bbc.com/news/articles/cr7l4n89lr1o?at_medium=RSS&at_campaign=rss
2025-12-08 12:48:51,350 - INFO - [BBC] Attempt 1/1: Trying with 'requests_browser' strategy...
2025-12-08 12:48:51,693 - INFO - [BBC] Success with 'requests_browser'. Found content (441 words).
2025-12-08 12:48:51,779 - INFO - Duplicate article skipped: National Park Service removes free entry on Martin Luther King Jr Day and Juneteenth from BBC
2025-12-08 12:48:51,914 - INFO - [The Guardian] Article: https://www.theguardian.com/world/live/2025/dec/08/ukraine-zelenskyy-starmer-merz-macron-london-trump-russia-europe-news-latest-updates
2025-12-08 12:48:51,914 - INFO - [The Guardian] Attempt 1/1: Trying with 'requests_browser' strategy...
2025-12-08 12:48:52,151 - INFO - [The Guardian] Success with 'requests_browser'. Found content (2013 words).
2025-12-08 12:48:52,492 - INFO - Saved article: Ukraine war live: Zelenskyy to meet Starmer, Macron and Merz in London over peace push | Ukraine | The Guardian from The Guardian
2025-12-08 12:48:52,908 - INFO - [BBC] Article: https://www.bbc.com/news/videos/czdg0598ry0o?at_medium=RSS&at_campaign=rss
2025-12-08 12:48:52,909 - INFO - [BBC] Attempt 1/1: Trying with 'requests_browser' strategy...
2025-12-08 12:48:53,220 - INFO - [BBC] Success with 'requests_browser'. Found content (202 words).
2025-12-08 12:48:53,244 - INFO - [The Guardian] Article: https://www.theguardian.com/world/2025/dec/08/ukraine-peace-deal-trump-zelenskyy-not-ready
2025-12-08 12:48:53,245 - INFO - [The Guardian] Attempt 1/1: Trying with 'requests_browser' strategy...
2025-12-08 12:48:53,328 - INFO - Duplicate article skipped: Olympic flame arrives in Rome ahead of Winter Olympics from BBC
2025-12-08 12:48:53,483 - INFO - [The Guardian] Success with 'requests_browser'. Found content (799 words).
2025-12-08 12:48:53,801 - INFO - Saved article: Zelenskyy to meet European leaders in London for talks on ending Ukraine war | Ukraine | The Guardian from The Guardian
2025-12-08 12:48:54,139 - INFO - [The Hindu] Page content loaded.
2025-12-08 12:48:54,216 - INFO - [The Hindu] Success with 'selenium_browser'. Found content (266 words).
2025-12-08 12:48:54,289 - INFO - Saved article: Farmer group protests against Electricity Amendment Bill - The Hindu from The Hindu
2025-12-08 12:48:54,312 - INFO - [BBC] Article: https://www.bbc.com/news/articles/c3e0z97qn3eo?at_medium=RSS&at_campaign=rss
2025-12-08 12:48:54,312 - INFO - [BBC] Attempt 1/1: Trying with 'requests_browser' strategy...
2025-12-08 12:48:54,551 - INFO - [BBC] Success with 'requests_browser'. Found content (429 words).
2025-12-08 12:48:54,592 - INFO - Duplicate article skipped: Iran arrests marathon organisers over women not wearing hijab from BBC
2025-12-08 12:48:54,629 - INFO - [The Guardian] Article: https://www.theguardian.com/artanddesign/2025/dec/08/portrait-of-a-man-18th-century-corsican-independence-leader-sale
2025-12-08 12:48:54,630 - INFO - [The Guardian] Attempt 1/1: Trying with 'requests_browser' strategy...
2025-12-08 12:48:54,657 - INFO - [The Guardian] Success with 'requests_browser'. Found content (629 words).
2025-12-08 12:48:54,698 - INFO - Saved article: ‘Portrait of a man’, who was 18th-century Corsican independence leader, goes on sale | Art | The Guardian from The Guardian
2025-12-08 12:48:54,938 - INFO - [The Hindu] Article: https://www.thehindu.com/news/national/telangana/south-asian-envoys-visit-buddhavanam-in-telanganas-nalgonda/article70372363.ece
2025-12-08 12:48:54,938 - INFO - [The Hindu] Attempt 1/1: Trying with 'selenium_browser' strategy...
2025-12-08 12:48:55,511 - INFO - [BBC] Article: https://www.bbc.com/news/articles/c0q5lejppeno?at_medium=RSS&at_campaign=rss
2025-12-08 12:48:55,511 - INFO - [BBC] Attempt 1/1: Trying with 'requests_browser' strategy...
2025-12-08 12:48:55,544 - INFO - [The Guardian] Article: https://www.theguardian.com/world/ng-interactive/2025/dec/08/id-defend-our-nation-poles-prepare-for-growing-threat-of-war
2025-12-08 12:48:55,544 - INFO - [The Guardian] Attempt 1/1: Trying with 'requests_browser' strategy...
2025-12-08 12:48:55,548 - INFO - [BBC] Success with 'requests_browser'. Found content (386 words).
2025-12-08 12:48:55,611 - INFO - Duplicate article skipped: National Guardsman 'slowly healing' after being shot in Washington DC from BBC
2025-12-08 12:48:55,635 - INFO - [The Guardian] Success with 'requests_browser'. Found content (1421 words).
2025-12-08 12:48:55,690 - INFO - Saved article: ‘I’d defend our nation’: Poles prepare for growing threat of war | Poland | The Guardian from The Guardian
2025-12-08 12:48:56,264 - INFO - [BBC] Article: https://www.bbc.com/news/articles/c2lvk2gql97o?at_medium=RSS&at_campaign=rss
2025-12-08 12:48:56,265 - INFO - [BBC] Attempt 1/1: Trying with 'requests_browser' strategy...
2025-12-08 12:48:56,386 - INFO - [BBC] Success with 'requests_browser'. Found content (1523 words).
2025-12-08 12:48:56,451 - INFO - Saved article: The South African Afrikaners hoping to go to the US as refugees: 'We are an endangered species' from BBC
2025-12-08 12:48:56,988 - INFO - [BBC] Article: https://www.bbc.com/news/articles/c4g9e34yzvgo?at_medium=RSS&at_campaign=rss
2025-12-08 12:48:56,988 - INFO - [BBC] Attempt 1/1: Trying with 'requests_browser' strategy...
2025-12-08 12:48:57,050 - INFO - [The Hindu] Page content loaded.
2025-12-08 12:48:57,057 - INFO - [BBC] Success with 'requests_browser'. Found content (735 words).
2025-12-08 12:48:57,159 - INFO - Duplicate article skipped: Japan is facing a dementia crisis – can technology help? from BBC
2025-12-08 12:48:57,181 - INFO - [The Hindu] Success with 'selenium_browser'. Found content (238 words).
2025-12-08 12:48:57,390 - INFO - Saved article: South Asian envoys visit Buddhavanam in Telangana’s Nalgonda - The Hindu from The Hindu
2025-12-08 12:48:58,440 - INFO - [The Hindu] Article: https://www.thehindu.com/news/national/karnataka/karnataka-winter-session-day-1-sees-thin-attendance-of-members-in-assembly/article70371794.ece
2025-12-08 12:48:58,440 - INFO - [The Hindu] Attempt 1/1: Trying with 'selenium_browser' strategy...
2025-12-08 12:50:33,162 - ERROR - [Times of India] Request failed for strategy 'selenium_browser' on URL https://timesofindia.indiatimes.com/world/us/donald-trump-set-to-fire-ice-queen-kristi-noem-report/articleshow/125833886.cms: HTTPConnectionPool(host='localhost', port=59239): Read timed out. (read timeout=120)
2025-12-08 12:50:33,162 - ERROR - [Times of India] All scrape strategies failed for https://timesofindia.indiatimes.com/world/us/donald-trump-set-to-fire-ice-queen-kristi-noem-report/articleshow/125833886.cms. Falling back to RSS description.
2025-12-08 12:50:33,165 - INFO - Saved article: Donald Trump set to fire ICE queen Kristi Noem: Report from Times of India
2025-12-08 12:50:34,438 - INFO - [Times of India] Article: https://timesofindia.indiatimes.com/world/rest-of-world/mass-murder-hijack-or-glitch-the-story-of-flight-mh370-which-disappeared-from-the-world-just-minutes-after-take-off/articleshow/125834499.cms
2025-12-08 12:50:34,438 - INFO - [Times of India] Attempt 1/1: Trying with 'selenium_browser' strategy...
2025-12-08 12:50:58,541 - ERROR - [The Hindu] Request failed for strategy 'selenium_browser' on URL https://www.thehindu.com/news/national/karnataka/karnataka-winter-session-day-1-sees-thin-attendance-of-members-in-assembly/article70371794.ece: HTTPConnectionPool(host='localhost', port=51371): Read timed out. (read timeout=120)
2025-12-08 12:50:58,541 - ERROR - [The Hindu] All scrape strategies failed for https://www.thehindu.com/news/national/karnataka/karnataka-winter-session-day-1-sees-thin-attendance-of-members-in-assembly/article70371794.ece. Falling back to RSS description.
2025-12-08 12:50:58,543 - INFO - Saved article: Karnataka Winter Session: Day 1 sees thin attendance of members in Assembly from The Hindu
2025-12-08 12:50:59,747 - INFO - [The Hindu] Article: https://www.thehindu.com/news/national/goa/goa-nightclub-fire-police-team-leaves-for-delhi-to-arrest-owners-fifth-accused-held/article70372217.ece
2025-12-08 12:50:59,747 - INFO - [The Hindu] Attempt 1/1: Trying with 'selenium_browser' strategy...
2025-12-08 12:52:34,529 - ERROR - [Times of India] Request failed for strategy 'selenium_browser' on URL https://timesofindia.indiatimes.com/world/rest-of-world/mass-murder-hijack-or-glitch-the-story-of-flight-mh370-which-disappeared-from-the-world-just-minutes-after-take-off/articleshow/125834499.cms: HTTPConnectionPool(host='localhost', port=59239): Read timed out. (read timeout=120)
2025-12-08 12:52:34,529 - ERROR - [Times of India] All scrape strategies failed for https://timesofindia.indiatimes.com/world/rest-of-world/mass-murder-hijack-or-glitch-the-story-of-flight-mh370-which-disappeared-from-the-world-just-minutes-after-take-off/articleshow/125834499.cms. Falling back to RSS description.
2025-12-08 12:52:34,531 - INFO - Saved article: Mass murder, hijack or glitch? The story of flight MH370 which disappeared from the world just minutes after take-off from Times of India
2025-12-08 12:52:35,795 - INFO - [Times of India] Article: https://timesofindia.indiatimes.com/world/middle-east/bridge-summit-2025-kicks-off-in-abu-dhabi-with-idris-elba-and-global-media-leaders-key-highlights/articleshow/125833909.cms
2025-12-08 12:52:35,795 - INFO - [Times of India] Attempt 1/1: Trying with 'selenium_browser' strategy...
2025-12-08 12:52:59,842 - ERROR - [The Hindu] Request failed for strategy 'selenium_browser' on URL https://www.thehindu.com/news/national/goa/goa-nightclub-fire-police-team-leaves-for-delhi-to-arrest-owners-fifth-accused-held/article70372217.ece: HTTPConnectionPool(host='localhost', port=51371): Read timed out. (read timeout=120)
2025-12-08 12:52:59,842 - ERROR - [The Hindu] All scrape strategies failed for https://www.thehindu.com/news/national/goa/goa-nightclub-fire-police-team-leaves-for-delhi-to-arrest-owners-fifth-accused-held/article70372217.ece. Falling back to RSS description.
2025-12-08 12:52:59,844 - INFO - Saved article: Goa nightclub fire: Police team leaves for Delhi to arrest owners; fifth accused held from The Hindu
2025-12-08 12:53:00,672 - INFO - [The Hindu] Article: https://www.thehindu.com/news/national/karnataka/presidents-visit-to-malavalli-top-officials-review-preparations/article70372346.ece
2025-12-08 12:53:00,672 - INFO - [The Hindu] Attempt 1/1: Trying with 'selenium_browser' strategy...
2025-12-08 12:54:35,878 - ERROR - [Times of India] Request failed for strategy 'selenium_browser' on URL https://timesofindia.indiatimes.com/world/middle-east/bridge-summit-2025-kicks-off-in-abu-dhabi-with-idris-elba-and-global-media-leaders-key-highlights/articleshow/125833909.cms: HTTPConnectionPool(host='localhost', port=59239): Read timed out. (read timeout=120)
2025-12-08 12:54:35,878 - ERROR - [Times of India] All scrape strategies failed for https://timesofindia.indiatimes.com/world/middle-east/bridge-summit-2025-kicks-off-in-abu-dhabi-with-idris-elba-and-global-media-leaders-key-highlights/articleshow/125833909.cms. Falling back to RSS description.
2025-12-08 12:54:35,880 - INFO - Saved article: Bridge Summit 2025 kicks off in Abu Dhabi with Idris Elba and global media leaders: Key highlights from Times of India
2025-12-08 12:54:37,374 - INFO - [Times of India] Article: https://timesofindia.indiatimes.com/world/us-streamers/plaqueboymax-defends-kai-cenats-pal-tylil-james-after-heated-reaction-to-fanfans-joke-at-streamer-awards-2025/articleshow/125834193.cms
2025-12-08 12:54:37,374 - INFO - [Times of India] Attempt 1/1: Trying with 'selenium_browser' strategy...
2025-12-08 12:55:00,773 - ERROR - [The Hindu] Request failed for strategy 'selenium_browser' on URL https://www.thehindu.com/news/national/karnataka/presidents-visit-to-malavalli-top-officials-review-preparations/article70372346.ece: HTTPConnectionPool(host='localhost', port=51371): Read timed out. (read timeout=120)
2025-12-08 12:55:00,773 - ERROR - [The Hindu] All scrape strategies failed for https://www.thehindu.com/news/national/karnataka/presidents-visit-to-malavalli-top-officials-review-preparations/article70372346.ece. Falling back to RSS description.
2025-12-08 12:55:00,777 - INFO - Saved article: President’s visit to Malavalli: Top officials review preparations from The Hindu
2025-12-08 12:55:01,997 - INFO - [The Hindu] Article: https://www.thehindu.com/news/national/telangana/cold-wave-alert-in-telangana-dists-on-december-9-12-dists-record-below-10c/article70372095.ece
2025-12-08 12:55:01,997 - INFO - [The Hindu] Attempt 1/1: Trying with 'selenium_browser' strategy...
2025-12-08 12:55:25,686 - CRITICAL - --- TIMEOUT: 2 scrape jobs did not complete in 420s. ---
2025-12-08 12:55:25,686 - ERROR - A thread has timed out and will be abandoned.
2025-12-08 12:55:25,686 - ERROR - A thread has timed out and will be abandoned.
2025-12-08 12:55:25,686 - INFO - Shutting down thread pool (wait=False)...
2025-12-08 12:55:25,686 - INFO - Scraped: 11 BBC, 16 The Guardian, 2 Timed_Out_Jobs articles. (Total saved: 27)
2025-12-08 12:55:25,687 - INFO - --- Scraping job finished ---
2025-12-08 12:55:25,687 - INFO - --- Scraper service stopped and database connection closed. ---
2025-12-08 12:55:25,687 - INFO - --- Main thread finished. Forcing process exit to kill zombie threads. ---
