2026-03-24 02:24:04,248 - INFO - Initializing database connection at: news_articles.db
2026-03-24 02:24:04,248 - INFO - --- Scraper service started (CI Mode: Run Once) ---
2026-03-24 02:24:04,248 - INFO - --- Starting new scraping job (Parallel Mode) ---
2026-03-24 02:24:04,248 - INFO - Creating new robust session with 3 retries on 5xx/connection/read errors.
2026-03-24 02:24:04,248 - INFO - Proxy is DISABLED.
2026-03-24 02:24:04,249 - INFO - Starting scrape for BBC RSS feed: http://feeds.bbci.co.uk/news/world/rss.xml
2026-03-24 02:24:04,249 - INFO - [Times of India] (Thread) requires Selenium. Initializing driver...
2026-03-24 02:24:04,249 - INFO - Initializing headless Selenium Chrome driver (using SeleniumManager)...
2026-03-24 02:24:04,250 - INFO - Starting scrape for The Guardian RSS feed: https://www.theguardian.com/world/rss
2026-03-24 02:24:04,251 - INFO - [The Hindu] (Thread) requires Selenium. Initializing driver...
2026-03-24 02:24:04,251 - INFO - Initializing headless Selenium Chrome driver (using SeleniumManager)...
2026-03-24 02:24:04,251 - INFO - Submitted 4 jobs to thread pool. Waiting up to 420s for completion...
2026-03-24 02:24:04,582 - INFO - Found 35 articles in BBC RSS feed. Processing up to 25.
2026-03-24 02:24:04,582 - INFO - [BBC] Article: https://www.bbc.com/news/articles/c3v6ld7lv9no?at_medium=RSS&at_campaign=rss
2026-03-24 02:24:04,583 - INFO - [BBC] Attempt 1/1: Trying with 'requests_browser' strategy...
2026-03-24 02:24:04,624 - INFO - Found 45 articles in The Guardian RSS feed. Processing up to 25.
2026-03-24 02:24:04,624 - INFO - [The Guardian] Article: https://www.theguardian.com/world/2026/mar/21/strike-on-sudan-hospital-kills-wounds-world-health-organization-reports
2026-03-24 02:24:04,624 - INFO - [The Guardian] Attempt 1/1: Trying with 'requests_browser' strategy...
2026-03-24 02:24:04,686 - INFO - [The Guardian] Success with 'requests_browser'. Found content (408 words).
2026-03-24 02:24:04,719 - INFO - Duplicate article skipped: Strike on Sudan hospital kills at least 64 and wounds 89 more, WHO reports | Sudan | The Guardian from The Guardian
2026-03-24 02:24:04,964 - INFO - [BBC] Success with 'requests_browser'. Found content (1190 words).
2026-03-24 02:24:05,013 - INFO - Saved article: A pharmacist and a homesick lifestyle blogger: The 'alarming' civilian cost of war in Iran from BBC
2026-03-24 02:24:05,561 - INFO - [The Guardian] Article: https://www.theguardian.com/world/2026/mar/20/madagascar-military-ruler-new-ministers-lie-detector-tests
2026-03-24 02:24:05,561 - INFO - [The Guardian] Attempt 1/1: Trying with 'requests_browser' strategy...
2026-03-24 02:24:05,640 - INFO - [The Guardian] Success with 'requests_browser'. Found content (459 words).
2026-03-24 02:24:05,685 - INFO - Duplicate article skipped: Madagascar’s military ruler decrees that ministers must pass lie detector tests | Madagascar | The Guardian from The Guardian
2026-03-24 02:24:06,424 - INFO - [BBC] Article: https://www.bbc.com/news/articles/c78rdze8zvjo?at_medium=RSS&at_campaign=rss
2026-03-24 02:24:06,424 - INFO - [BBC] Attempt 1/1: Trying with 'requests_browser' strategy...
2026-03-24 02:24:06,473 - INFO - [BBC] Success with 'requests_browser'. Found content (1026 words).
2026-03-24 02:24:06,518 - INFO - Saved article: 'Like the plane got cut in half': Eyewitnesses describe chaos of LaGuardia crash from BBC
2026-03-24 02:24:07,178 - INFO - [The Guardian] Article: https://www.theguardian.com/global-development/2026/mar/19/poorest-countries-lose-uk-aid-56-per-cent-budget-cut
2026-03-24 02:24:07,179 - INFO - [The Guardian] Attempt 1/1: Trying with 'requests_browser' strategy...
2026-03-24 02:24:07,260 - INFO - [The Guardian] Success with 'requests_browser'. Found content (1051 words).
2026-03-24 02:24:07,313 - INFO - Duplicate article skipped: Some of the world’s poorest countries to lose UK aid due to 56% budget cut | Global development | The Guardian from The Guardian
2026-03-24 02:24:07,870 - INFO - [BBC] Article: https://www.bbc.com/news/articles/c1mklzkz41jo?at_medium=RSS&at_campaign=rss
2026-03-24 02:24:07,870 - INFO - [BBC] Attempt 1/1: Trying with 'requests_browser' strategy...
2026-03-24 02:24:07,935 - INFO - [BBC] Success with 'requests_browser'. Found content (1696 words).
2026-03-24 02:24:07,987 - INFO - Saved article: Russia in Africa: Inside the alleged operation to influence Angolan politics from BBC
2026-03-24 02:24:08,209 - INFO - [The Guardian] Article: https://www.theguardian.com/global-development/2026/mar/19/tanzania-lemi-limbu-freed-woman-learning-disabilities-death-row
2026-03-24 02:24:08,210 - INFO - [The Guardian] Attempt 1/1: Trying with 'requests_browser' strategy...
2026-03-24 02:24:08,341 - INFO - [The Guardian] Success with 'requests_browser'. Found content (681 words).
2026-03-24 02:24:08,376 - INFO - Duplicate article skipped: Woman has sentence quashed by Tanzania court after over a decade on death row | Global development | The Guardian from The Guardian
2026-03-24 02:24:08,719 - INFO - [BBC] Article: https://www.bbc.com/news/articles/crl1ne8dj1eo?at_medium=RSS&at_campaign=rss
2026-03-24 02:24:08,720 - INFO - [BBC] Attempt 1/1: Trying with 'requests_browser' strategy...
2026-03-24 02:24:08,755 - INFO - [BBC] Success with 'requests_browser'. Found content (497 words).
2026-03-24 02:24:08,805 - INFO - Saved article: Referendum defeat leaves Italy's Meloni looking more vulnerable from BBC
2026-03-24 02:24:09,478 - INFO - [The Guardian] Article: https://www.theguardian.com/world/2026/mar/19/jihadist-violence-nigeria-drc-terrorism-index
2026-03-24 02:24:09,478 - INFO - [The Guardian] Attempt 1/1: Trying with 'requests_browser' strategy...
2026-03-24 02:24:09,555 - INFO - [The Guardian] Success with 'requests_browser'. Found content (656 words).
2026-03-24 02:24:09,622 - INFO - Duplicate article skipped: Jihadist violence in Nigeria and DRC rose sharply last year even as global deaths from terror fell | Nigeria | The Guardian from The Guardian
2026-03-24 02:24:09,729 - INFO - [BBC] Article: https://www.bbc.com/news/articles/czex56kwxxzo?at_medium=RSS&at_campaign=rss
2026-03-24 02:24:09,729 - INFO - [BBC] Attempt 1/1: Trying with 'requests_browser' strategy...
2026-03-24 02:24:09,770 - INFO - [BBC] Success with 'requests_browser'. Found content (856 words).
2026-03-24 02:24:09,812 - INFO - Duplicate article skipped: Oil falls and shares rebound after Trump says talks have been held to end war from BBC
2026-03-24 02:24:10,389 - INFO - [BBC] Article: https://www.bbc.com/news/articles/c77m4zx6zvmo?at_medium=RSS&at_campaign=rss
2026-03-24 02:24:10,389 - INFO - [BBC] Attempt 1/1: Trying with 'requests_browser' strategy...
2026-03-24 02:24:10,417 - INFO - [BBC] Success with 'requests_browser'. Found content (481 words).
2026-03-24 02:24:10,456 - INFO - Saved article: Slovenia becomes first EU state to introduce fuel rationing from BBC
2026-03-24 02:24:10,870 - INFO - [The Guardian] Article: https://www.theguardian.com/us-news/2026/mar/23/canadian-flight-attendant-survives-new-york-plane-crash-laguardia
2026-03-24 02:24:10,870 - INFO - [The Guardian] Attempt 1/1: Trying with 'requests_browser' strategy...
2026-03-24 02:24:11,023 - INFO - [The Guardian] Success with 'requests_browser'. Found content (444 words).
2026-03-24 02:24:11,030 - INFO - [BBC] Article: https://www.bbc.com/news/articles/c8dlmrjn1l2o?at_medium=RSS&at_campaign=rss
2026-03-24 02:24:11,030 - INFO - [BBC] Attempt 1/1: Trying with 'requests_browser' strategy...
2026-03-24 02:24:11,068 - INFO - Saved article: ‘A miracle’: Canadian flight attendant ejected from plane survives New York crash | New York | The Guardian from The Guardian
2026-03-24 02:24:11,092 - INFO - [BBC] Success with 'requests_browser'. Found content (302 words).
2026-03-24 02:24:11,133 - INFO - Saved article: Colombian military plane with 125 people crashes from BBC
2026-03-24 02:24:11,196 - INFO - Selenium driver initialized successfully.
2026-03-24 02:24:11,196 - INFO - Starting scrape for The Hindu RSS feed: https://www.thehindu.com/news/national/feeder/default.rss
2026-03-24 02:24:11,197 - INFO - Selenium driver initialized successfully.
2026-03-24 02:24:11,197 - INFO - Starting scrape for Times of India RSS feed: https://timesofindia.indiatimes.com/rssfeeds/296589292.cms
2026-03-24 02:24:11,362 - INFO - Found 20 articles in Times of India RSS feed. Processing up to 25.
2026-03-24 02:24:11,362 - INFO - [Times of India] Article: https://timesofindia.indiatimes.com/world/middle-east/us-israel-iran-war-news-live-udates-latest-news-middle-east-crisis-conflict-drone-ballistic-missile-attack-gulf-countries-dubai-qatar-news-donald-trump-netanyahu-strait-of-hormuz-lpg-tanker-iran-attack-qatar/liveblog/129727558.cms
2026-03-24 02:24:11,362 - INFO - [Times of India] Attempt 1/1: Trying with 'selenium_browser' strategy...
2026-03-24 02:24:11,385 - INFO - Found 60 articles in The Hindu RSS feed. Processing up to 25.
2026-03-24 02:24:11,385 - INFO - [The Hindu] Article: https://www.thehindu.com/elections/tamil-nadu-assembly/14-polling-stations-across-tn-to-be-in-high-rise-buildings-or-group-housing-societies/article70765895.ece
2026-03-24 02:24:11,385 - INFO - [The Hindu] Attempt 1/1: Trying with 'selenium_browser' strategy...
2026-03-24 02:24:12,169 - INFO - [The Guardian] Article: https://www.theguardian.com/world/2026/mar/24/brutal-attack-capybara-brazil-eight-arrested
2026-03-24 02:24:12,169 - INFO - [The Guardian] Attempt 1/1: Trying with 'requests_browser' strategy...
2026-03-24 02:24:12,241 - INFO - [The Guardian] Success with 'requests_browser'. Found content (308 words).
2026-03-24 02:24:12,305 - INFO - Saved article: Eight arrested for ‘brutal’ attack on capybara in Brazil | Brazil | The Guardian from The Guardian
2026-03-24 02:24:12,485 - INFO - [BBC] Article: https://www.bbc.com/news/articles/c98kd9x705eo?at_medium=RSS&at_campaign=rss
2026-03-24 02:24:12,485 - INFO - [BBC] Attempt 1/1: Trying with 'requests_browser' strategy...
2026-03-24 02:24:12,547 - INFO - [BBC] Success with 'requests_browser'. Found content (581 words).
2026-03-24 02:24:12,604 - INFO - Saved article: Markwayne Mullin confirmed as Department of Homeland Security head from BBC
2026-03-24 02:24:12,902 - INFO - [The Hindu] Page content loaded.
2026-03-24 02:24:13,142 - WARNING - [The Hindu] FAILED with 'selenium_browser' (content was too short: 69 words).
2026-03-24 02:24:13,143 - ERROR - [The Hindu] All scrape strategies failed for https://www.thehindu.com/elections/tamil-nadu-assembly/14-polling-stations-across-tn-to-be-in-high-rise-buildings-or-group-housing-societies/article70765895.ece. Falling back to RSS description.
2026-03-24 02:24:13,146 - INFO - Saved article: 14 polling stations across T.N. to be in high-rise buildings or group housing societies from The Hindu
2026-03-24 02:24:13,219 - INFO - [The Guardian] Article: https://www.theguardian.com/world/2026/mar/23/colombia-military-plane-crash
2026-03-24 02:24:13,219 - INFO - [The Guardian] Attempt 1/1: Trying with 'requests_browser' strategy...
2026-03-24 02:24:13,330 - INFO - [The Guardian] Success with 'requests_browser'. Found content (575 words).
2026-03-24 02:24:13,430 - INFO - Saved article: At least 34 dead as Colombian military plane crashes | Colombia | The Guardian from The Guardian
2026-03-24 02:24:13,869 - INFO - [BBC] Article: https://www.bbc.com/news/articles/c1eq7v91n4xo?at_medium=RSS&at_campaign=rss
2026-03-24 02:24:13,869 - INFO - [BBC] Attempt 1/1: Trying with 'requests_browser' strategy...
2026-03-24 02:24:13,974 - INFO - [The Guardian] Article: https://www.theguardian.com/us-news/2026/mar/23/air-canada-plane-collides-with-ground-vehicle-at-new-yorks-laguardia-airport-halting-all-flights
2026-03-24 02:24:13,975 - INFO - [The Guardian] Attempt 1/1: Trying with 'requests_browser' strategy...
2026-03-24 02:24:14,008 - INFO - [The Hindu] Article: https://www.thehindu.com/elections/tamil-nadu-assembly/ramadoss-sasikala-join-hands-to-field-candidates-in-234-seats/article70766525.ece
2026-03-24 02:24:14,008 - INFO - [The Hindu] Attempt 1/1: Trying with 'selenium_browser' strategy...
2026-03-24 02:24:14,040 - INFO - [BBC] Success with 'requests_browser'. Found content (381 words).
2026-03-24 02:24:14,194 - INFO - [The Guardian] Success with 'requests_browser'. Found content (700 words).
2026-03-24 02:24:14,296 - INFO - Saved article: Jury orders Bill Cosby to pay $19m to ex-waitress after finding he abused her in 1972 from BBC
2026-03-24 02:24:14,337 - INFO - Saved article: Two pilots killed after Air Canada jet collision at LaGuardia in New York | New York | The Guardian from The Guardian
2026-03-24 02:24:14,951 - INFO - [BBC] Article: https://www.bbc.com/news/articles/crl1n0pn3e9o?at_medium=RSS&at_campaign=rss
2026-03-24 02:24:14,951 - INFO - [BBC] Attempt 1/1: Trying with 'requests_browser' strategy...
2026-03-24 02:24:15,057 - INFO - [BBC] Success with 'requests_browser'. Found content (479 words).
2026-03-24 02:24:15,218 - INFO - Saved article: Blast that injured two was 'terrorist attack', Ukrainian authorities say from BBC
2026-03-24 02:24:15,715 - INFO - [The Guardian] Article: https://www.theguardian.com/us-news/2026/mar/20/canadian-mother-daughter-ice-detention
2026-03-24 02:24:15,716 - INFO - [The Guardian] Attempt 1/1: Trying with 'requests_browser' strategy...
2026-03-24 02:24:15,959 - INFO - [The Guardian] Success with 'requests_browser'. Found content (722 words).
2026-03-24 02:24:16,084 - INFO - [The Hindu] Page content loaded.
2026-03-24 02:24:16,284 - INFO - [BBC] Article: https://www.bbc.com/news/articles/cx298j7xg0yo?at_medium=RSS&at_campaign=rss
2026-03-24 02:24:16,284 - INFO - [BBC] Attempt 1/1: Trying with 'requests_browser' strategy...
2026-03-24 02:24:16,355 - INFO - Duplicate article skipped: Canadian mother and daughter ‘traumatized’ by ICE detainment, husband says | ICE (US Immigration and Customs Enforcement) | The Guardian from The Guardian
2026-03-24 02:24:16,523 - INFO - [BBC] Success with 'requests_browser'. Found content (699 words).
2026-03-24 02:24:16,732 - INFO - Saved article: ICE deployed to US airports as security queues stretch for hours from BBC
2026-03-24 02:24:16,758 - INFO - [The Hindu] Success with 'selenium_browser'. Found content (203 words).
2026-03-24 02:24:17,001 - INFO - Saved article: Tamil Nadu Assembly election 2026: Ramadoss, Sasikala join hands, to field candidates in all 234 seats - The Hindu from The Hindu
2026-03-24 02:24:17,259 - INFO - [BBC] Article: https://www.bbc.com/news/articles/c33le6yv7pno?at_medium=RSS&at_campaign=rss
2026-03-24 02:24:17,259 - INFO - [BBC] Attempt 1/1: Trying with 'requests_browser' strategy...
2026-03-24 02:24:17,347 - INFO - [BBC] Success with 'requests_browser'. Found content (490 words).
2026-03-24 02:24:17,453 - INFO - Saved article: OnlyFans owner Leonid Radvinsky dies at 43 from BBC
2026-03-24 02:24:17,498 - INFO - [The Guardian] Article: https://www.theguardian.com/world/2026/mar/24/tonga-us-deal-deep-sea-minerals-environmental-concern
2026-03-24 02:24:17,498 - INFO - [The Guardian] Attempt 1/1: Trying with 'requests_browser' strategy...
2026-03-24 02:24:17,589 - INFO - [The Guardian] Success with 'requests_browser'. Found content (586 words).
2026-03-24 02:24:17,676 - INFO - [The Hindu] Article: https://www.thehindu.com/elections/tamil-nadu-assembly/a-true-benevolent-authoritarian-enforces-discipline-for-the-greater-good-seeman/article70766533.ece
2026-03-24 02:24:17,676 - INFO - [The Hindu] Attempt 1/1: Trying with 'selenium_browser' strategy...
2026-03-24 02:24:17,779 - INFO - Saved article: Tonga PM welcomes US deal to explore deep-sea minerals amid environmental concerns | Pacific leaders: in their words | The Guardian from The Guardian
2026-03-24 02:24:17,955 - INFO - [BBC] Article: https://www.bbc.com/news/articles/cd9vn71vjq1o?at_medium=RSS&at_campaign=rss
2026-03-24 02:24:17,955 - INFO - [BBC] Attempt 1/1: Trying with 'requests_browser' strategy...
2026-03-24 02:24:18,187 - INFO - [BBC] Success with 'requests_browser'. Found content (451 words).
2026-03-24 02:24:18,363 - INFO - Saved article: Ozoro's Alue-Do festival: Nigerian police say no complaints of rape made from BBC
2026-03-24 02:24:18,535 - INFO - [The Guardian] Article: https://www.theguardian.com/world/2026/mar/23/new-zealand-pm-luxon-ratings-dip-fragile-economy-november-election-poll
2026-03-24 02:24:18,535 - INFO - [The Guardian] Attempt 1/1: Trying with 'requests_browser' strategy...
2026-03-24 02:24:18,660 - INFO - [The Guardian] Success with 'requests_browser'. Found content (588 words).
2026-03-24 02:24:18,827 - INFO - Duplicate article skipped: New Zealand PM’s ratings dip as fragile economy fails to impress before November election, poll shows | New Zealand election 2026 | The Guardian from The Guardian
2026-03-24 02:24:19,289 - INFO - [The Hindu] Page content loaded.
2026-03-24 02:24:19,472 - INFO - [The Hindu] Success with 'selenium_browser'. Found content (928 words).
2026-03-24 02:24:19,567 - INFO - [BBC] Article: https://www.bbc.com/news/articles/ce8j9yj52lro?at_medium=RSS&at_campaign=rss
2026-03-24 02:24:19,567 - INFO - [BBC] Attempt 1/1: Trying with 'requests_browser' strategy...
2026-03-24 02:24:19,675 - INFO - Saved article: A true benevolent authoritarian enforces discipline for the greater good: Seeman - The Hindu from The Hindu
2026-03-24 02:24:19,706 - INFO - [BBC] Success with 'requests_browser'. Found content (339 words).
2026-03-24 02:24:19,794 - INFO - [The Guardian] Article: https://www.theguardian.com/world/2026/mar/21/south-korea-fire-daejeon-car-parts-factory
2026-03-24 02:24:19,794 - INFO - [The Guardian] Attempt 1/1: Trying with 'requests_browser' strategy...
2026-03-24 02:24:19,801 - INFO - Duplicate article skipped: Hong Kong police can now demand phone passwords under national security law from BBC
2026-03-24 02:24:19,983 - INFO - [The Guardian] Success with 'requests_browser'. Found content (475 words).
2026-03-24 02:24:20,128 - INFO - Duplicate article skipped: At least 14 people killed in fire at South Korean car parts factory | South Korea | The Guardian from The Guardian
2026-03-24 02:24:20,441 - INFO - [The Hindu] Article: https://www.thehindu.com/news/national/bill-to-amend-trans-rights-law-listed-for-consideration-passing-in-lok-sabha-on-march-24-2026/article70777017.ece
2026-03-24 02:24:20,441 - INFO - [The Hindu] Attempt 1/1: Trying with 'selenium_browser' strategy...
2026-03-24 02:24:20,904 - INFO - [BBC] Article: https://www.bbc.com/news/articles/c203rdxkezwo?at_medium=RSS&at_campaign=rss
2026-03-24 02:24:20,904 - INFO - [BBC] Attempt 1/1: Trying with 'requests_browser' strategy...
2026-03-24 02:24:20,963 - INFO - [The Guardian] Article: https://www.theguardian.com/music/2026/mar/20/bts-arirang-new-album-comeback-concert-kpop
2026-03-24 02:24:20,963 - INFO - [The Guardian] Attempt 1/1: Trying with 'requests_browser' strategy...
2026-03-24 02:24:21,104 - INFO - [BBC] Success with 'requests_browser'. Found content (742 words).
2026-03-24 02:24:21,228 - INFO - [The Guardian] Success with 'requests_browser'. Found content (666 words).
2026-03-24 02:24:21,303 - INFO - Duplicate article skipped: UN issues new climate warning as El Niño looms from BBC
2026-03-24 02:24:21,422 - INFO - Duplicate article skipped: BTS release new album Arirang ahead of comeback concert | BTS | The Guardian from The Guardian
2026-03-24 02:24:22,100 - INFO - [The Hindu] Page content loaded.
2026-03-24 02:24:22,389 - INFO - [The Hindu] Success with 'selenium_browser'. Found content (409 words).
2026-03-24 02:24:22,603 - INFO - [The Guardian] Article: https://www.theguardian.com/world/2026/mar/20/reliant-on-imported-fuel-pacific-islands-appeal-for-help-as-oil-prices-surge
2026-03-24 02:24:22,604 - INFO - [The Guardian] Attempt 1/1: Trying with 'requests_browser' strategy...
2026-03-24 02:24:22,681 - INFO - [BBC] Article: https://www.bbc.com/news/articles/c3ex8vglvkxo?at_medium=RSS&at_campaign=rss
2026-03-24 02:24:22,681 - INFO - [BBC] Attempt 1/1: Trying with 'requests_browser' strategy...
2026-03-24 02:24:22,812 - INFO - Saved article: Bill to amend trans rights law listed for consideration, passing in Lok Sabha on March 24 - The Hindu from The Hindu
2026-03-24 02:24:22,972 - INFO - [The Guardian] Success with 'requests_browser'. Found content (696 words).
2026-03-24 02:24:23,043 - INFO - [BBC] Success with 'requests_browser'. Found content (576 words).
2026-03-24 02:24:23,342 - INFO - Duplicate article skipped: Reliant on imported fuel, Pacific islands appeal for help as oil prices surge | Pacific islands | The Guardian from The Guardian
2026-03-24 02:24:23,528 - INFO - Duplicate article skipped: Raphael Tuju: Former Kenyan foreign minister arrested and accused of staging his disappearance from BBC
2026-03-24 02:24:24,110 - INFO - [The Hindu] Article: https://www.thehindu.com/elections/tamil-nadu-assembly/ntk-manifesto-pitches-decentralised-governance-anti-drug-measures-and-tamil-centric-policies/article70761204.ece
2026-03-24 02:24:24,110 - INFO - [The Hindu] Attempt 1/1: Trying with 'selenium_browser' strategy...
2026-03-24 02:24:24,483 - INFO - [The Guardian] Article: https://www.theguardian.com/australia-news/2026/mar/24/victorian-business-fined-influencers-not-disclosing-paid-posts
2026-03-24 02:24:24,485 - INFO - [The Guardian] Attempt 1/1: Trying with 'requests_browser' strategy...
2026-03-24 02:24:24,506 - INFO - [BBC] Article: https://www.bbc.com/news/articles/c9d4l5pq73yo?at_medium=RSS&at_campaign=rss
2026-03-24 02:24:24,507 - INFO - [BBC] Attempt 1/1: Trying with 'requests_browser' strategy...
2026-03-24 02:24:24,750 - INFO - [The Guardian] Success with 'requests_browser'. Found content (572 words).
2026-03-24 02:24:24,759 - INFO - [BBC] Success with 'requests_browser'. Found content (348 words).
2026-03-24 02:24:25,075 - INFO - Saved article: BTS: K-pop agency shares drop after comeback show turnout falls short from BBC
2026-03-24 02:24:25,085 - INFO - Saved article: Victorian business fined for telling influencers to lie about paid Instagram post in first of its kind penalty | Consumer affairs | The Guardian from The Guardian
2026-03-24 02:24:26,497 - INFO - [The Guardian] Article: https://www.theguardian.com/australia-news/live/2026/mar/24/australia-politics-live-fuel-crisis-cost-of-living-petrol-diesel-rationing-question-time-anthony-albanese-angus-taylor-pauline-hanson-one-nation-ntwnfb
2026-03-24 02:24:26,497 - INFO - [The Guardian] Attempt 1/1: Trying with 'requests_browser' strategy...
2026-03-24 02:24:26,525 - INFO - [BBC] Article: https://www.bbc.com/news/articles/cp861v8mj8mo?at_medium=RSS&at_campaign=rss
2026-03-24 02:24:26,525 - INFO - [BBC] Attempt 1/1: Trying with 'requests_browser' strategy...
2026-03-24 02:24:26,615 - INFO - [BBC] Success with 'requests_browser'. Found content (588 words).
2026-03-24 02:24:26,829 - INFO - Saved article: France's former Socialist Prime Minister Lionel Jospin dies at 88 from BBC
2026-03-24 02:24:27,637 - INFO - [BBC] Article: https://www.bbc.com/news/articles/c248597nqn8o?at_medium=RSS&at_campaign=rss
2026-03-24 02:24:27,637 - INFO - [BBC] Attempt 1/1: Trying with 'requests_browser' strategy...
2026-03-24 02:24:27,921 - INFO - [BBC] Success with 'requests_browser'. Found content (304 words).
2026-03-24 02:24:28,152 - INFO - [The Guardian] Success with 'requests_browser'. Found content (3190 words).
2026-03-24 02:24:28,264 - INFO - Duplicate article skipped: Australian Broadcasting Corporation staff to go on strike for first time in 20 years from BBC
2026-03-24 02:24:28,949 - INFO - [BBC] Article: https://www.bbc.com/news/articles/crk14m7mjddo?at_medium=RSS&at_campaign=rss
2026-03-24 02:24:28,949 - INFO - [BBC] Attempt 1/1: Trying with 'requests_browser' strategy...
2026-03-24 02:24:29,135 - INFO - [BBC] Success with 'requests_browser'. Found content (848 words).
2026-03-24 02:24:29,579 - INFO - Saved article: Australia politics live: EU president warns of ‘brutal, harsh and unforgiving’ world in historic address to parliament | Australia news | The Guardian from The Guardian
2026-03-24 02:24:29,580 - INFO - Duplicate article skipped: France's Socialists hold on to power in major cities in election boost for mainstream from BBC
2026-03-24 02:24:30,098 - INFO - [The Guardian] Article: https://www.theguardian.com/australia-news/2026/mar/24/victoria-teachers-strike-aeu-education-union-public-schools-closed-classes-cancelled
2026-03-24 02:24:30,098 - INFO - [The Guardian] Attempt 1/1: Trying with 'requests_browser' strategy...
2026-03-24 02:24:30,115 - INFO - [BBC] Article: https://www.bbc.com/news/articles/cew719w80g7o?at_medium=RSS&at_campaign=rss
2026-03-24 02:24:30,115 - INFO - [BBC] Attempt 1/1: Trying with 'requests_browser' strategy...
2026-03-24 02:24:30,332 - INFO - [The Guardian] Success with 'requests_browser'. Found content (571 words).
2026-03-24 02:24:30,356 - INFO - [BBC] Success with 'requests_browser'. Found content (794 words).
2026-03-24 02:24:30,890 - INFO - Duplicate article skipped: Israeli settlers target Palestinian villages in occupied West Bank, attacking people and properties from BBC
2026-03-24 02:24:30,928 - INFO - Saved article: Teachers in Victoria strike for first time in 13 years, with classes cancelled at about 500 public schools | Victoria | The Guardian from The Guardian
2026-03-24 02:24:32,064 - INFO - [The Guardian] Article: https://www.theguardian.com/world/2026/mar/24/iran-war-fuel-shortages-affecting-readers-worldwide
2026-03-24 02:24:32,064 - INFO - [The Guardian] Attempt 1/1: Trying with 'requests_browser' strategy...
2026-03-24 02:24:32,124 - INFO - [BBC] Article: https://www.bbc.com/news/articles/cvg0l44yxrvo?at_medium=RSS&at_campaign=rss
2026-03-24 02:24:32,124 - INFO - [BBC] Attempt 1/1: Trying with 'requests_browser' strategy...
2026-03-24 02:24:32,363 - INFO - [BBC] Success with 'requests_browser'. Found content (490 words).
2026-03-24 02:24:32,372 - INFO - [The Guardian] Success with 'requests_browser'. Found content (1078 words).
2026-03-24 02:24:32,787 - INFO - Duplicate article skipped: Cuba's second power cut in a week leaves 10 million in darkness from BBC
2026-03-24 02:24:32,806 - INFO - Saved article: ‘We consider every mile we drive’: how fuel shortages are affecting readers worldwide | US-Israel war on Iran | The Guardian from The Guardian
2026-03-24 02:24:33,899 - INFO - [BBC] Article: https://www.bbc.com/news/articles/c30rl05evd8o?at_medium=RSS&at_campaign=rss
2026-03-24 02:24:33,899 - INFO - [BBC] Attempt 1/1: Trying with 'requests_browser' strategy...
2026-03-24 02:24:34,028 - INFO - [BBC] Success with 'requests_browser'. Found content (577 words).
2026-03-24 02:24:34,051 - INFO - [The Guardian] Article: https://www.theguardian.com/business/2026/mar/23/australia-generation-alpha-faces-185k-bill-over-lifetime-without-urgent-action-on-climate-crisis-report-finds
2026-03-24 02:24:34,051 - INFO - [The Guardian] Attempt 1/1: Trying with 'requests_browser' strategy...
2026-03-24 02:24:34,551 - INFO - Duplicate article skipped: Israel to expand ground and air attacks against Hezbollah in Lebanon from BBC
2026-03-24 02:24:34,570 - INFO - [The Guardian] Success with 'requests_browser'. Found content (802 words).
2026-03-24 02:24:34,702 - INFO - Saved article: Australia’s generation Alpha faces $185k bill over lifetime without urgent action on climate crisis, report finds | Australian economy | The Guardian from The Guardian
2026-03-24 02:24:35,222 - INFO - [The Guardian] Article: https://www.theguardian.com/world/2026/mar/23/viktor-orban-celebrated-europe-far-right-hungary-election
2026-03-24 02:24:35,223 - INFO - [The Guardian] Attempt 1/1: Trying with 'requests_browser' strategy...
2026-03-24 02:24:35,338 - INFO - [BBC] Article: https://www.bbc.com/news/articles/c9qdvnv13qdo?at_medium=RSS&at_campaign=rss
2026-03-24 02:24:35,338 - INFO - [BBC] Attempt 1/1: Trying with 'requests_browser' strategy...
2026-03-24 02:24:35,437 - INFO - [The Hindu] Page content loaded.
2026-03-24 02:24:35,448 - INFO - [The Guardian] Success with 'requests_browser'. Found content (630 words).
2026-03-24 02:24:35,657 - INFO - [BBC] Success with 'requests_browser'. Found content (785 words).
2026-03-24 02:24:35,665 - INFO - Saved article: Viktor Orbán celebrated by Europe’s far right before Hungary election | Viktor Orbán | The Guardian from The Guardian
2026-03-24 02:24:35,896 - INFO - Duplicate article skipped: Iran war: Missiles injure 180 in towns near Israeli nuclear site from BBC
2026-03-24 02:24:35,992 - INFO - [The Hindu] Success with 'selenium_browser'. Found content (381 words).
2026-03-24 02:24:36,132 - INFO - Duplicate article skipped: Tamil Nadu Assembly election 2026: NTK releases manifesto; pitches decentralised governance, anti-drug measures, Tamil-centric policies - The Hindu from The Hindu
2026-03-24 02:24:36,450 - INFO - [BBC] Article: https://www.bbc.com/news/articles/c93w2pw3y0no?at_medium=RSS&at_campaign=rss
2026-03-24 02:24:36,450 - INFO - [BBC] Attempt 1/1: Trying with 'requests_browser' strategy...
2026-03-24 02:24:36,569 - INFO - [BBC] Success with 'requests_browser'. Found content (975 words).
2026-03-24 02:24:36,692 - INFO - Saved article: York, Southampton: UK universities flock to India - but will they succeed? from BBC
2026-03-24 02:24:37,151 - INFO - [The Guardian] Article: https://www.theguardian.com/world/live/2026/mar/23/local-eu-elections-slovenia-italy-france-latest-updates-news
2026-03-24 02:24:37,151 - INFO - [The Guardian] Attempt 1/1: Trying with 'requests_browser' strategy...
2026-03-24 02:24:37,403 - INFO - [The Hindu] Article: https://www.thehindu.com/elections/kerala-assembly/congress-to-highlight-sabarimala-corruption-charges-udf-confident-of-sweeping-mandate-in-kerala-says-kpcc-chief-sunny-joseph/article70771635.ece
2026-03-24 02:24:37,404 - INFO - [The Hindu] Attempt 1/1: Trying with 'selenium_browser' strategy...
2026-03-24 02:24:37,494 - INFO - [The Guardian] Success with 'requests_browser'. Found content (1768 words).
2026-03-24 02:24:37,999 - INFO - Duplicate article skipped: Giorgia Meloni concedes defeat in Italy’s judiciary reform referendum – as it happened | World news | The Guardian from The Guardian
2026-03-24 02:24:38,959 - INFO - [The Guardian] Article: https://www.theguardian.com/world/2026/mar/23/hungarian-election-candidate-peter-magyar-viktor-orban-alleged-leak-eu-russia
2026-03-24 02:24:38,960 - INFO - [The Guardian] Attempt 1/1: Trying with 'requests_browser' strategy...
2026-03-24 02:24:39,099 - INFO - [The Guardian] Success with 'requests_browser'. Found content (879 words).
2026-03-24 02:24:39,253 - INFO - [The Hindu] Page content loaded.
2026-03-24 02:24:39,265 - INFO - Saved article: Hungarian election candidate accuses ruling party of treason over alleged EU leak to Russia | Hungary | The Guardian from The Guardian
2026-03-24 02:24:39,659 - INFO - [The Hindu] Success with 'selenium_browser'. Found content (951 words).
2026-03-24 02:24:39,881 - INFO - Saved article: People will assess governance failure, corruption and favour UDF: KPCC chief - The Hindu from The Hindu
2026-03-24 02:24:40,172 - INFO - [The Guardian] Article: https://www.theguardian.com/world/2026/mar/23/italy-voters-reject-overhaul-judiciary-giorgia-meloni
2026-03-24 02:24:40,172 - INFO - [The Guardian] Attempt 1/1: Trying with 'requests_browser' strategy...
2026-03-24 02:24:40,313 - INFO - [The Guardian] Success with 'requests_browser'. Found content (600 words).
2026-03-24 02:24:40,532 - INFO - Saved article: Italian voters reject Giorgia Meloni’s plan to overhaul judiciary | Italy | The Guardian from The Guardian
2026-03-24 02:24:40,562 - INFO - [The Hindu] Article: https://www.thehindu.com/sci-tech/health/iadvl-apsi-raise-concerns-over-patient-safety-in-aesthetic-and-hair-transplant-procedures/article70775388.ece
2026-03-24 02:24:40,562 - INFO - [The Hindu] Attempt 1/1: Trying with 'selenium_browser' strategy...
2026-03-24 02:24:41,052 - INFO - [The Guardian] Article: https://www.theguardian.com/environment/2026/mar/23/europe-clean-energy-gains-failure-phase-out-fuel-burning
2026-03-24 02:24:41,052 - INFO - [The Guardian] Attempt 1/1: Trying with 'requests_browser' strategy...
2026-03-24 02:24:41,195 - INFO - [The Guardian] Success with 'requests_browser'. Found content (637 words).
2026-03-24 02:24:41,258 - INFO - [The Hindu] Page content loaded.
2026-03-24 02:24:41,345 - INFO - Saved article: Europe’s ‘staggering’ clean power gains undermined by failure to phase out fuel-burning machines | Environment | The Guardian from The Guardian
2026-03-24 02:24:41,431 - INFO - [The Hindu] Success with 'selenium_browser'. Found content (626 words).
2026-03-24 02:24:41,652 - INFO - Saved article: Medical bodies raise concerns over permits for procedures - The Hindu from The Hindu
2026-03-24 02:24:42,253 - INFO - [The Hindu] Article: https://www.thehindu.com/news/national/sc-gives-centre-four-week-leeway-to-respond-to-petition-on-airfare-hike-says-govt-handling-bigger-problems-now/article70776298.ece
2026-03-24 02:24:42,253 - INFO - [The Hindu] Attempt 1/1: Trying with 'selenium_browser' strategy...
2026-03-24 02:24:42,912 - INFO - [The Hindu] Page content loaded.
2026-03-24 02:24:43,065 - INFO - [The Hindu] Success with 'selenium_browser'. Found content (441 words).
2026-03-24 02:24:43,238 - INFO - Saved article: Supreme Court gives Centre four-week leeway to respond to petition on airfare hike, says govt. handling ‘bigger problems now’ - The Hindu from The Hindu
2026-03-24 02:24:44,517 - INFO - [The Hindu] Article: https://www.thehindu.com/news/national/union-minister-ashwini-vaishnaw-unveils-three-new-initiatives-to-promote-orange-economy/article70775882.ece
2026-03-24 02:24:44,517 - INFO - [The Hindu] Attempt 1/1: Trying with 'selenium_browser' strategy...
2026-03-24 02:24:45,718 - INFO - [The Hindu] Page content loaded.
2026-03-24 02:24:45,788 - INFO - [The Hindu] Success with 'selenium_browser'. Found content (499 words).
2026-03-24 02:24:45,873 - INFO - Saved article: Centre launches AI skilling drive with Google, YouTube - The Hindu from The Hindu
2026-03-24 02:24:46,723 - INFO - [The Hindu] Article: https://www.thehindu.com/elections/tamil-nadu-assembly/mannachanallur-dmk-mla-distributes-suvs-eci-issues-notice/article70761956.ece
2026-03-24 02:24:46,723 - INFO - [The Hindu] Attempt 1/1: Trying with 'selenium_browser' strategy...
2026-03-24 02:24:47,114 - INFO - [The Hindu] Page content loaded.
2026-03-24 02:24:47,203 - INFO - [The Hindu] Success with 'selenium_browser'. Found content (311 words).
2026-03-24 02:24:47,286 - INFO - Saved article: Mannachanallur DMK MLA ‘distributes’ SUVs; ECI issues notice - The Hindu from The Hindu
2026-03-24 02:24:48,538 - INFO - [The Hindu] Article: https://www.thehindu.com/news/national/adag-bank-fraud-case-sc-says-cbi-ed-showed-reluctance-in-past-public-must-be-convinced-that-probe-was-fair-independent/article70775179.ece
2026-03-24 02:24:48,538 - INFO - [The Hindu] Attempt 1/1: Trying with 'selenium_browser' strategy...
2026-03-24 02:24:50,771 - INFO - [The Hindu] Page content loaded.
2026-03-24 02:24:50,943 - INFO - [The Hindu] Success with 'selenium_browser'. Found content (638 words).
2026-03-24 02:24:51,190 - INFO - Saved article: Anil Ambani bank fraud case: Supreme Court says CBI, ED showed reluctance - The Hindu from The Hindu
2026-03-24 02:24:52,254 - INFO - [The Hindu] Article: https://www.thehindu.com/news/cities/Coimbatore/national-commission-for-scheduled-castes-to-investigate-bu-registrar-appointment-by-panel-sans-sc-member/article70762419.ece
2026-03-24 02:24:52,254 - INFO - [The Hindu] Attempt 1/1: Trying with 'selenium_browser' strategy...
2026-03-24 02:24:54,682 - INFO - [The Hindu] Page content loaded.
2026-03-24 02:24:54,798 - INFO - [The Hindu] Success with 'selenium_browser'. Found content (193 words).
2026-03-24 02:24:54,922 - INFO - Saved article: National Commission for Scheduled Castes to investigate Bharathiar University Registrar appointment - The Hindu from The Hindu
2026-03-24 02:24:55,948 - INFO - [The Hindu] Article: https://www.thehindu.com/news/national/punjab/punjab-official-death-case-former-aap-ministers-arrest-triggers-credit-war/article70776146.ece
2026-03-24 02:24:55,948 - INFO - [The Hindu] Attempt 1/1: Trying with 'selenium_browser' strategy...
2026-03-24 02:24:59,244 - INFO - [The Hindu] Page content loaded.
2026-03-24 02:24:59,344 - INFO - [The Hindu] Success with 'selenium_browser'. Found content (541 words).
2026-03-24 02:24:59,422 - INFO - Saved article: Punjab official death case: Former AAP Minister’s arrest triggers credit war - The Hindu from The Hindu
2026-03-24 02:25:00,917 - INFO - [The Hindu] Article: https://www.thehindu.com/news/international/india-closely-monitoring-developments-centre-says-on-trump-pause/article70776684.ece
2026-03-24 02:25:00,917 - INFO - [The Hindu] Attempt 1/1: Trying with 'selenium_browser' strategy...
2026-03-24 02:25:01,574 - INFO - [The Hindu] Page content loaded.
2026-03-24 02:25:01,656 - INFO - [The Hindu] Success with 'selenium_browser'. Found content (242 words).
2026-03-24 02:25:01,730 - INFO - Saved article: U.S. military pause on Iran attack: India tracking developments, says Centre - The Hindu from The Hindu
2026-03-24 02:25:02,353 - INFO - [The Hindu] Article: https://www.thehindu.com/news/national/govt-revs-up-consultations-on-early-implementation-of-womens-reservation-act/article70776010.ece
2026-03-24 02:25:02,355 - INFO - [The Hindu] Attempt 1/1: Trying with 'selenium_browser' strategy...
2026-03-24 02:25:03,139 - INFO - [The Hindu] Page content loaded.
2026-03-24 02:25:03,199 - INFO - [The Hindu] Success with 'selenium_browser'. Found content (547 words).
2026-03-24 02:25:03,297 - INFO - Saved article: Centre mulls delimitation based on 2011 Census to fast-track Women’s Reservation Act - The Hindu from The Hindu
2026-03-24 02:25:03,912 - INFO - [The Hindu] Article: https://www.thehindu.com/news/national/pm-modi-in-parliament-on-israel-iran-war-energy-crisis/article70775086.ece
2026-03-24 02:25:03,913 - INFO - [The Hindu] Attempt 1/1: Trying with 'selenium_browser' strategy...
2026-03-24 02:25:04,217 - INFO - [The Hindu] Page content loaded.
2026-03-24 02:25:04,300 - INFO - [The Hindu] Success with 'selenium_browser'. Found content (637 words).
2026-03-24 02:25:04,371 - INFO - Saved article: Impact of West Asia war likely to be felt for long time, PM tells Lok Sabha - The Hindu from The Hindu
2026-03-24 02:25:05,030 - INFO - [The Hindu] Article: https://www.thehindu.com/elections/tamil-nadu-assembly/palaniswami-meets-shah-in-delhi-to-discuss-sharing-of-seats/article70762734.ece
2026-03-24 02:25:05,030 - INFO - [The Hindu] Attempt 1/1: Trying with 'selenium_browser' strategy...
2026-03-24 02:25:05,342 - INFO - [The Hindu] Page content loaded.
2026-03-24 02:25:05,424 - INFO - [The Hindu] Success with 'selenium_browser'. Found content (204 words).
2026-03-24 02:25:05,614 - INFO - Saved article: Tamil Nadu election 2026: Palaniswami meets Shah in Delhi to discuss sharing of seats - The Hindu from The Hindu
2026-03-24 02:25:06,801 - INFO - [The Hindu] Article: https://www.thehindu.com/opinion/editorial/battle-of-bengal-on-the-west-bengal-assembly-election-2026/article70776141.ece
2026-03-24 02:25:06,801 - INFO - [The Hindu] Attempt 1/1: Trying with 'selenium_browser' strategy...
2026-03-24 02:25:07,564 - INFO - [The Hindu] Page content loaded.
2026-03-24 02:25:07,652 - INFO - [The Hindu] Success with 'selenium_browser'. Found content (487 words).
2026-03-24 02:25:07,737 - INFO - Saved article: Battle of Bengal: On the West Bengal Assembly election 2026 - The Hindu from The Hindu
2026-03-24 02:25:09,142 - INFO - [The Hindu] Article: https://www.thehindu.com/news/national/ed-restitutes-56-billion-assets-in-corruption-cases-director/article70776209.ece
2026-03-24 02:25:09,142 - INFO - [The Hindu] Attempt 1/1: Trying with 'selenium_browser' strategy...
2026-03-24 02:25:09,799 - INFO - [The Hindu] Page content loaded.
2026-03-24 02:25:09,902 - INFO - [The Hindu] Success with 'selenium_browser'. Found content (421 words).
2026-03-24 02:25:09,999 - INFO - Saved article: ED restitutes $5.6 billion assets in corruption cases: Director - The Hindu from The Hindu
2026-03-24 02:25:11,443 - ERROR - [Times of India] Request failed for strategy 'selenium_browser' on URL https://timesofindia.indiatimes.com/world/middle-east/us-israel-iran-war-news-live-udates-latest-news-middle-east-crisis-conflict-drone-ballistic-missile-attack-gulf-countries-dubai-qatar-news-donald-trump-netanyahu-strait-of-hormuz-lpg-tanker-iran-attack-qatar/liveblog/129727558.cms: Message: timeout: Timed out receiving message from renderer: 59.556
  (Session info: chrome=145.0.7632.159)
Stacktrace:
#0 0x556a24c80b6a <unknown>
#1 0x556a24693a32 <unknown>
#2 0x556a2467b007 <unknown>
#3 0x556a2467ac16 <unknown>
#4 0x556a24678731 <unknown>
#5 0x556a246790bf <unknown>
#6 0x556a24688560 <unknown>
#7 0x556a246a2707 <unknown>
#8 0x556a246a98db <unknown>
#9 0x556a24679829 <unknown>
#10 0x556a246a249c <unknown>
#11 0x556a247316e1 <unknown>
#12 0x556a246dac0f <unknown>
#13 0x556a246db9d1 <unknown>
#14 0x556a24c456b9 <unknown>
#15 0x556a24c485c1 <unknown>
#16 0x556a24c31e29 <unknown>
#17 0x556a24c4917e <unknown>
#18 0x556a24c184b0 <unknown>
#19 0x556a24c6d578 <unknown>
#20 0x556a24c6d74b <unknown>
#21 0x556a24c7f1a3 <unknown>
#22 0x7f4f8dc9caa4 <unknown>
#23 0x7f4f8dd29c6c <unknown>

2026-03-24 02:25:11,443 - ERROR - [Times of India] All scrape strategies failed for https://timesofindia.indiatimes.com/world/middle-east/us-israel-iran-war-news-live-udates-latest-news-middle-east-crisis-conflict-drone-ballistic-missile-attack-gulf-countries-dubai-qatar-news-donald-trump-netanyahu-strait-of-hormuz-lpg-tanker-iran-attack-qatar/liveblog/129727558.cms. Falling back to RSS description.
2026-03-24 02:25:11,444 - INFO - [The Hindu] Article: https://www.thehindu.com/elections/tamil-nadu-assembly/ambulance-drivers-sensitised-to-model-code-of-conduct-rules-in-vellore-nearby-districts/article70758566.ece
2026-03-24 02:25:11,444 - INFO - [The Hindu] Attempt 1/1: Trying with 'selenium_browser' strategy...
2026-03-24 02:25:11,445 - INFO - Duplicate article skipped: US-Israel-Iran War News Live Updates: 'You hit electricity, we hit electricity': Iran warns of attacks on plants powering US bases from Times of India
2026-03-24 02:25:12,617 - INFO - [Times of India] Article: https://timesofindia.indiatimes.com/world/middle-east/israels-missile-defence-under-scrutiny-after-iran-strikes-nuke-research-facility/articleshow/129765577.cms
2026-03-24 02:25:12,617 - INFO - [Times of India] Attempt 1/1: Trying with 'selenium_browser' strategy...
2026-03-24 02:25:12,959 - INFO - [The Hindu] Page content loaded.
2026-03-24 02:25:13,199 - INFO - [The Hindu] Success with 'selenium_browser'. Found content (310 words).
2026-03-24 02:25:13,391 - INFO - Saved article: Ambulance drivers sensitised to Model Code of Conduct rules in Vellore, nearby districts - The Hindu from The Hindu
2026-03-24 02:25:14,239 - INFO - [The Hindu] Article: https://www.thehindu.com/elections/tamil-nadu-assembly/tn-assembly-election-dmdk-open-to-give-and-take-policy-in-seat-sharing/article70776302.ece
2026-03-24 02:25:14,239 - INFO - [The Hindu] Attempt 1/1: Trying with 'selenium_browser' strategy...
2026-03-24 02:25:15,038 - INFO - [The Hindu] Page content loaded.
2026-03-24 02:25:15,178 - INFO - [The Hindu] Success with 'selenium_browser'. Found content (258 words).
2026-03-24 02:25:15,296 - INFO - Saved article: DMDK open to ‘give-and-take policy’ in seat-sharing - The Hindu from The Hindu
2026-03-24 02:25:16,005 - INFO - [The Hindu] Article: https://www.thehindu.com/elections/tamil-nadu-assembly/tn-assembly-election-ec-appoints-special-observer/article70776093.ece
2026-03-24 02:25:16,005 - INFO - [The Hindu] Attempt 1/1: Trying with 'selenium_browser' strategy...
2026-03-24 02:25:17,425 - INFO - [The Hindu] Page content loaded.
2026-03-24 02:25:17,512 - INFO - [The Hindu] Success with 'selenium_browser'. Found content (147 words).
2026-03-24 02:25:17,642 - INFO - Saved article: T.N. Assembly election: EC appoints special observer - The Hindu from The Hindu
2026-03-24 02:25:18,405 - INFO - [The Hindu] Article: https://www.thehindu.com/news/national/karnataka/lpg-shortage-about-20-of-hotel-industry-needs-will-be-met-daily-with-immediate-effect-announces-karnataka-minister/article70775152.ece
2026-03-24 02:25:18,405 - INFO - [The Hindu] Attempt 1/1: Trying with 'selenium_browser' strategy...
2026-03-24 02:25:19,668 - INFO - [The Hindu] Page content loaded.
2026-03-24 02:25:19,874 - INFO - [The Hindu] Success with 'selenium_browser'. Found content (507 words).
2026-03-24 02:25:19,998 - INFO - Saved article: About 20% of hotel industry’s LPG needs will be met daily with immediate e ect, says Karnataka Minister - The Hindu from The Hindu
2026-03-24 02:25:20,777 - INFO - [The Hindu] Article: https://www.thehindu.com/news/national/karnataka/do-not-villainise-subsidies-as-they-strengthen-our-economy-krishna-byre-gowda/article70775619.ece
2026-03-24 02:25:20,777 - INFO - [The Hindu] Attempt 1/1: Trying with 'selenium_browser' strategy...
2026-03-24 02:25:22,344 - INFO - [The Hindu] Page content loaded.
2026-03-24 02:25:22,678 - INFO - [The Hindu] Success with 'selenium_browser'. Found content (397 words).
2026-03-24 02:25:23,052 - INFO - Saved article: Do not villainise subsidies as they strengthen our economy: Krishna Byre Gowda - The Hindu from The Hindu
2026-03-24 02:25:23,898 - INFO - [The Hindu] Article: https://www.thehindu.com/news/national/karnataka/wayanad-to-get-an-additional-10-crore-from-karnataka/article70776192.ece
2026-03-24 02:25:23,898 - INFO - [The Hindu] Attempt 1/1: Trying with 'selenium_browser' strategy...
2026-03-24 02:25:24,573 - INFO - [The Hindu] Page content loaded.
2026-03-24 02:25:24,703 - INFO - [The Hindu] Success with 'selenium_browser'. Found content (234 words).
2026-03-24 02:25:24,807 - INFO - Saved article: Wayanad to get an additional ₹10 crore from Karnataka - The Hindu from The Hindu
2026-03-24 02:25:25,467 - INFO - [The Hindu] (Thread) Finished. Attempting to shut down its Selenium driver.
2026-03-24 02:25:25,681 - INFO - [The Hindu] (Thread) driver.quit() successful.
2026-03-24 02:25:38,412 - WARNING - [Times of India] Page timed out (10s). No <p> tags found. Proceeding anyway.
2026-03-24 02:25:38,544 - INFO - [Times of India] Success with 'selenium_browser'. Found content (295 words).
2026-03-24 02:25:38,619 - INFO - Saved article: Israel's missile defence under scrutiny after Iran strikes nuke research facility - The Times of India from Times of India
2026-03-24 02:25:39,613 - INFO - [Times of India] Article: https://timesofindia.indiatimes.com/world/us/who-is-donna-motsinger-woman-awarded-19-million-after-jury-finds-bill-cosby-liable-in-1972-sexual-assault-case/articleshow/129762175.cms
2026-03-24 02:25:39,613 - INFO - [Times of India] Attempt 1/1: Trying with 'selenium_browser' strategy...
2026-03-24 02:25:40,320 - INFO - [Times of India] Page content loaded.
2026-03-24 02:25:40,422 - INFO - [Times of India] Success with 'selenium_browser'. Found content (506 words).
2026-03-24 02:25:40,599 - INFO - Saved article: Bill Cosby: Who is Donna Motsinger? Woman awarded $19 million after jury finds Bill Cosby liable in 1972 sexual assault case - The Times of India from Times of India
2026-03-24 02:25:41,777 - INFO - [Times of India] Article: https://timesofindia.indiatimes.com/world/us/who-was-antoine-forest-one-of-2-air-canada-pilots-killed-in-laguardia-plane-crash-identified/articleshow/129762250.cms
2026-03-24 02:25:41,777 - INFO - [Times of India] Attempt 1/1: Trying with 'selenium_browser' strategy...
2026-03-24 02:25:42,572 - INFO - [Times of India] Page content loaded.
2026-03-24 02:25:42,707 - INFO - [Times of India] Success with 'selenium_browser'. Found content (467 words).
2026-03-24 02:25:42,792 - INFO - Saved article: Laguardia Airport: Who was Antoine Forest? One of 2 Air Canada pilots killed in LaGuardia plane crash identified - The Times of India from Times of India
2026-03-24 02:25:43,957 - INFO - [Times of India] Article: https://timesofindia.indiatimes.com/world/us/give-green-cards-to-tps-holders-florida-democrat-introduces-new-bill-is-it-possible/articleshow/129762244.cms
2026-03-24 02:25:43,957 - INFO - [Times of India] Attempt 1/1: Trying with 'selenium_browser' strategy...
2026-03-24 02:25:44,878 - INFO - [Times of India] Page content loaded.
2026-03-24 02:25:45,001 - INFO - [Times of India] Success with 'selenium_browser'. Found content (336 words).
2026-03-24 02:25:45,066 - INFO - Saved article: Green Card For Tps: Give Green Cards to TPS holders: Florida Democrat introduces new bill. Is it possible? - The Times of India from Times of India
2026-03-24 02:25:46,303 - INFO - [Times of India] Article: https://timesofindia.indiatimes.com/world/us/is-laguardia-airport-open-hundreds-of-flights-disrupted-after-fatal-runway-collision-in-new-york/articleshow/129762098.cms
2026-03-24 02:25:46,303 - INFO - [Times of India] Attempt 1/1: Trying with 'selenium_browser' strategy...
2026-03-24 02:25:46,993 - INFO - [Times of India] Page content loaded.
2026-03-24 02:25:47,165 - INFO - [Times of India] Success with 'selenium_browser'. Found content (404 words).
2026-03-24 02:25:47,231 - INFO - Saved article: Is LaGuardia Airport open? Hundreds of flights disrupted after fatal runway collision in New York - The Times of India from Times of India
2026-03-24 02:25:48,251 - INFO - [Times of India] Article: https://timesofindia.indiatimes.com/world/us/did-ice-arrest-a-us-citizen-from-san-francisco-airport-after-trump-deployed-them-to-fill-tsa-crisis/articleshow/129762085.cms
2026-03-24 02:25:48,251 - INFO - [Times of India] Attempt 1/1: Trying with 'selenium_browser' strategy...
2026-03-24 02:25:48,796 - INFO - [Times of India] Page content loaded.
2026-03-24 02:25:48,938 - INFO - [Times of India] Success with 'selenium_browser'. Found content (466 words).
2026-03-24 02:25:49,021 - INFO - Saved article: San Francisco International Airport: Did ICE arrest a 'US citizen' from San Francisco airport after Trump deployed them to fill TSA crisis? - The Times of India from Times of India
2026-03-24 02:25:50,452 - INFO - [Times of India] Article: https://timesofindia.indiatimes.com/world/us-streamers/fact-check-did-a-former-employee-expose-candace-owens-behavior-as-allegations-bring-fresh-attention-to-her-workplace-style/articleshow/129760659.cms
2026-03-24 02:25:50,452 - INFO - [Times of India] Attempt 1/1: Trying with 'selenium_browser' strategy...
2026-03-24 02:25:52,197 - INFO - [Times of India] Page content loaded.
2026-03-24 02:25:52,313 - INFO - [Times of India] Success with 'selenium_browser'. Found content (370 words).
2026-03-24 02:25:52,397 - INFO - Saved article: Candace Owens Allegations: Fact check: Did a former employee expose Candace Owens behavior? New allegations bring fresh attention to her workplace style - The Times of India from Times of India
2026-03-24 02:25:52,952 - INFO - [Times of India] Article: https://timesofindia.indiatimes.com/world/us-streamers/jordan-stephens-questions-piers-morgan-approach-as-harrison-sullivan-hstikkytokky-interview-turns-into-viral-chaos/articleshow/129761784.cms
2026-03-24 02:25:52,952 - INFO - [Times of India] Attempt 1/1: Trying with 'selenium_browser' strategy...
2026-03-24 02:25:54,110 - INFO - [Times of India] Page content loaded.
2026-03-24 02:25:54,239 - INFO - [Times of India] Success with 'selenium_browser'. Found content (418 words).
2026-03-24 02:25:54,303 - INFO - Saved article: Harrison Sullivan Tiktok: Jordan Stephens questions Piers Morgan approach as Harrison Sullivan HSTikkyTokky interview turns into viral chaos - The Times of India from Times of India
2026-03-24 02:25:55,148 - INFO - [Times of India] Article: https://timesofindia.indiatimes.com/world/us-streamers/youtuber-stephen-mccullagh-found-guilty-in-pregnant-girlfriend-murder-after-gta-livestream-alibi-exposed/articleshow/129761584.cms
2026-03-24 02:25:55,148 - INFO - [Times of India] Attempt 1/1: Trying with 'selenium_browser' strategy...
2026-03-24 02:25:59,054 - INFO - [Times of India] Page content loaded.
2026-03-24 02:25:59,230 - INFO - [Times of India] Success with 'selenium_browser'. Found content (354 words).
2026-03-24 02:25:59,298 - INFO - Saved article: Stephen Mccullagh: YouTuber Stephen McCullagh found guilty in pregnant girlfriend murder after GTA livestream alibi exposed - The Times of India from Times of India
2026-03-24 02:26:00,288 - INFO - [Times of India] Article: https://timesofindia.indiatimes.com/world/uk/dark-moment-indian-origin-mp-priti-patel-condemns-antisemitic-arson-attack-on-jewish-ambulances-in-london/articleshow/129761364.cms
2026-03-24 02:26:00,288 - INFO - [Times of India] Attempt 1/1: Trying with 'selenium_browser' strategy...
2026-03-24 02:26:01,164 - INFO - [Times of India] Page content loaded.
2026-03-24 02:26:01,283 - INFO - [Times of India] Success with 'selenium_browser'. Found content (377 words).
2026-03-24 02:26:01,339 - INFO - Saved article: Priti Patel: ‘Dark moment’: Indian-origin MP Priti Patel condemns antisemitic arson attack on Jewish ambulances in London - The Times of India from Times of India
2026-03-24 02:26:02,052 - INFO - [Times of India] Article: https://timesofindia.indiatimes.com/world/us/florida-man-arrested-after-fatal-hit-and-run-in-new-york-didnt-do-the-moral-thing/articleshow/129761407.cms
2026-03-24 02:26:02,052 - INFO - [Times of India] Attempt 1/1: Trying with 'selenium_browser' strategy...
2026-03-24 02:26:02,586 - INFO - [Times of India] Page content loaded.
2026-03-24 02:26:02,728 - INFO - [Times of India] Success with 'selenium_browser'. Found content (259 words).
2026-03-24 02:26:02,785 - INFO - Saved article: Florida Hit-And-Run: Florida man arrested after fatal hit-and-run in New York: 'Didn’t do the moral thing' - The Times of India from Times of India
2026-03-24 02:26:03,722 - INFO - [Times of India] Article: https://timesofindia.indiatimes.com/world/middle-east/iranian-regime-sends-text-messages-to-civilians-threatening-they-would-be-executed-report/articleshow/129760965.cms
2026-03-24 02:26:03,722 - INFO - [Times of India] Attempt 1/1: Trying with 'selenium_browser' strategy...
2026-03-24 02:26:04,661 - INFO - [Times of India] Page content loaded.
2026-03-24 02:26:04,796 - INFO - [Times of India] Success with 'selenium_browser'. Found content (320 words).
2026-03-24 02:26:04,949 - INFO - Saved article: Iran Threats: Iranian regime sends text messages to civilians threatening they would be executed: Report - The Times of India from Times of India
2026-03-24 02:26:05,770 - INFO - [Times of India] Article: https://timesofindia.indiatimes.com/world/us/you-said-israel-is-in-control-row-erupts-over-ex-counterterror-chief-backtracking-on-trump-and-iran-war/articleshow/129759059.cms
2026-03-24 02:26:05,770 - INFO - [Times of India] Attempt 1/1: Trying with 'selenium_browser' strategy...
2026-03-24 02:26:06,760 - INFO - [Times of India] Page content loaded.
2026-03-24 02:26:06,934 - INFO - [Times of India] Success with 'selenium_browser'. Found content (433 words).
2026-03-24 02:26:06,997 - INFO - Saved article: Trump Iran Row: ‘You said Israel is in control?’: Row erupts over ex-counterterror chief ‘backtracking’ on Trump and Iran war - The Times of India from Times of India
2026-03-24 02:26:08,133 - INFO - [Times of India] Article: https://timesofindia.indiatimes.com/world/uk/honest-mistake-migrant-convicted-of-child-sex-offence-avoids-deportation-in-uk-judge-says-not-a-serious-threat/articleshow/129758368.cms
2026-03-24 02:26:08,133 - INFO - [Times of India] Attempt 1/1: Trying with 'selenium_browser' strategy...
2026-03-24 02:26:08,839 - INFO - [Times of India] Page content loaded.
2026-03-24 02:26:09,004 - INFO - [Times of India] Success with 'selenium_browser'. Found content (474 words).
2026-03-24 02:26:09,085 - INFO - Saved article: Uk Migrant Case: 'Honest mistake': Migrant convicted of child sex offence avoids deportation in UK, judge says 'not a serious threat' - The Times of India from Times of India
2026-03-24 02:26:10,415 - INFO - [Times of India] Article: https://timesofindia.indiatimes.com/science/stranger-things-becomes-real-scientists-create-living-walls-that-grow-and-heal-themselves/articleshow/129754675.cms
2026-03-24 02:26:10,415 - INFO - [Times of India] Attempt 1/1: Trying with 'selenium_browser' strategy...
2026-03-24 02:26:11,410 - INFO - [Times of India] Page content loaded.
2026-03-24 02:26:11,492 - INFO - [Times of India] Success with 'selenium_browser'. Found content (534 words).
2026-03-24 02:26:11,554 - INFO - Saved article: Stranger Things becomes real! Scientists create ‘living walls’ that grow and heal themselves | - The Times of India from Times of India
2026-03-24 02:26:13,032 - INFO - [Times of India] Article: https://timesofindia.indiatimes.com/world/rest-of-world/1000-tonnes-of-gold-found-inside-the-worlds-newest-supergiant-treasure-worth-83-billion/articleshow/129753974.cms
2026-03-24 02:26:13,032 - INFO - [Times of India] Attempt 1/1: Trying with 'selenium_browser' strategy...
2026-03-24 02:26:14,420 - INFO - [Times of India] Page content loaded.
2026-03-24 02:26:14,554 - INFO - [Times of India] Success with 'selenium_browser'. Found content (489 words).
2026-03-24 02:26:14,618 - INFO - Saved article: 1,000 tonnes of gold found: Inside the world’s newest ‘supergiant’ treasure worth $83 billion | World News - The Times of India from Times of India
2026-03-24 02:26:15,952 - INFO - [Times of India] Article: https://timesofindia.indiatimes.com/science/nasa-reports-russian-spacecraft-antenna-problem-forced-manual-docking-with-iss/articleshow/129753590.cms
2026-03-24 02:26:15,952 - INFO - [Times of India] Attempt 1/1: Trying with 'selenium_browser' strategy...
2026-03-24 02:26:16,874 - INFO - [Times of India] Page content loaded.
2026-03-24 02:26:17,025 - INFO - [Times of India] Success with 'selenium_browser'. Found content (598 words).
2026-03-24 02:26:17,098 - INFO - Saved article: NASA reports Russian spacecraft antenna problem: Forced manual docking with ISS | - The Times of India from Times of India
2026-03-24 02:26:17,740 - INFO - [Times of India] Article: https://timesofindia.indiatimes.com/science/scientists-finally-uncover-whats-hidden-beneath-the-worlds-oldest-tree-and-its-alive/articleshow/129752445.cms
2026-03-24 02:26:17,740 - INFO - [Times of India] Attempt 1/1: Trying with 'selenium_browser' strategy...
2026-03-24 02:26:18,630 - INFO - [Times of India] Page content loaded.
2026-03-24 02:26:18,744 - INFO - [Times of India] Success with 'selenium_browser'. Found content (587 words).
2026-03-24 02:26:18,809 - INFO - Saved article: Scientists finally uncover what’s hidden beneath the world’s oldest tree, and it’s alive | - The Times of India from Times of India
2026-03-24 02:26:20,091 - INFO - [Times of India] Article: https://timesofindia.indiatimes.com/world/uk/who-is-matt-brittin-ex-google-executive-set-to-become-bbcs-next-director-general/articleshow/129758722.cms
2026-03-24 02:26:20,091 - INFO - [Times of India] Attempt 1/1: Trying with 'selenium_browser' strategy...
2026-03-24 02:26:21,048 - INFO - [Times of India] Page content loaded.
2026-03-24 02:26:21,180 - INFO - [Times of India] Success with 'selenium_browser'. Found content (552 words).
2026-03-24 02:26:21,235 - INFO - Saved article: Matt Brittin: Who is Matt Brittin? Ex-Google executive set to become BBC’s next director-general - The Times of India from Times of India
2026-03-24 02:26:22,132 - INFO - [Times of India] (Thread) Finished. Attempting to shut down its Selenium driver.
2026-03-24 02:26:22,508 - INFO - [Times of India] (Thread) driver.quit() successful.
2026-03-24 02:26:22,508 - INFO - Shutting down thread pool (wait=False)...
2026-03-24 02:26:22,508 - INFO - Scraped: 15 BBC, 24 The Hindu, 19 Times of India, 14 The Guardian articles. (Total saved: 72)
2026-03-24 02:26:22,508 - INFO - --- Scraping job finished ---
2026-03-24 02:26:22,517 - INFO - --- Scraper service stopped and database connection closed. ---
2026-03-24 02:26:22,517 - INFO - --- Main thread finished. Forcing process exit to kill zombie threads. ---
