2025-11-13 17:13:50,820 - INFO - Initializing database connection at: news_articles.db
2025-11-13 17:13:50,820 - INFO - --- Scraper service started (CI Mode: Run Once) ---
2025-11-13 17:13:50,820 - INFO - --- Starting new scraping job ---
2025-11-13 17:13:50,820 - INFO - Creating new robust session with 3 retries on 5xx errors.
2025-11-13 17:13:50,820 - INFO - Proxy is DISABLED.
2025-11-13 17:13:50,820 - INFO - Attempting to initialize Selenium driver for this run...
2025-11-13 17:13:50,820 - INFO - Initializing headless Selenium Chrome driver...
2025-11-13 17:13:50,820 - INFO - CI environment detected. Using binaries at: /usr/bin/chromium-browser and /usr/bin/chromium-chromedriver
2025-11-13 17:13:50,821 - CRITICAL - Failed to initialize Selenium driver. This can happen if Chrome updates. Error: Message: Unable to obtain driver for chrome; For documentation on this error, please visit: https://www.selenium.dev/documentation/webdriver/troubleshooting/errors/driver_location

2025-11-13 17:13:50,821 - WARNING - Selenium driver failed to start. Sites requiring Selenium will fail.
2025-11-13 17:13:50,821 - INFO - Starting scrape for BBC RSS feed: http://feeds.bbci.co.uk/news/world/rss.xml
2025-11-13 17:13:51,418 - INFO - Found 23 articles in BBC RSS feed. Processing up to 25.
2025-11-13 17:13:51,418 - INFO - [BBC] Article: https://www.bbc.com/news/articles/cglgj08erywo?at_medium=RSS&at_campaign=rss
2025-11-13 17:13:51,418 - INFO - [BBC] Attempt 1/1: Trying with 'requests_browser' strategy...
2025-11-13 17:13:52,222 - INFO - [BBC] Success with 'requests_browser'. Found content.
2025-11-13 17:13:52,319 - INFO - Duplicate article skipped: Epstein email says Andrew had photo taken with Virginia Giuffre from BBC
2025-11-13 17:13:53,575 - INFO - [BBC] Article: https://www.bbc.com/news/articles/c3rj0d97ynvo?at_medium=RSS&at_campaign=rss
2025-11-13 17:13:53,575 - INFO - [BBC] Attempt 1/1: Trying with 'requests_browser' strategy...
2025-11-13 17:13:53,624 - INFO - [BBC] Success with 'requests_browser'. Found content.
2025-11-13 17:13:53,657 - INFO - Duplicate article skipped: What we know about the latest Epstein emails referencing Trump from BBC
2025-11-13 17:13:55,119 - INFO - [BBC] Article: https://www.bbc.com/news/articles/cz917nvj7qeo?at_medium=RSS&at_campaign=rss
2025-11-13 17:13:55,119 - INFO - [BBC] Attempt 1/1: Trying with 'requests_browser' strategy...
2025-11-13 17:13:55,272 - INFO - [BBC] Success with 'requests_browser'. Found content.
2025-11-13 17:13:55,305 - INFO - Duplicate article skipped: Trump celebrates as Democrats face fallout from end of shutdown from BBC
2025-11-13 17:13:56,088 - INFO - [BBC] Article: https://www.bbc.com/news/articles/c9wv22qjq8eo?at_medium=RSS&at_campaign=rss
2025-11-13 17:13:56,088 - INFO - [BBC] Attempt 1/1: Trying with 'requests_browser' strategy...
2025-11-13 17:13:56,931 - INFO - [BBC] Success with 'requests_browser'. Found content.
2025-11-13 17:13:56,964 - INFO - Duplicate article skipped: Suneung: Blind students sit 13-hour college entry exam in South Korea from BBC
2025-11-13 17:13:57,525 - INFO - [BBC] Article: https://www.bbc.com/news/articles/cddrj3mzgz2o?at_medium=RSS&at_campaign=rss
2025-11-13 17:13:57,525 - INFO - [BBC] Attempt 1/1: Trying with 'requests_browser' strategy...
2025-11-13 17:13:57,566 - INFO - [BBC] Success with 'requests_browser'. Found content.
2025-11-13 17:13:57,598 - INFO - Duplicate article skipped: Musalia Mudavadi says over 200 Kenyans fighting for Russia in Ukraine from BBC
2025-11-13 17:13:58,350 - INFO - [BBC] Article: https://www.bbc.com/news/articles/c17p1nwy7q8o?at_medium=RSS&at_campaign=rss
2025-11-13 17:13:58,350 - INFO - [BBC] Attempt 1/1: Trying with 'requests_browser' strategy...
2025-11-13 17:13:58,396 - INFO - [BBC] Success with 'requests_browser'. Found content.
2025-11-13 17:13:58,430 - INFO - Duplicate article skipped: Sudan conflict: Marco Rubio calls for international action to cut weapons supplies to RSF from BBC
2025-11-13 17:13:59,447 - INFO - [BBC] Article: https://www.bbc.com/news/articles/cd679n9lnx5o?at_medium=RSS&at_campaign=rss
2025-11-13 17:13:59,447 - INFO - [BBC] Attempt 1/1: Trying with 'requests_browser' strategy...
2025-11-13 17:13:59,488 - INFO - [BBC] Success with 'requests_browser'. Found content.
2025-11-13 17:13:59,519 - INFO - Duplicate article skipped: Steam Machine: Valve rivals Xbox and PlayStation with new console from BBC
2025-11-13 17:14:00,882 - INFO - [BBC] Article: https://www.bbc.com/news/articles/cd7rlrzq88wo?at_medium=RSS&at_campaign=rss
2025-11-13 17:14:00,883 - INFO - [BBC] Attempt 1/1: Trying with 'requests_browser' strategy...
2025-11-13 17:14:01,174 - INFO - [BBC] Success with 'requests_browser'. Found content.
2025-11-13 17:14:01,205 - INFO - Duplicate article skipped: Nigeria cancels mother-tongue teaching in primary schools and reverts to English from BBC
2025-11-13 17:14:02,567 - INFO - [BBC] Article: https://www.bbc.com/news/articles/cly45dqpwywo?at_medium=RSS&at_campaign=rss
2025-11-13 17:14:02,567 - INFO - [BBC] Attempt 1/1: Trying with 'requests_browser' strategy...
2025-11-13 17:14:02,617 - INFO - [BBC] Success with 'requests_browser'. Found content.
2025-11-13 17:14:02,648 - INFO - Duplicate article skipped: Kim Kardashian's shapewear brand Skims hits $5bn valuation from BBC
2025-11-13 17:14:03,992 - INFO - [BBC] Article: https://www.bbc.com/news/articles/c1wlywx5vv3o?at_medium=RSS&at_campaign=rss
2025-11-13 17:14:03,992 - INFO - [BBC] Attempt 1/1: Trying with 'requests_browser' strategy...
2025-11-13 17:14:05,388 - INFO - [BBC] Success with 'requests_browser'. Found content.
2025-11-13 17:14:05,419 - INFO - Duplicate article skipped: French relief as Algeria frees novelist Boualem Sansal from BBC
2025-11-13 17:14:06,855 - INFO - [BBC] Article: https://www.bbc.com/news/articles/c93d4y8ggvqo?at_medium=RSS&at_campaign=rss
2025-11-13 17:14:06,855 - INFO - [BBC] Attempt 1/1: Trying with 'requests_browser' strategy...
2025-11-13 17:14:06,893 - INFO - [BBC] Success with 'requests_browser'. Found content.
2025-11-13 17:14:06,923 - INFO - Duplicate article skipped: Ketamine disguised as tea keeps washing ashore on South Korea's Jeju island from BBC
2025-11-13 17:14:07,702 - INFO - [BBC] Article: https://www.bbc.com/news/articles/ceq0e7q7vl8o?at_medium=RSS&at_campaign=rss
2025-11-13 17:14:07,702 - INFO - [BBC] Attempt 1/1: Trying with 'requests_browser' strategy...
2025-11-13 17:14:07,745 - INFO - [BBC] Success with 'requests_browser'. Found content.
2025-11-13 17:14:07,797 - INFO - Duplicate article skipped: South Sudan President Salva Kiir sacks Vice-President Bol Mel from BBC
2025-11-13 17:14:08,742 - INFO - [BBC] Article: https://www.bbc.com/news/articles/c620q30w0q0o?at_medium=RSS&at_campaign=rss
2025-11-13 17:14:08,742 - INFO - [BBC] Attempt 1/1: Trying with 'requests_browser' strategy...
2025-11-13 17:14:08,968 - INFO - [BBC] Success with 'requests_browser'. Found content.
2025-11-13 17:14:08,998 - INFO - Duplicate article skipped: Fossil fuel emissions rise again - but renewables boom offers hope for climate from BBC
2025-11-13 17:14:09,989 - INFO - [BBC] Article: https://www.bbc.com/news/articles/c6291204278o?at_medium=RSS&at_campaign=rss
2025-11-13 17:14:09,989 - INFO - [BBC] Attempt 1/1: Trying with 'requests_browser' strategy...
2025-11-13 17:14:10,792 - INFO - [BBC] Success with 'requests_browser'. Found content.
2025-11-13 17:14:10,823 - INFO - Duplicate article skipped: France remembers Bataclan attacks but knows enemy has not gone away from BBC
2025-11-13 17:14:11,986 - INFO - [BBC] Article: https://www.bbc.com/news/articles/cly98qp99l8o?at_medium=RSS&at_campaign=rss
2025-11-13 17:14:11,986 - INFO - [BBC] Attempt 1/1: Trying with 'requests_browser' strategy...
2025-11-13 17:14:12,174 - INFO - [BBC] Success with 'requests_browser'. Found content.
2025-11-13 17:14:12,211 - INFO - Duplicate article skipped: Why Ukraine is bracing for its 'worst winter' of the war from BBC
2025-11-13 17:14:13,072 - INFO - [BBC] Article: https://www.bbc.com/news/articles/cj41g75pe20o?at_medium=RSS&at_campaign=rss
2025-11-13 17:14:13,072 - INFO - [BBC] Attempt 1/1: Trying with 'requests_browser' strategy...
2025-11-13 17:14:13,563 - INFO - [BBC] Success with 'requests_browser'. Found content.
2025-11-13 17:14:13,594 - INFO - Duplicate article skipped: Stranger Things cast and creators on show's ending and spin-off plans from BBC
2025-11-13 17:14:14,235 - INFO - [BBC] Article: https://www.bbc.com/news/articles/cn51qdg5ywgo?at_medium=RSS&at_campaign=rss
2025-11-13 17:14:14,235 - INFO - [BBC] Attempt 1/1: Trying with 'requests_browser' strategy...
2025-11-13 17:14:15,076 - INFO - [BBC] Success with 'requests_browser'. Found content.
2025-11-13 17:14:15,106 - INFO - Duplicate article skipped: Caste census: The case for and against counting castes in India from BBC
2025-11-13 17:14:16,005 - INFO - [BBC] Article: https://www.bbc.com/news/articles/c1d0ydl7dypo?at_medium=RSS&at_campaign=rss
2025-11-13 17:14:16,005 - INFO - [BBC] Attempt 1/1: Trying with 'requests_browser' strategy...
2025-11-13 17:14:16,051 - INFO - [BBC] Success with 'requests_browser'. Found content.
2025-11-13 17:14:16,085 - INFO - Duplicate article skipped: The Museum of West African Art (Mowaa) and the row over Nigeria's Benin Bronzes from BBC
2025-11-13 17:14:16,642 - INFO - [BBC] Article: https://www.bbc.com/news/videos/crre8g5e45jo?at_medium=RSS&at_campaign=rss
2025-11-13 17:14:16,642 - INFO - [BBC] Attempt 1/1: Trying with 'requests_browser' strategy...
2025-11-13 17:14:16,698 - INFO - [BBC] Success with 'requests_browser'. Found content.
2025-11-13 17:14:16,734 - INFO - Duplicate article skipped: Watch: Russia's AI robot falls seconds after being unveiled from BBC
2025-11-13 17:14:17,901 - INFO - [BBC] Article: https://www.bbc.com/news/videos/ckg45vpyg3ro?at_medium=RSS&at_campaign=rss
2025-11-13 17:14:17,901 - INFO - [BBC] Attempt 1/1: Trying with 'requests_browser' strategy...
2025-11-13 17:14:18,548 - INFO - [BBC] Success with 'requests_browser'. Found content.
2025-11-13 17:14:18,584 - INFO - Duplicate article skipped: Watch: Australian windsurfer escapes shark attack from BBC
2025-11-13 17:14:19,789 - INFO - [BBC] Article: https://www.bbc.com/news/videos/c231yry75m3o?at_medium=RSS&at_campaign=rss
2025-11-13 17:14:19,789 - INFO - [BBC] Attempt 1/1: Trying with 'requests_browser' strategy...
2025-11-13 17:14:19,849 - INFO - [BBC] Success with 'requests_browser'. Found content.
2025-11-13 17:14:19,885 - INFO - Duplicate article skipped: Moment newly opened bridge partially collapses in China from BBC
2025-11-13 17:14:20,805 - INFO - [BBC] Article: https://www.bbc.com/news/videos/c4gkyx4r190o?at_medium=RSS&at_campaign=rss
2025-11-13 17:14:20,805 - INFO - [BBC] Attempt 1/1: Trying with 'requests_browser' strategy...
2025-11-13 17:14:21,445 - INFO - [BBC] Success with 'requests_browser'. Found content.
2025-11-13 17:14:21,482 - INFO - Saved article: Watch: Protesters clash with security at COP30 venue in Brazil from BBC
2025-11-13 17:14:22,096 - INFO - [BBC] Article: https://www.bbc.com/news/videos/cr7mp7rnx48o?at_medium=RSS&at_campaign=rss
2025-11-13 17:14:22,096 - INFO - [BBC] Attempt 1/1: Trying with 'requests_browser' strategy...
2025-11-13 17:14:22,151 - INFO - [BBC] Success with 'requests_browser'. Found content.
2025-11-13 17:14:22,189 - INFO - Saved article: Ros Atkins on... the BBC resignations from BBC
2025-11-13 17:14:23,124 - INFO - Starting scrape for Times of India RSS feed: https://timesofindia.indiatimes.com/rssfeeds/296589292.cms
2025-11-13 17:14:23,373 - INFO - Found 20 articles in Times of India RSS feed. Processing up to 25.
2025-11-13 17:14:23,373 - INFO - [Times of India] Article: https://timesofindia.indiatimes.com/world/us/30-americans-and-3-h-1bs-vs-30-indians-ben-shapiro-draws-flak-for-defending-h-1b-says-his-words-taken-out-of-context/articleshow/125303888.cms
2025-11-13 17:14:23,373 - INFO - [Times of India] Attempt 1/1: Trying with 'selenium_browser' strategy...
2025-11-13 17:14:23,373 - ERROR - [Times of India] Selenium strategy selected but driver is not available. Skipping.
2025-11-13 17:14:23,373 - ERROR - [Times of India] All scrape strategies failed for https://timesofindia.indiatimes.com/world/us/30-americans-and-3-h-1bs-vs-30-indians-ben-shapiro-draws-flak-for-defending-h-1b-says-his-words-taken-out-of-context/articleshow/125303888.cms. Falling back to RSS description.
2025-11-13 17:14:23,374 - INFO - Duplicate article skipped: '30 Americans and 3 H-1Bs vs 30 Indians': Ben Shapiro draws flak for defending H-1B, says his words taken out of context from Times of India
2025-11-13 17:14:24,651 - INFO - [Times of India] Article: https://timesofindia.indiatimes.com/world/middle-east/iran-as-traffic-chokes-tehran-women-turn-to-motorbikes-despite-the-ban/articleshow/125302227.cms
2025-11-13 17:14:24,651 - INFO - [Times of India] Attempt 1/1: Trying with 'selenium_browser' strategy...
2025-11-13 17:14:24,651 - ERROR - [Times of India] Selenium strategy selected but driver is not available. Skipping.
2025-11-13 17:14:24,651 - ERROR - [Times of India] All scrape strategies failed for https://timesofindia.indiatimes.com/world/middle-east/iran-as-traffic-chokes-tehran-women-turn-to-motorbikes-despite-the-ban/articleshow/125302227.cms. Falling back to RSS description.
2025-11-13 17:14:24,652 - INFO - Duplicate article skipped: Iran: As traffic chokes Tehran, Women turn to motorbikes despite the ban from Times of India
2025-11-13 17:14:25,749 - INFO - [Times of India] Article: https://timesofindia.indiatimes.com/world/us/we-live-in-a-fascist-country-american-airlines-flight-diverted-over-passengers-outburst-4-congressmen-were-flying-to-vote-on-shutdown/articleshow/125302344.cms
2025-11-13 17:14:25,749 - INFO - [Times of India] Attempt 1/1: Trying with 'selenium_browser' strategy...
2025-11-13 17:14:25,749 - ERROR - [Times of India] Selenium strategy selected but driver is not available. Skipping.
2025-11-13 17:14:25,749 - ERROR - [Times of India] All scrape strategies failed for https://timesofindia.indiatimes.com/world/us/we-live-in-a-fascist-country-american-airlines-flight-diverted-over-passengers-outburst-4-congressmen-were-flying-to-vote-on-shutdown/articleshow/125302344.cms. Falling back to RSS description.
2025-11-13 17:14:25,749 - INFO - Duplicate article skipped: 'We live in a fascist country': American Airlines flight diverted over passenger's outburst; 4 Congressmen were flying to vote on shutdown from Times of India
2025-11-13 17:14:27,200 - INFO - [Times of India] Article: https://timesofindia.indiatimes.com/world/us/the-zohran-effect-50000-apply-to-work-in-mamdanis-administration/articleshow/125301651.cms
2025-11-13 17:14:27,200 - INFO - [Times of India] Attempt 1/1: Trying with 'selenium_browser' strategy...
2025-11-13 17:14:27,200 - ERROR - [Times of India] Selenium strategy selected but driver is not available. Skipping.
2025-11-13 17:14:27,200 - ERROR - [Times of India] All scrape strategies failed for https://timesofindia.indiatimes.com/world/us/the-zohran-effect-50000-apply-to-work-in-mamdanis-administration/articleshow/125301651.cms. Falling back to RSS description.
2025-11-13 17:14:27,200 - INFO - Duplicate article skipped: The Zohran Effect: 50,000 apply to work in Mamdani's administration from Times of India
2025-11-13 17:14:28,408 - INFO - [Times of India] Article: https://timesofindia.indiatimes.com/world/middle-east/experience-the-future-of-aviation-dubai-airports-unveils-sustainability-showcase-at-dubai-airshow-2025running-1721-november/articleshow/125301023.cms
2025-11-13 17:14:28,408 - INFO - [Times of India] Attempt 1/1: Trying with 'selenium_browser' strategy...
2025-11-13 17:14:28,408 - ERROR - [Times of India] Selenium strategy selected but driver is not available. Skipping.
2025-11-13 17:14:28,408 - ERROR - [Times of India] All scrape strategies failed for https://timesofindia.indiatimes.com/world/middle-east/experience-the-future-of-aviation-dubai-airports-unveils-sustainability-showcase-at-dubai-airshow-2025running-1721-november/articleshow/125301023.cms. Falling back to RSS description.
2025-11-13 17:14:28,409 - INFO - Duplicate article skipped: Experience the future of aviation: Dubai Airports unveils sustainability showcase at Dubai Airshow 2025, running 17–21 November from Times of India
2025-11-13 17:14:29,904 - INFO - [Times of India] Article: https://timesofindia.indiatimes.com/world/us/dog-that-hasnt-barked-do-new-epstein-emails-exonerate-trump-decoding-the-dem-release/articleshow/125300562.cms
2025-11-13 17:14:29,904 - INFO - [Times of India] Attempt 1/1: Trying with 'selenium_browser' strategy...
2025-11-13 17:14:29,904 - ERROR - [Times of India] Selenium strategy selected but driver is not available. Skipping.
2025-11-13 17:14:29,904 - ERROR - [Times of India] All scrape strategies failed for https://timesofindia.indiatimes.com/world/us/dog-that-hasnt-barked-do-new-epstein-emails-exonerate-trump-decoding-the-dem-release/articleshow/125300562.cms. Falling back to RSS description.
2025-11-13 17:14:29,904 - INFO - Duplicate article skipped: 'Dog that hasn't barked': Do new Epstein emails exonerate Trump? Decoding the Democrats release from Times of India
2025-11-13 17:14:31,206 - INFO - [Times of India] Article: https://timesofindia.indiatimes.com/world/us/indians-bring-their-whole-village-to-america-ann-coulter-says-everyone-knows-indians-and-chinese-openly-cheat/articleshow/125301209.cms
2025-11-13 17:14:31,206 - INFO - [Times of India] Attempt 1/1: Trying with 'selenium_browser' strategy...
2025-11-13 17:14:31,206 - ERROR - [Times of India] Selenium strategy selected but driver is not available. Skipping.
2025-11-13 17:14:31,206 - ERROR - [Times of India] All scrape strategies failed for https://timesofindia.indiatimes.com/world/us/indians-bring-their-whole-village-to-america-ann-coulter-says-everyone-knows-indians-and-chinese-openly-cheat/articleshow/125301209.cms. Falling back to RSS description.
2025-11-13 17:14:31,206 - INFO - Duplicate article skipped: Indians bring their whole village to America: Ann Coulter says everyone knows Indians and Chinese openly cheat from Times of India
2025-11-13 17:14:32,634 - INFO - [Times of India] Article: https://timesofindia.indiatimes.com/world/us-streamers/asmongold-triggers-controversy-after-intense-pressure-on-donald-trump-around-epstein-files-rises-with-new-unexpected-twists/articleshow/125300531.cms
2025-11-13 17:14:32,634 - INFO - [Times of India] Attempt 1/1: Trying with 'selenium_browser' strategy...
2025-11-13 17:14:32,634 - ERROR - [Times of India] Selenium strategy selected but driver is not available. Skipping.
2025-11-13 17:14:32,634 - ERROR - [Times of India] All scrape strategies failed for https://timesofindia.indiatimes.com/world/us-streamers/asmongold-triggers-controversy-after-intense-pressure-on-donald-trump-around-epstein-files-rises-with-new-unexpected-twists/articleshow/125300531.cms. Falling back to RSS description.
2025-11-13 17:14:32,635 - INFO - Duplicate article skipped: Asmongold triggers controversy after intense pressure on Donald Trump around Epstein files rises with new unexpected twists from Times of India
2025-11-13 17:14:33,358 - INFO - [Times of India] Article: https://timesofindia.indiatimes.com/world/us/glen-powell-set-to-host-snl-this-week-promo-goes-viral-for-his-iconic-walking-like-walken-moment/articleshow/125300536.cms
2025-11-13 17:14:33,358 - INFO - [Times of India] Attempt 1/1: Trying with 'selenium_browser' strategy...
2025-11-13 17:14:33,358 - ERROR - [Times of India] Selenium strategy selected but driver is not available. Skipping.
2025-11-13 17:14:33,358 - ERROR - [Times of India] All scrape strategies failed for https://timesofindia.indiatimes.com/world/us/glen-powell-set-to-host-snl-this-week-promo-goes-viral-for-his-iconic-walking-like-walken-moment/articleshow/125300536.cms. Falling back to RSS description.
2025-11-13 17:14:33,358 - INFO - Duplicate article skipped: Glen Powell set to host SNL this week: Promo goes viral for his iconic ‘walking like Walken’ moment from Times of India
2025-11-13 17:14:34,725 - INFO - [Times of India] Article: https://timesofindia.indiatimes.com/world/us/if-we-end-h-1b-tomorrow-influencer-asks-maga-not-to-rant-against-trump-he-knows-something-that-no-one-does/articleshow/125299924.cms
2025-11-13 17:14:34,725 - INFO - [Times of India] Attempt 1/1: Trying with 'selenium_browser' strategy...
2025-11-13 17:14:34,725 - ERROR - [Times of India] Selenium strategy selected but driver is not available. Skipping.
2025-11-13 17:14:34,725 - ERROR - [Times of India] All scrape strategies failed for https://timesofindia.indiatimes.com/world/us/if-we-end-h-1b-tomorrow-influencer-asks-maga-not-to-rant-against-trump-he-knows-something-that-no-one-does/articleshow/125299924.cms. Falling back to RSS description.
2025-11-13 17:14:34,725 - INFO - Duplicate article skipped: 'If we end H-1B tomorrow...': Influencer asks MAGA not to rant against Trump, 'he knows something that no one does' from Times of India
2025-11-13 17:14:36,144 - INFO - [Times of India] Article: https://timesofindia.indiatimes.com/world/middle-east/kuwait-approves-new-working-hours-for-private-school-employees/articleshow/125298863.cms
2025-11-13 17:14:36,144 - INFO - [Times of India] Attempt 1/1: Trying with 'selenium_browser' strategy...
2025-11-13 17:14:36,144 - ERROR - [Times of India] Selenium strategy selected but driver is not available. Skipping.
2025-11-13 17:14:36,144 - ERROR - [Times of India] All scrape strategies failed for https://timesofindia.indiatimes.com/world/middle-east/kuwait-approves-new-working-hours-for-private-school-employees/articleshow/125298863.cms. Falling back to RSS description.
2025-11-13 17:14:36,145 - INFO - Duplicate article skipped: Kuwait approves new working hours for private school employees from Times of India
2025-11-13 17:14:37,619 - INFO - [Times of India] Article: https://timesofindia.indiatimes.com/world/middle-east/19-year-old-indian-teen-dies-in-dubai-while-photographing-planes/articleshow/125299018.cms
2025-11-13 17:14:37,619 - INFO - [Times of India] Attempt 1/1: Trying with 'selenium_browser' strategy...
2025-11-13 17:14:37,619 - ERROR - [Times of India] Selenium strategy selected but driver is not available. Skipping.
2025-11-13 17:14:37,619 - ERROR - [Times of India] All scrape strategies failed for https://timesofindia.indiatimes.com/world/middle-east/19-year-old-indian-teen-dies-in-dubai-while-photographing-planes/articleshow/125299018.cms. Falling back to RSS description.
2025-11-13 17:14:37,620 - INFO - Duplicate article skipped: 19 year old Indian teen dies in Dubai while photographing planes from Times of India
2025-11-13 17:14:38,461 - INFO - [Times of India] Article: https://timesofindia.indiatimes.com/world/middle-east/uae-makes-history-with-hili-the-nations-first-hybrid-cargo-plane-takes-flight/articleshow/125299358.cms
2025-11-13 17:14:38,461 - INFO - [Times of India] Attempt 1/1: Trying with 'selenium_browser' strategy...
2025-11-13 17:14:38,461 - ERROR - [Times of India] Selenium strategy selected but driver is not available. Skipping.
2025-11-13 17:14:38,461 - ERROR - [Times of India] All scrape strategies failed for https://timesofindia.indiatimes.com/world/middle-east/uae-makes-history-with-hili-the-nations-first-hybrid-cargo-plane-takes-flight/articleshow/125299358.cms. Falling back to RSS description.
2025-11-13 17:14:38,461 - INFO - Duplicate article skipped: UAE makes history with Hili: The nation’s first hybrid cargo plane takes flight from Times of India
2025-11-13 17:14:39,824 - INFO - [Times of India] Article: https://timesofindia.indiatimes.com/world/watch-miss-mundo-chile-contestant-surprises-judges-with-death-metal-performance/articleshow/125293604.cms
2025-11-13 17:14:39,824 - INFO - [Times of India] Attempt 1/1: Trying with 'selenium_browser' strategy...
2025-11-13 17:14:39,824 - ERROR - [Times of India] Selenium strategy selected but driver is not available. Skipping.
2025-11-13 17:14:39,824 - ERROR - [Times of India] All scrape strategies failed for https://timesofindia.indiatimes.com/world/watch-miss-mundo-chile-contestant-surprises-judges-with-death-metal-performance/articleshow/125293604.cms. Falling back to RSS description.
2025-11-13 17:14:39,824 - INFO - Duplicate article skipped: Watch: Miss Mundo Chile contestant surprises judges with Death Metal performance from Times of India
2025-11-13 17:14:40,536 - INFO - [Times of India] Article: https://timesofindia.indiatimes.com/world/us-streamers/yonna-jay-net-worth-in-2025-tiktok-stars-earnings-sponsorships-and-brand-deals-explored/articleshow/125298559.cms
2025-11-13 17:14:40,536 - INFO - [Times of India] Attempt 1/1: Trying with 'selenium_browser' strategy...
2025-11-13 17:14:40,536 - ERROR - [Times of India] Selenium strategy selected but driver is not available. Skipping.
2025-11-13 17:14:40,536 - ERROR - [Times of India] All scrape strategies failed for https://timesofindia.indiatimes.com/world/us-streamers/yonna-jay-net-worth-in-2025-tiktok-stars-earnings-sponsorships-and-brand-deals-explored/articleshow/125298559.cms. Falling back to RSS description.
2025-11-13 17:14:40,536 - INFO - Duplicate article skipped: Yonna Jay net worth in 2025: TikTok star’s earnings, sponsorships, and brand deals explored from Times of India
2025-11-13 17:14:41,443 - INFO - [Times of India] Article: https://timesofindia.indiatimes.com/world/us-streamers/duke-dennis-and-tylils-wild-clash-over-rakais-chain-leaves-millions-arguing-about-real-beef-or-scripted-drama/articleshow/125296018.cms
2025-11-13 17:14:41,443 - INFO - [Times of India] Attempt 1/1: Trying with 'selenium_browser' strategy...
2025-11-13 17:14:41,443 - ERROR - [Times of India] Selenium strategy selected but driver is not available. Skipping.
2025-11-13 17:14:41,443 - ERROR - [Times of India] All scrape strategies failed for https://timesofindia.indiatimes.com/world/us-streamers/duke-dennis-and-tylils-wild-clash-over-rakais-chain-leaves-millions-arguing-about-real-beef-or-scripted-drama/articleshow/125296018.cms. Falling back to RSS description.
2025-11-13 17:14:41,443 - INFO - Duplicate article skipped: Duke Dennis and Tylil’s wild clash over RaKai’s chain leaves millions arguing about real beef or scripted drama from Times of India
2025-11-13 17:14:42,755 - INFO - [Times of India] Article: https://timesofindia.indiatimes.com/world/middle-east/uae-launches-middle-easts-first-private-astronaut-training-centre/articleshow/125296766.cms
2025-11-13 17:14:42,755 - INFO - [Times of India] Attempt 1/1: Trying with 'selenium_browser' strategy...
2025-11-13 17:14:42,755 - ERROR - [Times of India] Selenium strategy selected but driver is not available. Skipping.
2025-11-13 17:14:42,755 - ERROR - [Times of India] All scrape strategies failed for https://timesofindia.indiatimes.com/world/middle-east/uae-launches-middle-easts-first-private-astronaut-training-centre/articleshow/125296766.cms. Falling back to RSS description.
2025-11-13 17:14:42,755 - INFO - Duplicate article skipped: UAE launches Middle East’s first private astronaut training centre from Times of India
2025-11-13 17:14:43,749 - INFO - [Times of India] Article: https://timesofindia.indiatimes.com/world/middle-east/gcc-approves-one-stop-travel-system-to-let-citizens-complete-all-travel-checks-at-one-point/articleshow/125296963.cms
2025-11-13 17:14:43,749 - INFO - [Times of India] Attempt 1/1: Trying with 'selenium_browser' strategy...
2025-11-13 17:14:43,749 - ERROR - [Times of India] Selenium strategy selected but driver is not available. Skipping.
2025-11-13 17:14:43,749 - ERROR - [Times of India] All scrape strategies failed for https://timesofindia.indiatimes.com/world/middle-east/gcc-approves-one-stop-travel-system-to-let-citizens-complete-all-travel-checks-at-one-point/articleshow/125296963.cms. Falling back to RSS description.
2025-11-13 17:14:43,750 - INFO - Duplicate article skipped: GCC approves one stop travel system to let citizens complete all travel checks at one point from Times of India
2025-11-13 17:14:45,068 - INFO - [Times of India] Article: https://timesofindia.indiatimes.com/technology/tech-news/runs-on-vodka-russias-first-ai-robot-stumbles-and-falls-moments-after-taking-its-first-steps/articleshow/125296084.cms
2025-11-13 17:14:45,068 - INFO - [Times of India] Attempt 1/1: Trying with 'selenium_browser' strategy...
2025-11-13 17:14:45,068 - ERROR - [Times of India] Selenium strategy selected but driver is not available. Skipping.
2025-11-13 17:14:45,068 - ERROR - [Times of India] All scrape strategies failed for https://timesofindia.indiatimes.com/technology/tech-news/runs-on-vodka-russias-first-ai-robot-stumbles-and-falls-moments-after-taking-its-first-steps/articleshow/125296084.cms. Falling back to RSS description.
2025-11-13 17:14:45,069 - INFO - Duplicate article skipped: ‘Runs on Vodka’: Russia’s first AI robot stumbles and falls moments after taking its first steps from Times of India
2025-11-13 17:14:46,227 - INFO - [Times of India] Article: https://timesofindia.indiatimes.com/world/south-asia/bangladesh-polls-yunus-govt-to-hold-referendum-general-elections-in-february-2026-what-is-july-charter/articleshow/125296291.cms
2025-11-13 17:14:46,227 - INFO - [Times of India] Attempt 1/1: Trying with 'selenium_browser' strategy...
2025-11-13 17:14:46,227 - ERROR - [Times of India] Selenium strategy selected but driver is not available. Skipping.
2025-11-13 17:14:46,227 - ERROR - [Times of India] All scrape strategies failed for https://timesofindia.indiatimes.com/world/south-asia/bangladesh-polls-yunus-govt-to-hold-referendum-general-elections-in-february-2026-what-is-july-charter/articleshow/125296291.cms. Falling back to RSS description.
2025-11-13 17:14:46,228 - INFO - Duplicate article skipped: Bangladesh polls: Yunus govt to hold referendum, general elections in February 2026; what is July Charter? from Times of India
2025-11-13 17:14:47,324 - INFO - Starting scrape for The Guardian RSS feed: https://www.theguardian.com/world/rss
2025-11-13 17:14:47,484 - INFO - Found 45 articles in The Guardian RSS feed. Processing up to 25.
2025-11-13 17:14:47,485 - INFO - [The Guardian] Article: https://www.theguardian.com/world/2025/nov/12/state-sanctioned-fuel-smuggling-cost-libya-20bn-over-three-years-report
2025-11-13 17:14:47,485 - INFO - [The Guardian] Attempt 1/1: Trying with 'requests_browser' strategy...
2025-11-13 17:14:47,516 - INFO - [The Guardian] Success with 'requests_browser'. Found content.
2025-11-13 17:14:47,547 - INFO - Duplicate article skipped: State-sanctioned fuel smuggling cost Libya $20bn over three years – report | Libya | The Guardian from The Guardian
2025-11-13 17:14:48,972 - INFO - [The Guardian] Article: https://www.theguardian.com/global-development/2025/nov/13/british-american-tobacco-africa-zambia-uk
2025-11-13 17:14:48,972 - INFO - [The Guardian] Attempt 1/1: Trying with 'requests_browser' strategy...
2025-11-13 17:14:49,001 - INFO - [The Guardian] Success with 'requests_browser'. Found content.
2025-11-13 17:14:49,033 - INFO - Duplicate article skipped: ‘Utter hypocrisy’: tobacco firm lobbied against rules in Africa that are law in UK | Global development | The Guardian from The Guardian
2025-11-13 17:14:49,714 - INFO - [The Guardian] Article: https://www.theguardian.com/world/2025/nov/12/french-algerian-writer-boualem-sansal-pardoned-and-to-be-released-from-prison
2025-11-13 17:14:49,714 - INFO - [The Guardian] Attempt 1/1: Trying with 'requests_browser' strategy...
2025-11-13 17:14:49,739 - INFO - [The Guardian] Success with 'requests_browser'. Found content.
2025-11-13 17:14:49,770 - INFO - Duplicate article skipped: French-Algerian writer Boualem Sansal pardoned and to be released from prison | Algeria | The Guardian from The Guardian
2025-11-13 17:14:50,561 - INFO - [The Guardian] Article: https://www.theguardian.com/world/2025/nov/12/sudan-north-darfur-aid-malnutrition-rsf-el-fasher-tawila
2025-11-13 17:14:50,562 - INFO - [The Guardian] Attempt 1/1: Trying with 'requests_browser' strategy...
2025-11-13 17:14:50,596 - INFO - [The Guardian] Success with 'requests_browser'. Found content.
2025-11-13 17:14:50,637 - INFO - Duplicate article skipped: Dire warnings over aid and hunger following RSF’s capture of Sudanese city | Sudan | The Guardian from The Guardian
2025-11-13 17:14:51,500 - INFO - [The Guardian] Article: https://www.theguardian.com/world/2025/nov/12/city-of-libraries-chinguetti-mauritania-sahara-unesco-preservation
2025-11-13 17:14:51,500 - INFO - [The Guardian] Attempt 1/1: Trying with 'requests_browser' strategy...
2025-11-13 17:14:51,533 - INFO - [The Guardian] Success with 'requests_browser'. Found content.
2025-11-13 17:14:51,566 - INFO - Duplicate article skipped: The man on a mission to save Mauritania’s ‘city of libraries’ from encroaching desert sands | Mauritania | The Guardian from The Guardian
2025-11-13 17:14:52,160 - INFO - [The Guardian] Article: https://www.theguardian.com/environment/live/2025/nov/13/cop30-live-calls-for-just-transition-plan-grow-as-report-warns-world-on-track-for-26c-of-heating
2025-11-13 17:14:52,160 - INFO - [The Guardian] Attempt 1/1: Trying with 'requests_browser' strategy...
2025-11-13 17:14:52,365 - INFO - [The Guardian] Success with 'requests_browser'. Found content.
2025-11-13 17:14:52,444 - INFO - Duplicate article skipped: Cop30 live: calls for ‘just transition’ plan grow as report warns world on track for 2.6C of heating | Cop30 | The Guardian from The Guardian
2025-11-13 17:14:53,672 - INFO - [The Guardian] Article: https://www.theguardian.com/environment/2025/nov/13/row-over-definition-of-gender-hangs-over-cop30-plans-to-support-women
2025-11-13 17:14:53,672 - INFO - [The Guardian] Attempt 1/1: Trying with 'requests_browser' strategy...
2025-11-13 17:14:53,793 - INFO - [The Guardian] Success with 'requests_browser'. Found content.
2025-11-13 17:14:53,827 - INFO - Duplicate article skipped: Row over definition of ‘gender’ hangs over Cop30 plans to support women | Cop30 | The Guardian from The Guardian
2025-11-13 17:14:54,614 - INFO - [The Guardian] Article: https://www.theguardian.com/world/2025/nov/13/mexico-sexual-abuse-president-groped
2025-11-13 17:14:54,614 - INFO - [The Guardian] Attempt 1/1: Trying with 'requests_browser' strategy...
2025-11-13 17:14:54,641 - INFO - [The Guardian] Success with 'requests_browser'. Found content.
2025-11-13 17:14:54,673 - INFO - Duplicate article skipped: Mexico takes action to combat sexual abuse after president publicly groped | Mexico | The Guardian from The Guardian
2025-11-13 17:14:55,473 - INFO - [The Guardian] Article: https://www.theguardian.com/environment/live/2025/nov/12/cop30-live-talks-us-protests-belem-brazil
2025-11-13 17:14:55,473 - INFO - [The Guardian] Attempt 1/1: Trying with 'requests_browser' strategy...
2025-11-13 17:14:55,549 - INFO - [The Guardian] Success with 'requests_browser'. Found content.
2025-11-13 17:14:55,603 - INFO - Duplicate article skipped: Cop30 live: ‘literally insane’ that we are letting global heating happen, says Al Gore | Cop30 | The Guardian from The Guardian
2025-11-13 17:14:56,166 - INFO - [The Guardian] Article: https://www.theguardian.com/world/2025/nov/12/canada-eurovision
2025-11-13 17:14:56,166 - INFO - [The Guardian] Attempt 1/1: Trying with 'requests_browser' strategy...
2025-11-13 17:14:56,195 - INFO - [The Guardian] Success with 'requests_browser'. Found content.
2025-11-13 17:14:56,228 - INFO - Duplicate article skipped: Canada pushes to join Eurovision: ‘This is about protecting our identity’ | Canada | The Guardian from The Guardian
2025-11-13 17:14:57,720 - INFO - [The Guardian] Article: https://www.theguardian.com/business/2025/nov/13/netherlands-china-nexperia-row-global-car-industry
2025-11-13 17:14:57,720 - INFO - [The Guardian] Attempt 1/1: Trying with 'requests_browser' strategy...
2025-11-13 17:14:57,753 - INFO - [The Guardian] Success with 'requests_browser'. Found content.
2025-11-13 17:14:57,787 - INFO - Duplicate article skipped: ‘I’d do it all again,’ says Dutch minister at heart of car chip standoff with China | Automotive industry | The Guardian from The Guardian
2025-11-13 17:14:58,582 - INFO - [The Guardian] Article: https://www.theguardian.com/world/2025/nov/13/amid-japans-surge-in-bear-attacks-a-torrent-of-ai-generated-videos-is-adding-to-anxiety
2025-11-13 17:14:58,582 - INFO - [The Guardian] Attempt 1/1: Trying with 'requests_browser' strategy...
2025-11-13 17:14:58,612 - INFO - [The Guardian] Success with 'requests_browser'. Found content.
2025-11-13 17:14:58,644 - INFO - Duplicate article skipped: Amid Japan’s surge in bear attacks, a torrent of AI-generated videos is adding to anxiety | Japan | The Guardian from The Guardian
2025-11-13 17:15:00,075 - INFO - [The Guardian] Article: https://www.theguardian.com/world/2025/nov/13/thailand-cambodia-border-clash
2025-11-13 17:15:00,076 - INFO - [The Guardian] Attempt 1/1: Trying with 'requests_browser' strategy...
2025-11-13 17:15:00,237 - INFO - [The Guardian] Success with 'requests_browser'. Found content.
2025-11-13 17:15:00,306 - INFO - Duplicate article skipped: Fatal clash on Thai-Cambodia border after Trump-brokered peace deal breaks down | Cambodia | The Guardian from The Guardian
2025-11-13 17:15:01,095 - INFO - [The Guardian] Article: https://www.theguardian.com/world/2025/nov/13/alleged-gambling-kingpin-she-zhijiang-extradited-thailand-china
2025-11-13 17:15:01,095 - INFO - [The Guardian] Attempt 1/1: Trying with 'requests_browser' strategy...
2025-11-13 17:15:01,123 - INFO - [The Guardian] Success with 'requests_browser'. Found content.
2025-11-13 17:15:01,154 - INFO - Duplicate article skipped: Alleged gambling kingpin linked to scam centres extradited from Thailand to China | Thailand | The Guardian from The Guardian
2025-11-13 17:15:01,873 - INFO - [The Guardian] Article: https://www.theguardian.com/science/2025/nov/13/stunning-aurora-australis-lights-up-sky-above-new-zealand-and-australia-after-cannibal-solar-storm
2025-11-13 17:15:01,873 - INFO - [The Guardian] Attempt 1/1: Trying with 'requests_browser' strategy...
2025-11-13 17:15:01,909 - INFO - [The Guardian] Success with 'requests_browser'. Found content.
2025-11-13 17:15:01,954 - INFO - Duplicate article skipped: Stunning aurora australis lights up sky above New Zealand and Australia after ‘cannibal’ solar storm | Astronomy | The Guardian from The Guardian
2025-11-13 17:15:02,920 - INFO - [The Guardian] Article: https://www.theguardian.com/australia-news/2025/nov/13/victoria-youth-adult-time-law-labor-jacinta-allan-coalition-ntwnfb
2025-11-13 17:15:02,920 - INFO - [The Guardian] Attempt 1/1: Trying with 'requests_browser' strategy...
2025-11-13 17:15:02,958 - INFO - [The Guardian] Success with 'requests_browser'. Found content.
2025-11-13 17:15:03,003 - INFO - Duplicate article skipped: Will Victoria’s new youth crime laws be tough on crime or just a coward punch? | Victoria | The Guardian from The Guardian
2025-11-13 17:15:04,498 - INFO - [The Guardian] Article: https://www.theguardian.com/australia-news/2025/nov/13/at-least-30000-graduates-lose-qualifications-in-australias-vocational-education-crackdown
2025-11-13 17:15:04,498 - INFO - [The Guardian] Attempt 1/1: Trying with 'requests_browser' strategy...
2025-11-13 17:15:04,534 - INFO - [The Guardian] Success with 'requests_browser'. Found content.
2025-11-13 17:15:04,576 - INFO - Duplicate article skipped: At least 30,000 graduates lose qualifications in Australia’s vocational education crackdown | Australian education | The Guardian from The Guardian
2025-11-13 17:15:06,056 - INFO - [The Guardian] Article: https://www.theguardian.com/australia-news/2025/nov/13/joanna-howe-anti-abortion-activist-sa-attorney-general-ntwnfb
2025-11-13 17:15:06,056 - INFO - [The Guardian] Attempt 1/1: Trying with 'requests_browser' strategy...
2025-11-13 17:15:06,092 - INFO - [The Guardian] Success with 'requests_browser'. Found content.
2025-11-13 17:15:06,136 - INFO - Duplicate article skipped: SA attorney general refers anti-abortion activist Joanna Howe’s fundraiser ‘game’ for investigation | South Australian politics | The Guardian from The Guardian
2025-11-13 17:15:07,180 - INFO - [The Guardian] Article: https://www.theguardian.com/australia-news/2025/nov/13/coalition-net-zero-power-bills-international-energy-agency
2025-11-13 17:15:07,180 - INFO - [The Guardian] Attempt 1/1: Trying with 'requests_browser' strategy...
2025-11-13 17:15:07,216 - INFO - [The Guardian] Success with 'requests_browser'. Found content.
2025-11-13 17:15:07,260 - INFO - Duplicate article skipped: The Coalition believes pursuing net zero will increase power bills – but the IEA tells us the opposite is true | Energy | The Guardian from The Guardian
2025-11-13 17:15:08,155 - INFO - [The Guardian] Article: https://www.theguardian.com/australia-news/2025/nov/13/malcom-turnbull-accuses-liberals-of-trumpian-campaign-against-renewables-after-party-dumps-net-zero
2025-11-13 17:15:08,155 - INFO - [The Guardian] Attempt 1/1: Trying with 'requests_browser' strategy...
2025-11-13 17:15:08,195 - INFO - [The Guardian] Success with 'requests_browser'. Found content.
2025-11-13 17:15:08,243 - INFO - Duplicate article skipped: Malcolm Turnbull accuses Liberals of ‘Trumpian campaign against renewables’ after party dumps net zero | Liberal party | The Guardian from The Guardian
2025-11-13 17:15:08,782 - INFO - [The Guardian] Article: https://www.theguardian.com/business/2025/nov/13/eu-court-bans-calling-non-alcoholic-drinks-gin
2025-11-13 17:15:08,782 - INFO - [The Guardian] Attempt 1/1: Trying with 'requests_browser' strategy...
2025-11-13 17:15:08,902 - INFO - [The Guardian] Success with 'requests_browser'. Found content.
2025-11-13 17:15:08,936 - INFO - Saved article: EU court rules non-alcoholic drinks cannot be called gin | European Union | The Guardian from The Guardian
2025-11-13 17:15:09,579 - INFO - [The Guardian] Article: https://www.theguardian.com/world/live/2025/nov/13/volodymyr-zelenskyy-ukraine-russia-corruption-brussels-news-updates-europe-live
2025-11-13 17:15:09,579 - INFO - [The Guardian] Attempt 1/1: Trying with 'requests_browser' strategy...
2025-11-13 17:15:09,696 - INFO - [The Guardian] Success with 'requests_browser'. Found content.
2025-11-13 17:15:09,801 - INFO - Saved article: Ukraine’s PM announces plans to audit public companies: ‘corruption is unacceptable’ – as it happened | Europe | The Guardian from The Guardian
2025-11-13 17:15:11,120 - INFO - [The Guardian] Article: https://www.theguardian.com/uk-news/2025/nov/13/weather-warnings-storm-claudia-flood-rain-wind
2025-11-13 17:15:11,120 - INFO - [The Guardian] Attempt 1/1: Trying with 'requests_browser' strategy...
2025-11-13 17:15:11,159 - INFO - [The Guardian] Success with 'requests_browser'. Found content.
2025-11-13 17:15:11,201 - INFO - Saved article: Weather warnings as Spain’s Storm Claudia reaches UK on Friday | UK weather | The Guardian from The Guardian
2025-11-13 17:15:12,142 - INFO - [The Guardian] Article: https://www.theguardian.com/world/2025/nov/13/trumpist-czech-pm-elect-refuses-to-sell-business-empire-amid-conflict-of-interest-row
2025-11-13 17:15:12,142 - INFO - [The Guardian] Attempt 1/1: Trying with 'requests_browser' strategy...
2025-11-13 17:15:12,214 - INFO - [The Guardian] Success with 'requests_browser'. Found content.
2025-11-13 17:15:12,255 - INFO - Saved article: ‘Trumpist’ Czech PM-elect refuses to sell business empire amid conflict-of-interest row | Czech Republic | The Guardian from The Guardian
2025-11-13 17:15:13,067 - INFO - [The Guardian] Article: https://www.theguardian.com/technology/2025/nov/13/eu-investigates-google-search-over-demoting-commercial-content-from-news-media
2025-11-13 17:15:13,067 - INFO - [The Guardian] Attempt 1/1: Trying with 'requests_browser' strategy...
2025-11-13 17:15:13,104 - INFO - [The Guardian] Success with 'requests_browser'. Found content.
2025-11-13 17:15:13,146 - INFO - Saved article: EU investigates Google over ‘demotion’ of commercial content from news media | Google | The Guardian from The Guardian
2025-11-13 17:15:14,404 - INFO - Starting scrape for The Hindu RSS feed: https://www.thehindu.com/news/national/feeder/default.rss
2025-11-13 17:15:14,579 - INFO - Found 100 articles in The Hindu RSS feed. Processing up to 25.
2025-11-13 17:15:14,579 - INFO - [The Hindu] Article: https://www.thehindu.com/news/national/maharashtra/how-is-sec-ensuring-fair-elections-explained/article70275386.ece
2025-11-13 17:15:14,579 - INFO - [The Hindu] Attempt 1/1: Trying with 'selenium_browser' strategy...
2025-11-13 17:15:14,579 - ERROR - [The Hindu] Selenium strategy selected but driver is not available. Skipping.
2025-11-13 17:15:14,579 - ERROR - [The Hindu] All scrape strategies failed for https://www.thehindu.com/news/national/maharashtra/how-is-sec-ensuring-fair-elections-explained/article70275386.ece. Falling back to RSS description.
2025-11-13 17:15:14,581 - INFO - Saved article: How is SEC ensuring fair elections? | Explained from The Hindu
2025-11-13 17:15:15,702 - INFO - [The Hindu] Article: https://www.thehindu.com/news/national/andhra-pradesh/congress-slams-government-for-splurging-money-on-partnership-summits/article70276297.ece
2025-11-13 17:15:15,702 - INFO - [The Hindu] Attempt 1/1: Trying with 'selenium_browser' strategy...
2025-11-13 17:15:15,702 - ERROR - [The Hindu] Selenium strategy selected but driver is not available. Skipping.
2025-11-13 17:15:15,702 - ERROR - [The Hindu] All scrape strategies failed for https://www.thehindu.com/news/national/andhra-pradesh/congress-slams-government-for-splurging-money-on-partnership-summits/article70276297.ece. Falling back to RSS description.
2025-11-13 17:15:15,703 - INFO - Saved article: Congress slams government for ‘splurging’ money on partnership summits from The Hindu
2025-11-13 17:15:16,749 - INFO - [The Hindu] Article: https://www.thehindu.com/news/national/andhra-pradesh/five-held-for-fabricating-false-case-against-police-officer-in-guntur/article70275327.ece
2025-11-13 17:15:16,749 - INFO - [The Hindu] Attempt 1/1: Trying with 'selenium_browser' strategy...
2025-11-13 17:15:16,749 - ERROR - [The Hindu] Selenium strategy selected but driver is not available. Skipping.
2025-11-13 17:15:16,749 - ERROR - [The Hindu] All scrape strategies failed for https://www.thehindu.com/news/national/andhra-pradesh/five-held-for-fabricating-false-case-against-police-officer-in-guntur/article70275327.ece. Falling back to RSS description.
2025-11-13 17:15:16,751 - INFO - Saved article: Five held for fabricating false case against police officer in Guntur from The Hindu
2025-11-13 17:15:17,271 - INFO - [The Hindu] Article: https://www.thehindu.com/news/national/supreme-court-wants-government-to-promote-evs-amid-high-air-pollution/article70276717.ece
2025-11-13 17:15:17,271 - INFO - [The Hindu] Attempt 1/1: Trying with 'selenium_browser' strategy...
2025-11-13 17:15:17,271 - ERROR - [The Hindu] Selenium strategy selected but driver is not available. Skipping.
2025-11-13 17:15:17,271 - ERROR - [The Hindu] All scrape strategies failed for https://www.thehindu.com/news/national/supreme-court-wants-government-to-promote-evs-amid-high-air-pollution/article70276717.ece. Falling back to RSS description.
2025-11-13 17:15:17,271 - INFO - Duplicate article skipped: Supreme Court wants government to promote EVs amid high air pollution from The Hindu
2025-11-13 17:15:18,042 - INFO - [The Hindu] Article: https://www.thehindu.com/sci-tech/health/supreme-court-reserves-verdict-on-plea-seeking-compensation-for-deaths-linked-to-covid-19-vaccines/article70275604.ece
2025-11-13 17:15:18,042 - INFO - [The Hindu] Attempt 1/1: Trying with 'selenium_browser' strategy...
2025-11-13 17:15:18,043 - ERROR - [The Hindu] Selenium strategy selected but driver is not available. Skipping.
2025-11-13 17:15:18,043 - ERROR - [The Hindu] All scrape strategies failed for https://www.thehindu.com/sci-tech/health/supreme-court-reserves-verdict-on-plea-seeking-compensation-for-deaths-linked-to-covid-19-vaccines/article70275604.ece. Falling back to RSS description.
2025-11-13 17:15:18,043 - INFO - Duplicate article skipped: Supreme Court reserves verdict on plea seeking compensation for deaths ‘linked’ to COVID-19 vaccines from The Hindu
2025-11-13 17:15:19,000 - INFO - [The Hindu] Article: https://www.thehindu.com/news/national/central-trade-unions-reject-draft-labour-policy-ask-govt-to-convene-indian-labour-conference/article70276548.ece
2025-11-13 17:15:19,000 - INFO - [The Hindu] Attempt 1/1: Trying with 'selenium_browser' strategy...
2025-11-13 17:15:19,000 - ERROR - [The Hindu] Selenium strategy selected but driver is not available. Skipping.
2025-11-13 17:15:19,000 - ERROR - [The Hindu] All scrape strategies failed for https://www.thehindu.com/news/national/central-trade-unions-reject-draft-labour-policy-ask-govt-to-convene-indian-labour-conference/article70276548.ece. Falling back to RSS description.
2025-11-13 17:15:19,001 - INFO - Duplicate article skipped: Central Trade Unions reject draft labour policy, ask govt. to convene Indian Labour Conference from The Hindu
2025-11-13 17:15:20,294 - INFO - [The Hindu] Article: https://www.thehindu.com/news/national/west-bengal/calcutta-high-court-disqualifies-politician-mukul-roy-from-west-bengal-legislative-assembly-under-anti-defection-law/article70275648.ece
2025-11-13 17:15:20,294 - INFO - [The Hindu] Attempt 1/1: Trying with 'selenium_browser' strategy...
2025-11-13 17:15:20,294 - ERROR - [The Hindu] Selenium strategy selected but driver is not available. Skipping.
2025-11-13 17:15:20,294 - ERROR - [The Hindu] All scrape strategies failed for https://www.thehindu.com/news/national/west-bengal/calcutta-high-court-disqualifies-politician-mukul-roy-from-west-bengal-legislative-assembly-under-anti-defection-law/article70275648.ece. Falling back to RSS description.
2025-11-13 17:15:20,294 - INFO - Duplicate article skipped: Calcutta High Court disqualifies politician Mukul Roy from West Bengal Legislative Assembly under anti-defection law from The Hindu
2025-11-13 17:15:21,681 - INFO - [The Hindu] Article: https://www.thehindu.com/news/national/centre-suspends-over-4000-fertiliser-distributor-licences-on-hoarding-charges/article70276354.ece
2025-11-13 17:15:21,681 - INFO - [The Hindu] Attempt 1/1: Trying with 'selenium_browser' strategy...
2025-11-13 17:15:21,681 - ERROR - [The Hindu] Selenium strategy selected but driver is not available. Skipping.
2025-11-13 17:15:21,681 - ERROR - [The Hindu] All scrape strategies failed for https://www.thehindu.com/news/national/centre-suspends-over-4000-fertiliser-distributor-licences-on-hoarding-charges/article70276354.ece. Falling back to RSS description.
2025-11-13 17:15:21,681 - INFO - Duplicate article skipped: Centre suspends over 4000 fertiliser distributor licences on hoarding charges from The Hindu
2025-11-13 17:15:22,890 - INFO - [The Hindu] Article: https://www.thehindu.com/news/national/uttar-pradesh/teacher-suspended-booked-for-refusing-to-sing-vande-mataram/article70276585.ece
2025-11-13 17:15:22,890 - INFO - [The Hindu] Attempt 1/1: Trying with 'selenium_browser' strategy...
2025-11-13 17:15:22,890 - ERROR - [The Hindu] Selenium strategy selected but driver is not available. Skipping.
2025-11-13 17:15:22,890 - ERROR - [The Hindu] All scrape strategies failed for https://www.thehindu.com/news/national/uttar-pradesh/teacher-suspended-booked-for-refusing-to-sing-vande-mataram/article70276585.ece. Falling back to RSS description.
2025-11-13 17:15:22,890 - INFO - Duplicate article skipped: Teacher suspended, booked for refusing to sing Vande Mataram from The Hindu
2025-11-13 17:15:23,578 - INFO - [The Hindu] Article: https://www.thehindu.com/news/national/karnataka/diabetes-screening-camp-in-belagavi-today/article70276276.ece
2025-11-13 17:15:23,578 - INFO - [The Hindu] Attempt 1/1: Trying with 'selenium_browser' strategy...
2025-11-13 17:15:23,578 - ERROR - [The Hindu] Selenium strategy selected but driver is not available. Skipping.
2025-11-13 17:15:23,578 - ERROR - [The Hindu] All scrape strategies failed for https://www.thehindu.com/news/national/karnataka/diabetes-screening-camp-in-belagavi-today/article70276276.ece. Falling back to RSS description.
2025-11-13 17:15:23,578 - INFO - Duplicate article skipped: Diabetes screening camp in Belagavi today from The Hindu
2025-11-13 17:15:24,927 - INFO - [The Hindu] Article: https://www.thehindu.com/news/national/karnataka/rise-in-diabetic-foot-condition-doctors-now-employ-ai-for-early-detection/article70275839.ece
2025-11-13 17:15:24,928 - INFO - [The Hindu] Attempt 1/1: Trying with 'selenium_browser' strategy...
2025-11-13 17:15:24,928 - ERROR - [The Hindu] Selenium strategy selected but driver is not available. Skipping.
2025-11-13 17:15:24,928 - ERROR - [The Hindu] All scrape strategies failed for https://www.thehindu.com/news/national/karnataka/rise-in-diabetic-foot-condition-doctors-now-employ-ai-for-early-detection/article70275839.ece. Falling back to RSS description.
2025-11-13 17:15:24,928 - INFO - Duplicate article skipped: Rise in diabetic foot condition: Doctors now employ AI for early detection from The Hindu
2025-11-13 17:15:25,634 - INFO - [The Hindu] Article: https://www.thehindu.com/news/national/rss-hired-pakistan-linked-lobbying-firm-for-work-in-us-says-congress/article70276123.ece
2025-11-13 17:15:25,635 - INFO - [The Hindu] Attempt 1/1: Trying with 'selenium_browser' strategy...
2025-11-13 17:15:25,635 - ERROR - [The Hindu] Selenium strategy selected but driver is not available. Skipping.
2025-11-13 17:15:25,635 - ERROR - [The Hindu] All scrape strategies failed for https://www.thehindu.com/news/national/rss-hired-pakistan-linked-lobbying-firm-for-work-in-us-says-congress/article70276123.ece. Falling back to RSS description.
2025-11-13 17:15:25,635 - INFO - Duplicate article skipped: RSS hired Pakistan-linked lobbying firm for work in U.S., says Congress from The Hindu
2025-11-13 17:15:26,935 - INFO - [The Hindu] Article: https://www.thehindu.com/sci-tech/energy-and-environment/supreme-court-protects-314-sqkm-of-pristine-sal-forest-in-jharkhands-saranda/article70276190.ece
2025-11-13 17:15:26,935 - INFO - [The Hindu] Attempt 1/1: Trying with 'selenium_browser' strategy...
2025-11-13 17:15:26,935 - ERROR - [The Hindu] Selenium strategy selected but driver is not available. Skipping.
2025-11-13 17:15:26,935 - ERROR - [The Hindu] All scrape strategies failed for https://www.thehindu.com/sci-tech/energy-and-environment/supreme-court-protects-314-sqkm-of-pristine-sal-forest-in-jharkhands-saranda/article70276190.ece. Falling back to RSS description.
2025-11-13 17:15:26,935 - INFO - Duplicate article skipped: Supreme Court protects 314 sq. km of pristine sal forest in Jharkhand’s Saranda from The Hindu
2025-11-13 17:15:27,548 - INFO - [The Hindu] Article: https://www.thehindu.com/news/national/karnataka/46-mechanical-sweeping-machines-to-be-rented-for-613-crore/article70276578.ece
2025-11-13 17:15:27,548 - INFO - [The Hindu] Attempt 1/1: Trying with 'selenium_browser' strategy...
2025-11-13 17:15:27,548 - ERROR - [The Hindu] Selenium strategy selected but driver is not available. Skipping.
2025-11-13 17:15:27,548 - ERROR - [The Hindu] All scrape strategies failed for https://www.thehindu.com/news/national/karnataka/46-mechanical-sweeping-machines-to-be-rented-for-613-crore/article70276578.ece. Falling back to RSS description.
2025-11-13 17:15:27,548 - INFO - Duplicate article skipped: 46 mechanical sweeping machines to be rented for ₹613 crore from The Hindu
2025-11-13 17:15:28,099 - INFO - [The Hindu] Article: https://www.thehindu.com/news/national/tamil-nadu/three-persons-arrested-on-murder-charges-in-tiruvannamalai/article70275337.ece
2025-11-13 17:15:28,099 - INFO - [The Hindu] Attempt 1/1: Trying with 'selenium_browser' strategy...
2025-11-13 17:15:28,099 - ERROR - [The Hindu] Selenium strategy selected but driver is not available. Skipping.
2025-11-13 17:15:28,099 - ERROR - [The Hindu] All scrape strategies failed for https://www.thehindu.com/news/national/tamil-nadu/three-persons-arrested-on-murder-charges-in-tiruvannamalai/article70275337.ece. Falling back to RSS description.
2025-11-13 17:15:28,099 - INFO - Duplicate article skipped: Three persons arrested on murder charges in Tiruvannamalai from The Hindu
2025-11-13 17:15:29,135 - INFO - [The Hindu] Article: https://www.thehindu.com/news/national/karnataka/lokayukta-inspection-exposes-irregularities-in-government-run-hostel/article70276078.ece
2025-11-13 17:15:29,135 - INFO - [The Hindu] Attempt 1/1: Trying with 'selenium_browser' strategy...
2025-11-13 17:15:29,135 - ERROR - [The Hindu] Selenium strategy selected but driver is not available. Skipping.
2025-11-13 17:15:29,135 - ERROR - [The Hindu] All scrape strategies failed for https://www.thehindu.com/news/national/karnataka/lokayukta-inspection-exposes-irregularities-in-government-run-hostel/article70276078.ece. Falling back to RSS description.
2025-11-13 17:15:29,135 - INFO - Duplicate article skipped: Lokayukta inspection exposes irregularities in government-run hostel from The Hindu
2025-11-13 17:15:30,376 - INFO - [The Hindu] Article: https://www.thehindu.com/news/national/indian-agencies-monitoring-pakistans-tech-transfer-deal-with-european-drone-maker/article70276261.ece
2025-11-13 17:15:30,376 - INFO - [The Hindu] Attempt 1/1: Trying with 'selenium_browser' strategy...
2025-11-13 17:15:30,376 - ERROR - [The Hindu] Selenium strategy selected but driver is not available. Skipping.
2025-11-13 17:15:30,376 - ERROR - [The Hindu] All scrape strategies failed for https://www.thehindu.com/news/national/indian-agencies-monitoring-pakistans-tech-transfer-deal-with-european-drone-maker/article70276261.ece. Falling back to RSS description.
2025-11-13 17:15:30,376 - INFO - Duplicate article skipped: Indian agencies monitoring Pakistan’s tech transfer deal with European drone maker from The Hindu
2025-11-13 17:15:31,312 - INFO - [The Hindu] Article: https://www.thehindu.com/news/national/chhattisgarh/congress-asks-ec-to-allow-more-time-for-sir-in-chhattisgarh/article70276219.ece
2025-11-13 17:15:31,312 - INFO - [The Hindu] Attempt 1/1: Trying with 'selenium_browser' strategy...
2025-11-13 17:15:31,312 - ERROR - [The Hindu] Selenium strategy selected but driver is not available. Skipping.
2025-11-13 17:15:31,312 - ERROR - [The Hindu] All scrape strategies failed for https://www.thehindu.com/news/national/chhattisgarh/congress-asks-ec-to-allow-more-time-for-sir-in-chhattisgarh/article70276219.ece. Falling back to RSS description.
2025-11-13 17:15:31,313 - INFO - Duplicate article skipped: Congress asks Election Commission to allow more time for SIR in Chhattisgarh from The Hindu
2025-11-13 17:15:32,699 - INFO - [The Hindu] Article: https://www.thehindu.com/news/national/karnataka/karnataka-space-tech-policy-aims-to-garner-5-global-market-share/article70275812.ece
2025-11-13 17:15:32,699 - INFO - [The Hindu] Attempt 1/1: Trying with 'selenium_browser' strategy...
2025-11-13 17:15:32,699 - ERROR - [The Hindu] Selenium strategy selected but driver is not available. Skipping.
2025-11-13 17:15:32,699 - ERROR - [The Hindu] All scrape strategies failed for https://www.thehindu.com/news/national/karnataka/karnataka-space-tech-policy-aims-to-garner-5-global-market-share/article70275812.ece. Falling back to RSS description.
2025-11-13 17:15:32,699 - INFO - Duplicate article skipped: Karnataka space tech policy aims to garner 5% global market share from The Hindu
2025-11-13 17:15:33,904 - INFO - [The Hindu] Article: https://www.thehindu.com/news/national/kerala/pre-test-for-digital-census-begins-in-kerala/article70276566.ece
2025-11-13 17:15:33,904 - INFO - [The Hindu] Attempt 1/1: Trying with 'selenium_browser' strategy...
2025-11-13 17:15:33,904 - ERROR - [The Hindu] Selenium strategy selected but driver is not available. Skipping.
2025-11-13 17:15:33,904 - ERROR - [The Hindu] All scrape strategies failed for https://www.thehindu.com/news/national/kerala/pre-test-for-digital-census-begins-in-kerala/article70276566.ece. Falling back to RSS description.
2025-11-13 17:15:33,904 - INFO - Duplicate article skipped: Pre-test for digital census begins in Kerala from The Hindu
2025-11-13 17:15:35,006 - INFO - [The Hindu] Article: https://www.thehindu.com/news/national/ed-attaches-assets-worth-612-crore-belonging-to-baghels-son/article70275418.ece
2025-11-13 17:15:35,007 - INFO - [The Hindu] Attempt 1/1: Trying with 'selenium_browser' strategy...
2025-11-13 17:15:35,007 - ERROR - [The Hindu] Selenium strategy selected but driver is not available. Skipping.
2025-11-13 17:15:35,007 - ERROR - [The Hindu] All scrape strategies failed for https://www.thehindu.com/news/national/ed-attaches-assets-worth-612-crore-belonging-to-baghels-son/article70275418.ece. Falling back to RSS description.
2025-11-13 17:15:35,007 - INFO - Duplicate article skipped: ED attaches assets worth ₹61.2 crore belonging to Baghel’s son from The Hindu
2025-11-13 17:15:36,396 - INFO - [The Hindu] Article: https://www.thehindu.com/news/national/karnataka/bjp-worker-found-dead-in-vyalikaval/article70275643.ece
2025-11-13 17:15:36,396 - INFO - [The Hindu] Attempt 1/1: Trying with 'selenium_browser' strategy...
2025-11-13 17:15:36,396 - ERROR - [The Hindu] Selenium strategy selected but driver is not available. Skipping.
2025-11-13 17:15:36,396 - ERROR - [The Hindu] All scrape strategies failed for https://www.thehindu.com/news/national/karnataka/bjp-worker-found-dead-in-vyalikaval/article70275643.ece. Falling back to RSS description.
2025-11-13 17:15:36,396 - INFO - Duplicate article skipped: BJP worker found dead in Vyalikaval from The Hindu
2025-11-13 17:15:37,003 - INFO - [The Hindu] Article: https://www.thehindu.com/news/national/kerala/one-more-student-of-kannadi-school-found-dead/article70276553.ece
2025-11-13 17:15:37,003 - INFO - [The Hindu] Attempt 1/1: Trying with 'selenium_browser' strategy...
2025-11-13 17:15:37,003 - ERROR - [The Hindu] Selenium strategy selected but driver is not available. Skipping.
2025-11-13 17:15:37,003 - ERROR - [The Hindu] All scrape strategies failed for https://www.thehindu.com/news/national/kerala/one-more-student-of-kannadi-school-found-dead/article70276553.ece. Falling back to RSS description.
2025-11-13 17:15:37,003 - INFO - Duplicate article skipped: One more student of Kannadi school found dead from The Hindu
2025-11-13 17:15:38,129 - INFO - [The Hindu] Article: https://www.thehindu.com/news/national/karnataka/pc-mohan-warns-tunnel-project-could-burden-taxpayers-and-duplicate-infrastructure/article70275338.ece
2025-11-13 17:15:38,130 - INFO - [The Hindu] Attempt 1/1: Trying with 'selenium_browser' strategy...
2025-11-13 17:15:38,130 - ERROR - [The Hindu] Selenium strategy selected but driver is not available. Skipping.
2025-11-13 17:15:38,130 - ERROR - [The Hindu] All scrape strategies failed for https://www.thehindu.com/news/national/karnataka/pc-mohan-warns-tunnel-project-could-burden-taxpayers-and-duplicate-infrastructure/article70275338.ece. Falling back to RSS description.
2025-11-13 17:15:38,130 - INFO - Duplicate article skipped: MP says tunnel project could burden taxpayers and duplicate infrastructure from The Hindu
2025-11-13 17:15:39,453 - INFO - [The Hindu] Article: https://www.thehindu.com/news/national/telangana/telangana-urges-centre-to-relax-procurement-norms-of-cotton-maize-soybean/article70276138.ece
2025-11-13 17:15:39,453 - INFO - [The Hindu] Attempt 1/1: Trying with 'selenium_browser' strategy...
2025-11-13 17:15:39,453 - ERROR - [The Hindu] Selenium strategy selected but driver is not available. Skipping.
2025-11-13 17:15:39,454 - ERROR - [The Hindu] All scrape strategies failed for https://www.thehindu.com/news/national/telangana/telangana-urges-centre-to-relax-procurement-norms-of-cotton-maize-soybean/article70276138.ece. Falling back to RSS description.
2025-11-13 17:15:39,454 - INFO - Duplicate article skipped: Telangana urges Centre to relax procurement norms of cotton, maize, soybean from The Hindu
2025-11-13 17:15:40,046 - INFO - Starting scrape for Reuters RSS feed: https://feeds.reuters.com/reuters/worldNews
2025-11-13 17:15:40,092 - WARNING - Retrying (Retry(total=2, connect=None, read=None, redirect=None, status=None)) after connection broken by 'NameResolutionError("<urllib3.connection.HTTPSConnection object at 0x7f674fb1e4a0>: Failed to resolve 'feeds.reuters.com' ([Errno -2] Name or service not known)")': /reuters/worldNews
2025-11-13 17:15:42,139 - WARNING - Retrying (Retry(total=1, connect=None, read=None, redirect=None, status=None)) after connection broken by 'NameResolutionError("<urllib3.connection.HTTPSConnection object at 0x7f674fb1df90>: Failed to resolve 'feeds.reuters.com' ([Errno -2] Name or service not known)")': /reuters/worldNews
2025-11-13 17:15:46,188 - WARNING - Retrying (Retry(total=0, connect=None, read=None, redirect=None, status=None)) after connection broken by 'NameResolutionError("<urllib3.connection.HTTPSConnection object at 0x7f674fb1e470>: Failed to resolve 'feeds.reuters.com' ([Errno -2] Name or service not known)")': /reuters/worldNews
2025-11-13 17:15:46,281 - ERROR - Failed to fetch Reuters RSS feed: HTTPSConnectionPool(host='feeds.reuters.com', port=443): Max retries exceeded with url: /reuters/worldNews (Caused by NameResolutionError("<urllib3.connection.HTTPSConnection object at 0x7f674fb1dd20>: Failed to resolve 'feeds.reuters.com' ([Errno -2] Name or service not known)"))
2025-11-13 17:15:46,281 - INFO - Scraped: 23 BBC, 20 Times of India, 25 The Guardian, 25 The Hindu, 0 Reuters articles. (Total saved: 93)
2025-11-13 17:15:46,281 - INFO - --- Scraping job finished ---
2025-11-13 17:15:46,281 - INFO - --- Scraper service stopped and database connection closed. ---
