2026-04-24 13:41:25,992 - INFO - Initializing database connection at: news_articles.db
2026-04-24 13:41:25,992 - INFO - --- Scraper service started (CI Mode: Run Once) ---
2026-04-24 13:41:25,992 - INFO - --- Starting new scraping job (Parallel Mode) ---
2026-04-24 13:41:25,992 - INFO - Creating new robust session with 3 retries on 5xx/connection/read errors.
2026-04-24 13:41:25,992 - INFO - Proxy is DISABLED.
2026-04-24 13:41:25,993 - INFO - Starting scrape for BBC RSS feed: http://feeds.bbci.co.uk/news/world/rss.xml
2026-04-24 13:41:25,993 - INFO - [Times of India] (Thread) requires Selenium. Initializing driver...
2026-04-24 13:41:25,993 - INFO - Initializing headless Selenium Chrome driver (using SeleniumManager)...
2026-04-24 13:41:25,993 - INFO - Starting scrape for The Guardian RSS feed: https://www.theguardian.com/world/rss
2026-04-24 13:41:25,994 - INFO - [The Hindu] (Thread) requires Selenium. Initializing driver...
2026-04-24 13:41:25,994 - INFO - Initializing headless Selenium Chrome driver (using SeleniumManager)...
2026-04-24 13:41:25,994 - INFO - Submitted 4 jobs to thread pool. Waiting up to 420s for completion...
2026-04-24 13:41:26,175 - INFO - Found 45 articles in The Guardian RSS feed. Processing up to 25.
2026-04-24 13:41:26,176 - INFO - [The Guardian] Article: https://www.theguardian.com/uk-news/2026/apr/22/british-woman-died-in-ghana-trying-to-recoup-money-from-scammers-inquest-told
2026-04-24 13:41:26,176 - INFO - [The Guardian] Attempt 1/1: Trying with 'requests_browser' strategy...
2026-04-24 13:41:26,240 - INFO - [The Guardian] Success with 'requests_browser'. Found content (633 words).
2026-04-24 13:41:26,283 - INFO - Duplicate article skipped: British woman died in Ghana trying to recoup money from scammers, inquest told | Devon | The Guardian from The Guardian
2026-04-24 13:41:26,304 - INFO - Found 36 articles in BBC RSS feed. Processing up to 25.
2026-04-24 13:41:26,304 - INFO - [BBC] Article: https://www.bbc.com/news/articles/cz78x703lrvo?at_medium=RSS&at_campaign=rss
2026-04-24 13:41:26,304 - INFO - [BBC] Attempt 1/1: Trying with 'requests_browser' strategy...
2026-04-24 13:41:26,437 - INFO - [BBC] Success with 'requests_browser'. Found content (694 words).
2026-04-24 13:41:26,496 - INFO - Saved article: Nato says 'no provision' to expel members after report US could seek to suspend Spain from BBC
2026-04-24 13:41:26,789 - INFO - Selenium driver initialized successfully.
2026-04-24 13:41:26,789 - INFO - Starting scrape for Times of India RSS feed: https://timesofindia.indiatimes.com/rssfeeds/296589292.cms
2026-04-24 13:41:26,791 - INFO - Selenium driver initialized successfully.
2026-04-24 13:41:26,792 - INFO - Starting scrape for The Hindu RSS feed: https://www.thehindu.com/news/national/feeder/default.rss
2026-04-24 13:41:26,854 - INFO - Found 20 articles in Times of India RSS feed. Processing up to 25.
2026-04-24 13:41:26,854 - INFO - [Times of India] Article: https://timesofindia.indiatimes.com/sports/international-sports/its-against-nature-cristiano-ronaldos-former-chef-reveals-why-he-doesnt-drink-milk-shares-daily-diet/articleshow/130494960.cms
2026-04-24 13:41:26,854 - INFO - [Times of India] Attempt 1/1: Trying with 'selenium_browser' strategy...
2026-04-24 13:41:27,018 - INFO - Found 60 articles in The Hindu RSS feed. Processing up to 25.
2026-04-24 13:41:27,018 - INFO - [The Hindu] Article: https://www.thehindu.com/news/national/telangana/ou-cyient-foundation-to-collaborate-for-industry-40/article70901824.ece
2026-04-24 13:41:27,018 - INFO - [The Hindu] Attempt 1/1: Trying with 'selenium_browser' strategy...
2026-04-24 13:41:27,636 - INFO - [BBC] Article: https://www.bbc.com/news/articles/cde51y0zgjyo?at_medium=RSS&at_campaign=rss
2026-04-24 13:41:27,636 - INFO - [BBC] Attempt 1/1: Trying with 'requests_browser' strategy...
2026-04-24 13:41:27,701 - INFO - [The Guardian] Article: https://www.theguardian.com/global-development/2026/apr/22/climate-change-extreme-weather-heatwaves-floods-wildfires-threat-democracy-elections
2026-04-24 13:41:27,701 - INFO - [The Guardian] Attempt 1/1: Trying with 'requests_browser' strategy...
2026-04-24 13:41:27,764 - INFO - [BBC] Success with 'requests_browser'. Found content (796 words).
2026-04-24 13:41:27,863 - INFO - [The Guardian] Success with 'requests_browser'. Found content (494 words).
2026-04-24 13:41:27,898 - INFO - Saved article: No 10 says Falklands sovereignty rests with UK after report of US 'review' from BBC
2026-04-24 13:41:27,936 - INFO - Duplicate article skipped: Heatwaves, floods and wildfires pose rising threat to democracy, report finds | Global development | The Guardian from The Guardian
2026-04-24 13:41:28,769 - INFO - [BBC] Article: https://www.bbc.com/news/articles/cvglxgq1p2jo?at_medium=RSS&at_campaign=rss
2026-04-24 13:41:28,771 - INFO - [BBC] Attempt 1/1: Trying with 'requests_browser' strategy...
2026-04-24 13:41:28,847 - INFO - [BBC] Success with 'requests_browser'. Found content (371 words).
2026-04-24 13:41:29,037 - INFO - Saved article: Tadamon: Key suspect in notorious Syrian civil war massacre arrested from BBC
2026-04-24 13:41:29,270 - INFO - [The Guardian] Article: https://www.theguardian.com/us-news/2026/apr/21/afghan-refugees-us-congo
2026-04-24 13:41:29,270 - INFO - [The Guardian] Attempt 1/1: Trying with 'requests_browser' strategy...
2026-04-24 13:41:29,387 - INFO - [The Guardian] Success with 'requests_browser'. Found content (472 words).
2026-04-24 13:41:29,571 - INFO - Duplicate article skipped: Trump officials consider sending 1,100 Afghans who aided US forces to Congo | Trump administration | The Guardian from The Guardian
2026-04-24 13:41:29,623 - INFO - [BBC] Article: https://www.bbc.com/news/articles/cp38e5jgxqyo?at_medium=RSS&at_campaign=rss
2026-04-24 13:41:29,623 - INFO - [BBC] Attempt 1/1: Trying with 'requests_browser' strategy...
2026-04-24 13:41:29,751 - INFO - [BBC] Success with 'requests_browser'. Found content (512 words).
2026-04-24 13:41:29,904 - INFO - Saved article: South Africa's top envoy in Ghana summoned over attacks on foreigners from BBC
2026-04-24 13:41:30,200 - INFO - [The Guardian] Article: https://www.theguardian.com/world/2026/apr/21/taiwan-president-blames-china-cancel-eswatini-revoke-flight
2026-04-24 13:41:30,200 - INFO - [The Guardian] Attempt 1/1: Trying with 'requests_browser' strategy...
2026-04-24 13:41:30,399 - INFO - [The Guardian] Success with 'requests_browser'. Found content (443 words).
2026-04-24 13:41:30,624 - INFO - Duplicate article skipped: Taiwan president blames China for forced cancellation of Eswatini trip | Taiwan | The Guardian from The Guardian
2026-04-24 13:41:31,263 - INFO - [BBC] Article: https://www.bbc.com/news/articles/c0mjederzwdo?at_medium=RSS&at_campaign=rss
2026-04-24 13:41:31,263 - INFO - [BBC] Attempt 1/1: Trying with 'requests_browser' strategy...
2026-04-24 13:41:31,545 - INFO - [BBC] Success with 'requests_browser'. Found content (449 words).
2026-04-24 13:41:31,765 - INFO - [The Guardian] Article: https://www.theguardian.com/film/2026/apr/20/charlize-theron-timothee-chalamet-ballet-comments
2026-04-24 13:41:31,765 - INFO - [The Guardian] Attempt 1/1: Trying with 'requests_browser' strategy...
2026-04-24 13:41:31,898 - INFO - Saved article: Italy: Poisoning suspected in deaths of 18 wolves in national park from BBC
2026-04-24 13:41:32,046 - INFO - [The Guardian] Success with 'requests_browser'. Found content (526 words).
2026-04-24 13:41:32,244 - INFO - Duplicate article skipped: Charlize Theron joins chorus of disapproval over Timothée Chalamet’s ballet comments | Movies | The Guardian from The Guardian
2026-04-24 13:41:32,732 - INFO - [BBC] Article: https://www.bbc.com/news/articles/ckgw72lrvn3o?at_medium=RSS&at_campaign=rss
2026-04-24 13:41:32,733 - INFO - [BBC] Attempt 1/1: Trying with 'requests_browser' strategy...
2026-04-24 13:41:32,871 - INFO - [BBC] Success with 'requests_browser'. Found content (272 words).
2026-04-24 13:41:33,100 - INFO - Saved article: Benjamin Netanyahu treated for early-stage prostate cancer from BBC
2026-04-24 13:41:33,235 - INFO - [The Guardian] Article: https://www.theguardian.com/uk-news/2026/apr/24/uk-position-falklands-unchanged-leaked-pentagon-memo
2026-04-24 13:41:33,235 - INFO - [The Guardian] Attempt 1/1: Trying with 'requests_browser' strategy...
2026-04-24 13:41:33,393 - INFO - [The Guardian] Success with 'requests_browser'. Found content (898 words).
2026-04-24 13:41:33,566 - INFO - Saved article: UK position on Falklands will not change, No 10 says after leaked Pentagon memo | Falkland Islands | The Guardian from The Guardian
2026-04-24 13:41:33,742 - INFO - [BBC] Article: https://www.bbc.com/news/articles/cn08j2g9ze9o?at_medium=RSS&at_campaign=rss
2026-04-24 13:41:33,743 - INFO - [BBC] Attempt 1/1: Trying with 'requests_browser' strategy...
2026-04-24 13:41:34,037 - INFO - [BBC] Success with 'requests_browser'. Found content (2399 words).
2026-04-24 13:41:34,517 - INFO - [The Guardian] Article: https://www.theguardian.com/environment/2026/apr/24/global-talks-ditch-fossil-fuels-colombia
2026-04-24 13:41:34,517 - INFO - [The Guardian] Attempt 1/1: Trying with 'requests_browser' strategy...
2026-04-24 13:41:34,603 - INFO - Saved article: Epstein housed abuse victims in London flats, BBC reveals from BBC
2026-04-24 13:41:35,212 - INFO - [The Guardian] Success with 'requests_browser'. Found content (1148 words).
2026-04-24 13:41:35,460 - INFO - Saved article: How frustration at Cop stalemates inspires first global talks on phasing out fossil fuels | Fossil fuels | The Guardian from The Guardian
2026-04-24 13:41:35,938 - INFO - [BBC] Article: https://www.bbc.com/news/articles/c0ledd82ed0o?at_medium=RSS&at_campaign=rss
2026-04-24 13:41:35,938 - INFO - [BBC] Attempt 1/1: Trying with 'requests_browser' strategy...
2026-04-24 13:41:36,024 - INFO - [BBC] Success with 'requests_browser'. Found content (637 words).
2026-04-24 13:41:36,170 - INFO - Saved article: Kenya's President William Ruto faces backlash after mocking Nigerians' spoken English from BBC
2026-04-24 13:41:36,709 - INFO - [The Guardian] Article: https://www.theguardian.com/environment/2026/apr/24/coral-reefs-jamaica
2026-04-24 13:41:36,709 - INFO - [The Guardian] Attempt 1/1: Trying with 'requests_browser' strategy...
2026-04-24 13:41:36,792 - INFO - [The Guardian] Success with 'requests_browser'. Found content (805 words).
2026-04-24 13:41:36,919 - INFO - Saved article: Soundtrack of the sea: divers use underwater speakers to help dying coral reefs | Coral | The Guardian from The Guardian
2026-04-24 13:41:37,003 - INFO - [BBC] Article: https://www.bbc.com/news/articles/c4gx1n0dl9no?at_medium=RSS&at_campaign=rss
2026-04-24 13:41:37,003 - INFO - [BBC] Attempt 1/1: Trying with 'requests_browser' strategy...
2026-04-24 13:41:37,081 - INFO - [BBC] Success with 'requests_browser'. Found content (402 words).
2026-04-24 13:41:37,197 - INFO - Saved article: Neukgu: South Korea police arrest man over AI image of runaway wolf from BBC
2026-04-24 13:41:37,871 - INFO - [BBC] Article: https://www.bbc.com/news/articles/c20832yg5p2o?at_medium=RSS&at_campaign=rss
2026-04-24 13:41:37,871 - INFO - [BBC] Attempt 1/1: Trying with 'requests_browser' strategy...
2026-04-24 13:41:38,047 - INFO - [BBC] Success with 'requests_browser'. Found content (616 words).
2026-04-24 13:41:38,202 - INFO - Duplicate article skipped: US soldier charged after winning $400,000 betting on removal of Venezuela's Nicolas Maduro from BBC
2026-04-24 13:41:38,375 - INFO - [The Guardian] Article: https://www.theguardian.com/us-news/2026/apr/23/maduro-raid-soldier-charged
2026-04-24 13:41:38,376 - INFO - [The Guardian] Attempt 1/1: Trying with 'requests_browser' strategy...
2026-04-24 13:41:38,514 - INFO - [The Guardian] Success with 'requests_browser'. Found content (495 words).
2026-04-24 13:41:38,792 - INFO - Duplicate article skipped: US soldier involved in Maduro raid charged over alleged bets on capture | US news | The Guardian from The Guardian
2026-04-24 13:41:38,930 - INFO - [BBC] Article: https://www.bbc.com/news/articles/clyedj166k5o?at_medium=RSS&at_campaign=rss
2026-04-24 13:41:38,935 - INFO - [BBC] Attempt 1/1: Trying with 'requests_browser' strategy...
2026-04-24 13:41:39,127 - INFO - [BBC] Success with 'requests_browser'. Found content (421 words).
2026-04-24 13:41:39,409 - INFO - Saved article: Australia: Woman trapped in poo for three hours after toilet collapses from BBC
2026-04-24 13:41:39,743 - INFO - [The Guardian] Article: https://www.theguardian.com/us-news/2026/apr/23/mexican-mafia-arrests-california
2026-04-24 13:41:39,744 - INFO - [The Guardian] Attempt 1/1: Trying with 'requests_browser' strategy...
2026-04-24 13:41:39,884 - INFO - [The Guardian] Success with 'requests_browser'. Found content (297 words).
2026-04-24 13:41:40,136 - INFO - Duplicate article skipped: Dozens of Mexican mafia members arrested in California crackdown | California | The Guardian from The Guardian
2026-04-24 13:41:40,143 - INFO - [BBC] Article: https://www.bbc.com/news/articles/clyedyn6pz7o?at_medium=RSS&at_campaign=rss
2026-04-24 13:41:40,143 - INFO - [BBC] Attempt 1/1: Trying with 'requests_browser' strategy...
2026-04-24 13:41:40,397 - INFO - [BBC] Success with 'requests_browser'. Found content (643 words).
2026-04-24 13:41:40,653 - INFO - Saved article: Biobank data leak caused by 'a few bad apples', boss tells BBC from BBC
2026-04-24 13:41:41,333 - INFO - [BBC] Article: https://www.bbc.com/news/articles/c0e70e4wr00o?at_medium=RSS&at_campaign=rss
2026-04-24 13:41:41,333 - INFO - [BBC] Attempt 1/1: Trying with 'requests_browser' strategy...
2026-04-24 13:41:41,485 - INFO - [The Guardian] Article: https://www.theguardian.com/world/2026/apr/24/tokyo-workers-asked-to-swap-suits-for-shorts-to-combat-energy-costs-and-heat
2026-04-24 13:41:41,485 - INFO - [The Guardian] Attempt 1/1: Trying with 'requests_browser' strategy...
2026-04-24 13:41:41,581 - INFO - [BBC] Success with 'requests_browser'. Found content (449 words).
2026-04-24 13:41:41,674 - INFO - [The Guardian] Success with 'requests_browser'. Found content (542 words).
2026-04-24 13:41:41,810 - INFO - Saved article: Judge dismisses Smokey Robinson's defamation claim against rape accusers from BBC
2026-04-24 13:41:41,850 - INFO - Saved article: Tokyo workers encouraged to wear shorts to cut energy costs and keep cool | Japan | The Guardian from The Guardian
2026-04-24 13:41:41,869 - INFO - [The Hindu] Page content loaded.
2026-04-24 13:41:42,211 - WARNING - [The Hindu] FAILED with 'selenium_browser' (content was too short: 69 words).
2026-04-24 13:41:42,211 - ERROR - [The Hindu] All scrape strategies failed for https://www.thehindu.com/news/national/telangana/ou-cyient-foundation-to-collaborate-for-industry-40/article70901824.ece. Falling back to RSS description.
2026-04-24 13:41:42,215 - INFO - Saved article: OU, Cyient Foundation to collaborate for Industry 4.0 from The Hindu
2026-04-24 13:41:42,343 - INFO - [BBC] Article: https://www.bbc.com/news/articles/c87wz7445wno?at_medium=RSS&at_campaign=rss
2026-04-24 13:41:42,343 - INFO - [BBC] Attempt 1/1: Trying with 'requests_browser' strategy...
2026-04-24 13:41:42,432 - INFO - [BBC] Success with 'requests_browser'. Found content (555 words).
2026-04-24 13:41:42,602 - INFO - Saved article: Dionne Marie Hanna: Briton in Netflix show Con Mum hit with new charges in Singapore from BBC
2026-04-24 13:41:43,023 - INFO - [The Hindu] Article: https://www.thehindu.com/news/national/andhra-pradesh/lawyers-launch-relay-fast-over-faulty-lifts-in-vijayawada-city-civil-courts-complex/article70901307.ece
2026-04-24 13:41:43,023 - INFO - [The Hindu] Attempt 1/1: Trying with 'selenium_browser' strategy...
2026-04-24 13:41:43,061 - INFO - [The Guardian] Article: https://www.theguardian.com/australia-news/2026/apr/24/labor-albanese-gas-tax-caving-david-pocock-fuel-supply
2026-04-24 13:41:43,061 - INFO - [The Guardian] Attempt 1/1: Trying with 'requests_browser' strategy...
2026-04-24 13:41:43,127 - INFO - [BBC] Article: https://www.bbc.com/news/articles/c87wzv3lv1vo?at_medium=RSS&at_campaign=rss
2026-04-24 13:41:43,127 - INFO - [BBC] Attempt 1/1: Trying with 'requests_browser' strategy...
2026-04-24 13:41:43,385 - INFO - [The Guardian] Success with 'requests_browser'. Found content (977 words).
2026-04-24 13:41:43,424 - INFO - [BBC] Success with 'requests_browser'. Found content (592 words).
2026-04-24 13:41:43,815 - INFO - Saved article: UQP: Aboriginal children's book Bila pulled over illustrator's Bondi attack comments from BBC
2026-04-24 13:41:43,823 - INFO - Saved article: Anthony Albanese accused of ‘caving to gas companies’ as Labor set to reject new export tax | Australian politics | The Guardian from The Guardian
2026-04-24 13:41:44,554 - INFO - [The Guardian] Article: https://www.theguardian.com/world/2026/apr/23/philippines-ex-president-rodrigo-duterte-trial-charges-crimes-against-humanity
2026-04-24 13:41:44,554 - INFO - [The Guardian] Attempt 1/1: Trying with 'requests_browser' strategy...
2026-04-24 13:41:44,760 - INFO - [The Guardian] Success with 'requests_browser'. Found content (590 words).
2026-04-24 13:41:44,911 - INFO - Duplicate article skipped: Philippines’ ex-president Rodrigo Duterte to face trial for crimes against humanity | Rodrigo Duterte | The Guardian from The Guardian
2026-04-24 13:41:45,141 - INFO - [BBC] Article: https://www.bbc.com/news/articles/cy81lrnv5peo?at_medium=RSS&at_campaign=rss
2026-04-24 13:41:45,141 - INFO - [BBC] Attempt 1/1: Trying with 'requests_browser' strategy...
2026-04-24 13:41:45,237 - INFO - [BBC] Success with 'requests_browser'. Found content (804 words).
2026-04-24 13:41:45,437 - INFO - Duplicate article skipped: Everest: Chunk of glacier blocks route in peak climbing season from BBC
2026-04-24 13:41:45,438 - INFO - [The Guardian] Article: https://www.theguardian.com/world/2026/apr/23/south-korea-air-force-selfie-crash-apology
2026-04-24 13:41:45,438 - INFO - [The Guardian] Attempt 1/1: Trying with 'requests_browser' strategy...
2026-04-24 13:41:45,564 - INFO - [The Guardian] Success with 'requests_browser'. Found content (256 words).
2026-04-24 13:41:45,687 - INFO - Duplicate article skipped: Pilot’s selfie led to mid-air collision in F-15K fighter jet, says South Korea’s air force | South Korea | The Guardian from The Guardian
2026-04-24 13:41:46,416 - INFO - [The Guardian] Article: https://www.theguardian.com/society/2026/apr/22/condom-prices-iran-war-cost-price-rise-karex
2026-04-24 13:41:46,416 - INFO - [The Guardian] Attempt 1/1: Trying with 'requests_browser' strategy...
2026-04-24 13:41:46,550 - INFO - [The Guardian] Success with 'requests_browser'. Found content (344 words).
2026-04-24 13:41:46,689 - INFO - Duplicate article skipped: Condom prices could rise 30% due to Iran war, says world’s top producer Karex | Contraception and family planning | The Guardian from The Guardian
2026-04-24 13:41:46,813 - INFO - [BBC] Article: https://www.bbc.com/news/articles/cp8645d9lvyo?at_medium=RSS&at_campaign=rss
2026-04-24 13:41:46,815 - INFO - [BBC] Attempt 1/1: Trying with 'requests_browser' strategy...
2026-04-24 13:41:47,034 - INFO - [BBC] Success with 'requests_browser'. Found content (1152 words).
2026-04-24 13:41:47,150 - INFO - Saved article: Ringo Starr on pizza, country music, Barry Keoghan and being Sir Richard from BBC
2026-04-24 13:41:47,364 - INFO - [The Guardian] Article: https://www.theguardian.com/film/2026/apr/24/actor-mocked-rebel-wilson-wife-instagram-post-defamation-trial-ntwnfb
2026-04-24 13:41:47,365 - INFO - [The Guardian] Attempt 1/1: Trying with 'requests_browser' strategy...
2026-04-24 13:41:47,476 - INFO - [The Guardian] Success with 'requests_browser'. Found content (652 words).
2026-04-24 13:41:47,598 - INFO - Saved article: Rebel Wilson accused of hacking fellow actor’s Snapchat, leading to nude photo leak | Rebel Wilson | The Guardian from The Guardian
2026-04-24 13:41:47,945 - INFO - [BBC] Article: https://www.bbc.com/news/articles/cn53vg3y574o?at_medium=RSS&at_campaign=rss
2026-04-24 13:41:47,945 - INFO - [BBC] Attempt 1/1: Trying with 'requests_browser' strategy...
2026-04-24 13:41:48,062 - INFO - [BBC] Success with 'requests_browser'. Found content (698 words).
2026-04-24 13:41:48,159 - INFO - Duplicate article skipped: Singer D4vd found with 'significant amount' of child sex abuse images - prosecutors from BBC
2026-04-24 13:41:48,330 - INFO - [The Hindu] Page content loaded.
2026-04-24 13:41:48,527 - INFO - [The Guardian] Article: https://www.theguardian.com/business/2026/apr/24/feeling-gloomy-about-the-economy-the-vibecession-has-arrived-in-australia-but-experts-are-less-worried
2026-04-24 13:41:48,527 - INFO - [The Guardian] Attempt 1/1: Trying with 'requests_browser' strategy...
2026-04-24 13:41:48,699 - INFO - [The Hindu] Success with 'selenium_browser'. Found content (239 words).
2026-04-24 13:41:48,802 - INFO - [The Guardian] Success with 'requests_browser'. Found content (783 words).
2026-04-24 13:41:49,035 - INFO - Saved article: Feeling gloomy about the economy? The ‘vibecession’ has arrived in Australia – but experts are less worried | Australian economy | The Guardian from The Guardian
2026-04-24 13:41:49,041 - INFO - Saved article: Lawyers launch relay fast over faulty lifts in Vijayawada City Civil Courts complex - The Hindu from The Hindu
2026-04-24 13:41:49,564 - INFO - [BBC] Article: https://www.bbc.com/news/articles/crm1y89vek8o?at_medium=RSS&at_campaign=rss
2026-04-24 13:41:49,564 - INFO - [BBC] Attempt 1/1: Trying with 'requests_browser' strategy...
2026-04-24 13:41:49,588 - INFO - [The Guardian] Article: https://www.theguardian.com/australia-news/2026/apr/24/ben-roberts-smith-anzac-day-service-queensland-ntwnfb
2026-04-24 13:41:49,588 - INFO - [The Guardian] Attempt 1/1: Trying with 'requests_browser' strategy...
2026-04-24 13:41:49,639 - INFO - [BBC] Success with 'requests_browser'. Found content (558 words).
2026-04-24 13:41:49,672 - INFO - [The Hindu] Article: https://www.thehindu.com/news/national/karnataka/no-proposal-of-power-plant-in-sagar-taluk-says-shivamogga-dc/article70901383.ece
2026-04-24 13:41:49,680 - INFO - [The Hindu] Attempt 1/1: Trying with 'selenium_browser' strategy...
2026-04-24 13:41:49,784 - INFO - Duplicate article skipped: Meta to cut one in 10 jobs after spending billions on AI from BBC
2026-04-24 13:41:49,800 - INFO - [The Guardian] Success with 'requests_browser'. Found content (602 words).
2026-04-24 13:41:50,155 - INFO - Saved article: Ben Roberts-Smith to attend first Anzac Day service since war crime charges | Ben Roberts-Smith | The Guardian from The Guardian
2026-04-24 13:41:51,042 - INFO - [BBC] Article: https://www.bbc.com/news/articles/cpqxgxx9nrqo?at_medium=RSS&at_campaign=rss
2026-04-24 13:41:51,042 - INFO - [BBC] Attempt 1/1: Trying with 'requests_browser' strategy...
2026-04-24 13:41:51,085 - INFO - [The Guardian] Article: https://www.theguardian.com/australia-news/live/2026/apr/24/andrew-hastie-us-defence-ndis-reform-cuts-budget-gas-export-fuel-crisis-jim-chalmers-anthony-albanese-ntwnfb
2026-04-24 13:41:51,085 - INFO - [The Guardian] Attempt 1/1: Trying with 'requests_browser' strategy...
2026-04-24 13:41:51,107 - INFO - [BBC] Success with 'requests_browser'. Found content (582 words).
2026-04-24 13:41:51,154 - INFO - Duplicate article skipped: White House memo claims mass AI theft by Chinese firms from BBC
2026-04-24 13:41:51,320 - INFO - [The Guardian] Success with 'requests_browser'. Found content (3459 words).
2026-04-24 13:41:51,421 - INFO - Duplicate article skipped: PM speaks to Vietnamese president on supply chains – as it happened | Australia news | The Guardian from The Guardian
2026-04-24 13:41:52,048 - INFO - [BBC] Article: https://www.bbc.com/news/articles/cgldw5ekrjpo?at_medium=RSS&at_campaign=rss
2026-04-24 13:41:52,048 - INFO - [BBC] Attempt 1/1: Trying with 'requests_browser' strategy...
2026-04-24 13:41:52,120 - INFO - [BBC] Success with 'requests_browser'. Found content (903 words).
2026-04-24 13:41:52,188 - INFO - Duplicate article skipped: US boards ship carrying Iran oil as Trump threatens mine-laying boats from BBC
2026-04-24 13:41:52,246 - INFO - [The Guardian] Article: https://www.theguardian.com/australia-news/2026/apr/24/iran-embassy-australia-iranians-war-effort
2026-04-24 13:41:52,247 - INFO - [The Guardian] Attempt 1/1: Trying with 'requests_browser' strategy...
2026-04-24 13:41:52,341 - INFO - [The Guardian] Success with 'requests_browser'. Found content (585 words).
2026-04-24 13:41:52,404 - INFO - Saved article: Embassy encourages Australia-based Iranians to volunteer to help war effort | Australian security and counter-terrorism | The Guardian from The Guardian
2026-04-24 13:41:52,496 - INFO - [The Hindu] Page content loaded.
2026-04-24 13:41:52,639 - INFO - [The Hindu] Success with 'selenium_browser'. Found content (193 words).
2026-04-24 13:41:52,751 - INFO - Saved article: No proposal of power plant in Sagar taluk, says Shivamogga DC - The Hindu from The Hindu
2026-04-24 13:41:52,949 - INFO - [BBC] Article: https://www.bbc.com/news/articles/c20qrg4dyr3o?at_medium=RSS&at_campaign=rss
2026-04-24 13:41:52,949 - INFO - [BBC] Attempt 1/1: Trying with 'requests_browser' strategy...
2026-04-24 13:41:53,022 - INFO - [BBC] Success with 'requests_browser'. Found content (426 words).
2026-04-24 13:41:53,148 - INFO - Duplicate article skipped: Woman killed by bear in Polish forest, son and local government say from BBC
2026-04-24 13:41:53,577 - INFO - [The Guardian] Article: https://www.theguardian.com/world/2026/apr/24/europe-defence-nato-us-donald-trump
2026-04-24 13:41:53,577 - INFO - [The Guardian] Attempt 1/1: Trying with 'requests_browser' strategy...
2026-04-24 13:41:53,712 - INFO - [The Guardian] Success with 'requests_browser'. Found content (958 words).
2026-04-24 13:41:53,756 - INFO - Saved article: EU leaders agree blueprint for mutual assistance pact amid Trump’s criticism of ‘very disappointing Nato’ | Nato | The Guardian from The Guardian
2026-04-24 13:41:54,081 - INFO - [BBC] Article: https://www.bbc.com/news/articles/cvg0rkvjlvvo?at_medium=RSS&at_campaign=rss
2026-04-24 13:41:54,081 - INFO - [BBC] Attempt 1/1: Trying with 'requests_browser' strategy...
2026-04-24 13:41:54,161 - INFO - [BBC] Success with 'requests_browser'. Found content (675 words).
2026-04-24 13:41:54,181 - INFO - [The Hindu] Article: https://www.thehindu.com/news/national/chhattisgarh/gunmen-kill-congress-leaders-son-injure-another-at-his-home-in-chhattisgarh/article70900665.ece
2026-04-24 13:41:54,188 - INFO - [The Hindu] Attempt 1/1: Trying with 'selenium_browser' strategy...
2026-04-24 13:41:54,297 - INFO - Duplicate article skipped: US government watchdog to investigate Epstein files release from BBC
2026-04-24 13:41:54,828 - INFO - [The Guardian] Article: https://www.theguardian.com/politics/2026/apr/24/britain-should-rejoin-eu-philip-rycroft
2026-04-24 13:41:54,828 - INFO - [The Guardian] Attempt 1/1: Trying with 'requests_browser' strategy...
2026-04-24 13:41:55,148 - INFO - [The Guardian] Success with 'requests_browser'. Found content (726 words).
2026-04-24 13:41:55,342 - INFO - Saved article: Britain should seek to rejoin EU, says civil servant who led Brexit department | Brexit | The Guardian from The Guardian
2026-04-24 13:41:55,367 - INFO - [BBC] Article: https://www.bbc.com/news/articles/cgld775knzyo?at_medium=RSS&at_campaign=rss
2026-04-24 13:41:55,368 - INFO - [BBC] Attempt 1/1: Trying with 'requests_browser' strategy...
2026-04-24 13:41:55,509 - INFO - [BBC] Success with 'requests_browser'. Found content (830 words).
2026-04-24 13:41:55,711 - INFO - Duplicate article skipped: Tanzania election violence: Mohamed Chande Othman says 518 people killed from BBC
2026-04-24 13:41:56,020 - INFO - [The Guardian] Article: https://www.theguardian.com/world/2026/apr/24/ukraine-frontline-soldiers-emaciated-lack-of-food-and-water
2026-04-24 13:41:56,020 - INFO - [The Guardian] Attempt 1/1: Trying with 'requests_browser' strategy...
2026-04-24 13:41:56,377 - INFO - [The Guardian] Success with 'requests_browser'. Found content (562 words).
2026-04-24 13:41:56,449 - INFO - Saved article: Ukrainian soldiers left emaciated on frontline from lack of food and water | Ukraine | The Guardian from The Guardian
2026-04-24 13:41:56,563 - INFO - [BBC] Article: https://www.bbc.com/news/articles/cgqkw3qk0dlo?at_medium=RSS&at_campaign=rss
2026-04-24 13:41:56,563 - INFO - [BBC] Attempt 1/1: Trying with 'requests_browser' strategy...
2026-04-24 13:41:56,605 - INFO - [BBC] Success with 'requests_browser'. Found content (499 words).
2026-04-24 13:41:56,651 - INFO - Duplicate article skipped: Two trains collide head-on in Denmark, leaving five critically hurt from BBC
2026-04-24 13:41:57,110 - INFO - [The Hindu] Page content loaded.
2026-04-24 13:41:57,510 - INFO - [The Guardian] Article: https://www.theguardian.com/world/2026/apr/24/italy-citizenship-law-change-us-citizens-supreme-court
2026-04-24 13:41:57,510 - INFO - [The Guardian] Attempt 1/1: Trying with 'requests_browser' strategy...
2026-04-24 13:41:57,547 - INFO - [The Hindu] Success with 'selenium_browser'. Found content (312 words).
2026-04-24 13:41:57,709 - INFO - [The Guardian] Success with 'requests_browser'. Found content (886 words).
2026-04-24 13:41:57,877 - INFO - Saved article: Congress leader’s son shot dead, another son injured in Janjgir-Champa in Chhattisgarh - The Hindu from The Hindu
2026-04-24 13:41:57,902 - INFO - Saved article: After Italian law change, Americans hope supreme court ruling will reopen door to citizenship | Italy | The Guardian from The Guardian
2026-04-24 13:41:58,541 - INFO - [The Hindu] Article: https://www.thehindu.com/news/national/telangana/meeting-unions-demands-may-cost-tgsrtc-34000-crore-annually/article70901790.ece
2026-04-24 13:41:58,541 - INFO - [The Hindu] Attempt 1/1: Trying with 'selenium_browser' strategy...
2026-04-24 13:41:58,594 - INFO - [The Guardian] Article: https://www.theguardian.com/business/2026/apr/24/revealed-uk-oil-refinery-owner-moved-russian-loans-to-offshore-subsidiary-where-sanctions-did-not-apply
2026-04-24 13:41:58,594 - INFO - [The Guardian] Attempt 1/1: Trying with 'requests_browser' strategy...
2026-04-24 13:41:58,693 - INFO - [The Guardian] Success with 'requests_browser'. Found content (1647 words).
2026-04-24 13:41:58,784 - INFO - Saved article: Revealed: UK oil refinery owner moved Russian loans to offshore subsidiary where sanctions did not apply | Essar Energy | The Guardian from The Guardian
2026-04-24 13:42:00,114 - INFO - [The Hindu] Page content loaded.
2026-04-24 13:42:00,299 - INFO - [The Hindu] Success with 'selenium_browser'. Found content (395 words).
2026-04-24 13:42:00,394 - INFO - Saved article: Meeting unions’ demands may cost TGSRTC ₹34,000 crore annually - The Hindu from The Hindu
2026-04-24 13:42:01,517 - INFO - [The Hindu] Article: https://www.thehindu.com/news/national/andhra-pradesh/mango-pulp-exporters-seek-central-relief-amid-rising-geopolitical-tensions/article70901513.ece
2026-04-24 13:42:01,517 - INFO - [The Hindu] Attempt 1/1: Trying with 'selenium_browser' strategy...
2026-04-24 13:42:02,784 - INFO - [The Hindu] Page content loaded.
2026-04-24 13:42:02,986 - INFO - [The Hindu] Success with 'selenium_browser'. Found content (259 words).
2026-04-24 13:42:03,102 - INFO - Saved article: Mango pulp exporters seek Central relief amid rising geopolitical tensions - The Hindu from The Hindu
2026-04-24 13:42:03,879 - INFO - [The Hindu] Article: https://www.thehindu.com/news/cities/bangalore/south-division-gets-new-dcp/article70901567.ece
2026-04-24 13:42:03,879 - INFO - [The Hindu] Attempt 1/1: Trying with 'selenium_browser' strategy...
2026-04-24 13:42:05,266 - INFO - [The Hindu] Page content loaded.
2026-04-24 13:42:05,339 - WARNING - [The Hindu] FAILED with 'selenium_browser' (content was too short: 73 words).
2026-04-24 13:42:05,339 - ERROR - [The Hindu] All scrape strategies failed for https://www.thehindu.com/news/cities/bangalore/south-division-gets-new-dcp/article70901567.ece. Falling back to RSS description.
2026-04-24 13:42:05,341 - INFO - Saved article: Bengaluru: South Division gets new DCP from The Hindu
2026-04-24 13:42:06,655 - INFO - [The Hindu] Article: https://www.thehindu.com/news/cities/bangalore/inter-state-duo-arrested-in-housebreaking-case/article70901356.ece
2026-04-24 13:42:06,655 - INFO - [The Hindu] Attempt 1/1: Trying with 'selenium_browser' strategy...
2026-04-24 13:42:08,671 - INFO - [The Hindu] Page content loaded.
2026-04-24 13:42:08,771 - INFO - [The Hindu] Success with 'selenium_browser'. Found content (322 words).
2026-04-24 13:42:08,870 - INFO - Saved article: Inter-State duo arrested in housebreaking case - The Hindu from The Hindu
2026-04-24 13:42:09,694 - INFO - [The Hindu] Article: https://www.thehindu.com/news/national/andhra-pradesh/ap-human-rights-forum-demands-withdrawal-of-draft-eia-for-water-aerodrome-proposed-vijayawada/article70901424.ece
2026-04-24 13:42:09,694 - INFO - [The Hindu] Attempt 1/1: Trying with 'selenium_browser' strategy...
2026-04-24 13:42:12,351 - INFO - [The Hindu] Page content loaded.
2026-04-24 13:42:12,505 - INFO - [The Hindu] Success with 'selenium_browser'. Found content (320 words).
2026-04-24 13:42:12,764 - INFO - Saved article: A.P. Human Rights Forum demands withdrawal of draft EIA for Vijayawada water aerodrome project - The Hindu from The Hindu
2026-04-24 13:42:13,397 - INFO - [The Hindu] Article: https://www.thehindu.com/news/national/rahul-gandhi-disagreed-on-government-cic-candidate-rti-response-reveals/article70901317.ece
2026-04-24 13:42:13,397 - INFO - [The Hindu] Attempt 1/1: Trying with 'selenium_browser' strategy...
2026-04-24 13:42:15,341 - INFO - [The Hindu] Page content loaded.
2026-04-24 13:42:15,491 - INFO - [The Hindu] Success with 'selenium_browser'. Found content (434 words).
2026-04-24 13:42:15,728 - INFO - Saved article: Rahul Gandhi 'disagreed' on government CIC candidate: RTI response reveals - The Hindu from The Hindu
2026-04-24 13:42:17,003 - INFO - [The Hindu] Article: https://www.thehindu.com/news/national/telangana/sign-or-face-action-telangana-pg-medicos-allege-stipend-coercion-at-medical-college-after-nmc-scrutiny/article70901235.ece
2026-04-24 13:42:17,003 - INFO - [The Hindu] Attempt 1/1: Trying with 'selenium_browser' strategy...
2026-04-24 13:42:18,483 - INFO - [The Hindu] Page content loaded.
2026-04-24 13:42:18,653 - INFO - [The Hindu] Success with 'selenium_browser'. Found content (377 words).
2026-04-24 13:42:18,754 - INFO - Saved article: ‘Sign or face action’: Telangana PG medicos allege stipend coercion at medical college after NMC scrutiny - The Hindu from The Hindu
2026-04-24 13:42:19,431 - INFO - [The Hindu] Article: https://www.thehindu.com/news/national/andhra-pradesh/effort-must-meet-opportunity-for-youth-to-succeed-says-vizag-collector/article70901680.ece
2026-04-24 13:42:19,431 - INFO - [The Hindu] Attempt 1/1: Trying with 'selenium_browser' strategy...
2026-04-24 13:42:20,748 - INFO - [The Hindu] Page content loaded.
2026-04-24 13:42:20,826 - INFO - [The Hindu] Success with 'selenium_browser'. Found content (175 words).
2026-04-24 13:42:20,956 - INFO - Saved article: Effort must meet opportunity for youth to succeed, says Vizag Collector - The Hindu from The Hindu
2026-04-24 13:42:21,538 - INFO - [The Hindu] Article: https://www.thehindu.com/news/national/kerala/ksebs-summer-plan-draws-regulatory-panel-ire/article70901533.ece
2026-04-24 13:42:21,538 - INFO - [The Hindu] Attempt 1/1: Trying with 'selenium_browser' strategy...
2026-04-24 13:42:23,536 - INFO - [The Hindu] Page content loaded.
2026-04-24 13:42:23,707 - INFO - [The Hindu] Success with 'selenium_browser'. Found content (522 words).
2026-04-24 13:42:23,910 - INFO - Saved article: KSEB’s summer plan draws regulatory panel ire - The Hindu from The Hindu
2026-04-24 13:42:25,332 - INFO - [The Hindu] Article: https://www.thehindu.com/news/national/raghav-chadha-aap-mps-join-bjp/article70901275.ece
2026-04-24 13:42:25,332 - INFO - [The Hindu] Attempt 1/1: Trying with 'selenium_browser' strategy...
2026-04-24 13:42:26,660 - INFO - [The Hindu] Page content loaded.
2026-04-24 13:42:26,884 - ERROR - [Times of India] Request failed for strategy 'selenium_browser' on URL https://timesofindia.indiatimes.com/sports/international-sports/its-against-nature-cristiano-ronaldos-former-chef-reveals-why-he-doesnt-drink-milk-shares-daily-diet/articleshow/130494960.cms: Message: timeout: Timed out receiving message from renderer: 59.964
  (Session info: chrome=147.0.7727.55)
Stacktrace:
#0 0x55667ae78b6a <unknown>
#1 0x55667a87a265 <unknown>
#2 0x55667a861b1b <unknown>
#3 0x55667a861804 <unknown>
#4 0x55667a85f54b <unknown>
#5 0x55667a85fecf <unknown>
#6 0x55667a86ee90 <unknown>
#7 0x55667a888c67 <unknown>
#8 0x55667a88f79b <unknown>
#9 0x55667a86061f <unknown>
#10 0x55667a8889fd <unknown>
#11 0x55667a915c7d <unknown>
#12 0x55667a8c05cf <unknown>
#13 0x55667a8c1391 <unknown>
#14 0x55667ae3e04b <unknown>
#15 0x55667ae4100d <unknown>
#16 0x55667ae2a808 <unknown>
#17 0x55667ae41ba0 <unknown>
#18 0x55667ae11280 <unknown>
#19 0x55667ae65db8 <unknown>
#20 0x55667ae65f88 <unknown>
#21 0x55667ae775de <unknown>
#22 0x7f42d049caa4 <unknown>
#23 0x7f42d0529c6c <unknown>

2026-04-24 13:42:26,885 - ERROR - [Times of India] All scrape strategies failed for https://timesofindia.indiatimes.com/sports/international-sports/its-against-nature-cristiano-ronaldos-former-chef-reveals-why-he-doesnt-drink-milk-shares-daily-diet/articleshow/130494960.cms. Falling back to RSS description.
2026-04-24 13:42:26,891 - INFO - Saved article: ‘It’s against nature’: Cristiano Ronaldo’s former chef reveals why he doesn't drink milk, shares daily diet from Times of India
2026-04-24 13:42:26,955 - INFO - [The Hindu] Success with 'selenium_browser'. Found content (524 words).
2026-04-24 13:42:27,156 - INFO - Saved article: Raghav Chadha and 6 AAP Rajya Sabha MPs join BJP in a major political shift - The Hindu from The Hindu
2026-04-24 13:42:28,072 - INFO - [Times of India] Article: https://timesofindia.indiatimes.com/science/nasas-human-computer-meet-the-woman-who-calculated-the-future-of-spaceflight-without-machines/articleshow/130494478.cms
2026-04-24 13:42:28,072 - INFO - [Times of India] Attempt 1/1: Trying with 'selenium_browser' strategy...
2026-04-24 13:42:28,410 - INFO - [The Hindu] Article: https://www.thehindu.com/news/national/assembly-elections-2026-live-updates-april-24-2026-tamil-nadu-kerala-puducherry-assam-west-bengal/article70900315.ece
2026-04-24 13:42:28,410 - INFO - [The Hindu] Attempt 1/1: Trying with 'selenium_browser' strategy...
2026-04-24 13:42:30,061 - INFO - [Times of India] Page content loaded.
2026-04-24 13:42:30,330 - INFO - [Times of India] Success with 'selenium_browser'. Found content (615 words).
2026-04-24 13:42:30,469 - INFO - Saved article: NASA’s ‘human computer’: Meet the woman who calculated the future of spaceflight without machines | - The Times of India from Times of India
2026-04-24 13:42:31,156 - INFO - [The Hindu] Page content loaded.
2026-04-24 13:42:31,270 - INFO - [Times of India] Article: https://timesofindia.indiatimes.com/world/us/doj-to-strip-us-citizenship-of-jailed-pakistani-born-doctor-convicted-of-grooming-a-minor-for-four-years/articleshow/130493724.cms
2026-04-24 13:42:31,270 - INFO - [Times of India] Attempt 1/1: Trying with 'selenium_browser' strategy...
2026-04-24 13:42:31,377 - INFO - [The Hindu] Success with 'selenium_browser'. Found content (284 words).
2026-04-24 13:42:31,860 - INFO - Saved article: Assembly Elections 2026 LIVE: ECI orders suspension of Hingalganj OC over 'bias' in West Bengal - The Hindu from The Hindu
2026-04-24 13:42:32,367 - INFO - [The Hindu] Article: https://www.thehindu.com/news/national/aap-rajya-sabha-mps-quit-bjp-kejriwal-punjab-raghav-chadha/article70901414.ece
2026-04-24 13:42:32,367 - INFO - [The Hindu] Attempt 1/1: Trying with 'selenium_browser' strategy...
2026-04-24 13:42:37,184 - INFO - [Times of India] Page content loaded.
2026-04-24 13:42:37,690 - INFO - [Times of India] Success with 'selenium_browser'. Found content (374 words).
2026-04-24 13:42:37,802 - INFO - Saved article: DOJ to strip US citizenship of jailed Pakistani-born doctor convicted of grooming a minor for four years - The Times of India from Times of India
2026-04-24 13:42:38,280 - INFO - [The Hindu] Page content loaded.
2026-04-24 13:42:38,836 - INFO - [Times of India] Article: https://timesofindia.indiatimes.com/world/uk/uk-man-jailed-for-life-after-deliberately-infecting-seven-victims-with-hiv-over-years/articleshow/130492723.cms
2026-04-24 13:42:38,837 - INFO - [Times of India] Attempt 1/1: Trying with 'selenium_browser' strategy...
2026-04-24 13:42:38,895 - INFO - [The Hindu] Success with 'selenium_browser'. Found content (646 words).
2026-04-24 13:42:39,086 - INFO - Saved article: BJP has again ‘given Punjabis a shove’, AAP chief Kejriwal says after seven Rajya Sabha MPs quit - The Hindu from The Hindu
2026-04-24 13:42:40,185 - INFO - [The Hindu] Article: https://www.thehindu.com/business/noida-airport-names-interim-ceo-after-security-clearance-denied-to-swiss-chief/article70901742.ece
2026-04-24 13:42:40,185 - INFO - [The Hindu] Attempt 1/1: Trying with 'selenium_browser' strategy...
2026-04-24 13:42:43,053 - INFO - [The Hindu] Page content loaded.
2026-04-24 13:42:43,169 - INFO - [The Hindu] Success with 'selenium_browser'. Found content (215 words).
2026-04-24 13:42:43,426 - INFO - Saved article: Noida Airport names interim CEO after security clearance denied to Swiss chief - The Hindu from The Hindu
2026-04-24 13:42:44,418 - INFO - [The Hindu] Article: https://www.thehindu.com/news/national/ec-acting-like-bjp-department-claims-congress-leader-kc-venugopal/article70901547.ece
2026-04-24 13:42:44,418 - INFO - [The Hindu] Attempt 1/1: Trying with 'selenium_browser' strategy...
2026-04-24 13:42:47,612 - INFO - [The Hindu] Page content loaded.
2026-04-24 13:42:47,869 - INFO - [The Hindu] Success with 'selenium_browser'. Found content (308 words).
2026-04-24 13:42:48,073 - INFO - [Times of India] Page content loaded.
2026-04-24 13:42:48,134 - INFO - Saved article: EC acting like ‘BJP department’, claims Congress leader K.C. Venugopal - The Hindu from The Hindu
2026-04-24 13:42:48,480 - INFO - [Times of India] Success with 'selenium_browser'. Found content (332 words).
2026-04-24 13:42:48,594 - INFO - Saved article: Uk Man Sentenced For Infecting With Hiv: UK man jailed for life after deliberately infecting seven victims with HIV over years | World News - The Times of India from Times of India
2026-04-24 13:42:49,349 - INFO - [The Hindu] Article: https://www.thehindu.com/news/national/assam/assam-court-sentences-20-convicts-to-life-term-for-lynching-two-men-on-suspicion-of-child-lifting/article70901675.ece
2026-04-24 13:42:49,349 - INFO - [The Hindu] Attempt 1/1: Trying with 'selenium_browser' strategy...
2026-04-24 13:42:49,369 - INFO - [Times of India] Article: https://timesofindia.indiatimes.com/world/rest-of-world/giant-ramesses-ii-statue-fragment-found-in-nile-delta-revealing-new-clues-about-ancient-egypt/articleshow/130490385.cms
2026-04-24 13:42:49,369 - INFO - [Times of India] Attempt 1/1: Trying with 'selenium_browser' strategy...
2026-04-24 13:42:50,263 - INFO - [Times of India] Page content loaded.
2026-04-24 13:42:50,514 - INFO - [Times of India] Success with 'selenium_browser'. Found content (516 words).
2026-04-24 13:42:50,692 - INFO - Saved article: Giant Ramesses II statue fragment found in Nile Delta, revealing new clues about ancient Egypt | World News - The Times of India from Times of India
2026-04-24 13:42:51,410 - INFO - [The Hindu] Page content loaded.
2026-04-24 13:42:51,502 - INFO - [The Hindu] Success with 'selenium_browser'. Found content (112 words).
2026-04-24 13:42:51,691 - INFO - Saved article: Assam court sentences 20 convicts to life term for lynching two men on suspicion of child lifting - The Hindu from The Hindu
2026-04-24 13:42:52,075 - INFO - [Times of India] Article: https://timesofindia.indiatimes.com/world/us-streamers/why-were-claviculars-youtube-channels-suddenly-terminated-without-warning-what-youtube-found-in-its-review/articleshow/130484724.cms
2026-04-24 13:42:52,075 - INFO - [Times of India] Attempt 1/1: Trying with 'selenium_browser' strategy...
2026-04-24 13:42:52,882 - INFO - [The Hindu] Article: https://www.thehindu.com/news/national/kerala/bjp-led-thiruvananthapuram-corporation-council-a-failure-sivankutty/article70901437.ece
2026-04-24 13:42:52,886 - INFO - [The Hindu] Attempt 1/1: Trying with 'selenium_browser' strategy...
2026-04-24 13:42:54,176 - INFO - [Times of India] Page content loaded.
2026-04-24 13:42:54,828 - INFO - [Times of India] Success with 'selenium_browser'. Found content (409 words).
2026-04-24 13:42:54,988 - INFO - Saved article: Clavicular Youtube Terminated: Why were Clavicular’s YouTube channels suddenly terminated without warning? What YouTube found in its review - The Times of India from Times of India
2026-04-24 13:42:55,914 - INFO - [The Hindu] Page content loaded.
2026-04-24 13:42:56,063 - INFO - [The Hindu] Success with 'selenium_browser'. Found content (483 words).
2026-04-24 13:42:56,190 - INFO - Saved article: BJP-led Thiruvananthapuram Corporation council a failure: Sivankutty - The Hindu from The Hindu
2026-04-24 13:42:56,283 - INFO - [Times of India] Article: https://timesofindia.indiatimes.com/science/nasa-reveals-spacex-crew-13-astronauts-set-for-iss-mission-expected-in-september-2026/articleshow/130490815.cms
2026-04-24 13:42:56,283 - INFO - [Times of India] Attempt 1/1: Trying with 'selenium_browser' strategy...
2026-04-24 13:42:57,392 - INFO - [The Hindu] Article: https://www.thehindu.com/news/cities/Coimbatore/evms-polling-materials-sealed-in-strong-room-in-ooty/article70901228.ece
2026-04-24 13:42:57,392 - INFO - [The Hindu] Attempt 1/1: Trying with 'selenium_browser' strategy...
2026-04-24 13:42:57,847 - INFO - [Times of India] Page content loaded.
2026-04-24 13:42:58,275 - INFO - [Times of India] Success with 'selenium_browser'. Found content (643 words).
2026-04-24 13:42:58,396 - INFO - Saved article: NASA reveals SpaceX Crew-13 astronauts set for ISS mission expected in September 2026 | - The Times of India from Times of India
2026-04-24 13:42:59,688 - INFO - [Times of India] Article: https://timesofindia.indiatimes.com/world/rest-of-world/australians-are-becoming-an-endangered-species-elon-musk-highlights-population-concerns-amid-falling-birth-rates/articleshow/130490597.cms
2026-04-24 13:42:59,688 - INFO - [Times of India] Attempt 1/1: Trying with 'selenium_browser' strategy...
2026-04-24 13:43:00,253 - INFO - [The Hindu] Page content loaded.
2026-04-24 13:43:00,400 - INFO - [The Hindu] Success with 'selenium_browser'. Found content (146 words).
2026-04-24 13:43:00,517 - INFO - Saved article: EVMs, polling materials sealed in strong room in Ooty - The Hindu from The Hindu
2026-04-24 13:43:01,132 - INFO - [Times of India] Page content loaded.
2026-04-24 13:43:01,342 - INFO - [Times of India] Success with 'selenium_browser'. Found content (476 words).
2026-04-24 13:43:01,403 - INFO - Saved article: Elon Musk: ‘Australians are becoming an endangered species’: Elon Musk highlights population concerns amid falling birth rates | World News - The Times of India from Times of India
2026-04-24 13:43:01,884 - INFO - [The Hindu] Article: https://www.thehindu.com/news/national/delhi-court-rejects-jailed-mp-engineer-rashids-interim-bail-plea/article70901723.ece
2026-04-24 13:43:01,884 - INFO - [The Hindu] Attempt 1/1: Trying with 'selenium_browser' strategy...
2026-04-24 13:43:02,894 - INFO - [Times of India] Article: https://timesofindia.indiatimes.com/world/us-streamers/jake-paul-reacts-to-marlon-and-jutta-leerdam-controversy-calls-out-twitch-streamer/articleshow/130488070.cms
2026-04-24 13:43:02,894 - INFO - [Times of India] Attempt 1/1: Trying with 'selenium_browser' strategy...
2026-04-24 13:43:04,087 - INFO - [The Hindu] Page content loaded.
2026-04-24 13:43:04,318 - INFO - [The Hindu] Success with 'selenium_browser'. Found content (157 words).
2026-04-24 13:43:04,512 - INFO - Saved article: Delhi court rejects jailed MP Engineer Rashid's interim bail plea - The Hindu from The Hindu
2026-04-24 13:43:04,630 - INFO - [Times of India] Page content loaded.
2026-04-24 13:43:04,786 - INFO - [Times of India] Success with 'selenium_browser'. Found content (424 words).
2026-04-24 13:43:04,899 - INFO - Saved article: Jake Paul Reacts On Controversy: Jake Paul reacts to Marlon and Jutta Leerdam controversy, calls out Twitch streamer - The Times of India from Times of India
2026-04-24 13:43:05,228 - INFO - [The Hindu] Article: https://www.thehindu.com/elections/west-bengal-assembly/west-bengal-assembly-elections-phase-1-pm-modi-polling-signals-wave-of-change-bjp-victory/article70901080.ece
2026-04-24 13:43:05,228 - INFO - [The Hindu] Attempt 1/1: Trying with 'selenium_browser' strategy...
2026-04-24 13:43:06,149 - INFO - [Times of India] Article: https://timesofindia.indiatimes.com/world/us-streamers/who-is-lorrayne-mavromatis-lawsuit-against-mrbeasts-company-explained/articleshow/130487674.cms
2026-04-24 13:43:06,149 - INFO - [Times of India] Attempt 1/1: Trying with 'selenium_browser' strategy...
2026-04-24 13:43:08,837 - INFO - [Times of India] Page content loaded.
2026-04-24 13:43:08,881 - INFO - [The Hindu] Page content loaded.
2026-04-24 13:43:09,329 - INFO - [Times of India] Success with 'selenium_browser'. Found content (416 words).
2026-04-24 13:43:09,546 - INFO - Saved article: Mrbeast: Who is Lorrayne Mavromatis? Lawsuit against MrBeast’s company explained - The Times of India from Times of India
2026-04-24 13:43:10,366 - INFO - [The Hindu] Success with 'selenium_browser'. Found content (601 words).
2026-04-24 13:43:10,517 - INFO - Saved article: West Bengal election: PM Modi says phase-1 polling signals 'wave of change'; claims TMC destroyed State’s identity - The Hindu from The Hindu
2026-04-24 13:43:10,778 - INFO - [Times of India] Article: https://timesofindia.indiatimes.com/science/in-2019-a-nasa-intern-scanning-star-data-noticed-a-tiny-glitch-and-uncovered-a-world-orbiting-two-suns/articleshow/130484008.cms
2026-04-24 13:43:10,778 - INFO - [Times of India] Attempt 1/1: Trying with 'selenium_browser' strategy...
2026-04-24 13:43:11,973 - INFO - [The Hindu] Article: https://www.thehindu.com/news/national/telangana/no-document-or-proof-will-be-sought-during-census-2027-director-census-operations-in-telangana/article70901224.ece
2026-04-24 13:43:11,973 - INFO - [The Hindu] Attempt 1/1: Trying with 'selenium_browser' strategy...
2026-04-24 13:43:12,117 - INFO - [Times of India] Page content loaded.
2026-04-24 13:43:12,326 - INFO - [Times of India] Success with 'selenium_browser'. Found content (764 words).
2026-04-24 13:43:12,397 - INFO - Saved article: In 2019, a NASA intern scanning star data noticed a tiny glitch and uncovered a world orbiting two suns | - The Times of India from Times of India
2026-04-24 13:43:13,641 - INFO - [Times of India] Article: https://timesofindia.indiatimes.com/business/international-business/cool-biz-why-tokyo-workers-are-ditching-suits-for-shorts/articleshow/130488499.cms
2026-04-24 13:43:13,641 - INFO - [Times of India] Attempt 1/1: Trying with 'selenium_browser' strategy...
2026-04-24 13:43:13,703 - INFO - [The Hindu] Page content loaded.
2026-04-24 13:43:13,898 - INFO - [The Hindu] Success with 'selenium_browser'. Found content (1042 words).
2026-04-24 13:43:14,076 - INFO - Saved article: No document or proof will be sought during Census 2027: Director Census Operations in Telangana - The Hindu from The Hindu
2026-04-24 13:43:14,647 - INFO - [The Hindu] Article: https://www.thehindu.com/elections/west-bengal-assembly/west-bengal-first-phase-of-polling-scattered-violence/article70896652.ece
2026-04-24 13:43:14,647 - INFO - [The Hindu] Attempt 1/1: Trying with 'selenium_browser' strategy...
2026-04-24 13:43:15,498 - INFO - [Times of India] Page content loaded.
2026-04-24 13:43:15,855 - INFO - [Times of India] Success with 'selenium_browser'. Found content (422 words).
2026-04-24 13:43:15,940 - INFO - Saved article: Energy-Saving Measures Japan: Cool biz: Why Tokyo workers are ditching suits for shorts? - The Times of India from Times of India
2026-04-24 13:43:16,742 - INFO - [Times of India] Article: https://timesofindia.indiatimes.com/world/uk/uk-couples-dream-home-extension-turns-into-nightmare-ends-in-arrest/articleshow/130486968.cms
2026-04-24 13:43:16,742 - INFO - [Times of India] Attempt 1/1: Trying with 'selenium_browser' strategy...
2026-04-24 13:43:17,913 - INFO - [The Hindu] Page content loaded.
2026-04-24 13:43:18,206 - INFO - [The Hindu] Success with 'selenium_browser'. Found content (823 words).
2026-04-24 13:43:18,334 - INFO - Duplicate article skipped: West Bengal election 2026: Record turnout of over 92% in first phase amidst isolated incidents of violence - The Hindu from The Hindu
2026-04-24 13:43:18,850 - INFO - [Times of India] Page content loaded.
2026-04-24 13:43:19,253 - INFO - [Times of India] Success with 'selenium_browser'. Found content (372 words).
2026-04-24 13:43:19,571 - INFO - [The Hindu] (Thread) Finished. Attempting to shut down its Selenium driver.
2026-04-24 13:43:19,602 - INFO - Saved article: Uk Couple Nightmare: UK couple’s dream home extension turns into “nightmare”, ends in arrest | World News - The Times of India from Times of India
2026-04-24 13:43:19,879 - INFO - [The Hindu] (Thread) driver.quit() successful.
2026-04-24 13:43:21,018 - INFO - [Times of India] Article: https://timesofindia.indiatimes.com/world/us/reduce-prices-by-600-why-donald-trumps-math-on-drug-costs-doesnt-add-up/articleshow/130484003.cms
2026-04-24 13:43:21,018 - INFO - [Times of India] Attempt 1/1: Trying with 'selenium_browser' strategy...
2026-04-24 13:43:22,171 - INFO - [Times of India] Page content loaded.
2026-04-24 13:43:22,351 - INFO - [Times of India] Success with 'selenium_browser'. Found content (449 words).
2026-04-24 13:43:22,410 - INFO - Saved article: Donald Trump: Why Donald Trump’s '600% saving' claim on drug prices doesn’t add up - The Times of India from Times of India
2026-04-24 13:43:23,155 - INFO - [Times of India] Article: https://timesofindia.indiatimes.com/science/a-phd-candidate-creates-a-universe-in-a-bottle-to-uncover-how-life-on-earth-began/articleshow/130467949.cms
2026-04-24 13:43:23,155 - INFO - [Times of India] Attempt 1/1: Trying with 'selenium_browser' strategy...
2026-04-24 13:43:24,161 - INFO - [Times of India] Page content loaded.
2026-04-24 13:43:24,269 - INFO - [Times of India] Success with 'selenium_browser'. Found content (507 words).
2026-04-24 13:43:24,347 - INFO - Saved article: A PhD candidate creates a “universe in a bottle” to uncover how life on Earth began | - The Times of India from Times of India
2026-04-24 13:43:25,087 - INFO - [Times of India] Article: https://timesofindia.indiatimes.com/world/middle-east/cctv-captures-chaos-at-iran-hospitals-amid-strikes-patients-and-staff-seen-scrambling/articleshow/130482290.cms
2026-04-24 13:43:25,087 - INFO - [Times of India] Attempt 1/1: Trying with 'selenium_browser' strategy...
2026-04-24 13:43:26,547 - INFO - [Times of India] Page content loaded.
2026-04-24 13:43:26,712 - INFO - [Times of India] Success with 'selenium_browser'. Found content (216 words).
2026-04-24 13:43:26,781 - INFO - Saved article: Iran Hospitals Chaos: CCTV captures chaos at Iran hospitals amid strikes; patients and staff seen scrambling - The Times of India from Times of India
2026-04-24 13:43:27,921 - INFO - [Times of India] Article: https://timesofindia.indiatimes.com/defence/international/after-iran-war-can-us-defend-taiwan-from-china-missile-stockpile-crunch-in-focus/articleshow/130483046.cms
2026-04-24 13:43:27,921 - INFO - [Times of India] Attempt 1/1: Trying with 'selenium_browser' strategy...
2026-04-24 13:43:28,927 - INFO - [Times of India] Page content loaded.
2026-04-24 13:43:28,977 - INFO - [Times of India] Success with 'selenium_browser'. Found content (1137 words).
2026-04-24 13:43:29,009 - INFO - Saved article: After Iran war, can US defend Taiwan from China? Missile stockpile crunch in focus - The Times of India from Times of India
2026-04-24 13:43:30,461 - INFO - [Times of India] Article: https://timesofindia.indiatimes.com/world/pakistan/22-militants-killed-in-northwest-pakistan-clashes-after-army-firefight-near-afghan-border/articleshow/130484821.cms
2026-04-24 13:43:30,461 - INFO - [Times of India] Attempt 1/1: Trying with 'selenium_browser' strategy...
2026-04-24 13:43:31,581 - INFO - [Times of India] Page content loaded.
2026-04-24 13:43:31,724 - INFO - [Times of India] Success with 'selenium_browser'. Found content (240 words).
2026-04-24 13:43:31,793 - INFO - Saved article: Pakistan Military Clashes: 22 militants killed in northwest Pakistan clashes after army firefight near Afghan border - The Times of India from Times of India
2026-04-24 13:43:33,226 - INFO - [Times of India] Article: https://timesofindia.indiatimes.com/world/us/us-offers-10-million-reward-possible-relocation-for-info-on-leader-of-iran-backed-iraqi-armed-group/articleshow/130485098.cms
2026-04-24 13:43:33,227 - INFO - [Times of India] Attempt 1/1: Trying with 'selenium_browser' strategy...
2026-04-24 13:43:33,883 - INFO - [Times of India] Page content loaded.
2026-04-24 13:43:33,996 - INFO - [Times of India] Success with 'selenium_browser'. Found content (286 words).
2026-04-24 13:43:34,062 - INFO - Saved article: Rewards On Iraqi Terrorist: US offers $10 million reward, possible relocation for info on leader of Iran-backed Iraqi armed group - The Times of India from Times of India
2026-04-24 13:43:35,506 - INFO - [Times of India] Article: https://timesofindia.indiatimes.com/world/middle-east/iran-admits-strategic-mistake-over-nuclear-issue-at-negotiation-table-in-pakistan/articleshow/130482307.cms
2026-04-24 13:43:35,506 - INFO - [Times of India] Attempt 1/1: Trying with 'selenium_browser' strategy...
2026-04-24 13:43:36,559 - INFO - [Times of India] Page content loaded.
2026-04-24 13:43:36,727 - INFO - [Times of India] Success with 'selenium_browser'. Found content (289 words).
2026-04-24 13:43:36,799 - INFO - Saved article: Iran Nuclear Issue: Iran admits 'strategic mistake' over nuclear issue at negotiation table in Pakistan - The Times of India from Times of India
2026-04-24 13:43:38,249 - INFO - [Times of India] (Thread) Finished. Attempting to shut down its Selenium driver.
2026-04-24 13:43:38,465 - INFO - [Times of India] (Thread) driver.quit() successful.
2026-04-24 13:43:38,465 - INFO - Shutting down thread pool (wait=False)...
2026-04-24 13:43:38,466 - INFO - Scraped: 24 The Hindu, 15 BBC, 20 Times of India, 14 The Guardian articles. (Total saved: 73)
2026-04-24 13:43:38,466 - INFO - --- Scraping job finished ---
2026-04-24 13:43:38,471 - INFO - --- Scraper service stopped and database connection closed. ---
2026-04-24 13:43:38,471 - INFO - --- Main thread finished. Forcing process exit to kill zombie threads. ---
