2026-04-07 02:39:01,760 - INFO - Initializing database connection at: news_articles.db
2026-04-07 02:39:01,760 - INFO - --- Scraper service started (CI Mode: Run Once) ---
2026-04-07 02:39:01,760 - INFO - --- Starting new scraping job (Parallel Mode) ---
2026-04-07 02:39:01,760 - INFO - Creating new robust session with 3 retries on 5xx/connection/read errors.
2026-04-07 02:39:01,760 - INFO - Proxy is DISABLED.
2026-04-07 02:39:01,761 - INFO - Starting scrape for BBC RSS feed: http://feeds.bbci.co.uk/news/world/rss.xml
2026-04-07 02:39:01,761 - INFO - [Times of India] (Thread) requires Selenium. Initializing driver...
2026-04-07 02:39:01,761 - INFO - Initializing headless Selenium Chrome driver (using SeleniumManager)...
2026-04-07 02:39:01,762 - INFO - Starting scrape for The Guardian RSS feed: https://www.theguardian.com/world/rss
2026-04-07 02:39:01,762 - INFO - [The Hindu] (Thread) requires Selenium. Initializing driver...
2026-04-07 02:39:01,763 - INFO - Submitted 4 jobs to thread pool. Waiting up to 420s for completion...
2026-04-07 02:39:01,763 - INFO - Initializing headless Selenium Chrome driver (using SeleniumManager)...
2026-04-07 02:39:01,837 - INFO - Found 27 articles in BBC RSS feed. Processing up to 25.
2026-04-07 02:39:01,837 - INFO - [BBC] Article: https://www.bbc.com/news/articles/cqj8ep9w1pno?at_medium=RSS&at_campaign=rss
2026-04-07 02:39:01,837 - INFO - [BBC] Attempt 1/1: Trying with 'requests_browser' strategy...
2026-04-07 02:39:01,913 - INFO - Found 45 articles in The Guardian RSS feed. Processing up to 25.
2026-04-07 02:39:01,913 - INFO - [The Guardian] Article: https://www.theguardian.com/world/2026/apr/03/people-burkina-faso-should-forget-about-democracy-military-ruler-ibrahim-traore
2026-04-07 02:39:01,913 - INFO - [The Guardian] Attempt 1/1: Trying with 'requests_browser' strategy...
2026-04-07 02:39:02,062 - INFO - [The Guardian] Success with 'requests_browser'. Found content (340 words).
2026-04-07 02:39:02,097 - INFO - Duplicate article skipped: People of Burkina Faso should forget about democracy, says military ruler | Burkina Faso | The Guardian from The Guardian
2026-04-07 02:39:02,330 - INFO - [BBC] Success with 'requests_browser'. Found content (616 words).
2026-04-07 02:39:02,386 - INFO - Saved article: Trump threatens to take out Iran in 'one night' if no deal before deadline from BBC
2026-04-07 02:39:02,713 - INFO - [The Guardian] Article: https://www.theguardian.com/us-news/2026/apr/02/uganda-receives-first-us-deportation-flight-under-third-country-agreement
2026-04-07 02:39:02,713 - INFO - [The Guardian] Attempt 1/1: Trying with 'requests_browser' strategy...
2026-04-07 02:39:02,860 - INFO - [The Guardian] Success with 'requests_browser'. Found content (537 words).
2026-04-07 02:39:02,897 - INFO - Duplicate article skipped: Uganda receives first US deportation flight under third-country agreement | US immigration | The Guardian from The Guardian
2026-04-07 02:39:03,461 - INFO - [BBC] Article: https://www.bbc.com/news/articles/czexw94rj5jo?at_medium=RSS&at_campaign=rss
2026-04-07 02:39:03,461 - INFO - [BBC] Attempt 1/1: Trying with 'requests_browser' strategy...
2026-04-07 02:39:03,501 - INFO - [BBC] Success with 'requests_browser'. Found content (769 words).
2026-04-07 02:39:03,543 - INFO - Saved article: Clock ticks on Trump's Iran ultimatum with little sign of breakthrough from BBC
2026-04-07 02:39:03,816 - INFO - [The Guardian] Article: https://www.theguardian.com/us-news/2026/mar/30/ilhan-omar-false-reports-somaliland
2026-04-07 02:39:03,816 - INFO - [The Guardian] Attempt 1/1: Trying with 'requests_browser' strategy...
2026-04-07 02:39:03,890 - INFO - [The Guardian] Success with 'requests_browser'. Found content (684 words).
2026-04-07 02:39:03,925 - INFO - Duplicate article skipped: News outlets falsely report Somaliland called for extradition of Ilhan Omar | Ilhan Omar | The Guardian from The Guardian
2026-04-07 02:39:04,456 - INFO - [The Guardian] Article: https://www.theguardian.com/football/2026/mar/30/congo-brazzaville-jean-guy-blaise-mayolas-fifa-interpol-arrest-warrant
2026-04-07 02:39:04,456 - INFO - [The Guardian] Attempt 1/1: Trying with 'requests_browser' strategy...
2026-04-07 02:39:04,641 - INFO - [The Guardian] Success with 'requests_browser'. Found content (432 words).
2026-04-07 02:39:04,675 - INFO - Duplicate article skipped: Interpol arrest warrant requested in Congo-Brazzaville for Jean-Guy Blaise Mayolas | Soccer | The Guardian from The Guardian
2026-04-07 02:39:05,031 - INFO - [BBC] Article: https://www.bbc.com/news/articles/c77md512n71o?at_medium=RSS&at_campaign=rss
2026-04-07 02:39:05,031 - INFO - [BBC] Attempt 1/1: Trying with 'requests_browser' strategy...
2026-04-07 02:39:05,068 - INFO - [BBC] Success with 'requests_browser'. Found content (512 words).
2026-04-07 02:39:05,130 - INFO - Saved article: Ten killed in Israeli strikes and clashes between Hamas and militia in Gaza, local sources say from BBC
2026-04-07 02:39:05,519 - INFO - [The Guardian] Article: https://www.theguardian.com/environment/2026/mar/30/weather-tracker-thunderstorms-uae-united-arab-emirates-saudi-arabia
2026-04-07 02:39:05,519 - INFO - [The Guardian] Attempt 1/1: Trying with 'requests_browser' strategy...
2026-04-07 02:39:05,585 - INFO - [The Guardian] Success with 'requests_browser'. Found content (313 words).
2026-04-07 02:39:05,624 - INFO - Duplicate article skipped: Weather tracker: Thunderstorms drench UAE and Saudi Arabia | Environment | The Guardian from The Guardian
2026-04-07 02:39:06,469 - INFO - [BBC] Article: https://www.bbc.com/news/articles/cx2vpz1kwreo?at_medium=RSS&at_campaign=rss
2026-04-07 02:39:06,469 - INFO - [BBC] Attempt 1/1: Trying with 'requests_browser' strategy...
2026-04-07 02:39:06,509 - INFO - [BBC] Success with 'requests_browser'. Found content (998 words).
2026-04-07 02:39:06,552 - INFO - Duplicate article skipped: How rescue of US airman in remote part of Iran unfolded from BBC
2026-04-07 02:39:07,011 - INFO - [The Guardian] Article: https://www.theguardian.com/us-news/2026/apr/06/cuba-blockade-energy-house-democrats
2026-04-07 02:39:07,011 - INFO - [The Guardian] Attempt 1/1: Trying with 'requests_browser' strategy...
2026-04-07 02:39:07,085 - INFO - [The Guardian] Success with 'requests_browser'. Found content (614 words).
2026-04-07 02:39:07,126 - INFO - Saved article: House Democrats demand end to ‘cruel’ US energy blockade after visit to Cuba | Democrats | The Guardian from The Guardian
2026-04-07 02:39:07,750 - INFO - [The Guardian] Article: https://www.theguardian.com/world/2026/apr/05/mexican-art-world-protests-over-plan-to-send-frida-kahlo-masterpieces-to-spain
2026-04-07 02:39:07,750 - INFO - [The Guardian] Attempt 1/1: Trying with 'requests_browser' strategy...
2026-04-07 02:39:07,844 - INFO - [The Guardian] Success with 'requests_browser'. Found content (731 words).
2026-04-07 02:39:07,871 - INFO - [BBC] Article: https://www.bbc.com/news/articles/c04xqglg7xgo?at_medium=RSS&at_campaign=rss
2026-04-07 02:39:07,871 - INFO - [BBC] Attempt 1/1: Trying with 'requests_browser' strategy...
2026-04-07 02:39:07,900 - INFO - Duplicate article skipped: Mexican art world protests over plan to send Frida Kahlo masterpieces to Spain | Mexico | The Guardian from The Guardian
2026-04-07 02:39:07,951 - INFO - [BBC] Success with 'requests_browser'. Found content (424 words).
2026-04-07 02:39:08,014 - INFO - Duplicate article skipped: 'Really feeling the love' - Savannah Guthrie returns to NBC as search for mother goes on from BBC
2026-04-07 02:39:08,440 - INFO - Selenium driver initialized successfully.
2026-04-07 02:39:08,440 - INFO - Starting scrape for The Hindu RSS feed: https://www.thehindu.com/news/national/feeder/default.rss
2026-04-07 02:39:08,445 - INFO - Selenium driver initialized successfully.
2026-04-07 02:39:08,445 - INFO - Starting scrape for Times of India RSS feed: https://timesofindia.indiatimes.com/rssfeeds/296589292.cms
2026-04-07 02:39:08,533 - INFO - Found 20 articles in Times of India RSS feed. Processing up to 25.
2026-04-07 02:39:08,534 - INFO - [Times of India] Article: https://timesofindia.indiatimes.com/world/us-streamers/best-friends-grave-laura-loomer-slams-candace-owens-after-she-calls-president-administration-satanic-drags-charlie-kirk-into-feud/articleshow/130072539.cms
2026-04-07 02:39:08,534 - INFO - [Times of India] Attempt 1/1: Trying with 'selenium_browser' strategy...
2026-04-07 02:39:08,539 - INFO - Found 60 articles in The Hindu RSS feed. Processing up to 25.
2026-04-07 02:39:08,539 - INFO - [The Hindu] Article: https://www.thehindu.com/business/Industry/petroleum-ministry-doubles-cylinder-allocation-for-migrant-workers-in-each-state/article70831792.ece
2026-04-07 02:39:08,539 - INFO - [The Hindu] Attempt 1/1: Trying with 'selenium_browser' strategy...
2026-04-07 02:39:08,675 - INFO - [The Guardian] Article: https://www.theguardian.com/world/2026/apr/04/cuba-oil-tankers-trump-talks
2026-04-07 02:39:08,675 - INFO - [The Guardian] Attempt 1/1: Trying with 'requests_browser' strategy...
2026-04-07 02:39:08,912 - INFO - [The Guardian] Success with 'requests_browser'. Found content (1059 words).
2026-04-07 02:39:09,002 - INFO - Duplicate article skipped: Cubans study oil tanker diplomacy for signs of progress in secret talks with US | Cuba | The Guardian from The Guardian
2026-04-07 02:39:09,417 - INFO - [BBC] Article: https://www.bbc.com/news/articles/cwywnkdn3zno?at_medium=RSS&at_campaign=rss
2026-04-07 02:39:09,417 - INFO - [BBC] Attempt 1/1: Trying with 'requests_browser' strategy...
2026-04-07 02:39:09,479 - INFO - [BBC] Success with 'requests_browser'. Found content (845 words).
2026-04-07 02:39:09,665 - INFO - Saved article: Kanye West's right to enter UK under review after festival outcry from BBC
2026-04-07 02:39:10,183 - INFO - [The Hindu] Page content loaded.
2026-04-07 02:39:10,345 - INFO - [The Guardian] Article: https://www.theguardian.com/world/2026/apr/04/lima-football-stadium-pre-match-event-injured-dead
2026-04-07 02:39:10,345 - INFO - [The Guardian] Attempt 1/1: Trying with 'requests_browser' strategy...
2026-04-07 02:39:10,572 - INFO - [The Guardian] Success with 'requests_browser'. Found content (383 words).
2026-04-07 02:39:10,583 - INFO - [The Hindu] Success with 'selenium_browser'. Found content (233 words).
2026-04-07 02:39:10,820 - INFO - Duplicate article skipped: One dead and dozens injured at Peru football stadium during pre-match event | Peru | The Guardian from The Guardian
2026-04-07 02:39:10,890 - INFO - Saved article: Petroleum Ministry doubles cylinder allocation for migrant workers in each State - The Hindu from The Hindu
2026-04-07 02:39:11,003 - INFO - [BBC] Article: https://www.bbc.com/news/articles/ce8l0md9gl1o?at_medium=RSS&at_campaign=rss
2026-04-07 02:39:11,003 - INFO - [BBC] Attempt 1/1: Trying with 'requests_browser' strategy...
2026-04-07 02:39:11,131 - INFO - [BBC] Success with 'requests_browser'. Found content (304 words).
2026-04-07 02:39:11,254 - INFO - Saved article: Nine policemen sentenced to death in India over Covid custody killings from BBC
2026-04-07 02:39:12,113 - INFO - [BBC] Article: https://www.bbc.com/news/articles/c0mj4jeyvmzo?at_medium=RSS&at_campaign=rss
2026-04-07 02:39:12,113 - INFO - [BBC] Attempt 1/1: Trying with 'requests_browser' strategy...
2026-04-07 02:39:12,211 - INFO - [The Guardian] Article: https://www.theguardian.com/world/2026/apr/03/cuba-to-release-pardon-prisoners-us-fuel-blockade
2026-04-07 02:39:12,211 - INFO - [The Guardian] Attempt 1/1: Trying with 'requests_browser' strategy...
2026-04-07 02:39:12,221 - INFO - [BBC] Success with 'requests_browser'. Found content (384 words).
2026-04-07 02:39:12,331 - INFO - [The Hindu] Article: https://www.thehindu.com/news/national/rajya-sabha-chairman-lok-sabha-speaker-reject-opposition-notice-seeking-cecs-removal/article70831391.ece
2026-04-07 02:39:12,332 - INFO - [The Hindu] Attempt 1/1: Trying with 'selenium_browser' strategy...
2026-04-07 02:39:12,437 - INFO - Saved article: Trump endorses ex-UK political aide Steve Hilton for California governor from BBC
2026-04-07 02:39:12,468 - INFO - [The Guardian] Success with 'requests_browser'. Found content (627 words).
2026-04-07 02:39:12,617 - INFO - Duplicate article skipped: Cuba begins to free more than 2,000 prisoners as US eases fuel blockade | Cuba | The Guardian from The Guardian
2026-04-07 02:39:13,239 - INFO - [The Guardian] Article: https://www.theguardian.com/world/2026/apr/06/thailand-pm-calls-for-energy-saving-as-middle-east-conflict-drives-price-surge
2026-04-07 02:39:13,239 - INFO - [The Guardian] Attempt 1/1: Trying with 'requests_browser' strategy...
2026-04-07 02:39:13,376 - INFO - [The Guardian] Success with 'requests_browser'. Found content (405 words).
2026-04-07 02:39:13,505 - INFO - Duplicate article skipped: Thailand PM urges working from home amid fears over energy crisis | Thailand | The Guardian from The Guardian
2026-04-07 02:39:13,648 - INFO - [BBC] Article: https://www.bbc.com/news/articles/cx2r5g7x25yo?at_medium=RSS&at_campaign=rss
2026-04-07 02:39:13,649 - INFO - [BBC] Attempt 1/1: Trying with 'requests_browser' strategy...
2026-04-07 02:39:13,996 - INFO - [BBC] Success with 'requests_browser'. Found content (497 words).
2026-04-07 02:39:14,429 - INFO - Saved article: South Africa's Albert Mazibuko: Long-time Ladysmith Black Mambazo member dies aged 77 from BBC
2026-04-07 02:39:14,902 - INFO - [The Hindu] Page content loaded.
2026-04-07 02:39:15,006 - INFO - [The Guardian] Article: https://www.theguardian.com/environment/2026/apr/06/weather-tracker-warm-march-in-us-leaves-snowpack-critically-low
2026-04-07 02:39:15,006 - INFO - [The Guardian] Attempt 1/1: Trying with 'requests_browser' strategy...
2026-04-07 02:39:15,037 - INFO - [BBC] Article: https://www.bbc.com/news/articles/cgqk4kyj4yvo?at_medium=RSS&at_campaign=rss
2026-04-07 02:39:15,037 - INFO - [BBC] Attempt 1/1: Trying with 'requests_browser' strategy...
2026-04-07 02:39:15,138 - INFO - [The Hindu] Success with 'selenium_browser'. Found content (454 words).
2026-04-07 02:39:15,325 - INFO - [The Guardian] Success with 'requests_browser'. Found content (325 words).
2026-04-07 02:39:15,386 - INFO - [BBC] Success with 'requests_browser'. Found content (349 words).
2026-04-07 02:39:15,852 - INFO - Duplicate article skipped: Weather tracker: Warm March in US leaves snowpack critically low | US weather | The Guardian from The Guardian
2026-04-07 02:39:15,921 - INFO - Saved article: US Supreme Court paves way for dismissal of Steve Bannon conviction from BBC
2026-04-07 02:39:15,928 - INFO - Saved article: Rajya Sabha Chairman, Lok Sabha Speaker reject Opposition notice seeking CEC’s removal - The Hindu from The Hindu
2026-04-07 02:39:16,355 - INFO - [The Guardian] Article: https://www.theguardian.com/world/2026/apr/06/when-suzuki-met-suzuki-tokyo-dating-agency-matching-surnames-japan
2026-04-07 02:39:16,355 - INFO - [The Guardian] Attempt 1/1: Trying with 'requests_browser' strategy...
2026-04-07 02:39:16,480 - INFO - [The Guardian] Success with 'requests_browser'. Found content (1024 words).
2026-04-07 02:39:16,560 - INFO - [BBC] Article: https://www.bbc.com/news/articles/c747037e2kgo?at_medium=RSS&at_campaign=rss
2026-04-07 02:39:16,560 - INFO - [BBC] Attempt 1/1: Trying with 'requests_browser' strategy...
2026-04-07 02:39:16,654 - INFO - Duplicate article skipped: When Suzuki met Suzuki: why a Tokyo dating agency is matching couples with the same name | Japan | The Guardian from The Guardian
2026-04-07 02:39:16,765 - INFO - [BBC] Success with 'requests_browser'. Found content (509 words).
2026-04-07 02:39:16,965 - INFO - Saved article: Eritrea football: Seven players fail to return home after international match from BBC
2026-04-07 02:39:17,125 - INFO - [The Hindu] Article: https://www.thehindu.com/news/national/proud-moment-modi-on-kalpakkam-fast-breeder-reactor-attaining-criticality/article70832728.ece
2026-04-07 02:39:17,126 - INFO - [The Hindu] Attempt 1/1: Trying with 'selenium_browser' strategy...
2026-04-07 02:39:17,738 - INFO - [The Guardian] Article: https://www.theguardian.com/world/2026/apr/03/asia-fuel-crisis-iran-war-ordinary-workers
2026-04-07 02:39:17,738 - INFO - [The Guardian] Attempt 1/1: Trying with 'requests_browser' strategy...
2026-04-07 02:39:18,109 - INFO - [BBC] Article: https://www.bbc.com/news/articles/cevkz2z7dm8o?at_medium=RSS&at_campaign=rss
2026-04-07 02:39:18,109 - INFO - [BBC] Attempt 1/1: Trying with 'requests_browser' strategy...
2026-04-07 02:39:18,590 - INFO - [BBC] Success with 'requests_browser'. Found content (798 words).
2026-04-07 02:39:18,605 - INFO - [The Hindu] Page content loaded.
2026-04-07 02:39:18,836 - INFO - [The Guardian] Success with 'requests_browser'. Found content (2284 words).
2026-04-07 02:39:19,047 - INFO - Duplicate article skipped: Measles: Why Bangladesh is seeing a deadly spike in cases from BBC
2026-04-07 02:39:19,082 - INFO - [The Hindu] Success with 'selenium_browser'. Found content (154 words).
2026-04-07 02:39:19,091 - INFO - Duplicate article skipped: A day in the life of Asia’s fuel crisis | US-Israel war on Iran | The Guardian from The Guardian
2026-04-07 02:39:19,246 - INFO - Saved article: Proud moment: Modi on Kalpakkam fast breeder reactor attaining criticality - The Hindu from The Hindu
2026-04-07 02:39:20,086 - INFO - [BBC] Article: https://www.bbc.com/news/articles/cew7n4glz54o?at_medium=RSS&at_campaign=rss
2026-04-07 02:39:20,086 - INFO - [BBC] Attempt 1/1: Trying with 'requests_browser' strategy...
2026-04-07 02:39:20,237 - INFO - [BBC] Success with 'requests_browser'. Found content (444 words).
2026-04-07 02:39:20,291 - INFO - [The Guardian] Article: https://www.theguardian.com/world/2026/apr/02/magnitude-78-earthquake-strikes-in-indonesia-sparking-tsunami-alert
2026-04-07 02:39:20,291 - INFO - [The Guardian] Attempt 1/1: Trying with 'requests_browser' strategy...
2026-04-07 02:39:20,396 - INFO - Duplicate article skipped: Gray whale dies days after swimming up Washington's Willapa River from BBC
2026-04-07 02:39:20,409 - INFO - [The Hindu] Article: https://www.thehindu.com/elections/assembly-elections-kerala-tamil-nadu-west-bengal-puducherry-assam-live-updates-april-7-2026/article70832717.ece
2026-04-07 02:39:20,409 - INFO - [The Hindu] Attempt 1/1: Trying with 'selenium_browser' strategy...
2026-04-07 02:39:20,469 - INFO - [The Guardian] Success with 'requests_browser'. Found content (615 words).
2026-04-07 02:39:20,619 - INFO - Duplicate article skipped: One killed and buildings damaged as magnitude 7.4 earthquake strikes Indonesia | Earthquakes | The Guardian from The Guardian
2026-04-07 02:39:21,608 - INFO - [BBC] Article: https://www.bbc.com/news/articles/c20d35eejxgo?at_medium=RSS&at_campaign=rss
2026-04-07 02:39:21,608 - INFO - [BBC] Attempt 1/1: Trying with 'requests_browser' strategy...
2026-04-07 02:39:21,736 - INFO - [The Guardian] Article: https://www.theguardian.com/australia-news/live/2026/apr/07/australia-news-live-cyclone-maila-threat-queensland-road-toll-trump-iran-ntwnfb
2026-04-07 02:39:21,736 - INFO - [The Guardian] Attempt 1/1: Trying with 'requests_browser' strategy...
2026-04-07 02:39:21,916 - INFO - [BBC] Success with 'requests_browser'. Found content (438 words).
2026-04-07 02:39:22,483 - INFO - Duplicate article skipped: DR Congo agrees to take third-country deportees from US from BBC
2026-04-07 02:39:22,769 - INFO - [The Guardian] Success with 'requests_browser'. Found content (1333 words).
2026-04-07 02:39:23,198 - INFO - Saved article: Australia news live: Albanese to visit Singapore to shore up fuel supply; Matt Canavan weighs in on ‘weird and wild’ Trump comments | Australia news | The Guardian from The Guardian
2026-04-07 02:39:23,236 - INFO - [BBC] Article: https://www.bbc.com/news/articles/cge0213dyj5o?at_medium=RSS&at_campaign=rss
2026-04-07 02:39:23,236 - INFO - [BBC] Attempt 1/1: Trying with 'requests_browser' strategy...
2026-04-07 02:39:23,447 - INFO - [BBC] Success with 'requests_browser'. Found content (253 words).
2026-04-07 02:39:23,819 - INFO - Duplicate article skipped: US Secret Service investigates reports of gunfire near White House from BBC
2026-04-07 02:39:24,394 - INFO - [The Guardian] Article: https://www.theguardian.com/australia-news/2026/apr/07/bondi-nanny-adriana-rivas-accused-pinochet-agent-extradited
2026-04-07 02:39:24,394 - INFO - [The Guardian] Attempt 1/1: Trying with 'requests_browser' strategy...
2026-04-07 02:39:24,606 - INFO - [BBC] Article: https://www.bbc.com/news/articles/cgld111d9jpo?at_medium=RSS&at_campaign=rss
2026-04-07 02:39:24,607 - INFO - [BBC] Attempt 1/1: Trying with 'requests_browser' strategy...
2026-04-07 02:39:24,735 - INFO - [The Guardian] Success with 'requests_browser'. Found content (417 words).
2026-04-07 02:39:24,950 - INFO - [BBC] Success with 'requests_browser'. Found content (397 words).
2026-04-07 02:39:25,144 - INFO - Saved article: Accused Pinochet agent turned Bondi nanny Adriana Rivas to be extradited to Chile | Sydney | The Guardian from The Guardian
2026-04-07 02:39:25,206 - INFO - Duplicate article skipped: Nigerian army rescues 31 worshippers held hostage in Easter church attack from BBC
2026-04-07 02:39:25,972 - INFO - [BBC] Article: https://www.bbc.com/news/articles/cvgl0ng8z0do?at_medium=RSS&at_campaign=rss
2026-04-07 02:39:25,972 - INFO - [BBC] Attempt 1/1: Trying with 'requests_browser' strategy...
2026-04-07 02:39:26,208 - INFO - [BBC] Success with 'requests_browser'. Found content (865 words).
2026-04-07 02:39:26,402 - INFO - [The Guardian] Article: https://www.theguardian.com/australia-news/2026/apr/07/ben-roberts-smith-arrested-brs-australian-soldier-sas-alleged-war-crimes-ntwnfb
2026-04-07 02:39:26,403 - INFO - [The Guardian] Attempt 1/1: Trying with 'requests_browser' strategy...
2026-04-07 02:39:26,411 - INFO - Saved article: 'We're sinking deeper': Iranians brace for infrastructure strikes as Trump deadline nears from BBC
2026-04-07 02:39:26,839 - INFO - [The Guardian] Success with 'requests_browser'. Found content (639 words).
2026-04-07 02:39:27,337 - INFO - [BBC] Article: https://www.bbc.com/news/articles/clye6j0g840o?at_medium=RSS&at_campaign=rss
2026-04-07 02:39:27,337 - INFO - [BBC] Attempt 1/1: Trying with 'requests_browser' strategy...
2026-04-07 02:39:27,635 - INFO - Saved article: Former Australian soldier Ben Roberts-Smith arrested over alleged war crimes in Afghanistan | Ben Roberts-Smith | The Guardian from The Guardian
2026-04-07 02:39:27,678 - INFO - [BBC] Success with 'requests_browser'. Found content (970 words).
2026-04-07 02:39:27,923 - INFO - Duplicate article skipped: Artemis II' Moon stunning pictures - science or holiday photos? from BBC
2026-04-07 02:39:28,942 - INFO - [The Guardian] Article: https://www.theguardian.com/world/2026/apr/07/ukraine-russia-war-briefing-zelenskyy-orthodox-easter-truce-offer
2026-04-07 02:39:28,942 - INFO - [The Guardian] Attempt 1/1: Trying with 'requests_browser' strategy...
2026-04-07 02:39:29,079 - INFO - [The Guardian] Success with 'requests_browser'. Found content (501 words).
2026-04-07 02:39:29,318 - INFO - Saved article: Ukraine war briefing: Zelenskyy reiterates truce offer ahead of Orthodox Easter | Ukraine | The Guardian from The Guardian
2026-04-07 02:39:29,413 - INFO - [BBC] Article: https://www.bbc.com/news/articles/cj0vyzmmy50o?at_medium=RSS&at_campaign=rss
2026-04-07 02:39:29,413 - INFO - [BBC] Attempt 1/1: Trying with 'requests_browser' strategy...
2026-04-07 02:39:29,518 - INFO - [BBC] Success with 'requests_browser'. Found content (645 words).
2026-04-07 02:39:29,722 - INFO - Saved article: Artemis II: The 40 minutes when the astronauts lose contact with Earth from BBC
2026-04-07 02:39:30,344 - INFO - [BBC] Article: https://www.bbc.com/news/articles/cz673y3qqjlo?at_medium=RSS&at_campaign=rss
2026-04-07 02:39:30,344 - INFO - [BBC] Attempt 1/1: Trying with 'requests_browser' strategy...
2026-04-07 02:39:30,577 - INFO - [The Guardian] Article: https://www.theguardian.com/australia-news/2026/apr/07/rohan-dennis-says-he-never-wanted-to-hurt-wife-melissa-hoskins-and-attacks-medias-false-narrative
2026-04-07 02:39:30,578 - INFO - [The Guardian] Attempt 1/1: Trying with 'requests_browser' strategy...
2026-04-07 02:39:30,636 - INFO - [BBC] Success with 'requests_browser'. Found content (1667 words).
2026-04-07 02:39:30,877 - INFO - [The Guardian] Success with 'requests_browser'. Found content (553 words).
2026-04-07 02:39:31,024 - INFO - Duplicate article skipped: Nepal and Bangladesh Gen Z election: Why one protest movement succeeded from BBC
2026-04-07 02:39:31,130 - INFO - Saved article: Olympic cyclist Rohan Dennis says he never wanted to hurt wife Melissa Hoskins and attacks media’s ‘false narrative’ | South Australia | The Guardian from The Guardian
2026-04-07 02:39:31,536 - INFO - [BBC] Article: https://www.bbc.com/news/articles/cj608n98z1jo?at_medium=RSS&at_campaign=rss
2026-04-07 02:39:31,536 - INFO - [BBC] Attempt 1/1: Trying with 'requests_browser' strategy...
2026-04-07 02:39:31,788 - INFO - [BBC] Success with 'requests_browser'. Found content (1474 words).
2026-04-07 02:39:32,021 - INFO - Duplicate article skipped: Malawi autism: How a mother learned to cope with her autistic child from BBC
2026-04-07 02:39:32,433 - INFO - [The Guardian] Article: https://www.theguardian.com/world/2026/apr/06/hungary-puts-gas-pipeline-under-military-protection-amid-false-flag-accusations
2026-04-07 02:39:32,433 - INFO - [The Guardian] Attempt 1/1: Trying with 'requests_browser' strategy...
2026-04-07 02:39:32,638 - INFO - [BBC] Article: https://www.bbc.com/news/articles/c2ev3p14kvlo?at_medium=RSS&at_campaign=rss
2026-04-07 02:39:32,638 - INFO - [BBC] Attempt 1/1: Trying with 'requests_browser' strategy...
2026-04-07 02:39:32,800 - INFO - [The Guardian] Success with 'requests_browser'. Found content (883 words).
2026-04-07 02:39:32,916 - INFO - [BBC] Success with 'requests_browser'. Found content (1133 words).
2026-04-07 02:39:33,113 - INFO - Saved article: Hungary puts gas pipeline under military protection amid false-flag accusations | Hungary | The Guardian from The Guardian
2026-04-07 02:39:33,155 - INFO - Duplicate article skipped: Spain's pork industry seeks salvation from swine fever threat from BBC
2026-04-07 02:39:33,803 - INFO - [The Guardian] Article: https://www.theguardian.com/world/2026/apr/06/greek-pm-vows-to-tackle-deep-state-in-wake-of-farm-scandal
2026-04-07 02:39:33,803 - INFO - [The Guardian] Attempt 1/1: Trying with 'requests_browser' strategy...
2026-04-07 02:39:34,047 - INFO - [The Guardian] Success with 'requests_browser'. Found content (481 words).
2026-04-07 02:39:34,060 - INFO - [BBC] Article: https://www.bbc.com/news/articles/cje47vy0w3ko?at_medium=RSS&at_campaign=rss
2026-04-07 02:39:34,060 - INFO - [BBC] Attempt 1/1: Trying with 'requests_browser' strategy...
2026-04-07 02:39:34,196 - INFO - Saved article: Greek PM vows to tackle ‘deep state’ in wake of farm fraud scandal | Greece | The Guardian from The Guardian
2026-04-07 02:39:34,286 - INFO - [BBC] Success with 'requests_browser'. Found content (1861 words).
2026-04-07 02:39:34,416 - INFO - Duplicate article skipped: ICE wanted to build a detention centre - this small farming town said no from BBC
2026-04-07 02:39:35,165 - INFO - [BBC] Article: https://www.bbc.com/news/videos/c3r3vw4j38do?at_medium=RSS&at_campaign=rss
2026-04-07 02:39:35,165 - INFO - [BBC] Attempt 1/1: Trying with 'requests_browser' strategy...
2026-04-07 02:39:35,349 - INFO - [BBC] Success with 'requests_browser'. Found content (101 words).
2026-04-07 02:39:35,467 - INFO - [The Guardian] Article: https://www.theguardian.com/business/2026/apr/06/b-corp-status-standards-overhaul-certification-companies
2026-04-07 02:39:35,467 - INFO - [The Guardian] Attempt 1/1: Trying with 'requests_browser' strategy...
2026-04-07 02:39:35,738 - INFO - Duplicate article skipped: 'We are at the edge of a battlefield': BBC reports near Strait of Hormuz from BBC
2026-04-07 02:39:35,771 - INFO - [The Guardian] Success with 'requests_browser'. Found content (652 words).
2026-04-07 02:39:35,888 - INFO - Saved article: Dozens of firms risk losing B Corp status after standards overhaul | Ethical business | The Guardian from The Guardian
2026-04-07 02:39:36,411 - INFO - [The Hindu] Page content loaded.
2026-04-07 02:39:36,663 - INFO - [The Guardian] Article: https://www.theguardian.com/environment/2026/apr/06/german-mayors-call-for-night-time-ban-on-robot-lawnmowers-to-protect-hedgehogs
2026-04-07 02:39:36,663 - INFO - [The Guardian] Attempt 1/1: Trying with 'requests_browser' strategy...
2026-04-07 02:39:36,698 - INFO - [The Hindu] Success with 'selenium_browser'. Found content (226 words).
2026-04-07 02:39:36,823 - INFO - [BBC] Article: https://www.bbc.com/news/videos/ce3d5gkd2geo?at_medium=RSS&at_campaign=rss
2026-04-07 02:39:36,827 - INFO - [BBC] Attempt 1/1: Trying with 'requests_browser' strategy...
2026-04-07 02:39:36,902 - INFO - [The Guardian] Success with 'requests_browser'. Found content (497 words).
2026-04-07 02:39:36,996 - INFO - Saved article: Assembly elections LIVE: Campaigning ends in Kerala, Assam, Puducherry today - The Hindu from The Hindu
2026-04-07 02:39:37,098 - INFO - Duplicate article skipped: German mayors call for night-time ban on robot lawnmowers to protect hedgehogs | Wildlife | The Guardian from The Guardian
2026-04-07 02:39:37,137 - INFO - [BBC] Success with 'requests_browser'. Found content (144 words).
2026-04-07 02:39:37,257 - INFO - Saved article: 'Absolutely spectacular': Artemis II crew see first glimpse of far side of Moon from BBC
2026-04-07 02:39:38,080 - INFO - [The Guardian] Article: https://www.theguardian.com/world/2026/apr/05/viktor-orban-hungary-election-serbia-explosives-gas-pipeline
2026-04-07 02:39:38,080 - INFO - [The Guardian] Attempt 1/1: Trying with 'requests_browser' strategy...
2026-04-07 02:39:38,258 - INFO - [The Guardian] Success with 'requests_browser'. Found content (1004 words).
2026-04-07 02:39:38,421 - INFO - Duplicate article skipped: Hungarian PM faces ‘false flag’ claims after Serbia says explosives found near pipeline | Hungary | The Guardian from The Guardian
2026-04-07 02:39:38,493 - INFO - [The Hindu] Article: https://www.thehindu.com/news/national/tamil-nadu/stall-release-of-tamil-film-tn-2026-plea-before-madras-high-court/article70830164.ece
2026-04-07 02:39:38,493 - INFO - [The Hindu] Attempt 1/1: Trying with 'selenium_browser' strategy...
2026-04-07 02:39:39,828 - INFO - [The Hindu] Page content loaded.
2026-04-07 02:39:40,020 - INFO - [The Hindu] Success with 'selenium_browser'. Found content (438 words).
2026-04-07 02:39:40,110 - INFO - Saved article: Stall release of Tamil film 'TN 2026', urges a plea before Madras High Court - The Hindu from The Hindu
2026-04-07 02:39:41,426 - INFO - [The Hindu] Article: https://www.thehindu.com/elections/tamil-nadu-assembly/theblurredline-between-reality-and-illusion-the-influence-of-film-personalities-on-the-masses/article70830894.ece
2026-04-07 02:39:41,427 - INFO - [The Hindu] Attempt 1/1: Trying with 'selenium_browser' strategy...
2026-04-07 02:39:43,438 - INFO - [The Hindu] Page content loaded.
2026-04-07 02:39:43,796 - INFO - [The Hindu] Success with 'selenium_browser'. Found content (864 words).
2026-04-07 02:39:44,134 - INFO - Saved article: The blurred line between reality and illusion: the influence of film personalities on the masses - The Hindu from The Hindu
2026-04-07 02:39:44,975 - INFO - [The Hindu] Article: https://www.thehindu.com/news/national/manipur/2-children-killed-in-bomb-attack-in-manipur/article70832734.ece
2026-04-07 02:39:44,975 - INFO - [The Hindu] Attempt 1/1: Trying with 'selenium_browser' strategy...
2026-04-07 02:39:48,151 - INFO - [The Hindu] Page content loaded.
2026-04-07 02:39:48,281 - INFO - [The Hindu] Success with 'selenium_browser'. Found content (209 words).
2026-04-07 02:39:48,480 - INFO - Saved article: 2 children killed in bomb attack in Manipur - The Hindu from The Hindu
2026-04-07 02:39:49,537 - INFO - [The Hindu] Article: https://www.thehindu.com/news/national/tamil-nadu/sattankulam-jayaraj-benicks-custodial-deaths-case-all-nine-policemen-sentenced-to-death/article70830300.ece
2026-04-07 02:39:49,538 - INFO - [The Hindu] Attempt 1/1: Trying with 'selenium_browser' strategy...
2026-04-07 02:39:52,339 - INFO - [The Hindu] Page content loaded.
2026-04-07 02:39:52,599 - INFO - [The Hindu] Success with 'selenium_browser'. Found content (729 words).
2026-04-07 02:39:52,735 - INFO - Duplicate article skipped: Sattankulam Jayaraj-Benicks custodial deaths case: All nine policemen sentenced to death - The Hindu from The Hindu
2026-04-07 02:39:53,908 - INFO - [The Hindu] Article: https://www.thehindu.com/news/national/gujarat/gujarat-cm-flags-nation-first-ideology/article70831873.ece
2026-04-07 02:39:53,908 - INFO - [The Hindu] Attempt 1/1: Trying with 'selenium_browser' strategy...
2026-04-07 02:39:56,681 - INFO - [The Hindu] Page content loaded.
2026-04-07 02:39:57,071 - INFO - [The Hindu] Success with 'selenium_browser'. Found content (567 words).
2026-04-07 02:39:57,272 - INFO - Saved article: CM Patel flags ‘nation first’ ideology; BJP hits out at Kharge at foundation day event - The Hindu from The Hindu
2026-04-07 02:39:58,463 - INFO - [The Hindu] Article: https://www.thehindu.com/news/national/ed-attaches-944-crore-assets-in-piyush-colonisers-case/article70831350.ece
2026-04-07 02:39:58,463 - INFO - [The Hindu] Attempt 1/1: Trying with 'selenium_browser' strategy...
2026-04-07 02:40:00,315 - INFO - [The Hindu] Page content loaded.
2026-04-07 02:40:00,459 - INFO - [The Hindu] Success with 'selenium_browser'. Found content (235 words).
2026-04-07 02:40:00,815 - INFO - Saved article: ED attaches ₹944-crore assets in Piyush Colonisers case - The Hindu from The Hindu
2026-04-07 02:40:01,872 - INFO - [The Hindu] Article: https://www.thehindu.com/news/national/jammu-and-kashmir/make-details-of-magisterial-probe-into-ganderbal-encounter-public-omar-abdullah/article70830801.ece
2026-04-07 02:40:01,872 - INFO - [The Hindu] Attempt 1/1: Trying with 'selenium_browser' strategy...
2026-04-07 02:40:04,572 - INFO - [The Hindu] Page content loaded.
2026-04-07 02:40:04,692 - INFO - [The Hindu] Success with 'selenium_browser'. Found content (331 words).
2026-04-07 02:40:04,773 - INFO - Saved article: Make details of magisterial probe into Ganderbal encounter public: Omar Abdullah - The Hindu from The Hindu
2026-04-07 02:40:06,247 - INFO - [The Hindu] Article: https://www.thehindu.com/news/national/bihar/bihar-bjp-president-sanjay-saraogi-hints-party-will-get-the-top-post-soon/article70830436.ece
2026-04-07 02:40:06,247 - INFO - [The Hindu] Attempt 1/1: Trying with 'selenium_browser' strategy...
2026-04-07 02:40:07,375 - INFO - [The Hindu] Page content loaded.
2026-04-07 02:40:07,521 - INFO - [The Hindu] Success with 'selenium_browser'. Found content (527 words).
2026-04-07 02:40:07,671 - INFO - Saved article: Bihar BJP president Sanjay Saraogi hints party will get the top post soon - The Hindu from The Hindu
2026-04-07 02:40:08,584 - ERROR - [Times of India] Request failed for strategy 'selenium_browser' on URL https://timesofindia.indiatimes.com/world/us-streamers/best-friends-grave-laura-loomer-slams-candace-owens-after-she-calls-president-administration-satanic-drags-charlie-kirk-into-feud/articleshow/130072539.cms: Message: timeout: Timed out receiving message from renderer: 59.954
  (Session info: chrome=146.0.7680.164)
Stacktrace:
#0 0x5653c0c4da6a <unknown>
#1 0x5653c065cab5 <unknown>
#2 0x5653c06443bb <unknown>
#3 0x5653c06440a4 <unknown>
#4 0x5653c0641deb <unknown>
#5 0x5653c064276f <unknown>
#6 0x5653c06517a0 <unknown>
#7 0x5653c066b4b7 <unknown>
#8 0x5653c0671feb <unknown>
#9 0x5653c0642ebf <unknown>
#10 0x5653c066b24b <unknown>
#11 0x5653c06f7ac6 <unknown>
#12 0x5653c06a2cbf <unknown>
#13 0x5653c06a3a81 <unknown>
#14 0x5653c0c13a64 <unknown>
#15 0x5653c0c16951 <unknown>
#16 0x5653c0c0021e <unknown>
#17 0x5653c0c1751e <unknown>
#18 0x5653c0be6be0 <unknown>
#19 0x5653c0c3a9b8 <unknown>
#20 0x5653c0c3ab88 <unknown>
#21 0x5653c0c4c4de <unknown>
#22 0x7f620fa9caa4 <unknown>
#23 0x7f620fb29c6c <unknown>

2026-04-07 02:40:08,584 - ERROR - [Times of India] All scrape strategies failed for https://timesofindia.indiatimes.com/world/us-streamers/best-friends-grave-laura-loomer-slams-candace-owens-after-she-calls-president-administration-satanic-drags-charlie-kirk-into-feud/articleshow/130072539.cms. Falling back to RSS description.
2026-04-07 02:40:08,588 - INFO - Saved article: “Best friend’s grave”: Laura Loomer slams Candace Owens after she calls President administration satanic, drags Charlie Kirk into feud from Times of India
2026-04-07 02:40:08,851 - INFO - [The Hindu] Article: https://www.thehindu.com/elections/assam-assembly/erasure-of-cm-from-posters-raise-eyebrows-in-poll-bound-assam/article70830694.ece
2026-04-07 02:40:08,851 - INFO - [The Hindu] Attempt 1/1: Trying with 'selenium_browser' strategy...
2026-04-07 02:40:09,413 - INFO - [The Hindu] Page content loaded.
2026-04-07 02:40:09,525 - INFO - [The Hindu] Success with 'selenium_browser'. Found content (493 words).
2026-04-07 02:40:09,626 - INFO - Saved article: ‘Erasure of CM’ from BPF’s posters raises eyebrows in Assam - The Hindu from The Hindu
2026-04-07 02:40:09,735 - INFO - [Times of India] Article: https://timesofindia.indiatimes.com/world/uk/indian-couple-jailed-in-uk-for-running-companies-for-over-5-years-despite-legal-ban-involved-in-2-million-tax-fraud/articleshow/130070867.cms
2026-04-07 02:40:09,735 - INFO - [Times of India] Attempt 1/1: Trying with 'selenium_browser' strategy...
2026-04-07 02:40:10,402 - INFO - [The Hindu] Article: https://www.thehindu.com/elections/assam-assembly/some-people-are-more-native-but-its-a-question-of-citizenship/article70826787.ece
2026-04-07 02:40:10,403 - INFO - [The Hindu] Attempt 1/1: Trying with 'selenium_browser' strategy...
2026-04-07 02:40:12,192 - INFO - [The Hindu] Page content loaded.
2026-04-07 02:40:12,293 - INFO - [The Hindu] Success with 'selenium_browser'. Found content (816 words).
2026-04-07 02:40:12,377 - INFO - Duplicate article skipped: High Court should have taken steps to restrain Assam Chief Minister: Hiren Gohain - The Hindu from The Hindu
2026-04-07 02:40:12,911 - INFO - [The Hindu] Article: https://www.thehindu.com/elections/assam-assembly/assam-poll-outcome-hinges-on-parties-reading-the-tea-leaves-right/article70829965.ece
2026-04-07 02:40:12,911 - INFO - [The Hindu] Attempt 1/1: Trying with 'selenium_browser' strategy...
2026-04-07 02:40:13,645 - INFO - [The Hindu] Page content loaded.
2026-04-07 02:40:13,765 - INFO - [The Hindu] Success with 'selenium_browser'. Found content (835 words).
2026-04-07 02:40:13,906 - INFO - Saved article: Assam election verdict hinges on parties reading the tea leaves right - The Hindu from The Hindu
2026-04-07 02:40:14,852 - INFO - [The Hindu] Article: https://www.thehindu.com/elections/kerala-assembly/majority-of-kerala-votersareinamood-for-change-shashi-tharoor-in-kerala/article70831403.ece
2026-04-07 02:40:14,852 - INFO - [The Hindu] Attempt 1/1: Trying with 'selenium_browser' strategy...
2026-04-07 02:40:17,380 - INFO - [The Hindu] Page content loaded.
2026-04-07 02:40:17,502 - INFO - [The Hindu] Success with 'selenium_browser'. Found content (1245 words).
2026-04-07 02:40:17,565 - INFO - [Times of India] Page content loaded.
2026-04-07 02:40:17,623 - INFO - Saved article: It may not be an overwhelming win, but Congress is clearly ahead in Kerala: Shashi Tharoor - The Hindu from The Hindu
2026-04-07 02:40:17,937 - INFO - [Times of India] Success with 'selenium_browser'. Found content (458 words).
2026-04-07 02:40:18,087 - INFO - Saved article: Uk Tax Fraud: Indian couple jailed in UK for running companies for over 5 years despite legal ban; involved in £2 million tax fraud - The Times of India from Times of India
2026-04-07 02:40:18,723 - INFO - [The Hindu] Article: https://www.thehindu.com/news/national/three-educationists-rapped-by-sc-over-ncert-chapter-seek-hearing/article70829922.ece
2026-04-07 02:40:18,723 - INFO - [The Hindu] Attempt 1/1: Trying with 'selenium_browser' strategy...
2026-04-07 02:40:19,526 - INFO - [Times of India] Article: https://timesofindia.indiatimes.com/world/us-streamers/rapper-6ix9ine-officially-retires-from-music-shifts-focus-to-streaming/articleshow/130070807.cms
2026-04-07 02:40:19,526 - INFO - [Times of India] Attempt 1/1: Trying with 'selenium_browser' strategy...
2026-04-07 02:40:22,637 - INFO - [The Hindu] Page content loaded.
2026-04-07 02:40:22,807 - INFO - [The Hindu] Success with 'selenium_browser'. Found content (560 words).
2026-04-07 02:40:23,097 - INFO - Saved article: Three educationists rapped by Supreme Court over NCERT chapter seek hearing - The Hindu from The Hindu
2026-04-07 02:40:24,506 - INFO - [The Hindu] Article: https://www.thehindu.com/news/international/new-bangladesh-india-ties-will-avoid-mistakes-of-the-past-foreign-affairs-adviser-humayun-kobir/article70831316.ece
2026-04-07 02:40:24,506 - INFO - [The Hindu] Attempt 1/1: Trying with 'selenium_browser' strategy...
2026-04-07 02:40:25,619 - INFO - [The Hindu] Page content loaded.
2026-04-07 02:40:25,760 - INFO - [The Hindu] Success with 'selenium_browser'. Found content (536 words).
2026-04-07 02:40:25,928 - INFO - Saved article: ‘New’ Bangladesh-India ties will avoid ‘mistakes of the past’: Foreign Affairs Adviser Humayun Kobir - The Hindu from The Hindu
2026-04-07 02:40:26,488 - INFO - [Times of India] Page content loaded.
2026-04-07 02:40:26,784 - INFO - [The Hindu] Article: https://www.thehindu.com/news/national/arunachal-pradesh/supreme-court-orders-cbi-inquiry-into-award-of-govt-contracts-to-to-firms-allegedly-linked-arunachal-cms-relatives/article70829099.ece
2026-04-07 02:40:26,784 - INFO - [The Hindu] Attempt 1/1: Trying with 'selenium_browser' strategy...
2026-04-07 02:40:27,190 - INFO - [Times of India] Success with 'selenium_browser'. Found content (363 words).
2026-04-07 02:40:27,577 - INFO - Saved article: 6Ix9Ine Streaming: Rapper 6ix9ine officially retires from music, shifts focus to streaming - The Times of India from Times of India
2026-04-07 02:40:28,756 - INFO - [The Hindu] Page content loaded.
2026-04-07 02:40:28,808 - INFO - [Times of India] Article: https://timesofindia.indiatimes.com/world/rest-of-world/indianorigin-engineering-student-dies-after-drowning-in-new-zealand-lake-parents-seek-urgent-repatriation/articleshow/130070745.cms
2026-04-07 02:40:28,808 - INFO - [Times of India] Attempt 1/1: Trying with 'selenium_browser' strategy...
2026-04-07 02:40:28,966 - INFO - [The Hindu] Success with 'selenium_browser'. Found content (517 words).
2026-04-07 02:40:29,137 - INFO - Saved article: Supreme Court directs CBI to probe ‘contracts awarded’ to Arunachal Pradesh CM Pema Khandu’s family - The Hindu from The Hindu
2026-04-07 02:40:30,295 - INFO - [The Hindu] Article: https://www.thehindu.com/news/national/modi-pays-tribute-to-bjp-workers-battling-hostile-environments-in-states-like-bengal-and-kerala/article70831291.ece
2026-04-07 02:40:30,295 - INFO - [The Hindu] Attempt 1/1: Trying with 'selenium_browser' strategy...
2026-04-07 02:40:31,557 - INFO - [The Hindu] Page content loaded.
2026-04-07 02:40:31,773 - INFO - [The Hindu] Success with 'selenium_browser'. Found content (693 words).
2026-04-07 02:40:31,927 - INFO - Saved article: PM Modi hails BJP workers battling ‘hostile conditions’ - The Hindu from The Hindu
2026-04-07 02:40:32,562 - INFO - [The Hindu] Article: https://www.thehindu.com/news/national/bihar/in-bihar-the-prohibition-law-has-become-a-joke-says-tejashwi-yadav/article70830799.ece
2026-04-07 02:40:32,562 - INFO - [The Hindu] Attempt 1/1: Trying with 'selenium_browser' strategy...
2026-04-07 02:40:34,446 - INFO - [The Hindu] Page content loaded.
2026-04-07 02:40:34,549 - INFO - [The Hindu] Success with 'selenium_browser'. Found content (568 words).
2026-04-07 02:40:34,680 - INFO - Saved article: In Bihar, the prohibition law has become a joke, says Tejashwi Yadav - The Hindu from The Hindu
2026-04-07 02:40:34,907 - INFO - [Times of India] Page content loaded.
2026-04-07 02:40:35,187 - INFO - [The Hindu] Article: https://www.thehindu.com/elections/ahead-of-poll-day-eci-issues-directive-on-political-advertisements/article70830750.ece
2026-04-07 02:40:35,187 - INFO - [The Hindu] Attempt 1/1: Trying with 'selenium_browser' strategy...
2026-04-07 02:40:35,360 - INFO - [Times of India] Success with 'selenium_browser'. Found content (116 words).
2026-04-07 02:40:35,535 - INFO - Saved article: New Zealand Lake: Indian‑origin engineering student dies after drowning in New Zealand lake; parents seek urgent repatriation - The Times of India from Times of India
2026-04-07 02:40:35,764 - INFO - [The Hindu] Page content loaded.
2026-04-07 02:40:35,929 - INFO - [The Hindu] Success with 'selenium_browser'. Found content (222 words).
2026-04-07 02:40:36,021 - INFO - Saved article: Ahead of poll day, Election Commission issues directive on political advertisements - The Hindu from The Hindu
2026-04-07 02:40:36,961 - INFO - [The Hindu] Article: https://www.thehindu.com/news/national/excise-policy-arvind-kejriwal-appears-in-delhi-hc-seeking-recusal-of-justice-swarana-kanta-sharma/article70829908.ece
2026-04-07 02:40:36,961 - INFO - [The Hindu] Attempt 1/1: Trying with 'selenium_browser' strategy...
2026-04-07 02:40:36,976 - INFO - [Times of India] Article: https://timesofindia.indiatimes.com/world/us/not-end-of-road-for-those-who-didnt-get-selected-in-h-1b-lottery-immigration-attorney-explains-8-best-options/articleshow/130070448.cms
2026-04-07 02:40:36,977 - INFO - [Times of India] Attempt 1/1: Trying with 'selenium_browser' strategy...
2026-04-07 02:40:38,304 - INFO - [Times of India] Page content loaded.
2026-04-07 02:40:38,338 - INFO - [The Hindu] Page content loaded.
2026-04-07 02:40:38,525 - INFO - [The Hindu] Success with 'selenium_browser'. Found content (535 words).
2026-04-07 02:40:38,607 - INFO - Duplicate article skipped: Kejriwal appears in person before HC to plead change of Bench in excise case; SG terms it ‘theatrics’ - The Hindu from The Hindu
2026-04-07 02:40:38,619 - INFO - [Times of India] Success with 'selenium_browser'. Found content (479 words).
2026-04-07 02:40:38,722 - INFO - Saved article: H-1B Visa Alternatives: Not end of road for those who didn't get selected in H-1B lottery: Immigration attorney explains 8 best options - The Times of India from Times of India
2026-04-07 02:40:39,572 - INFO - [The Hindu] Article: https://www.thehindu.com/news/national/maharashtra/battle-for-baramati-sunetra-pawar-files-nomination-sharad-pawars-photo-displayed-during-ncp-rally/article70831178.ece
2026-04-07 02:40:39,572 - INFO - [The Hindu] Attempt 1/1: Trying with 'selenium_browser' strategy...
2026-04-07 02:40:40,067 - INFO - [Times of India] Article: https://timesofindia.indiatimes.com/world/us-streamers/all-the-rakai-drama-from-mrbeasts-1000000-streamer-event-you-need-to-know/articleshow/130070300.cms
2026-04-07 02:40:40,067 - INFO - [Times of India] Attempt 1/1: Trying with 'selenium_browser' strategy...
2026-04-07 02:40:40,739 - INFO - [The Hindu] Page content loaded.
2026-04-07 02:40:40,889 - INFO - [The Hindu] Success with 'selenium_browser'. Found content (623 words).
2026-04-07 02:40:41,317 - INFO - Saved article: Battle for Baramati: Sunetra Pawar files nomination, Sharad Pawar’s photo displayed during NCP rally - The Hindu from The Hindu
2026-04-07 02:40:41,959 - INFO - [Times of India] Page content loaded.
2026-04-07 02:40:42,175 - INFO - [The Hindu] Article: https://www.thehindu.com/opinion/editorial/illogical-acts-on-sir-adjudication-malda-gherao/article70830766.ece
2026-04-07 02:40:42,175 - INFO - [The Hindu] Attempt 1/1: Trying with 'selenium_browser' strategy...
2026-04-07 02:40:42,359 - INFO - [Times of India] Success with 'selenium_browser'. Found content (371 words).
2026-04-07 02:40:42,553 - INFO - Saved article: Mrbeast: All the Rakai drama from MrBeast’s $1,000,000 streamer event you need to know - The Times of India from Times of India
2026-04-07 02:40:43,374 - INFO - [Times of India] Article: https://timesofindia.indiatimes.com/world/us/indian-origin-subu-vedam-avoids-deportation-after-40-years-in-prison-for-murder-conviction-judge-says-he-has-grown-as-a-person/articleshow/130070113.cms
2026-04-07 02:40:43,374 - INFO - [Times of India] Attempt 1/1: Trying with 'selenium_browser' strategy...
2026-04-07 02:40:44,386 - INFO - [The Hindu] Page content loaded.
2026-04-07 02:40:44,637 - INFO - [The Hindu] Success with 'selenium_browser'. Found content (457 words).
2026-04-07 02:40:44,776 - INFO - Saved article: Illogical acts: On SIR adjudication, Malda gherao - The Hindu from The Hindu
2026-04-07 02:40:46,100 - INFO - [The Hindu] (Thread) Finished. Attempting to shut down its Selenium driver.
2026-04-07 02:40:46,349 - INFO - [Times of India] Page content loaded.
2026-04-07 02:40:46,350 - INFO - [The Hindu] (Thread) driver.quit() successful.
2026-04-07 02:40:46,651 - INFO - [Times of India] Success with 'selenium_browser'. Found content (455 words).
2026-04-07 02:40:46,726 - INFO - Saved article: Subu Vedam: Indian-origin Subu Vedam avoids deportation after 40 years in prison for murder conviction, judge says he 'has grown as a person' - The Times of India from Times of India
2026-04-07 02:40:47,714 - INFO - [Times of India] Article: https://timesofindia.indiatimes.com/world/us/greg-abbott-trolled-for-old-diwali-video-when-he-said-texas-will-be-a-land-for-the-indian-community/articleshow/130067946.cms
2026-04-07 02:40:47,714 - INFO - [Times of India] Attempt 1/1: Trying with 'selenium_browser' strategy...
2026-04-07 02:40:48,696 - INFO - [Times of India] Page content loaded.
2026-04-07 02:40:48,827 - INFO - [Times of India] Success with 'selenium_browser'. Found content (311 words).
2026-04-07 02:40:48,923 - INFO - Saved article: Greg Abbott Diwali Video: Greg Abbott trolled for old Diwali video when he said 'Texas will be a land for the Indian community' - The Times of India from Times of India
2026-04-07 02:40:49,824 - INFO - [Times of India] Article: https://timesofindia.indiatimes.com/world/us/steve-bannon-contempt-of-congress-case-how-conviction-over-january-6-now-faces-possible-dismissal/articleshow/130067327.cms
2026-04-07 02:40:49,825 - INFO - [Times of India] Attempt 1/1: Trying with 'selenium_browser' strategy...
2026-04-07 02:40:51,222 - INFO - [Times of India] Page content loaded.
2026-04-07 02:40:51,342 - INFO - [Times of India] Success with 'selenium_browser'. Found content (367 words).
2026-04-07 02:40:51,436 - INFO - Saved article: Steve Bannon: Steve Bannon contempt of Congress case: How conviction over January 6 now faces possible dismissal - The Times of India from Times of India
2026-04-07 02:40:52,848 - INFO - [Times of India] Article: https://timesofindia.indiatimes.com/world/us/god-was-watching-us-donald-trump-hails-iran-pilot-rescue-op-warns-media-over-leak-top-quotes/articleshow/130067245.cms
2026-04-07 02:40:52,848 - INFO - [Times of India] Attempt 1/1: Trying with 'selenium_browser' strategy...
2026-04-07 02:40:53,788 - INFO - [Times of India] Page content loaded.
2026-04-07 02:40:53,940 - INFO - [Times of India] Success with 'selenium_browser'. Found content (735 words).
2026-04-07 02:40:54,027 - INFO - Saved article: ‘God was watching us’: Donald Trump hails rescue of pilots from Iran, warns media over leak - top quotes - The Times of India from Times of India
2026-04-07 02:40:54,909 - INFO - [Times of India] Article: https://timesofindia.indiatimes.com/science/why-astronauts-carry-plush-toys-into-space-baby-yoda-snoopy-and-other-mascots-used-as-floating-zero-gravity-indicators/articleshow/130063608.cms
2026-04-07 02:40:54,909 - INFO - [Times of India] Attempt 1/1: Trying with 'selenium_browser' strategy...
2026-04-07 02:40:55,780 - INFO - [Times of India] Page content loaded.
2026-04-07 02:40:55,914 - INFO - [Times of India] Success with 'selenium_browser'. Found content (804 words).
2026-04-07 02:40:55,999 - INFO - Saved article: Why astronauts carry plush toys into space: Baby Yoda, Snoopy and other mascots used as floating zero gravity indicators | - The Times of India from Times of India
2026-04-07 02:40:56,548 - INFO - [Times of India] Article: https://timesofindia.indiatimes.com/world/us/no-dude-left-behind-donald-trump-toots-us-success-while-warning-iran-surrender-or-else/articleshow/130067115.cms
2026-04-07 02:40:56,549 - INFO - [Times of India] Attempt 1/1: Trying with 'selenium_browser' strategy...
2026-04-07 02:40:57,478 - INFO - [Times of India] Page content loaded.
2026-04-07 02:40:57,609 - INFO - [Times of India] Success with 'selenium_browser'. Found content (752 words).
2026-04-07 02:40:57,672 - INFO - Saved article: No dude left behind: Donald Trump toots US success while warning Iran 'surrender or else…' - The Times of India from Times of India
2026-04-07 02:40:58,301 - INFO - [Times of India] Article: https://timesofindia.indiatimes.com/world/us/actor-matthew-marsden-says-he-received-threats-for-speaking-about-h-1b-visa-scam-by-indians-in-texas-if-brits-were-committing-/articleshow/130066326.cms
2026-04-07 02:40:58,301 - INFO - [Times of India] Attempt 1/1: Trying with 'selenium_browser' strategy...
2026-04-07 02:40:59,208 - INFO - [Times of India] Page content loaded.
2026-04-07 02:40:59,324 - INFO - [Times of India] Success with 'selenium_browser'. Found content (370 words).
2026-04-07 02:40:59,451 - INFO - Saved article: Matthew Marsden: Actor Matthew Marsden says he received threats for speaking about H-1B visa scam by Indians in Texas: 'If Brits were committing...' - The Times of India from Times of India
2026-04-07 02:41:00,918 - INFO - [Times of India] Article: https://timesofindia.indiatimes.com/world/us/gigi-hadid-breaks-silence-on-being-mentioned-in-epstein-files-i-grew-up-privileged-/articleshow/130065045.cms
2026-04-07 02:41:00,918 - INFO - [Times of India] Attempt 1/1: Trying with 'selenium_browser' strategy...
2026-04-07 02:41:02,258 - INFO - [Times of India] Page content loaded.
2026-04-07 02:41:02,443 - INFO - [Times of India] Success with 'selenium_browser'. Found content (382 words).
2026-04-07 02:41:02,516 - INFO - Saved article: Gigi Hadid: Gigi Hadid breaks silence on being mentioned in Epstein files: 'I grew up privileged...' - The Times of India from Times of India
2026-04-07 02:41:03,360 - INFO - [Times of India] Article: https://timesofindia.indiatimes.com/world/us/lindsey-graham-says-us-is-so-close-to-strategic-victory-either-via-diplomacy-or-military-action/articleshow/130065352.cms
2026-04-07 02:41:03,360 - INFO - [Times of India] Attempt 1/1: Trying with 'selenium_browser' strategy...
2026-04-07 02:41:04,061 - INFO - [Times of India] Page content loaded.
2026-04-07 02:41:04,174 - INFO - [Times of India] Success with 'selenium_browser'. Found content (426 words).
2026-04-07 02:41:04,250 - INFO - Saved article: Lindsey Graham: Lindsey Graham says US is so close to strategic victory: 'Either via diplomacy or military action' - The Times of India from Times of India
2026-04-07 02:41:05,573 - INFO - [Times of India] Article: https://timesofindia.indiatimes.com/world/us/florida-man-crashes-electric-bike-into-tricycle-on-april-fools-day-found-with-three-marijuana-cigarettes/articleshow/130062177.cms
2026-04-07 02:41:05,573 - INFO - [Times of India] Attempt 1/1: Trying with 'selenium_browser' strategy...
2026-04-07 02:41:06,318 - INFO - [Times of India] Page content loaded.
2026-04-07 02:41:06,455 - INFO - [Times of India] Success with 'selenium_browser'. Found content (329 words).
2026-04-07 02:41:06,517 - INFO - Saved article: Florida Dui Penalties: Florida man crashes electric bike into tricycle on April Fools’ Day, found with three marijuana cigarettes - The Times of India from Times of India
2026-04-07 02:41:07,879 - INFO - [Times of India] Article: https://timesofindia.indiatimes.com/world/us/soldier-arrives-at-louisiana-base-for-training-ice-arrests-his-honduran-wife-who-was-brought-to-us-as-toddler/articleshow/130064167.cms
2026-04-07 02:41:07,879 - INFO - [Times of India] Attempt 1/1: Trying with 'selenium_browser' strategy...
2026-04-07 02:41:08,922 - INFO - [Times of India] Page content loaded.
2026-04-07 02:41:09,060 - INFO - [Times of India] Success with 'selenium_browser'. Found content (358 words).
2026-04-07 02:41:09,144 - INFO - Saved article: Ice Arrest: Soldier arrives at Louisiana base for training, ICE arrests his Honduran wife who was brought to US as toddler - The Times of India from Times of India
2026-04-07 02:41:10,277 - INFO - [Times of India] Article: https://timesofindia.indiatimes.com/world/middle-east/will-continue-war-iran-rejects-temporary-truce-sets-condition-for-talks/articleshow/130063910.cms
2026-04-07 02:41:10,277 - INFO - [Times of India] Attempt 1/1: Trying with 'selenium_browser' strategy...
2026-04-07 02:41:11,114 - INFO - [Times of India] Page content loaded.
2026-04-07 02:41:11,228 - INFO - [Times of India] Success with 'selenium_browser'. Found content (513 words).
2026-04-07 02:41:11,293 - INFO - Saved article: 'Will continue war ...': Iran rejects temporary truce; sets condition for talks - The Times of India from Times of India
2026-04-07 02:41:11,856 - INFO - [Times of India] Article: https://timesofindia.indiatimes.com/world/rest-of-world/this-2000-year-old-coin-collected-as-bus-fare-in-the-1950s-turns-out-to-be-a-rare-artefact/articleshow/130063292.cms
2026-04-07 02:41:11,856 - INFO - [Times of India] Attempt 1/1: Trying with 'selenium_browser' strategy...
2026-04-07 02:41:13,097 - INFO - [Times of India] Page content loaded.
2026-04-07 02:41:13,223 - INFO - [Times of India] Success with 'selenium_browser'. Found content (445 words).
2026-04-07 02:41:13,286 - INFO - Saved article: This 2000-year-old coin collected as bus fare in the 1950s, turns out to be a rare artefact | World News - The Times of India from Times of India
2026-04-07 02:41:14,600 - INFO - [Times of India] Article: https://timesofindia.indiatimes.com/world/rest-of-world/broad-minded-mans-attitude-north-korea-calls-south-korea-president-lees-regret-over-drone-incursions-wise-in-rare-conciliatory-response/articleshow/130062755.cms
2026-04-07 02:41:14,600 - INFO - [Times of India] Attempt 1/1: Trying with 'selenium_browser' strategy...
2026-04-07 02:41:15,422 - INFO - [Times of India] Page content loaded.
2026-04-07 02:41:15,539 - INFO - [Times of India] Success with 'selenium_browser'. Found content (461 words).
2026-04-07 02:41:15,604 - INFO - Saved article: North Korea: ‘Broad-minded man's attitude’: North Korea calls South Korean President Lee’s regret over drone incursions ‘wise’ in rare conciliatory response - The Times of India from Times of India
2026-04-07 02:41:16,369 - INFO - [Times of India] (Thread) Finished. Attempting to shut down its Selenium driver.
2026-04-07 02:41:16,806 - INFO - [Times of India] (Thread) driver.quit() successful.
2026-04-07 02:41:16,806 - INFO - Shutting down thread pool (wait=False)...
2026-04-07 02:41:16,806 - INFO - Scraped: 22 The Hindu, 9 The Guardian, 12 BBC, 20 Times of India articles. (Total saved: 63)
2026-04-07 02:41:16,806 - INFO - --- Scraping job finished ---
2026-04-07 02:41:16,816 - INFO - --- Scraper service stopped and database connection closed. ---
2026-04-07 02:41:16,816 - INFO - --- Main thread finished. Forcing process exit to kill zombie threads. ---
