2025-11-26 01:46:22,751 - INFO - Initializing database connection at: news_articles.db
2025-11-26 01:46:22,752 - INFO - --- Scraper service started (CI Mode: Run Once) ---
2025-11-26 01:46:22,752 - INFO - --- Starting new scraping job (Parallel Mode) ---
2025-11-26 01:46:22,752 - INFO - Creating new robust session with 3 retries on 5xx/connection/read errors.
2025-11-26 01:46:22,752 - INFO - Proxy is DISABLED.
2025-11-26 01:46:22,752 - INFO - Starting scrape for BBC RSS feed: http://feeds.bbci.co.uk/news/world/rss.xml
2025-11-26 01:46:22,753 - INFO - [Times of India] (Thread) requires Selenium. Initializing driver...
2025-11-26 01:46:22,753 - INFO - Initializing headless Selenium Chrome driver (using SeleniumManager)...
2025-11-26 01:46:22,753 - INFO - Starting scrape for The Guardian RSS feed: https://www.theguardian.com/world/rss
2025-11-26 01:46:22,754 - INFO - [The Hindu] (Thread) requires Selenium. Initializing driver...
2025-11-26 01:46:22,754 - INFO - Initializing headless Selenium Chrome driver (using SeleniumManager)...
2025-11-26 01:46:22,754 - INFO - Submitted 4 jobs to thread pool. Waiting up to 300s for completion...
2025-11-26 01:46:22,877 - INFO - Found 45 articles in The Guardian RSS feed. Processing up to 10.
2025-11-26 01:46:22,877 - INFO - [The Guardian] Article: https://www.theguardian.com/world/2025/nov/25/nigerian-schoolgirls-rescued-after-mass-abduction-in-kebbi
2025-11-26 01:46:22,877 - INFO - [The Guardian] Attempt 1/1: Trying with 'requests_browser' strategy...
2025-11-26 01:46:22,927 - INFO - [The Guardian] Success with 'requests_browser'. Found content (515 words).
2025-11-26 01:46:22,977 - INFO - Saved article: Nigerian schoolgirls rescued after mass abduction in Kebbi | Nigeria | The Guardian from The Guardian
2025-11-26 01:46:23,189 - INFO - Found 30 articles in BBC RSS feed. Processing up to 10.
2025-11-26 01:46:23,189 - INFO - [BBC] Article: https://www.bbc.com/news/articles/cy95jvw57v2o?at_medium=RSS&at_campaign=rss
2025-11-26 01:46:23,189 - INFO - [BBC] Attempt 1/1: Trying with 'requests_browser' strategy...
2025-11-26 01:46:23,460 - INFO - [BBC] Success with 'requests_browser'. Found content (676 words).
2025-11-26 01:46:23,540 - INFO - Duplicate article skipped: Ukraine-Russia war: Ukraine says 'understanding' reached with US on peace plan, as Trump says his envoy will meet Putin in Moscow from BBC
2025-11-26 01:46:24,206 - INFO - [The Guardian] Article: https://www.theguardian.com/world/2025/nov/25/jacob-zuma-daughter-accused-tricking-men-fighting-for-russia-in-ukraine
2025-11-26 01:46:24,206 - INFO - [The Guardian] Attempt 1/1: Trying with 'requests_browser' strategy...
2025-11-26 01:46:24,237 - INFO - [The Guardian] Success with 'requests_browser'. Found content (656 words).
2025-11-26 01:46:24,332 - INFO - Saved article: Jacob Zuma’s daughter accused of tricking men into fighting for Russia in Ukraine | South Africa | The Guardian from The Guardian
2025-11-26 01:46:24,929 - INFO - [BBC] Article: https://www.bbc.com/news/articles/c1dzp050yn2o?at_medium=RSS&at_campaign=rss
2025-11-26 01:46:24,929 - INFO - [BBC] Attempt 1/1: Trying with 'requests_browser' strategy...
2025-11-26 01:46:24,984 - INFO - [BBC] Success with 'requests_browser'. Found content (1214 words).
2025-11-26 01:46:25,028 - INFO - Saved article: Italian parliament unanimously votes to make femicide a crime from BBC
2025-11-26 01:46:25,831 - INFO - [The Guardian] Article: https://www.theguardian.com/uk-news/2025/nov/24/uk-rejects-nigerian-request-to-deport-former-politican-ike-ekweremadu-jailed-for-organ-trafficking
2025-11-26 01:46:25,831 - INFO - [The Guardian] Attempt 1/1: Trying with 'requests_browser' strategy...
2025-11-26 01:46:26,284 - INFO - [The Guardian] Success with 'requests_browser'. Found content (545 words).
2025-11-26 01:46:26,322 - INFO - Duplicate article skipped: UK rejects Nigerian request to deport former politican jailed for organ trafficking | UK news | The Guardian from The Guardian
2025-11-26 01:46:26,528 - INFO - [BBC] Article: https://www.bbc.com/news/articles/crmx7x3yjyko?at_medium=RSS&at_campaign=rss
2025-11-26 01:46:26,528 - INFO - [BBC] Attempt 1/1: Trying with 'requests_browser' strategy...
2025-11-26 01:46:26,565 - INFO - [BBC] Success with 'requests_browser'. Found content (1927 words).
2025-11-26 01:46:26,614 - INFO - Saved article: Russia's Wagner group accused of killing civilians in cold-blood in Mali from BBC
2025-11-26 01:46:27,496 - INFO - [BBC] Article: https://www.bbc.com/news/articles/c17x0xjqj21o?at_medium=RSS&at_campaign=rss
2025-11-26 01:46:27,496 - INFO - [BBC] Attempt 1/1: Trying with 'requests_browser' strategy...
2025-11-26 01:46:27,525 - INFO - [The Guardian] Article: https://www.theguardian.com/world/2025/nov/24/ethiopian-volcano-hayli-gubbi-erupts-first-time-12000-years
2025-11-26 01:46:27,525 - INFO - [The Guardian] Attempt 1/1: Trying with 'requests_browser' strategy...
2025-11-26 01:46:27,555 - INFO - [The Guardian] Success with 'requests_browser'. Found content (306 words).
2025-11-26 01:46:27,590 - INFO - Duplicate article skipped: Ethiopian volcano erupts for first time in 12,000 years | Ethiopia | The Guardian from The Guardian
2025-11-26 01:46:27,974 - INFO - [BBC] Success with 'requests_browser'. Found content (423 words).
2025-11-26 01:46:28,053 - INFO - Saved article: Israel receives coffin that Hamas says contains Gaza hostage's body from BBC
2025-11-26 01:46:28,245 - INFO - [The Guardian] Article: https://www.theguardian.com/world/2025/nov/23/cyril-ramaphosa-gavel-g20-summit-us-handover
2025-11-26 01:46:28,245 - INFO - [The Guardian] Attempt 1/1: Trying with 'requests_browser' strategy...
2025-11-26 01:46:28,409 - INFO - [The Guardian] Success with 'requests_browser'. Found content (520 words).
2025-11-26 01:46:28,458 - INFO - Duplicate article skipped: Cyril Ramaphosa closes G20 summit after US boycott and handover row | G20 | The Guardian from The Guardian
2025-11-26 01:46:29,246 - INFO - [The Guardian] Article: https://www.theguardian.com/world/2025/nov/25/jair-bolsonaro-brazil-prison
2025-11-26 01:46:29,247 - INFO - [The Guardian] Attempt 1/1: Trying with 'requests_browser' strategy...
2025-11-26 01:46:29,293 - INFO - [BBC] Article: https://www.bbc.com/news/articles/cr4dl19npv5o?at_medium=RSS&at_campaign=rss
2025-11-26 01:46:29,293 - INFO - [BBC] Attempt 1/1: Trying with 'requests_browser' strategy...
2025-11-26 01:46:29,299 - INFO - [The Guardian] Success with 'requests_browser'. Found content (877 words).
2025-11-26 01:46:29,337 - INFO - Saved article: Jair Bolsonaro ordered to start 27-year prison term for plotting Brazil coup | Jair Bolsonaro | The Guardian from The Guardian
2025-11-26 01:46:29,453 - INFO - [BBC] Success with 'requests_browser'. Found content (398 words).
2025-11-26 01:46:29,506 - INFO - Saved article: Brazil: Bolsonaro ordered to start serving 27-year prison sentence for coup plot from BBC
2025-11-26 01:46:30,103 - INFO - [The Guardian] Article: https://www.theguardian.com/world/2025/nov/25/uk-accused-of-caving-in-to-british-virgin-islands-over-access-to-company-register
2025-11-26 01:46:30,103 - INFO - [The Guardian] Attempt 1/1: Trying with 'requests_browser' strategy...
2025-11-26 01:46:30,264 - INFO - [The Guardian] Success with 'requests_browser'. Found content (566 words).
2025-11-26 01:46:30,316 - INFO - Saved article: UK accused of caving-in to British Virgin Islands over access to companies register | British Virgin Islands | The Guardian from The Guardian
2025-11-26 01:46:30,335 - INFO - [BBC] Article: https://www.bbc.com/news/articles/cj01j710rmmo?at_medium=RSS&at_campaign=rss
2025-11-26 01:46:30,335 - INFO - [BBC] Attempt 1/1: Trying with 'requests_browser' strategy...
2025-11-26 01:46:30,368 - INFO - [BBC] Success with 'requests_browser'. Found content (1043 words).
2025-11-26 01:46:30,412 - INFO - Saved article: Ex-wife of Dubai royal says she fears arrest as custody battle escalates from BBC
2025-11-26 01:46:30,481 - INFO - Selenium driver initialized successfully.
2025-11-26 01:46:30,481 - INFO - Starting scrape for Times of India RSS feed: https://timesofindia.indiatimes.com/rssfeeds/296589292.cms
2025-11-26 01:46:30,483 - INFO - Selenium driver initialized successfully.
2025-11-26 01:46:30,483 - INFO - Starting scrape for The Hindu RSS feed: https://www.thehindu.com/news/national/feeder/default.rss
2025-11-26 01:46:30,582 - INFO - Found 100 articles in The Hindu RSS feed. Processing up to 10.
2025-11-26 01:46:30,582 - INFO - [The Hindu] Article: https://www.thehindu.com/data/widely-quoted-who-norm-of-1-doctor-per-1000-people-is-not-official/article70321684.ece
2025-11-26 01:46:30,582 - INFO - [The Hindu] Attempt 1/1: Trying with 'selenium_browser' strategy...
2025-11-26 01:46:30,687 - INFO - Found 20 articles in Times of India RSS feed. Processing up to 10.
2025-11-26 01:46:30,688 - INFO - [Times of India] Article: https://timesofindia.indiatimes.com/world/us-streamers/candace-owens-recalls-college-moment-she-felt-feminism-was-a-lie-and-reveals-the-class-blamed-men-for-all-problems/articleshow/125576678.cms
2025-11-26 01:46:30,688 - INFO - [Times of India] Attempt 1/1: Trying with 'selenium_browser' strategy...
2025-11-26 01:46:31,324 - INFO - [BBC] Article: https://www.bbc.com/news/articles/cr5zm7n8ngpo?at_medium=RSS&at_campaign=rss
2025-11-26 01:46:31,325 - INFO - [BBC] Attempt 1/1: Trying with 'requests_browser' strategy...
2025-11-26 01:46:31,429 - INFO - [BBC] Success with 'requests_browser'. Found content (481 words).
2025-11-26 01:46:31,519 - INFO - Saved article: Four more arrests made following Louvre jewellery heist from BBC
2025-11-26 01:46:31,795 - INFO - [The Guardian] Article: https://www.theguardian.com/world/2025/nov/25/canadian-author-thomas-king-not-indigenous-cherokee-inconvenient-indian
2025-11-26 01:46:31,795 - INFO - [The Guardian] Attempt 1/1: Trying with 'requests_browser' strategy...
2025-11-26 01:46:31,869 - INFO - [The Guardian] Success with 'requests_browser'. Found content (541 words).
2025-11-26 01:46:32,047 - INFO - Duplicate article skipped: Canada: ‘Inconvenient Indian’ author Thomas King says he is not Indigenous | Canada | The Guardian from The Guardian
2025-11-26 01:46:32,705 - INFO - [The Guardian] Article: https://www.theguardian.com/us-news/live/2025/nov/24/us-politics-trump-venezuela-marjorie-tayor-greene-latest-updates
2025-11-26 01:46:32,705 - INFO - [The Guardian] Attempt 1/1: Trying with 'requests_browser' strategy...
2025-11-26 01:46:32,963 - INFO - [BBC] Article: https://www.bbc.com/news/articles/cvgq0jzw5n2o?at_medium=RSS&at_campaign=rss
2025-11-26 01:46:32,964 - INFO - [BBC] Attempt 1/1: Trying with 'requests_browser' strategy...
2025-11-26 01:46:33,150 - INFO - [BBC] Success with 'requests_browser'. Found content (280 words).
2025-11-26 01:46:33,850 - INFO - Saved article: Thai woman's cremation stopped as knocking on coffin heard, temple staff say from BBC
2025-11-26 01:46:34,816 - INFO - [BBC] Article: https://www.bbc.com/news/articles/cvgk50g1wzvo?at_medium=RSS&at_campaign=rss
2025-11-26 01:46:34,816 - INFO - [BBC] Attempt 1/1: Trying with 'requests_browser' strategy...
2025-11-26 01:46:34,867 - INFO - [The Guardian] Success with 'requests_browser'. Found content (3832 words).
2025-11-26 01:46:35,486 - INFO - [BBC] Success with 'requests_browser'. Found content (848 words).
2025-11-26 01:46:36,151 - INFO - Duplicate article skipped: Cases against Comey and James tossed, Pentagon investigating US senator and Turning Point USA looks to 2028 – as it happened | Trump administration | The Guardian from The Guardian
2025-11-26 01:46:36,179 - INFO - Saved article: Niger state kidnap: Catholic bishop hits out at Nigeria's failure to rescue abducted schoolchildren from BBC
2025-11-26 01:46:36,819 - INFO - [The Guardian] Article: https://www.theguardian.com/world/2025/nov/24/canada-grizzly-bear-attack-search
2025-11-26 01:46:36,819 - INFO - [The Guardian] Attempt 1/1: Trying with 'requests_browser' strategy...
2025-11-26 01:46:37,086 - INFO - [The Guardian] Success with 'requests_browser'. Found content (852 words).
2025-11-26 01:46:37,376 - INFO - [BBC] Article: https://www.bbc.com/news/articles/cn091g7dreyo?at_medium=RSS&at_campaign=rss
2025-11-26 01:46:37,376 - INFO - [BBC] Attempt 1/1: Trying with 'requests_browser' strategy...
2025-11-26 01:46:37,529 - INFO - Duplicate article skipped: Grizzly bear that attacked children and teachers in Canada still eludes searchers | Canada | The Guardian from The Guardian
2025-11-26 01:46:37,662 - INFO - [BBC] Success with 'requests_browser'. Found content (569 words).
2025-11-26 01:46:38,131 - INFO - Saved article: German 'hammer gang' trial for seven accused of extreme-left violence from BBC
2025-11-26 01:46:42,647 - INFO - [The Hindu] Page content loaded.
2025-11-26 01:46:43,383 - INFO - [The Hindu] Success with 'selenium_browser'. Found content (885 words).
2025-11-26 01:46:44,536 - INFO - Saved article: Widely quoted WHO norm of 1 doctor per 1,000 people is not official - The Hindu from The Hindu
2025-11-26 01:46:45,911 - INFO - [The Hindu] Article: https://www.thehindu.com/news/national/mekedatu-dam-project-a-long-standing-source-of-friction-between-tamil-nadu-and-karnataka/article70321302.ece
2025-11-26 01:46:45,911 - INFO - [The Hindu] Attempt 1/1: Trying with 'selenium_browser' strategy...
2025-11-26 01:47:01,690 - INFO - [The Hindu] Page content loaded.
2025-11-26 01:47:02,085 - INFO - [The Hindu] Success with 'selenium_browser'. Found content (1500 words).
2025-11-26 01:47:02,772 - INFO - Saved article: Mekedatu dam project: a long-standing source of friction between Tamil Nadu and Karnataka - The Hindu from The Hindu
2025-11-26 01:47:03,668 - INFO - [The Hindu] Article: https://www.thehindu.com/news/national/telangana/cabinet-takes-serious-note-of-brs-charges-on-industrial-land-policy/article70321798.ece
2025-11-26 01:47:03,668 - INFO - [The Hindu] Attempt 1/1: Trying with 'selenium_browser' strategy...
2025-11-26 01:47:13,142 - INFO - [The Hindu] Page content loaded.
2025-11-26 01:47:13,498 - INFO - [The Hindu] Success with 'selenium_browser'. Found content (611 words).
2025-11-26 01:47:13,974 - INFO - Saved article: Cabinet takes serious note of BRS charges on industrial land policy - The Hindu from The Hindu
2025-11-26 01:47:15,362 - INFO - [The Hindu] Article: https://www.thehindu.com/news/national/tamil-nadu/bank-clerk-held-in-ranipet-for-embezzling-25-crore/article70321971.ece
2025-11-26 01:47:15,362 - INFO - [The Hindu] Attempt 1/1: Trying with 'selenium_browser' strategy...
2025-11-26 01:47:23,143 - INFO - [The Hindu] Page content loaded.
2025-11-26 01:47:24,017 - INFO - [The Hindu] Success with 'selenium_browser'. Found content (166 words).
2025-11-26 01:47:24,421 - INFO - Saved article: Bank clerk held in Ranipet for embezzling ₹2.5 crore - The Hindu from The Hindu
2025-11-26 01:47:25,448 - INFO - [The Hindu] Article: https://www.thehindu.com/news/national/tamil-nadu/community-conference-held-at-stella-maris-college/article70322743.ece
2025-11-26 01:47:25,448 - INFO - [The Hindu] Attempt 1/1: Trying with 'selenium_browser' strategy...
2025-11-26 01:47:28,523 - INFO - [The Hindu] Page content loaded.
2025-11-26 01:47:28,975 - INFO - [The Hindu] Success with 'selenium_browser'. Found content (176 words).
2025-11-26 01:47:29,432 - INFO - Saved article: Community Conference held at Stella Maris College - The Hindu from The Hindu
2025-11-26 01:47:30,219 - INFO - [The Hindu] Article: https://www.thehindu.com/news/national/tamil-nadu/ootupurai-the-traditional-feeding-house-for-brahmins-in-kanniyakumari-temples-in-the-past/article70321255.ece
2025-11-26 01:47:30,219 - INFO - [The Hindu] Attempt 1/1: Trying with 'selenium_browser' strategy...
2025-11-26 01:47:43,689 - INFO - [The Hindu] Page content loaded.
2025-11-26 01:47:43,881 - INFO - [The Hindu] Success with 'selenium_browser'. Found content (829 words).
2025-11-26 01:47:44,102 - INFO - Saved article: Ootupurai, the traditional feeding house in Kanniyakumari temples - The Hindu from The Hindu
2025-11-26 01:47:44,952 - INFO - [The Hindu] Article: https://www.thehindu.com/news/national/tamil-nadu/woman-arrested-for-killing-her-three-month-old-daughter-in-ambur/article70321993.ece
2025-11-26 01:47:44,952 - INFO - [The Hindu] Attempt 1/1: Trying with 'selenium_browser' strategy...
2025-11-26 01:47:46,297 - INFO - [The Hindu] Page content loaded.
2025-11-26 01:47:46,665 - INFO - [The Hindu] Success with 'selenium_browser'. Found content (203 words).
2025-11-26 01:47:46,978 - INFO - Saved article: Woman arrested for killing her three-month-old daughter in Ambur - The Hindu from The Hindu
2025-11-26 01:47:47,555 - INFO - [The Hindu] Article: https://www.thehindu.com/news/national/tamil-nadu/history-sheeter-gets-10-years-jail-for-harassing-woman-pushing-her-from-train/article70322007.ece
2025-11-26 01:47:47,555 - INFO - [The Hindu] Attempt 1/1: Trying with 'selenium_browser' strategy...
2025-11-26 01:47:49,709 - INFO - [The Hindu] Page content loaded.
2025-11-26 01:47:50,027 - INFO - [The Hindu] Success with 'selenium_browser'. Found content (266 words).
2025-11-26 01:47:50,292 - INFO - Saved article: History sheeter gets 10 years jail for harassing woman, pushing her from train - The Hindu from The Hindu
2025-11-26 01:47:51,174 - INFO - [The Hindu] Article: https://www.thehindu.com/news/national/sc-issues-notice-on-vaikos-plea-against-sir-in-tn/article70323088.ece
2025-11-26 01:47:51,174 - INFO - [The Hindu] Attempt 1/1: Trying with 'selenium_browser' strategy...
2025-11-26 01:47:56,795 - INFO - [The Hindu] Page content loaded.
2025-11-26 01:47:56,890 - INFO - [The Hindu] Success with 'selenium_browser'. Found content (185 words).
2025-11-26 01:47:56,981 - INFO - Saved article: Supreme Court issues notice on Vaiko’s plea against SIR in T.N. - The Hindu from The Hindu
2025-11-26 01:47:57,899 - INFO - [The Hindu] Article: https://www.thehindu.com/news/cities/mumbai/advocates-civil-society-slam-alleged-intimidation-of-muslim-students-at-kalyan-college/article70323237.ece
2025-11-26 01:47:57,899 - INFO - [The Hindu] Attempt 1/1: Trying with 'selenium_browser' strategy...
2025-11-26 01:47:59,101 - INFO - [The Hindu] Page content loaded.
2025-11-26 01:47:59,202 - INFO - [The Hindu] Success with 'selenium_browser'. Found content (432 words).
2025-11-26 01:47:59,600 - INFO - Saved article: Advocates, civil society slam alleged intimidation of Muslim students at Kalyan college - The Hindu from The Hindu
2025-11-26 01:48:00,217 - INFO - [The Hindu] (Thread) Finished. Attempting to shut down its Selenium driver.
2025-11-26 01:48:00,447 - INFO - [The Hindu] (Thread) driver.quit() successful.
2025-11-26 01:48:30,788 - ERROR - [Times of India] Request failed for strategy 'selenium_browser' on URL https://timesofindia.indiatimes.com/world/us-streamers/candace-owens-recalls-college-moment-she-felt-feminism-was-a-lie-and-reveals-the-class-blamed-men-for-all-problems/articleshow/125576678.cms: HTTPConnectionPool(host='localhost', port=32933): Read timed out. (read timeout=120)
2025-11-26 01:48:30,789 - ERROR - [Times of India] All scrape strategies failed for https://timesofindia.indiatimes.com/world/us-streamers/candace-owens-recalls-college-moment-she-felt-feminism-was-a-lie-and-reveals-the-class-blamed-men-for-all-problems/articleshow/125576678.cms. Falling back to RSS description.
2025-11-26 01:48:30,790 - INFO - Saved article: Candace Owens recalls college moment she felt feminism was a lie and reveals the class blamed men for all problems from Times of India
2025-11-26 01:48:31,469 - INFO - [Times of India] Article: https://timesofindia.indiatimes.com/world/us-streamers/did-she-want-to-perez-hilton-adds-fire-to-erika-kirk-and-jd-vance-hug-controversy-with-surprising-question/articleshow/125576806.cms
2025-11-26 01:48:31,470 - INFO - [Times of India] Attempt 1/1: Trying with 'selenium_browser' strategy...
2025-11-26 01:50:31,571 - ERROR - [Times of India] Request failed for strategy 'selenium_browser' on URL https://timesofindia.indiatimes.com/world/us-streamers/did-she-want-to-perez-hilton-adds-fire-to-erika-kirk-and-jd-vance-hug-controversy-with-surprising-question/articleshow/125576806.cms: HTTPConnectionPool(host='localhost', port=32933): Read timed out. (read timeout=120)
2025-11-26 01:50:31,571 - ERROR - [Times of India] All scrape strategies failed for https://timesofindia.indiatimes.com/world/us-streamers/did-she-want-to-perez-hilton-adds-fire-to-erika-kirk-and-jd-vance-hug-controversy-with-surprising-question/articleshow/125576806.cms. Falling back to RSS description.
2025-11-26 01:50:31,574 - INFO - Saved article: “Did she want to...”: Perez Hilton adds fire to Erika Kirk and JD Vance hug controversy with surprising question from Times of India
2025-11-26 01:50:32,230 - INFO - [Times of India] Article: https://timesofindia.indiatimes.com/world/europe/four-new-arrests-in-louvre-heist-two-men-and-two-women-aged-3140-102-million-jewels-still-missing/articleshow/125576895.cms
2025-11-26 01:50:32,230 - INFO - [Times of India] Attempt 1/1: Trying with 'selenium_browser' strategy...
2025-11-26 01:51:22,754 - CRITICAL - --- TIMEOUT: 1 scrape jobs did not complete in 300s. ---
2025-11-26 01:51:22,754 - ERROR - A thread has timed out and will be abandoned.
2025-11-26 01:51:22,754 - INFO - Shutting down thread pool (wait=False)...
2025-11-26 01:51:22,755 - INFO - Scraped: 4 The Guardian, 10 The Hindu, 9 BBC, 1 Timed_Out_Jobs articles. (Total saved: 23)
2025-11-26 01:51:22,755 - INFO - --- Scraping job finished ---
2025-11-26 01:51:22,755 - INFO - --- Scraper service stopped and database connection closed. ---
2025-11-26 01:51:22,755 - INFO - --- Main thread finished. Forcing process exit to kill zombie threads. ---
