2026-01-01 12:48:47,003 - INFO - Initializing database connection at: news_articles.db
2026-01-01 12:48:47,003 - INFO - --- Scraper service started (CI Mode: Run Once) ---
2026-01-01 12:48:47,003 - INFO - --- Starting new scraping job (Parallel Mode) ---
2026-01-01 12:48:47,003 - INFO - Creating new robust session with 3 retries on 5xx/connection/read errors.
2026-01-01 12:48:47,004 - INFO - Proxy is DISABLED.
2026-01-01 12:48:47,004 - INFO - Starting scrape for BBC RSS feed: http://feeds.bbci.co.uk/news/world/rss.xml
2026-01-01 12:48:47,004 - INFO - [Times of India] (Thread) requires Selenium. Initializing driver...
2026-01-01 12:48:47,004 - INFO - Initializing headless Selenium Chrome driver (using SeleniumManager)...
2026-01-01 12:48:47,005 - INFO - Starting scrape for The Guardian RSS feed: https://www.theguardian.com/world/rss
2026-01-01 12:48:47,005 - INFO - [The Hindu] (Thread) requires Selenium. Initializing driver...
2026-01-01 12:48:47,005 - INFO - Initializing headless Selenium Chrome driver (using SeleniumManager)...
2026-01-01 12:48:47,005 - INFO - Submitted 4 jobs to thread pool. Waiting up to 420s for completion...
2026-01-01 12:48:47,131 - INFO - Found 45 articles in The Guardian RSS feed. Processing up to 25.
2026-01-01 12:48:47,131 - INFO - [The Guardian] Article: https://www.theguardian.com/world/2025/dec/31/guinea-junta-chief-mamady-doumbouya-elected-president-after-opposition-boycott
2026-01-01 12:48:47,131 - INFO - [The Guardian] Attempt 1/1: Trying with 'requests_browser' strategy...
2026-01-01 12:48:47,155 - INFO - [The Guardian] Success with 'requests_browser'. Found content (399 words).
2026-01-01 12:48:47,192 - INFO - Duplicate article skipped: Guinea’s junta chief elected president after opposition boycott | Guinea | The Guardian from The Guardian
2026-01-01 12:48:47,398 - INFO - Found 34 articles in BBC RSS feed. Processing up to 25.
2026-01-01 12:48:47,399 - INFO - [BBC] Article: https://www.bbc.com/news/videos/cq84xxxk840o?at_medium=RSS&at_campaign=rss
2026-01-01 12:48:47,399 - INFO - [BBC] Attempt 1/1: Trying with 'requests_browser' strategy...
2026-01-01 12:48:47,748 - WARNING - [BBC] FAILED with 'requests_browser' (content was too short: 65 words).
2026-01-01 12:48:47,748 - ERROR - [BBC] All scrape strategies failed for https://www.bbc.com/news/videos/cq84xxxk840o?at_medium=RSS&at_campaign=rss. Falling back to RSS description.
2026-01-01 12:48:47,757 - INFO - Saved article: BBC reports from the scene of Swiss resort bar fire from BBC
2026-01-01 12:48:48,275 - INFO - [BBC] Article: https://www.bbc.com/news/articles/c3r1lx75nl8o?at_medium=RSS&at_campaign=rss
2026-01-01 12:48:48,276 - INFO - [BBC] Attempt 1/1: Trying with 'requests_browser' strategy...
2026-01-01 12:48:48,311 - INFO - [BBC] Success with 'requests_browser'. Found content (257 words).
2026-01-01 12:48:48,349 - INFO - [The Guardian] Article: https://www.theguardian.com/world/2025/dec/30/saudi-arabia-uae-tension-future-yemen-boiling-point
2026-01-01 12:48:48,353 - INFO - [The Guardian] Attempt 1/1: Trying with 'requests_browser' strategy...
2026-01-01 12:48:48,355 - INFO - Saved article: Netherlands police face 'unprecedented' New Year's violence from BBC
2026-01-01 12:48:48,552 - INFO - [The Guardian] Success with 'requests_browser'. Found content (932 words).
2026-01-01 12:48:48,595 - INFO - Duplicate article skipped: Tensions between Saudis and Emiratis over future of Yemen reach boiling point | Yemen | The Guardian from The Guardian
2026-01-01 12:48:49,358 - INFO - [BBC] Article: https://www.bbc.com/news/articles/cddg7100ym2o?at_medium=RSS&at_campaign=rss
2026-01-01 12:48:49,359 - INFO - [BBC] Attempt 1/1: Trying with 'requests_browser' strategy...
2026-01-01 12:48:49,386 - INFO - [BBC] Success with 'requests_browser'. Found content (705 words).
2026-01-01 12:48:49,423 - INFO - Saved article: Zelensky says peace deal is 90% ready in New Year address from BBC
2026-01-01 12:48:49,522 - INFO - [The Guardian] Article: https://www.theguardian.com/sport/2025/dec/29/anthony-joshua-injured-car-crash-nigeria
2026-01-01 12:48:49,522 - INFO - [The Guardian] Attempt 1/1: Trying with 'requests_browser' strategy...
2026-01-01 12:48:49,677 - INFO - [The Guardian] Success with 'requests_browser'. Found content (739 words).
2026-01-01 12:48:49,712 - INFO - Duplicate article skipped: Anthony Joshua’s camp confirm two of his close friends died in Nigeria car crash | Anthony Joshua | The Guardian from The Guardian
2026-01-01 12:48:50,372 - INFO - [BBC] Article: https://www.bbc.com/news/articles/czdq1ple2l4o?at_medium=RSS&at_campaign=rss
2026-01-01 12:48:50,372 - INFO - [BBC] Attempt 1/1: Trying with 'requests_browser' strategy...
2026-01-01 12:48:50,399 - INFO - [BBC] Success with 'requests_browser'. Found content (375 words).
2026-01-01 12:48:50,435 - INFO - Saved article: US military says five killed in strike on alleged drug boats from BBC
2026-01-01 12:48:50,751 - INFO - [The Guardian] Article: https://www.theguardian.com/world/2025/dec/29/more-than-3000-migrants-died-spain-figure-down
2026-01-01 12:48:50,751 - INFO - [The Guardian] Attempt 1/1: Trying with 'requests_browser' strategy...
2026-01-01 12:48:50,906 - INFO - [The Guardian] Success with 'requests_browser'. Found content (434 words).
2026-01-01 12:48:50,942 - INFO - Duplicate article skipped: More than 3,000 migrants died trying to reach Spain in 2025 | Spain | The Guardian from The Guardian
2026-01-01 12:48:51,601 - INFO - [BBC] Article: https://www.bbc.com/news/articles/ckgl2je05j0o?at_medium=RSS&at_campaign=rss
2026-01-01 12:48:51,601 - INFO - [BBC] Attempt 1/1: Trying with 'requests_browser' strategy...
2026-01-01 12:48:51,633 - INFO - [BBC] Success with 'requests_browser'. Found content (1098 words).
2026-01-01 12:48:51,676 - INFO - Saved article: Stranger Things: Season five draws to an epic and emotional close from BBC
2026-01-01 12:48:51,734 - INFO - [The Guardian] Article: https://www.theguardian.com/world/2025/dec/28/central-african-republic-goes-to-polls-as-president-seeks-third-term
2026-01-01 12:48:51,734 - INFO - [The Guardian] Attempt 1/1: Trying with 'requests_browser' strategy...
2026-01-01 12:48:51,888 - INFO - [The Guardian] Success with 'requests_browser'. Found content (637 words).
2026-01-01 12:48:51,925 - INFO - Duplicate article skipped: Central African Republic goes to polls as president seeks third term | Central African Republic | The Guardian from The Guardian
2026-01-01 12:48:52,508 - INFO - [The Guardian] Article: https://www.theguardian.com/world/2025/dec/30/military-drone-strike-venezuela-trump-maduro
2026-01-01 12:48:52,508 - INFO - [The Guardian] Attempt 1/1: Trying with 'requests_browser' strategy...
2026-01-01 12:48:52,530 - INFO - [The Guardian] Success with 'requests_browser'. Found content (679 words).
2026-01-01 12:48:52,585 - INFO - Duplicate article skipped: Trump’s shadow war in Venezuela grows, but country’s strongman leader still clings to power | Venezuela | The Guardian from The Guardian
2026-01-01 12:48:52,848 - INFO - [BBC] Article: https://www.bbc.com/news/articles/czxpk7r8w9yo?at_medium=RSS&at_campaign=rss
2026-01-01 12:48:52,848 - INFO - [BBC] Attempt 1/1: Trying with 'requests_browser' strategy...
2026-01-01 12:48:52,877 - INFO - [BBC] Success with 'requests_browser'. Found content (924 words).
2026-01-01 12:48:52,915 - INFO - Duplicate article skipped: China's plan to boost birth rates with condom tax and cheaper childcare from BBC
2026-01-01 12:48:53,350 - INFO - [The Guardian] Article: https://www.theguardian.com/world/2025/dec/29/brazil-ex-president-jair-bolsonaro-hiccups-treatment
2026-01-01 12:48:53,350 - INFO - [The Guardian] Attempt 1/1: Trying with 'requests_browser' strategy...
2026-01-01 12:48:53,372 - INFO - [The Guardian] Success with 'requests_browser'. Found content (309 words).
2026-01-01 12:48:53,406 - INFO - Duplicate article skipped: Jair Bolsonaro undergoes second procedure to treat persistent hiccups | Jair Bolsonaro | The Guardian from The Guardian
2026-01-01 12:48:53,536 - INFO - [BBC] Article: https://www.bbc.com/news/articles/c2d7g8krj2po?at_medium=RSS&at_campaign=rss
2026-01-01 12:48:53,536 - INFO - [BBC] Attempt 1/1: Trying with 'requests_browser' strategy...
2026-01-01 12:48:53,561 - INFO - [BBC] Success with 'requests_browser'. Found content (470 words).
2026-01-01 12:48:53,590 - INFO - Duplicate article skipped: Iran security force member killed during protests, official says from BBC
2026-01-01 12:48:54,358 - INFO - [The Guardian] Article: https://www.theguardian.com/world/2025/dec/29/mexico-train-derailment-oaxaca
2026-01-01 12:48:54,358 - INFO - [The Guardian] Attempt 1/1: Trying with 'requests_browser' strategy...
2026-01-01 12:48:54,433 - INFO - [BBC] Article: https://www.bbc.com/news/articles/c5yvdw77j04o?at_medium=RSS&at_campaign=rss
2026-01-01 12:48:54,433 - INFO - [BBC] Attempt 1/1: Trying with 'requests_browser' strategy...
2026-01-01 12:48:54,454 - INFO - Selenium driver initialized successfully.
2026-01-01 12:48:54,454 - INFO - Starting scrape for Times of India RSS feed: https://timesofindia.indiatimes.com/rssfeeds/296589292.cms
2026-01-01 12:48:54,455 - INFO - Selenium driver initialized successfully.
2026-01-01 12:48:54,455 - INFO - Starting scrape for The Hindu RSS feed: https://www.thehindu.com/news/national/feeder/default.rss
2026-01-01 12:48:54,462 - INFO - [BBC] Success with 'requests_browser'. Found content (370 words).
2026-01-01 12:48:54,498 - INFO - Saved article: Anthony Joshua discharged from hospital after Nigeria car crash from BBC
2026-01-01 12:48:54,525 - INFO - [The Guardian] Success with 'requests_browser'. Found content (355 words).
2026-01-01 12:48:54,560 - INFO - Duplicate article skipped: At least 13 people killed and 98 injured in train derailment in Mexico | Mexico | The Guardian from The Guardian
2026-01-01 12:48:54,578 - INFO - Found 100 articles in The Hindu RSS feed. Processing up to 25.
2026-01-01 12:48:54,578 - INFO - [The Hindu] Article: https://www.thehindu.com/news/national/karnataka/hold-correspondence-for-naac-accreditation-in-kannada-department-of-collegiate-education-orders-colleges/article70460162.ece
2026-01-01 12:48:54,578 - INFO - [The Hindu] Attempt 1/1: Trying with 'selenium_browser' strategy...
2026-01-01 12:48:54,703 - INFO - Found 20 articles in Times of India RSS feed. Processing up to 25.
2026-01-01 12:48:54,704 - INFO - [Times of India] Article: https://timesofindia.indiatimes.com/world/us/us-visa-rules-from-january-1-ban-on-travel-for-39-countries-hike-in-immigration-related-fees/articleshow/126287650.cms
2026-01-01 12:48:54,704 - INFO - [Times of India] Attempt 1/1: Trying with 'selenium_browser' strategy...
2026-01-01 12:48:55,152 - INFO - [The Guardian] Article: https://www.theguardian.com/us-news/2025/dec/29/trump-venezuela-facility-strike
2026-01-01 12:48:55,152 - INFO - [The Guardian] Attempt 1/1: Trying with 'requests_browser' strategy...
2026-01-01 12:48:55,177 - INFO - [BBC] Article: https://www.bbc.com/news/articles/crlere3x28lo?at_medium=RSS&at_campaign=rss
2026-01-01 12:48:55,177 - INFO - [BBC] Attempt 1/1: Trying with 'requests_browser' strategy...
2026-01-01 12:48:55,207 - INFO - [BBC] Success with 'requests_browser'. Found content (675 words).
2026-01-01 12:48:55,265 - INFO - Duplicate article skipped: Bulgaria joins the euro after rocky path to new currency from BBC
2026-01-01 12:48:55,359 - INFO - [The Guardian] Success with 'requests_browser'. Found content (498 words).
2026-01-01 12:48:55,423 - INFO - Duplicate article skipped: US struck ‘big facility’ in Venezuela, Trump claimed without offering details | Donald Trump | The Guardian from The Guardian
2026-01-01 12:48:56,487 - INFO - [BBC] Article: https://www.bbc.com/news/articles/cn8jlm07nz4o?at_medium=RSS&at_campaign=rss
2026-01-01 12:48:56,487 - INFO - [BBC] Attempt 1/1: Trying with 'requests_browser' strategy...
2026-01-01 12:48:56,553 - INFO - [BBC] Success with 'requests_browser'. Found content (311 words).
2026-01-01 12:48:56,560 - INFO - [The Guardian] Article: https://www.theguardian.com/world/2025/dec/26/venezuela-political-prisoner-release
2026-01-01 12:48:56,560 - INFO - [The Guardian] Attempt 1/1: Trying with 'requests_browser' strategy...
2026-01-01 12:48:56,812 - INFO - Duplicate article skipped: Disney World cast member hurt stopping 180-kg fake boulder from hitting audience from BBC
2026-01-01 12:48:56,867 - INFO - [The Guardian] Success with 'requests_browser'. Found content (540 words).
2026-01-01 12:48:57,026 - INFO - Duplicate article skipped: Venezuela says it released 99 people detained for 2024 election protests | Venezuela | The Guardian from The Guardian
2026-01-01 12:48:57,338 - INFO - [BBC] Article: https://www.bbc.com/news/articles/clye3xz52e5o?at_medium=RSS&at_campaign=rss
2026-01-01 12:48:57,338 - INFO - [BBC] Attempt 1/1: Trying with 'requests_browser' strategy...
2026-01-01 12:48:57,424 - INFO - [BBC] Success with 'requests_browser'. Found content (462 words).
2026-01-01 12:48:57,536 - INFO - Duplicate article skipped: Sydney sends message of peace for New Year's after Bondi attack from BBC
2026-01-01 12:48:57,950 - INFO - [The Guardian] Article: https://www.theguardian.com/music/2026/jan/01/newjeans-member-danielle-sued-for-millions-after-bitter-feud-with-k-pop-record-label
2026-01-01 12:48:57,950 - INFO - [The Guardian] Attempt 1/1: Trying with 'requests_browser' strategy...
2026-01-01 12:48:58,036 - INFO - [The Guardian] Success with 'requests_browser'. Found content (628 words).
2026-01-01 12:48:58,192 - INFO - Saved article: NewJeans member Danielle sued for millions after bitter feud with K-pop record label | K-pop | The Guardian from The Guardian
2026-01-01 12:48:58,754 - INFO - [BBC] Article: https://www.bbc.com/news/articles/crrnlw4rxeyo?at_medium=RSS&at_campaign=rss
2026-01-01 12:48:58,754 - INFO - [BBC] Attempt 1/1: Trying with 'requests_browser' strategy...
2026-01-01 12:48:58,841 - INFO - [BBC] Success with 'requests_browser'. Found content (476 words).
2026-01-01 12:48:58,926 - INFO - Duplicate article skipped: Teen hiker who died after falling 150 metres from California's Mt Baldy identified from BBC
2026-01-01 12:48:59,001 - INFO - [The Guardian] Article: https://www.theguardian.com/world/2025/dec/31/xi-jinping-vows-reunification-china-taiwan-new-years-eve-speech
2026-01-01 12:48:59,001 - INFO - [The Guardian] Attempt 1/1: Trying with 'requests_browser' strategy...
2026-01-01 12:48:59,091 - INFO - [The Guardian] Success with 'requests_browser'. Found content (769 words).
2026-01-01 12:48:59,192 - INFO - Duplicate article skipped: Xi Jinping vows to reunify China and Taiwan in New Year’s Eve speech | China | The Guardian from The Guardian
2026-01-01 12:48:59,636 - INFO - [BBC] Article: https://www.bbc.com/news/articles/cn9zl309dz8o?at_medium=RSS&at_campaign=rss
2026-01-01 12:48:59,636 - INFO - [BBC] Attempt 1/1: Trying with 'requests_browser' strategy...
2026-01-01 12:48:59,714 - INFO - [BBC] Success with 'requests_browser'. Found content (372 words).
2026-01-01 12:48:59,761 - INFO - Duplicate article skipped: Machu Picchu train crash leaves one dead and dozens injured from BBC
2026-01-01 12:49:00,411 - INFO - [The Guardian] Article: https://www.theguardian.com/business/2025/dec/31/china-forecast-to-have-sold-one-in-every-10-new-cars-in-uk-in-2025
2026-01-01 12:49:00,411 - INFO - [The Guardian] Attempt 1/1: Trying with 'requests_browser' strategy...
2026-01-01 12:49:00,553 - INFO - [BBC] Article: https://www.bbc.com/news/articles/c1evp7weyv2o?at_medium=RSS&at_campaign=rss
2026-01-01 12:49:00,553 - INFO - [BBC] Attempt 1/1: Trying with 'requests_browser' strategy...
2026-01-01 12:49:00,695 - INFO - [BBC] Success with 'requests_browser'. Found content (1209 words).
2026-01-01 12:49:00,845 - INFO - [The Guardian] Success with 'requests_browser'. Found content (675 words).
2026-01-01 12:49:01,095 - INFO - Duplicate article skipped: Israel to bar 37 aid groups as UK and EU warn of impact in Gaza from BBC
2026-01-01 12:49:01,187 - INFO - Duplicate article skipped: China forecast to have sold one in every 10 new cars in UK in 2025 | Automotive industry | The Guardian from The Guardian
2026-01-01 12:49:01,714 - INFO - [The Hindu] Page content loaded.
2026-01-01 12:49:02,072 - INFO - [The Hindu] Success with 'selenium_browser'. Found content (483 words).
2026-01-01 12:49:02,123 - INFO - [BBC] Article: https://www.bbc.com/news/articles/c62040np372o?at_medium=RSS&at_campaign=rss
2026-01-01 12:49:02,123 - INFO - [BBC] Attempt 1/1: Trying with 'requests_browser' strategy...
2026-01-01 12:49:02,296 - INFO - [The Guardian] Article: https://www.theguardian.com/world/2025/dec/31/female-lawmakers-in-japan-lobby-for-more-toilets-in-parliament
2026-01-01 12:49:02,296 - INFO - [The Guardian] Attempt 1/1: Trying with 'requests_browser' strategy...
2026-01-01 12:49:02,424 - INFO - [BBC] Success with 'requests_browser'. Found content (597 words).
2026-01-01 12:49:02,657 - INFO - Saved article: Hold correspondence for NAAC accreditation in Kannada: Department of Collegiate Education orders colleges - The Hindu from The Hindu
2026-01-01 12:49:02,718 - INFO - [The Guardian] Success with 'requests_browser'. Found content (444 words).
2026-01-01 12:49:02,724 - INFO - Duplicate article skipped: Finnish police seize ship suspected of sabotaging undersea telecoms cable from BBC
2026-01-01 12:49:02,835 - INFO - Duplicate article skipped: ​Two cubicles, 73 women, one long queue: Japan’s female MPs fight for more loos | Japan | The Guardian from The Guardian
2026-01-01 12:49:03,241 - INFO - [The Hindu] Article: https://www.thehindu.com/news/national/assam/tezpur-university-vc-sent-on-leave-amid-ongoing-protests/article70460254.ece
2026-01-01 12:49:03,242 - INFO - [The Hindu] Attempt 1/1: Trying with 'selenium_browser' strategy...
2026-01-01 12:49:03,429 - INFO - [The Guardian] Article: https://www.theguardian.com/australia-news/2025/dec/31/australia-says-deeply-concerning-destabilising-chinese-exercises-near-taiwan-risk-inflaming-regional-tension
2026-01-01 12:49:03,429 - INFO - [The Guardian] Attempt 1/1: Trying with 'requests_browser' strategy...
2026-01-01 12:49:03,482 - INFO - [BBC] Article: https://www.bbc.com/news/videos/ckgkn1xexnno?at_medium=RSS&at_campaign=rss
2026-01-01 12:49:03,482 - INFO - [BBC] Attempt 1/1: Trying with 'requests_browser' strategy...
2026-01-01 12:49:03,583 - INFO - [The Guardian] Success with 'requests_browser'. Found content (428 words).
2026-01-01 12:49:03,918 - INFO - Duplicate article skipped: Australia says ‘deeply concerning, destabilising’ Chinese exercises near Taiwan risk inflaming regional tension | Australian foreign policy | The Guardian from The Guardian
2026-01-01 12:49:03,929 - INFO - [BBC] Success with 'requests_browser'. Found content (116 words).
2026-01-01 12:49:04,057 - INFO - Saved article: Watch: Huge fire rips through historic Amsterdam church from BBC
2026-01-01 12:49:04,476 - INFO - [The Guardian] Article: https://www.theguardian.com/australia-news/2026/jan/01/woman-dies-after-being-swept-into-ocean-from-sydney-beach-in-early-hours-of-new-years-day
2026-01-01 12:49:04,476 - INFO - [The Guardian] Attempt 1/1: Trying with 'requests_browser' strategy...
2026-01-01 12:49:04,515 - INFO - [The Guardian] Success with 'requests_browser'. Found content (672 words).
2026-01-01 12:49:04,574 - INFO - Duplicate article skipped: Irish man found dead at famous Whitehaven beach among four deaths on Australia’s east coast | Australia news | The Guardian from The Guardian
2026-01-01 12:49:04,639 - INFO - [BBC] Article: https://www.bbc.com/news/articles/cr57nvrjrlno?at_medium=RSS&at_campaign=rss
2026-01-01 12:49:04,639 - INFO - [BBC] Attempt 1/1: Trying with 'requests_browser' strategy...
2026-01-01 12:49:04,728 - INFO - [BBC] Success with 'requests_browser'. Found content (575 words).
2026-01-01 12:49:04,826 - INFO - Duplicate article skipped: Jimmy Lai: Jailed Hong Kong tycoon's 'teeth rotting and fingernails falling off' from BBC
2026-01-01 12:49:05,730 - INFO - [BBC] Article: https://www.bbc.com/news/articles/c5yvdjxeqv6o?at_medium=RSS&at_campaign=rss
2026-01-01 12:49:05,730 - INFO - [BBC] Attempt 1/1: Trying with 'requests_browser' strategy...
2026-01-01 12:49:05,753 - INFO - [The Guardian] Article: https://www.theguardian.com/australia-news/2026/jan/01/perth-teenager-charged-after-allegedly-throwing-firecracker-that-sparked-new-years-eve-bushfire
2026-01-01 12:49:05,753 - INFO - [The Guardian] Attempt 1/1: Trying with 'requests_browser' strategy...
2026-01-01 12:49:05,774 - INFO - [BBC] Success with 'requests_browser'. Found content (679 words).
2026-01-01 12:49:05,833 - INFO - Duplicate article skipped: Khaleda Zia: Huge crowds mourn Bangladesh's first female PM at state funeral from BBC
2026-01-01 12:49:05,908 - INFO - [The Guardian] Success with 'requests_browser'. Found content (349 words).
2026-01-01 12:49:05,952 - INFO - Saved article: Perth teenager charged after allegedly throwing firecracker that sparked New Year’s Eve bushfire | Western Australia | The Guardian from The Guardian
2026-01-01 12:49:06,480 - INFO - [The Hindu] Page content loaded.
2026-01-01 12:49:06,545 - INFO - [The Hindu] Success with 'selenium_browser'. Found content (279 words).
2026-01-01 12:49:06,685 - INFO - Saved article: Tezpur University VC fiscal irregularities compulsory leave student protest at campus - The Hindu from The Hindu
2026-01-01 12:49:06,984 - INFO - [The Guardian] Article: https://www.theguardian.com/world/2026/jan/01/australian-reportedly-killed-fighting-with-ukrainian-forces-against-russia-ntwnfb
2026-01-01 12:49:06,984 - INFO - [The Guardian] Attempt 1/1: Trying with 'requests_browser' strategy...
2026-01-01 12:49:07,156 - INFO - [BBC] Article: https://www.bbc.com/news/articles/c0q4eg03eyzo?at_medium=RSS&at_campaign=rss
2026-01-01 12:49:07,156 - INFO - [BBC] Attempt 1/1: Trying with 'requests_browser' strategy...
2026-01-01 12:49:07,205 - INFO - [The Guardian] Success with 'requests_browser'. Found content (411 words).
2026-01-01 12:49:07,264 - INFO - [BBC] Success with 'requests_browser'. Found content (521 words).
2026-01-01 12:49:07,269 - INFO - Saved article: Australian man reportedly killed fighting with Ukrainian forces against Russia | Ukraine | The Guardian from The Guardian
2026-01-01 12:49:07,323 - INFO - Duplicate article skipped: Eurostar services return to normal after major Channel Tunnel disruption from BBC
2026-01-01 12:49:07,861 - INFO - [The Guardian] Article: https://www.theguardian.com/australia-news/2025/dec/31/australian-beef-industry-extremely-disappointed-after-china-hits-imports-with-55-tariff
2026-01-01 12:49:07,861 - INFO - [The Guardian] Attempt 1/1: Trying with 'requests_browser' strategy...
2026-01-01 12:49:08,032 - INFO - [The Guardian] Success with 'requests_browser'. Found content (619 words).
2026-01-01 12:49:08,084 - INFO - [The Hindu] Article: https://www.thehindu.com/news/national/ideology-incumbency-polarisation-key-indian-elections-to-watch-in-2026/article70443873.ece
2026-01-01 12:49:08,084 - INFO - [The Hindu] Attempt 1/1: Trying with 'selenium_browser' strategy...
2026-01-01 12:49:08,099 - INFO - Duplicate article skipped: Australian beef industry ‘extremely disappointed’ after China hits imports with 55% tariff | Australia news | The Guardian from The Guardian
2026-01-01 12:49:08,305 - INFO - [BBC] Article: https://www.bbc.com/news/articles/cgrdjx1d1vjo?at_medium=RSS&at_campaign=rss
2026-01-01 12:49:08,305 - INFO - [BBC] Attempt 1/1: Trying with 'requests_browser' strategy...
2026-01-01 12:49:08,347 - INFO - [BBC] Success with 'requests_browser'. Found content (380 words).
2026-01-01 12:49:08,403 - INFO - Duplicate article skipped: Mali and Burkina Faso announce travel ban on US citizens in tit-for-tat move from BBC
2026-01-01 12:49:09,013 - INFO - [The Hindu] Page content loaded.
2026-01-01 12:49:09,104 - INFO - [The Hindu] Success with 'selenium_browser'. Found content (1319 words).
2026-01-01 12:49:09,200 - INFO - Saved article: Ideology, incumbency, polarisation: Key Indian elections to watch in 2026 - The Hindu from The Hindu
2026-01-01 12:49:09,527 - INFO - [The Guardian] Article: https://www.theguardian.com/australia-news/2025/dec/31/sydney-new-years-eve-sees-more-sombre-tone-fireworks-follow-minutes-silence-bondi-ntwnfb
2026-01-01 12:49:09,527 - INFO - [The Guardian] Attempt 1/1: Trying with 'requests_browser' strategy...
2026-01-01 12:49:09,681 - INFO - [BBC] Article: https://www.bbc.com/news/articles/c74wjqvpkj0o?at_medium=RSS&at_campaign=rss
2026-01-01 12:49:09,682 - INFO - [BBC] Attempt 1/1: Trying with 'requests_browser' strategy...
2026-01-01 12:49:09,728 - INFO - [The Guardian] Success with 'requests_browser'. Found content (611 words).
2026-01-01 12:49:09,769 - INFO - [BBC] Success with 'requests_browser'. Found content (400 words).
2026-01-01 12:49:09,967 - INFO - Duplicate article skipped: Sydney New Year’s Eve strikes sombre tone as fireworks follow minute’s silence for Bondi | Australia news | The Guardian from The Guardian
2026-01-01 12:49:09,998 - INFO - Duplicate article skipped: Thailand releases 18 Cambodian soldiers held since July from BBC
2026-01-01 12:49:10,339 - INFO - [The Hindu] Article: https://www.thehindu.com/news/national/assam/rehabilitate-karbi-anglong-violence-affected-families-demand-assam-opposition-parties/article70460227.ece
2026-01-01 12:49:10,339 - INFO - [The Hindu] Attempt 1/1: Trying with 'selenium_browser' strategy...
2026-01-01 12:49:10,544 - INFO - [BBC] Article: https://www.bbc.com/news/articles/c338ne3relzo?at_medium=RSS&at_campaign=rss
2026-01-01 12:49:10,544 - INFO - [BBC] Attempt 1/1: Trying with 'requests_browser' strategy...
2026-01-01 12:49:10,622 - INFO - [BBC] Success with 'requests_browser'. Found content (565 words).
2026-01-01 12:49:10,768 - INFO - Duplicate article skipped: Tatiana Schlossberg, granddaughter of John F Kennedy, dies aged 35 from BBC
2026-01-01 12:49:10,770 - INFO - [The Guardian] Article: https://www.theguardian.com/world/2026/jan/01/several-dead-and-injured-in-explosion-swiss-ski-resort-town-crans-montana-police-say
2026-01-01 12:49:10,770 - INFO - [The Guardian] Attempt 1/1: Trying with 'requests_browser' strategy...
2026-01-01 12:49:10,841 - INFO - [The Guardian] Success with 'requests_browser'. Found content (849 words).
2026-01-01 12:49:10,990 - INFO - Saved article: About 40 killed and 100 injured in fire at bar in Swiss ski resort of Crans-Montana | Switzerland | The Guardian from The Guardian
2026-01-01 12:49:11,740 - INFO - [BBC] Article: https://www.bbc.com/news/articles/ce8gd0qvyrpo?at_medium=RSS&at_campaign=rss
2026-01-01 12:49:11,741 - INFO - [BBC] Attempt 1/1: Trying with 'requests_browser' strategy...
2026-01-01 12:49:11,821 - INFO - [BBC] Success with 'requests_browser'. Found content (547 words).
2026-01-01 12:49:11,909 - INFO - Duplicate article skipped: Heated Rivalry author Rachel Reid says TV show's success led to help with her Parkinson's disease from BBC
2026-01-01 12:49:12,307 - INFO - [The Guardian] Article: https://www.theguardian.com/world/live/2026/jan/01/switzerland-resort-explosion-dead-blast-ski-town-crans-montana-latest-news-live
2026-01-01 12:49:12,308 - INFO - [The Guardian] Attempt 1/1: Trying with 'requests_browser' strategy...
2026-01-01 12:49:12,863 - INFO - [The Guardian] Success with 'requests_browser'. Found content (1556 words).
2026-01-01 12:49:12,996 - INFO - Saved article: Switzerland resort fire latest news: ‘several dozen’ dead after blast at ski town of Crans-Montana, police say | Switzerland | The Guardian from The Guardian
2026-01-01 12:49:13,260 - INFO - [BBC] Article: https://www.bbc.com/news/articles/c9dvyyjyj18o?at_medium=RSS&at_campaign=rss
2026-01-01 12:49:13,260 - INFO - [BBC] Attempt 1/1: Trying with 'requests_browser' strategy...
2026-01-01 12:49:13,325 - INFO - [BBC] Success with 'requests_browser'. Found content (646 words).
2026-01-01 12:49:13,409 - INFO - Saved article: What we know about the Switzerland ski resort fire from BBC
2026-01-01 12:49:13,793 - INFO - [The Hindu] Page content loaded.
2026-01-01 12:49:13,840 - INFO - [The Hindu] Success with 'selenium_browser'. Found content (355 words).
2026-01-01 12:49:13,975 - INFO - Saved article: Rehabilitate Karbi Anglong violence-affected families, demand Assam Opposition parties - The Hindu from The Hindu
2026-01-01 12:49:14,249 - INFO - [The Guardian] Article: https://www.theguardian.com/world/2026/jan/01/what-we-know-fire-swiss-ski-resort-bar-crans-montana
2026-01-01 12:49:14,249 - INFO - [The Guardian] Attempt 1/1: Trying with 'requests_browser' strategy...
2026-01-01 12:49:14,429 - INFO - [The Guardian] Success with 'requests_browser'. Found content (173 words).
2026-01-01 12:49:14,448 - INFO - [BBC] Article: https://www.bbc.com/news/articles/c4gweww8rjro?at_medium=RSS&at_campaign=rss
2026-01-01 12:49:14,448 - INFO - [BBC] Attempt 1/1: Trying with 'requests_browser' strategy...
2026-01-01 12:49:14,532 - INFO - Saved article: Le Constellation bar fire in Switzerland: what we know so far | Switzerland | The Guardian from The Guardian
2026-01-01 12:49:14,581 - INFO - [BBC] Success with 'requests_browser'. Found content (466 words).
2026-01-01 12:49:14,674 - INFO - Duplicate article skipped: Passenger describes 'chaos' after head-on Machu Picchu train collision from BBC
2026-01-01 12:49:15,421 - INFO - [The Hindu] Article: https://www.thehindu.com/news/national/india-asks-pakistan-to-expedite-release-of-indian-prisoners-in-its-custody/article70460308.ece
2026-01-01 12:49:15,421 - INFO - [The Hindu] Attempt 1/1: Trying with 'selenium_browser' strategy...
2026-01-01 12:49:15,554 - INFO - [The Guardian] Article: https://www.theguardian.com/world/2026/jan/01/more-women-reporting-abuse-norway-since-royal-family-member-allegations-trial
2026-01-01 12:49:15,554 - INFO - [The Guardian] Attempt 1/1: Trying with 'requests_browser' strategy...
2026-01-01 12:49:15,749 - INFO - [The Guardian] Success with 'requests_browser'. Found content (619 words).
2026-01-01 12:49:15,815 - INFO - Saved article: More women reporting abuse in Norway as member of royal family to go on trial for rape | Norway | The Guardian from The Guardian
2026-01-01 12:49:16,232 - INFO - [The Hindu] Page content loaded.
2026-01-01 12:49:16,278 - INFO - [The Hindu] Success with 'selenium_browser'. Found content (296 words).
2026-01-01 12:49:16,346 - INFO - Saved article: India asks Pakistan to expedite release of Indian prisoners in its custody - The Hindu from The Hindu
2026-01-01 12:49:17,298 - INFO - [The Guardian] Article: https://www.theguardian.com/world/2025/dec/31/finnish-police-seize-vessel-suspected-damaging-underwater-cable
2026-01-01 12:49:17,299 - INFO - [The Guardian] Attempt 1/1: Trying with 'requests_browser' strategy...
2026-01-01 12:49:17,501 - INFO - [The Guardian] Success with 'requests_browser'. Found content (632 words).
2026-01-01 12:49:17,594 - INFO - Duplicate article skipped: Finnish police seize vessel suspected of damaging underwater cable | Finland | The Guardian from The Guardian
2026-01-01 12:49:17,630 - INFO - [The Hindu] Article: https://www.thehindu.com/news/national/karnataka/ksrtc-launches-sarige-mitra-hrms-mobile-app-20-to-boost-employee-services/article70460004.ece
2026-01-01 12:49:17,631 - INFO - [The Hindu] Attempt 1/1: Trying with 'selenium_browser' strategy...
2026-01-01 12:49:18,996 - INFO - [The Hindu] Page content loaded.
2026-01-01 12:49:19,049 - INFO - [The Hindu] Success with 'selenium_browser'. Found content (176 words).
2026-01-01 12:49:19,148 - INFO - Saved article: KSRTC launches ‘Sarige Mitra’ HRMS mobile app 2.0 to boost employee services - The Hindu from The Hindu
2026-01-01 12:49:19,706 - INFO - [The Hindu] Article: https://www.thehindu.com/news/national/swiggy-zomato-magicpin-see-order-surge-on-new-year-eve-negligible-impact-of-gig-workers-strike/article70460313.ece
2026-01-01 12:49:19,706 - INFO - [The Hindu] Attempt 1/1: Trying with 'selenium_browser' strategy...
2026-01-01 12:49:20,888 - INFO - [The Hindu] Page content loaded.
2026-01-01 12:49:20,958 - INFO - [The Hindu] Success with 'selenium_browser'. Found content (583 words).
2026-01-01 12:49:21,049 - INFO - Saved article: Swiggy, Zomato, Magicpin see order surge on New Year Eve, negligible impact of gig workers' strike - The Hindu from The Hindu
2026-01-01 12:49:21,600 - INFO - [The Hindu] Article: https://www.thehindu.com/news/national/karnataka/bda-calls-tenders-for-tunnel-flyover-between-hebbal-and-mehkri-circle-project-to-cost-1655-crore-now/article70459893.ece
2026-01-01 12:49:21,600 - INFO - [The Hindu] Attempt 1/1: Trying with 'selenium_browser' strategy...
2026-01-01 12:49:54,726 - ERROR - [Times of India] Request failed for strategy 'selenium_browser' on URL https://timesofindia.indiatimes.com/world/us/us-visa-rules-from-january-1-ban-on-travel-for-39-countries-hike-in-immigration-related-fees/articleshow/126287650.cms: Message: timeout: Timed out receiving message from renderer: 59.730
  (Session info: chrome=143.0.7499.109)
Stacktrace:
#0 0x556d57abf19a <unknown>
#1 0x556d5753cc4b <unknown>
#2 0x556d57524cf3 <unknown>
#3 0x556d575249d6 <unknown>
#4 0x556d57522897 <unknown>
#5 0x556d575231af <unknown>
#6 0x556d57531970 <unknown>
#7 0x556d5754b017 <unknown>
#8 0x556d575516cb <unknown>
#9 0x556d575238d8 <unknown>
#10 0x556d5754adc3 <unknown>
#11 0x556d575d9f60 <unknown>
#12 0x556d57580c42 <unknown>
#13 0x556d575818f1 <unknown>
#14 0x556d57a87f39 <unknown>
#15 0x556d57a8ae7d <unknown>
#16 0x556d57a70c81 <unknown>
#17 0x556d57a8ba5b <unknown>
#18 0x556d57a57a50 <unknown>
#19 0x556d57aacaa8 <unknown>
#20 0x556d57aacc79 <unknown>
#21 0x556d57abe4f3 <unknown>
#22 0x7f468969caa4 <unknown>
#23 0x7f4689729c6c <unknown>

2026-01-01 12:49:54,726 - ERROR - [Times of India] All scrape strategies failed for https://timesofindia.indiatimes.com/world/us/us-visa-rules-from-january-1-ban-on-travel-for-39-countries-hike-in-immigration-related-fees/articleshow/126287650.cms. Falling back to RSS description.
2026-01-01 12:49:54,729 - INFO - Saved article: US visa rules from January 1: Travel ban for 39 countries; hike in immigration-related fees from Times of India
2026-01-01 12:49:55,666 - INFO - [Times of India] Article: https://timesofindia.indiatimes.com/world/middle-east/member-of-iranian-security-forces-killed-during-protests-state-media/articleshow/126286793.cms
2026-01-01 12:49:55,666 - INFO - [Times of India] Attempt 1/1: Trying with 'selenium_browser' strategy...
2026-01-01 12:49:56,932 - INFO - [Times of India] Page content loaded.
2026-01-01 12:49:57,096 - INFO - [Times of India] Success with 'selenium_browser'. Found content (444 words).
2026-01-01 12:49:57,158 - INFO - Saved article: Member of Iranian security forces killed during protests: state media - The Times of India from Times of India
2026-01-01 12:49:58,007 - INFO - [Times of India] Article: https://timesofindia.indiatimes.com/world/europe/russia-brings-war-to-new-year-zelenskyy-claims-moscow-fired-200-drones-targeted-energy-infrastructure/articleshow/126286756.cms
2026-01-01 12:49:58,007 - INFO - [Times of India] Attempt 1/1: Trying with 'selenium_browser' strategy...
2026-01-01 12:49:59,053 - INFO - [Times of India] Page content loaded.
2026-01-01 12:49:59,191 - INFO - [Times of India] Success with 'selenium_browser'. Found content (347 words).
2026-01-01 12:49:59,254 - INFO - Saved article: 'Russia brings war to New Year': Zelenskyy claims Moscow fired 200 drones; targeted energy infrastructure - The Times of India from Times of India
2026-01-01 12:50:00,589 - INFO - [Times of India] Article: https://timesofindia.indiatimes.com/world/us/12000-pound-sparkle-2026-celebrations-light-up-new-yorks-times-square-with-constellation-ball-watch/articleshow/126285983.cms
2026-01-01 12:50:00,589 - INFO - [Times of India] Attempt 1/1: Trying with 'selenium_browser' strategy...
2026-01-01 12:50:01,910 - INFO - [Times of India] Page content loaded.
2026-01-01 12:50:02,046 - INFO - [Times of India] Success with 'selenium_browser'. Found content (465 words).
2026-01-01 12:50:02,107 - INFO - Saved article: 12,000-pound sparkle: 2026 celebrations light up New York’s Times Square with Constellation Ball - watch - The Times of India from Times of India
2026-01-01 12:50:03,566 - INFO - [Times of India] Article: https://timesofindia.indiatimes.com/world/us/sworn-in-on-the-quran-zohran-mamdani-becomes-first-muslim-mayor-of-new-york-city-takes-oath-at-historic-subway-station/articleshow/126285549.cms
2026-01-01 12:50:03,566 - INFO - [Times of India] Attempt 1/1: Trying with 'selenium_browser' strategy...
2026-01-01 12:50:04,760 - INFO - [Times of India] Page content loaded.
2026-01-01 12:50:04,895 - INFO - [Times of India] Success with 'selenium_browser'. Found content (302 words).
2026-01-01 12:50:05,006 - INFO - Saved article: Sworn in on the Quran: Zohran Mamdani becomes first Muslim mayor of New York City; takes oath at historic subway station - The Times of India from Times of India
2026-01-01 12:50:05,698 - INFO - [Times of India] Article: https://timesofindia.indiatimes.com/world/europe/explosion-rips-through-a-bar-in-luxury-swiss-ski-resort-town-of-crans-montana-several-feared-dead-visuals-emerge/articleshow/126283685.cms
2026-01-01 12:50:05,698 - INFO - [Times of India] Attempt 1/1: Trying with 'selenium_browser' strategy...
2026-01-01 12:50:07,098 - INFO - [Times of India] Page content loaded.
2026-01-01 12:50:07,251 - INFO - [Times of India] Success with 'selenium_browser'. Found content (230 words).
2026-01-01 12:50:07,309 - INFO - Saved article: Explosion rips through a bar in luxury Swiss ski resort town of Crans Montana; several feared dead - visuals emerge - The Times of India from Times of India
2026-01-01 12:50:08,450 - INFO - [Times of India] Article: https://timesofindia.indiatimes.com/world/middle-east/uae-ras-al-khaimah-sets-guinness-world-record-with-15-minute-aerial-phoenix-drone-show/articleshow/126284975.cms
2026-01-01 12:50:08,450 - INFO - [Times of India] Attempt 1/1: Trying with 'selenium_browser' strategy...
2026-01-01 12:50:09,621 - INFO - [Times of India] Page content loaded.
2026-01-01 12:50:09,723 - INFO - [Times of India] Success with 'selenium_browser'. Found content (396 words).
2026-01-01 12:50:09,791 - INFO - Saved article: UAE: Ras Al Khaimah sets Guinness World Record with 15 minute aerial phoenix drone show | World News - The Times of India from Times of India
2026-01-01 12:50:11,063 - INFO - [Times of India] Article: https://timesofindia.indiatimes.com/world/us/something-very-special-live-jesus-portrait-auctioned-at-trumps-mar-a-lago-new-year-bash-why-it-stood-out/articleshow/126283250.cms
2026-01-01 12:50:11,063 - INFO - [Times of India] Attempt 1/1: Trying with 'selenium_browser' strategy...
2026-01-01 12:50:12,389 - INFO - [Times of India] Page content loaded.
2026-01-01 12:50:12,569 - INFO - [Times of India] Success with 'selenium_browser'. Found content (510 words).
2026-01-01 12:50:12,631 - INFO - Saved article: 'Something very special': Live Jesus portrait auctioned at Trump's Mar-a-Lago New Year bash — why it stood out - The Times of India from Times of India
2026-01-01 12:50:13,767 - INFO - [Times of India] Article: https://timesofindia.indiatimes.com/world/europe/impossible-to-intercept-russia-releases-video-showing-deployment-of-nuclear-capable-oreshnik-missiles-in-belarus-watch/articleshow/126283897.cms
2026-01-01 12:50:13,767 - INFO - [Times of India] Attempt 1/1: Trying with 'selenium_browser' strategy...
2026-01-01 12:50:14,622 - INFO - [Times of India] Page content loaded.
2026-01-01 12:50:14,722 - INFO - [Times of India] Success with 'selenium_browser'. Found content (534 words).
2026-01-01 12:50:14,784 - INFO - Saved article: ‘Impossible to intercept’: Russia releases video showing deployment of nuclear-capable Oreshnik missiles in Belarus- Watch | World News - The Times of India from Times of India
2026-01-01 12:50:15,971 - INFO - [Times of India] Article: https://timesofindia.indiatimes.com/world/middle-east/massive-protests-in-iran-widespread-shutdowns-govt-building-attacked-10-key-points/articleshow/126281765.cms
2026-01-01 12:50:15,971 - INFO - [Times of India] Attempt 1/1: Trying with 'selenium_browser' strategy...
2026-01-01 12:50:17,451 - INFO - [Times of India] Page content loaded.
2026-01-01 12:50:17,562 - INFO - [Times of India] Success with 'selenium_browser'. Found content (910 words).
2026-01-01 12:50:17,624 - INFO - Saved article: Massive protests in Iran: Widespread shutdowns; govt building attacked - 10 key points - The Times of India from Times of India
2026-01-01 12:50:18,559 - INFO - [Times of India] Article: https://timesofindia.indiatimes.com/world/middle-east/meet-the-first-babies-of-2026-uae-welcomes-the-new-year-with-tiny-stars-born-at-midnight/articleshow/126283236.cms
2026-01-01 12:50:18,559 - INFO - [Times of India] Attempt 1/1: Trying with 'selenium_browser' strategy...
2026-01-01 12:50:19,794 - INFO - [Times of India] Page content loaded.
2026-01-01 12:50:19,919 - INFO - [Times of India] Success with 'selenium_browser'. Found content (594 words).
2026-01-01 12:50:19,977 - INFO - Saved article: Meet the first babies of 2026: UAE welcomes the new year with tiny stars born at midnight | World News - The Times of India from Times of India
2026-01-01 12:50:21,064 - INFO - [Times of India] Article: https://timesofindia.indiatimes.com/world/us/ukraine-drone-plot-against-putin-us-intelligence-rejects-russian-claim-what-the-cia-says/articleshow/126282399.cms
2026-01-01 12:50:21,064 - INFO - [Times of India] Attempt 1/1: Trying with 'selenium_browser' strategy...
2026-01-01 12:50:22,356 - INFO - [Times of India] Page content loaded.
2026-01-01 12:50:22,492 - INFO - [Times of India] Success with 'selenium_browser'. Found content (385 words).
2026-01-01 12:50:22,575 - INFO - Saved article: Ukraine drone plot against Putin: US intelligence rejects Russian claim - What the CIA says - The Times of India from Times of India
2026-01-01 12:50:23,191 - INFO - [Times of India] Article: https://timesofindia.indiatimes.com/world/middle-east/uae-announces-petrol-and-diesel-prices-for-january-2026/articleshow/126282610.cms
2026-01-01 12:50:23,191 - INFO - [Times of India] Attempt 1/1: Trying with 'selenium_browser' strategy...
2026-01-01 12:50:24,320 - INFO - [Times of India] Page content loaded.
2026-01-01 12:50:24,467 - INFO - [Times of India] Success with 'selenium_browser'. Found content (116 words).
2026-01-01 12:50:24,532 - INFO - Saved article: UAE announces petrol and diesel prices for January 2026 | World News - The Times of India from Times of India
2026-01-01 12:50:25,328 - INFO - [Times of India] Article: https://timesofindia.indiatimes.com/world/us-streamers/is-hasanabi-serious-about-quitting-twitch-streaming-in-2026-his-latest-rant-suggests-mounting-frustration/articleshow/126280890.cms
2026-01-01 12:50:25,328 - INFO - [Times of India] Attempt 1/1: Trying with 'selenium_browser' strategy...
2026-01-01 12:50:26,746 - INFO - [Times of India] Page content loaded.
2026-01-01 12:50:26,868 - INFO - [Times of India] Success with 'selenium_browser'. Found content (362 words).
2026-01-01 12:50:26,991 - INFO - Saved article: Is HasanAbi serious about quitting Twitch streaming in 2026? His latest rant suggests mounting frustration - The Times of India from Times of India
2026-01-01 12:50:28,286 - INFO - [Times of India] Article: https://timesofindia.indiatimes.com/world/us-streamers/one-step-ahead-of-my-haters-candace-owens-stirs-buzz-with-viral-video-referencing-charlie-kirk-and-erika-kirk/articleshow/126280843.cms
2026-01-01 12:50:28,286 - INFO - [Times of India] Attempt 1/1: Trying with 'selenium_browser' strategy...
2026-01-01 12:50:29,191 - INFO - [Times of India] Page content loaded.
2026-01-01 12:50:29,294 - INFO - [Times of India] Success with 'selenium_browser'. Found content (411 words).
2026-01-01 12:50:29,364 - INFO - Saved article: “One step ahead of my haters”: Candace Owens stirs buzz with viral video referencing Charlie Kirk and Erika Kirk - The Times of India from Times of India
2026-01-01 12:50:30,597 - INFO - [Times of India] Article: https://timesofindia.indiatimes.com/world/us-streamers/what-is-youtuber-nick-shirley-exposing-minnesota-daycare-fund-fraud-claims-raise-somalia-group-controversy-and-federal-investigation/articleshow/126280768.cms
2026-01-01 12:50:30,597 - INFO - [Times of India] Attempt 1/1: Trying with 'selenium_browser' strategy...
2026-01-01 12:50:31,646 - INFO - [Times of India] Page content loaded.
2026-01-01 12:50:31,789 - INFO - [Times of India] Success with 'selenium_browser'. Found content (465 words).
2026-01-01 12:50:31,860 - INFO - Saved article: What is YouTuber Nick Shirley exposing? Minnesota daycare fund fraud claims raise Somalia group controversy and federal investigation - The Times of India from Times of India
2026-01-01 12:50:32,361 - INFO - [Times of India] Article: https://timesofindia.indiatimes.com/world/us-streamers/jeez-so-eerie-perez-hilton-reacts-to-disturbing-claims-about-nick-reiner-before-parents-killings/articleshow/126280659.cms
2026-01-01 12:50:32,362 - INFO - [Times of India] Attempt 1/1: Trying with 'selenium_browser' strategy...
2026-01-01 12:50:33,758 - INFO - [Times of India] Page content loaded.
2026-01-01 12:50:33,866 - INFO - [Times of India] Success with 'selenium_browser'. Found content (433 words).
2026-01-01 12:50:33,930 - INFO - Saved article: “Jeez. So eerie”: Perez Hilton reacts to disturbing claims about Nick Reiner before parents’ killings - The Times of India from Times of India
2026-01-01 12:50:34,733 - INFO - [Times of India] Article: https://timesofindia.indiatimes.com/world/us-streamers/that-girl-wanted-pink-adin-ross-stunned-as-6ix9ine-names-kai-cenat-ex-gigi-during-viral-diss-stream/articleshow/126280649.cms
2026-01-01 12:50:34,733 - INFO - [Times of India] Attempt 1/1: Trying with 'selenium_browser' strategy...
2026-01-01 12:50:35,758 - INFO - [Times of India] Page content loaded.
2026-01-01 12:50:35,855 - INFO - [Times of India] Success with 'selenium_browser'. Found content (394 words).
2026-01-01 12:50:35,912 - INFO - Saved article: “That girl wanted pink…”: Adin Ross stunned as 6ix9ine names Kai Cenat ex Gigi during viral diss stream - The Times of India from Times of India
2026-01-01 12:50:37,175 - INFO - [Times of India] Article: https://timesofindia.indiatimes.com/world/us-streamers/mrbeast-and-thea-booysen-combined-net-worth-how-the-worlds-richest-youtuber-and-his-partner-built-their-massive-wealth/articleshow/126278836.cms
2026-01-01 12:50:37,175 - INFO - [Times of India] Attempt 1/1: Trying with 'selenium_browser' strategy...
2026-01-01 12:50:38,255 - INFO - [Times of India] Page content loaded.
2026-01-01 12:50:38,362 - INFO - [Times of India] Success with 'selenium_browser'. Found content (380 words).
2026-01-01 12:50:38,421 - INFO - Saved article: MrBeast and Thea Booysen combined net worth: How the world’s richest YouTuber and his partner built their massive wealth - The Times of India from Times of India
2026-01-01 12:50:39,098 - INFO - [Times of India] Article: https://timesofindia.indiatimes.com/world/south-asia/bangladesh-health-adviser-resigns-2nd-official-to-exit-in-a-week/articleshow/126281190.cms
2026-01-01 12:50:39,098 - INFO - [Times of India] Attempt 1/1: Trying with 'selenium_browser' strategy...
2026-01-01 12:50:40,405 - INFO - [Times of India] Page content loaded.
2026-01-01 12:50:40,513 - INFO - [Times of India] Success with 'selenium_browser'. Found content (161 words).
2026-01-01 12:50:40,598 - INFO - Saved article: Bangladesh health adviser resigns from Yunus-led interim govt; second official to exit in a week - The Times of India from Times of India
2026-01-01 12:50:41,807 - INFO - [Times of India] (Thread) Finished. Attempting to shut down its Selenium driver.
2026-01-01 12:50:42,073 - INFO - [Times of India] (Thread) driver.quit() successful.
2026-01-01 12:51:21,683 - ERROR - [The Hindu] Request failed for strategy 'selenium_browser' on URL https://www.thehindu.com/news/national/karnataka/bda-calls-tenders-for-tunnel-flyover-between-hebbal-and-mehkri-circle-project-to-cost-1655-crore-now/article70459893.ece: HTTPConnectionPool(host='localhost', port=40507): Read timed out. (read timeout=120)
2026-01-01 12:51:21,683 - ERROR - [The Hindu] All scrape strategies failed for https://www.thehindu.com/news/national/karnataka/bda-calls-tenders-for-tunnel-flyover-between-hebbal-and-mehkri-circle-project-to-cost-1655-crore-now/article70459893.ece. Falling back to RSS description.
2026-01-01 12:51:21,685 - INFO - Saved article: BDA calls tenders for tunnel-flyover between Hebbal and Mehkri Circle, project to cost ₹1,655 crore now from The Hindu
2026-01-01 12:51:22,900 - INFO - [The Hindu] Article: https://www.thehindu.com/news/national/bihar/government-may-take-cognisance-of-land-related-cases-against-lalu-says-bihar-dy-cm/article70460274.ece
2026-01-01 12:51:22,900 - INFO - [The Hindu] Attempt 1/1: Trying with 'selenium_browser' strategy...
2026-01-01 12:53:22,904 - ERROR - [The Hindu] Request failed for strategy 'selenium_browser' on URL https://www.thehindu.com/news/national/bihar/government-may-take-cognisance-of-land-related-cases-against-lalu-says-bihar-dy-cm/article70460274.ece: HTTPConnectionPool(host='localhost', port=40507): Read timed out. (read timeout=120)
2026-01-01 12:53:22,904 - ERROR - [The Hindu] All scrape strategies failed for https://www.thehindu.com/news/national/bihar/government-may-take-cognisance-of-land-related-cases-against-lalu-says-bihar-dy-cm/article70460274.ece. Falling back to RSS description.
2026-01-01 12:53:22,906 - INFO - Saved article: Government may take cognisance of land-related cases against Lalu, says Bihar dy CM from The Hindu
2026-01-01 12:53:24,261 - INFO - [The Hindu] Article: https://www.thehindu.com/news/national/tamil-nadu/two-including-aiadmk-functionary-killed-in-government-bus-car-collision-near-thuraiyur/article70459979.ece
2026-01-01 12:53:24,261 - INFO - [The Hindu] Attempt 1/1: Trying with 'selenium_browser' strategy...
2026-01-01 12:55:24,268 - ERROR - [The Hindu] Request failed for strategy 'selenium_browser' on URL https://www.thehindu.com/news/national/tamil-nadu/two-including-aiadmk-functionary-killed-in-government-bus-car-collision-near-thuraiyur/article70459979.ece: HTTPConnectionPool(host='localhost', port=40507): Read timed out. (read timeout=120)
2026-01-01 12:55:24,268 - ERROR - [The Hindu] All scrape strategies failed for https://www.thehindu.com/news/national/tamil-nadu/two-including-aiadmk-functionary-killed-in-government-bus-car-collision-near-thuraiyur/article70459979.ece. Falling back to RSS description.
2026-01-01 12:55:24,270 - INFO - Saved article: Two, including AIADMK functionary, killed in government bus-car collision near Thuraiyur from The Hindu
2026-01-01 12:55:24,825 - INFO - [The Hindu] Article: https://www.thehindu.com/shorts/watch-fort-kochi-rings-in-the-new-year-with-ceremonial-burning-of-pappanji-effigy/article70460239.ece
2026-01-01 12:55:24,825 - INFO - [The Hindu] Attempt 1/1: Trying with 'selenium_browser' strategy...
2026-01-01 12:55:47,006 - CRITICAL - --- TIMEOUT: 1 scrape jobs did not complete in 420s. ---
2026-01-01 12:55:47,006 - ERROR - A thread has timed out and will be abandoned.
2026-01-01 12:55:47,006 - INFO - Shutting down thread pool (wait=False)...
2026-01-01 12:55:47,006 - INFO - Scraped: 20 Times of India, 8 BBC, 7 The Guardian, 1 Timed_Out_Jobs articles. (Total saved: 35)
2026-01-01 12:55:47,006 - INFO - --- Scraping job finished ---
2026-01-01 12:55:47,006 - INFO - --- Scraper service stopped and database connection closed. ---
2026-01-01 12:55:47,006 - INFO - --- Main thread finished. Forcing process exit to kill zombie threads. ---
