2026-01-12 02:00:56,558 - INFO - Initializing database connection at: news_articles.db
2026-01-12 02:00:56,558 - INFO - --- Scraper service started (CI Mode: Run Once) ---
2026-01-12 02:00:56,558 - INFO - --- Starting new scraping job (Parallel Mode) ---
2026-01-12 02:00:56,558 - INFO - Creating new robust session with 3 retries on 5xx/connection/read errors.
2026-01-12 02:00:56,558 - INFO - Proxy is DISABLED.
2026-01-12 02:00:56,559 - INFO - Starting scrape for BBC RSS feed: http://feeds.bbci.co.uk/news/world/rss.xml
2026-01-12 02:00:56,559 - INFO - [Times of India] (Thread) requires Selenium. Initializing driver...
2026-01-12 02:00:56,559 - INFO - Initializing headless Selenium Chrome driver (using SeleniumManager)...
2026-01-12 02:00:56,560 - INFO - Starting scrape for The Guardian RSS feed: https://www.theguardian.com/world/rss
2026-01-12 02:00:56,560 - INFO - [The Hindu] (Thread) requires Selenium. Initializing driver...
2026-01-12 02:00:56,560 - INFO - Initializing headless Selenium Chrome driver (using SeleniumManager)...
2026-01-12 02:00:56,560 - INFO - Submitted 4 jobs to thread pool. Waiting up to 420s for completion...
2026-01-12 02:00:56,759 - INFO - Found 45 articles in The Guardian RSS feed. Processing up to 25.
2026-01-12 02:00:56,760 - INFO - [The Guardian] Article: https://www.theguardian.com/global-development/2026/jan/09/the-gambia-female-genital-mutilation-fgm-supreme-court-case-overturn-ban
2026-01-12 02:00:56,760 - INFO - [The Guardian] Attempt 1/1: Trying with 'requests_browser' strategy...
2026-01-12 02:00:56,779 - INFO - Found 27 articles in BBC RSS feed. Processing up to 25.
2026-01-12 02:00:56,779 - INFO - [BBC] Article: https://www.bbc.com/news/articles/cm2jek15m8no?at_medium=RSS&at_campaign=rss
2026-01-12 02:00:56,779 - INFO - [BBC] Attempt 1/1: Trying with 'requests_browser' strategy...
2026-01-12 02:00:56,818 - INFO - [The Guardian] Success with 'requests_browser'. Found content (850 words).
2026-01-12 02:00:56,861 - INFO - Duplicate article skipped: Attempt to overturn the Gambia’s ban on FGM heard by supreme court | Global development | The Guardian from The Guardian
2026-01-12 02:00:57,032 - INFO - [BBC] Success with 'requests_browser'. Found content (1113 words).
2026-01-12 02:00:57,072 - INFO - Duplicate article skipped: Iran warns it will retaliate if US attacks, as hundreds killed in protests from BBC
2026-01-12 02:00:58,216 - INFO - [The Guardian] Article: https://www.theguardian.com/world/2026/jan/08/questions-targeting-impact-us-airstrikes-in-nigeria
2026-01-12 02:00:58,216 - INFO - [The Guardian] Attempt 1/1: Trying with 'requests_browser' strategy...
2026-01-12 02:00:58,368 - INFO - [The Guardian] Success with 'requests_browser'. Found content (795 words).
2026-01-12 02:00:58,405 - INFO - Duplicate article skipped: Two weeks on, questions linger over targeting and impact of US airstrikes in Nigeria | Nigeria | The Guardian from The Guardian
2026-01-12 02:00:58,456 - INFO - [BBC] Article: https://www.bbc.com/news/articles/cx2kv2gn62vo?at_medium=RSS&at_campaign=rss
2026-01-12 02:00:58,456 - INFO - [BBC] Attempt 1/1: Trying with 'requests_browser' strategy...
2026-01-12 02:00:58,522 - INFO - [BBC] Success with 'requests_browser'. Found content (807 words).
2026-01-12 02:00:58,568 - INFO - Saved article: Trump tells Cuba to 'make a deal, before it is too late' from BBC
2026-01-12 02:00:58,956 - INFO - [The Guardian] Article: https://www.theguardian.com/world/2026/jan/02/anthony-joshuas-driver-charged-with-dangerous-driving-after-fatal-crash-in-nigeria
2026-01-12 02:00:58,956 - INFO - [The Guardian] Attempt 1/1: Trying with 'requests_browser' strategy...
2026-01-12 02:00:59,102 - INFO - [The Guardian] Success with 'requests_browser'. Found content (346 words).
2026-01-12 02:00:59,135 - INFO - Duplicate article skipped: Anthony Joshua’s driver charged with dangerous driving after fatal crash in Nigeria | Anthony Joshua | The Guardian from The Guardian
2026-01-12 02:00:59,592 - INFO - [BBC] Article: https://www.bbc.com/news/articles/cvgpnwnqygro?at_medium=RSS&at_campaign=rss
2026-01-12 02:00:59,592 - INFO - [BBC] Attempt 1/1: Trying with 'requests_browser' strategy...
2026-01-12 02:00:59,644 - INFO - [BBC] Success with 'requests_browser'. Found content (856 words).
2026-01-12 02:00:59,684 - INFO - Duplicate article skipped: Thousands march and dozens arrested in Minneapolis protests against ICE from BBC
2026-01-12 02:00:59,791 - INFO - [The Guardian] Article: https://www.theguardian.com/science/2026/jan/01/cremation-pyre-in-africa-thought-to-be-worlds-oldest-containing-adult-remains
2026-01-12 02:00:59,791 - INFO - [The Guardian] Attempt 1/1: Trying with 'requests_browser' strategy...
2026-01-12 02:00:59,954 - INFO - [The Guardian] Success with 'requests_browser'. Found content (653 words).
2026-01-12 02:00:59,991 - INFO - Duplicate article skipped: Cremation pyre in Africa thought to be world’s oldest containing adult remains | Anthropology | The Guardian from The Guardian
2026-01-12 02:01:00,656 - INFO - [The Guardian] Article: https://www.theguardian.com/global-development/2026/jan/01/us-aid-cuts-conditions-un-humanitarian-pledge-ocha
2026-01-12 02:01:00,656 - INFO - [The Guardian] Attempt 1/1: Trying with 'requests_browser' strategy...
2026-01-12 02:01:00,806 - INFO - [The Guardian] Success with 'requests_browser'. Found content (631 words).
2026-01-12 02:01:00,844 - INFO - Duplicate article skipped: US ‘adapt, shrink or die’ terms for $2bn aid pot will mean UN bowing down to Washington, say experts | Aid | The Guardian from The Guardian
2026-01-12 02:01:01,140 - INFO - [BBC] Article: https://www.bbc.com/news/articles/c75xdg2p36lo?at_medium=RSS&at_campaign=rss
2026-01-12 02:01:01,140 - INFO - [BBC] Attempt 1/1: Trying with 'requests_browser' strategy...
2026-01-12 02:01:01,186 - INFO - [BBC] Success with 'requests_browser'. Found content (503 words).
2026-01-12 02:01:01,223 - INFO - Duplicate article skipped: One dead and 300 buildings destroyed in Australia bushfires from BBC
2026-01-12 02:01:01,765 - INFO - [The Guardian] Article: https://www.theguardian.com/us-news/2026/jan/11/trump-tells-cuba-to-make-a-deal-or-face-the-consequences
2026-01-12 02:01:01,765 - INFO - [The Guardian] Attempt 1/1: Trying with 'requests_browser' strategy...
2026-01-12 02:01:01,858 - INFO - [The Guardian] Success with 'requests_browser'. Found content (683 words).
2026-01-12 02:01:01,926 - INFO - Saved article: Trump tells Cuba to ‘make a deal’ or face the consequences | Cuba | The Guardian from The Guardian
2026-01-12 02:01:02,686 - INFO - [BBC] Article: https://www.bbc.com/news/articles/c74vnxlvl40o?at_medium=RSS&at_campaign=rss
2026-01-12 02:01:02,686 - INFO - [BBC] Attempt 1/1: Trying with 'requests_browser' strategy...
2026-01-12 02:01:02,732 - INFO - [BBC] Success with 'requests_browser'. Found content (330 words).
2026-01-12 02:01:02,769 - INFO - Saved article: Thousands of tourists stranded in Lapland as cold grounds flights from BBC
2026-01-12 02:01:03,118 - INFO - [The Guardian] Article: https://www.theguardian.com/us-news/2026/jan/11/ice-death-costa-rica-randall-gamboa-esquivel
2026-01-12 02:01:03,118 - INFO - [The Guardian] Attempt 1/1: Trying with 'requests_browser' strategy...
2026-01-12 02:01:03,162 - INFO - [The Guardian] Success with 'requests_browser'. Found content (1029 words).
2026-01-12 02:01:03,200 - INFO - Duplicate article skipped: Family seeks answers after ICE deported man to Costa Rica in vegetative state | ICE (US Immigration and Customs Enforcement) | The Guardian from The Guardian
2026-01-12 02:01:03,979 - INFO - [BBC] Article: https://www.bbc.com/news/articles/c4gr7nlx421o?at_medium=RSS&at_campaign=rss
2026-01-12 02:01:03,979 - INFO - [BBC] Attempt 1/1: Trying with 'requests_browser' strategy...
2026-01-12 02:01:04,026 - INFO - [BBC] Success with 'requests_browser'. Found content (354 words).
2026-01-12 02:01:04,063 - INFO - Saved article: Bride and groom killed by gas explosion day after Pakistan wedding from BBC
2026-01-12 02:01:04,256 - INFO - [The Guardian] Article: https://www.theguardian.com/us-news/2026/jan/10/us-citizens-venezuela-paramilitaries
2026-01-12 02:01:04,256 - INFO - [The Guardian] Attempt 1/1: Trying with 'requests_browser' strategy...
2026-01-12 02:01:04,296 - INFO - [The Guardian] Success with 'requests_browser'. Found content (454 words).
2026-01-12 02:01:04,332 - INFO - Duplicate article skipped: US urges its citizens to flee Venezuela amid reports of paramilitaries | Trump administration | The Guardian from The Guardian
2026-01-12 02:01:04,647 - INFO - [BBC] Article: https://www.bbc.com/news/articles/ckgn5g90lggo?at_medium=RSS&at_campaign=rss
2026-01-12 02:01:04,647 - INFO - [BBC] Attempt 1/1: Trying with 'requests_browser' strategy...
2026-01-12 02:01:04,702 - INFO - [BBC] Success with 'requests_browser'. Found content (353 words).
2026-01-12 02:01:04,742 - INFO - Saved article: Khartoum: Sudan's government return to capital after nearly 3 years of war from BBC
2026-01-12 02:01:05,396 - INFO - [The Guardian] Article: https://www.theguardian.com/world/2026/jan/10/nicaraguan-authorities-arrests-dozens-for-reportedly-supporting-maduro-capture
2026-01-12 02:01:05,396 - INFO - [The Guardian] Attempt 1/1: Trying with 'requests_browser' strategy...
2026-01-12 02:01:05,543 - INFO - [The Guardian] Success with 'requests_browser'. Found content (324 words).
2026-01-12 02:01:05,577 - INFO - Duplicate article skipped: Nicaraguan authorities arrest dozens for reportedly supporting Maduro capture | Nicaragua | The Guardian from The Guardian
2026-01-12 02:01:05,918 - INFO - [BBC] Article: https://www.bbc.com/news/articles/cly95x9qe4ko?at_medium=RSS&at_campaign=rss
2026-01-12 02:01:05,918 - INFO - [BBC] Attempt 1/1: Trying with 'requests_browser' strategy...
2026-01-12 02:01:05,963 - INFO - [BBC] Success with 'requests_browser'. Found content (537 words).
2026-01-12 02:01:05,998 - INFO - Duplicate article skipped: Bob Weir, Grateful Dead co-founder, dies aged 78 from BBC
2026-01-12 02:01:06,158 - INFO - [The Guardian] Article: https://www.theguardian.com/news/ng-interactive/2026/jan/10/trump-territorial-ambition-imperialism
2026-01-12 02:01:06,158 - INFO - [The Guardian] Attempt 1/1: Trying with 'requests_browser' strategy...
2026-01-12 02:01:06,207 - INFO - [The Guardian] Success with 'requests_browser'. Found content (2368 words).
2026-01-12 02:01:06,248 - INFO - Duplicate article skipped: Trump’s territorial ambition: new imperialism or a case of the emperor’s new clothes? | Trump administration | The Guardian from The Guardian
2026-01-12 02:01:07,370 - INFO - [The Guardian] Article: https://www.theguardian.com/world/2026/jan/11/underground-church-early-rain-leaders-detained-china-crackdown
2026-01-12 02:01:07,370 - INFO - [The Guardian] Attempt 1/1: Trying with 'requests_browser' strategy...
2026-01-12 02:01:07,406 - INFO - [BBC] Article: https://www.bbc.com/news/articles/cly9597r4qpo?at_medium=RSS&at_campaign=rss
2026-01-12 02:01:07,407 - INFO - [BBC] Attempt 1/1: Trying with 'requests_browser' strategy...
2026-01-12 02:01:07,411 - INFO - [The Guardian] Success with 'requests_browser'. Found content (871 words).
2026-01-12 02:01:07,465 - INFO - [BBC] Success with 'requests_browser'. Found content (467 words).
2026-01-12 02:01:07,687 - INFO - Saved article: Underground church says leaders detained as China steps up crackdown | China | The Guardian from The Guardian
2026-01-12 02:01:07,687 - INFO - Duplicate article skipped: US military strikes Islamic State group targets in Syria, officials say from BBC
2026-01-12 02:01:08,264 - INFO - [The Guardian] Article: https://www.theguardian.com/world/2026/jan/10/indonesia-blocks-musks-grok-chatbot-due-to-risk-of-pornographic-content
2026-01-12 02:01:08,264 - INFO - [The Guardian] Attempt 1/1: Trying with 'requests_browser' strategy...
2026-01-12 02:01:08,404 - INFO - [BBC] Article: https://www.bbc.com/news/articles/cx2p84xleg2o?at_medium=RSS&at_campaign=rss
2026-01-12 02:01:08,404 - INFO - [BBC] Attempt 1/1: Trying with 'requests_browser' strategy...
2026-01-12 02:01:08,412 - INFO - [The Guardian] Success with 'requests_browser'. Found content (505 words).
2026-01-12 02:01:08,449 - INFO - Duplicate article skipped: Indonesia blocks Musk’s Grok chatbot due to risk of pornographic content | Indonesia | The Guardian from The Guardian
2026-01-12 02:01:08,468 - INFO - [BBC] Success with 'requests_browser'. Found content (394 words).
2026-01-12 02:01:08,505 - INFO - Duplicate article skipped: Last Kurdish forces leave Aleppo after ceasefire deal reached from BBC
2026-01-12 02:01:09,217 - INFO - [The Guardian] Article: https://www.theguardian.com/world/2026/jan/08/alleged-scam-kingpin-chen-zhi-extradited-china-cambodia-arrest
2026-01-12 02:01:09,217 - INFO - [The Guardian] Attempt 1/1: Trying with 'requests_browser' strategy...
2026-01-12 02:01:09,365 - INFO - [The Guardian] Success with 'requests_browser'. Found content (590 words).
2026-01-12 02:01:09,403 - INFO - Duplicate article skipped: Alleged scam kingpin Chen Zhi arrives in China after extradition from Cambodia | Cambodia | The Guardian from The Guardian
2026-01-12 02:01:09,719 - INFO - [BBC] Article: https://www.bbc.com/news/articles/c0lx09e618yo?at_medium=RSS&at_campaign=rss
2026-01-12 02:01:09,720 - INFO - [BBC] Attempt 1/1: Trying with 'requests_browser' strategy...
2026-01-12 02:01:09,809 - INFO - [BBC] Success with 'requests_browser'. Found content (710 words).
2026-01-12 02:01:09,847 - INFO - Duplicate article skipped: Chimamanda Ngozi Adichie's family accuses Euracare Hospital of negligence over son's death from BBC
2026-01-12 02:01:10,143 - INFO - [The Guardian] Article: https://www.theguardian.com/world/2026/jan/06/papua-new-guinea-internet-starlink-shut-down
2026-01-12 02:01:10,143 - INFO - [The Guardian] Attempt 1/1: Trying with 'requests_browser' strategy...
2026-01-12 02:01:10,184 - INFO - [The Guardian] Success with 'requests_browser'. Found content (558 words).
2026-01-12 02:01:10,220 - INFO - Duplicate article skipped: Anger in Papua New Guinea after Starlink ordered to shut down internet services | Papua New Guinea | The Guardian from The Guardian
2026-01-12 02:01:11,025 - INFO - [BBC] Article: https://www.bbc.com/news/articles/cly95lpwl1ro?at_medium=RSS&at_campaign=rss
2026-01-12 02:01:11,025 - INFO - [BBC] Attempt 1/1: Trying with 'requests_browser' strategy...
2026-01-12 02:01:11,070 - INFO - [BBC] Success with 'requests_browser'. Found content (379 words).
2026-01-12 02:01:11,108 - INFO - Duplicate article skipped: Rare first Superman comic once stolen from Nicolas Cage sells for $15m from BBC
2026-01-12 02:01:11,451 - INFO - [The Guardian] Article: https://www.theguardian.com/world/2026/jan/06/what-us-action-in-venezuela-means-for-taiwan
2026-01-12 02:01:11,451 - INFO - [The Guardian] Attempt 1/1: Trying with 'requests_browser' strategy...
2026-01-12 02:01:11,619 - INFO - Selenium driver initialized successfully.
2026-01-12 02:01:11,619 - INFO - Starting scrape for Times of India RSS feed: https://timesofindia.indiatimes.com/rssfeeds/296589292.cms
2026-01-12 02:01:11,620 - INFO - Selenium driver initialized successfully.
2026-01-12 02:01:11,620 - INFO - Starting scrape for The Hindu RSS feed: https://www.thehindu.com/news/national/feeder/default.rss
2026-01-12 02:01:11,627 - INFO - [The Guardian] Success with 'requests_browser'. Found content (938 words).
2026-01-12 02:01:11,666 - INFO - Duplicate article skipped: What does the US raid in Venezuela mean for China’s designs on Taiwan? | Taiwan | The Guardian from The Guardian
2026-01-12 02:01:11,791 - INFO - Found 100 articles in The Hindu RSS feed. Processing up to 25.
2026-01-12 02:01:11,792 - INFO - [The Hindu] Article: https://www.thehindu.com/news/national/maharashtra/nri-doctor-youtuber-sangram-patil-detained-at-mumbai-airport-over-defamation-case/article70499904.ece
2026-01-12 02:01:11,792 - INFO - [The Hindu] Attempt 1/1: Trying with 'selenium_browser' strategy...
2026-01-12 02:01:11,810 - INFO - [BBC] Article: https://www.bbc.com/news/articles/cn42jqlqy4xo?at_medium=RSS&at_campaign=rss
2026-01-12 02:01:11,810 - INFO - [BBC] Attempt 1/1: Trying with 'requests_browser' strategy...
2026-01-12 02:01:11,856 - INFO - [BBC] Success with 'requests_browser'. Found content (348 words).
2026-01-12 02:01:11,891 - INFO - Duplicate article skipped: Philippines landfill collapse: Rescuers racing to find dozens still missing from BBC
2026-01-12 02:01:11,894 - INFO - Found 20 articles in Times of India RSS feed. Processing up to 25.
2026-01-12 02:01:11,894 - INFO - [Times of India] Article: https://timesofindia.indiatimes.com/world/us-streamers/mrbeast-celebrates-beast-games-season-2-hitting-1-in-the-usa/articleshow/126470695.cms
2026-01-12 02:01:11,894 - INFO - [Times of India] Attempt 1/1: Trying with 'selenium_browser' strategy...
2026-01-12 02:01:12,527 - INFO - [The Guardian] Article: https://www.theguardian.com/australia-news/live/2026/jan/12/victoria-bushfires-adelaide-festival-writers-week-board-chair-resigns-anthony-albanese-labor-sussan-ley-coalition-ntwnfb
2026-01-12 02:01:12,527 - INFO - [The Guardian] Attempt 1/1: Trying with 'requests_browser' strategy...
2026-01-12 02:01:13,196 - INFO - [BBC] Article: https://www.bbc.com/news/articles/ce3kqzepp5zo?at_medium=RSS&at_campaign=rss
2026-01-12 02:01:13,196 - INFO - [BBC] Attempt 1/1: Trying with 'requests_browser' strategy...
2026-01-12 02:01:13,359 - INFO - [BBC] Success with 'requests_browser'. Found content (781 words).
2026-01-12 02:01:13,427 - INFO - Duplicate article skipped: Musk says outcry over X's Grok service is 'excuse for censorship' from BBC
2026-01-12 02:01:13,570 - INFO - [The Guardian] Success with 'requests_browser'. Found content (2393 words).
2026-01-12 02:01:13,744 - INFO - Saved article: Australia news live: Victoria announces new bushfire support payments after more than 350 structures lost; Wegovy to be added to PBS | Australia news | The Guardian from The Guardian
2026-01-12 02:01:14,044 - INFO - [BBC] Article: https://www.bbc.com/news/articles/c8d04zp8m26o?at_medium=RSS&at_campaign=rss
2026-01-12 02:01:14,044 - INFO - [BBC] Attempt 1/1: Trying with 'requests_browser' strategy...
2026-01-12 02:01:14,103 - INFO - [BBC] Success with 'requests_browser'. Found content (701 words).
2026-01-12 02:01:14,197 - INFO - Duplicate article skipped: Meagan Good and Jonathan Majors receive Guinean citizenship after DNA ancestry tests from BBC
2026-01-12 02:01:14,663 - INFO - [The Guardian] Article: https://www.theguardian.com/australia-news/2026/jan/12/queensland-weather-heavy-rain-floods-ex-tropical-cyclone-koji
2026-01-12 02:01:14,663 - INFO - [The Guardian] Attempt 1/1: Trying with 'requests_browser' strategy...
2026-01-12 02:01:14,711 - INFO - [The Guardian] Success with 'requests_browser'. Found content (373 words).
2026-01-12 02:01:14,770 - INFO - Saved article: Queensland braces for heavy rain and floods after ex-Tropical Cyclone Koji batters north | Queensland | The Guardian from The Guardian
2026-01-12 02:01:14,953 - INFO - [BBC] Article: https://www.bbc.com/news/articles/c623r47d67lo?at_medium=RSS&at_campaign=rss
2026-01-12 02:01:14,953 - INFO - [BBC] Attempt 1/1: Trying with 'requests_browser' strategy...
2026-01-12 02:01:15,315 - INFO - [BBC] Success with 'requests_browser'. Found content (5034 words).
2026-01-12 02:01:15,463 - INFO - Duplicate article skipped: The battle over Canada's mystery brain disease from BBC
2026-01-12 02:01:16,171 - INFO - [The Guardian] Article: https://www.theguardian.com/australia-news/2026/jan/12/australia-u16-social-media-ban-meta-blocked-half-million-accounts
2026-01-12 02:01:16,172 - INFO - [The Guardian] Attempt 1/1: Trying with 'requests_browser' strategy...
2026-01-12 02:01:16,422 - INFO - [The Guardian] Success with 'requests_browser'. Found content (502 words).
2026-01-12 02:01:16,507 - INFO - [BBC] Article: https://www.bbc.com/news/articles/cz7ndzw28v4o?at_medium=RSS&at_campaign=rss
2026-01-12 02:01:16,507 - INFO - [BBC] Attempt 1/1: Trying with 'requests_browser' strategy...
2026-01-12 02:01:16,615 - INFO - Saved article: Meta blocked nearly 550,000 accounts in first days of Australia’s under-16s social media ban | Social media ban | The Guardian from The Guardian
2026-01-12 02:01:16,696 - INFO - [BBC] Success with 'requests_browser'. Found content (1437 words).
2026-01-12 02:01:16,883 - INFO - Duplicate article skipped: Town cashing-in on China's billion-dollar appetite for luxury durian from BBC
2026-01-12 02:01:17,169 - INFO - [The Hindu] Page content loaded.
2026-01-12 02:01:17,336 - INFO - [The Hindu] Success with 'selenium_browser'. Found content (237 words).
2026-01-12 02:01:17,362 - INFO - [The Guardian] Article: https://www.theguardian.com/australia-news/2026/jan/12/alleged-racially-motivated-attack-muslim-religious-leader-victoria-arrests-ntwnfb
2026-01-12 02:01:17,363 - INFO - [The Guardian] Attempt 1/1: Trying with 'requests_browser' strategy...
2026-01-12 02:01:17,456 - INFO - [BBC] Article: https://www.bbc.com/news/articles/cj9rengvnp9o?at_medium=RSS&at_campaign=rss
2026-01-12 02:01:17,468 - INFO - [BBC] Attempt 1/1: Trying with 'requests_browser' strategy...
2026-01-12 02:01:17,515 - INFO - Saved article: NRI doctor-YouTuber Sangram Patil detained at Mumbai airport over defamation case - The Hindu from The Hindu
2026-01-12 02:01:17,524 - INFO - [The Guardian] Success with 'requests_browser'. Found content (274 words).
2026-01-12 02:01:17,721 - INFO - Saved article: Three arrested after alleged racially motivated attack on Muslim religious leader in Victoria | Victoria | The Guardian from The Guardian
2026-01-12 02:01:17,758 - INFO - [BBC] Success with 'requests_browser'. Found content (1377 words).
2026-01-12 02:01:17,957 - INFO - Duplicate article skipped: Iran medics describe hospitals overwhelmed with dead and injured protesters from BBC
2026-01-12 02:01:18,410 - INFO - [The Hindu] Article: https://www.thehindu.com/news/national/german-chancellor-friedrich-merz-india-visit-january-12-2026/article70499892.ece
2026-01-12 02:01:18,410 - INFO - [The Hindu] Attempt 1/1: Trying with 'selenium_browser' strategy...
2026-01-12 02:01:18,841 - INFO - [BBC] Article: https://www.bbc.com/news/articles/cz0pr807yz7o?at_medium=RSS&at_campaign=rss
2026-01-12 02:01:18,841 - INFO - [BBC] Attempt 1/1: Trying with 'requests_browser' strategy...
2026-01-12 02:01:18,983 - INFO - [The Guardian] Article: https://www.theguardian.com/culture/2026/jan/11/three-board-members-resign-from-adelaide-festival-as-randa-abdel-fattah-sends-legal-notice-ntwnfb
2026-01-12 02:01:18,983 - INFO - [The Guardian] Attempt 1/1: Trying with 'requests_browser' strategy...
2026-01-12 02:01:19,057 - INFO - [BBC] Success with 'requests_browser'. Found content (1139 words).
2026-01-12 02:01:19,278 - INFO - Duplicate article skipped: Bobi Wine: The former pop star taking on Yoweri Museveni in Uganda's election from BBC
2026-01-12 02:01:19,368 - INFO - [The Guardian] Success with 'requests_browser'. Found content (757 words).
2026-01-12 02:01:19,488 - INFO - Duplicate article skipped: Three board members and board chair resign from Adelaide festival as Randa Abdel-Fattah sends legal notice | Adelaide festival | The Guardian from The Guardian
2026-01-12 02:01:20,067 - INFO - [The Guardian] Article: https://www.theguardian.com/sport/2026/jan/11/avalanche-kills-british-skier-in-la-plagne-in-the-french-alps
2026-01-12 02:01:20,068 - INFO - [The Guardian] Attempt 1/1: Trying with 'requests_browser' strategy...
2026-01-12 02:01:20,245 - INFO - [The Guardian] Success with 'requests_browser'. Found content (117 words).
2026-01-12 02:01:20,341 - INFO - [BBC] Article: https://www.bbc.com/news/articles/c1dz0dz0zkvo?at_medium=RSS&at_campaign=rss
2026-01-12 02:01:20,341 - INFO - [BBC] Attempt 1/1: Trying with 'requests_browser' strategy...
2026-01-12 02:01:20,346 - INFO - Saved article: Avalanche kills British skier in La Plagne in the French Alps | Avalanches | The Guardian from The Guardian
2026-01-12 02:01:20,530 - INFO - [BBC] Success with 'requests_browser'. Found content (1171 words).
2026-01-12 02:01:20,618 - INFO - Duplicate article skipped: 'I had no electricity for six months': American families struggle with soaring energy prices from BBC
2026-01-12 02:01:21,155 - INFO - [BBC] Article: https://www.bbc.com/news/articles/c338d55p0k6o?at_medium=RSS&at_campaign=rss
2026-01-12 02:01:21,155 - INFO - [BBC] Attempt 1/1: Trying with 'requests_browser' strategy...
2026-01-12 02:01:21,304 - INFO - [BBC] Success with 'requests_browser'. Found content (1272 words).
2026-01-12 02:01:21,414 - INFO - Duplicate article skipped: How to watch the Golden Globes and who is nominated from BBC
2026-01-12 02:01:21,805 - INFO - [The Guardian] Article: https://www.theguardian.com/business/2026/jan/11/3000-jobs-at-risk-unless-mod-signs-helicopter-order-sources-say
2026-01-12 02:01:21,806 - INFO - [The Guardian] Attempt 1/1: Trying with 'requests_browser' strategy...
2026-01-12 02:01:21,927 - INFO - [The Hindu] Page content loaded.
2026-01-12 02:01:21,931 - INFO - [The Guardian] Success with 'requests_browser'. Found content (433 words).
2026-01-12 02:01:22,098 - INFO - Saved article: 3,000 jobs at risk unless MoD signs helicopter order, sources say | Aerospace industry | The Guardian from The Guardian
2026-01-12 02:01:22,225 - INFO - [The Hindu] Success with 'selenium_browser'. Found content (347 words).
2026-01-12 02:01:22,340 - INFO - Saved article: German Chancellor Friedrich Merz arrives in Ahmedabad, on his first official visit to India - The Hindu from The Hindu
2026-01-12 02:01:22,753 - INFO - [BBC] Article: https://www.bbc.com/news/videos/c78veq59823o?at_medium=RSS&at_campaign=rss
2026-01-12 02:01:22,754 - INFO - [BBC] Attempt 1/1: Trying with 'requests_browser' strategy...
2026-01-12 02:01:22,868 - INFO - [BBC] Success with 'requests_browser'. Found content (109 words).
2026-01-12 02:01:22,988 - INFO - Duplicate article skipped: 'We just want to be left alone': Greenlanders on Trump's takeover threats from BBC
2026-01-12 02:01:22,993 - INFO - [The Guardian] Article: https://www.theguardian.com/us-news/2026/jan/11/germany-rejects-rfk-jr-claims-about-covid-vaccine-exemption-prosecutions
2026-01-12 02:01:22,993 - INFO - [The Guardian] Attempt 1/1: Trying with 'requests_browser' strategy...
2026-01-12 02:01:23,182 - INFO - [The Hindu] Article: https://www.thehindu.com/news/national/telangana/discoms-reach-out-to-83-lakh-power-consumers-personally-with-deputy-cms-message/article70498005.ece
2026-01-12 02:01:23,183 - INFO - [The Hindu] Attempt 1/1: Trying with 'selenium_browser' strategy...
2026-01-12 02:01:23,254 - INFO - [The Guardian] Success with 'requests_browser'. Found content (417 words).
2026-01-12 02:01:23,444 - INFO - Saved article: Germany rejects RFK Jr claims about Covid vaccine exemption prosecutions | Robert F Kennedy Jr | The Guardian from The Guardian
2026-01-12 02:01:23,815 - INFO - [BBC] Article: https://www.bbc.com/news/videos/c78e9vmn7dgo?at_medium=RSS&at_campaign=rss
2026-01-12 02:01:23,815 - INFO - [BBC] Attempt 1/1: Trying with 'requests_browser' strategy...
2026-01-12 02:01:24,073 - WARNING - [BBC] FAILED with 'requests_browser' (content was too short: 77 words).
2026-01-12 02:01:24,073 - ERROR - [BBC] All scrape strategies failed for https://www.bbc.com/news/videos/c78e9vmn7dgo?at_medium=RSS&at_campaign=rss. Falling back to RSS description.
2026-01-12 02:01:24,074 - INFO - Duplicate article skipped: Watch: Buildings in Tehran set on fire as demonstrations spread across Iran from BBC
2026-01-12 02:01:24,617 - INFO - [The Guardian] Article: https://www.theguardian.com/world/2026/jan/11/denmark-fateful-moment-donald-trump-threats-greenland-mette-frederiksen
2026-01-12 02:01:24,617 - INFO - [The Guardian] Attempt 1/1: Trying with 'requests_browser' strategy...
2026-01-12 02:01:24,713 - INFO - [The Guardian] Success with 'requests_browser'. Found content (495 words).
2026-01-12 02:01:24,804 - INFO - Saved article: ‘Fateful moment’ for Denmark amid Trump threats to take over Greenland | Denmark | The Guardian from The Guardian
2026-01-12 02:01:24,907 - INFO - [BBC] Article: https://www.bbc.com/news/videos/c394vjengdgo?at_medium=RSS&at_campaign=rss
2026-01-12 02:01:24,907 - INFO - [BBC] Attempt 1/1: Trying with 'requests_browser' strategy...
2026-01-12 02:01:25,112 - WARNING - [BBC] FAILED with 'requests_browser' (content was too short: 44 words).
2026-01-12 02:01:25,112 - ERROR - [BBC] All scrape strategies failed for https://www.bbc.com/news/videos/c394vjengdgo?at_medium=RSS&at_campaign=rss. Falling back to RSS description.
2026-01-12 02:01:25,112 - INFO - Duplicate article skipped: Watch: Eyewitnesses recount deadly ICE shooting from BBC
2026-01-12 02:01:25,996 - INFO - [The Guardian] Article: https://www.theguardian.com/sport/2026/jan/11/guard-winter-olympic-construction-site-freezing-death
2026-01-12 02:01:25,996 - INFO - [The Guardian] Attempt 1/1: Trying with 'requests_browser' strategy...
2026-01-12 02:01:26,083 - INFO - [The Guardian] Success with 'requests_browser'. Found content (263 words).
2026-01-12 02:01:26,199 - INFO - Saved article: Guard at Winter Olympic construction site dies in freezing conditions | Winter Olympics 2026 | The Guardian from The Guardian
2026-01-12 02:01:26,416 - INFO - [BBC] Article: https://www.bbc.com/news/videos/cx2ypz4zjvxo?at_medium=RSS&at_campaign=rss
2026-01-12 02:01:26,416 - INFO - [BBC] Attempt 1/1: Trying with 'requests_browser' strategy...
2026-01-12 02:01:26,770 - WARNING - [BBC] FAILED with 'requests_browser' (content was too short: 79 words).
2026-01-12 02:01:26,771 - ERROR - [BBC] All scrape strategies failed for https://www.bbc.com/news/videos/cx2ypz4zjvxo?at_medium=RSS&at_campaign=rss. Falling back to RSS description.
2026-01-12 02:01:26,772 - INFO - Duplicate article skipped: Video shows moment US immigration agent fatally shoots woman from BBC
2026-01-12 02:01:28,680 - INFO - [The Hindu] Page content loaded.
2026-01-12 02:01:28,925 - INFO - [The Hindu] Success with 'selenium_browser'. Found content (175 words).
2026-01-12 02:01:29,187 - INFO - Saved article: Discoms reach out to 83 lakh power consumers personally with Deputy CM’s message - The Hindu from The Hindu
2026-01-12 02:01:30,320 - INFO - [The Hindu] Article: https://www.thehindu.com/news/national/tamil-nadu/marathon-held-in-ranipet/article70497899.ece
2026-01-12 02:01:30,321 - INFO - [The Hindu] Attempt 1/1: Trying with 'selenium_browser' strategy...
2026-01-12 02:01:32,590 - INFO - [The Hindu] Page content loaded.
2026-01-12 02:01:32,951 - INFO - [The Hindu] Success with 'selenium_browser'. Found content (115 words).
2026-01-12 02:01:33,122 - INFO - Saved article: Marathon held in Ranipet - The Hindu from The Hindu
2026-01-12 02:01:34,199 - INFO - [The Hindu] Article: https://www.thehindu.com/news/cities/chennai/city-residents-feel-the-chill-as-temperature-drops/article70498774.ece
2026-01-12 02:01:34,199 - INFO - [The Hindu] Attempt 1/1: Trying with 'selenium_browser' strategy...
2026-01-12 02:01:39,212 - INFO - [The Hindu] Page content loaded.
2026-01-12 02:01:39,408 - INFO - [The Hindu] Success with 'selenium_browser'. Found content (468 words).
2026-01-12 02:01:39,733 - INFO - Saved article: City residents feel the chill as temperature drops - The Hindu from The Hindu
2026-01-12 02:01:40,820 - INFO - [The Hindu] Article: https://www.thehindu.com/news/national/use-of-state-power-against-opposition-shrinks-democratic-space-says-ashwani-kumar/article70497980.ece
2026-01-12 02:01:40,820 - INFO - [The Hindu] Attempt 1/1: Trying with 'selenium_browser' strategy...
2026-01-12 02:01:41,513 - INFO - [The Hindu] Page content loaded.
2026-01-12 02:01:41,657 - INFO - [The Hindu] Success with 'selenium_browser'. Found content (697 words).
2026-01-12 02:01:41,765 - INFO - Saved article: Use of state power against Opposition shrinks democratic space, says Ashwani Kumar - The Hindu from The Hindu
2026-01-12 02:01:42,790 - INFO - [The Hindu] Article: https://www.thehindu.com/news/cities/chennai/the-hindulit-for-life-treasure-hunt-sees-huge-turnout/article70498580.ece
2026-01-12 02:01:42,790 - INFO - [The Hindu] Attempt 1/1: Trying with 'selenium_browser' strategy...
2026-01-12 02:01:43,933 - INFO - [The Hindu] Page content loaded.
2026-01-12 02:01:44,005 - INFO - [The Hindu] Success with 'selenium_browser'. Found content (295 words).
2026-01-12 02:01:44,125 - INFO - Saved article: The Hindu Lit For Life Treasure Hunt sees huge turnout - The Hindu from The Hindu
2026-01-12 02:01:44,706 - INFO - [The Hindu] Article: https://www.thehindu.com/news/national/jharkhand/hemant-soren-cherishes-memories-of-late-shibu-soren-on-82ndbirth-anniversary/article70498037.ece
2026-01-12 02:01:44,706 - INFO - [The Hindu] Attempt 1/1: Trying with 'selenium_browser' strategy...
2026-01-12 02:01:46,134 - INFO - [The Hindu] Page content loaded.
2026-01-12 02:01:46,200 - INFO - [The Hindu] Success with 'selenium_browser'. Found content (615 words).
2026-01-12 02:01:46,309 - INFO - Saved article: Hemant Soren cherishes memories of late Shibu Soren on 82nd birth anniversary - The Hindu from The Hindu
2026-01-12 02:01:47,468 - INFO - [The Hindu] Article: https://www.thehindu.com/news/national/madhya-pradesh/indore-diarrhoea-deaths-blindspotting-in-indias-cleanest-city/article70494359.ece
2026-01-12 02:01:47,468 - INFO - [The Hindu] Attempt 1/1: Trying with 'selenium_browser' strategy...
2026-01-12 02:01:49,093 - INFO - [The Hindu] Page content loaded.
2026-01-12 02:01:49,166 - INFO - [The Hindu] Success with 'selenium_browser'. Found content (2166 words).
2026-01-12 02:01:49,268 - INFO - Saved article: Indore diarrhoea deaths: Blindspotting in India’s cleanest city - The Hindu from The Hindu
2026-01-12 02:01:50,099 - INFO - [The Hindu] Article: https://www.thehindu.com/news/national/jammu-and-kashmir/amid-ongoing-training-to-village-guards-in-jk-a-volunteers-son-killed-in-accidental-firing/article70498728.ece
2026-01-12 02:01:50,100 - INFO - [The Hindu] Attempt 1/1: Trying with 'selenium_browser' strategy...
2026-01-12 02:01:51,715 - INFO - [The Hindu] Page content loaded.
2026-01-12 02:01:52,092 - INFO - [The Hindu] Success with 'selenium_browser'. Found content (375 words).
2026-01-12 02:01:52,255 - INFO - Saved article: Amid ongoing training to village guards in J&K, a volunteer’s son killed in ‘accidental firing’ - The Hindu from The Hindu
2026-01-12 02:01:53,058 - INFO - [The Hindu] Article: https://www.thehindu.com/news/national/jammu-and-kashmir/suspected-pakistan-drones-seen-hovering-over-areas-along-loc-ib-search-ops-launched-in-three-jk-districts/article70499178.ece
2026-01-12 02:01:53,059 - INFO - [The Hindu] Attempt 1/1: Trying with 'selenium_browser' strategy...
2026-01-12 02:01:54,026 - INFO - [The Hindu] Page content loaded.
2026-01-12 02:01:54,137 - INFO - [The Hindu] Success with 'selenium_browser'. Found content (255 words).
2026-01-12 02:01:54,277 - INFO - Saved article: Suspected Pakistan drones seen hovering over areas along LoC, IB; search ops launched in three J&K districts - The Hindu from The Hindu
2026-01-12 02:01:55,589 - INFO - [The Hindu] Article: https://www.thehindu.com/news/national/maharashtra/wont-let-bjp-and-adani-take-away-mumbai-say-thackeray-cousins/article70498884.ece
2026-01-12 02:01:55,589 - INFO - [The Hindu] Attempt 1/1: Trying with 'selenium_browser' strategy...
2026-01-12 02:01:58,615 - INFO - [The Hindu] Page content loaded.
2026-01-12 02:01:58,744 - INFO - [The Hindu] Success with 'selenium_browser'. Found content (804 words).
2026-01-12 02:01:58,833 - INFO - Saved article: Won’t let BJP and Adani take away Mumbai, say Thackeray cousins - The Hindu from The Hindu
2026-01-12 02:01:59,689 - INFO - [The Hindu] Article: https://www.thehindu.com/news/cities/kolkata/484-electors-from-kolkatas-chinese-community-deleted-during-sir-study/article70498340.ece
2026-01-12 02:01:59,689 - INFO - [The Hindu] Attempt 1/1: Trying with 'selenium_browser' strategy...
2026-01-12 02:02:00,515 - INFO - [The Hindu] Page content loaded.
2026-01-12 02:02:00,638 - INFO - [The Hindu] Success with 'selenium_browser'. Found content (406 words).
2026-01-12 02:02:00,718 - INFO - Saved article: 484 electors from Kolkata’s Chinese community deleted during SIR: study - The Hindu from The Hindu
2026-01-12 02:02:01,254 - INFO - [The Hindu] Article: https://www.thehindu.com/news/national/kerala/parties-ask-candidates-tosubmit-election-expenses/article70495198.ece
2026-01-12 02:02:01,254 - INFO - [The Hindu] Attempt 1/1: Trying with 'selenium_browser' strategy...
2026-01-12 02:02:03,006 - INFO - [The Hindu] Page content loaded.
2026-01-12 02:02:03,106 - INFO - [The Hindu] Success with 'selenium_browser'. Found content (359 words).
2026-01-12 02:02:03,212 - INFO - Saved article: Parties ask candidates to submit election expenses - The Hindu from The Hindu
2026-01-12 02:02:04,653 - INFO - [The Hindu] Article: https://www.thehindu.com/news/national/telangana/cm-betraying-people-with-honesty-as-hes-not-spared-any-section-ktr/article70498461.ece
2026-01-12 02:02:04,653 - INFO - [The Hindu] Attempt 1/1: Trying with 'selenium_browser' strategy...
2026-01-12 02:02:06,028 - INFO - [The Hindu] Page content loaded.
2026-01-12 02:02:06,265 - INFO - [The Hindu] Success with 'selenium_browser'. Found content (420 words).
2026-01-12 02:02:06,374 - INFO - Saved article: CM betraying people with honesty as he’s not spared any section: KTR - The Hindu from The Hindu
2026-01-12 02:02:07,777 - INFO - [The Hindu] Article: https://www.thehindu.com/news/cities/Delhi/ayushmanbharat-ceos-order-for-live-feed-breach-of-patient-privacy-haryanaima/article70498387.ece
2026-01-12 02:02:07,777 - INFO - [The Hindu] Attempt 1/1: Trying with 'selenium_browser' strategy...
2026-01-12 02:02:08,873 - INFO - [The Hindu] Page content loaded.
2026-01-12 02:02:09,061 - INFO - [The Hindu] Success with 'selenium_browser'. Found content (369 words).
2026-01-12 02:02:09,175 - INFO - Saved article: Ayushman Bharat CEO’s order for live feed breach of patient privacy: Haryana IMA - The Hindu from The Hindu
2026-01-12 02:02:09,975 - INFO - [The Hindu] Article: https://www.thehindu.com/news/national/tamil-nadu/curb-sale-of-ganja-with-an-iron-fist-dhinakaran-tells-tn-govt/article70497564.ece
2026-01-12 02:02:09,975 - INFO - [The Hindu] Attempt 1/1: Trying with 'selenium_browser' strategy...
2026-01-12 02:02:11,018 - INFO - [The Hindu] Page content loaded.
2026-01-12 02:02:11,113 - INFO - [The Hindu] Success with 'selenium_browser'. Found content (145 words).
2026-01-12 02:02:11,239 - INFO - Saved article: Curb sale of ganja with an iron fist, Dhinakaran tells T.N. govt - The Hindu from The Hindu
2026-01-12 02:02:12,657 - INFO - [The Hindu] Article: https://www.thehindu.com/news/national/tamil-nadu/extend-benefits-of-taps-to-panchayat-secretaries-vasan/article70497541.ece
2026-01-12 02:02:12,657 - INFO - [The Hindu] Attempt 1/1: Trying with 'selenium_browser' strategy...
2026-01-12 02:02:13,573 - INFO - [The Hindu] Page content loaded.
2026-01-12 02:02:13,707 - INFO - [The Hindu] Success with 'selenium_browser'. Found content (150 words).
2026-01-12 02:02:13,814 - INFO - Saved article: Extend benefits of TAPS to panchayat secretaries: Vasan - The Hindu from The Hindu
2026-01-12 02:02:14,665 - INFO - [The Hindu] Article: https://www.thehindu.com/news/national/tamil-nadu/ramadoss-urges-ec-to-take-action-against-anbumani/article70498051.ece
2026-01-12 02:02:14,666 - INFO - [The Hindu] Attempt 1/1: Trying with 'selenium_browser' strategy...
2026-01-12 02:02:17,688 - INFO - [The Hindu] Page content loaded.
2026-01-12 02:02:17,905 - INFO - [The Hindu] Success with 'selenium_browser'. Found content (135 words).
2026-01-12 02:02:17,997 - INFO - Saved article: Ramadoss urges EC to take action against Anbumani - The Hindu from The Hindu
2026-01-12 02:02:19,448 - INFO - [The Hindu] Article: https://www.thehindu.com/news/national/tamil-nadu/need-at-least-dmks-verbal-assurance-on-share-in-power/article70498467.ece
2026-01-12 02:02:19,448 - INFO - [The Hindu] Attempt 1/1: Trying with 'selenium_browser' strategy...
2026-01-12 02:02:20,157 - INFO - [The Hindu] Page content loaded.
2026-01-12 02:02:20,431 - INFO - [The Hindu] Success with 'selenium_browser'. Found content (349 words).
2026-01-12 02:02:20,589 - INFO - Saved article: ‘Need at least DMK’s verbal assurance on share in power’ - The Hindu from The Hindu
2026-01-12 02:02:21,656 - INFO - [The Hindu] Article: https://www.thehindu.com/news/national/tamil-nadu/deputy-cm-stresses-diasporas-role-in-tns-economic-growth/article70497397.ece
2026-01-12 02:02:21,656 - INFO - [The Hindu] Attempt 1/1: Trying with 'selenium_browser' strategy...
2026-01-12 02:02:22,519 - INFO - [The Hindu] Page content loaded.
2026-01-12 02:02:22,641 - INFO - [The Hindu] Success with 'selenium_browser'. Found content (394 words).
2026-01-12 02:02:22,747 - INFO - Saved article: Deputy CM stresses diaspora’s role in T.N.’s economic growth - The Hindu from The Hindu
2026-01-12 02:02:23,942 - INFO - [The Hindu] Article: https://www.thehindu.com/news/national/tamil-nadu/nlcil-wins-skoch-gold-award-for-financial-performance/article70497284.ece
2026-01-12 02:02:23,942 - INFO - [The Hindu] Attempt 1/1: Trying with 'selenium_browser' strategy...
2026-01-12 02:02:25,140 - INFO - [The Hindu] Page content loaded.
2026-01-12 02:02:25,237 - INFO - [The Hindu] Success with 'selenium_browser'. Found content (80 words).
2026-01-12 02:02:25,327 - INFO - Saved article: NLCIL wins SKOCH Gold award for financial performance - The Hindu from The Hindu
2026-01-12 02:02:25,893 - INFO - [The Hindu] Article: https://www.thehindu.com/news/national/tamil-nadu/case-booked-against-father-after-minor-son-riding-two-wheeler-hits-pedestrian/article70497553.ece
2026-01-12 02:02:25,893 - INFO - [The Hindu] Attempt 1/1: Trying with 'selenium_browser' strategy...
2026-01-12 02:02:27,230 - INFO - [The Hindu] Page content loaded.
2026-01-12 02:02:27,326 - INFO - [The Hindu] Success with 'selenium_browser'. Found content (163 words).
2026-01-12 02:02:27,441 - INFO - Saved article: Case booked against father after minor son riding two-wheeler hits pedestrian - The Hindu from The Hindu
2026-01-12 02:02:28,508 - INFO - [The Hindu] Article: https://www.thehindu.com/news/cities/chennai/chennai-bengaluru-expressway-project-stalls-due-to-delay-on-stretch-from-arakkonam-to-kancheepuram/article70498953.ece
2026-01-12 02:02:28,508 - INFO - [The Hindu] Attempt 1/1: Trying with 'selenium_browser' strategy...
2026-01-12 02:02:29,605 - INFO - [The Hindu] Page content loaded.
2026-01-12 02:02:29,760 - INFO - [The Hindu] Success with 'selenium_browser'. Found content (434 words).
2026-01-12 02:02:29,876 - INFO - Saved article: Chennai-Bengaluru expressway project stalls due to delay on stretch from Arakkonam to Kancheepuram - The Hindu from The Hindu
2026-01-12 02:02:31,314 - INFO - [The Hindu] Article: https://www.thehindu.com/news/national/tamil-nadu/cash-to-the-tune-of-5587-crore-disbursed-for-pongal-till-january-11-minister/article70498568.ece
2026-01-12 02:02:31,314 - INFO - [The Hindu] Attempt 1/1: Trying with 'selenium_browser' strategy...
2026-01-12 02:02:33,071 - INFO - [The Hindu] Page content loaded.
2026-01-12 02:02:33,315 - INFO - [The Hindu] Success with 'selenium_browser'. Found content (198 words).
2026-01-12 02:02:33,434 - INFO - Saved article: Cash to the tune of ₹5,587 crore disbursed for Pongal till January 11: Minister - The Hindu from The Hindu
2026-01-12 02:02:34,360 - INFO - [The Hindu] (Thread) Finished. Attempting to shut down its Selenium driver.
2026-01-12 02:02:34,514 - INFO - [The Hindu] (Thread) driver.quit() successful.
2026-01-12 02:03:11,935 - ERROR - [Times of India] Request failed for strategy 'selenium_browser' on URL https://timesofindia.indiatimes.com/world/us-streamers/mrbeast-celebrates-beast-games-season-2-hitting-1-in-the-usa/articleshow/126470695.cms: HTTPConnectionPool(host='localhost', port=57687): Read timed out. (read timeout=120)
2026-01-12 02:03:11,935 - ERROR - [Times of India] All scrape strategies failed for https://timesofindia.indiatimes.com/world/us-streamers/mrbeast-celebrates-beast-games-season-2-hitting-1-in-the-usa/articleshow/126470695.cms. Falling back to RSS description.
2026-01-12 02:03:11,936 - INFO - Saved article: MrBeast celebrates Beast Games season 2 hitting #1 in the USA from Times of India
2026-01-12 02:03:12,819 - INFO - [Times of India] Article: https://timesofindia.indiatimes.com/world/us-streamers/ishowspeed-stunned-as-stream-sniper-white-speed-appears-again-during-kenya-tour/articleshow/126470893.cms
2026-01-12 02:03:12,819 - INFO - [Times of India] Attempt 1/1: Trying with 'selenium_browser' strategy...
2026-01-12 02:05:12,920 - ERROR - [Times of India] Request failed for strategy 'selenium_browser' on URL https://timesofindia.indiatimes.com/world/us-streamers/ishowspeed-stunned-as-stream-sniper-white-speed-appears-again-during-kenya-tour/articleshow/126470893.cms: HTTPConnectionPool(host='localhost', port=57687): Read timed out. (read timeout=120)
2026-01-12 02:05:12,920 - ERROR - [Times of India] All scrape strategies failed for https://timesofindia.indiatimes.com/world/us-streamers/ishowspeed-stunned-as-stream-sniper-white-speed-appears-again-during-kenya-tour/articleshow/126470893.cms. Falling back to RSS description.
2026-01-12 02:05:12,922 - INFO - Saved article: IShowSpeed stunned as stream sniper White Speed appears again during Kenya tour from Times of India
2026-01-12 02:05:14,224 - INFO - [Times of India] Article: https://timesofindia.indiatimes.com/world/us-streamers/what-happened-between-kristy-scott-and-desmond-scott-as-tiktok-couple-files-divorce-over-alleged-infidelity-claims/articleshow/126470909.cms
2026-01-12 02:05:14,224 - INFO - [Times of India] Attempt 1/1: Trying with 'selenium_browser' strategy...
2026-01-12 02:07:14,284 - ERROR - [Times of India] Request failed for strategy 'selenium_browser' on URL https://timesofindia.indiatimes.com/world/us-streamers/what-happened-between-kristy-scott-and-desmond-scott-as-tiktok-couple-files-divorce-over-alleged-infidelity-claims/articleshow/126470909.cms: HTTPConnectionPool(host='localhost', port=57687): Read timed out. (read timeout=120)
2026-01-12 02:07:14,284 - ERROR - [Times of India] All scrape strategies failed for https://timesofindia.indiatimes.com/world/us-streamers/what-happened-between-kristy-scott-and-desmond-scott-as-tiktok-couple-files-divorce-over-alleged-infidelity-claims/articleshow/126470909.cms. Falling back to RSS description.
2026-01-12 02:07:14,286 - INFO - Saved article: What happened between Kristy Scott and Desmond Scott as TikTok couple files divorce over alleged infidelity claims from Times of India
2026-01-12 02:07:15,056 - INFO - [Times of India] Article: https://timesofindia.indiatimes.com/world/us-streamers/adin-ross-meets-ufc-fighter-bryce-mitchell-for-the-first-time-on-stream/articleshow/126470972.cms
2026-01-12 02:07:15,056 - INFO - [Times of India] Attempt 1/1: Trying with 'selenium_browser' strategy...
2026-01-12 02:07:56,561 - CRITICAL - --- TIMEOUT: 1 scrape jobs did not complete in 420s. ---
2026-01-12 02:07:56,561 - ERROR - A thread has timed out and will be abandoned.
2026-01-12 02:07:56,561 - INFO - Shutting down thread pool (wait=False)...
2026-01-12 02:07:56,561 - INFO - Scraped: 4 BBC, 11 The Guardian, 25 The Hindu, 1 Timed_Out_Jobs articles. (Total saved: 40)
2026-01-12 02:07:56,561 - INFO - --- Scraping job finished ---
2026-01-12 02:07:56,561 - INFO - --- Scraper service stopped and database connection closed. ---
2026-01-12 02:07:56,561 - INFO - --- Main thread finished. Forcing process exit to kill zombie threads. ---
