2026-02-06 13:05:31,421 - INFO - Initializing database connection at: news_articles.db
2026-02-06 13:05:31,421 - INFO - --- Scraper service started (CI Mode: Run Once) ---
2026-02-06 13:05:31,421 - INFO - --- Starting new scraping job (Parallel Mode) ---
2026-02-06 13:05:31,421 - INFO - Creating new robust session with 3 retries on 5xx/connection/read errors.
2026-02-06 13:05:31,422 - INFO - Proxy is DISABLED.
2026-02-06 13:05:31,422 - INFO - Starting scrape for BBC RSS feed: http://feeds.bbci.co.uk/news/world/rss.xml
2026-02-06 13:05:31,422 - INFO - [Times of India] (Thread) requires Selenium. Initializing driver...
2026-02-06 13:05:31,422 - INFO - Initializing headless Selenium Chrome driver (using SeleniumManager)...
2026-02-06 13:05:31,423 - INFO - Starting scrape for The Guardian RSS feed: https://www.theguardian.com/world/rss
2026-02-06 13:05:31,424 - INFO - [The Hindu] (Thread) requires Selenium. Initializing driver...
2026-02-06 13:05:31,424 - INFO - Initializing headless Selenium Chrome driver (using SeleniumManager)...
2026-02-06 13:05:31,424 - INFO - Submitted 4 jobs to thread pool. Waiting up to 420s for completion...
2026-02-06 13:05:31,584 - INFO - Found 45 articles in The Guardian RSS feed. Processing up to 25.
2026-02-06 13:05:31,584 - INFO - [The Guardian] Article: https://www.theguardian.com/environment/2026/feb/06/weather-tracker-storm-leonardo-europe-portugal-spain-northern-africa
2026-02-06 13:05:31,584 - INFO - [The Guardian] Attempt 1/1: Trying with 'requests_browser' strategy...
2026-02-06 13:05:31,614 - INFO - [The Guardian] Success with 'requests_browser'. Found content (438 words).
2026-02-06 13:05:31,665 - INFO - Saved article: Weather tracker: Storm Leonardo continues to batter Europe and northern Africa | Europe | The Guardian from The Guardian
2026-02-06 13:05:31,696 - INFO - Found 26 articles in BBC RSS feed. Processing up to 25.
2026-02-06 13:05:31,696 - INFO - [BBC] Article: https://www.bbc.com/news/articles/cr57g1y8286o?at_medium=RSS&at_campaign=rss
2026-02-06 13:05:31,696 - INFO - [BBC] Attempt 1/1: Trying with 'requests_browser' strategy...
2026-02-06 13:05:31,909 - INFO - [BBC] Success with 'requests_browser'. Found content (879 words).
2026-02-06 13:05:31,945 - INFO - Duplicate article skipped: US and Iran hold talks as fears of direct conflict continue from BBC
2026-02-06 13:05:32,589 - INFO - [The Guardian] Article: https://www.theguardian.com/world/2026/feb/05/nigeria-sends-troops-to-villages-attacked-by-jihadist-fighters
2026-02-06 13:05:32,589 - INFO - [The Guardian] Attempt 1/1: Trying with 'requests_browser' strategy...
2026-02-06 13:05:32,616 - INFO - [The Guardian] Success with 'requests_browser'. Found content (663 words).
2026-02-06 13:05:32,647 - INFO - Duplicate article skipped: ‘They killed my sons’: chief of Nigerian village where jihadists massacred hundreds recounts night of terror | Nigeria | The Guardian from The Guardian
2026-02-06 13:05:32,807 - INFO - [BBC] Article: https://www.bbc.com/news/articles/cg7y7gz2835o?at_medium=RSS&at_campaign=rss
2026-02-06 13:05:32,807 - INFO - [BBC] Attempt 1/1: Trying with 'requests_browser' strategy...
2026-02-06 13:05:32,837 - INFO - [BBC] Success with 'requests_browser'. Found content (154 words).
2026-02-06 13:05:32,866 - INFO - Saved article: More than 30 killed in blast at Pakistan mosque, officials say from BBC
2026-02-06 13:05:33,191 - INFO - [The Guardian] Article: https://www.theguardian.com/world/2026/feb/04/gunmen-west-nigeria-attack-red-cross
2026-02-06 13:05:33,192 - INFO - [The Guardian] Attempt 1/1: Trying with 'requests_browser' strategy...
2026-02-06 13:05:33,223 - INFO - [The Guardian] Success with 'requests_browser'. Found content (881 words).
2026-02-06 13:05:33,262 - INFO - Duplicate article skipped: Gunmen kill more than 160 people in attacks on two west Nigeria villages | Nigeria | The Guardian from The Guardian
2026-02-06 13:05:33,389 - INFO - [BBC] Article: https://www.bbc.com/news/articles/c3686nzexp3o?at_medium=RSS&at_campaign=rss
2026-02-06 13:05:33,389 - INFO - [BBC] Attempt 1/1: Trying with 'requests_browser' strategy...
2026-02-06 13:05:33,428 - INFO - [BBC] Success with 'requests_browser'. Found content (496 words).
2026-02-06 13:05:33,463 - INFO - Saved article: Russian general Alexeyev shot several times in Moscow attack from BBC
2026-02-06 13:05:34,608 - INFO - [The Guardian] Article: https://www.theguardian.com/world/2026/feb/04/uganda-opposition-leader-bobi-wine-in-hiding-muhoozi-kainerugaba-feud
2026-02-06 13:05:34,608 - INFO - [The Guardian] Attempt 1/1: Trying with 'requests_browser' strategy...
2026-02-06 13:05:34,637 - INFO - [The Guardian] Success with 'requests_browser'. Found content (873 words).
2026-02-06 13:05:34,669 - INFO - [BBC] Article: https://www.bbc.com/news/articles/c62rexy9y3no?at_medium=RSS&at_campaign=rss
2026-02-06 13:05:34,669 - INFO - [BBC] Attempt 1/1: Trying with 'requests_browser' strategy...
2026-02-06 13:05:34,670 - INFO - Duplicate article skipped: Ugandan opposition leader still in hiding as feud with president’s son escalates | Uganda | The Guardian from The Guardian
2026-02-06 13:05:34,719 - INFO - [BBC] Success with 'requests_browser'. Found content (1517 words).
2026-02-06 13:05:34,757 - INFO - Duplicate article skipped: We had sex in a Chinese hotel, then found we had been broadcast to thousands from BBC
2026-02-06 13:05:35,998 - INFO - [The Guardian] Article: https://www.theguardian.com/global-development/2026/feb/04/death-of-nigerian-singer-highlights-crisis-of-preventable-snakebite-fatalities
2026-02-06 13:05:35,999 - INFO - [The Guardian] Attempt 1/1: Trying with 'requests_browser' strategy...
2026-02-06 13:05:36,028 - INFO - [The Guardian] Success with 'requests_browser'. Found content (734 words).
2026-02-06 13:05:36,060 - INFO - Duplicate article skipped: Death of Nigerian singer after snakebite highlights crisis of ‘preventable’ fatalities | Global development | The Guardian from The Guardian
2026-02-06 13:05:36,224 - INFO - [BBC] Article: https://www.bbc.com/news/articles/c0r4lrly44xo?at_medium=RSS&at_campaign=rss
2026-02-06 13:05:36,224 - INFO - [BBC] Attempt 1/1: Trying with 'requests_browser' strategy...
2026-02-06 13:05:36,273 - INFO - [BBC] Success with 'requests_browser'. Found content (772 words).
2026-02-06 13:05:36,336 - INFO - Saved article: Canada and France to open Greenland consulates after Trump demands from BBC
2026-02-06 13:05:37,021 - INFO - [The Guardian] Article: https://www.theguardian.com/world/2026/feb/06/canada-and-france-open-greenland-consulates-in-show-of-denmark-support
2026-02-06 13:05:37,021 - INFO - [The Guardian] Attempt 1/1: Trying with 'requests_browser' strategy...
2026-02-06 13:05:37,212 - INFO - [The Guardian] Success with 'requests_browser'. Found content (352 words).
2026-02-06 13:05:37,251 - INFO - Saved article: Canada and France open Greenland consulates in show of Denmark support | Greenland | The Guardian from The Guardian
2026-02-06 13:05:37,823 - INFO - [BBC] Article: https://www.bbc.com/news/articles/cr7j7n315lmo?at_medium=RSS&at_campaign=rss
2026-02-06 13:05:37,823 - INFO - [BBC] Attempt 1/1: Trying with 'requests_browser' strategy...
2026-02-06 13:05:37,860 - INFO - [BBC] Success with 'requests_browser'. Found content (398 words).
2026-02-06 13:05:37,895 - INFO - Saved article: TikTok told by EU to change 'addictive design' or face fines from BBC
2026-02-06 13:05:38,402 - INFO - [The Guardian] Article: https://www.theguardian.com/world/2026/feb/05/trump-cuba-us-talks
2026-02-06 13:05:38,402 - INFO - [The Guardian] Attempt 1/1: Trying with 'requests_browser' strategy...
2026-02-06 13:05:38,431 - INFO - [The Guardian] Success with 'requests_browser'. Found content (529 words).
2026-02-06 13:05:38,461 - INFO - Duplicate article skipped: Cuba open to talks with US ‘without pressure’ after months of Trump threats | Cuba | The Guardian from The Guardian
2026-02-06 13:05:39,238 - INFO - [The Guardian] Article: https://www.theguardian.com/world/2026/feb/05/toronto-police-organized-crime-canada
2026-02-06 13:05:39,239 - INFO - [The Guardian] Attempt 1/1: Trying with 'requests_browser' strategy...
2026-02-06 13:05:39,268 - INFO - [The Guardian] Success with 'requests_browser'. Found content (622 words).
2026-02-06 13:05:39,299 - INFO - Duplicate article skipped: Eight current and former Toronto police arrested in organized crime inquiry | Canada | The Guardian from The Guardian
2026-02-06 13:05:39,306 - INFO - [BBC] Article: https://www.bbc.com/news/articles/c70l0wzww50o?at_medium=RSS&at_campaign=rss
2026-02-06 13:05:39,306 - INFO - [BBC] Attempt 1/1: Trying with 'requests_browser' strategy...
2026-02-06 13:05:39,342 - INFO - [BBC] Success with 'requests_browser'. Found content (464 words).
2026-02-06 13:05:39,381 - INFO - Saved article: Queen Elizabeth II: Coin portrait of late monarch criticised in Australia from BBC
2026-02-06 13:05:39,833 - INFO - [The Guardian] Article: https://www.theguardian.com/world/2026/feb/05/nicolas-maduro-alex-saab-caracas-venezuela
2026-02-06 13:05:39,834 - INFO - [The Guardian] Attempt 1/1: Trying with 'requests_browser' strategy...
2026-02-06 13:05:39,994 - INFO - [The Guardian] Success with 'requests_browser'. Found content (586 words).
2026-02-06 13:05:40,023 - INFO - Duplicate article skipped: Maduro’s alleged frontman Alex Saab reportedly detained in Caracas | Venezuela | The Guardian from The Guardian
2026-02-06 13:05:40,800 - INFO - Selenium driver initialized successfully.
2026-02-06 13:05:40,800 - INFO - Selenium driver initialized successfully.
2026-02-06 13:05:40,800 - INFO - Starting scrape for Times of India RSS feed: https://timesofindia.indiatimes.com/rssfeeds/296589292.cms
2026-02-06 13:05:40,800 - INFO - Starting scrape for The Hindu RSS feed: https://www.thehindu.com/news/national/feeder/default.rss
2026-02-06 13:05:40,839 - INFO - [BBC] Article: https://www.bbc.com/news/articles/c5yd14r2mgno?at_medium=RSS&at_campaign=rss
2026-02-06 13:05:40,839 - INFO - [BBC] Attempt 1/1: Trying with 'requests_browser' strategy...
2026-02-06 13:05:40,878 - INFO - [BBC] Success with 'requests_browser'. Found content (672 words).
2026-02-06 13:05:40,915 - INFO - Saved article: Trump endorses Japan's Takaichi before snap election from BBC
2026-02-06 13:05:41,042 - INFO - Found 100 articles in The Hindu RSS feed. Processing up to 25.
2026-02-06 13:05:41,043 - INFO - [The Hindu] Article: https://www.thehindu.com/news/national/kerala/two-held-for-alleged-sexual-assault-on-minors/article70599865.ece
2026-02-06 13:05:41,043 - INFO - [The Hindu] Attempt 1/1: Trying with 'selenium_browser' strategy...
2026-02-06 13:05:41,174 - INFO - Found 20 articles in Times of India RSS feed. Processing up to 25.
2026-02-06 13:05:41,174 - INFO - [Times of India] Article: https://timesofindia.indiatimes.com/world/us/should-we-take-all-our-soldiers-with-us-us-envoys-deleted-post-fuels-outrage-in-poland-amid-trump-insult-row/articleshow/127990320.cms
2026-02-06 13:05:41,174 - INFO - [Times of India] Attempt 1/1: Trying with 'selenium_browser' strategy...
2026-02-06 13:05:41,248 - INFO - [The Guardian] Article: https://www.theguardian.com/world/2026/feb/05/el-helicoide-delcy-rodriguez-venezuela
2026-02-06 13:05:41,248 - INFO - [The Guardian] Attempt 1/1: Trying with 'requests_browser' strategy...
2026-02-06 13:05:41,281 - INFO - [The Guardian] Success with 'requests_browser'. Found content (944 words).
2026-02-06 13:05:41,330 - INFO - Duplicate article skipped: Venezuela plan to turn notorious prison into cultural centre scrubs past horrors, critics say | Venezuela | The Guardian from The Guardian
2026-02-06 13:05:41,827 - INFO - [BBC] Article: https://www.bbc.com/news/articles/czx1xl98qkpo?at_medium=RSS&at_campaign=rss
2026-02-06 13:05:41,827 - INFO - [BBC] Attempt 1/1: Trying with 'requests_browser' strategy...
2026-02-06 13:05:41,878 - INFO - [BBC] Success with 'requests_browser'. Found content (339 words).
2026-02-06 13:05:41,931 - INFO - Saved article: Zambia fisherman fleeing elephants killed by crocodile from BBC
2026-02-06 13:05:42,032 - INFO - [The Guardian] Article: https://www.theguardian.com/world/2026/feb/06/wellington-sewage-leak-sea-new-zealand
2026-02-06 13:05:42,033 - INFO - [The Guardian] Attempt 1/1: Trying with 'requests_browser' strategy...
2026-02-06 13:05:42,075 - INFO - [The Guardian] Success with 'requests_browser'. Found content (598 words).
2026-02-06 13:05:42,148 - INFO - Saved article: Horror in Wellington as millions of litres of untreated sewage flow into the sea | New Zealand | The Guardian from The Guardian
2026-02-06 13:05:42,916 - INFO - [The Guardian] Article: https://www.theguardian.com/world/2026/feb/06/deaths-japan-record-breaking-snow-winter
2026-02-06 13:05:42,916 - INFO - [The Guardian] Attempt 1/1: Trying with 'requests_browser' strategy...
2026-02-06 13:05:43,023 - INFO - [The Guardian] Success with 'requests_browser'. Found content (428 words).
2026-02-06 13:05:43,095 - INFO - Saved article: Dozens dead after record snow in Japan – and officials warn warmer weather will be treacherous | Japan | The Guardian from The Guardian
2026-02-06 13:05:43,280 - INFO - [BBC] Article: https://www.bbc.com/news/articles/c2e18wvrx9xo?at_medium=RSS&at_campaign=rss
2026-02-06 13:05:43,281 - INFO - [BBC] Attempt 1/1: Trying with 'requests_browser' strategy...
2026-02-06 13:05:43,461 - INFO - [BBC] Success with 'requests_browser'. Found content (767 words).
2026-02-06 13:05:43,822 - INFO - [The Guardian] Article: https://www.theguardian.com/world/2026/feb/06/sana-mania-grips-japan-as-ultra-conservative-takaichi-expected-to-secure-election-landslide
2026-02-06 13:05:43,822 - INFO - [The Guardian] Attempt 1/1: Trying with 'requests_browser' strategy...
2026-02-06 13:05:43,909 - INFO - Duplicate article skipped: US police believe Savannah Guthrie's missing mother is 'still out there' from BBC
2026-02-06 13:05:43,930 - INFO - [The Guardian] Success with 'requests_browser'. Found content (960 words).
2026-02-06 13:05:44,038 - INFO - Saved article: ‘Sana-mania’ grips Japan as ultra-conservative Takaichi expected to secure election landslide | Japan | The Guardian from The Guardian
2026-02-06 13:05:45,140 - INFO - [BBC] Article: https://www.bbc.com/news/articles/cn404z8g31mo?at_medium=RSS&at_campaign=rss
2026-02-06 13:05:45,140 - INFO - [BBC] Attempt 1/1: Trying with 'requests_browser' strategy...
2026-02-06 13:05:45,241 - INFO - [The Hindu] Page content loaded.
2026-02-06 13:05:45,300 - INFO - [The Guardian] Article: https://www.theguardian.com/world/2026/feb/05/xi-jinping-donald-trump-phone-call-china-us-taiwan-relationship
2026-02-06 13:05:45,300 - INFO - [The Guardian] Attempt 1/1: Trying with 'requests_browser' strategy...
2026-02-06 13:05:45,339 - INFO - [BBC] Success with 'requests_browser'. Found content (727 words).
2026-02-06 13:05:45,529 - INFO - Saved article: FBI fugitive found hiding in north Wales set for extradited to USA from BBC
2026-02-06 13:05:45,583 - WARNING - [The Hindu] FAILED with 'selenium_browser' (content was too short: 79 words).
2026-02-06 13:05:45,584 - ERROR - [The Hindu] All scrape strategies failed for https://www.thehindu.com/news/national/kerala/two-held-for-alleged-sexual-assault-on-minors/article70599865.ece. Falling back to RSS description.
2026-02-06 13:05:45,609 - INFO - Saved article: Two held for alleged sexual assault on minors from The Hindu
2026-02-06 13:05:45,615 - INFO - [The Guardian] Success with 'requests_browser'. Found content (412 words).
2026-02-06 13:05:45,760 - INFO - Duplicate article skipped: Be ‘prudent’ about supplying arms to Taiwan, Xi tells Trump in call | China | The Guardian from The Guardian
2026-02-06 13:05:46,333 - INFO - [The Guardian] Article: https://www.theguardian.com/world/2026/feb/05/china-green-energy-sector-investment-growth
2026-02-06 13:05:46,333 - INFO - [The Guardian] Attempt 1/1: Trying with 'requests_browser' strategy...
2026-02-06 13:05:46,504 - INFO - [The Guardian] Success with 'requests_browser'. Found content (611 words).
2026-02-06 13:05:46,624 - INFO - [BBC] Article: https://www.bbc.com/news/articles/cy8y6w2nl0qo?at_medium=RSS&at_campaign=rss
2026-02-06 13:05:46,624 - INFO - [BBC] Attempt 1/1: Trying with 'requests_browser' strategy...
2026-02-06 13:05:46,686 - INFO - Duplicate article skipped: Green energy sector drove more than 90% of China’s investment growth last year, analysis finds | China | The Guardian from The Guardian
2026-02-06 13:05:46,728 - INFO - [The Hindu] Article: https://www.thehindu.com/news/national/karnataka/three-day-dry-chilli-mela-begins-in-hubballi/article70599951.ece
2026-02-06 13:05:46,728 - INFO - [The Hindu] Attempt 1/1: Trying with 'selenium_browser' strategy...
2026-02-06 13:05:46,881 - INFO - [BBC] Success with 'requests_browser'. Found content (322 words).
2026-02-06 13:05:47,012 - INFO - Duplicate article skipped: Norway investigates former PM Jagland over alleged Epstein links from BBC
2026-02-06 13:05:48,089 - INFO - [The Guardian] Article: https://www.theguardian.com/australia-news/live/2026/feb/06/anthony-albanese-indonesia-security-pact-sussan-ley-coalition-liberals-nationals-leadership-rba-interest-rates-inflation-ntwnfb
2026-02-06 13:05:48,089 - INFO - [The Guardian] Attempt 1/1: Trying with 'requests_browser' strategy...
2026-02-06 13:05:48,311 - INFO - [BBC] Article: https://www.bbc.com/news/articles/cly3ygj7189o?at_medium=RSS&at_campaign=rss
2026-02-06 13:05:48,311 - INFO - [BBC] Attempt 1/1: Trying with 'requests_browser' strategy...
2026-02-06 13:05:48,594 - INFO - [BBC] Success with 'requests_browser'. Found content (422 words).
2026-02-06 13:05:48,851 - INFO - Saved article: Pandora to switch from silver to platinum over price surge from BBC
2026-02-06 13:05:49,441 - INFO - [BBC] Article: https://www.bbc.com/news/articles/c150e144we3o?at_medium=RSS&at_campaign=rss
2026-02-06 13:05:49,441 - INFO - [BBC] Attempt 1/1: Trying with 'requests_browser' strategy...
2026-02-06 13:05:49,562 - INFO - [BBC] Success with 'requests_browser'. Found content (653 words).
2026-02-06 13:05:50,074 - INFO - [The Guardian] Success with 'requests_browser'. Found content (2869 words).
2026-02-06 13:05:50,288 - INFO - Saved article: Amazon shares fall as it joins Big Tech AI spending spree from BBC
2026-02-06 13:05:50,289 - INFO - Duplicate article skipped: PM praises ‘very significant’ Indonesia security pact – as it happened | Australia news | The Guardian from The Guardian
2026-02-06 13:05:51,616 - INFO - [BBC] Article: https://www.bbc.com/news/articles/cp8204g8lejo?at_medium=RSS&at_campaign=rss
2026-02-06 13:05:51,616 - INFO - [BBC] Attempt 1/1: Trying with 'requests_browser' strategy...
2026-02-06 13:05:51,675 - INFO - [The Guardian] Article: https://www.theguardian.com/australia-news/2026/feb/06/gus-lamonts-south-australia-devastated-grandmothers-hire-lawyers-after-police-declare-disappearance-a-major-ntwnfb
2026-02-06 13:05:51,675 - INFO - [The Guardian] Attempt 1/1: Trying with 'requests_browser' strategy...
2026-02-06 13:05:51,768 - INFO - [BBC] Success with 'requests_browser'. Found content (497 words).
2026-02-06 13:05:51,931 - INFO - Saved article: Three African countries agree to UK migrant returns after sanctions threat from BBC
2026-02-06 13:05:51,963 - INFO - [The Guardian] Success with 'requests_browser'. Found content (746 words).
2026-02-06 13:05:52,266 - INFO - Saved article: Gus Lamont’s grandmothers ‘devastated’ after police declare his disappearance a major crime | South Australia | The Guardian from The Guardian
2026-02-06 13:05:52,646 - INFO - [BBC] Article: https://www.bbc.com/news/articles/cn40ev200yjo?at_medium=RSS&at_campaign=rss
2026-02-06 13:05:52,646 - INFO - [BBC] Attempt 1/1: Trying with 'requests_browser' strategy...
2026-02-06 13:05:52,748 - INFO - [BBC] Success with 'requests_browser'. Found content (317 words).
2026-02-06 13:05:52,819 - INFO - [The Hindu] Page content loaded.
2026-02-06 13:05:52,858 - INFO - Saved article: Louvre Museum crown left crushed but 'intact' after raid from BBC
2026-02-06 13:05:53,034 - INFO - [The Guardian] Article: https://www.theguardian.com/environment/2026/feb/06/braun-wrasse-rare-fish-kelp-forest-western-australia
2026-02-06 13:05:53,034 - INFO - [The Guardian] Attempt 1/1: Trying with 'requests_browser' strategy...
2026-02-06 13:05:53,182 - INFO - [The Hindu] Success with 'selenium_browser'. Found content (430 words).
2026-02-06 13:05:53,338 - INFO - [The Guardian] Success with 'requests_browser'. Found content (535 words).
2026-02-06 13:05:53,398 - INFO - Saved article: Three-day Dry Chilli Mela begins in Hubballi - The Hindu from The Hindu
2026-02-06 13:05:53,510 - INFO - Saved article: That’s a wrasse! Rare fish spotted for first time since 2009 in kelp forest in Western Australia | Environment | The Guardian from The Guardian
2026-02-06 13:05:54,144 - INFO - [BBC] Article: https://www.bbc.com/news/articles/cp820jrq3yvo?at_medium=RSS&at_campaign=rss
2026-02-06 13:05:54,144 - INFO - [BBC] Attempt 1/1: Trying with 'requests_browser' strategy...
2026-02-06 13:05:54,289 - INFO - [BBC] Success with 'requests_browser'. Found content (1527 words).
2026-02-06 13:05:54,421 - INFO - Saved article: Thailand election: For the popular People's Party, winning the vote is only the first hurdle from BBC
2026-02-06 13:05:54,626 - INFO - [The Guardian] Article: https://www.theguardian.com/australia-news/2026/feb/06/man-shot-dead-police-nsw-after-stabbing-woman-ntwnfb
2026-02-06 13:05:54,626 - INFO - [The Guardian] Attempt 1/1: Trying with 'requests_browser' strategy...
2026-02-06 13:05:54,743 - INFO - [The Hindu] Article: https://www.thehindu.com/news/national/karnataka/prime-land-meant-for-hostel-cleared-of-encroachment-in-mysuru/article70600128.ece
2026-02-06 13:05:54,743 - INFO - [The Hindu] Attempt 1/1: Trying with 'selenium_browser' strategy...
2026-02-06 13:05:54,910 - INFO - [The Guardian] Success with 'requests_browser'. Found content (389 words).
2026-02-06 13:05:55,240 - INFO - Saved article: Man shot dead by NSW police after reportedly breaking into house with knife and chainsaw and stabbing woman | New South Wales | The Guardian from The Guardian
2026-02-06 13:05:55,363 - INFO - [BBC] Article: https://www.bbc.com/news/articles/c4g05xg1qzeo?at_medium=RSS&at_campaign=rss
2026-02-06 13:05:55,363 - INFO - [BBC] Attempt 1/1: Trying with 'requests_browser' strategy...
2026-02-06 13:05:55,610 - INFO - [BBC] Success with 'requests_browser'. Found content (929 words).
2026-02-06 13:05:55,820 - INFO - Duplicate article skipped: Spiti, Himachal Pradesh: Meet the women protecting India's snow leopards from BBC
2026-02-06 13:05:56,424 - INFO - [The Guardian] Article: https://www.theguardian.com/australia-news/2026/feb/06/tony-abbott-chief-justice-criticism-harbour-bridge-judge
2026-02-06 13:05:56,424 - INFO - [The Guardian] Attempt 1/1: Trying with 'requests_browser' strategy...
2026-02-06 13:05:56,519 - INFO - [BBC] Article: https://www.bbc.com/news/articles/cn0k6d6z7j3o?at_medium=RSS&at_campaign=rss
2026-02-06 13:05:56,519 - INFO - [BBC] Attempt 1/1: Trying with 'requests_browser' strategy...
2026-02-06 13:05:56,783 - INFO - [BBC] Success with 'requests_browser'. Found content (1937 words).
2026-02-06 13:05:56,844 - INFO - [The Guardian] Success with 'requests_browser'. Found content (625 words).
2026-02-06 13:05:57,091 - INFO - Saved article: US healthcare needs fixing, but there's no agreement on how to do it from BBC
2026-02-06 13:05:57,127 - INFO - Duplicate article skipped: NSW chief justice says Tony Abbott’s criticism of Harbour Bridge march judge ‘misconceived and ignorant’ | Australian law | The Guardian from The Guardian
2026-02-06 13:05:58,093 - INFO - [BBC] Article: https://www.bbc.com/sport/american-football/articles/cp82l659dero?at_medium=RSS&at_campaign=rss
2026-02-06 13:05:58,093 - INFO - [BBC] Attempt 1/1: Trying with 'requests_browser' strategy...
2026-02-06 13:05:58,248 - INFO - [BBC] Success with 'requests_browser'. Found content (1939 words).
2026-02-06 13:05:58,313 - INFO - [The Guardian] Article: https://www.theguardian.com/world/live/2026/feb/06/russian-military-intelligence-chief-shot-moscow-vladimir-alekseyev-ukraine-europe-live-news-updates
2026-02-06 13:05:58,313 - INFO - [The Guardian] Attempt 1/1: Trying with 'requests_browser' strategy...
2026-02-06 13:05:58,440 - INFO - Saved article: Donald Trump & the NFL - the feud featuring lawsuit, team bids and anthem debate - BBC Sport from BBC
2026-02-06 13:05:58,645 - INFO - [The Guardian] Success with 'requests_browser'. Found content (2002 words).
2026-02-06 13:05:58,869 - INFO - Saved article: Russia blames Ukraine for attempted assassination of top general – Europe live | Russia | The Guardian from The Guardian
2026-02-06 13:05:59,414 - INFO - [BBC] Article: https://www.bbc.com/sport/articles/czej70jyg4eo?at_medium=RSS&at_campaign=rss
2026-02-06 13:05:59,414 - INFO - [BBC] Attempt 1/1: Trying with 'requests_browser' strategy...
2026-02-06 13:05:59,469 - INFO - [The Guardian] Article: https://www.theguardian.com/technology/2026/feb/06/tiktok-app-addictive-design-preliminary-ruling-european-commission
2026-02-06 13:05:59,469 - INFO - [The Guardian] Attempt 1/1: Trying with 'requests_browser' strategy...
2026-02-06 13:05:59,567 - INFO - [BBC] Success with 'requests_browser'. Found content (474 words).
2026-02-06 13:05:59,774 - INFO - [The Guardian] Success with 'requests_browser'. Found content (493 words).
2026-02-06 13:06:00,095 - INFO - Saved article: Ski jumping: Wada responds to penis injection claims - BBC Sport from BBC
2026-02-06 13:06:00,249 - INFO - Saved article: TikTok could be forced to change app’s ‘addictive design’ by European Commission | TikTok | The Guardian from The Guardian
2026-02-06 13:06:00,887 - INFO - [The Guardian] Article: https://www.theguardian.com/world/2026/feb/06/calls-postpone-presidential-election-storm-leonardo-portugal-spain
2026-02-06 13:06:00,890 - INFO - [The Guardian] Attempt 1/1: Trying with 'requests_browser' strategy...
2026-02-06 13:06:00,952 - INFO - [BBC] Article: https://www.bbc.com/news/videos/cn8287ndz0go?at_medium=RSS&at_campaign=rss
2026-02-06 13:06:00,952 - INFO - [BBC] Attempt 1/1: Trying with 'requests_browser' strategy...
2026-02-06 13:06:01,149 - INFO - [BBC] Success with 'requests_browser'. Found content (89 words).
2026-02-06 13:06:01,253 - INFO - Saved article: Bad Bunny lookalike contest held in run up to Super Bowl from BBC
2026-02-06 13:06:01,290 - INFO - [The Guardian] Success with 'requests_browser'. Found content (627 words).
2026-02-06 13:06:01,421 - INFO - Saved article: Calls to postpone presidential election as Storm Leonardo lashes Portugal and Spain | Extreme weather | The Guardian from The Guardian
2026-02-06 13:06:02,229 - INFO - [BBC] Article: https://www.bbc.com/news/videos/c78e2g00llko?at_medium=RSS&at_campaign=rss
2026-02-06 13:06:02,230 - INFO - [BBC] Attempt 1/1: Trying with 'requests_browser' strategy...
2026-02-06 13:06:02,429 - INFO - [BBC] Success with 'requests_browser'. Found content (87 words).
2026-02-06 13:06:02,669 - INFO - Saved article: Watch: The US and Russia's nuclear treaty is dead. What comes next? from BBC
2026-02-06 13:06:02,905 - INFO - [The Guardian] Article: https://www.theguardian.com/world/2026/feb/06/only-seven-petrol-powered-cars-sold-in-norway-in-january
2026-02-06 13:06:02,905 - INFO - [The Guardian] Attempt 1/1: Trying with 'requests_browser' strategy...
2026-02-06 13:06:03,119 - INFO - [The Guardian] Success with 'requests_browser'. Found content (458 words).
2026-02-06 13:06:03,219 - INFO - [BBC] Article: https://www.bbc.com/news/videos/c8j342x3y08o?at_medium=RSS&at_campaign=rss
2026-02-06 13:06:03,219 - INFO - [BBC] Attempt 1/1: Trying with 'requests_browser' strategy...
2026-02-06 13:06:03,397 - INFO - Saved article: Only seven new petrol-powered cars sold in Norway in January | Norway | The Guardian from The Guardian
2026-02-06 13:06:03,586 - INFO - [BBC] Success with 'requests_browser'. Found content (94 words).
2026-02-06 13:06:03,857 - INFO - Saved article: Watch: What's happened since Savannah Guthrie's mother disappeared? from BBC
2026-02-06 13:06:04,437 - INFO - [The Guardian] Article: https://www.theguardian.com/world/2026/feb/06/russia-military-general-vladimir-alekseyev
2026-02-06 13:06:04,440 - INFO - [The Guardian] Attempt 1/1: Trying with 'requests_browser' strategy...
2026-02-06 13:06:04,651 - INFO - [The Guardian] Success with 'requests_browser'. Found content (511 words).
2026-02-06 13:06:04,729 - INFO - Saved article: Russian general Vladimir Alekseyev in critical condition after Moscow shooting | Russia | The Guardian from The Guardian
2026-02-06 13:06:05,055 - INFO - [BBC] Article: https://www.bbc.com/news/videos/c62wpd7wj3ro?at_medium=RSS&at_campaign=rss
2026-02-06 13:06:05,055 - INFO - [BBC] Attempt 1/1: Trying with 'requests_browser' strategy...
2026-02-06 13:06:05,193 - INFO - [BBC] Success with 'requests_browser'. Found content (93 words).
2026-02-06 13:06:05,306 - INFO - Duplicate article skipped: Inside Gaza hospital struggling to provide care to newborn babies from BBC
2026-02-06 13:06:41,209 - ERROR - [Times of India] Request failed for strategy 'selenium_browser' on URL https://timesofindia.indiatimes.com/world/us/should-we-take-all-our-soldiers-with-us-us-envoys-deleted-post-fuels-outrage-in-poland-amid-trump-insult-row/articleshow/127990320.cms: Message: timeout: Timed out receiving message from renderer: 59.921
  (Session info: chrome=144.0.7559.109)
Stacktrace:
#0 0x560d730084ba <unknown>
#1 0x560d72a71492 <unknown>
#2 0x560d72a58b47 <unknown>
#3 0x560d72a58756 <unknown>
#4 0x560d72a56271 <unknown>
#5 0x560d72a56bff <unknown>
#6 0x560d72a66150 <unknown>
#7 0x560d72a80147 <unknown>
#8 0x560d72a8734b <unknown>
#9 0x560d72a57369 <unknown>
#10 0x560d72a7feda <unknown>
#11 0x560d72b0fa78 <unknown>
#12 0x560d72ab86a2 <unknown>
#13 0x560d72ab9491 <unknown>
#14 0x560d72fce479 <unknown>
#15 0x560d72fd1391 <unknown>
#16 0x560d72fbaa89 <unknown>
#17 0x560d72fd1f4e <unknown>
#18 0x560d72fa1070 <unknown>
#19 0x560d72ff5ca8 <unknown>
#20 0x560d72ff5e78 <unknown>
#21 0x560d73007828 <unknown>
#22 0x7f83bb89caa4 <unknown>
#23 0x7f83bb929c6c <unknown>

2026-02-06 13:06:41,210 - ERROR - [Times of India] All scrape strategies failed for https://timesofindia.indiatimes.com/world/us/should-we-take-all-our-soldiers-with-us-us-envoys-deleted-post-fuels-outrage-in-poland-amid-trump-insult-row/articleshow/127990320.cms. Falling back to RSS description.
2026-02-06 13:06:41,215 - INFO - Saved article: US-Poland diplomatic row: US Envoy’s deleted post triggers public outrage in Poland from Times of India
2026-02-06 13:06:42,234 - INFO - [Times of India] Article: https://timesofindia.indiatimes.com/world/us-streamers/streamer-maya-higa-calls-out-bizarre-reality-of-her-image-turned-into-a-twitch-wide-emote-without-her-approval/articleshow/127974600.cms
2026-02-06 13:06:42,234 - INFO - [Times of India] Attempt 1/1: Trying with 'selenium_browser' strategy...
2026-02-06 13:06:42,984 - INFO - [Times of India] Page content loaded.
2026-02-06 13:06:43,102 - INFO - [Times of India] Success with 'selenium_browser'. Found content (355 words).
2026-02-06 13:06:43,164 - INFO - Saved article: Streamer Maya Higa calls out bizarre reality of her image turned into a Twitch-wide emote without her approval - The Times of India from Times of India
2026-02-06 13:06:43,759 - INFO - [Times of India] Article: https://timesofindia.indiatimes.com/world/rest-of-world/knysnas-drying-future-how-a-south-african-town-is-racing-to-save-its-water/articleshow/127985798.cms
2026-02-06 13:06:43,759 - INFO - [Times of India] Attempt 1/1: Trying with 'selenium_browser' strategy...
2026-02-06 13:06:44,449 - INFO - [Times of India] Page content loaded.
2026-02-06 13:06:44,594 - INFO - [Times of India] Success with 'selenium_browser'. Found content (1604 words).
2026-02-06 13:06:44,663 - INFO - Saved article: Knysna’s drying future: How a South African town is racing to save its water | World News - The Times of India from Times of India
2026-02-06 13:06:45,467 - INFO - [Times of India] Article: https://timesofindia.indiatimes.com/world/rest-of-world/indian-origin-driver-who-caused-2018-crash-killing-16-loses-final-bid-to-stay-in-canada-lawyer-says-hes-stressed-attending-counselling/articleshow/127988747.cms
2026-02-06 13:06:45,467 - INFO - [Times of India] Attempt 1/1: Trying with 'selenium_browser' strategy...
2026-02-06 13:06:47,006 - INFO - [Times of India] Page content loaded.
2026-02-06 13:06:47,159 - INFO - [Times of India] Success with 'selenium_browser'. Found content (291 words).
2026-02-06 13:06:47,218 - INFO - Saved article: Indian-origin driver who caused 2018 crash killing 16 loses final bid to stay in Canada, lawyer says he's stressed, attending counselling - The Times of India from Times of India
2026-02-06 13:06:48,540 - INFO - [Times of India] Article: https://timesofindia.indiatimes.com/world/rest-of-world/whats-hiding-under-antarcticas-ice-scientists-uncover-207-hidden-volcanoes/articleshow/127988579.cms
2026-02-06 13:06:48,540 - INFO - [Times of India] Attempt 1/1: Trying with 'selenium_browser' strategy...
2026-02-06 13:06:49,322 - INFO - [Times of India] Page content loaded.
2026-02-06 13:06:49,456 - INFO - [Times of India] Success with 'selenium_browser'. Found content (332 words).
2026-02-06 13:06:49,564 - INFO - Saved article: What’s hiding under Antarctica’s ice? Scientists uncover 207 hidden volcanoes | World News - The Times of India from Times of India
2026-02-06 13:06:50,110 - INFO - [Times of India] Article: https://timesofindia.indiatimes.com/world/pakistan/suicide-blast-in-pakistan-videos-shows-chaos-outside-islamabads-imambargah-after-deadly-explosion/articleshow/127986672.cms
2026-02-06 13:06:50,110 - INFO - [Times of India] Attempt 1/1: Trying with 'selenium_browser' strategy...
2026-02-06 13:06:50,926 - INFO - [Times of India] Page content loaded.
2026-02-06 13:06:51,035 - INFO - [Times of India] Success with 'selenium_browser'. Found content (558 words).
2026-02-06 13:06:51,089 - INFO - Saved article: Suicide blast in Pakistan: Videos shows chaos outside Islamabad's Imambargah after deadly explosion - The Times of India from Times of India
2026-02-06 13:06:52,538 - INFO - [Times of India] Article: https://timesofindia.indiatimes.com/world/middle-east/uae-and-us-forge-pact-to-secure-critical-minerals-and-rare-earth-supply-chains/articleshow/127980488.cms
2026-02-06 13:06:52,538 - INFO - [Times of India] Attempt 1/1: Trying with 'selenium_browser' strategy...
2026-02-06 13:06:53,194 - INFO - [Times of India] Page content loaded.
2026-02-06 13:06:53,292 - INFO - [Times of India] Success with 'selenium_browser'. Found content (443 words).
2026-02-06 13:06:53,343 - INFO - Saved article: UAE and US forge pact to secure critical minerals and rare earth supply chains | World News - The Times of India from Times of India
2026-02-06 13:06:54,733 - INFO - [Times of India] Article: https://timesofindia.indiatimes.com/world/middle-east/oman-air-launches-global-sale-2026-with-up-to-20-off-flights-to-40-international-cities/articleshow/127985362.cms
2026-02-06 13:06:54,733 - INFO - [Times of India] Attempt 1/1: Trying with 'selenium_browser' strategy...
2026-02-06 13:06:54,765 - ERROR - [The Hindu] Request failed for strategy 'selenium_browser' on URL https://www.thehindu.com/news/national/karnataka/prime-land-meant-for-hostel-cleared-of-encroachment-in-mysuru/article70600128.ece: Message: timeout: Timed out receiving message from renderer: 57.635
  (Session info: chrome=144.0.7559.109)
Stacktrace:
#0 0x55c5bb44b4ba <unknown>
#1 0x55c5baeb4492 <unknown>
#2 0x55c5bae9bb47 <unknown>
#3 0x55c5bae9b756 <unknown>
#4 0x55c5bae99271 <unknown>
#5 0x55c5bae99bff <unknown>
#6 0x55c5baea9150 <unknown>
#7 0x55c5baec3147 <unknown>
#8 0x55c5baeca34b <unknown>
#9 0x55c5bae9a369 <unknown>
#10 0x55c5baec2eda <unknown>
#11 0x55c5baf52a78 <unknown>
#12 0x55c5baefb6a2 <unknown>
#13 0x55c5baefc491 <unknown>
#14 0x55c5bb411479 <unknown>
#15 0x55c5bb414391 <unknown>
#16 0x55c5bb3fda89 <unknown>
#17 0x55c5bb414f4e <unknown>
#18 0x55c5bb3e4070 <unknown>
#19 0x55c5bb438ca8 <unknown>
#20 0x55c5bb438e78 <unknown>
#21 0x55c5bb44a828 <unknown>
#22 0x7f17a769caa4 <unknown>
#23 0x7f17a7729c6c <unknown>

2026-02-06 13:06:54,765 - ERROR - [The Hindu] All scrape strategies failed for https://www.thehindu.com/news/national/karnataka/prime-land-meant-for-hostel-cleared-of-encroachment-in-mysuru/article70600128.ece. Falling back to RSS description.
2026-02-06 13:06:54,767 - INFO - Saved article: Prime land meant for hostel cleared of encroachment in Mysuru from The Hindu
2026-02-06 13:06:55,559 - INFO - [The Hindu] Article: https://www.thehindu.com/news/national/kerala/conference-on-business-transformation-for-sustainability-held-at-marian-institute-of-management/article70600048.ece
2026-02-06 13:06:55,559 - INFO - [The Hindu] Attempt 1/1: Trying with 'selenium_browser' strategy...
2026-02-06 13:06:55,596 - INFO - [Times of India] Page content loaded.
2026-02-06 13:06:55,869 - INFO - [Times of India] Success with 'selenium_browser'. Found content (597 words).
2026-02-06 13:06:56,069 - INFO - Saved article: Oman Air launches Global Sale 2026 with up to 20% off flights to 40+ international cities | World News - The Times of India from Times of India
2026-02-06 13:06:57,015 - INFO - [Times of India] Article: https://timesofindia.indiatimes.com/world/south-asia/bangladesh-crisis-sound-grenades-tear-gas-used-on-protesters-near-yunus-residence/articleshow/127983220.cms
2026-02-06 13:06:57,015 - INFO - [Times of India] Attempt 1/1: Trying with 'selenium_browser' strategy...
2026-02-06 13:06:57,976 - INFO - [The Hindu] Page content loaded.
2026-02-06 13:06:58,169 - INFO - [The Hindu] Success with 'selenium_browser'. Found content (212 words).
2026-02-06 13:06:58,260 - INFO - Saved article: Conference on business transformation for sustainability held at Marian Institute of Management - The Hindu from The Hindu
2026-02-06 13:06:59,325 - INFO - [The Hindu] Article: https://www.thehindu.com/news/national/kerala/man-held-with-415-kg-of-suspected-ganja/article70599849.ece
2026-02-06 13:06:59,325 - INFO - [The Hindu] Attempt 1/1: Trying with 'selenium_browser' strategy...
2026-02-06 13:07:00,265 - INFO - [The Hindu] Page content loaded.
2026-02-06 13:07:00,340 - INFO - [The Hindu] Success with 'selenium_browser'. Found content (83 words).
2026-02-06 13:07:00,456 - INFO - Saved article: Man held with 41.5 kg of suspected ganja - The Hindu from The Hindu
2026-02-06 13:07:01,061 - INFO - [The Hindu] Article: https://www.thehindu.com/news/national/kerala/forest-dept-issues-alert-after-four-wild-elephants-in-musth-roam-near-munnar-town/article70600023.ece
2026-02-06 13:07:01,061 - INFO - [The Hindu] Attempt 1/1: Trying with 'selenium_browser' strategy...
2026-02-06 13:07:05,241 - INFO - [Times of India] Page content loaded.
2026-02-06 13:07:05,403 - INFO - [Times of India] Success with 'selenium_browser'. Found content (774 words).
2026-02-06 13:07:05,460 - INFO - Saved article: Bangladesh crisis: Sound grenades & tear gas used on protesters near Yunus residence - The Times of India from Times of India
2026-02-06 13:07:06,926 - INFO - [Times of India] Article: https://timesofindia.indiatimes.com/world/us/donald-trump-posts-ai-video-depicting-barack-and-michelle-obama-as-monkeys-democrats-condemn-post-as-racist/articleshow/127980734.cms
2026-02-06 13:07:06,926 - INFO - [Times of India] Attempt 1/1: Trying with 'selenium_browser' strategy...
2026-02-06 13:07:08,090 - INFO - [Times of India] Page content loaded.
2026-02-06 13:07:08,239 - INFO - [Times of India] Success with 'selenium_browser'. Found content (269 words).
2026-02-06 13:07:08,302 - INFO - Saved article: Donald Trump posts AI video depicting Barack and Michelle Obama as monkeys; Democrats condemn post as racist - The Times of India from Times of India
2026-02-06 13:07:09,291 - INFO - [Times of India] Article: https://timesofindia.indiatimes.com/world/middle-east/readiness-to-defend-against-any-adventurism-by-us-irans-massive-warning-ahead-of-oman-talks/articleshow/127978474.cms
2026-02-06 13:07:09,291 - INFO - [Times of India] Attempt 1/1: Trying with 'selenium_browser' strategy...
2026-02-06 13:07:10,144 - INFO - [Times of India] Page content loaded.
2026-02-06 13:07:10,318 - INFO - [Times of India] Success with 'selenium_browser'. Found content (412 words).
2026-02-06 13:07:10,370 - INFO - Saved article: 'Readiness to defend against any adventurism by US': Iran's massive warning ahead of Oman talks - The Times of India from Times of India
2026-02-06 13:07:11,580 - INFO - [Times of India] Article: https://timesofindia.indiatimes.com/world/middle-east/dubai-sharjah-to-see-rain-as-temperatures-hold-at-24c-authorities-issue-advisory/articleshow/127975163.cms
2026-02-06 13:07:11,580 - INFO - [Times of India] Attempt 1/1: Trying with 'selenium_browser' strategy...
2026-02-06 13:07:12,585 - INFO - [Times of India] Page content loaded.
2026-02-06 13:07:12,731 - INFO - [Times of India] Success with 'selenium_browser'. Found content (496 words).
2026-02-06 13:07:12,827 - INFO - Saved article: Dubai, Sharjah to see rain as temperatures hold at 24°C; authorities issue advisory | World News - The Times of India from Times of India
2026-02-06 13:07:14,277 - INFO - [Times of India] Article: https://timesofindia.indiatimes.com/world/middle-east/saudi-arabia-revokes-licences-of-74-private-schools-over-safety-and-regulatory-violations/articleshow/127974280.cms
2026-02-06 13:07:14,277 - INFO - [Times of India] Attempt 1/1: Trying with 'selenium_browser' strategy...
2026-02-06 13:07:15,059 - INFO - [Times of India] Page content loaded.
2026-02-06 13:07:15,195 - INFO - [Times of India] Success with 'selenium_browser'. Found content (347 words).
2026-02-06 13:07:15,243 - INFO - Saved article: Saudi Arabia revokes licences of 74 private schools over safety and regulatory violations | World News - The Times of India from Times of India
2026-02-06 13:07:16,341 - INFO - [Times of India] Article: https://timesofindia.indiatimes.com/world/middle-east/dubai-traffic-alert-today-major-road-closures-announced-for-uae-tour-women-2026/articleshow/127972828.cms
2026-02-06 13:07:16,341 - INFO - [Times of India] Attempt 1/1: Trying with 'selenium_browser' strategy...
2026-02-06 13:07:17,216 - INFO - [Times of India] Page content loaded.
2026-02-06 13:07:17,401 - INFO - [Times of India] Success with 'selenium_browser'. Found content (428 words).
2026-02-06 13:07:17,462 - INFO - Saved article: Dubai traffic alert today: Major road closures announced for UAE Tour Women 2026 | World News - The Times of India from Times of India
2026-02-06 13:07:17,969 - INFO - [Times of India] Article: https://timesofindia.indiatimes.com/world/us/16-billion-funding-freeze-trump-wanted-ny-airport-station-named-after-him-says-report/articleshow/127971187.cms
2026-02-06 13:07:17,969 - INFO - [Times of India] Attempt 1/1: Trying with 'selenium_browser' strategy...
2026-02-06 13:07:18,676 - INFO - [Times of India] Page content loaded.
2026-02-06 13:07:18,851 - INFO - [Times of India] Success with 'selenium_browser'. Found content (336 words).
2026-02-06 13:07:18,930 - INFO - Saved article: $16 billion funding freeze: Trump wanted NY airport, station named after him, says report - The Times of India from Times of India
2026-02-06 13:07:19,887 - INFO - [Times of India] Article: https://timesofindia.indiatimes.com/world/middle-east/uae-sheikh-hamdan-inaugurates-driverless-rt6-taxi-operations-in-dubai/articleshow/127971112.cms
2026-02-06 13:07:19,887 - INFO - [Times of India] Attempt 1/1: Trying with 'selenium_browser' strategy...
2026-02-06 13:07:20,810 - INFO - [Times of India] Page content loaded.
2026-02-06 13:07:20,921 - INFO - [Times of India] Success with 'selenium_browser'. Found content (384 words).
2026-02-06 13:07:20,995 - INFO - Saved article: UAE: Sheikh Hamdan inaugurates driverless RT6 taxi operations in Dubai | World News - The Times of India from Times of India
2026-02-06 13:07:22,289 - INFO - [Times of India] Article: https://timesofindia.indiatimes.com/world/middle-east/saudi-arabia-ministry-of-hajj-and-umrah-to-begin-issuing-hajj-2026-visas-from-sunday/articleshow/127969514.cms
2026-02-06 13:07:22,289 - INFO - [Times of India] Attempt 1/1: Trying with 'selenium_browser' strategy...
2026-02-06 13:07:22,838 - INFO - [Times of India] Page content loaded.
2026-02-06 13:07:22,982 - INFO - [Times of India] Success with 'selenium_browser'. Found content (406 words).
2026-02-06 13:07:23,047 - INFO - Saved article: Saudi Arabia: Ministry of Hajj and Umrah to begin issuing Hajj 2026 visas from Sunday | World News - The Times of India from Times of India
2026-02-06 13:07:23,659 - INFO - [Times of India] Article: https://timesofindia.indiatimes.com/science/why-science-says-ghosts-do-not-exist-the-real-reasons-behind-a-most-human-belief/articleshow/127881692.cms
2026-02-06 13:07:23,659 - INFO - [Times of India] Attempt 1/1: Trying with 'selenium_browser' strategy...
2026-02-06 13:07:24,387 - INFO - [Times of India] Page content loaded.
2026-02-06 13:07:24,535 - INFO - [Times of India] Success with 'selenium_browser'. Found content (1162 words).
2026-02-06 13:07:24,595 - INFO - Duplicate article skipped: Why science says ghosts do not exist: The real reasons behind a most human belief | - The Times of India from Times of India
2026-02-06 13:07:25,424 - INFO - [Times of India] Article: https://timesofindia.indiatimes.com/world/us-streamers/youtube-reveals-60-billion-revenue-in-2025-surpassing-netflix-for-the-first-time/articleshow/127952350.cms
2026-02-06 13:07:25,424 - INFO - [Times of India] Attempt 1/1: Trying with 'selenium_browser' strategy...
2026-02-06 13:07:26,664 - INFO - [Times of India] Page content loaded.
2026-02-06 13:07:26,770 - INFO - [Times of India] Success with 'selenium_browser'. Found content (403 words).
2026-02-06 13:07:26,834 - INFO - Duplicate article skipped: YouTube reveals $60 billion revenue in 2025, surpassing Netflix for the first time - The Times of India from Times of India
2026-02-06 13:07:27,739 - INFO - [Times of India] Article: https://timesofindia.indiatimes.com/world/us/savannah-guthries-missing-mother-blood-on-porch-ransom-notes-surface-family-pleads-for-answers-in-new-video/articleshow/127965660.cms
2026-02-06 13:07:27,739 - INFO - [Times of India] Attempt 1/1: Trying with 'selenium_browser' strategy...
2026-02-06 13:07:28,428 - INFO - [Times of India] Page content loaded.
2026-02-06 13:07:28,573 - INFO - [Times of India] Success with 'selenium_browser'. Found content (837 words).
2026-02-06 13:07:28,624 - INFO - Saved article: Savannah Guthrie’s missing mother: Blood on porch, ransom notes surface; family pleads for answers in new video - The Times of India from Times of India
2026-02-06 13:07:29,443 - INFO - [Times of India] (Thread) Finished. Attempting to shut down its Selenium driver.
2026-02-06 13:07:29,584 - INFO - [Times of India] (Thread) driver.quit() successful.
2026-02-06 13:08:01,073 - ERROR - [The Hindu] Request failed for strategy 'selenium_browser' on URL https://www.thehindu.com/news/national/kerala/forest-dept-issues-alert-after-four-wild-elephants-in-musth-roam-near-munnar-town/article70600023.ece: Message: timeout: Timed out receiving message from renderer: 59.163
  (Session info: chrome=144.0.7559.109)
Stacktrace:
#0 0x55c5bb44b4ba <unknown>
#1 0x55c5baeb4492 <unknown>
#2 0x55c5bae9bb47 <unknown>
#3 0x55c5bae9b756 <unknown>
#4 0x55c5bae99271 <unknown>
#5 0x55c5bae99bff <unknown>
#6 0x55c5baea9150 <unknown>
#7 0x55c5baec3147 <unknown>
#8 0x55c5baeca34b <unknown>
#9 0x55c5bae9a369 <unknown>
#10 0x55c5baec2eda <unknown>
#11 0x55c5baf52a78 <unknown>
#12 0x55c5baefb6a2 <unknown>
#13 0x55c5baefc491 <unknown>
#14 0x55c5bb411479 <unknown>
#15 0x55c5bb414391 <unknown>
#16 0x55c5bb3fda89 <unknown>
#17 0x55c5bb414f4e <unknown>
#18 0x55c5bb3e4070 <unknown>
#19 0x55c5bb438ca8 <unknown>
#20 0x55c5bb438e78 <unknown>
#21 0x55c5bb44a828 <unknown>
#22 0x7f17a769caa4 <unknown>
#23 0x7f17a7729c6c <unknown>

2026-02-06 13:08:01,073 - ERROR - [The Hindu] All scrape strategies failed for https://www.thehindu.com/news/national/kerala/forest-dept-issues-alert-after-four-wild-elephants-in-musth-roam-near-munnar-town/article70600023.ece. Falling back to RSS description.
2026-02-06 13:08:01,075 - INFO - Saved article: Forest dept. issues alert after four wild elephants in musth roam near Munnar town from The Hindu
2026-02-06 13:08:02,038 - INFO - [The Hindu] Article: https://www.thehindu.com/news/national/centre-expands-definition-for-startups-with-official-term-for-deep-tech-companies/article70599087.ece
2026-02-06 13:08:02,038 - INFO - [The Hindu] Attempt 1/1: Trying with 'selenium_browser' strategy...
2026-02-06 13:08:02,749 - INFO - [The Hindu] Page content loaded.
2026-02-06 13:08:02,862 - INFO - [The Hindu] Success with 'selenium_browser'. Found content (488 words).
2026-02-06 13:08:02,940 - INFO - Saved article: Centre outlines definition for ‘deep tech’ startup - The Hindu from The Hindu
2026-02-06 13:08:03,501 - INFO - [The Hindu] Article: https://www.thehindu.com/news/national/karnataka/vijayapura-boy-wins-3-gold-medals-at-indo-malaysia-yoga-championship/article70599896.ece
2026-02-06 13:08:03,501 - INFO - [The Hindu] Attempt 1/1: Trying with 'selenium_browser' strategy...
2026-02-06 13:08:04,638 - INFO - [The Hindu] Page content loaded.
2026-02-06 13:08:04,711 - INFO - [The Hindu] Success with 'selenium_browser'. Found content (88 words).
2026-02-06 13:08:04,779 - INFO - Saved article: Vijayapura boy wins 3 gold medals at Indo-Malaysia Yoga Championship - The Hindu from The Hindu
2026-02-06 13:08:05,861 - INFO - [The Hindu] Article: https://www.thehindu.com/news/cities/kolkata/bengal-budget-shows-state-sinking-into-abyss-of-appeasement-politics-under-mamata-bjp/article70600071.ece
2026-02-06 13:08:05,861 - INFO - [The Hindu] Attempt 1/1: Trying with 'selenium_browser' strategy...
2026-02-06 13:08:06,585 - INFO - [The Hindu] Page content loaded.
2026-02-06 13:08:06,649 - INFO - [The Hindu] Success with 'selenium_browser'. Found content (279 words).
2026-02-06 13:08:06,781 - INFO - Saved article: West Bengal Budget shows State sinking into abyss of appeasement politics under Mamata: BJP - The Hindu from The Hindu
2026-02-06 13:08:07,913 - INFO - [The Hindu] Article: https://www.thehindu.com/news/national/telangana/tg-icet-2026-applications-from-feb-12-online-test-on-may-13-and-14/article70599975.ece
2026-02-06 13:08:07,913 - INFO - [The Hindu] Attempt 1/1: Trying with 'selenium_browser' strategy...
2026-02-06 13:08:08,746 - INFO - [The Hindu] Page content loaded.
2026-02-06 13:08:08,895 - INFO - [The Hindu] Success with 'selenium_browser'. Found content (104 words).
2026-02-06 13:08:08,981 - INFO - Saved article: TG-ICET 2026 applications from Feb 12; online test on May 13 and 14 - The Hindu from The Hindu
2026-02-06 13:08:09,895 - INFO - [The Hindu] Article: https://www.thehindu.com/news/national/telangana/telanganas-we-hub-launches-campus-to-career-programme-to-bridge-education-and-employability-gap/article70599917.ece
2026-02-06 13:08:09,895 - INFO - [The Hindu] Attempt 1/1: Trying with 'selenium_browser' strategy...
2026-02-06 13:09:09,905 - ERROR - [The Hindu] Request failed for strategy 'selenium_browser' on URL https://www.thehindu.com/news/national/telangana/telanganas-we-hub-launches-campus-to-career-programme-to-bridge-education-and-employability-gap/article70599917.ece: Message: timeout: Timed out receiving message from renderer: 59.635
  (Session info: chrome=144.0.7559.109)
Stacktrace:
#0 0x55c5bb44b4ba <unknown>
#1 0x55c5baeb4492 <unknown>
#2 0x55c5bae9bb47 <unknown>
#3 0x55c5bae9b756 <unknown>
#4 0x55c5bae99271 <unknown>
#5 0x55c5bae99bff <unknown>
#6 0x55c5baea9150 <unknown>
#7 0x55c5baec3147 <unknown>
#8 0x55c5baeca34b <unknown>
#9 0x55c5bae9a369 <unknown>
#10 0x55c5baec2eda <unknown>
#11 0x55c5baf52a78 <unknown>
#12 0x55c5baefb6a2 <unknown>
#13 0x55c5baefc491 <unknown>
#14 0x55c5bb411479 <unknown>
#15 0x55c5bb414391 <unknown>
#16 0x55c5bb3fda89 <unknown>
#17 0x55c5bb414f4e <unknown>
#18 0x55c5bb3e4070 <unknown>
#19 0x55c5bb438ca8 <unknown>
#20 0x55c5bb438e78 <unknown>
#21 0x55c5bb44a828 <unknown>
#22 0x7f17a769caa4 <unknown>
#23 0x7f17a7729c6c <unknown>

2026-02-06 13:09:09,905 - ERROR - [The Hindu] All scrape strategies failed for https://www.thehindu.com/news/national/telangana/telanganas-we-hub-launches-campus-to-career-programme-to-bridge-education-and-employability-gap/article70599917.ece. Falling back to RSS description.
2026-02-06 13:09:09,907 - INFO - Saved article: Telangana’s WE Hub launches ‘campus-to-career’ programme to bridge education and employability gap from The Hindu
2026-02-06 13:09:11,102 - INFO - [The Hindu] Article: https://www.thehindu.com/news/cities/chennai/nine-including-actor-and-assistant-director-arrested-in-chennai-drug-bust/article70597001.ece
2026-02-06 13:09:11,102 - INFO - [The Hindu] Attempt 1/1: Trying with 'selenium_browser' strategy...
2026-02-06 13:09:11,739 - INFO - [The Hindu] Page content loaded.
2026-02-06 13:09:11,819 - INFO - [The Hindu] Success with 'selenium_browser'. Found content (361 words).
2026-02-06 13:09:11,899 - INFO - Saved article: Nine, including actor and assistant director, arrested in Chennai drug bust - The Hindu from The Hindu
2026-02-06 13:09:12,725 - INFO - [The Hindu] Article: https://www.thehindu.com/news/national/kerala/minor-accident-at-thiruvananthapuram-mch/article70599940.ece
2026-02-06 13:09:12,725 - INFO - [The Hindu] Attempt 1/1: Trying with 'selenium_browser' strategy...
2026-02-06 13:09:13,418 - INFO - [The Hindu] Page content loaded.
2026-02-06 13:09:13,452 - WARNING - [The Hindu] FAILED with 'selenium_browser' (content was too short: 76 words).
2026-02-06 13:09:13,452 - ERROR - [The Hindu] All scrape strategies failed for https://www.thehindu.com/news/national/kerala/minor-accident-at-thiruvananthapuram-mch/article70599940.ece. Falling back to RSS description.
2026-02-06 13:09:13,454 - INFO - Saved article: Minor accident at Thiruvananthapuram MCH from The Hindu
2026-02-06 13:09:14,009 - INFO - [The Hindu] Article: https://www.thehindu.com/news/national/telangana/325-lakh-people-availed-services-through-whatsapp-meeseva-number-since-launch-in-telangana/article70599868.ece
2026-02-06 13:09:14,009 - INFO - [The Hindu] Attempt 1/1: Trying with 'selenium_browser' strategy...
2026-02-06 13:09:14,518 - INFO - [The Hindu] Page content loaded.
2026-02-06 13:09:14,554 - INFO - [The Hindu] Success with 'selenium_browser'. Found content (321 words).
2026-02-06 13:09:14,598 - INFO - Saved article: 3.25 lakh people availed services through WhatsApp MeeSeva number since launch in Telangana - The Hindu from The Hindu
2026-02-06 13:09:15,481 - INFO - [The Hindu] Article: https://www.thehindu.com/news/national/kerala/foundation-stone-for-kerala-institute-of-organ-transplantation-to-be-laid-in-kozhikode-on-february-7/article70599933.ece
2026-02-06 13:09:15,481 - INFO - [The Hindu] Attempt 1/1: Trying with 'selenium_browser' strategy...
2026-02-06 13:09:16,490 - INFO - [The Hindu] Page content loaded.
2026-02-06 13:09:16,525 - INFO - [The Hindu] Success with 'selenium_browser'. Found content (263 words).
2026-02-06 13:09:16,569 - INFO - Saved article: Foundation stone for Kerala Institute of Organ Transplantation to be laid in Kozhikode on February 7 - The Hindu from The Hindu
2026-02-06 13:09:17,744 - INFO - [The Hindu] Article: https://www.thehindu.com/news/national/telangana/ncw-team-visits-telanganas-mulugu-to-probe-sexual-assault-of-13-year-old-at-medaram-jatara/article70599807.ece
2026-02-06 13:09:17,744 - INFO - [The Hindu] Attempt 1/1: Trying with 'selenium_browser' strategy...
2026-02-06 13:09:18,644 - INFO - [The Hindu] Page content loaded.
2026-02-06 13:09:18,773 - INFO - [The Hindu] Success with 'selenium_browser'. Found content (198 words).
2026-02-06 13:09:18,830 - INFO - Saved article: NCW team visits Telangana’s Mulugu to probe ‘sexual assault’ of 13-year-old at Medaram Jatara - The Hindu from The Hindu
2026-02-06 13:09:19,921 - INFO - [The Hindu] Article: https://www.thehindu.com/news/national/andhra-pradesh/naidu-tears-into-jagan-rule-vows-to-protect-farmers-lands/article70599710.ece
2026-02-06 13:09:19,921 - INFO - [The Hindu] Attempt 1/1: Trying with 'selenium_browser' strategy...
2026-02-06 13:09:20,643 - INFO - [The Hindu] Page content loaded.
2026-02-06 13:09:20,679 - INFO - [The Hindu] Success with 'selenium_browser'. Found content (475 words).
2026-02-06 13:09:20,745 - INFO - Saved article: Naidu tears into Jagan rule; vows to protect farmers’ lands - The Hindu from The Hindu
2026-02-06 13:09:22,207 - INFO - [The Hindu] Article: https://www.thehindu.com/news/national/andhra-pradesh/high-risk-manhunt-ends-in-gunfire-notorious-offender-shot-at-arrested/article70599815.ece
2026-02-06 13:09:22,207 - INFO - [The Hindu] Attempt 1/1: Trying with 'selenium_browser' strategy...
2026-02-06 13:09:23,135 - INFO - [The Hindu] Page content loaded.
2026-02-06 13:09:23,211 - INFO - [The Hindu] Success with 'selenium_browser'. Found content (216 words).
2026-02-06 13:09:23,287 - INFO - Saved article: High-risk manhunt ends in gunfire; notorious offender shot at, arrested - The Hindu from The Hindu
2026-02-06 13:09:24,374 - INFO - [The Hindu] Article: https://www.thehindu.com/news/national/tamil-nadu/tamil-nadu-government-issues-advisory-after-avian-influenza-detection-in-crow-samples/article70599470.ece
2026-02-06 13:09:24,374 - INFO - [The Hindu] Attempt 1/1: Trying with 'selenium_browser' strategy...
2026-02-06 13:09:25,314 - INFO - [The Hindu] Page content loaded.
2026-02-06 13:09:25,354 - INFO - [The Hindu] Success with 'selenium_browser'. Found content (388 words).
2026-02-06 13:09:25,396 - INFO - Saved article: Tamil Nadu government issues advisory after avian influenza detection in crow samples - The Hindu from The Hindu
2026-02-06 13:09:26,299 - INFO - [The Hindu] Article: https://www.thehindu.com/news/national/karnataka/no-leadership-change-in-karnataka-clear-signal-from-congress-high-command-says-mlc-yathindra-siddaramaiah/article70599631.ece
2026-02-06 13:09:26,299 - INFO - [The Hindu] Attempt 1/1: Trying with 'selenium_browser' strategy...
2026-02-06 13:09:28,182 - INFO - [The Hindu] Page content loaded.
2026-02-06 13:09:28,222 - INFO - [The Hindu] Success with 'selenium_browser'. Found content (391 words).
2026-02-06 13:09:28,265 - INFO - Saved article: No leadership change in Karnataka, clear signal from Congress high command: MLC Yathindra - The Hindu from The Hindu
2026-02-06 13:09:29,005 - INFO - [The Hindu] Article: https://www.thehindu.com/news/national/kerala/moolampilly-day-41-lost-lives-and-18-years-later-justice-remains-a-distant-dream-for-evictees/article70599359.ece
2026-02-06 13:09:29,005 - INFO - [The Hindu] Attempt 1/1: Trying with 'selenium_browser' strategy...
2026-02-06 13:09:29,676 - INFO - [The Hindu] Page content loaded.
2026-02-06 13:09:29,715 - INFO - [The Hindu] Success with 'selenium_browser'. Found content (454 words).
2026-02-06 13:09:29,831 - INFO - Saved article: Moolampilly Day: 41 lost lives and 18 years later, justice remains a distant dream for evictees - The Hindu from The Hindu
2026-02-06 13:09:31,090 - INFO - [The Hindu] Article: https://www.thehindu.com/news/national/kerala/deepak-death-case-sessions-court-defers-order-on-shimjithas-bail-plea-to-february-7/article70599694.ece
2026-02-06 13:09:31,090 - INFO - [The Hindu] Attempt 1/1: Trying with 'selenium_browser' strategy...
2026-02-06 13:09:31,817 - INFO - [The Hindu] Page content loaded.
2026-02-06 13:09:31,855 - INFO - [The Hindu] Success with 'selenium_browser'. Found content (260 words).
2026-02-06 13:09:31,897 - INFO - Saved article: Deepak death case: Sessions court defers order on Shimjitha’s bail plea to February 7 - The Hindu from The Hindu
2026-02-06 13:09:32,736 - INFO - [The Hindu] Article: https://www.thehindu.com/news/national/railways-financial-health-improves-in-last-10-years-surplus-revenue-after-meeting-cost-vaishnaw/article70599728.ece
2026-02-06 13:09:32,736 - INFO - [The Hindu] Attempt 1/1: Trying with 'selenium_browser' strategy...
2026-02-06 13:09:33,290 - INFO - [The Hindu] Page content loaded.
2026-02-06 13:09:33,369 - INFO - [The Hindu] Success with 'selenium_browser'. Found content (496 words).
2026-02-06 13:09:33,439 - INFO - Saved article: Railways' financial health improves in last 10 years, surplus revenue after meeting cost: Vaishnaw - The Hindu from The Hindu
2026-02-06 13:09:34,627 - INFO - [The Hindu] Article: https://www.thehindu.com/news/national/kerala/budget-tourism-gains-traction-in-kerala/article70599440.ece
2026-02-06 13:09:34,627 - INFO - [The Hindu] Attempt 1/1: Trying with 'selenium_browser' strategy...
2026-02-06 13:09:35,370 - INFO - [The Hindu] Page content loaded.
2026-02-06 13:09:35,444 - INFO - [The Hindu] Success with 'selenium_browser'. Found content (462 words).
2026-02-06 13:09:35,513 - INFO - Saved article: Budget tourism gains traction in Kerala - The Hindu from The Hindu
2026-02-06 13:09:36,961 - INFO - [The Hindu] Article: https://www.thehindu.com/news/cities/mumbai/kunal-kamra-moves-high-court-against-sahyog-portal-calls-it-assault-on-free-speech/article70599759.ece
2026-02-06 13:09:36,961 - INFO - [The Hindu] Attempt 1/1: Trying with 'selenium_browser' strategy...
2026-02-06 13:09:38,045 - INFO - [The Hindu] Page content loaded.
2026-02-06 13:09:38,153 - INFO - [The Hindu] Success with 'selenium_browser'. Found content (320 words).
2026-02-06 13:09:38,224 - INFO - Saved article: Kunal Kamra moves High Court against Sahyog portal, calls it assault on free speech - The Hindu from The Hindu
2026-02-06 13:09:39,059 - INFO - [The Hindu] (Thread) Finished. Attempting to shut down its Selenium driver.
2026-02-06 13:09:39,194 - INFO - [The Hindu] (Thread) driver.quit() successful.
2026-02-06 13:09:39,195 - INFO - Shutting down thread pool (wait=False)...
2026-02-06 13:09:39,195 - INFO - Scraped: 13 The Guardian, 18 Times of India, 19 BBC, 25 The Hindu articles. (Total saved: 75)
2026-02-06 13:09:39,195 - INFO - --- Scraping job finished ---
2026-02-06 13:09:39,202 - INFO - --- Scraper service stopped and database connection closed. ---
2026-02-06 13:09:39,203 - INFO - --- Main thread finished. Forcing process exit to kill zombie threads. ---
