2025-12-02 12:50:07,532 - INFO - Initializing database connection at: news_articles.db
2025-12-02 12:50:07,532 - INFO - --- Scraper service started (CI Mode: Run Once) ---
2025-12-02 12:50:07,532 - INFO - --- Starting new scraping job (Parallel Mode) ---
2025-12-02 12:50:07,532 - INFO - Creating new robust session with 3 retries on 5xx/connection/read errors.
2025-12-02 12:50:07,532 - INFO - Proxy is DISABLED.
2025-12-02 12:50:07,533 - INFO - Starting scrape for BBC RSS feed: http://feeds.bbci.co.uk/news/world/rss.xml
2025-12-02 12:50:07,533 - INFO - [Times of India] (Thread) requires Selenium. Initializing driver...
2025-12-02 12:50:07,533 - INFO - Initializing headless Selenium Chrome driver (using SeleniumManager)...
2025-12-02 12:50:07,534 - INFO - Starting scrape for The Guardian RSS feed: https://www.theguardian.com/world/rss
2025-12-02 12:50:07,538 - INFO - [The Hindu] (Thread) requires Selenium. Initializing driver...
2025-12-02 12:50:07,538 - INFO - Initializing headless Selenium Chrome driver (using SeleniumManager)...
2025-12-02 12:50:07,540 - INFO - Submitted 4 jobs to thread pool. Waiting up to 420s for completion...
2025-12-02 12:50:07,775 - INFO - Found 45 articles in The Guardian RSS feed. Processing up to 25.
2025-12-02 12:50:07,776 - INFO - [The Guardian] Article: https://www.theguardian.com/world/2025/dec/01/south-africans-court-alleged-recruitment-russia-war-ukraine
2025-12-02 12:50:07,776 - INFO - [The Guardian] Attempt 1/1: Trying with 'requests_browser' strategy...
2025-12-02 12:50:07,780 - INFO - Found 45 articles in BBC RSS feed. Processing up to 25.
2025-12-02 12:50:07,780 - INFO - [BBC] Article: https://www.bbc.com/news/articles/ce8ng3yjenpo?at_medium=RSS&at_campaign=rss
2025-12-02 12:50:07,780 - INFO - [BBC] Attempt 1/1: Trying with 'requests_browser' strategy...
2025-12-02 12:50:07,836 - INFO - [The Guardian] Success with 'requests_browser'. Found content (506 words).
2025-12-02 12:50:07,896 - INFO - Duplicate article skipped: Five South Africans in court over alleged recruitment for Russia’s war in Ukraine | South Africa | The Guardian from The Guardian
2025-12-02 12:50:08,143 - INFO - [BBC] Success with 'requests_browser'. Found content (840 words).
2025-12-02 12:50:08,183 - INFO - Saved article: Putin and Trump envoy Steve Witkoff set for key Ukraine talks in Moscow from BBC
2025-12-02 12:50:08,913 - INFO - [The Guardian] Article: https://www.theguardian.com/global-development/2025/dec/01/global-health-hiv-aids-funding-cuts-infections-prevention
2025-12-02 12:50:08,916 - INFO - [The Guardian] Attempt 1/1: Trying with 'requests_browser' strategy...
2025-12-02 12:50:08,997 - INFO - [The Guardian] Success with 'requests_browser'. Found content (674 words).
2025-12-02 12:50:09,058 - INFO - Duplicate article skipped: Aid cuts have shaken HIV/Aids care to its core – and will mean millions more infections ahead | Global health | The Guardian from The Guardian
2025-12-02 12:50:09,116 - INFO - [BBC] Article: https://www.bbc.com/news/articles/c0r95q9kv1go?at_medium=RSS&at_campaign=rss
2025-12-02 12:50:09,116 - INFO - [BBC] Attempt 1/1: Trying with 'requests_browser' strategy...
2025-12-02 12:50:09,249 - INFO - [BBC] Success with 'requests_browser'. Found content (948 words).
2025-12-02 12:50:09,444 - INFO - Saved article: US authorised second deadly Venezuela boat strike, White House says from BBC
2025-12-02 12:50:09,475 - INFO - Selenium driver initialized successfully.
2025-12-02 12:50:09,475 - INFO - Starting scrape for The Hindu RSS feed: https://www.thehindu.com/news/national/feeder/default.rss
2025-12-02 12:50:09,476 - INFO - Selenium driver initialized successfully.
2025-12-02 12:50:09,476 - INFO - Starting scrape for Times of India RSS feed: https://timesofindia.indiatimes.com/rssfeeds/296589292.cms
2025-12-02 12:50:09,590 - INFO - Found 100 articles in The Hindu RSS feed. Processing up to 25.
2025-12-02 12:50:09,590 - INFO - [The Hindu] Article: https://www.thehindu.com/news/cities/Hyderabad/forum-for-good-governance-warns-against-unconstitutional-unanimous-polls-in-gram-panchayats/article70349189.ece
2025-12-02 12:50:09,590 - INFO - [The Hindu] Attempt 1/1: Trying with 'selenium_browser' strategy...
2025-12-02 12:50:09,601 - INFO - Found 20 articles in Times of India RSS feed. Processing up to 25.
2025-12-02 12:50:09,605 - INFO - [Times of India] Article: https://timesofindia.indiatimes.com/world/us/kill-them-all-why-pete-hegseths-order-is-a-feature-not-a-bug-of-american-cowboy-justice/articleshow/125718572.cms
2025-12-02 12:50:09,605 - INFO - [Times of India] Attempt 1/1: Trying with 'selenium_browser' strategy...
2025-12-02 12:50:09,681 - INFO - [The Guardian] Article: https://www.theguardian.com/world/2025/nov/30/african-leaders-push-for-recognition-of-colonial-crimes-and-reparations
2025-12-02 12:50:09,681 - INFO - [The Guardian] Attempt 1/1: Trying with 'requests_browser' strategy...
2025-12-02 12:50:09,717 - INFO - [The Guardian] Success with 'requests_browser'. Found content (670 words).
2025-12-02 12:50:09,819 - INFO - Duplicate article skipped: African leaders push for recognition of colonial crimes and reparations | Colonialism | The Guardian from The Guardian
2025-12-02 12:50:10,417 - INFO - [The Guardian] Article: https://www.theguardian.com/world/2025/nov/28/jacob-zuma-daughter-resigns-claims-south-africans-tricked-fight-russia
2025-12-02 12:50:10,417 - INFO - [The Guardian] Attempt 1/1: Trying with 'requests_browser' strategy...
2025-12-02 12:50:10,514 - INFO - [BBC] Article: https://www.bbc.com/news/articles/cedxyvx74p4o?at_medium=RSS&at_campaign=rss
2025-12-02 12:50:10,515 - INFO - [BBC] Attempt 1/1: Trying with 'requests_browser' strategy...
2025-12-02 12:50:10,565 - INFO - [The Guardian] Success with 'requests_browser'. Found content (753 words).
2025-12-02 12:50:10,796 - INFO - Duplicate article skipped: Jacob Zuma’s daughter resigns amid claims South Africans tricked to fight for Russia | South Africa | The Guardian from The Guardian
2025-12-02 12:50:10,811 - INFO - [BBC] Success with 'requests_browser'. Found content (763 words).
2025-12-02 12:50:10,900 - INFO - Saved article: Sanchar Saathi: India mandates state-owned cyber safety app on all smartphones from BBC
2025-12-02 12:50:11,726 - INFO - [BBC] Article: https://www.bbc.com/news/articles/cx2dgp8mvmno?at_medium=RSS&at_campaign=rss
2025-12-02 12:50:11,726 - INFO - [BBC] Attempt 1/1: Trying with 'requests_browser' strategy...
2025-12-02 12:50:11,973 - INFO - [The Guardian] Article: https://www.theguardian.com/environment/2025/nov/28/africa-forests-transformed-carbon-sink-carbon-source-study
2025-12-02 12:50:11,973 - INFO - [The Guardian] Attempt 1/1: Trying with 'requests_browser' strategy...
2025-12-02 12:50:12,094 - INFO - [BBC] Success with 'requests_browser'. Found content (872 words).
2025-12-02 12:50:13,085 - INFO - [The Guardian] Success with 'requests_browser'. Found content (458 words).
2025-12-02 12:50:13,165 - INFO - Duplicate article skipped: Honduras election: presidential candidates locked in 'technical tie', official says from BBC
2025-12-02 12:50:13,449 - INFO - Duplicate article skipped: Africa’s forests transformed from carbon sink to carbon source, study finds | Climate crisis | The Guardian from The Guardian
2025-12-02 12:50:14,293 - INFO - [BBC] Article: https://www.bbc.com/news/articles/cjezwzw088jo?at_medium=RSS&at_campaign=rss
2025-12-02 12:50:14,293 - INFO - [BBC] Attempt 1/1: Trying with 'requests_browser' strategy...
2025-12-02 12:50:14,524 - INFO - [BBC] Success with 'requests_browser'. Found content (501 words).
2025-12-02 12:50:14,768 - INFO - [The Guardian] Article: https://www.theguardian.com/us-news/live/2025/dec/02/donald-trump-pete-hegseth-boat-venezuela-maduro-tennessee-us-politics-live-news-updates
2025-12-02 12:50:14,768 - INFO - [The Guardian] Attempt 1/1: Trying with 'requests_browser' strategy...
2025-12-02 12:50:14,878 - INFO - Saved article: Bulgaria ditches budget plan after tens of thousands join protests from BBC
2025-12-02 12:50:15,559 - INFO - [BBC] Article: https://www.bbc.com/news/articles/ce8ng18p7v3o?at_medium=RSS&at_campaign=rss
2025-12-02 12:50:15,559 - INFO - [BBC] Attempt 1/1: Trying with 'requests_browser' strategy...
2025-12-02 12:50:16,550 - INFO - [BBC] Success with 'requests_browser'. Found content (582 words).
2025-12-02 12:50:16,903 - INFO - [The Guardian] Success with 'requests_browser'. Found content (1881 words).
2025-12-02 12:50:17,269 - INFO - Saved article: Hong Kong leader orders investigation into deadly fire that killed 151 from BBC
2025-12-02 12:50:17,658 - INFO - Saved article: White House distances Hegseth from second strike on alleged drug boat – US politics live | Pete Hegseth | The Guardian from The Guardian
2025-12-02 12:50:17,839 - INFO - [BBC] Article: https://www.bbc.com/news/articles/cre3q9edqx8o?at_medium=RSS&at_campaign=rss
2025-12-02 12:50:17,839 - INFO - [BBC] Attempt 1/1: Trying with 'requests_browser' strategy...
2025-12-02 12:50:18,105 - INFO - [BBC] Success with 'requests_browser'. Found content (415 words).
2025-12-02 12:50:18,728 - INFO - [The Guardian] Article: https://www.theguardian.com/us-news/2025/dec/02/us-venezuela-crisis-trinidad-tobago
2025-12-02 12:50:18,729 - INFO - [The Guardian] Attempt 1/1: Trying with 'requests_browser' strategy...
2025-12-02 12:50:18,807 - INFO - Saved article: Pavarotti statue frozen knee-deep in ice rink strikes wrong note in Italy from BBC
2025-12-02 12:50:19,209 - INFO - [The Guardian] Success with 'requests_browser'. Found content (673 words).
2025-12-02 12:50:19,654 - INFO - Saved article: Radar revelation stokes fears Caribbean could be drawn into US-Venezuela crisis | Trump administration | The Guardian from The Guardian
2025-12-02 12:50:19,755 - INFO - [BBC] Article: https://www.bbc.com/news/articles/c33mz477p4po?at_medium=RSS&at_campaign=rss
2025-12-02 12:50:19,755 - INFO - [BBC] Attempt 1/1: Trying with 'requests_browser' strategy...
2025-12-02 12:50:20,181 - INFO - [BBC] Success with 'requests_browser'. Found content (882 words).
2025-12-02 12:50:20,573 - INFO - Duplicate article skipped: Luigi Mangione in court as lawyers seek to rule out notebook, gun and other key evidence from BBC
2025-12-02 12:50:20,705 - INFO - [The Guardian] Article: https://www.theguardian.com/us-news/live/2025/dec/01/donald-trump-pete-hegseth-caribbean-boats-venezuela-immigration-us-politics-latest-news-updates
2025-12-02 12:50:20,705 - INFO - [The Guardian] Attempt 1/1: Trying with 'requests_browser' strategy...
2025-12-02 12:50:21,104 - INFO - [BBC] Article: https://www.bbc.com/news/articles/cewjg272dq9o?at_medium=RSS&at_campaign=rss
2025-12-02 12:50:21,104 - INFO - [BBC] Attempt 1/1: Trying with 'requests_browser' strategy...
2025-12-02 12:50:21,572 - INFO - [BBC] Success with 'requests_browser'. Found content (582 words).
2025-12-02 12:50:21,784 - INFO - [The Hindu] Page content loaded.
2025-12-02 12:50:22,322 - INFO - [The Guardian] Success with 'requests_browser'. Found content (3148 words).
2025-12-02 12:50:22,427 - INFO - Duplicate article skipped: Alina Habba: Appeals court disqualifies ex-Trump lawyer as New Jersey prosecutor from BBC
2025-12-02 12:50:22,637 - INFO - [The Hindu] Success with 'selenium_browser'. Found content (355 words).
2025-12-02 12:50:23,259 - INFO - [BBC] Article: https://www.bbc.com/news/articles/c4g4enlp6kzo?at_medium=RSS&at_campaign=rss
2025-12-02 12:50:23,259 - INFO - [BBC] Attempt 1/1: Trying with 'requests_browser' strategy...
2025-12-02 12:50:23,939 - INFO - [BBC] Success with 'requests_browser'. Found content (908 words).
2025-12-02 12:50:23,953 - INFO - Saved article: Forum for Good Governance warns against ‘unconstitutional’ unanimous polls in gram panchayats - The Hindu from The Hindu
2025-12-02 12:50:23,973 - INFO - Duplicate article skipped: Trump discusses Venezuela with advisers as Hegseth distances himself from second strike on suspected drug boat –as it happened | Trump administration | The Guardian from The Guardian
2025-12-02 12:50:24,384 - INFO - Duplicate article skipped: Indonesia floods death toll passes 600 from BBC
2025-12-02 12:50:24,762 - INFO - [The Hindu] Article: https://www.thehindu.com/news/national/andhra-pradesh/control-room-toll-free-helpline-set-up-to-resolve-paddy-procurement-issues-in-andhra-pradesh/article70349246.ece
2025-12-02 12:50:24,762 - INFO - [The Hindu] Attempt 1/1: Trying with 'selenium_browser' strategy...
2025-12-02 12:50:25,204 - INFO - [The Guardian] Article: https://www.theguardian.com/world/2025/dec/01/trump-maduro-ultimatum-relinquish-power-venezuela
2025-12-02 12:50:25,204 - INFO - [The Guardian] Attempt 1/1: Trying with 'requests_browser' strategy...
2025-12-02 12:50:25,369 - INFO - [BBC] Article: https://www.bbc.com/news/articles/ckg9204y4w5o?at_medium=RSS&at_campaign=rss
2025-12-02 12:50:25,369 - INFO - [BBC] Attempt 1/1: Trying with 'requests_browser' strategy...
2025-12-02 12:50:25,546 - INFO - [The Guardian] Success with 'requests_browser'. Found content (533 words).
2025-12-02 12:50:26,762 - INFO - [BBC] Success with 'requests_browser'. Found content (682 words).
2025-12-02 12:50:27,064 - INFO - Duplicate article skipped: Trump reportedly gave Maduro ultimatum to relinquish power in Venezuela | Nicolás Maduro | The Guardian from The Guardian
2025-12-02 12:50:27,131 - INFO - Duplicate article skipped: Anicet Ekane: Cameroon opposition firebrand dies in detention aged 74 from BBC
2025-12-02 12:50:27,843 - INFO - [BBC] Article: https://www.bbc.com/news/articles/czrk7g50e1po?at_medium=RSS&at_campaign=rss
2025-12-02 12:50:27,843 - INFO - [BBC] Attempt 1/1: Trying with 'requests_browser' strategy...
2025-12-02 12:50:28,249 - INFO - [The Guardian] Article: https://www.theguardian.com/world/2025/dec/01/mexico-kill-drug-trafficker-el-pichon-pedro-inzunza-coronel
2025-12-02 12:50:28,249 - INFO - [The Guardian] Attempt 1/1: Trying with 'requests_browser' strategy...
2025-12-02 12:50:28,283 - INFO - [BBC] Success with 'requests_browser'. Found content (1693 words).
2025-12-02 12:50:28,539 - INFO - [The Guardian] Success with 'requests_browser'. Found content (385 words).
2025-12-02 12:50:28,593 - INFO - Duplicate article skipped: WW1 toxic compound sprayed on Georgian protesters, BBC evidence suggests from BBC
2025-12-02 12:50:28,755 - INFO - Duplicate article skipped: Mexican authorities kill one of country’s top fentanyl traffickers | Mexico | The Guardian from The Guardian
2025-12-02 12:50:29,798 - INFO - [BBC] Article: https://www.bbc.com/news/articles/ckgz28zyp8vo?at_medium=RSS&at_campaign=rss
2025-12-02 12:50:29,798 - INFO - [BBC] Attempt 1/1: Trying with 'requests_browser' strategy...
2025-12-02 12:50:29,840 - INFO - [The Guardian] Article: https://www.theguardian.com/news/2025/dec/02/hong-kong-fire-response-contrast-mainland-china
2025-12-02 12:50:29,840 - INFO - [The Guardian] Attempt 1/1: Trying with 'requests_browser' strategy...
2025-12-02 12:50:30,105 - INFO - [The Guardian] Success with 'requests_browser'. Found content (799 words).
2025-12-02 12:50:30,225 - INFO - [BBC] Success with 'requests_browser'. Found content (378 words).
2025-12-02 12:50:31,394 - INFO - Saved article: Hong Kong responds to disaster differently from Beijing – but the gulf is narrowing | Hong Kong apartment fires | The Guardian from The Guardian
2025-12-02 12:50:31,395 - INFO - Duplicate article skipped: Joaquín Guzmán López: Drug lord El Chapo's son pleads guilty in US drug trafficking case from BBC
2025-12-02 12:50:32,525 - INFO - [The Hindu] Page content loaded.
2025-12-02 12:50:32,548 - INFO - [BBC] Article: https://www.bbc.com/news/articles/cz0n1rm95yxo?at_medium=RSS&at_campaign=rss
2025-12-02 12:50:32,548 - INFO - [BBC] Attempt 1/1: Trying with 'requests_browser' strategy...
2025-12-02 12:50:32,723 - INFO - [The Guardian] Article: https://www.theguardian.com/world/2025/dec/02/new-zealand-man-charged-allegedly-swallowing-faberge-james-bond-pendant
2025-12-02 12:50:32,723 - INFO - [The Guardian] Attempt 1/1: Trying with 'requests_browser' strategy...
2025-12-02 12:50:32,848 - INFO - [BBC] Success with 'requests_browser'. Found content (254 words).
2025-12-02 12:50:33,012 - INFO - [The Guardian] Success with 'requests_browser'. Found content (241 words).
2025-12-02 12:50:33,199 - INFO - [The Hindu] Success with 'selenium_browser'. Found content (265 words).
2025-12-02 12:50:34,202 - INFO - Duplicate article skipped: Peru landslide: 12 killed after two boats hit in Amazon rainforest from BBC
2025-12-02 12:50:34,447 - INFO - Saved article: Man charged with theft after allegedly swallowing Fabergé pendant in jewellery store | New Zealand | The Guardian from The Guardian
2025-12-02 12:50:34,654 - INFO - Saved article: Control room, toll-free helpline set up to resolve paddy procurement issues in Andhra Pradesh - The Hindu from The Hindu
2025-12-02 12:50:35,113 - INFO - [BBC] Article: https://www.bbc.com/news/articles/c79x8285n29o?at_medium=RSS&at_campaign=rss
2025-12-02 12:50:35,113 - INFO - [BBC] Attempt 1/1: Trying with 'requests_browser' strategy...
2025-12-02 12:50:35,413 - INFO - [BBC] Success with 'requests_browser'. Found content (439 words).
2025-12-02 12:50:35,754 - INFO - Duplicate article skipped: Nigeria's kidnap crisis: Pastor abducted in Kogi state and a bride in Sokoto from BBC
2025-12-02 12:50:35,873 - INFO - [The Hindu] Article: https://www.thehindu.com/news/national/tamil-nadu/tenkalai-entitled-to-recite-prabandham-at-kancheepuram-devarajaswamy-temple-madras-high-court/article70348964.ece
2025-12-02 12:50:35,873 - INFO - [The Hindu] Attempt 1/1: Trying with 'selenium_browser' strategy...
2025-12-02 12:50:35,897 - INFO - [The Guardian] Article: https://www.theguardian.com/world/2025/dec/02/japan-pm-sanae-takaichi-work-win-catchphrase-of-year
2025-12-02 12:50:35,897 - INFO - [The Guardian] Attempt 1/1: Trying with 'requests_browser' strategy...
2025-12-02 12:50:36,172 - INFO - [The Guardian] Success with 'requests_browser'. Found content (510 words).
2025-12-02 12:50:36,915 - INFO - Saved article: Japan PM’s pledge to ‘work, work, work, work, and work’ wins catchphrase of year | Sanae Takaichi | The Guardian from The Guardian
2025-12-02 12:50:37,145 - INFO - [BBC] Article: https://www.bbc.com/news/articles/c7vmn61l75ro?at_medium=RSS&at_campaign=rss
2025-12-02 12:50:37,146 - INFO - [BBC] Attempt 1/1: Trying with 'requests_browser' strategy...
2025-12-02 12:50:37,406 - INFO - [BBC] Success with 'requests_browser'. Found content (413 words).
2025-12-02 12:50:37,693 - INFO - Duplicate article skipped: Trump releases fraudster executive days into prison sentence from BBC
2025-12-02 12:50:38,217 - INFO - [The Guardian] Article: https://www.theguardian.com/world/2025/dec/01/asia-flood-sri-lanka-indonesia-deploy-military
2025-12-02 12:50:38,217 - INFO - [The Guardian] Attempt 1/1: Trying with 'requests_browser' strategy...
2025-12-02 12:50:38,438 - INFO - [The Guardian] Success with 'requests_browser'. Found content (759 words).
2025-12-02 12:50:38,471 - INFO - [BBC] Article: https://www.bbc.com/news/articles/c5yd91y2250o?at_medium=RSS&at_campaign=rss
2025-12-02 12:50:38,471 - INFO - [BBC] Attempt 1/1: Trying with 'requests_browser' strategy...
2025-12-02 12:50:39,022 - INFO - [BBC] Success with 'requests_browser'. Found content (806 words).
2025-12-02 12:50:39,176 - INFO - Duplicate article skipped: Sri Lanka and Indonesia deploy militaries as Asia floods death toll passes 1,100 | Asia Pacific | The Guardian from The Guardian
2025-12-02 12:50:39,916 - INFO - Duplicate article skipped: Nonkululeko Mantula: South African radio presenter among five charged over Russia recruitment plot from BBC
2025-12-02 12:50:40,042 - INFO - [The Guardian] Article: https://www.theguardian.com/world/live/2025/dec/01/death-toll-floods-indonesia-sri-lanka-malaysia-thailand-latest-updates-news-live
2025-12-02 12:50:40,042 - INFO - [The Guardian] Attempt 1/1: Trying with 'requests_browser' strategy...
2025-12-02 12:50:40,438 - INFO - [The Guardian] Success with 'requests_browser'. Found content (1015 words).
2025-12-02 12:50:40,983 - INFO - Duplicate article skipped: Death toll passes 1,100 in devastating floods across Indonesia, Sri Lanka, Malaysia and Thailand – as it happened | South and central Asia | The Guardian from The Guardian
2025-12-02 12:50:41,343 - INFO - [BBC] Article: https://www.bbc.com/news/articles/cj38xm5nmd7o?at_medium=RSS&at_campaign=rss
2025-12-02 12:50:41,344 - INFO - [BBC] Attempt 1/1: Trying with 'requests_browser' strategy...
2025-12-02 12:50:41,552 - INFO - [The Guardian] Article: https://www.theguardian.com/australia-news/2025/dec/02/sea-world-helicopter-crash-pilot-seen-taking-cocaine-the-night-before-inquest-told
2025-12-02 12:50:41,552 - INFO - [The Guardian] Attempt 1/1: Trying with 'requests_browser' strategy...
2025-12-02 12:50:41,776 - INFO - [BBC] Success with 'requests_browser'. Found content (1138 words).
2025-12-02 12:50:42,212 - INFO - Duplicate article skipped: Tulip Siddiq MP says Bangladesh jail sentence is 'deeply unfair' from BBC
2025-12-02 12:50:42,285 - INFO - [The Guardian] Success with 'requests_browser'. Found content (759 words).
2025-12-02 12:50:42,685 - INFO - Saved article: Sea World helicopter pilot ‘had a breakdown and took cocaine’ before crash, inquest told | Queensland | The Guardian from The Guardian
2025-12-02 12:50:43,172 - INFO - [BBC] Article: https://www.bbc.com/news/articles/cj01q6p7ndlo?at_medium=RSS&at_campaign=rss
2025-12-02 12:50:43,172 - INFO - [BBC] Attempt 1/1: Trying with 'requests_browser' strategy...
2025-12-02 12:50:43,408 - INFO - [The Guardian] Article: https://www.theguardian.com/business/2025/dec/02/gina-rinehart-helipad-company-headquarters-perth-council-vote-ntwnfb
2025-12-02 12:50:43,408 - INFO - [The Guardian] Attempt 1/1: Trying with 'requests_browser' strategy...
2025-12-02 12:50:43,434 - INFO - [BBC] Success with 'requests_browser'. Found content (409 words).
2025-12-02 12:50:43,852 - INFO - Duplicate article skipped: South Korea police say 120,000 home cameras hacked for 'sexploitation' footage from BBC
2025-12-02 12:50:43,864 - INFO - [The Guardian] Success with 'requests_browser'. Found content (582 words).
2025-12-02 12:50:44,283 - INFO - Saved article: Bid by Gina Rinehart’s company to build helipad set to be blocked by City of Perth | Gina Rinehart | The Guardian from The Guardian
2025-12-02 12:50:44,654 - INFO - [BBC] Article: https://www.bbc.com/news/articles/c997n2zlegzo?at_medium=RSS&at_campaign=rss
2025-12-02 12:50:44,655 - INFO - [BBC] Attempt 1/1: Trying with 'requests_browser' strategy...
2025-12-02 12:50:45,104 - INFO - [BBC] Success with 'requests_browser'. Found content (653 words).
2025-12-02 12:50:45,188 - INFO - [The Guardian] Article: https://www.theguardian.com/australia-news/2025/dec/02/australian-children-moving-to-new-social-app-lemon8-but-owner-expected-to-restrict-users-to-over-16s
2025-12-02 12:50:45,188 - INFO - [The Guardian] Attempt 1/1: Trying with 'requests_browser' strategy...
2025-12-02 12:50:45,631 - INFO - Duplicate article skipped: One Piece: Japanese singer Maki Otsuki stopped mid-show after China row from BBC
2025-12-02 12:50:45,720 - INFO - [The Guardian] Success with 'requests_browser'. Found content (643 words).
2025-12-02 12:50:46,548 - INFO - Saved article: Australian children moving to new social app Lemon8 but owner expected to restrict users to over-16s | Social media ban | The Guardian from The Guardian
2025-12-02 12:50:46,914 - INFO - [BBC] Article: https://www.bbc.com/news/articles/c075zd0j2j3o?at_medium=RSS&at_campaign=rss
2025-12-02 12:50:46,914 - INFO - [BBC] Attempt 1/1: Trying with 'requests_browser' strategy...
2025-12-02 12:50:47,096 - INFO - [The Guardian] Article: https://www.theguardian.com/australia-news/2025/dec/02/man-dies-bushfire-western-australian-farmer-ravensthorpe
2025-12-02 12:50:47,097 - INFO - [The Guardian] Attempt 1/1: Trying with 'requests_browser' strategy...
2025-12-02 12:50:47,239 - INFO - [BBC] Success with 'requests_browser'. Found content (316 words).
2025-12-02 12:50:47,365 - INFO - [The Hindu] Page content loaded.
2025-12-02 12:50:47,546 - INFO - [The Guardian] Success with 'requests_browser'. Found content (255 words).
2025-12-02 12:50:47,813 - INFO - Duplicate article skipped: Couple accused of cheating with spycam to win A$1.2m in Australian casino from BBC
2025-12-02 12:50:48,064 - INFO - Saved article: Western Australian farmer dies trying to protect property from fast-moving bushfire | Western Australia | The Guardian from The Guardian
2025-12-02 12:50:48,093 - INFO - [The Hindu] Success with 'selenium_browser'. Found content (633 words).
2025-12-02 12:50:48,356 - INFO - [BBC] Article: https://www.bbc.com/news/articles/c4gv76r5qpvo?at_medium=RSS&at_campaign=rss
2025-12-02 12:50:48,356 - INFO - [BBC] Attempt 1/1: Trying with 'requests_browser' strategy...
2025-12-02 12:50:49,103 - INFO - [BBC] Success with 'requests_browser'. Found content (647 words).
2025-12-02 12:50:49,361 - INFO - Saved article: Tenkalai entitled to recite Prabandham at Kancheepuram Devarajaswamy Temple: Madras High Court - The Hindu from The Hindu
2025-12-02 12:50:49,440 - INFO - [The Guardian] Article: https://www.theguardian.com/australia-news/2025/dec/02/problematic-precedent-expert-says-australia-could-be-next-as-uk-agrees-to-pay-25-more-for-new-us-medicines
2025-12-02 12:50:49,440 - INFO - [The Guardian] Attempt 1/1: Trying with 'requests_browser' strategy...
2025-12-02 12:50:50,596 - INFO - [The Hindu] Article: https://www.thehindu.com/news/national/tamil-nadu/in-a-first-tamil-nadu-police-deploy-ai-to-manage-crowd-at-tiruvannamalai-for-kathigai-deepam-festival/article70349365.ece
2025-12-02 12:50:50,596 - INFO - [The Hindu] Attempt 1/1: Trying with 'selenium_browser' strategy...
2025-12-02 12:50:50,598 - INFO - Duplicate article skipped: Benjamin Netanyahu seeks pardon from Israel's president from BBC
2025-12-02 12:50:50,727 - INFO - [The Guardian] Success with 'requests_browser'. Found content (684 words).
2025-12-02 12:50:51,286 - INFO - Saved article: ‘Problematic precedent’: expert says Australia could be next as UK agrees to pay 25% more for new US medicines | Health | The Guardian from The Guardian
2025-12-02 12:50:51,825 - INFO - [The Guardian] Article: https://www.theguardian.com/world/live/2025/dec/02/ukraine-war-live-trump-peace-deal-witkoff-to-meet-putin
2025-12-02 12:50:51,826 - INFO - [The Guardian] Attempt 1/1: Trying with 'requests_browser' strategy...
2025-12-02 12:50:51,843 - INFO - [BBC] Article: https://www.bbc.com/news/articles/c79x8x82gy4o?at_medium=RSS&at_campaign=rss
2025-12-02 12:50:51,844 - INFO - [BBC] Attempt 1/1: Trying with 'requests_browser' strategy...
2025-12-02 12:50:52,349 - INFO - [BBC] Success with 'requests_browser'. Found content (518 words).
2025-12-02 12:50:52,819 - INFO - Duplicate article skipped: Ludwig Minelli: Dignitas founder dies by assisted suicide aged 92, group says from BBC
2025-12-02 12:50:52,948 - INFO - [The Guardian] Success with 'requests_browser'. Found content (1925 words).
2025-12-02 12:50:53,843 - INFO - Saved article: Ukraine war live: Zelenskyy in Ireland to shore up support with US’s Witkoff set to meet Putin | Russia | The Guardian from The Guardian
2025-12-02 12:50:53,863 - INFO - [BBC] Article: https://www.bbc.com/news/articles/cp34yk7z6yxo?at_medium=RSS&at_campaign=rss
2025-12-02 12:50:53,863 - INFO - [BBC] Attempt 1/1: Trying with 'requests_browser' strategy...
2025-12-02 12:50:54,352 - INFO - [BBC] Success with 'requests_browser'. Found content (713 words).
2025-12-02 12:50:54,627 - INFO - Duplicate article skipped: Hong Kong fire: Death toll rises to 146 as thousands pay their respects from BBC
2025-12-02 12:50:55,172 - INFO - [The Guardian] Article: https://www.theguardian.com/world/2025/dec/02/spanish-swine-fever-outbreak-pork-industry-boar-food
2025-12-02 12:50:55,172 - INFO - [The Guardian] Attempt 1/1: Trying with 'requests_browser' strategy...
2025-12-02 12:50:55,454 - INFO - [The Guardian] Success with 'requests_browser'. Found content (600 words).
2025-12-02 12:50:55,790 - INFO - Saved article: Spanish swine fever outbreak may be linked to food eaten by boar, say officials | Spain | The Guardian from The Guardian
2025-12-02 12:50:55,842 - INFO - [BBC] Article: https://www.bbc.com/news/articles/cp9ky5z2gx0o?at_medium=RSS&at_campaign=rss
2025-12-02 12:50:55,842 - INFO - [BBC] Attempt 1/1: Trying with 'requests_browser' strategy...
2025-12-02 12:50:56,129 - INFO - [BBC] Success with 'requests_browser'. Found content (508 words).
2025-12-02 12:50:56,652 - INFO - Duplicate article skipped: Ukraine hits tankers in Black Sea in escalation against Russia from BBC
2025-12-02 12:50:56,708 - INFO - [The Guardian] Article: https://www.theguardian.com/world/2025/dec/02/witkoff-in-moscow-for-talks-as-putin-claims-to-have-taken-key-ukrainian-city
2025-12-02 12:50:56,708 - INFO - [The Guardian] Attempt 1/1: Trying with 'requests_browser' strategy...
2025-12-02 12:50:57,069 - INFO - [The Guardian] Success with 'requests_browser'. Found content (608 words).
2025-12-02 12:50:57,702 - INFO - Saved article: Witkoff in Moscow for talks as Putin claims to have taken key Ukrainian city | Ukraine | The Guardian from The Guardian
2025-12-02 12:50:58,867 - INFO - [The Guardian] Article: https://www.theguardian.com/environment/2025/dec/02/uk-europe-hidden-landfill-leaking-toxic-waste-water-supplies
2025-12-02 12:50:58,868 - INFO - [The Guardian] Attempt 1/1: Trying with 'requests_browser' strategy...
2025-12-02 12:50:59,078 - INFO - [The Guardian] Success with 'requests_browser'. Found content (1390 words).
2025-12-02 12:50:59,357 - INFO - Saved article: UK and Europe’s hidden landfills at risk of leaking toxic waste into water supplies | Landfill | The Guardian from The Guardian
2025-12-02 12:51:00,229 - INFO - [The Guardian] Article: https://www.theguardian.com/science/2025/dec/02/neolithic-conch-like-shell-spain-catalonia-discovery-musical-instruments
2025-12-02 12:51:00,229 - INFO - [The Guardian] Attempt 1/1: Trying with 'requests_browser' strategy...
2025-12-02 12:51:00,447 - INFO - [The Guardian] Success with 'requests_browser'. Found content (878 words).
2025-12-02 12:51:00,516 - INFO - Saved article: Shells found in Spain could be among oldest known musical instruments | Archaeology | The Guardian from The Guardian
2025-12-02 12:52:09,708 - ERROR - [Times of India] Request failed for strategy 'selenium_browser' on URL https://timesofindia.indiatimes.com/world/us/kill-them-all-why-pete-hegseths-order-is-a-feature-not-a-bug-of-american-cowboy-justice/articleshow/125718572.cms: HTTPConnectionPool(host='localhost', port=43363): Read timed out. (read timeout=120)
2025-12-02 12:52:09,708 - ERROR - [Times of India] All scrape strategies failed for https://timesofindia.indiatimes.com/world/us/kill-them-all-why-pete-hegseths-order-is-a-feature-not-a-bug-of-american-cowboy-justice/articleshow/125718572.cms. Falling back to RSS description.
2025-12-02 12:52:09,712 - INFO - Saved article: Kill them all: Why Pete Hegseth's 'order' is a feature, not a bug, of American cowboy justice from Times of India
2025-12-02 12:52:10,877 - INFO - [Times of India] Article: https://timesofindia.indiatimes.com/world/middle-east/seven-new-mosques-in-abu-dhabi-named-after-each-emirate-for-uae-national-day/articleshow/125718452.cms
2025-12-02 12:52:10,877 - INFO - [Times of India] Attempt 1/1: Trying with 'selenium_browser' strategy...
2025-12-02 12:52:50,697 - ERROR - [The Hindu] Request failed for strategy 'selenium_browser' on URL https://www.thehindu.com/news/national/tamil-nadu/in-a-first-tamil-nadu-police-deploy-ai-to-manage-crowd-at-tiruvannamalai-for-kathigai-deepam-festival/article70349365.ece: HTTPConnectionPool(host='localhost', port=50815): Read timed out. (read timeout=120)
2025-12-02 12:52:50,697 - ERROR - [The Hindu] All scrape strategies failed for https://www.thehindu.com/news/national/tamil-nadu/in-a-first-tamil-nadu-police-deploy-ai-to-manage-crowd-at-tiruvannamalai-for-kathigai-deepam-festival/article70349365.ece. Falling back to RSS description.
2025-12-02 12:52:50,699 - INFO - Saved article: In a first, Tamil Nadu police deploy AI to manage crowd at Tiruvannamalai for Kathigai Deepam festival from The Hindu
2025-12-02 12:52:51,974 - INFO - [The Hindu] Article: https://www.thehindu.com/news/national/telangana/telangana-rising-2047-pochampally-ikkat-mahua-laddus-to-greet-telangana-rising-delegates/article70349242.ece
2025-12-02 12:52:51,974 - INFO - [The Hindu] Attempt 1/1: Trying with 'selenium_browser' strategy...
2025-12-02 12:54:10,978 - ERROR - [Times of India] Request failed for strategy 'selenium_browser' on URL https://timesofindia.indiatimes.com/world/middle-east/seven-new-mosques-in-abu-dhabi-named-after-each-emirate-for-uae-national-day/articleshow/125718452.cms: HTTPConnectionPool(host='localhost', port=43363): Read timed out. (read timeout=120)
2025-12-02 12:54:10,979 - ERROR - [Times of India] All scrape strategies failed for https://timesofindia.indiatimes.com/world/middle-east/seven-new-mosques-in-abu-dhabi-named-after-each-emirate-for-uae-national-day/articleshow/125718452.cms. Falling back to RSS description.
2025-12-02 12:54:10,982 - INFO - Saved article: Seven new mosques in Abu Dhabi named after each emirate for UAE National Day from Times of India
2025-12-02 12:54:11,962 - INFO - [Times of India] Article: https://timesofindia.indiatimes.com/world/middle-east/qatar-begins-digital-selection-process-for-hajj-1447-ah-pilgrims/articleshow/125718658.cms
2025-12-02 12:54:11,962 - INFO - [Times of India] Attempt 1/1: Trying with 'selenium_browser' strategy...
2025-12-02 12:54:52,074 - ERROR - [The Hindu] Request failed for strategy 'selenium_browser' on URL https://www.thehindu.com/news/national/telangana/telangana-rising-2047-pochampally-ikkat-mahua-laddus-to-greet-telangana-rising-delegates/article70349242.ece: HTTPConnectionPool(host='localhost', port=50815): Read timed out. (read timeout=120)
2025-12-02 12:54:52,074 - ERROR - [The Hindu] All scrape strategies failed for https://www.thehindu.com/news/national/telangana/telangana-rising-2047-pochampally-ikkat-mahua-laddus-to-greet-telangana-rising-delegates/article70349242.ece. Falling back to RSS description.
2025-12-02 12:54:52,076 - INFO - Saved article: Telangana Rising 2047: Pochampally Ikkat, Mahua laddus to greet Telangana Rising delegates from The Hindu
2025-12-02 12:54:52,949 - INFO - [The Hindu] Article: https://www.thehindu.com/news/national/scope-of-isis-investigation-research-cell-in-nia-broadened-govt/article70349158.ece
2025-12-02 12:54:52,949 - INFO - [The Hindu] Attempt 1/1: Trying with 'selenium_browser' strategy...
2025-12-02 12:56:12,061 - ERROR - [Times of India] Request failed for strategy 'selenium_browser' on URL https://timesofindia.indiatimes.com/world/middle-east/qatar-begins-digital-selection-process-for-hajj-1447-ah-pilgrims/articleshow/125718658.cms: HTTPConnectionPool(host='localhost', port=43363): Read timed out. (read timeout=120)
2025-12-02 12:56:12,062 - ERROR - [Times of India] All scrape strategies failed for https://timesofindia.indiatimes.com/world/middle-east/qatar-begins-digital-selection-process-for-hajj-1447-ah-pilgrims/articleshow/125718658.cms. Falling back to RSS description.
2025-12-02 12:56:12,064 - INFO - Saved article: Qatar begins digital selection process for Hajj 1447 AH pilgrims from Times of India
2025-12-02 12:56:13,502 - INFO - [Times of India] Article: https://timesofindia.indiatimes.com/world/us/they-lose-a-limb-bleed-out-megyn-kelly-says-she-wants-alleged-drug-traffickers-to-suffer-at-the-hands-of-trump-and-hegseth/articleshow/125717813.cms
2025-12-02 12:56:13,502 - INFO - [Times of India] Attempt 1/1: Trying with 'selenium_browser' strategy...
2025-12-02 12:56:53,050 - ERROR - [The Hindu] Request failed for strategy 'selenium_browser' on URL https://www.thehindu.com/news/national/scope-of-isis-investigation-research-cell-in-nia-broadened-govt/article70349158.ece: HTTPConnectionPool(host='localhost', port=50815): Read timed out. (read timeout=120)
2025-12-02 12:56:53,051 - ERROR - [The Hindu] All scrape strategies failed for https://www.thehindu.com/news/national/scope-of-isis-investigation-research-cell-in-nia-broadened-govt/article70349158.ece. Falling back to RSS description.
2025-12-02 12:56:53,053 - INFO - Saved article: Scope of ISIS Investigation Research Cell in NIA broadened: Govt from The Hindu
2025-12-02 12:56:53,668 - INFO - [The Hindu] Article: https://www.thehindu.com/news/cities/bangalore/pucl-demands-judicial-inquiry-into-custodial-torture-and-death-of-28-year-old-delivery-executive/article70348766.ece
2025-12-02 12:56:53,668 - INFO - [The Hindu] Attempt 1/1: Trying with 'selenium_browser' strategy...
2025-12-02 12:57:07,541 - CRITICAL - --- TIMEOUT: 2 scrape jobs did not complete in 420s. ---
2025-12-02 12:57:07,541 - ERROR - A thread has timed out and will be abandoned.
2025-12-02 12:57:07,541 - ERROR - A thread has timed out and will be abandoned.
2025-12-02 12:57:07,541 - INFO - Shutting down thread pool (wait=False)...
2025-12-02 12:57:07,541 - INFO - Scraped: 15 The Guardian, 6 BBC, 2 Timed_Out_Jobs articles. (Total saved: 21)
2025-12-02 12:57:07,541 - INFO - --- Scraping job finished ---
2025-12-02 12:57:07,544 - INFO - --- Scraper service stopped and database connection closed. ---
2025-12-02 12:57:07,544 - INFO - --- Main thread finished. Forcing process exit to kill zombie threads. ---
