2026-01-06 01:54:51,699 - INFO - Initializing database connection at: news_articles.db
2026-01-06 01:54:51,699 - INFO - --- Scraper service started (CI Mode: Run Once) ---
2026-01-06 01:54:51,699 - INFO - --- Starting new scraping job (Parallel Mode) ---
2026-01-06 01:54:51,699 - INFO - Creating new robust session with 3 retries on 5xx/connection/read errors.
2026-01-06 01:54:51,699 - INFO - Proxy is DISABLED.
2026-01-06 01:54:51,700 - INFO - Starting scrape for BBC RSS feed: http://feeds.bbci.co.uk/news/world/rss.xml
2026-01-06 01:54:51,700 - INFO - [Times of India] (Thread) requires Selenium. Initializing driver...
2026-01-06 01:54:51,700 - INFO - Initializing headless Selenium Chrome driver (using SeleniumManager)...
2026-01-06 01:54:51,701 - INFO - Starting scrape for The Guardian RSS feed: https://www.theguardian.com/world/rss
2026-01-06 01:54:51,705 - INFO - [The Hindu] (Thread) requires Selenium. Initializing driver...
2026-01-06 01:54:51,705 - INFO - Submitted 4 jobs to thread pool. Waiting up to 420s for completion...
2026-01-06 01:54:51,705 - INFO - Initializing headless Selenium Chrome driver (using SeleniumManager)...
2026-01-06 01:54:51,999 - INFO - Found 45 articles in The Guardian RSS feed. Processing up to 25.
2026-01-06 01:54:51,999 - INFO - [The Guardian] Article: https://www.theguardian.com/world/2026/jan/02/anthony-joshuas-driver-charged-with-dangerous-driving-after-fatal-crash-in-nigeria
2026-01-06 01:54:51,999 - INFO - [The Guardian] Attempt 1/1: Trying with 'requests_browser' strategy...
2026-01-06 01:54:52,044 - INFO - Found 31 articles in BBC RSS feed. Processing up to 25.
2026-01-06 01:54:52,044 - INFO - [BBC] Article: https://www.bbc.com/news/articles/ce8gen8nnvlo?at_medium=RSS&at_campaign=rss
2026-01-06 01:54:52,044 - INFO - [BBC] Attempt 1/1: Trying with 'requests_browser' strategy...
2026-01-06 01:54:52,058 - INFO - [The Guardian] Success with 'requests_browser'. Found content (346 words).
2026-01-06 01:54:52,092 - INFO - Duplicate article skipped: Anthony Joshua’s driver charged with dangerous driving after fatal crash in Nigeria | Anthony Joshua | The Guardian from The Guardian
2026-01-06 01:54:52,420 - INFO - [BBC] Success with 'requests_browser'. Found content (623 words).
2026-01-06 01:54:52,462 - INFO - Saved article: Venezuela swears in interim leader after Maduro appears in court from BBC
2026-01-06 01:54:52,993 - INFO - [The Guardian] Article: https://www.theguardian.com/science/2026/jan/01/cremation-pyre-in-africa-thought-to-be-worlds-oldest-containing-adult-remains
2026-01-06 01:54:52,993 - INFO - [The Guardian] Attempt 1/1: Trying with 'requests_browser' strategy...
2026-01-06 01:54:53,016 - INFO - [The Guardian] Success with 'requests_browser'. Found content (653 words).
2026-01-06 01:54:53,053 - INFO - Duplicate article skipped: Cremation pyre in Africa thought to be world’s oldest containing adult remains | Anthropology | The Guardian from The Guardian
2026-01-06 01:54:53,058 - INFO - [BBC] Article: https://www.bbc.com/news/articles/cq6v25eldmdo?at_medium=RSS&at_campaign=rss
2026-01-06 01:54:53,058 - INFO - [BBC] Attempt 1/1: Trying with 'requests_browser' strategy...
2026-01-06 01:54:53,090 - INFO - [BBC] Success with 'requests_browser'. Found content (564 words).
2026-01-06 01:54:53,146 - INFO - Saved article: 'I'm a prisoner of war' - In the room for Maduro's dramatic court hearing from BBC
2026-01-06 01:54:53,626 - INFO - [The Guardian] Article: https://www.theguardian.com/global-development/2026/jan/01/us-aid-cuts-conditions-un-humanitarian-pledge-ocha
2026-01-06 01:54:53,626 - INFO - [The Guardian] Attempt 1/1: Trying with 'requests_browser' strategy...
2026-01-06 01:54:53,659 - INFO - [The Guardian] Success with 'requests_browser'. Found content (631 words).
2026-01-06 01:54:53,697 - INFO - Duplicate article skipped: US ‘adapt, shrink or die’ terms for $2bn aid pot will mean UN bowing down to Washington, say experts | Aid | The Guardian from The Guardian
2026-01-06 01:54:54,100 - INFO - [BBC] Article: https://www.bbc.com/news/articles/ckgnxvp477eo?at_medium=RSS&at_campaign=rss
2026-01-06 01:54:54,100 - INFO - [BBC] Attempt 1/1: Trying with 'requests_browser' strategy...
2026-01-06 01:54:54,135 - INFO - [BBC] Success with 'requests_browser'. Found content (1081 words).
2026-01-06 01:54:54,178 - INFO - Duplicate article skipped: Trump warns new Venezuelan leader as Maduro set to appear in court from BBC
2026-01-06 01:54:54,824 - INFO - [The Guardian] Article: https://www.theguardian.com/world/2025/dec/31/guinea-junta-chief-mamady-doumbouya-elected-president-after-opposition-boycott
2026-01-06 01:54:54,824 - INFO - [The Guardian] Attempt 1/1: Trying with 'requests_browser' strategy...
2026-01-06 01:54:54,849 - INFO - [The Guardian] Success with 'requests_browser'. Found content (399 words).
2026-01-06 01:54:54,882 - INFO - Duplicate article skipped: Guinea’s junta chief elected president after opposition boycott | Guinea | The Guardian from The Guardian
2026-01-06 01:54:55,275 - INFO - [BBC] Article: https://www.bbc.com/news/articles/c78v6z7597yo?at_medium=RSS&at_campaign=rss
2026-01-06 01:54:55,275 - INFO - [BBC] Attempt 1/1: Trying with 'requests_browser' strategy...
2026-01-06 01:54:55,302 - INFO - [BBC] Success with 'requests_browser'. Found content (545 words).
2026-01-06 01:54:55,338 - INFO - Duplicate article skipped: Ten found guilty of cyber-bullying Brigitte Macron from BBC
2026-01-06 01:54:56,285 - INFO - [BBC] Article: https://www.bbc.com/news/articles/cj9r0eyw0jno?at_medium=RSS&at_campaign=rss
2026-01-06 01:54:56,285 - INFO - [BBC] Attempt 1/1: Trying with 'requests_browser' strategy...
2026-01-06 01:54:56,332 - INFO - [BBC] Success with 'requests_browser'. Found content (520 words).
2026-01-06 01:54:56,339 - INFO - [The Guardian] Article: https://www.theguardian.com/world/2025/dec/30/saudi-arabia-uae-tension-future-yemen-boiling-point
2026-01-06 01:54:56,339 - INFO - [The Guardian] Attempt 1/1: Trying with 'requests_browser' strategy...
2026-01-06 01:54:56,374 - INFO - Duplicate article skipped: Thirty-two Cubans killed during US attack on Venezuela from BBC
2026-01-06 01:54:56,396 - INFO - [The Guardian] Success with 'requests_browser'. Found content (932 words).
2026-01-06 01:54:56,471 - INFO - Duplicate article skipped: Tensions between Saudis and Emiratis over future of Yemen reach boiling point | Yemen | The Guardian from The Guardian
2026-01-06 01:54:56,995 - INFO - [BBC] Article: https://www.bbc.com/news/articles/c62w3zpl4ldo?at_medium=RSS&at_campaign=rss
2026-01-06 01:54:56,995 - INFO - [BBC] Attempt 1/1: Trying with 'requests_browser' strategy...
2026-01-06 01:54:57,016 - INFO - [The Guardian] Article: https://www.theguardian.com/world/live/2026/jan/05/venezuela-live-updates-trump-us-interim-president-collaborate
2026-01-06 01:54:57,016 - INFO - [The Guardian] Attempt 1/1: Trying with 'requests_browser' strategy...
2026-01-06 01:54:57,022 - INFO - [BBC] Success with 'requests_browser'. Found content (358 words).
2026-01-06 01:54:57,080 - INFO - Saved article: All 116 injured in Swiss ski resort fire identified from BBC
2026-01-06 01:54:57,312 - INFO - [The Guardian] Success with 'requests_browser'. Found content (2647 words).
2026-01-06 01:54:57,426 - INFO - Duplicate article skipped: Trump suggests US taxpayers could cover cost of boosting Venezuelan oil production – live | US attack on Venezuela | The Guardian from The Guardian
2026-01-06 01:54:58,418 - INFO - [BBC] Article: https://www.bbc.com/news/articles/c5yvxnlw1pzo?at_medium=RSS&at_campaign=rss
2026-01-06 01:54:58,418 - INFO - [BBC] Attempt 1/1: Trying with 'requests_browser' strategy...
2026-01-06 01:54:58,463 - INFO - [BBC] Success with 'requests_browser'. Found content (666 words).
2026-01-06 01:54:58,510 - INFO - Duplicate article skipped: From Caracas 'fort' to New York court: Maduro's capture in pictures and maps from BBC
2026-01-06 01:54:58,836 - INFO - [The Guardian] Article: https://www.theguardian.com/technology/2026/jan/05/maduro-venezuela-ai-images
2026-01-06 01:54:58,837 - INFO - [The Guardian] Attempt 1/1: Trying with 'requests_browser' strategy...
2026-01-06 01:54:58,858 - INFO - [The Guardian] Success with 'requests_browser'. Found content (671 words).
2026-01-06 01:54:58,901 - INFO - Saved article: AI images of Maduro capture reap millions of views on social media | AI (artificial intelligence) | The Guardian from The Guardian
2026-01-06 01:54:59,340 - INFO - [BBC] Article: https://www.bbc.com/news/articles/c70lw9x581no?at_medium=RSS&at_campaign=rss
2026-01-06 01:54:59,340 - INFO - [BBC] Attempt 1/1: Trying with 'requests_browser' strategy...
2026-01-06 01:54:59,371 - INFO - [BBC] Success with 'requests_browser'. Found content (821 words).
2026-01-06 01:54:59,411 - INFO - Duplicate article skipped: South Korea's Lee Jae Myung meets China's Xi as he seeks a reset in ties from BBC
2026-01-06 01:54:59,847 - INFO - Selenium driver initialized successfully.
2026-01-06 01:54:59,848 - INFO - Selenium driver initialized successfully.
2026-01-06 01:54:59,848 - INFO - Starting scrape for Times of India RSS feed: https://timesofindia.indiatimes.com/rssfeeds/296589292.cms
2026-01-06 01:54:59,848 - INFO - Starting scrape for The Hindu RSS feed: https://www.thehindu.com/news/national/feeder/default.rss
2026-01-06 01:54:59,954 - INFO - [The Guardian] Article: https://www.theguardian.com/us-news/2026/jan/05/maduro-pleads-not-guilty
2026-01-06 01:54:59,954 - INFO - [The Guardian] Attempt 1/1: Trying with 'requests_browser' strategy...
2026-01-06 01:54:59,995 - INFO - [The Guardian] Success with 'requests_browser'. Found content (976 words).
2026-01-06 01:55:00,040 - INFO - Found 20 articles in Times of India RSS feed. Processing up to 25.
2026-01-06 01:55:00,040 - INFO - [Times of India] Article: https://timesofindia.indiatimes.com/world/rest-of-world/japan-6-2-magnitude-earthquake-jolts-west-coast-no-tsunami-warning/articleshow/126363856.cms
2026-01-06 01:55:00,040 - INFO - [Times of India] Attempt 1/1: Trying with 'selenium_browser' strategy...
2026-01-06 01:55:00,041 - INFO - Saved article: Deposed Maduro pleads not guilty after capture in shock US attack on Venezuela | US news | The Guardian from The Guardian
2026-01-06 01:55:00,071 - INFO - Found 100 articles in The Hindu RSS feed. Processing up to 25.
2026-01-06 01:55:00,071 - INFO - [The Hindu] Article: https://www.thehindu.com/news/national/madhya-pradesh/indore-water-contamination-many-new-diarrhoea-cases-detected-several-are-in-hospital-death-toll-increases/article70476611.ece
2026-01-06 01:55:00,071 - INFO - [The Hindu] Attempt 1/1: Trying with 'selenium_browser' strategy...
2026-01-06 01:55:00,390 - INFO - [BBC] Article: https://www.bbc.com/news/articles/c8d0q16zvzgo?at_medium=RSS&at_campaign=rss
2026-01-06 01:55:00,390 - INFO - [BBC] Attempt 1/1: Trying with 'requests_browser' strategy...
2026-01-06 01:55:00,429 - INFO - [BBC] Success with 'requests_browser'. Found content (350 words).
2026-01-06 01:55:00,487 - INFO - Duplicate article skipped: Tokyo fish auction sees bluefin tuna fetching record $3.2m from BBC
2026-01-06 01:55:00,721 - INFO - [The Guardian] Article: https://www.theguardian.com/us-news/2026/jan/05/nicolas-maduro-court-new-york
2026-01-06 01:55:00,721 - INFO - [The Guardian] Attempt 1/1: Trying with 'requests_browser' strategy...
2026-01-06 01:55:00,754 - INFO - [The Guardian] Success with 'requests_browser'. Found content (708 words).
2026-01-06 01:55:00,830 - INFO - Saved article: ‘Soy inocente’: Maduro defiant in surreal New York courtroom spectacle | US news | The Guardian from The Guardian
2026-01-06 01:55:01,083 - INFO - [BBC] Article: https://www.bbc.com/news/articles/c4g0zg974v1o?at_medium=RSS&at_campaign=rss
2026-01-06 01:55:01,083 - INFO - [BBC] Attempt 1/1: Trying with 'requests_browser' strategy...
2026-01-06 01:55:01,148 - INFO - [BBC] Success with 'requests_browser'. Found content (611 words).
2026-01-06 01:55:01,219 - INFO - Duplicate article skipped: 'We need Greenland': Trump repeats threat to annex Danish territory from BBC
2026-01-06 01:55:01,420 - INFO - [The Guardian] Article: https://www.theguardian.com/world/2026/jan/05/keir-starmer-masterclass-hedging-bets-venezuela-raid
2026-01-06 01:55:01,420 - INFO - [The Guardian] Attempt 1/1: Trying with 'requests_browser' strategy...
2026-01-06 01:55:01,482 - INFO - [The Guardian] Success with 'requests_browser'. Found content (719 words).
2026-01-06 01:55:01,585 - INFO - Saved article: Starmer delivers masterclass in hedging his bets after Venezuela raid | Venezuela | The Guardian from The Guardian
2026-01-06 01:55:02,168 - INFO - [BBC] Article: https://www.bbc.com/news/articles/c78v984ywgeo?at_medium=RSS&at_campaign=rss
2026-01-06 01:55:02,168 - INFO - [BBC] Attempt 1/1: Trying with 'requests_browser' strategy...
2026-01-06 01:55:02,281 - INFO - [BBC] Success with 'requests_browser'. Found content (352 words).
2026-01-06 01:55:02,341 - INFO - [The Hindu] Page content loaded.
2026-01-06 01:55:02,482 - INFO - Duplicate article skipped: Berlin power cut: Activist group says it was behind fire that cut electricity supply from BBC
2026-01-06 01:55:02,717 - INFO - [The Hindu] Success with 'selenium_browser'. Found content (414 words).
2026-01-06 01:55:02,896 - INFO - Saved article: Indore water contamination: 38 new diarrhoea cases detected, 110 in hospital; death toll 7 - The Hindu from The Hindu
2026-01-06 01:55:03,062 - INFO - [The Guardian] Article: https://www.theguardian.com/world/2026/jan/06/what-us-action-in-venezuela-means-for-taiwan
2026-01-06 01:55:03,062 - INFO - [The Guardian] Attempt 1/1: Trying with 'requests_browser' strategy...
2026-01-06 01:55:03,139 - INFO - [The Guardian] Success with 'requests_browser'. Found content (938 words).
2026-01-06 01:55:03,299 - INFO - Saved article: ‘It ought to provide a deterrent’: what US action in Venezuela means for Taiwan | Taiwan | The Guardian from The Guardian
2026-01-06 01:55:03,639 - INFO - [The Hindu] Article: https://www.thehindu.com/news/national/tamil-nadu/various-parts-of-tn-to-get-light-to-heavy-rain-from-january-7/article70474275.ece
2026-01-06 01:55:03,639 - INFO - [The Hindu] Attempt 1/1: Trying with 'selenium_browser' strategy...
2026-01-06 01:55:03,800 - INFO - [BBC] Article: https://www.bbc.com/news/articles/czx1rpxzyx9o?at_medium=RSS&at_campaign=rss
2026-01-06 01:55:03,801 - INFO - [BBC] Attempt 1/1: Trying with 'requests_browser' strategy...
2026-01-06 01:55:04,006 - INFO - [BBC] Success with 'requests_browser'. Found content (839 words).
2026-01-06 01:55:04,097 - INFO - Duplicate article skipped: World leaders react to US capture of Venezuelan leader Nicolás Maduro from BBC
2026-01-06 01:55:04,576 - INFO - [The Guardian] Article: https://www.theguardian.com/world/2026/jan/05/giant-bluefin-tuna-sold-record-amount-tokyo-auction-kiyoshi-kimura
2026-01-06 01:55:04,576 - INFO - [The Guardian] Attempt 1/1: Trying with 'requests_browser' strategy...
2026-01-06 01:55:04,649 - INFO - [The Guardian] Success with 'requests_browser'. Found content (266 words).
2026-01-06 01:55:04,713 - INFO - Saved article: 'Tuna King' pays record £2.4m for giant bluefin at Tokyo auction | Japan | The Guardian from The Guardian
2026-01-06 01:55:05,025 - INFO - [The Hindu] Page content loaded.
2026-01-06 01:55:05,083 - INFO - [BBC] Article: https://www.bbc.com/news/articles/ckgl7k91nl8o?at_medium=RSS&at_campaign=rss
2026-01-06 01:55:05,083 - INFO - [BBC] Attempt 1/1: Trying with 'requests_browser' strategy...
2026-01-06 01:55:05,356 - INFO - [BBC] Success with 'requests_browser'. Found content (830 words).
2026-01-06 01:55:05,455 - INFO - [The Hindu] Success with 'selenium_browser'. Found content (314 words).
2026-01-06 01:55:05,709 - INFO - Duplicate article skipped: Who is Cilia Flores, Venezuela's first lady captured by the US? from BBC
2026-01-06 01:55:05,767 - INFO - Saved article: Various parts of T.N. to get light to heavy rain from January 7 - The Hindu from The Hindu
2026-01-06 01:55:06,113 - INFO - [The Guardian] Article: https://www.theguardian.com/environment/2026/jan/05/weather-tracker-arctic-air-grips-europe-winds-corsica
2026-01-06 01:55:06,113 - INFO - [The Guardian] Attempt 1/1: Trying with 'requests_browser' strategy...
2026-01-06 01:55:06,226 - INFO - [The Guardian] Success with 'requests_browser'. Found content (312 words).
2026-01-06 01:55:06,440 - INFO - Duplicate article skipped: Weather tracker: Arctic air grips Europe as severe winds batter Corsica | Europe | The Guardian from The Guardian
2026-01-06 01:55:06,824 - INFO - [BBC] Article: https://www.bbc.com/news/articles/c0r4nwy7k48o?at_medium=RSS&at_campaign=rss
2026-01-06 01:55:06,825 - INFO - [BBC] Attempt 1/1: Trying with 'requests_browser' strategy...
2026-01-06 01:55:06,962 - INFO - [BBC] Success with 'requests_browser'. Found content (407 words).
2026-01-06 01:55:07,057 - INFO - [The Hindu] Article: https://www.thehindu.com/news/national/india-launches-new-e-business-visa-for-chinese-nationals/article70475683.ece
2026-01-06 01:55:07,057 - INFO - [The Hindu] Attempt 1/1: Trying with 'selenium_browser' strategy...
2026-01-06 01:55:07,134 - INFO - Duplicate article skipped: Niger state: At least 30 killed in Kasuwan-Daji village attack in Nigeria from BBC
2026-01-06 01:55:07,245 - INFO - [The Guardian] Article: https://www.theguardian.com/world/2026/jan/03/north-korea-has-fired-ballistic-missile-towards-the-sea-of-japan
2026-01-06 01:55:07,245 - INFO - [The Guardian] Attempt 1/1: Trying with 'requests_browser' strategy...
2026-01-06 01:55:07,393 - INFO - [The Guardian] Success with 'requests_browser'. Found content (505 words).
2026-01-06 01:55:07,518 - INFO - Duplicate article skipped: North Korea launches ballistic missiles towards sea before South Korean leader’s visit to China | North Korea | The Guardian from The Guardian
2026-01-06 01:55:08,037 - INFO - [The Guardian] Article: https://www.theguardian.com/world/2026/jan/02/kim-jong-un-daughter-ju-ae-north-korean-ruler-speculation
2026-01-06 01:55:08,037 - INFO - [The Guardian] Attempt 1/1: Trying with 'requests_browser' strategy...
2026-01-06 01:55:08,185 - INFO - [The Guardian] Success with 'requests_browser'. Found content (322 words).
2026-01-06 01:55:08,254 - INFO - Duplicate article skipped: Kim Jong-un’s daughter visits state mausoleum, fuelling speculation she will be next North Korean ruler | North Korea | The Guardian from The Guardian
2026-01-06 01:55:08,258 - INFO - [The Hindu] Page content loaded.
2026-01-06 01:55:08,415 - INFO - [BBC] Article: https://www.bbc.com/news/articles/cgezjlzwz1do?at_medium=RSS&at_campaign=rss
2026-01-06 01:55:08,415 - INFO - [BBC] Attempt 1/1: Trying with 'requests_browser' strategy...
2026-01-06 01:55:08,523 - INFO - [BBC] Success with 'requests_browser'. Found content (559 words).
2026-01-06 01:55:08,726 - INFO - [The Hindu] Success with 'selenium_browser'. Found content (213 words).
2026-01-06 01:55:08,802 - INFO - Duplicate article skipped: Greece: Thousands stranded across Europe as air space disrupted from BBC
2026-01-06 01:55:08,916 - INFO - Saved article: India launches new e-Business visa for Chinese nationals - The Hindu from The Hindu
2026-01-06 01:55:09,252 - INFO - [The Guardian] Article: https://www.theguardian.com/australia-news/2026/jan/06/man-dies-in-sydney-after-being-pepper-sprayed-by-nsw-police-during-arrest-ntwnfb
2026-01-06 01:55:09,252 - INFO - [The Guardian] Attempt 1/1: Trying with 'requests_browser' strategy...
2026-01-06 01:55:09,379 - INFO - [The Guardian] Success with 'requests_browser'. Found content (136 words).
2026-01-06 01:55:09,568 - INFO - Saved article: Man dies in Sydney after being pepper-sprayed by NSW police during arrest | Sydney | The Guardian from The Guardian
2026-01-06 01:55:09,735 - INFO - [The Hindu] Article: https://www.thehindu.com/news/national/german-chancellor-merz-to-visit-india-on-january-12-13/article70475664.ece
2026-01-06 01:55:09,735 - INFO - [The Hindu] Attempt 1/1: Trying with 'selenium_browser' strategy...
2026-01-06 01:55:10,177 - INFO - [BBC] Article: https://www.bbc.com/news/articles/c2057md3gvro?at_medium=RSS&at_campaign=rss
2026-01-06 01:55:10,177 - INFO - [BBC] Attempt 1/1: Trying with 'requests_browser' strategy...
2026-01-06 01:55:10,273 - INFO - [BBC] Success with 'requests_browser'. Found content (567 words).
2026-01-06 01:55:10,355 - INFO - Duplicate article skipped: Trump intervention warning over Iran protests 'reckless' says foreign minister from BBC
2026-01-06 01:55:10,598 - INFO - [The Guardian] Article: https://www.theguardian.com/australia-news/live/2026/jan/06/australia-news-live-anthony-albanese-floods-queensland-bondi-shooting-royal-commission-antisemitism-inquiry-ntwnfb
2026-01-06 01:55:10,598 - INFO - [The Guardian] Attempt 1/1: Trying with 'requests_browser' strategy...
2026-01-06 01:55:10,828 - INFO - [The Hindu] Page content loaded.
2026-01-06 01:55:10,833 - INFO - [The Guardian] Success with 'requests_browser'. Found content (1784 words).
2026-01-06 01:55:11,050 - INFO - Saved article: Australia news live: man arrested after alleged Christmas Day arson attack on car with ‘Happy Chanukah’ sign in Melbourne | Australia news | The Guardian from The Guardian
2026-01-06 01:55:11,115 - INFO - [The Hindu] Success with 'selenium_browser'. Found content (226 words).
2026-01-06 01:55:11,206 - INFO - Saved article: German Chancellor Merz to visit India on January 12-13 - The Hindu from The Hindu
2026-01-06 01:55:11,441 - INFO - [BBC] Article: https://www.bbc.com/news/articles/cz9vg0w9w28o?at_medium=RSS&at_campaign=rss
2026-01-06 01:55:11,441 - INFO - [BBC] Attempt 1/1: Trying with 'requests_browser' strategy...
2026-01-06 01:55:11,491 - INFO - [BBC] Success with 'requests_browser'. Found content (998 words).
2026-01-06 01:55:11,536 - INFO - Saved article: Cuba defiant as it braces for post-Maduro era from BBC
2026-01-06 01:55:11,791 - INFO - [The Guardian] Article: https://www.theguardian.com/music/2026/jan/05/drake-accused-of-using-online-casino-money-to-artificially-inflate-streams-in-class-action-case-ntwnfb
2026-01-06 01:55:11,792 - INFO - [The Guardian] Attempt 1/1: Trying with 'requests_browser' strategy...
2026-01-06 01:55:11,839 - INFO - [The Guardian] Success with 'requests_browser'. Found content (726 words).
2026-01-06 01:55:11,915 - INFO - [The Hindu] Article: https://www.thehindu.com/news/national/two-indians-among-6-killed-in-jeep-mishap-in-nepal/article70475908.ece
2026-01-06 01:55:11,916 - INFO - [The Hindu] Attempt 1/1: Trying with 'selenium_browser' strategy...
2026-01-06 01:55:11,937 - INFO - Duplicate article skipped: Drake and livestreamer Adin Ross accused of using online casino money to artificially inflate streams in class action case | Music | The Guardian from The Guardian
2026-01-06 01:55:12,550 - INFO - [BBC] Article: https://www.bbc.com/news/articles/cwy1812n13eo?at_medium=RSS&at_campaign=rss
2026-01-06 01:55:12,550 - INFO - [BBC] Attempt 1/1: Trying with 'requests_browser' strategy...
2026-01-06 01:55:12,606 - INFO - [BBC] Success with 'requests_browser'. Found content (1045 words).
2026-01-06 01:55:12,685 - INFO - Saved article: US sharply criticised by foes and friends over Maduro seizure from BBC
2026-01-06 01:55:12,720 - INFO - [The Guardian] Article: https://www.theguardian.com/australia-news/2026/jan/05/teenage-boy-who-survived-hillcrest-jumping-castle-tragedy-killed-in-ebike-accident-in-tasmania
2026-01-06 01:55:12,720 - INFO - [The Guardian] Attempt 1/1: Trying with 'requests_browser' strategy...
2026-01-06 01:55:12,763 - INFO - [The Guardian] Success with 'requests_browser'. Found content (412 words).
2026-01-06 01:55:12,818 - INFO - Duplicate article skipped: Teenage boy who survived Hillcrest jumping castle tragedy killed in ebike accident in Tasmania | Tasmania | The Guardian from The Guardian
2026-01-06 01:55:13,213 - INFO - [The Hindu] Page content loaded.
2026-01-06 01:55:13,308 - INFO - [The Hindu] Success with 'selenium_browser'. Found content (129 words).
2026-01-06 01:55:13,392 - INFO - Saved article: Two Indians among 6 killed in jeep mishap in Nepal - The Hindu from The Hindu
2026-01-06 01:55:13,398 - INFO - [BBC] Article: https://www.bbc.com/news/articles/cr4krkz7242o?at_medium=RSS&at_campaign=rss
2026-01-06 01:55:13,398 - INFO - [BBC] Attempt 1/1: Trying with 'requests_browser' strategy...
2026-01-06 01:55:13,457 - INFO - [BBC] Success with 'requests_browser'. Found content (1075 words).
2026-01-06 01:55:13,532 - INFO - Saved article: Trump's seizure of Maduro raises thorny legal questions, in US and abroad from BBC
2026-01-06 01:55:14,091 - INFO - [BBC] Article: https://www.bbc.com/news/articles/c5y45nyz124o?at_medium=RSS&at_campaign=rss
2026-01-06 01:55:14,091 - INFO - [BBC] Attempt 1/1: Trying with 'requests_browser' strategy...
2026-01-06 01:55:14,144 - INFO - [BBC] Success with 'requests_browser'. Found content (1478 words).
2026-01-06 01:55:14,194 - INFO - Duplicate article skipped: Trump's Maduro raid could set precedent for authoritarian powers across globe from BBC
2026-01-06 01:55:14,256 - INFO - [The Guardian] Article: https://www.theguardian.com/australia-news/2026/jan/05/parliament-recalled-early-labor-crack-down-hate-preachers-gun-buybacks-ntwnfb
2026-01-06 01:55:14,256 - INFO - [The Guardian] Attempt 1/1: Trying with 'requests_browser' strategy...
2026-01-06 01:55:14,340 - INFO - [The Guardian] Success with 'requests_browser'. Found content (684 words).
2026-01-06 01:55:14,446 - INFO - Duplicate article skipped: Parliament to be recalled early as Labor seeks to crack down on ‘hate preachers’ and fund gun buybacks | Australian politics | The Guardian from The Guardian
2026-01-06 01:55:14,774 - INFO - [BBC] Article: https://www.bbc.com/news/articles/c98nqeqnylro?at_medium=RSS&at_campaign=rss
2026-01-06 01:55:14,774 - INFO - [BBC] Attempt 1/1: Trying with 'requests_browser' strategy...
2026-01-06 01:55:14,867 - INFO - [BBC] Success with 'requests_browser'. Found content (1111 words).
2026-01-06 01:55:14,875 - INFO - [The Hindu] Article: https://www.thehindu.com/news/cities/Delhi/ngt-directs-to-issue-notice-to-centre-up-govt-on-violations-near-taj-mahal/article70475392.ece
2026-01-06 01:55:14,875 - INFO - [The Hindu] Attempt 1/1: Trying with 'selenium_browser' strategy...
2026-01-06 01:55:14,914 - INFO - Duplicate article skipped: The French university where spies go for training from BBC
2026-01-06 01:55:15,392 - INFO - [The Guardian] Article: https://www.theguardian.com/world/2026/jan/05/trump-must-give-up-fantasies-about-annexation-says-greenland-pm
2026-01-06 01:55:15,392 - INFO - [The Guardian] Attempt 1/1: Trying with 'requests_browser' strategy...
2026-01-06 01:55:15,476 - INFO - [The Guardian] Success with 'requests_browser'. Found content (1131 words).
2026-01-06 01:55:15,620 - INFO - Duplicate article skipped: US attack on Greenland would mean end of Nato, says Danish PM | Greenland | The Guardian from The Guardian
2026-01-06 01:55:16,281 - INFO - [The Hindu] Page content loaded.
2026-01-06 01:55:16,390 - INFO - [BBC] Article: https://www.bbc.com/news/articles/cn82l012dw6o?at_medium=RSS&at_campaign=rss
2026-01-06 01:55:16,390 - INFO - [BBC] Attempt 1/1: Trying with 'requests_browser' strategy...
2026-01-06 01:55:16,405 - INFO - [The Hindu] Success with 'selenium_browser'. Found content (297 words).
2026-01-06 01:55:16,563 - INFO - Saved article: NGT directs to issue notice to Centre, U.P. govt. on ‘violations’ near Taj Mahal - The Hindu from The Hindu
2026-01-06 01:55:16,564 - INFO - [BBC] Success with 'requests_browser'. Found content (721 words).
2026-01-06 01:55:16,630 - INFO - Duplicate article skipped: Crans-Montana: Mourners gather at mass for Swiss bar fire victims from BBC
2026-01-06 01:55:16,761 - INFO - [The Guardian] Article: https://www.theguardian.com/us-news/2026/jan/05/a-warning-not-an-insult-us-doubles-down-on-attack-on-europe
2026-01-06 01:55:16,761 - INFO - [The Guardian] Attempt 1/1: Trying with 'requests_browser' strategy...
2026-01-06 01:55:16,811 - INFO - [The Guardian] Success with 'requests_browser'. Found content (433 words).
2026-01-06 01:55:16,979 - INFO - Saved article: ‘A warning not an insult’: US doubles down on criticism of Europe | US foreign policy | The Guardian from The Guardian
2026-01-06 01:55:17,188 - INFO - [BBC] Article: https://www.bbc.com/news/videos/cy05933de12o?at_medium=RSS&at_campaign=rss
2026-01-06 01:55:17,189 - INFO - [BBC] Attempt 1/1: Trying with 'requests_browser' strategy...
2026-01-06 01:55:17,297 - INFO - [BBC] Success with 'requests_browser'. Found content (82 words).
2026-01-06 01:55:17,373 - INFO - Saved article: Watch: What it was like in the courtroom at Maduro's hearing from BBC
2026-01-06 01:55:17,824 - INFO - [The Hindu] Article: https://www.thehindu.com/news/national/punjab/aap-govt-faces-heat-over-punjabs-law-and-order-minister-holds-previous-regimes-accountable-for-gangsters-having-free-run/article70474553.ece
2026-01-06 01:55:17,824 - INFO - [The Hindu] Attempt 1/1: Trying with 'selenium_browser' strategy...
2026-01-06 01:55:18,274 - INFO - [The Guardian] Article: https://www.theguardian.com/uk-news/2026/jan/05/one-in-one-out-asylum-seekers-accuse-uk-degrading-treatment
2026-01-06 01:55:18,274 - INFO - [The Guardian] Attempt 1/1: Trying with 'requests_browser' strategy...
2026-01-06 01:55:18,312 - INFO - [The Guardian] Success with 'requests_browser'. Found content (797 words).
2026-01-06 01:55:18,410 - INFO - Duplicate article skipped: Eighty ‘one in, one out’ asylum seekers accuse UK of degrading treatment | Immigration and asylum | The Guardian from The Guardian
2026-01-06 01:55:18,524 - INFO - [BBC] Article: https://www.bbc.com/news/videos/cly308pn4r8o?at_medium=RSS&at_campaign=rss
2026-01-06 01:55:18,524 - INFO - [BBC] Attempt 1/1: Trying with 'requests_browser' strategy...
2026-01-06 01:55:18,564 - INFO - [BBC] Success with 'requests_browser'. Found content (133 words).
2026-01-06 01:55:18,611 - INFO - Duplicate article skipped: Video shows Maduro's arrival in US and journey into custody from BBC
2026-01-06 01:55:19,041 - INFO - [The Hindu] Page content loaded.
2026-01-06 01:55:19,197 - INFO - [The Guardian] Article: https://www.theguardian.com/world/2026/jan/05/volodymr-zelenskyy-sacks-ukrainian-spy-chief-vasyl-malyuk
2026-01-06 01:55:19,197 - INFO - [The Guardian] Attempt 1/1: Trying with 'requests_browser' strategy...
2026-01-06 01:55:19,281 - INFO - [The Guardian] Success with 'requests_browser'. Found content (519 words).
2026-01-06 01:55:19,303 - INFO - [The Hindu] Success with 'selenium_browser'. Found content (507 words).
2026-01-06 01:55:19,475 - INFO - Saved article: Zelenskyy forces out Ukrainian spy chief who led daring raids against Russia | Ukraine | The Guardian from The Guardian
2026-01-06 01:55:19,509 - INFO - Saved article: AAP govt. faces heat over Punjab’s law and order; Minister holds previous regimes accountable for gangsters ‘having free run’ - The Hindu from The Hindu
2026-01-06 01:55:19,574 - INFO - [BBC] Article: https://www.bbc.com/news/videos/c5y2xqgjd7eo?at_medium=RSS&at_campaign=rss
2026-01-06 01:55:19,575 - INFO - [BBC] Attempt 1/1: Trying with 'requests_browser' strategy...
2026-01-06 01:55:19,655 - WARNING - [BBC] FAILED with 'requests_browser' (content was too short: 50 words).
2026-01-06 01:55:19,655 - ERROR - [BBC] All scrape strategies failed for https://www.bbc.com/news/videos/c5y2xqgjd7eo?at_medium=RSS&at_campaign=rss. Falling back to RSS description.
2026-01-06 01:55:19,656 - INFO - Duplicate article skipped: Watch: 'I'm so happy' - Venezuelans in the US react to Maduro's capture from BBC
2026-01-06 01:55:20,261 - INFO - [The Guardian] Article: https://www.theguardian.com/world/live/2026/jan/05/europe-greenland-denmark-eu-venezuela-trump-latest-news-updates
2026-01-06 01:55:20,261 - INFO - [The Guardian] Attempt 1/1: Trying with 'requests_browser' strategy...
2026-01-06 01:55:20,444 - INFO - [The Guardian] Success with 'requests_browser'. Found content (1491 words).
2026-01-06 01:55:20,531 - INFO - Duplicate article skipped: Trump serious about wanting to take over Greenland, says Danish prime minister – as it happened | Europe | The Guardian from The Guardian
2026-01-06 01:55:20,874 - INFO - [The Hindu] Article: https://www.thehindu.com/news/national/jaishankar-meets-iea-executive-director-in-france/article70475903.ece
2026-01-06 01:55:20,874 - INFO - [The Hindu] Attempt 1/1: Trying with 'selenium_browser' strategy...
2026-01-06 01:55:21,649 - INFO - [The Hindu] Page content loaded.
2026-01-06 01:55:21,753 - INFO - [The Hindu] Success with 'selenium_browser'. Found content (240 words).
2026-01-06 01:55:21,978 - INFO - Saved article: Jaishankar meets IEA Executive Director in France - The Hindu from The Hindu
2026-01-06 01:55:23,177 - INFO - [The Hindu] Article: https://www.thehindu.com/news/national/telangana/kavitha-sets-sights-on-siddipet-in-new-political-offensive/article70474969.ece
2026-01-06 01:55:23,177 - INFO - [The Hindu] Attempt 1/1: Trying with 'selenium_browser' strategy...
2026-01-06 01:55:24,375 - INFO - [The Hindu] Page content loaded.
2026-01-06 01:55:24,422 - INFO - [The Hindu] Success with 'selenium_browser'. Found content (319 words).
2026-01-06 01:55:24,478 - INFO - Saved article: Kavitha sets sights on Siddipet in new political offensive - The Hindu from The Hindu
2026-01-06 01:55:25,504 - INFO - [The Hindu] Article: https://www.thehindu.com/news/national/kerala/fibre-boats-damaged-in-fire-at-chellanam-harbour/article70475649.ece
2026-01-06 01:55:25,504 - INFO - [The Hindu] Attempt 1/1: Trying with 'selenium_browser' strategy...
2026-01-06 01:55:27,100 - INFO - [The Hindu] Page content loaded.
2026-01-06 01:55:27,317 - INFO - [The Hindu] Success with 'selenium_browser'. Found content (122 words).
2026-01-06 01:55:27,754 - INFO - Saved article: Fibre boats damaged in fire at Chellanam harbour - The Hindu from The Hindu
2026-01-06 01:55:28,539 - INFO - [The Hindu] Article: https://www.thehindu.com/news/national/tamil-nadu/madras-high-court-stays-tender-process-for-widening-ecr-and-constructing-an-elevated-corridor/article70474891.ece
2026-01-06 01:55:28,539 - INFO - [The Hindu] Attempt 1/1: Trying with 'selenium_browser' strategy...
2026-01-06 01:55:29,332 - INFO - [The Hindu] Page content loaded.
2026-01-06 01:55:29,390 - INFO - [The Hindu] Success with 'selenium_browser'. Found content (452 words).
2026-01-06 01:55:29,486 - INFO - Saved article: Madras High Court stays tender process for widening ECR and constructing an elevated corridor - The Hindu from The Hindu
2026-01-06 01:55:30,169 - INFO - [The Hindu] Article: https://www.thehindu.com/opinion/op-ed/a-brewing-storm-over-defections-in-telangana/article70474692.ece
2026-01-06 01:55:30,169 - INFO - [The Hindu] Attempt 1/1: Trying with 'selenium_browser' strategy...
2026-01-06 01:55:31,311 - INFO - [The Hindu] Page content loaded.
2026-01-06 01:55:31,442 - INFO - [The Hindu] Success with 'selenium_browser'. Found content (718 words).
2026-01-06 01:55:31,506 - INFO - Saved article: In Telengana, a brewing storm over ‘defections’ - The Hindu from The Hindu
2026-01-06 01:55:32,160 - INFO - [The Hindu] Article: https://www.thehindu.com/news/national/andhra-pradesh/cm-to-take-part-in-siddhartha-academys-golden-jubilee-celebrations/article70474663.ece
2026-01-06 01:55:32,160 - INFO - [The Hindu] Attempt 1/1: Trying with 'selenium_browser' strategy...
2026-01-06 01:55:32,902 - INFO - [The Hindu] Page content loaded.
2026-01-06 01:55:32,949 - INFO - [The Hindu] Success with 'selenium_browser'. Found content (282 words).
2026-01-06 01:55:33,025 - INFO - Saved article: Chandrababu Naidu to take part in Siddhartha Academy’s golden jubilee celebrations - The Hindu from The Hindu
2026-01-06 01:55:34,124 - INFO - [The Hindu] Article: https://www.thehindu.com/news/national/andhra-pradesh/sankranti-arrives-early-in-villages-across-andhra/article70474768.ece
2026-01-06 01:55:34,125 - INFO - [The Hindu] Attempt 1/1: Trying with 'selenium_browser' strategy...
2026-01-06 01:55:35,385 - INFO - [The Hindu] Page content loaded.
2026-01-06 01:55:35,430 - INFO - [The Hindu] Success with 'selenium_browser'. Found content (263 words).
2026-01-06 01:55:35,504 - INFO - Saved article: Sankranti arrives early in villages across Andhra - The Hindu from The Hindu
2026-01-06 01:55:36,045 - INFO - [The Hindu] Article: https://www.thehindu.com/news/national/andhra-pradesh/taruni-tarangalus-mahila-utsavalu-on-jan-7-and-8/article70475418.ece
2026-01-06 01:55:36,045 - INFO - [The Hindu] Attempt 1/1: Trying with 'selenium_browser' strategy...
2026-01-06 01:55:37,112 - INFO - [The Hindu] Page content loaded.
2026-01-06 01:55:37,167 - INFO - [The Hindu] Success with 'selenium_browser'. Found content (173 words).
2026-01-06 01:55:37,254 - INFO - Saved article: Taruni Tarangalu’s ‘Mahila Utsavalu’ on Jan. 7 and 8 - The Hindu from The Hindu
2026-01-06 01:55:38,700 - INFO - [The Hindu] Article: https://www.thehindu.com/news/national/andhra-pradesh/ap-bjp-chief-conducts-janata-varadhi-at-ntr-collectorate/article70474841.ece
2026-01-06 01:55:38,700 - INFO - [The Hindu] Attempt 1/1: Trying with 'selenium_browser' strategy...
2026-01-06 01:55:39,890 - INFO - [The Hindu] Page content loaded.
2026-01-06 01:55:40,069 - INFO - [The Hindu] Success with 'selenium_browser'. Found content (169 words).
2026-01-06 01:55:40,165 - INFO - Saved article: A.P. BJP chief conducts Janata Varadhi at NTR Collectorate - The Hindu from The Hindu
2026-01-06 01:55:41,175 - INFO - [The Hindu] Article: https://www.thehindu.com/news/national/telangana/hc-directs-cyberabad-police-commissioner-to-inquire-allegations-by-doctor-couple/article70475258.ece
2026-01-06 01:55:41,175 - INFO - [The Hindu] Attempt 1/1: Trying with 'selenium_browser' strategy...
2026-01-06 01:55:42,010 - INFO - [The Hindu] Page content loaded.
2026-01-06 01:55:42,092 - INFO - [The Hindu] Success with 'selenium_browser'. Found content (326 words).
2026-01-06 01:55:42,198 - INFO - Saved article: HC directs Cyberabad Police Commissioner to inquire into allegations by doctor couple - The Hindu from The Hindu
2026-01-06 01:55:42,805 - INFO - [The Hindu] Article: https://www.thehindu.com/news/cities/Tiruchirapalli/union-home-minister-amit-shah-participates-in-pongal-celebration-in-tiruchi/article70474240.ece
2026-01-06 01:55:42,805 - INFO - [The Hindu] Attempt 1/1: Trying with 'selenium_browser' strategy...
2026-01-06 01:55:43,778 - INFO - [The Hindu] Page content loaded.
2026-01-06 01:55:43,861 - INFO - [The Hindu] Success with 'selenium_browser'. Found content (231 words).
2026-01-06 01:55:43,971 - INFO - Saved article: Home Minister Amit Shah participates in Pongal celebration in Tiruchi - The Hindu from The Hindu
2026-01-06 01:55:45,445 - INFO - [The Hindu] Article: https://www.thehindu.com/news/national/andhra-pradesh/kakinada-sports-club-members-invite-saap-chief-for-hockey-tourney/article70474834.ece
2026-01-06 01:55:45,445 - INFO - [The Hindu] Attempt 1/1: Trying with 'selenium_browser' strategy...
2026-01-06 01:55:46,327 - INFO - [The Hindu] Page content loaded.
2026-01-06 01:55:46,572 - INFO - [The Hindu] Success with 'selenium_browser'. Found content (118 words).
2026-01-06 01:55:46,643 - INFO - Saved article: Kakinada sports club members invite SAAP chief for hockey tourney - The Hindu from The Hindu
2026-01-06 01:55:47,487 - INFO - [The Hindu] Article: https://www.thehindu.com/news/national/andhra-pradesh/release-sought-of-right-activist-adivasis-implicated-in-ysrcp-leaders-death/article70475247.ece
2026-01-06 01:55:47,488 - INFO - [The Hindu] Attempt 1/1: Trying with 'selenium_browser' strategy...
2026-01-06 01:55:48,233 - INFO - [The Hindu] Page content loaded.
2026-01-06 01:55:48,284 - INFO - [The Hindu] Success with 'selenium_browser'. Found content (358 words).
2026-01-06 01:55:48,384 - INFO - Saved article: Release sought of right activist, adivasis implicated in YSRCP leader’s death - The Hindu from The Hindu
2026-01-06 01:55:49,688 - INFO - [The Hindu] Article: https://www.thehindu.com/news/national/tamil-nadu/chief-minister-mk-stalin-signs-mou-with-un-women-on-inclusive-development/article70473949.ece
2026-01-06 01:55:49,688 - INFO - [The Hindu] Attempt 1/1: Trying with 'selenium_browser' strategy...
2026-01-06 01:55:50,619 - INFO - [The Hindu] Page content loaded.
2026-01-06 01:55:50,705 - INFO - [The Hindu] Success with 'selenium_browser'. Found content (241 words).
2026-01-06 01:55:50,796 - INFO - Saved article: Chief Minister M.K. Stalin signs MoU with UN Women on inclusive development - The Hindu from The Hindu
2026-01-06 01:55:52,252 - INFO - [The Hindu] Article: https://www.thehindu.com/news/national/andhra-pradesh/expo-in-vijayawada-to-promote-scientific-literacy-among-public/article70475317.ece
2026-01-06 01:55:52,252 - INFO - [The Hindu] Attempt 1/1: Trying with 'selenium_browser' strategy...
2026-01-06 01:55:53,266 - INFO - [The Hindu] Page content loaded.
2026-01-06 01:55:53,309 - INFO - [The Hindu] Success with 'selenium_browser'. Found content (136 words).
2026-01-06 01:55:53,394 - INFO - Saved article: Expo in Vijayawada to promote scientific literacy among public - The Hindu from The Hindu
2026-01-06 01:55:54,143 - INFO - [The Hindu] Article: https://www.thehindu.com/news/national/karnataka/bmtc-introduces-dedicated-feeder-buses-to-delta-electronics-bommasandra-metro-station/article70475577.ece
2026-01-06 01:55:54,143 - INFO - [The Hindu] Attempt 1/1: Trying with 'selenium_browser' strategy...
2026-01-06 01:55:54,883 - INFO - [The Hindu] Page content loaded.
2026-01-06 01:55:54,927 - INFO - [The Hindu] Success with 'selenium_browser'. Found content (124 words).
2026-01-06 01:55:54,993 - INFO - Saved article: BMTC introduces dedicated feeder buses to Delta Electronics Bommasandra Metro Station - The Hindu from The Hindu
2026-01-06 01:55:55,670 - INFO - [The Hindu] Article: https://www.thehindu.com/news/cities/Madurai/congress-mp-stands-firm-on-demand-for-sharing-power-in-tamil-nadu-after-assembly-poll/article70475359.ece
2026-01-06 01:55:55,670 - INFO - [The Hindu] Attempt 1/1: Trying with 'selenium_browser' strategy...
2026-01-06 01:55:56,384 - INFO - [The Hindu] Page content loaded.
2026-01-06 01:55:56,455 - INFO - [The Hindu] Success with 'selenium_browser'. Found content (326 words).
2026-01-06 01:55:56,541 - INFO - Saved article: Congress MP stands firm on demand for sharing power in Tamil Nadu after Assembly poll - The Hindu from The Hindu
2026-01-06 01:55:57,516 - INFO - [The Hindu] Article: https://www.thehindu.com/news/national/telangana/brs-gives-privilege-motion-notice-against-cm-for-misleading-house/article70475337.ece
2026-01-06 01:55:57,516 - INFO - [The Hindu] Attempt 1/1: Trying with 'selenium_browser' strategy...
2026-01-06 01:55:58,455 - INFO - [The Hindu] Page content loaded.
2026-01-06 01:55:58,551 - INFO - [The Hindu] Success with 'selenium_browser'. Found content (249 words).
2026-01-06 01:55:58,700 - INFO - Saved article: BRS gives privilege motion notice against CM for ‘misleading House’ - The Hindu from The Hindu
2026-01-06 01:55:59,781 - INFO - [The Hindu] (Thread) Finished. Attempting to shut down its Selenium driver.
2026-01-06 01:55:59,930 - INFO - [The Hindu] (Thread) driver.quit() successful.
2026-01-06 01:56:00,062 - ERROR - [Times of India] Request failed for strategy 'selenium_browser' on URL https://timesofindia.indiatimes.com/world/rest-of-world/japan-6-2-magnitude-earthquake-jolts-west-coast-no-tsunami-warning/articleshow/126363856.cms: Message: timeout: Timed out receiving message from renderer: 59.926
  (Session info: chrome=143.0.7499.109)
Stacktrace:
#0 0x56071874719a <unknown>
#1 0x5607181c4c4b <unknown>
#2 0x5607181accf3 <unknown>
#3 0x5607181ac9d6 <unknown>
#4 0x5607181aa897 <unknown>
#5 0x5607181ab1af <unknown>
#6 0x5607181b9970 <unknown>
#7 0x5607181d3017 <unknown>
#8 0x5607181d96cb <unknown>
#9 0x5607181ab8d8 <unknown>
#10 0x5607181d2dc3 <unknown>
#11 0x560718261f60 <unknown>
#12 0x560718208c42 <unknown>
#13 0x5607182098f1 <unknown>
#14 0x56071870ff39 <unknown>
#15 0x560718712e7d <unknown>
#16 0x5607186f8c81 <unknown>
#17 0x560718713a5b <unknown>
#18 0x5607186dfa50 <unknown>
#19 0x560718734aa8 <unknown>
#20 0x560718734c79 <unknown>
#21 0x5607187464f3 <unknown>
#22 0x7f305629caa4 <unknown>
#23 0x7f3056329c6c <unknown>

2026-01-06 01:56:00,062 - ERROR - [Times of India] All scrape strategies failed for https://timesofindia.indiatimes.com/world/rest-of-world/japan-6-2-magnitude-earthquake-jolts-west-coast-no-tsunami-warning/articleshow/126363856.cms. Falling back to RSS description.
2026-01-06 01:56:00,073 - INFO - Saved article: Japan: 6.2 magnitude earthquake jolts west coast; no tsunami warning issued from Times of India
2026-01-06 01:56:00,655 - INFO - [Times of India] Article: https://timesofindia.indiatimes.com/world/us/heavy-gunfire-reported-near-presidential-palace-in-venezuela-days-after-maduros-ouster/articleshow/126363778.cms
2026-01-06 01:56:00,655 - INFO - [Times of India] Attempt 1/1: Trying with 'selenium_browser' strategy...
2026-01-06 01:56:02,234 - INFO - [Times of India] Page content loaded.
2026-01-06 01:56:02,370 - INFO - [Times of India] Success with 'selenium_browser'. Found content (279 words).
2026-01-06 01:56:02,456 - INFO - Saved article: Heavy gunfire reported near presidential palace in Venezuela days after Maduro's ouster - The Times of India from Times of India
2026-01-06 01:56:03,121 - INFO - [Times of India] Article: https://timesofindia.indiatimes.com/world/us/missed-brothers-wedding-in-india-h-4-visa-holder-in-seattle-shares-pain-of-delays-says-she-watched-ceremony-online/articleshow/126363501.cms
2026-01-06 01:56:03,121 - INFO - [Times of India] Attempt 1/1: Trying with 'selenium_browser' strategy...
2026-01-06 01:56:03,659 - INFO - [Times of India] Page content loaded.
2026-01-06 01:56:03,777 - INFO - [Times of India] Success with 'selenium_browser'. Found content (397 words).
2026-01-06 01:56:03,835 - INFO - Saved article: ‘Missed brother’s wedding in India’: H-4 visa holder in Seattle shares pain of delays, says she watched ceremony online - The Times of India from Times of India
2026-01-06 01:56:05,289 - INFO - [Times of India] Article: https://timesofindia.indiatimes.com/world/us/trump-signs-make-iran-great-again-hat-for-republican-senator-who-hopes-2026-will-be-the-year-that-/articleshow/126363263.cms
2026-01-06 01:56:05,289 - INFO - [Times of India] Attempt 1/1: Trying with 'selenium_browser' strategy...
2026-01-06 01:56:06,728 - INFO - [Times of India] Page content loaded.
2026-01-06 01:56:06,847 - INFO - [Times of India] Success with 'selenium_browser'. Found content (367 words).
2026-01-06 01:56:06,903 - INFO - Saved article: Trump signs 'Make Iran Great Again' hat for Republican senator who hopes 2026 will be the year that... - The Times of India from Times of India
2026-01-06 01:56:07,570 - INFO - [Times of India] Article: https://timesofindia.indiatimes.com/world/us/have-to-nurse-the-country-trump-confirms-us-is-not-at-war-with-venezuela-but-says-it-cannot-have-elections/articleshow/126363316.cms
2026-01-06 01:56:07,570 - INFO - [Times of India] Attempt 1/1: Trying with 'selenium_browser' strategy...
2026-01-06 01:56:08,261 - INFO - [Times of India] Page content loaded.
2026-01-06 01:56:08,389 - INFO - [Times of India] Success with 'selenium_browser'. Found content (439 words).
2026-01-06 01:56:08,514 - INFO - Saved article: ‘Have to nurse the country’: Trump rules out Venezuela election in next 30 days; denies US at war - The Times of India from Times of India
2026-01-06 01:56:09,404 - INFO - [Times of India] Article: https://timesofindia.indiatimes.com/world/us/cant-handle-the-heat-vivek-ramaswamy-mocked-by-rival-for-deleting-social-media-apps-to-avoid-racist-hate/articleshow/126360843.cms
2026-01-06 01:56:09,404 - INFO - [Times of India] Attempt 1/1: Trying with 'selenium_browser' strategy...
2026-01-06 01:56:10,308 - INFO - [Times of India] Page content loaded.
2026-01-06 01:56:10,453 - INFO - [Times of India] Success with 'selenium_browser'. Found content (346 words).
2026-01-06 01:56:10,542 - INFO - Saved article: 'Can't handle the heat': Vivek Ramaswamy mocked by rival for deleting social media apps to avoid 'racist hate' - The Times of India from Times of India
2026-01-06 01:56:11,506 - INFO - [Times of India] Article: https://timesofindia.indiatimes.com/world/us/400000-in-hours-trader-hits-jackpot-betting-trump-would-attack-venezuela-heres-how-they-did-it/articleshow/126360833.cms
2026-01-06 01:56:11,506 - INFO - [Times of India] Attempt 1/1: Trying with 'selenium_browser' strategy...
2026-01-06 01:56:12,294 - INFO - [Times of India] Page content loaded.
2026-01-06 01:56:12,435 - INFO - [Times of India] Success with 'selenium_browser'. Found content (394 words).
2026-01-06 01:56:12,492 - INFO - Saved article: $400,000 in hours: Trader hits jackpot betting Trump would attack Venezuela – here's how they did it - The Times of India from Times of India
2026-01-06 01:56:13,420 - INFO - [Times of India] Article: https://timesofindia.indiatimes.com/world/us-streamers/its-so-stupid-it-hurts-candace-owens-blasts-cia-narrative-after-charlie-kirk-assassination-sparks-fresh-public-outrage/articleshow/126360820.cms
2026-01-06 01:56:13,420 - INFO - [Times of India] Attempt 1/1: Trying with 'selenium_browser' strategy...
2026-01-06 01:56:14,396 - INFO - [Times of India] Page content loaded.
2026-01-06 01:56:14,503 - INFO - [Times of India] Success with 'selenium_browser'. Found content (485 words).
2026-01-06 01:56:14,571 - INFO - Saved article: “It’s so stupid it hurts”: Candace Owens blasts CIA narrative after Charlie Kirk assassination sparks fresh public outrage - The Times of India from Times of India
2026-01-06 01:56:15,668 - INFO - [Times of India] Article: https://timesofindia.indiatimes.com/world/us-streamers/ishowspeed-explains-why-he-travels-the-world-instead-of-streaming-from-home/articleshow/126360793.cms
2026-01-06 01:56:15,668 - INFO - [Times of India] Attempt 1/1: Trying with 'selenium_browser' strategy...
2026-01-06 01:58:23,449 - ERROR - [Times of India] Request failed for strategy 'selenium_browser' on URL https://timesofindia.indiatimes.com/world/us-streamers/ishowspeed-explains-why-he-travels-the-world-instead-of-streaming-from-home/articleshow/126360793.cms: HTTPConnectionPool(host='localhost', port=58829): Read timed out. (read timeout=120)
2026-01-06 01:58:23,449 - ERROR - [Times of India] All scrape strategies failed for https://timesofindia.indiatimes.com/world/us-streamers/ishowspeed-explains-why-he-travels-the-world-instead-of-streaming-from-home/articleshow/126360793.cms. Falling back to RSS description.
2026-01-06 01:58:23,452 - INFO - Saved article: IShowSpeed explains why he travels the world instead of streaming from home from Times of India
2026-01-06 01:58:24,422 - INFO - [Times of India] Article: https://timesofindia.indiatimes.com/world/us/trump-captured-maduro-to-legalize-gay-marriage-in-venezuela-claims-tucker-carlson-whole-project-was-globo-homo/articleshow/126360778.cms
2026-01-06 01:58:24,422 - INFO - [Times of India] Attempt 1/1: Trying with 'selenium_browser' strategy...
2026-01-06 02:00:24,457 - ERROR - [Times of India] Request failed for strategy 'selenium_browser' on URL https://timesofindia.indiatimes.com/world/us/trump-captured-maduro-to-legalize-gay-marriage-in-venezuela-claims-tucker-carlson-whole-project-was-globo-homo/articleshow/126360778.cms: HTTPConnectionPool(host='localhost', port=58829): Read timed out. (read timeout=120)
2026-01-06 02:00:24,458 - ERROR - [Times of India] All scrape strategies failed for https://timesofindia.indiatimes.com/world/us/trump-captured-maduro-to-legalize-gay-marriage-in-venezuela-claims-tucker-carlson-whole-project-was-globo-homo/articleshow/126360778.cms. Falling back to RSS description.
2026-01-06 02:00:24,459 - INFO - Saved article: Trump captured Maduro to legalize gay marriage in Venezuela, claims Tucker Carlson from Times of India
2026-01-06 02:00:25,932 - INFO - [Times of India] Article: https://timesofindia.indiatimes.com/world/us-streamers/twitch-streamer-swifty-unbanned-after-brief-suspension-thanks-fans-for-support/articleshow/126360744.cms
2026-01-06 02:00:25,932 - INFO - [Times of India] Attempt 1/1: Trying with 'selenium_browser' strategy...
2026-01-06 02:01:51,705 - CRITICAL - --- TIMEOUT: 1 scrape jobs did not complete in 420s. ---
2026-01-06 02:01:51,705 - ERROR - A thread has timed out and will be abandoned.
2026-01-06 02:01:51,705 - INFO - Shutting down thread pool (wait=False)...
2026-01-06 02:01:51,705 - INFO - Scraped: 7 BBC, 25 The Hindu, 10 The Guardian, 1 Timed_Out_Jobs articles. (Total saved: 42)
2026-01-06 02:01:51,705 - INFO - --- Scraping job finished ---
2026-01-06 02:01:51,706 - INFO - --- Scraper service stopped and database connection closed. ---
2026-01-06 02:01:51,706 - INFO - --- Main thread finished. Forcing process exit to kill zombie threads. ---
