2026-03-13 02:23:16,892 - INFO - Initializing database connection at: news_articles.db
2026-03-13 02:23:16,892 - INFO - --- Scraper service started (CI Mode: Run Once) ---
2026-03-13 02:23:16,892 - INFO - --- Starting new scraping job (Parallel Mode) ---
2026-03-13 02:23:16,892 - INFO - Creating new robust session with 3 retries on 5xx/connection/read errors.
2026-03-13 02:23:16,893 - INFO - Proxy is DISABLED.
2026-03-13 02:23:16,894 - INFO - Starting scrape for BBC RSS feed: http://feeds.bbci.co.uk/news/world/rss.xml
2026-03-13 02:23:16,894 - INFO - [Times of India] (Thread) requires Selenium. Initializing driver...
2026-03-13 02:23:16,894 - INFO - Initializing headless Selenium Chrome driver (using SeleniumManager)...
2026-03-13 02:23:16,894 - INFO - Starting scrape for The Guardian RSS feed: https://www.theguardian.com/world/rss
2026-03-13 02:23:16,895 - INFO - [The Hindu] (Thread) requires Selenium. Initializing driver...
2026-03-13 02:23:16,895 - INFO - Submitted 4 jobs to thread pool. Waiting up to 420s for completion...
2026-03-13 02:23:16,895 - INFO - Initializing headless Selenium Chrome driver (using SeleniumManager)...
2026-03-13 02:23:17,207 - INFO - Found 45 articles in The Guardian RSS feed. Processing up to 25.
2026-03-13 02:23:17,207 - INFO - [The Guardian] Article: https://www.theguardian.com/us-news/2026/mar/12/trump-immigration-deportations-eswatini
2026-03-13 02:23:17,207 - INFO - [The Guardian] Attempt 1/1: Trying with 'requests_browser' strategy...
2026-03-13 02:23:17,299 - INFO - [The Guardian] Success with 'requests_browser'. Found content (528 words).
2026-03-13 02:23:17,347 - INFO - Saved article: Eswatini says it received more ‘third country’ deportees as part of deal with Trump administration | Trump administration | The Guardian from The Guardian
2026-03-13 02:23:17,413 - INFO - Found 34 articles in BBC RSS feed. Processing up to 25.
2026-03-13 02:23:17,413 - INFO - [BBC] Article: https://www.bbc.com/news/articles/c1e9yy84we8o?at_medium=RSS&at_campaign=rss
2026-03-13 02:23:17,413 - INFO - [BBC] Attempt 1/1: Trying with 'requests_browser' strategy...
2026-03-13 02:23:17,624 - INFO - [BBC] Success with 'requests_browser'. Found content (2472 words).
2026-03-13 02:23:17,667 - INFO - Saved article: Mission accomplished? The 2003 boast that haunts today's Iran conflict from BBC
2026-03-13 02:23:18,385 - INFO - [The Guardian] Article: https://www.theguardian.com/global-development/2026/mar/12/uk-government-axes-flagship-global-health-project
2026-03-13 02:23:18,385 - INFO - [The Guardian] Attempt 1/1: Trying with 'requests_browser' strategy...
2026-03-13 02:23:18,468 - INFO - [The Guardian] Success with 'requests_browser'. Found content (626 words).
2026-03-13 02:23:18,502 - INFO - Saved article: UK government axes flagship global health project | Global development | The Guardian from The Guardian
2026-03-13 02:23:18,843 - INFO - [BBC] Article: https://www.bbc.com/news/articles/cdxg599655vo?at_medium=RSS&at_campaign=rss
2026-03-13 02:23:18,844 - INFO - [BBC] Attempt 1/1: Trying with 'requests_browser' strategy...
2026-03-13 02:23:18,896 - INFO - [BBC] Success with 'requests_browser'. Found content (596 words).
2026-03-13 02:23:18,931 - INFO - Saved article: Iran's new Supreme Leader vows to continue blocking Strait of Hormuz from BBC
2026-03-13 02:23:19,267 - INFO - [The Guardian] Article: https://www.theguardian.com/global-development/2026/mar/12/invasive-ai-led-mass-surveillance-in-africa-violating-freedoms-warn-experts
2026-03-13 02:23:19,267 - INFO - [The Guardian] Attempt 1/1: Trying with 'requests_browser' strategy...
2026-03-13 02:23:19,341 - INFO - [The Guardian] Success with 'requests_browser'. Found content (621 words).
2026-03-13 02:23:19,372 - INFO - Duplicate article skipped: ‘Invasive’ AI-led mass surveillance in Africa violating freedoms, warn experts | Global development | The Guardian from The Guardian
2026-03-13 02:23:19,639 - INFO - [BBC] Article: https://www.bbc.com/news/articles/cdxzzqye9w0o?at_medium=RSS&at_campaign=rss
2026-03-13 02:23:19,639 - INFO - [BBC] Attempt 1/1: Trying with 'requests_browser' strategy...
2026-03-13 02:23:19,696 - INFO - [BBC] Success with 'requests_browser'. Found content (1054 words).
2026-03-13 02:23:19,734 - INFO - Saved article: French vote tests polarised electorate with right hoping to win control of Paris from BBC
2026-03-13 02:23:20,320 - INFO - [The Guardian] Article: https://www.theguardian.com/world/2026/mar/11/at-least-17-killed-after-drone-strikes-school-in-sudan
2026-03-13 02:23:20,320 - INFO - [The Guardian] Attempt 1/1: Trying with 'requests_browser' strategy...
2026-03-13 02:23:20,391 - INFO - [The Guardian] Success with 'requests_browser'. Found content (363 words).
2026-03-13 02:23:20,429 - INFO - Duplicate article skipped: At least 17 killed after drone strikes school in Sudan | Sudan | The Guardian from The Guardian
2026-03-13 02:23:20,503 - INFO - [BBC] Article: https://www.bbc.com/news/articles/cy8lzn2ejpjo?at_medium=RSS&at_campaign=rss
2026-03-13 02:23:20,503 - INFO - [BBC] Attempt 1/1: Trying with 'requests_browser' strategy...
2026-03-13 02:23:20,549 - INFO - [BBC] Success with 'requests_browser'. Found content (518 words).
2026-03-13 02:23:20,585 - INFO - Saved article: Emirati minister tells BBC Iran must end strikes on Gulf from BBC
2026-03-13 02:23:21,243 - INFO - [The Guardian] Article: https://www.theguardian.com/world/2026/mar/11/drone-attack-goma-eastern-democratic-republic-of-the-congo-m23-rebels
2026-03-13 02:23:21,243 - INFO - [The Guardian] Attempt 1/1: Trying with 'requests_browser' strategy...
2026-03-13 02:23:21,398 - INFO - [The Guardian] Success with 'requests_browser'. Found content (551 words).
2026-03-13 02:23:21,437 - INFO - Duplicate article skipped: French aid worker among three killed in drone strike in east DRC, M23 rebels say | Democratic Republic of the Congo | The Guardian from The Guardian
2026-03-13 02:23:21,607 - INFO - [BBC] Article: https://www.bbc.com/news/articles/c8jxnjvjkg7o?at_medium=RSS&at_campaign=rss
2026-03-13 02:23:21,607 - INFO - [BBC] Attempt 1/1: Trying with 'requests_browser' strategy...
2026-03-13 02:23:21,650 - INFO - [BBC] Success with 'requests_browser'. Found content (421 words).
2026-03-13 02:23:21,709 - INFO - Saved article: Nepal: Rapper-politician Balendra Shah's party wins Nepal election from BBC
2026-03-13 02:23:21,958 - INFO - [The Guardian] Article: https://www.theguardian.com/world/2026/mar/12/two-plasma-donors-die-private-canada-clinics
2026-03-13 02:23:21,958 - INFO - [The Guardian] Attempt 1/1: Trying with 'requests_browser' strategy...
2026-03-13 02:23:22,028 - INFO - [The Guardian] Success with 'requests_browser'. Found content (1291 words).
2026-03-13 02:23:22,059 - INFO - Saved article: Two people die after donating plasma at Canadian clinics under federal investigation | Canada | The Guardian from The Guardian
2026-03-13 02:23:22,430 - INFO - [BBC] Article: https://www.bbc.com/news/articles/cm2xrz71zm3o?at_medium=RSS&at_campaign=rss
2026-03-13 02:23:22,430 - INFO - [BBC] Attempt 1/1: Trying with 'requests_browser' strategy...
2026-03-13 02:23:22,485 - INFO - [BBC] Success with 'requests_browser'. Found content (636 words).
2026-03-13 02:23:22,522 - INFO - Saved article: Israel drops charges against soldiers accused of abusing Gaza detainee from BBC
2026-03-13 02:23:23,222 - INFO - [The Guardian] Article: https://www.theguardian.com/world/2026/mar/12/quit-fossil-fuels-to-stem-deadly-floods-in-brazils-coffee-heartland-say-scientists
2026-03-13 02:23:23,222 - INFO - [The Guardian] Attempt 1/1: Trying with 'requests_browser' strategy...
2026-03-13 02:23:23,326 - INFO - [The Guardian] Success with 'requests_browser'. Found content (723 words).
2026-03-13 02:23:23,356 - INFO - Duplicate article skipped: Quit fossil fuels to stem deadly floods in Brazil’s coffee heartland, say scientists | Extreme weather | The Guardian from The Guardian
2026-03-13 02:23:23,570 - INFO - [BBC] Article: https://www.bbc.com/news/articles/ce3g0vz223no?at_medium=RSS&at_campaign=rss
2026-03-13 02:23:23,570 - INFO - [BBC] Attempt 1/1: Trying with 'requests_browser' strategy...
2026-03-13 02:23:23,632 - INFO - [BBC] Success with 'requests_browser'. Found content (1288 words).
2026-03-13 02:23:23,674 - INFO - Saved article: Strait of Hormuz: Sailors stranded on ships due to Iran war from BBC
2026-03-13 02:23:24,550 - INFO - [The Guardian] Article: https://www.theguardian.com/world/2026/mar/11/el-salvador-mass-incarceration-crimes-against-humanity-study
2026-03-13 02:23:24,550 - INFO - [The Guardian] Attempt 1/1: Trying with 'requests_browser' strategy...
2026-03-13 02:23:24,690 - INFO - [The Guardian] Success with 'requests_browser'. Found content (594 words).
2026-03-13 02:23:24,720 - INFO - Duplicate article skipped: El Salvador’s mass arrest policy may have led to crimes against humanity, study shows | El Salvador | The Guardian from The Guardian
2026-03-13 02:23:25,095 - INFO - [BBC] Article: https://www.bbc.com/news/articles/cpqw0jgn5xgo?at_medium=RSS&at_campaign=rss
2026-03-13 02:23:25,095 - INFO - [BBC] Attempt 1/1: Trying with 'requests_browser' strategy...
2026-03-13 02:23:25,140 - INFO - [BBC] Success with 'requests_browser'. Found content (595 words).
2026-03-13 02:23:25,174 - INFO - Saved article: France's ghost car scandal that allowed one million illegal vehicles onto the roads from BBC
2026-03-13 02:23:25,737 - INFO - [The Guardian] Article: https://www.theguardian.com/world/2026/mar/11/argentina-asylum-brasil-elections
2026-03-13 02:23:25,737 - INFO - [The Guardian] Attempt 1/1: Trying with 'requests_browser' strategy...
2026-03-13 02:23:25,824 - INFO - [The Guardian] Success with 'requests_browser'. Found content (685 words).
2026-03-13 02:23:25,856 - INFO - Duplicate article skipped: Argentina grants asylum to Brasília rioter in move that may sway Brazil vote | Argentina | The Guardian from The Guardian
2026-03-13 02:23:26,654 - INFO - [BBC] Article: https://www.bbc.com/news/articles/c5y4e3pzvl0o?at_medium=RSS&at_campaign=rss
2026-03-13 02:23:26,654 - INFO - [BBC] Attempt 1/1: Trying with 'requests_browser' strategy...
2026-03-13 02:23:26,698 - INFO - [BBC] Success with 'requests_browser'. Found content (339 words).
2026-03-13 02:23:26,734 - INFO - Saved article: Parents accused of hiding daughter's HIV infection and neglect from BBC
2026-03-13 02:23:26,981 - INFO - [The Guardian] Article: https://www.theguardian.com/world/2026/mar/11/jose-antonio-kast-pinochet-fan-chile-far-right
2026-03-13 02:23:26,981 - INFO - [The Guardian] Attempt 1/1: Trying with 'requests_browser' strategy...
2026-03-13 02:23:27,071 - INFO - [The Guardian] Success with 'requests_browser'. Found content (1085 words).
2026-03-13 02:23:27,107 - INFO - Duplicate article skipped: José Antonio Kast, the Pinochet fan about to swerve Chile to the far right | Chile | The Guardian from The Guardian
2026-03-13 02:23:27,480 - INFO - Selenium driver initialized successfully.
2026-03-13 02:23:27,481 - INFO - Selenium driver initialized successfully.
2026-03-13 02:23:27,481 - INFO - Starting scrape for Times of India RSS feed: https://timesofindia.indiatimes.com/rssfeeds/296589292.cms
2026-03-13 02:23:27,481 - INFO - Starting scrape for The Hindu RSS feed: https://www.thehindu.com/news/national/feeder/default.rss
2026-03-13 02:23:27,618 - INFO - [BBC] Article: https://www.bbc.com/news/articles/cp9meeek051o?at_medium=RSS&at_campaign=rss
2026-03-13 02:23:27,618 - INFO - [BBC] Attempt 1/1: Trying with 'requests_browser' strategy...
2026-03-13 02:23:27,669 - INFO - [BBC] Success with 'requests_browser'. Found content (786 words).
2026-03-13 02:23:27,704 - INFO - Duplicate article skipped: China approves 'ethnic unity' law requiring minorities to learn Mandarin from BBC
2026-03-13 02:23:27,847 - INFO - Found 20 articles in Times of India RSS feed. Processing up to 25.
2026-03-13 02:23:27,847 - INFO - [Times of India] Article: https://timesofindia.indiatimes.com/world/middle-east/us-israel-iran-war-news-live-udates-middle-east-crisis-conflict-drone-ballistic-missile-attacks-explosions-gulf-countries-dubai-flights-news-status-donald-trump-netanyahu-mojtaba-khamenei/liveblog/129485596.cms
2026-03-13 02:23:27,847 - INFO - [Times of India] Attempt 1/1: Trying with 'selenium_browser' strategy...
2026-03-13 02:23:27,907 - INFO - Found 100 articles in The Hindu RSS feed. Processing up to 25.
2026-03-13 02:23:27,907 - INFO - [The Hindu] Article: https://www.thehindu.com/news/national/rajasthan/cii-rajasthan-annual-session-held-with-call-to-promote-entrepreneurship-among-youth/article70735481.ece
2026-03-13 02:23:27,907 - INFO - [The Hindu] Attempt 1/1: Trying with 'selenium_browser' strategy...
2026-03-13 02:23:27,990 - INFO - [The Guardian] Article: https://www.theguardian.com/world/2026/mar/12/japan-butsukari-otoko-bumping-man-trend-explained-tokyo-girl-shoved
2026-03-13 02:23:27,990 - INFO - [The Guardian] Attempt 1/1: Trying with 'requests_browser' strategy...
2026-03-13 02:23:28,073 - INFO - [The Guardian] Success with 'requests_browser'. Found content (734 words).
2026-03-13 02:23:28,114 - INFO - Duplicate article skipped: A young girl is knocked over at Tokyo crossing – what’s behind Japan’s ‘bumping’ trend? | Japan | The Guardian from The Guardian
2026-03-13 02:23:28,753 - INFO - [The Guardian] Article: https://www.theguardian.com/world/2026/mar/12/asia-energy-crisis-iran-war
2026-03-13 02:23:28,753 - INFO - [The Guardian] Attempt 1/1: Trying with 'requests_browser' strategy...
2026-03-13 02:23:28,841 - INFO - [The Guardian] Success with 'requests_browser'. Found content (907 words).
2026-03-13 02:23:28,938 - INFO - Duplicate article skipped: Asia scrambles to confront energy crisis unleashed by Iran war – with no end in sight | US-Israel war on Iran | The Guardian from The Guardian
2026-03-13 02:23:29,170 - INFO - [BBC] Article: https://www.bbc.com/news/articles/c1l76581d0ro?at_medium=RSS&at_campaign=rss
2026-03-13 02:23:29,170 - INFO - [BBC] Attempt 1/1: Trying with 'requests_browser' strategy...
2026-03-13 02:23:29,245 - INFO - [BBC] Success with 'requests_browser'. Found content (727 words).
2026-03-13 02:23:29,314 - INFO - Saved article: MPs 'deeply troubled' by BBC World Service funding uncertainty from BBC
2026-03-13 02:23:29,812 - INFO - [The Guardian] Article: https://www.theguardian.com/world/2026/mar/12/china-ethnic-unity-law-parliament
2026-03-13 02:23:29,812 - INFO - [The Guardian] Attempt 1/1: Trying with 'requests_browser' strategy...
2026-03-13 02:23:29,848 - INFO - [BBC] Article: https://www.bbc.com/news/articles/cr4576v66kno?at_medium=RSS&at_campaign=rss
2026-03-13 02:23:29,848 - INFO - [BBC] Attempt 1/1: Trying with 'requests_browser' strategy...
2026-03-13 02:23:29,964 - INFO - [The Guardian] Success with 'requests_browser'. Found content (591 words).
2026-03-13 02:23:30,034 - INFO - Duplicate article skipped: China’s rubber-stamp parliament set to approve ‘ethnic unity’ law | China | The Guardian from The Guardian
2026-03-13 02:23:30,050 - INFO - [BBC] Success with 'requests_browser'. Found content (1807 words).
2026-03-13 02:23:30,144 - INFO - Duplicate article skipped: Epstein used modelling agent to recruit girls, Brazilian women tell BBC from BBC
2026-03-13 02:23:31,311 - INFO - [The Guardian] Article: https://www.theguardian.com/news/2026/mar/11/us-iran-strait-of-hormuz-mine-boat-attacks
2026-03-13 02:23:31,311 - INFO - [The Guardian] Attempt 1/1: Trying with 'requests_browser' strategy...
2026-03-13 02:23:31,428 - INFO - [The Guardian] Success with 'requests_browser'. Found content (825 words).
2026-03-13 02:23:31,510 - INFO - [BBC] Article: https://www.bbc.com/news/articles/c0j5lx75vg3o?at_medium=RSS&at_campaign=rss
2026-03-13 02:23:31,510 - INFO - [BBC] Attempt 1/1: Trying with 'requests_browser' strategy...
2026-03-13 02:23:31,519 - INFO - Duplicate article skipped: Three merchant ships struck as tensions rise in Hormuz strait amid Iran war | Strait of Hormuz | The Guardian from The Guardian
2026-03-13 02:23:31,678 - INFO - [BBC] Success with 'requests_browser'. Found content (410 words).
2026-03-13 02:23:31,786 - INFO - Duplicate article skipped: Nineteen jailed over Moscow's deadly Crocus City Concert hall attack from BBC
2026-03-13 02:23:32,361 - INFO - [The Guardian] Article: https://www.theguardian.com/technology/2026/mar/11/meta-south-east-asia-criminal-scam-centers
2026-03-13 02:23:32,361 - INFO - [The Guardian] Attempt 1/1: Trying with 'requests_browser' strategy...
2026-03-13 02:23:32,497 - INFO - [The Guardian] Success with 'requests_browser'. Found content (450 words).
2026-03-13 02:23:32,565 - INFO - Duplicate article skipped: Meta disables more than 150,000 accounts in crackdown on south-east Asian scam networks | Meta | The Guardian from The Guardian
2026-03-13 02:23:32,660 - INFO - [BBC] Article: https://www.bbc.com/news/articles/c07jr2pe5j9o?at_medium=RSS&at_campaign=rss
2026-03-13 02:23:32,660 - INFO - [BBC] Attempt 1/1: Trying with 'requests_browser' strategy...
2026-03-13 02:23:32,761 - INFO - [BBC] Success with 'requests_browser'. Found content (490 words).
2026-03-13 02:23:32,853 - INFO - [The Hindu] Page content loaded.
2026-03-13 02:23:32,869 - INFO - Duplicate article skipped: Noma head chef René Redzepi resigns after abuse allegations and protests from BBC
2026-03-13 02:23:33,073 - INFO - [The Hindu] Success with 'selenium_browser'. Found content (262 words).
2026-03-13 02:23:33,102 - INFO - [The Guardian] Article: https://www.theguardian.com/australia-news/live/2026/mar/13/iran-war-politics-market-reactions-anthony-albanese-labor-angus-taylor-liberals-matt-canavan-nationals-ntwnfb
2026-03-13 02:23:33,102 - INFO - [The Guardian] Attempt 1/1: Trying with 'requests_browser' strategy...
2026-03-13 02:23:33,224 - INFO - Saved article: CII-Rajasthan annual session held with call to promote entrepreneurship among youth - The Hindu from The Hindu
2026-03-13 02:23:33,811 - INFO - [BBC] Article: https://www.bbc.com/news/articles/cn87ndvklr2o?at_medium=RSS&at_campaign=rss
2026-03-13 02:23:33,811 - INFO - [BBC] Attempt 1/1: Trying with 'requests_browser' strategy...
2026-03-13 02:23:34,003 - INFO - [BBC] Success with 'requests_browser'. Found content (581 words).
2026-03-13 02:23:34,254 - INFO - Duplicate article skipped: Hozier, Jessie Buckley and Bruce Springsteen record Shane MacGowan tribute album from BBC
2026-03-13 02:23:34,471 - INFO - [The Guardian] Success with 'requests_browser'. Found content (2211 words).
2026-03-13 02:23:34,644 - INFO - [The Hindu] Article: https://www.thehindu.com/news/national/karnataka/cost-escalation-and-delays-haunt-bengaluru-metro-project/article70733703.ece
2026-03-13 02:23:34,644 - INFO - [The Hindu] Attempt 1/1: Trying with 'selenium_browser' strategy...
2026-03-13 02:23:34,897 - INFO - Saved article: Australia news live: more rain forecast for saturated NT as flood warnings issued for northern Queensland | Australia news | The Guardian from The Guardian
2026-03-13 02:23:35,425 - INFO - [BBC] Article: https://www.bbc.com/news/articles/c70kg0x4xk5o?at_medium=RSS&at_campaign=rss
2026-03-13 02:23:35,425 - INFO - [BBC] Attempt 1/1: Trying with 'requests_browser' strategy...
2026-03-13 02:23:35,657 - INFO - [BBC] Success with 'requests_browser'. Found content (481 words).
2026-03-13 02:23:35,943 - INFO - Saved article: Eritrea's Biniam Solomon: Satirist Cobra freed after 15 years in prison without charge from BBC
2026-03-13 02:23:35,981 - INFO - [The Guardian] Article: https://www.theguardian.com/australia-news/2026/mar/13/australia-to-release-nearly-20-of-fuel-stockpile-as-bowen-insists-country-nowhere-near-running-out
2026-03-13 02:23:35,981 - INFO - [The Guardian] Attempt 1/1: Trying with 'requests_browser' strategy...
2026-03-13 02:23:36,177 - INFO - [The Guardian] Success with 'requests_browser'. Found content (426 words).
2026-03-13 02:23:36,290 - INFO - Saved article: Australia to release nearly 20% of fuel stockpile as Bowen insists country ‘nowhere near’ running out | Business | The Guardian from The Guardian
2026-03-13 02:23:37,204 - INFO - [BBC] Article: https://www.bbc.com/news/articles/cz7gd57z33zo?at_medium=RSS&at_campaign=rss
2026-03-13 02:23:37,204 - INFO - [BBC] Attempt 1/1: Trying with 'requests_browser' strategy...
2026-03-13 02:23:37,305 - INFO - [BBC] Success with 'requests_browser'. Found content (494 words).
2026-03-13 02:23:37,429 - INFO - Duplicate article skipped: Kenya arrests Chinese national over attempt to smuggle 2,000 queen ants from BBC
2026-03-13 02:23:37,541 - INFO - [The Guardian] Article: https://www.theguardian.com/australia-news/2026/mar/13/greenbank-logan-ebike-motorbike-fatal-crash-queensland
2026-03-13 02:23:37,541 - INFO - [The Guardian] Attempt 1/1: Trying with 'requests_browser' strategy...
2026-03-13 02:23:37,745 - INFO - [The Guardian] Success with 'requests_browser'. Found content (354 words).
2026-03-13 02:23:37,846 - INFO - Saved article: Two teenagers die after ebike crash with motorbike south of Brisbane | Queensland | The Guardian from The Guardian
2026-03-13 02:23:38,380 - INFO - [BBC] Article: https://www.bbc.com/news/articles/cd9gwdgg38vo?at_medium=RSS&at_campaign=rss
2026-03-13 02:23:38,380 - INFO - [BBC] Attempt 1/1: Trying with 'requests_browser' strategy...
2026-03-13 02:23:38,529 - INFO - [BBC] Success with 'requests_browser'. Found content (274 words).
2026-03-13 02:23:38,605 - INFO - Duplicate article skipped: Nasa spacecraft weighing 1,300lb re-enters Earth's atmosphere from BBC
2026-03-13 02:23:38,660 - INFO - [The Guardian] Article: https://www.theguardian.com/australia-news/2026/mar/12/iraqi-official-urges-australia-to-take-back-alleged-is-fighters-during-meeting-with-ambassador-ntwnfb
2026-03-13 02:23:38,660 - INFO - [The Guardian] Attempt 1/1: Trying with 'requests_browser' strategy...
2026-03-13 02:23:38,797 - INFO - [The Guardian] Success with 'requests_browser'. Found content (708 words).
2026-03-13 02:23:38,872 - INFO - Saved article: Iraqi official urges Australia to take back alleged IS fighters during meeting with ambassador | Australia news | The Guardian from The Guardian
2026-03-13 02:23:39,254 - INFO - [BBC] Article: https://www.bbc.com/news/articles/ce947x4m0e1o?at_medium=RSS&at_campaign=rss
2026-03-13 02:23:39,254 - INFO - [BBC] Attempt 1/1: Trying with 'requests_browser' strategy...
2026-03-13 02:23:39,452 - INFO - [BBC] Success with 'requests_browser'. Found content (358 words).
2026-03-13 02:23:39,687 - INFO - Duplicate article skipped: Ethiopia flood death toll in Gamo Zone rises above 60 from BBC
2026-03-13 02:23:40,214 - INFO - [The Guardian] Article: https://www.theguardian.com/australia-news/2026/mar/12/capital-gains-tax-discount-overwhelmingly-benefits-investors-in-australias-richest-electorates-analysis-shows
2026-03-13 02:23:40,214 - INFO - [The Guardian] Attempt 1/1: Trying with 'requests_browser' strategy...
2026-03-13 02:23:40,326 - INFO - [The Guardian] Success with 'requests_browser'. Found content (624 words).
2026-03-13 02:23:40,456 - INFO - Saved article: Capital gains tax discount ‘overwhelmingly’ benefits investors in Australia’s richest electorates, analysis shows | Tax | The Guardian from The Guardian
2026-03-13 02:23:40,828 - INFO - [BBC] Article: https://www.bbc.com/news/articles/cly09j2542no?at_medium=RSS&at_campaign=rss
2026-03-13 02:23:40,828 - INFO - [BBC] Attempt 1/1: Trying with 'requests_browser' strategy...
2026-03-13 02:23:40,914 - INFO - [BBC] Success with 'requests_browser'. Found content (460 words).
2026-03-13 02:23:41,000 - INFO - Duplicate article skipped: Jo Malone sued by Estée Lauder for using her name in Zara collaboration from BBC
2026-03-13 02:23:41,535 - INFO - [BBC] Article: https://www.bbc.com/news/articles/cp857gy1843o?at_medium=RSS&at_campaign=rss
2026-03-13 02:23:41,535 - INFO - [BBC] Attempt 1/1: Trying with 'requests_browser' strategy...
2026-03-13 02:23:41,647 - INFO - [BBC] Success with 'requests_browser'. Found content (834 words).
2026-03-13 02:23:41,722 - INFO - [The Hindu] Page content loaded.
2026-03-13 02:23:41,723 - INFO - Duplicate article skipped: Senegal approves tougher anti-gay law as rights groups raise concerns from BBC
2026-03-13 02:23:41,728 - INFO - [The Guardian] Article: https://www.theguardian.com/uk-news/2026/mar/12/club-tells-of-barcelona-fan-who-ended-up-in-exeter-st-james-park
2026-03-13 02:23:41,728 - INFO - [The Guardian] Attempt 1/1: Trying with 'requests_browser' strategy...
2026-03-13 02:23:41,820 - INFO - [The Hindu] Success with 'selenium_browser'. Found content (1898 words).
2026-03-13 02:23:41,881 - INFO - Saved article: Cost escalation and delays haunt Bengaluru Metro project - The Hindu from The Hindu
2026-03-13 02:23:41,896 - INFO - [The Guardian] Success with 'requests_browser'. Found content (832 words).
2026-03-13 02:23:41,939 - INFO - Saved article: ‘He looked devastated’: club tells of Barcelona fan who ended up in Exeter | Devon | The Guardian from The Guardian
2026-03-13 02:23:42,754 - INFO - [BBC] Article: https://www.bbc.com/news/articles/cwykd08eyg5o?at_medium=RSS&at_campaign=rss
2026-03-13 02:23:42,755 - INFO - [BBC] Attempt 1/1: Trying with 'requests_browser' strategy...
2026-03-13 02:23:42,757 - INFO - [The Hindu] Article: https://www.thehindu.com/news/national/punjab/rumours-being-spread-about-lpg-shortage-says-punjab-cm-mann/article70735742.ece
2026-03-13 02:23:42,757 - INFO - [The Hindu] Attempt 1/1: Trying with 'selenium_browser' strategy...
2026-03-13 02:23:42,827 - INFO - [The Guardian] Article: https://www.theguardian.com/music/2026/mar/12/morrissey-cancels-valencia-concert-catatonic-state-noise-las-fallas
2026-03-13 02:23:42,827 - INFO - [The Guardian] Attempt 1/1: Trying with 'requests_browser' strategy...
2026-03-13 02:23:42,842 - INFO - [BBC] Success with 'requests_browser'. Found content (1149 words).
2026-03-13 02:23:42,880 - INFO - Duplicate article skipped: The Pussycat Dolls to reunite as a trio for new single and world tour from BBC
2026-03-13 02:23:42,912 - INFO - [The Guardian] Success with 'requests_browser'. Found content (577 words).
2026-03-13 02:23:43,166 - INFO - Saved article: Morrissey cancels Valencia concert after being left in ‘catatonic state’ by city noise | Morrissey | The Guardian from The Guardian
2026-03-13 02:23:43,491 - INFO - [BBC] Article: https://www.bbc.com/sport/tennis/articles/cly09grr65xo?at_medium=RSS&at_campaign=rss
2026-03-13 02:23:43,491 - INFO - [BBC] Attempt 1/1: Trying with 'requests_browser' strategy...
2026-03-13 02:23:43,559 - INFO - [BBC] Success with 'requests_browser'. Found content (881 words).
2026-03-13 02:23:43,630 - INFO - Duplicate article skipped: Indian Wells: Jack Draper fights back for 'huge' Indian Wells win over Novak Djokovic - BBC Sport from BBC
2026-03-13 02:23:44,118 - INFO - [The Hindu] Page content loaded.
2026-03-13 02:23:44,168 - INFO - [The Hindu] Success with 'selenium_browser'. Found content (339 words).
2026-03-13 02:23:44,240 - INFO - Saved article: Rumours being spread about LPG shortage, says Punjab CM Mann - The Hindu from The Hindu
2026-03-13 02:23:44,523 - INFO - [The Guardian] Article: https://www.theguardian.com/artanddesign/2026/mar/12/venice-biennale-risks-losing-eu-funding-over-planned-russia-involvement
2026-03-13 02:23:44,523 - INFO - [The Guardian] Attempt 1/1: Trying with 'requests_browser' strategy...
2026-03-13 02:23:44,656 - INFO - [The Guardian] Success with 'requests_browser'. Found content (433 words).
2026-03-13 02:23:44,834 - INFO - Saved article: Venice Biennale risks losing EU funding over planned Russia involvement | Venice Biennale | The Guardian from The Guardian
2026-03-13 02:23:45,000 - INFO - [BBC] Article: https://www.bbc.com/news/articles/c62g90w8dkko?at_medium=RSS&at_campaign=rss
2026-03-13 02:23:45,000 - INFO - [BBC] Attempt 1/1: Trying with 'requests_browser' strategy...
2026-03-13 02:23:45,083 - INFO - [The Hindu] Article: https://www.thehindu.com/news/national/west-bengal/wb-bjp-leaders-meet-pm-ahead-of-mega-brigade-rally-in-kolkata/article70736324.ece
2026-03-13 02:23:45,083 - INFO - [The Hindu] Attempt 1/1: Trying with 'selenium_browser' strategy...
2026-03-13 02:23:45,087 - INFO - [BBC] Success with 'requests_browser'. Found content (716 words).
2026-03-13 02:23:45,158 - INFO - Duplicate article skipped: Kanye West ordered to pay $140K in Malibu mansion renovation case from BBC
2026-03-13 02:23:45,466 - INFO - [The Guardian] Article: https://www.theguardian.com/world/2026/mar/12/russia-internet-blackouts-walkie-talkies-moscow
2026-03-13 02:23:45,466 - INFO - [The Guardian] Attempt 1/1: Trying with 'requests_browser' strategy...
2026-03-13 02:23:45,556 - INFO - [The Guardian] Success with 'requests_browser'. Found content (550 words).
2026-03-13 02:23:45,639 - INFO - Saved article: Unexplained Moscow internet blackouts spark fears of web censorship plan | Russia | The Guardian from The Guardian
2026-03-13 02:23:46,001 - INFO - [BBC] Article: https://www.bbc.com/news/articles/cy0d7vv1p71o?at_medium=RSS&at_campaign=rss
2026-03-13 02:23:46,001 - INFO - [BBC] Attempt 1/1: Trying with 'requests_browser' strategy...
2026-03-13 02:23:46,062 - INFO - [BBC] Success with 'requests_browser'. Found content (866 words).
2026-03-13 02:23:46,112 - INFO - Saved article: Americans react to Iran strikes: 'What if this turns into a forever war?' from BBC
2026-03-13 02:23:46,266 - INFO - [The Hindu] Page content loaded.
2026-03-13 02:23:46,320 - INFO - [The Guardian] Article: https://www.theguardian.com/culture/2026/mar/12/sansevero-chapel-museum-naples-visually-impaired-visitors-experience-art-through-touch
2026-03-13 02:23:46,320 - INFO - [The Guardian] Attempt 1/1: Trying with 'requests_browser' strategy...
2026-03-13 02:23:46,443 - INFO - [The Hindu] Success with 'selenium_browser'. Found content (365 words).
2026-03-13 02:23:46,534 - INFO - Saved article: WB BJP leaders meet PM ahead of mega Brigade Rally in Kolkata - The Hindu from The Hindu
2026-03-13 02:23:46,537 - INFO - [The Guardian] Success with 'requests_browser'. Found content (421 words).
2026-03-13 02:23:46,595 - INFO - Saved article: Naples museum to allow visually impaired visitors to experience art through touch | Museums | The Guardian from The Guardian
2026-03-13 02:23:47,333 - INFO - [The Hindu] Article: https://www.thehindu.com/news/national/uttar-pradesh/akhilesh-yadav-meets-avimukteshwaranand-saraswati-vows-to-put-an-end-to-fake-saints/article70736014.ece
2026-03-13 02:23:47,333 - INFO - [The Hindu] Attempt 1/1: Trying with 'selenium_browser' strategy...
2026-03-13 02:23:48,973 - INFO - [The Hindu] Page content loaded.
2026-03-13 02:23:49,093 - INFO - [The Hindu] Success with 'selenium_browser'. Found content (480 words).
2026-03-13 02:23:49,173 - INFO - Saved article: Akhilesh Yadav meets Avimukteshwaranand Saraswati, vows to put an end to ‘fake saints’ - The Hindu from The Hindu
2026-03-13 02:23:49,932 - INFO - [The Hindu] Article: https://www.thehindu.com/books/book-review-appetite-goa-stories-poems-shivranjana-rathore-tino-de-sa/article70725928.ece
2026-03-13 02:23:49,932 - INFO - [The Hindu] Attempt 1/1: Trying with 'selenium_browser' strategy...
2026-03-13 02:23:52,356 - INFO - [The Hindu] Page content loaded.
2026-03-13 02:23:52,457 - INFO - [The Hindu] Success with 'selenium_browser'. Found content (776 words).
2026-03-13 02:23:52,585 - INFO - Saved article: Goa, desired and disputed: Review of Appetite, an anthology of stories, essays and poems - The Hindu from The Hindu
2026-03-13 02:23:53,101 - INFO - [The Hindu] Article: https://www.thehindu.com/news/national/jammu-and-kashmir/srinagar-court-issues-non-bailable-warrantagainst-farooq-abdullah-in-jk-cricketscam/article70735892.ece
2026-03-13 02:23:53,101 - INFO - [The Hindu] Attempt 1/1: Trying with 'selenium_browser' strategy...
2026-03-13 02:23:56,411 - INFO - [The Hindu] Page content loaded.
2026-03-13 02:23:56,464 - INFO - [The Hindu] Success with 'selenium_browser'. Found content (262 words).
2026-03-13 02:23:56,582 - INFO - Saved article: Srinagar court issues non-bailable warrant against Farooq Abdullah in J&K cricket scam - The Hindu from The Hindu
2026-03-13 02:23:57,414 - INFO - [The Hindu] Article: https://www.thehindu.com/news/national/bihar/in-bihar-companies-surrendering-sand-mining-lease-will-not-be-allowed-to-participate-in-fresh-tender/article70734532.ece
2026-03-13 02:23:57,414 - INFO - [The Hindu] Attempt 1/1: Trying with 'selenium_browser' strategy...
2026-03-13 02:23:58,282 - INFO - [The Hindu] Page content loaded.
2026-03-13 02:23:58,487 - INFO - [The Hindu] Success with 'selenium_browser'. Found content (497 words).
2026-03-13 02:23:58,582 - INFO - Saved article: In Bihar, companies surrendering sand mining lease will not be allowed to participate in fresh tender - The Hindu from The Hindu
2026-03-13 02:23:59,887 - INFO - [The Hindu] Article: https://www.thehindu.com/news/national/vbsa-bill-a-solution-to-current-challenges-catalyst-for-growth-ugc-tells-joint-panel-of-parliament/article70736311.ece
2026-03-13 02:23:59,887 - INFO - [The Hindu] Attempt 1/1: Trying with 'selenium_browser' strategy...
2026-03-13 02:24:01,086 - INFO - [The Hindu] Page content loaded.
2026-03-13 02:24:01,198 - INFO - [The Hindu] Success with 'selenium_browser'. Found content (737 words).
2026-03-13 02:24:01,318 - INFO - Saved article: VBSA Bill a ‘solution’ to current challenges, ‘catalyst’ for growth: UGC tells joint panel of Parliament - The Hindu from The Hindu
2026-03-13 02:24:02,766 - INFO - [The Hindu] Article: https://www.thehindu.com/news/national/wisdom-of-the-wise/article70735345.ece
2026-03-13 02:24:02,766 - INFO - [The Hindu] Attempt 1/1: Trying with 'selenium_browser' strategy...
2026-03-13 02:24:04,098 - INFO - [The Hindu] Page content loaded.
2026-03-13 02:24:04,148 - INFO - [The Hindu] Success with 'selenium_browser'. Found content (292 words).
2026-03-13 02:24:04,210 - INFO - Saved article: Wisdom of the wise - The Hindu from The Hindu
2026-03-13 02:24:05,005 - INFO - [The Hindu] Article: https://www.thehindu.com/news/national/karnataka/csr-initiative-to-provide-mental-health-education-to-10000-students-in-karnataka-and-tamil-nadu/article70736558.ece
2026-03-13 02:24:05,005 - INFO - [The Hindu] Attempt 1/1: Trying with 'selenium_browser' strategy...
2026-03-13 02:24:06,199 - INFO - [The Hindu] Page content loaded.
2026-03-13 02:24:06,302 - INFO - [The Hindu] Success with 'selenium_browser'. Found content (400 words).
2026-03-13 02:24:06,387 - INFO - Saved article: CSR Initiative to provide mental health education to 10,000 students in Karnataka and Tamil Nadu - The Hindu from The Hindu
2026-03-13 02:24:07,305 - INFO - [The Hindu] Article: https://www.thehindu.com/news/national/chhattisgarh/opposition-uproar-in-chhattisgarh-assembly-over-lpg-cylinder-shortage/article70735152.ece
2026-03-13 02:24:07,305 - INFO - [The Hindu] Attempt 1/1: Trying with 'selenium_browser' strategy...
2026-03-13 02:24:08,812 - INFO - [The Hindu] Page content loaded.
2026-03-13 02:24:08,866 - INFO - [The Hindu] Success with 'selenium_browser'. Found content (401 words).
2026-03-13 02:24:08,942 - INFO - Saved article: Opposition uproar in Chhattisgarh Assembly over LPG cylinder shortage - The Hindu from The Hindu
2026-03-13 02:24:09,645 - INFO - [The Hindu] Article: https://www.thehindu.com/news/national/odisha/odisha-manikapur-village-indians-in-the-gulf-iran-israel-war/article70733816.ece
2026-03-13 02:24:09,645 - INFO - [The Hindu] Attempt 1/1: Trying with 'selenium_browser' strategy...
2026-03-13 02:24:10,729 - INFO - [The Hindu] Page content loaded.
2026-03-13 02:24:10,813 - INFO - [The Hindu] Success with 'selenium_browser'. Found content (1788 words).
2026-03-13 02:24:10,896 - INFO - Saved article: Missiles and drones strike at the heart of a village in Odisha - The Hindu from The Hindu
2026-03-13 02:24:11,930 - INFO - [The Hindu] Article: https://www.thehindu.com/news/national/tamil-nadu/inspector-suspended-over-murder-of-teenage-girl-in-thoothukudi/article70735418.ece
2026-03-13 02:24:11,930 - INFO - [The Hindu] Attempt 1/1: Trying with 'selenium_browser' strategy...
2026-03-13 02:24:13,019 - INFO - [The Hindu] Page content loaded.
2026-03-13 02:24:13,098 - INFO - [The Hindu] Success with 'selenium_browser'. Found content (568 words).
2026-03-13 02:24:13,163 - INFO - Saved article: Inspector suspended over murder of teenage girl in Thoothukudi - The Hindu from The Hindu
2026-03-13 02:24:14,357 - INFO - [The Hindu] Article: https://www.thehindu.com/news/national/kerala/kochi-corporation-weighs-fresh-options-as-ksinc-faces-criticism-over-ro-ro-service/article70735793.ece
2026-03-13 02:24:14,357 - INFO - [The Hindu] Attempt 1/1: Trying with 'selenium_browser' strategy...
2026-03-13 02:24:15,567 - INFO - [The Hindu] Page content loaded.
2026-03-13 02:24:15,652 - INFO - [The Hindu] Success with 'selenium_browser'. Found content (452 words).
2026-03-13 02:24:15,732 - INFO - Saved article: Kochi Corporation weighs fresh options as KSINC faces criticism over ro-ro service - The Hindu from The Hindu
2026-03-13 02:24:16,518 - INFO - [The Hindu] Article: https://www.thehindu.com/news/national/pm-modi-hits-out-at-those-creating-panic-on-lpg-asks-states-to-monitor-black-marketers-hoarders/article70736696.ece
2026-03-13 02:24:16,518 - INFO - [The Hindu] Attempt 1/1: Trying with 'selenium_browser' strategy...
2026-03-13 02:24:18,357 - INFO - [The Hindu] Page content loaded.
2026-03-13 02:24:18,424 - INFO - [The Hindu] Success with 'selenium_browser'. Found content (863 words).
2026-03-13 02:24:18,518 - INFO - Saved article: LPG crisis: PM Modi hits out at those creating panic; asks States to monitor black marketers, hoarders - The Hindu from The Hindu
2026-03-13 02:24:19,147 - INFO - [The Hindu] Article: https://www.thehindu.com/news/national/kerala/kerala-nurses-on-the-warpath-over-long-overdue-wage-revision/article70734307.ece
2026-03-13 02:24:19,147 - INFO - [The Hindu] Attempt 1/1: Trying with 'selenium_browser' strategy...
2026-03-13 02:24:20,773 - INFO - [The Hindu] Page content loaded.
2026-03-13 02:24:20,833 - INFO - [The Hindu] Success with 'selenium_browser'. Found content (1564 words).
2026-03-13 02:24:20,930 - INFO - Saved article: Kerala nurses on the warpath over long-overdue wage revision - The Hindu from The Hindu
2026-03-13 02:24:21,440 - INFO - [The Hindu] Article: https://www.thehindu.com/news/national/tamil-nadu/cctv-cameras-control-centre-installed-in-ambur-town-to-prevent-crime/article70735316.ece
2026-03-13 02:24:21,440 - INFO - [The Hindu] Attempt 1/1: Trying with 'selenium_browser' strategy...
2026-03-13 02:24:22,580 - INFO - [The Hindu] Page content loaded.
2026-03-13 02:24:22,769 - INFO - [The Hindu] Success with 'selenium_browser'. Found content (353 words).
2026-03-13 02:24:22,847 - INFO - Saved article: CCTV cameras, control centre installed in Ambur town to prevent crime - The Hindu from The Hindu
2026-03-13 02:24:23,490 - INFO - [The Hindu] Article: https://www.thehindu.com/news/national/kerala/hc-disqualification-of-sndp-yogam-director-boarda-test-of-kerala-govts-mettle/article70735868.ece
2026-03-13 02:24:23,490 - INFO - [The Hindu] Attempt 1/1: Trying with 'selenium_browser' strategy...
2026-03-13 02:24:24,314 - INFO - [The Hindu] Page content loaded.
2026-03-13 02:24:24,483 - INFO - [The Hindu] Success with 'selenium_browser'. Found content (487 words).
2026-03-13 02:24:24,581 - INFO - Saved article: HC disqualification of SNDP Yogam director board a test of Kerala govt.’s mettle - The Hindu from The Hindu
2026-03-13 02:24:25,865 - INFO - [The Hindu] Article: https://www.thehindu.com/news/national/bihar/behind-the-crumbling-walls-of-bihars-balirajgarh-fort-a-tale-of-monumental-neglect/article70736677.ece
2026-03-13 02:24:25,865 - INFO - [The Hindu] Attempt 1/1: Trying with 'selenium_browser' strategy...
2026-03-13 02:24:26,717 - INFO - [The Hindu] Page content loaded.
2026-03-13 02:24:26,888 - INFO - [The Hindu] Success with 'selenium_browser'. Found content (777 words).
2026-03-13 02:24:26,969 - INFO - Saved article: Behind the crumbling walls of Bihar’s Balirajgarh Fort, a tale of monumental neglect - The Hindu from The Hindu
2026-03-13 02:24:27,868 - ERROR - [Times of India] Request failed for strategy 'selenium_browser' on URL https://timesofindia.indiatimes.com/world/middle-east/us-israel-iran-war-news-live-udates-middle-east-crisis-conflict-drone-ballistic-missile-attacks-explosions-gulf-countries-dubai-flights-news-status-donald-trump-netanyahu-mojtaba-khamenei/liveblog/129485596.cms: Message: timeout: Timed out receiving message from renderer: 59.258
  (Session info: chrome=145.0.7632.116)
Stacktrace:
#0 0x555e8c3b1b6a <unknown>
#1 0x555e8bdc4a32 <unknown>
#2 0x555e8bdac007 <unknown>
#3 0x555e8bdabc16 <unknown>
#4 0x555e8bda9731 <unknown>
#5 0x555e8bdaa0bf <unknown>
#6 0x555e8bdb9560 <unknown>
#7 0x555e8bdd3707 <unknown>
#8 0x555e8bdda8db <unknown>
#9 0x555e8bdaa829 <unknown>
#10 0x555e8bdd349c <unknown>
#11 0x555e8be626e1 <unknown>
#12 0x555e8be0bc0f <unknown>
#13 0x555e8be0c9d1 <unknown>
#14 0x555e8c3766b9 <unknown>
#15 0x555e8c3795c1 <unknown>
#16 0x555e8c362e29 <unknown>
#17 0x555e8c37a17e <unknown>
#18 0x555e8c3494b0 <unknown>
#19 0x555e8c39e578 <unknown>
#20 0x555e8c39e74b <unknown>
#21 0x555e8c3b01a3 <unknown>
#22 0x7fa62209caa4 <unknown>
#23 0x7fa622129c6c <unknown>

2026-03-13 02:24:27,868 - ERROR - [Times of India] All scrape strategies failed for https://timesofindia.indiatimes.com/world/middle-east/us-israel-iran-war-news-live-udates-middle-east-crisis-conflict-drone-ballistic-missile-attacks-explosions-gulf-countries-dubai-flights-news-status-donald-trump-netanyahu-mojtaba-khamenei/liveblog/129485596.cms. Falling back to RSS description.
2026-03-13 02:24:27,869 - INFO - Duplicate article skipped: US-Israel-Iran War News Live Updates: Saudi intercepts drone headed to Shaybah oil field; Israeli strikes 10 Hezbollah targets in Beirut from Times of India
2026-03-13 02:24:28,434 - INFO - [Times of India] Article: https://timesofindia.indiatimes.com/world/us/pentagon-to-congress-in-first-6-days-of-war-us-spent-over-11-3-billion/articleshow/129531896.cms
2026-03-13 02:24:28,435 - INFO - [Times of India] Attempt 1/1: Trying with 'selenium_browser' strategy...
2026-03-13 02:24:28,444 - INFO - [The Hindu] Article: https://www.thehindu.com/news/national/kerala/ldfs-development-narrative-in-kollam-constituency-will-face-a-stiff-challenge-from-udf/article70735704.ece
2026-03-13 02:24:28,444 - INFO - [The Hindu] Attempt 1/1: Trying with 'selenium_browser' strategy...
2026-03-13 02:24:29,393 - INFO - [The Hindu] Page content loaded.
2026-03-13 02:24:29,659 - INFO - [The Hindu] Success with 'selenium_browser'. Found content (507 words).
2026-03-13 02:24:29,763 - INFO - Saved article: LDF’s development narrative in Kollam constituency will face a stiff challenge from UDF - The Hindu from The Hindu
2026-03-13 02:24:30,284 - INFO - [The Hindu] Article: https://www.thehindu.com/news/national/telangana/ramchander-rao-flags-governance-failures-wants-cm-to-focus-on-public-hardships/article70734918.ece
2026-03-13 02:24:30,284 - INFO - [The Hindu] Attempt 1/1: Trying with 'selenium_browser' strategy...
2026-03-13 02:24:31,914 - INFO - [The Hindu] Page content loaded.
2026-03-13 02:24:33,028 - INFO - [The Hindu] Success with 'selenium_browser'. Found content (356 words).
2026-03-13 02:24:33,114 - INFO - Saved article: Ramchander Rao flags ‘governance failures,’ wants CM to focus on public hardships - The Hindu from The Hindu
2026-03-13 02:24:33,904 - INFO - [The Hindu] Article: https://www.thehindu.com/news/national/karnataka/international-flower-market-proposed-near-nandi-cross/article70734860.ece
2026-03-13 02:24:33,904 - INFO - [The Hindu] Attempt 1/1: Trying with 'selenium_browser' strategy...
2026-03-13 02:24:35,801 - INFO - [The Hindu] Page content loaded.
2026-03-13 02:24:35,961 - INFO - [The Hindu] Success with 'selenium_browser'. Found content (218 words).
2026-03-13 02:24:36,046 - INFO - Saved article: International flower market proposed near Nandi Cross - The Hindu from The Hindu
2026-03-13 02:24:37,548 - INFO - [The Hindu] Article: https://www.thehindu.com/news/national/karnataka/dy-sp-seniority-revision-under-way-promotions-to-follow-committee-report-parameshwara/article70735522.ece
2026-03-13 02:24:37,548 - INFO - [The Hindu] Attempt 1/1: Trying with 'selenium_browser' strategy...
2026-03-13 02:24:38,659 - INFO - [The Hindu] Page content loaded.
2026-03-13 02:24:38,801 - INFO - [The Hindu] Success with 'selenium_browser'. Found content (285 words).
2026-03-13 02:24:38,887 - INFO - Saved article: Dy. SP seniority revision under way; promotions to follow committee report: Parameshwara - The Hindu from The Hindu
2026-03-13 02:24:39,464 - INFO - [The Hindu] Article: https://www.thehindu.com/news/national/tamil-nadu/society-cannot-claim-to-be-civilised-if-women-and-children-are-unsafe-says-kamal-haasan/article70735789.ece
2026-03-13 02:24:39,464 - INFO - [The Hindu] Attempt 1/1: Trying with 'selenium_browser' strategy...
2026-03-13 02:24:40,108 - INFO - [The Hindu] Page content loaded.
2026-03-13 02:24:40,271 - INFO - [The Hindu] Success with 'selenium_browser'. Found content (158 words).
2026-03-13 02:24:40,344 - INFO - Saved article: Society cannot claim to be civilised if women and children are unsafe, says Kamal Haasan - The Hindu from The Hindu
2026-03-13 02:24:41,295 - INFO - [The Hindu] (Thread) Finished. Attempting to shut down its Selenium driver.
2026-03-13 02:24:41,419 - INFO - [The Hindu] (Thread) driver.quit() successful.
2026-03-13 02:25:28,444 - ERROR - [Times of India] Request failed for strategy 'selenium_browser' on URL https://timesofindia.indiatimes.com/world/us/pentagon-to-congress-in-first-6-days-of-war-us-spent-over-11-3-billion/articleshow/129531896.cms: Message: timeout: Timed out receiving message from renderer: 59.426
  (Session info: chrome=145.0.7632.116)
Stacktrace:
#0 0x555e8c3b1b6a <unknown>
#1 0x555e8bdc4a32 <unknown>
#2 0x555e8bdac007 <unknown>
#3 0x555e8bdabc16 <unknown>
#4 0x555e8bda9731 <unknown>
#5 0x555e8bdaa0bf <unknown>
#6 0x555e8bdb9560 <unknown>
#7 0x555e8bdd3707 <unknown>
#8 0x555e8bdda8db <unknown>
#9 0x555e8bdaa829 <unknown>
#10 0x555e8bdd349c <unknown>
#11 0x555e8be626e1 <unknown>
#12 0x555e8be0bc0f <unknown>
#13 0x555e8be0c9d1 <unknown>
#14 0x555e8c3766b9 <unknown>
#15 0x555e8c3795c1 <unknown>
#16 0x555e8c362e29 <unknown>
#17 0x555e8c37a17e <unknown>
#18 0x555e8c3494b0 <unknown>
#19 0x555e8c39e578 <unknown>
#20 0x555e8c39e74b <unknown>
#21 0x555e8c3b01a3 <unknown>
#22 0x7fa62209caa4 <unknown>
#23 0x7fa622129c6c <unknown>

2026-03-13 02:25:28,444 - ERROR - [Times of India] All scrape strategies failed for https://timesofindia.indiatimes.com/world/us/pentagon-to-congress-in-first-6-days-of-war-us-spent-over-11-3-billion/articleshow/129531896.cms. Falling back to RSS description.
2026-03-13 02:25:28,446 - INFO - Saved article: Pentagon to Congress: In first 6 days of war, US spent over $11.3 billion from Times of India
2026-03-13 02:25:29,938 - INFO - [Times of India] Article: https://timesofindia.indiatimes.com/world/middle-east/uae-news-schools-shocked-as-icse-and-isc-board-exams-cancelled-across-the-emirates-amid-iran-vs-us-israel-war/articleshow/129531346.cms
2026-03-13 02:25:29,938 - INFO - [Times of India] Attempt 1/1: Trying with 'selenium_browser' strategy...
2026-03-13 02:25:53,938 - INFO - [Times of India] Page content loaded.
2026-03-13 02:25:54,143 - INFO - [Times of India] Success with 'selenium_browser'. Found content (845 words).
2026-03-13 02:25:54,239 - INFO - Saved article: UAE news: Schools shocked as ICSE and ISC board exams cancelled across the emirates amid Iran vs US-Israel war - The Times of India from Times of India
2026-03-13 02:25:55,359 - INFO - [Times of India] Article: https://timesofindia.indiatimes.com/world/middle-east/uae-news-no-new-permit-needed-special-entry-rule-for-residents-with-expired-visas-amid-iran-vs-us-israel-war/articleshow/129529948.cms
2026-03-13 02:25:55,359 - INFO - [Times of India] Attempt 1/1: Trying with 'selenium_browser' strategy...
2026-03-13 02:25:56,141 - INFO - [Times of India] Page content loaded.
2026-03-13 02:25:56,241 - INFO - [Times of India] Success with 'selenium_browser'. Found content (882 words).
2026-03-13 02:25:56,361 - INFO - Saved article: UAE news: No new permit needed, special entry rule for residents with expired visas amid Iran vs US-Israel war - The Times of India from Times of India
2026-03-13 02:25:57,051 - INFO - [Times of India] Article: https://timesofindia.indiatimes.com/world/middle-east/bahrain-news-drone-strike-sparks-fire-at-airport-fuel-tanks-during-iran-vs-usisrael-war/articleshow/129529636.cms
2026-03-13 02:25:57,051 - INFO - [Times of India] Attempt 1/1: Trying with 'selenium_browser' strategy...
2026-03-13 02:25:57,961 - INFO - [Times of India] Page content loaded.
2026-03-13 02:25:58,084 - INFO - [Times of India] Success with 'selenium_browser'. Found content (961 words).
2026-03-13 02:25:58,144 - INFO - Saved article: Bahrain news: Drone strike sparks fire at airport fuel tanks during Iran vs US–Israel war - The Times of India from Times of India
2026-03-13 02:25:59,532 - INFO - [Times of India] Article: https://timesofindia.indiatimes.com/world/middle-east/dubai-news-missile-debris-hits-sheikh-zayed-road-building-after-uae-intercepts-10-ballistic-missiles-amid-iran-vs-us-israel-war/articleshow/129527449.cms
2026-03-13 02:25:59,532 - INFO - [Times of India] Attempt 1/1: Trying with 'selenium_browser' strategy...
2026-03-13 02:26:00,782 - INFO - [Times of India] Page content loaded.
2026-03-13 02:26:00,919 - INFO - [Times of India] Success with 'selenium_browser'. Found content (1028 words).
2026-03-13 02:26:00,973 - INFO - Saved article: Dubai news: Missile debris hits Sheikh Zayed Road building after UAE intercepts 10 ballistic missiles amid Iran vs US-Israel war - The Times of India from Times of India
2026-03-13 02:26:01,491 - INFO - [Times of India] Article: https://timesofindia.indiatimes.com/world/middle-east/middle-east-news-hsbc-makes-bold-gcc-prediction-as-iran-vs-us-israel-war-rattles-markets-and-oil-prices-surge/articleshow/129523716.cms
2026-03-13 02:26:01,491 - INFO - [Times of India] Attempt 1/1: Trying with 'selenium_browser' strategy...
2026-03-13 02:26:02,722 - INFO - [Times of India] Page content loaded.
2026-03-13 02:26:02,904 - INFO - [Times of India] Success with 'selenium_browser'. Found content (1092 words).
2026-03-13 02:26:02,972 - INFO - Saved article: Middle East news: HSBC makes bold GCC prediction as Iran vs US-Israel war rattles markets and oil prices surge - The Times of India from Times of India
2026-03-13 02:26:04,076 - INFO - [Times of India] Article: https://timesofindia.indiatimes.com/world/us/who-was-old-dominion-university-shooter-mohamed-jalloh-an-isis-supporter-released-from-prison-in-2024/articleshow/129524408.cms
2026-03-13 02:26:04,076 - INFO - [Times of India] Attempt 1/1: Trying with 'selenium_browser' strategy...
2026-03-13 02:26:05,112 - INFO - [Times of India] Page content loaded.
2026-03-13 02:26:05,221 - INFO - [Times of India] Success with 'selenium_browser'. Found content (380 words).
2026-03-13 02:26:05,297 - INFO - Saved article: Who was Old Dominion University shooter Mohamed Jalloh? An ISIS supporter, released from prison in 2024 - The Times of India from Times of India
2026-03-13 02:26:06,543 - INFO - [Times of India] Article: https://timesofindia.indiatimes.com/world/middle-east/uae-news-hotels-refuse-to-raise-prices-for-stranded-tourists-as-flights-cancelled-across-the-emirates-amid-iran-vs-us-israel-war/articleshow/129523235.cms
2026-03-13 02:26:06,543 - INFO - [Times of India] Attempt 1/1: Trying with 'selenium_browser' strategy...
2026-03-13 02:26:07,679 - INFO - [Times of India] Page content loaded.
2026-03-13 02:26:07,796 - INFO - [Times of India] Success with 'selenium_browser'. Found content (876 words).
2026-03-13 02:26:07,861 - INFO - Saved article: UAE news: Hotels refuse to raise prices for stranded tourists as flights cancelled across the emirates amid Iran vs US-Israel war - The Times of India from Times of India
2026-03-13 02:26:08,957 - INFO - [Times of India] Article: https://timesofindia.indiatimes.com/world/us/are-you-scared-youll-get-deported-two-indian-origin-men-clash-on-social-media-over-h-1b-one-of-them-is-texas-gop-chairman/articleshow/129523221.cms
2026-03-13 02:26:08,957 - INFO - [Times of India] Attempt 1/1: Trying with 'selenium_browser' strategy...
2026-03-13 02:26:10,046 - INFO - [Times of India] Page content loaded.
2026-03-13 02:26:10,152 - INFO - [Times of India] Success with 'selenium_browser'. Found content (394 words).
2026-03-13 02:26:10,204 - INFO - Saved article: 'Are you scared you'll get deported': Two Indian-origin men clash on social media over H-1B. One of them is Texas GOP chairman - The Times of India from Times of India
2026-03-13 02:26:11,428 - INFO - [Times of India] Article: https://timesofindia.indiatimes.com/world/middle-east/qatar-news-travel-influencer-drives-across-doha-desert-to-riyadh-viral-video-shows-escape-route-amid-iran-vs-us-israel-war/articleshow/129520932.cms
2026-03-13 02:26:11,428 - INFO - [Times of India] Attempt 1/1: Trying with 'selenium_browser' strategy...
2026-03-13 02:26:12,508 - INFO - [Times of India] Page content loaded.
2026-03-13 02:26:12,633 - INFO - [Times of India] Success with 'selenium_browser'. Found content (823 words).
2026-03-13 02:26:12,691 - INFO - Saved article: Qatar news: Travel influencer drives across Doha desert to Riyadh, viral video shows escape route amid Iran vs US-Israel war - The Times of India from Times of India
2026-03-13 02:26:14,186 - INFO - [Times of India] Article: https://timesofindia.indiatimes.com/world/us/let-there-be-as-much-outrage-zohran-mamdani-reacts-to-criticism-after-hosting-first-iftar-at-new-york-city-hall/articleshow/129520510.cms
2026-03-13 02:26:14,186 - INFO - [Times of India] Attempt 1/1: Trying with 'selenium_browser' strategy...
2026-03-13 02:26:15,254 - INFO - [Times of India] Page content loaded.
2026-03-13 02:26:15,380 - INFO - [Times of India] Success with 'selenium_browser'. Found content (350 words).
2026-03-13 02:26:15,447 - INFO - Saved article: Zohran Mamdani: 'Let there be as much outrage': Zohran Mamdani reacts to criticism after hosting first iftar at New York City Hall - The Times of India from Times of India
2026-03-13 02:26:16,388 - INFO - [Times of India] Article: https://timesofindia.indiatimes.com/world/middle-east/why-is-it-called-the-middle-east-the-1902-story-most-people-dont-know/articleshow/129393856.cms
2026-03-13 02:26:16,388 - INFO - [Times of India] Attempt 1/1: Trying with 'selenium_browser' strategy...
2026-03-13 02:26:17,300 - INFO - [Times of India] Page content loaded.
2026-03-13 02:26:17,417 - INFO - [Times of India] Success with 'selenium_browser'. Found content (506 words).
2026-03-13 02:26:17,519 - INFO - Saved article: Why is it called the ‘Middle East’: The 1902 story most people don’t know | World News - The Times of India from Times of India
2026-03-13 02:26:18,444 - INFO - [Times of India] Article: https://timesofindia.indiatimes.com/world/us/no-dont-do-that-hillary-clinton-pulls-back-as-bill-clinton-nudges-her-toward-busy-crosswalk-watch-video/articleshow/129517161.cms
2026-03-13 02:26:18,444 - INFO - [Times of India] Attempt 1/1: Trying with 'selenium_browser' strategy...
2026-03-13 02:26:19,520 - INFO - [Times of India] Page content loaded.
2026-03-13 02:26:19,675 - INFO - [Times of India] Success with 'selenium_browser'. Found content (298 words).
2026-03-13 02:26:19,738 - INFO - Saved article: ‘No, don’t do that’: Hillary Clinton pulls back as Bill Clinton nudges her toward busy crosswalk — watch video - The Times of India from Times of India
2026-03-13 02:26:20,957 - INFO - [Times of India] Article: https://timesofindia.indiatimes.com/world/us/old-dominion-university-shooting-gunman-opens-fire-inside-campus-building-two-critically-injured/articleshow/129518819.cms
2026-03-13 02:26:20,957 - INFO - [Times of India] Attempt 1/1: Trying with 'selenium_browser' strategy...
2026-03-13 02:26:22,313 - INFO - [Times of India] Page content loaded.
2026-03-13 02:26:22,433 - INFO - [Times of India] Success with 'selenium_browser'. Found content (517 words).
2026-03-13 02:26:22,496 - INFO - Saved article: Old Dominion University shooting: Gunman opens fire inside campus building, two critically injured | World News - The Times of India from Times of India
2026-03-13 02:26:23,256 - INFO - [Times of India] Article: https://timesofindia.indiatimes.com/world/us/active-shooter-at-us-synagogue-smoke-billowing-from-building-police-on-scene/articleshow/129518605.cms
2026-03-13 02:26:23,256 - INFO - [Times of India] Attempt 1/1: Trying with 'selenium_browser' strategy...
2026-03-13 02:26:24,468 - INFO - [Times of India] Page content loaded.
2026-03-13 02:26:24,613 - INFO - [Times of India] Success with 'selenium_browser'. Found content (310 words).
2026-03-13 02:26:24,666 - INFO - Saved article: Temple Israel: Shooting at US synagogue: Suspect dead; Trump terms attack 'terrible thing' - The Times of India from Times of India
2026-03-13 02:26:25,990 - INFO - [Times of India] Article: https://timesofindia.indiatimes.com/world/us/vivek-ramaswamys-wife-campaigns-for-him-in-new-ad-for-ohio-guv-election-introduces-savithri-amid-trolling/articleshow/129517407.cms
2026-03-13 02:26:25,990 - INFO - [Times of India] Attempt 1/1: Trying with 'selenium_browser' strategy...
2026-03-13 02:26:27,199 - INFO - [Times of India] Page content loaded.
2026-03-13 02:26:27,326 - INFO - [Times of India] Success with 'selenium_browser'. Found content (403 words).
2026-03-13 02:26:27,382 - INFO - Saved article: Vivek Ramaswamy's wife campaigns for him in new ad for Ohio Guv election, introduces 'Savithri' amid trolling - The Times of India from Times of India
2026-03-13 02:26:28,176 - INFO - [Times of India] Article: https://timesofindia.indiatimes.com/world/europe/celebrity-chef-ren-redzepi-resigns-from-noma-over-abuse-allegations-says-an-apology-is-not-enough/articleshow/129516700.cms
2026-03-13 02:26:28,177 - INFO - [Times of India] Attempt 1/1: Trying with 'selenium_browser' strategy...
2026-03-13 02:26:29,114 - INFO - [Times of India] Page content loaded.
2026-03-13 02:26:29,227 - INFO - [Times of India] Success with 'selenium_browser'. Found content (321 words).
2026-03-13 02:26:29,291 - INFO - Saved article: Celebrity chef René Redzepi resigns from Noma over abuse allegations, says 'an apology is not enough' - The Times of India from Times of India
2026-03-13 02:26:30,779 - INFO - [Times of India] Article: https://timesofindia.indiatimes.com/world/rest-of-world/2000-queen-ants-in-a-suitcase-chinese-man-arrested-for-smuggling-live-ants-in-test-tubes-at-nairobi-airport/articleshow/129515617.cms
2026-03-13 02:26:30,779 - INFO - [Times of India] Attempt 1/1: Trying with 'selenium_browser' strategy...
2026-03-13 02:26:32,339 - INFO - [Times of India] Page content loaded.
2026-03-13 02:26:32,471 - INFO - [Times of India] Success with 'selenium_browser'. Found content (764 words).
2026-03-13 02:26:32,533 - INFO - Saved article: Queen Ants: ‘2,000 queen ants in a suitcase’: Chinese man arrested for smuggling live ants in test tubes at Nairobi airport | World News - The Times of India from Times of India
2026-03-13 02:26:33,372 - INFO - [Times of India] Article: https://timesofindia.indiatimes.com/world/us/janitors-ice-cream-sales-analyst-texas-whistleblower-reveals-craziest-h-1b-job-titles/articleshow/129514374.cms
2026-03-13 02:26:33,372 - INFO - [Times of India] Attempt 1/1: Trying with 'selenium_browser' strategy...
2026-03-13 02:26:34,235 - INFO - [Times of India] Page content loaded.
2026-03-13 02:26:34,364 - INFO - [Times of India] Success with 'selenium_browser'. Found content (388 words).
2026-03-13 02:26:34,430 - INFO - Saved article: Sara Gonzales: Janitors, ice cream sales analyst: Texas whistleblower reveals 'craziest H-1B job titles' - The Times of India from Times of India
2026-03-13 02:26:35,242 - INFO - [Times of India] (Thread) Finished. Attempting to shut down its Selenium driver.
2026-03-13 02:26:35,444 - INFO - [Times of India] (Thread) driver.quit() successful.
2026-03-13 02:26:35,444 - INFO - Shutting down thread pool (wait=False)...
2026-03-13 02:26:35,444 - INFO - Scraped: 25 The Hindu, 13 The Guardian, 19 Times of India, 12 BBC articles. (Total saved: 69)
2026-03-13 02:26:35,444 - INFO - --- Scraping job finished ---
2026-03-13 02:26:35,448 - INFO - --- Scraper service stopped and database connection closed. ---
2026-03-13 02:26:35,448 - INFO - --- Main thread finished. Forcing process exit to kill zombie threads. ---
