2025-12-13 12:42:24,612 - INFO - Initializing database connection at: news_articles.db
2025-12-13 12:42:24,613 - INFO - --- Scraper service started (CI Mode: Run Once) ---
2025-12-13 12:42:24,613 - INFO - --- Starting new scraping job (Parallel Mode) ---
2025-12-13 12:42:24,613 - INFO - Creating new robust session with 3 retries on 5xx/connection/read errors.
2025-12-13 12:42:24,613 - INFO - Proxy is DISABLED.
2025-12-13 12:42:24,614 - INFO - Starting scrape for BBC RSS feed: http://feeds.bbci.co.uk/news/world/rss.xml
2025-12-13 12:42:24,614 - INFO - [Times of India] (Thread) requires Selenium. Initializing driver...
2025-12-13 12:42:24,614 - INFO - Initializing headless Selenium Chrome driver (using SeleniumManager)...
2025-12-13 12:42:24,614 - INFO - Starting scrape for The Guardian RSS feed: https://www.theguardian.com/world/rss
2025-12-13 12:42:24,618 - INFO - [The Hindu] (Thread) requires Selenium. Initializing driver...
2025-12-13 12:42:24,618 - INFO - Initializing headless Selenium Chrome driver (using SeleniumManager)...
2025-12-13 12:42:24,618 - INFO - Submitted 4 jobs to thread pool. Waiting up to 420s for completion...
2025-12-13 12:42:24,693 - INFO - Found 45 articles in The Guardian RSS feed. Processing up to 25.
2025-12-13 12:42:24,694 - INFO - [The Guardian] Article: https://www.theguardian.com/world/2025/dec/13/us-accuses-rwanda-of-violating-peace-deal
2025-12-13 12:42:24,694 - INFO - [The Guardian] Attempt 1/1: Trying with 'requests_browser' strategy...
2025-12-13 12:42:24,723 - INFO - [The Guardian] Success with 'requests_browser'. Found content (632 words).
2025-12-13 12:42:24,761 - INFO - Saved article: US scolds Rwanda for breaking peace deal as M23 rebels seize key Congo city | Rwanda | The Guardian from The Guardian
2025-12-13 12:42:24,981 - INFO - Found 30 articles in BBC RSS feed. Processing up to 25.
2025-12-13 12:42:24,981 - INFO - [BBC] Article: https://www.bbc.com/news/articles/cd0kkyx3vvxo?at_medium=RSS&at_campaign=rss
2025-12-13 12:42:24,981 - INFO - [BBC] Attempt 1/1: Trying with 'requests_browser' strategy...
2025-12-13 12:42:25,161 - INFO - [BBC] Success with 'requests_browser'. Found content (600 words).
2025-12-13 12:42:25,197 - INFO - Duplicate article skipped: Thailand-Cambodia fighting continues after Trump says countries agree to ceasefire from BBC
2025-12-13 12:42:26,215 - INFO - [The Guardian] Article: https://www.theguardian.com/us-news/2025/dec/12/trump-ends-temporary-legal-status-ethiopia
2025-12-13 12:42:26,215 - INFO - [The Guardian] Attempt 1/1: Trying with 'requests_browser' strategy...
2025-12-13 12:42:26,236 - INFO - [The Guardian] Success with 'requests_browser'. Found content (322 words).
2025-12-13 12:42:26,271 - INFO - Duplicate article skipped: US ends temporary legal status for Ethiopians amid Trump crackdown | Trump administration | The Guardian from The Guardian
2025-12-13 12:42:26,356 - INFO - [BBC] Article: https://www.bbc.com/news/articles/c0l9954yr9ko?at_medium=RSS&at_campaign=rss
2025-12-13 12:42:26,356 - INFO - [BBC] Attempt 1/1: Trying with 'requests_browser' strategy...
2025-12-13 12:42:26,386 - INFO - [BBC] Success with 'requests_browser'. Found content (934 words).
2025-12-13 12:42:26,424 - INFO - Saved article: Steve Witkoff to meet Volodymyr Zelensky for latest Ukraine war talks from BBC
2025-12-13 12:42:27,351 - INFO - [The Guardian] Article: https://www.theguardian.com/world/2025/dec/12/uk-sanctions-four-rsf-commanders-heinous-violence-against-sudan-civilians
2025-12-13 12:42:27,352 - INFO - [The Guardian] Attempt 1/1: Trying with 'requests_browser' strategy...
2025-12-13 12:42:27,434 - INFO - [BBC] Article: https://www.bbc.com/news/articles/crk777lj763o?at_medium=RSS&at_campaign=rss
2025-12-13 12:42:27,435 - INFO - [BBC] Attempt 1/1: Trying with 'requests_browser' strategy...
2025-12-13 12:42:27,477 - INFO - [BBC] Success with 'requests_browser'. Found content (1013 words).
2025-12-13 12:42:27,517 - INFO - Duplicate article skipped: New Epstein photos show Trump, Clinton and Andrew from BBC
2025-12-13 12:42:27,521 - INFO - [The Guardian] Success with 'requests_browser'. Found content (798 words).
2025-12-13 12:42:27,567 - INFO - Duplicate article skipped: UK imposes sanctions on four RSF officers for ‘heinous’ mass killings in Sudan | Sudan | The Guardian from The Guardian
2025-12-13 12:42:28,309 - INFO - [BBC] Article: https://www.bbc.com/news/articles/cqlkk9qk7vyo?at_medium=RSS&at_campaign=rss
2025-12-13 12:42:28,309 - INFO - [BBC] Attempt 1/1: Trying with 'requests_browser' strategy...
2025-12-13 12:42:28,335 - INFO - [BBC] Success with 'requests_browser'. Found content (521 words).
2025-12-13 12:42:28,375 - INFO - Saved article: Ukraine's health supplies hit in series of Russian strikes on medical warehouses from BBC
2025-12-13 12:42:28,757 - INFO - [The Guardian] Article: https://www.theguardian.com/world/2025/dec/11/fate-of-11-nigerian-troops-unclear-after-unauthorised-plane-landing-in-burkina-faso
2025-12-13 12:42:28,757 - INFO - [The Guardian] Attempt 1/1: Trying with 'requests_browser' strategy...
2025-12-13 12:42:28,779 - INFO - [The Guardian] Success with 'requests_browser'. Found content (276 words).
2025-12-13 12:42:28,812 - INFO - Duplicate article skipped: Fate of 11 Nigerian troops unclear after ‘unauthorised’ plane landing in Burkina Faso | Burkina Faso | The Guardian from The Guardian
2025-12-13 12:42:29,087 - INFO - [BBC] Article: https://www.bbc.com/news/articles/c4gk34k9k23o?at_medium=RSS&at_campaign=rss
2025-12-13 12:42:29,087 - INFO - [BBC] Attempt 1/1: Trying with 'requests_browser' strategy...
2025-12-13 12:42:29,129 - INFO - [BBC] Success with 'requests_browser'. Found content (1685 words).
2025-12-13 12:42:29,173 - INFO - Saved article: DR Congo-Rwanda peace process: Can Trump's shattered plan be glued back together? from BBC
2025-12-13 12:42:29,576 - INFO - [The Guardian] Article: https://www.theguardian.com/world/2025/dec/10/burkina-faso-releases-nigerian-troops-unauthorised-emergency-landing
2025-12-13 12:42:29,576 - INFO - [The Guardian] Attempt 1/1: Trying with 'requests_browser' strategy...
2025-12-13 12:42:29,597 - INFO - [The Guardian] Success with 'requests_browser'. Found content (388 words).
2025-12-13 12:42:29,657 - INFO - Duplicate article skipped: Burkina Faso releases 11 Nigerian troops after ‘unauthorised’ plane landing | Nigeria | The Guardian from The Guardian
2025-12-13 12:42:30,374 - INFO - [The Guardian] Article: https://www.theguardian.com/world/2025/dec/13/venezuela-oil-exports-reportedly-fall-sharply-after-us-seizure-of-tanker-skipper
2025-12-13 12:42:30,374 - INFO - [The Guardian] Attempt 1/1: Trying with 'requests_browser' strategy...
2025-12-13 12:42:30,394 - INFO - [BBC] Article: https://www.bbc.com/news/articles/c5y2271q20lo?at_medium=RSS&at_campaign=rss
2025-12-13 12:42:30,394 - INFO - [BBC] Attempt 1/1: Trying with 'requests_browser' strategy...
2025-12-13 12:42:30,400 - INFO - [The Guardian] Success with 'requests_browser'. Found content (574 words).
2025-12-13 12:42:30,447 - INFO - Saved article: Venezuela oil exports reportedly fall sharply after US seizure of tanker | Venezuela | The Guardian from The Guardian
2025-12-13 12:42:30,465 - INFO - [BBC] Success with 'requests_browser'. Found content (444 words).
2025-12-13 12:42:30,505 - INFO - Saved article: Drunk raccoon found in liquor store suspected in karate studio break-in from BBC
2025-12-13 12:42:31,218 - INFO - [The Guardian] Article: https://www.theguardian.com/world/2025/dec/12/brazilian-judge-sanction-lifted-bolsonaro
2025-12-13 12:42:31,218 - INFO - [The Guardian] Attempt 1/1: Trying with 'requests_browser' strategy...
2025-12-13 12:42:31,239 - INFO - [The Guardian] Success with 'requests_browser'. Found content (426 words).
2025-12-13 12:42:31,274 - INFO - Duplicate article skipped: US treasury lifts sanctions on Brazilian judge who presided over Bolsonaro case | Brazil | The Guardian from The Guardian
2025-12-13 12:42:31,658 - INFO - [BBC] Article: https://www.bbc.com/news/articles/c4g66nll48do?at_medium=RSS&at_campaign=rss
2025-12-13 12:42:31,658 - INFO - [BBC] Attempt 1/1: Trying with 'requests_browser' strategy...
2025-12-13 12:42:31,688 - INFO - [BBC] Success with 'requests_browser'. Found content (724 words).
2025-12-13 12:42:31,723 - INFO - Saved article: Anger at Lionel Messi 'GOAT' India tour as fans throw chairs and bottles at stadium event from BBC
2025-12-13 12:42:31,801 - INFO - [The Guardian] Article: https://www.theguardian.com/world/2025/dec/12/colombia-eln-guerrilla-rebels-trump
2025-12-13 12:42:31,801 - INFO - [The Guardian] Attempt 1/1: Trying with 'requests_browser' strategy...
2025-12-13 12:42:31,820 - INFO - [The Guardian] Success with 'requests_browser'. Found content (431 words).
2025-12-13 12:42:31,859 - INFO - Duplicate article skipped: Colombian rebels warn civilians of military drills amid ‘imperialist’ Trump threats | Colombia | The Guardian from The Guardian
2025-12-13 12:42:32,962 - INFO - [The Guardian] Article: https://www.theguardian.com/world/2025/dec/12/canada-liberals-government-majority-conservative-michael-ma
2025-12-13 12:42:32,962 - INFO - [The Guardian] Attempt 1/1: Trying with 'requests_browser' strategy...
2025-12-13 12:42:32,985 - INFO - [The Guardian] Success with 'requests_browser'. Found content (467 words).
2025-12-13 12:42:33,023 - INFO - Duplicate article skipped: Canada’s Liberals edge closer to majority after Conservative lawmaker crosses floor | Canada | The Guardian from The Guardian
2025-12-13 12:42:33,144 - INFO - Selenium driver initialized successfully.
2025-12-13 12:42:33,144 - INFO - Starting scrape for The Hindu RSS feed: https://www.thehindu.com/news/national/feeder/default.rss
2025-12-13 12:42:33,145 - INFO - Selenium driver initialized successfully.
2025-12-13 12:42:33,145 - INFO - Starting scrape for Times of India RSS feed: https://timesofindia.indiatimes.com/rssfeeds/296589292.cms
2025-12-13 12:42:33,175 - INFO - [BBC] Article: https://www.bbc.com/news/articles/c5yjj2epvlro?at_medium=RSS&at_campaign=rss
2025-12-13 12:42:33,175 - INFO - [BBC] Attempt 1/1: Trying with 'requests_browser' strategy...
2025-12-13 12:42:33,328 - INFO - Found 100 articles in The Hindu RSS feed. Processing up to 25.
2025-12-13 12:42:33,328 - INFO - [The Hindu] Article: https://www.thehindu.com/news/cities/bangalore/second-airport-for-bengaluru-tenders-invited-for-feasibility-study-says-minister-mb-patil/article70392305.ece
2025-12-13 12:42:33,328 - INFO - [The Hindu] Attempt 1/1: Trying with 'selenium_browser' strategy...
2025-12-13 12:42:33,406 - INFO - Found 20 articles in Times of India RSS feed. Processing up to 25.
2025-12-13 12:42:33,406 - INFO - [Times of India] Article: https://timesofindia.indiatimes.com/world/us/new-rule-for-immigration-documents-old-photos-of-applicants-will-be-rejected-to-stop-identity-theft/articleshow/125949182.cms
2025-12-13 12:42:33,406 - INFO - [Times of India] Attempt 1/1: Trying with 'selenium_browser' strategy...
2025-12-13 12:42:33,814 - INFO - [BBC] Success with 'requests_browser'. Found content (615 words).
2025-12-13 12:42:33,870 - INFO - Duplicate article skipped: Ukraine accuses Russia of bombing Turkish ship in Odesa from BBC
2025-12-13 12:42:34,008 - INFO - [The Guardian] Article: https://www.theguardian.com/us-news/2025/dec/12/flood-water-rain-pacific-northwest-washington
2025-12-13 12:42:34,008 - INFO - [The Guardian] Attempt 1/1: Trying with 'requests_browser' strategy...
2025-12-13 12:42:34,034 - INFO - [The Guardian] Success with 'requests_browser'. Found content (770 words).
2025-12-13 12:42:34,079 - INFO - Duplicate article skipped: Flooding remains threat in Pacific north-west as Washington declares emergency | US weather | The Guardian from The Guardian
2025-12-13 12:42:35,347 - INFO - [BBC] Article: https://www.bbc.com/news/articles/cvgrrnylzzyo?at_medium=RSS&at_campaign=rss
2025-12-13 12:42:35,351 - INFO - [BBC] Attempt 1/1: Trying with 'requests_browser' strategy...
2025-12-13 12:42:35,488 - INFO - [The Guardian] Article: https://www.theguardian.com/world/2025/dec/13/north-korea-troops-cleared-landmines-russia-kim-jong-un
2025-12-13 12:42:35,488 - INFO - [The Guardian] Attempt 1/1: Trying with 'requests_browser' strategy...
2025-12-13 12:42:35,550 - INFO - [BBC] Success with 'requests_browser'. Found content (522 words).
2025-12-13 12:42:35,671 - INFO - [The Guardian] Success with 'requests_browser'. Found content (444 words).
2025-12-13 12:42:35,774 - INFO - Duplicate article skipped: Germany accuses Russia of 2024 cyber attack and election disinformation campaign from BBC
2025-12-13 12:42:35,882 - INFO - Saved article: Kim Jong-un admits North Korean troops clearing landmines for Russia | North Korea | The Guardian from The Guardian
2025-12-13 12:42:37,055 - INFO - [The Guardian] Article: https://www.theguardian.com/world/2025/dec/12/thailand-and-cambodia-agree-to-restart-ceasefire-brokered-by-us-says-trump
2025-12-13 12:42:37,055 - INFO - [The Guardian] Attempt 1/1: Trying with 'requests_browser' strategy...
2025-12-13 12:42:37,168 - INFO - [BBC] Article: https://www.bbc.com/news/articles/cly559exm87o?at_medium=RSS&at_campaign=rss
2025-12-13 12:42:37,168 - INFO - [BBC] Attempt 1/1: Trying with 'requests_browser' strategy...
2025-12-13 12:42:37,433 - INFO - [BBC] Success with 'requests_browser'. Found content (450 words).
2025-12-13 12:42:37,583 - INFO - [The Guardian] Success with 'requests_browser'. Found content (784 words).
2025-12-13 12:42:37,800 - INFO - Duplicate article skipped: Nobel laureate Narges Mohammadi arrested in Iran, supporters say from BBC
2025-12-13 12:42:37,935 - INFO - Duplicate article skipped: Thailand deny Trump ceasefire claim as clashes with Cambodia continue at border | Thailand | The Guardian from The Guardian
2025-12-13 12:42:37,967 - INFO - [The Hindu] Page content loaded.
2025-12-13 12:42:38,632 - INFO - [The Guardian] Article: https://www.theguardian.com/world/2025/dec/12/indonesia-floods-extinction-level-rare-orangutan-tapanuli
2025-12-13 12:42:38,632 - INFO - [The Guardian] Attempt 1/1: Trying with 'requests_browser' strategy...
2025-12-13 12:42:38,824 - INFO - [The Guardian] Success with 'requests_browser'. Found content (757 words).
2025-12-13 12:42:39,097 - INFO - [BBC] Article: https://www.bbc.com/news/articles/cm211xz0vl8o?at_medium=RSS&at_campaign=rss
2025-12-13 12:42:39,098 - INFO - [BBC] Attempt 1/1: Trying with 'requests_browser' strategy...
2025-12-13 12:42:39,150 - INFO - Duplicate article skipped: Indonesia floods were ‘extinction level’ disturbance for world’s rarest ape | Indonesia | The Guardian from The Guardian
2025-12-13 12:42:39,151 - INFO - [The Hindu] Success with 'selenium_browser'. Found content (440 words).
2025-12-13 12:42:39,365 - INFO - Saved article: Second airport for Bengaluru: Tenders invited for feasibility study, says Minister M.B. Patil - The Hindu from The Hindu
2025-12-13 12:42:39,370 - INFO - [BBC] Success with 'requests_browser'. Found content (409 words).
2025-12-13 12:42:39,444 - INFO - Duplicate article skipped: Farmers call for French blockades over cow disease cull from BBC
2025-12-13 12:42:39,898 - INFO - [The Hindu] Article: https://www.thehindu.com/news/cities/Delhi/delhi-hc-rejects-scientists-plea-for-mandatory-work-from-home-under-grap/article70392311.ece
2025-12-13 12:42:39,898 - INFO - [The Hindu] Attempt 1/1: Trying with 'selenium_browser' strategy...
2025-12-13 12:42:40,006 - INFO - [BBC] Article: https://www.bbc.com/news/articles/c1kpwmezkpdo?at_medium=RSS&at_campaign=rss
2025-12-13 12:42:40,006 - INFO - [BBC] Attempt 1/1: Trying with 'requests_browser' strategy...
2025-12-13 12:42:40,272 - INFO - [BBC] Success with 'requests_browser'. Found content (987 words).
2025-12-13 12:42:40,412 - INFO - Duplicate article skipped: Game Awards 2025: Expedition 33 tops winners list from BBC
2025-12-13 12:42:40,614 - INFO - [The Guardian] Article: https://www.theguardian.com/world/2025/dec/12/south-korea-exam-chief-quits-after-complaints-english-test-was-too-hard
2025-12-13 12:42:40,614 - INFO - [The Guardian] Attempt 1/1: Trying with 'requests_browser' strategy...
2025-12-13 12:42:40,786 - INFO - [The Guardian] Success with 'requests_browser'. Found content (471 words).
2025-12-13 12:42:40,861 - INFO - Duplicate article skipped: South Korea exam chief quits after complaints English test was too hard | South Korea | The Guardian from The Guardian
2025-12-13 12:42:41,710 - INFO - [The Guardian] Article: https://www.theguardian.com/technology/2025/dec/12/do-kwon-cryptocurrency-terraform-labs-co-founder-prison-fraud
2025-12-13 12:42:41,710 - INFO - [The Guardian] Attempt 1/1: Trying with 'requests_browser' strategy...
2025-12-13 12:42:41,863 - INFO - [BBC] Article: https://www.bbc.com/news/articles/cly555k8de3o?at_medium=RSS&at_campaign=rss
2025-12-13 12:42:41,863 - INFO - [BBC] Attempt 1/1: Trying with 'requests_browser' strategy...
2025-12-13 12:42:41,933 - INFO - [The Guardian] Success with 'requests_browser'. Found content (622 words).
2025-12-13 12:42:42,336 - INFO - [BBC] Success with 'requests_browser'. Found content (489 words).
2025-12-13 12:42:42,353 - INFO - Duplicate article skipped: Crypto mogul Do Kwon sentenced to 15 years in prison for fraud | Cryptocurrencies | The Guardian from The Guardian
2025-12-13 12:42:42,557 - INFO - Duplicate article skipped: Eritrea leaves Igad regional bloc as tensions rise with Ethiopia from BBC
2025-12-13 12:42:42,977 - INFO - [The Guardian] Article: https://www.theguardian.com/australia-news/2025/dec/13/will-other-countries-follow-australia-social-media-ban-under-16s
2025-12-13 12:42:42,977 - INFO - [The Guardian] Attempt 1/1: Trying with 'requests_browser' strategy...
2025-12-13 12:42:43,168 - INFO - [The Guardian] Success with 'requests_browser'. Found content (1029 words).
2025-12-13 12:42:43,299 - INFO - [BBC] Article: https://www.bbc.com/news/articles/czxgnqx1yplo?at_medium=RSS&at_campaign=rss
2025-12-13 12:42:43,299 - INFO - [BBC] Attempt 1/1: Trying with 'requests_browser' strategy...
2025-12-13 12:42:43,497 - INFO - Saved article: Will other countries follow Australia’s social media ban for under-16s? | Social media ban | The Guardian from The Guardian
2025-12-13 12:42:43,545 - INFO - [BBC] Success with 'requests_browser'. Found content (1281 words).
2025-12-13 12:42:43,665 - INFO - Duplicate article skipped: Taylor Swift reveals moment she broke down over Southport attack in new documentary from BBC
2025-12-13 12:42:44,564 - INFO - [The Guardian] Article: https://www.theguardian.com/australia-news/2025/dec/13/sydney-man-charged-with-threatening-to-kill-anika-wells-and-her-family-ntwnfb
2025-12-13 12:42:44,564 - INFO - [The Guardian] Attempt 1/1: Trying with 'requests_browser' strategy...
2025-12-13 12:42:44,748 - INFO - [The Guardian] Success with 'requests_browser'. Found content (493 words).
2025-12-13 12:42:44,870 - INFO - Saved article: Sydney man charged with threatening to kill communications minister Anika Wells and her family | Australian politics | The Guardian from The Guardian
2025-12-13 12:42:44,965 - INFO - [BBC] Article: https://www.bbc.com/news/articles/c4g99kp897do?at_medium=RSS&at_campaign=rss
2025-12-13 12:42:44,965 - INFO - [BBC] Attempt 1/1: Trying with 'requests_browser' strategy...
2025-12-13 12:42:45,343 - INFO - [BBC] Success with 'requests_browser'. Found content (357 words).
2025-12-13 12:42:45,474 - INFO - Duplicate article skipped: Ghana's Abu Trica charged with scamming elderly Americans from BBC
2025-12-13 12:42:46,106 - INFO - [The Guardian] Article: https://www.theguardian.com/australia-news/2025/dec/13/bowen-says-turnbull-era-travel-expenses-rules-changed-to-simplify-them-despite-criticism-they-became-broader
2025-12-13 12:42:46,106 - INFO - [The Guardian] Attempt 1/1: Trying with 'requests_browser' strategy...
2025-12-13 12:42:46,410 - INFO - [The Guardian] Success with 'requests_browser'. Found content (634 words).
2025-12-13 12:42:46,498 - INFO - Saved article: Bowen says Turnbull-era travel expenses rules were changed to simplify them, despite criticism they became broader | Australian politicians' expenses | The Guardian from The Guardian
2025-12-13 12:42:46,854 - INFO - [BBC] Article: https://www.bbc.com/news/videos/cjwyy65ne62o?at_medium=RSS&at_campaign=rss
2025-12-13 12:42:46,854 - INFO - [BBC] Attempt 1/1: Trying with 'requests_browser' strategy...
2025-12-13 12:42:47,471 - INFO - [The Guardian] Article: https://www.theguardian.com/australia-news/2025/dec/13/melbourne-west-gate-tunnel-opens-sunday
2025-12-13 12:42:47,472 - INFO - [The Guardian] Attempt 1/1: Trying with 'requests_browser' strategy...
2025-12-13 12:42:47,793 - INFO - [BBC] Success with 'requests_browser'. Found content (204 words).
2025-12-13 12:42:47,852 - INFO - [The Guardian] Success with 'requests_browser'. Found content (562 words).
2025-12-13 12:42:47,985 - INFO - Duplicate article skipped: Inside the Colombian cathedral built 180m underground from BBC
2025-12-13 12:42:48,233 - INFO - Duplicate article skipped: From toxic soil and industrial standoffs, Melbourne’s West Gate Tunnel finally emerges for motorists to use on Sunday | Transport | The Guardian from The Guardian
2025-12-13 12:42:48,490 - INFO - [The Hindu] Page content loaded.
2025-12-13 12:42:48,759 - INFO - [The Hindu] Success with 'selenium_browser'. Found content (374 words).
2025-12-13 12:42:48,957 - INFO - Saved article: Delhi HC rejects scientist’s plea for mandatory work from home under GRAP - The Hindu from The Hindu
2025-12-13 12:42:49,043 - INFO - [BBC] Article: https://www.bbc.com/news/articles/c3w792x0ggyo?at_medium=RSS&at_campaign=rss
2025-12-13 12:42:49,043 - INFO - [BBC] Attempt 1/1: Trying with 'requests_browser' strategy...
2025-12-13 12:42:49,210 - INFO - [BBC] Success with 'requests_browser'. Found content (1035 words).
2025-12-13 12:42:49,331 - INFO - Duplicate article skipped: Suneung: South Korea exam chief quits over 'insane' English test from BBC
2025-12-13 12:42:49,456 - INFO - [The Guardian] Article: https://www.theguardian.com/australia-news/2025/dec/13/regis-resources-mining-aboriginal-heritage-protection-claims
2025-12-13 12:42:49,456 - INFO - [The Guardian] Attempt 1/1: Trying with 'requests_browser' strategy...
2025-12-13 12:42:49,661 - INFO - [The Guardian] Success with 'requests_browser'. Found content (671 words).
2025-12-13 12:42:49,831 - INFO - Saved article: Mining company claims government didn’t follow proper process for Aboriginal heritage protection order | Indigenous Australians | The Guardian from The Guardian
2025-12-13 12:42:50,377 - INFO - [The Hindu] Article: https://www.thehindu.com/news/national/chhattisgarh/will-make-bastar-the-most-developed-tribal-region-by-2030-says-shah/article70392301.ece
2025-12-13 12:42:50,378 - INFO - [The Hindu] Attempt 1/1: Trying with 'selenium_browser' strategy...
2025-12-13 12:42:50,489 - INFO - [The Guardian] Article: https://www.theguardian.com/law/2025/dec/13/europe-echr-rethink-moral-retreat-say-human-rights-experts
2025-12-13 12:42:50,489 - INFO - [The Guardian] Attempt 1/1: Trying with 'requests_browser' strategy...
2025-12-13 12:42:50,561 - INFO - [BBC] Article: https://www.bbc.com/news/articles/c0q5504vv0ko?at_medium=RSS&at_campaign=rss
2025-12-13 12:42:50,561 - INFO - [BBC] Attempt 1/1: Trying with 'requests_browser' strategy...
2025-12-13 12:42:50,585 - INFO - [The Guardian] Success with 'requests_browser'. Found content (924 words).
2025-12-13 12:42:50,802 - INFO - Saved article: ‘Who’s it going to be next time?’: ECHR rethink is ‘moral retreat’, say rights experts | European court of human rights | The Guardian from The Guardian
2025-12-13 12:42:51,078 - INFO - [BBC] Success with 'requests_browser'. Found content (696 words).
2025-12-13 12:42:51,231 - INFO - Duplicate article skipped: Eurovision 2024 winner Nemo to return trophy in protest at Israel from BBC
2025-12-13 12:42:51,427 - INFO - [The Guardian] Article: https://www.theguardian.com/world/2025/dec/12/eu-to-freeze-210bn-in-russian-assets-indefinitely
2025-12-13 12:42:51,427 - INFO - [The Guardian] Attempt 1/1: Trying with 'requests_browser' strategy...
2025-12-13 12:42:51,623 - INFO - [The Guardian] Success with 'requests_browser'. Found content (736 words).
2025-12-13 12:42:51,789 - INFO - Duplicate article skipped: EU to freeze €210bn in Russian assets indefinitely | European Union | The Guardian from The Guardian
2025-12-13 12:42:52,258 - INFO - [BBC] Article: https://www.bbc.com/news/articles/cx2dp15zglxo?at_medium=RSS&at_campaign=rss
2025-12-13 12:42:52,258 - INFO - [BBC] Attempt 1/1: Trying with 'requests_browser' strategy...
2025-12-13 12:42:52,394 - INFO - [BBC] Success with 'requests_browser'. Found content (1313 words).
2025-12-13 12:42:52,511 - INFO - Duplicate article skipped: John Cena last match: How he reached the top of WWE from BBC
2025-12-13 12:42:52,706 - INFO - [The Guardian] Article: https://www.theguardian.com/world/live/2025/dec/12/von-der-leyen-trump-ukraine-belgium-russian-assets-starmer-latest-news-updates
2025-12-13 12:42:52,706 - INFO - [The Guardian] Attempt 1/1: Trying with 'requests_browser' strategy...
2025-12-13 12:42:53,287 - INFO - [The Guardian] Success with 'requests_browser'. Found content (3278 words).
2025-12-13 12:42:53,496 - INFO - Duplicate article skipped: Belgian PM meets Starmer in London as debate continues on using frozen Russian assets for Ukraine – as it happened | Europe | The Guardian from The Guardian
2025-12-13 12:42:53,655 - INFO - [BBC] Article: https://www.bbc.com/news/articles/czrkkm83znpo?at_medium=RSS&at_campaign=rss
2025-12-13 12:42:53,655 - INFO - [BBC] Attempt 1/1: Trying with 'requests_browser' strategy...
2025-12-13 12:42:53,778 - INFO - [BBC] Success with 'requests_browser'. Found content (1128 words).
2025-12-13 12:42:53,913 - INFO - Duplicate article skipped: Takeaways from Luigi Mangione's evidence hearing from BBC
2025-12-13 12:42:54,479 - INFO - [The Guardian] Article: https://www.theguardian.com/world/2025/dec/12/giorgia-meloni-atreju-brothers-of-italy-far-right
2025-12-13 12:42:54,479 - INFO - [The Guardian] Attempt 1/1: Trying with 'requests_browser' strategy...
2025-12-13 12:42:54,565 - INFO - [The Guardian] Success with 'requests_browser'. Found content (1078 words).
2025-12-13 12:42:54,734 - INFO - Duplicate article skipped: ‘What is going on here?’ Meloni celebrated at Italy’s far-right Atreju Christmas festival | Brothers of Italy | The Guardian from The Guardian
2025-12-13 12:42:55,315 - INFO - [BBC] Article: https://www.bbc.com/news/articles/c075mr3190mo?at_medium=RSS&at_campaign=rss
2025-12-13 12:42:55,315 - INFO - [BBC] Attempt 1/1: Trying with 'requests_browser' strategy...
2025-12-13 12:42:55,741 - INFO - [BBC] Success with 'requests_browser'. Found content (785 words).
2025-12-13 12:42:55,763 - INFO - [The Guardian] Article: https://www.theguardian.com/business/2025/dec/12/eu-2035-petrol-diesel-car-ban-mep-green-deal
2025-12-13 12:42:55,763 - INFO - [The Guardian] Attempt 1/1: Trying with 'requests_browser' strategy...
2025-12-13 12:42:55,965 - INFO - Duplicate article skipped: Has Venezuela been ditched by its strongest allies - Russia and China? from BBC
2025-12-13 12:42:56,027 - INFO - [The Guardian] Success with 'requests_browser'. Found content (708 words).
2025-12-13 12:42:56,210 - INFO - Duplicate article skipped: EU’s 2035 petrol and diesel car ban will be watered down, says senior MEP | Automotive industry | The Guardian from The Guardian
2025-12-13 12:42:57,145 - INFO - [BBC] Article: https://www.bbc.com/news/articles/c0q5pygel84o?at_medium=RSS&at_campaign=rss
2025-12-13 12:42:57,145 - INFO - [BBC] Attempt 1/1: Trying with 'requests_browser' strategy...
2025-12-13 12:42:57,240 - INFO - [BBC] Success with 'requests_browser'. Found content (1167 words).
2025-12-13 12:42:57,337 - INFO - Saved article: Dhurandhar: New Bollywood film divides opinions in India and Pakistan from BBC
2025-12-13 12:42:57,896 - INFO - [BBC] Article: https://www.bbc.com/news/articles/c93w90kqgv9o?at_medium=RSS&at_campaign=rss
2025-12-13 12:42:57,896 - INFO - [BBC] Attempt 1/1: Trying with 'requests_browser' strategy...
2025-12-13 12:42:58,003 - INFO - [BBC] Success with 'requests_browser'. Found content (1523 words).
2025-12-13 12:42:58,093 - INFO - Duplicate article skipped: Australia social media ban: Why isn't gaming included? from BBC
2025-12-13 12:42:59,431 - INFO - [BBC] Article: https://www.bbc.com/news/articles/c2lvplrxpe9o?at_medium=RSS&at_campaign=rss
2025-12-13 12:42:59,431 - INFO - [BBC] Attempt 1/1: Trying with 'requests_browser' strategy...
2025-12-13 12:42:59,469 - INFO - [BBC] Success with 'requests_browser'. Found content (1082 words).
2025-12-13 12:42:59,516 - INFO - Duplicate article skipped: Trump's Gaza peace plan struggles to progress as Israel and Hamas face tough choices from BBC
2025-12-13 12:43:00,956 - INFO - [BBC] Article: https://www.bbc.com/news/articles/c4g990exxq4o?at_medium=RSS&at_campaign=rss
2025-12-13 12:43:00,956 - INFO - [BBC] Attempt 1/1: Trying with 'requests_browser' strategy...
2025-12-13 12:43:01,407 - INFO - [BBC] Success with 'requests_browser'. Found content (938 words).
2025-12-13 12:43:01,453 - INFO - Duplicate article skipped: María Corina Machado: Inside the operation to sneak Nobel winner out of Venezuela from BBC
2025-12-13 12:44:33,507 - ERROR - [Times of India] Request failed for strategy 'selenium_browser' on URL https://timesofindia.indiatimes.com/world/us/new-rule-for-immigration-documents-old-photos-of-applicants-will-be-rejected-to-stop-identity-theft/articleshow/125949182.cms: HTTPConnectionPool(host='localhost', port=53875): Read timed out. (read timeout=120)
2025-12-13 12:44:33,507 - ERROR - [Times of India] All scrape strategies failed for https://timesofindia.indiatimes.com/world/us/new-rule-for-immigration-documents-old-photos-of-applicants-will-be-rejected-to-stop-identity-theft/articleshow/125949182.cms. Falling back to RSS description.
2025-12-13 12:44:33,509 - INFO - Saved article: New rule for immigration documents: Old photos of applicants will be rejected to stop 'identity theft' from Times of India
2025-12-13 12:44:34,327 - INFO - [Times of India] Article: https://timesofindia.indiatimes.com/sports/international-sports/joaquin-buckley-dares-khamzat-chimaev-to-avoid-wrestling-with-a-whopping-50000-challenge/articleshow/125948358.cms
2025-12-13 12:44:34,327 - INFO - [Times of India] Attempt 1/1: Trying with 'selenium_browser' strategy...
2025-12-13 12:44:50,470 - ERROR - [The Hindu] Request failed for strategy 'selenium_browser' on URL https://www.thehindu.com/news/national/chhattisgarh/will-make-bastar-the-most-developed-tribal-region-by-2030-says-shah/article70392301.ece: HTTPConnectionPool(host='localhost', port=54647): Read timed out. (read timeout=120)
2025-12-13 12:44:50,470 - ERROR - [The Hindu] All scrape strategies failed for https://www.thehindu.com/news/national/chhattisgarh/will-make-bastar-the-most-developed-tribal-region-by-2030-says-shah/article70392301.ece. Falling back to RSS description.
2025-12-13 12:44:50,472 - INFO - Saved article: Will make Bastar the most developed tribal region by 2030, says Shah from The Hindu
2025-12-13 12:44:51,351 - INFO - [The Hindu] Article: https://www.thehindu.com/news/national/karnataka/two-labourers-mowed-down-by-car-on-nice-road/article70392215.ece
2025-12-13 12:44:51,351 - INFO - [The Hindu] Attempt 1/1: Trying with 'selenium_browser' strategy...
2025-12-13 12:46:34,421 - ERROR - [Times of India] Request failed for strategy 'selenium_browser' on URL https://timesofindia.indiatimes.com/sports/international-sports/joaquin-buckley-dares-khamzat-chimaev-to-avoid-wrestling-with-a-whopping-50000-challenge/articleshow/125948358.cms: HTTPConnectionPool(host='localhost', port=53875): Read timed out. (read timeout=120)
2025-12-13 12:46:34,422 - ERROR - [Times of India] All scrape strategies failed for https://timesofindia.indiatimes.com/sports/international-sports/joaquin-buckley-dares-khamzat-chimaev-to-avoid-wrestling-with-a-whopping-50000-challenge/articleshow/125948358.cms. Falling back to RSS description.
2025-12-13 12:46:34,423 - INFO - Saved article: Joaquin Buckley dares Khamzat Chimaev to avoid wrestling with a whopping $50,000 challenge from Times of India
2025-12-13 12:46:35,810 - INFO - [Times of India] Article: https://timesofindia.indiatimes.com/world/rest-of-world/thailand-cambodia-clash-4-thai-soldiers-killed-bangkok-rejects-trump-truce-claim/articleshow/125948383.cms
2025-12-13 12:46:35,810 - INFO - [Times of India] Attempt 1/1: Trying with 'selenium_browser' strategy...
2025-12-13 12:46:51,446 - ERROR - [The Hindu] Request failed for strategy 'selenium_browser' on URL https://www.thehindu.com/news/national/karnataka/two-labourers-mowed-down-by-car-on-nice-road/article70392215.ece: HTTPConnectionPool(host='localhost', port=54647): Read timed out. (read timeout=120)
2025-12-13 12:46:51,446 - ERROR - [The Hindu] All scrape strategies failed for https://www.thehindu.com/news/national/karnataka/two-labourers-mowed-down-by-car-on-nice-road/article70392215.ece. Falling back to RSS description.
2025-12-13 12:46:51,448 - INFO - Saved article: Two labourers mowed down by car on NICE Road from The Hindu
2025-12-13 12:46:52,949 - INFO - [The Hindu] Article: https://www.thehindu.com/news/national/modi-government-master-at-renaming-schemes-congress-hits-out-at-mgnrega-name-change/article70392333.ece
2025-12-13 12:46:52,949 - INFO - [The Hindu] Attempt 1/1: Trying with 'selenium_browser' strategy...
2025-12-13 12:48:35,911 - ERROR - [Times of India] Request failed for strategy 'selenium_browser' on URL https://timesofindia.indiatimes.com/world/rest-of-world/thailand-cambodia-clash-4-thai-soldiers-killed-bangkok-rejects-trump-truce-claim/articleshow/125948383.cms: HTTPConnectionPool(host='localhost', port=53875): Read timed out. (read timeout=120)
2025-12-13 12:48:35,911 - ERROR - [Times of India] All scrape strategies failed for https://timesofindia.indiatimes.com/world/rest-of-world/thailand-cambodia-clash-4-thai-soldiers-killed-bangkok-rejects-trump-truce-claim/articleshow/125948383.cms. Falling back to RSS description.
2025-12-13 12:48:35,913 - INFO - Saved article: Thailand-Cambodia clash: 4 Thai soldiers killed; Bangkok rejects Trump truce claim from Times of India
2025-12-13 12:48:36,488 - INFO - [Times of India] Article: https://timesofindia.indiatimes.com/world/middle-east/uae-ministry-declares-midocean-university-graduates-ineligible-for-employment/articleshow/125948321.cms
2025-12-13 12:48:36,488 - INFO - [Times of India] Attempt 1/1: Trying with 'selenium_browser' strategy...
2025-12-13 12:48:52,957 - ERROR - [The Hindu] Request failed for strategy 'selenium_browser' on URL https://www.thehindu.com/news/national/modi-government-master-at-renaming-schemes-congress-hits-out-at-mgnrega-name-change/article70392333.ece: HTTPConnectionPool(host='localhost', port=54647): Read timed out. (read timeout=120)
2025-12-13 12:48:52,957 - ERROR - [The Hindu] All scrape strategies failed for https://www.thehindu.com/news/national/modi-government-master-at-renaming-schemes-congress-hits-out-at-mgnrega-name-change/article70392333.ece. Falling back to RSS description.
2025-12-13 12:48:52,959 - INFO - Saved article: Modi government 'master' at renaming schemes: Congress hits out at Centre over MGNREGA name change from The Hindu
2025-12-13 12:48:53,558 - INFO - [The Hindu] Article: https://www.thehindu.com/news/national/manipur/10-manipur-bjp-mlas-fly-to-delhi-to-meet-partys-central-leaders/article70392308.ece
2025-12-13 12:48:53,558 - INFO - [The Hindu] Attempt 1/1: Trying with 'selenium_browser' strategy...
2025-12-13 12:49:24,619 - CRITICAL - --- TIMEOUT: 2 scrape jobs did not complete in 420s. ---
2025-12-13 12:49:24,619 - ERROR - A thread has timed out and will be abandoned.
2025-12-13 12:49:24,619 - ERROR - A thread has timed out and will be abandoned.
2025-12-13 12:49:24,619 - INFO - Shutting down thread pool (wait=False)...
2025-12-13 12:49:24,619 - INFO - Scraped: 6 BBC, 8 The Guardian, 2 Timed_Out_Jobs articles. (Total saved: 14)
2025-12-13 12:49:24,619 - INFO - --- Scraping job finished ---
2025-12-13 12:49:24,619 - INFO - --- Scraper service stopped and database connection closed. ---
2025-12-13 12:49:24,619 - INFO - --- Main thread finished. Forcing process exit to kill zombie threads. ---
