2026-01-14 12:53:07,165 - INFO - Initializing database connection at: news_articles.db
2026-01-14 12:53:07,165 - INFO - --- Scraper service started (CI Mode: Run Once) ---
2026-01-14 12:53:07,165 - INFO - --- Starting new scraping job (Parallel Mode) ---
2026-01-14 12:53:07,165 - INFO - Creating new robust session with 3 retries on 5xx/connection/read errors.
2026-01-14 12:53:07,165 - INFO - Proxy is DISABLED.
2026-01-14 12:53:07,166 - INFO - Starting scrape for BBC RSS feed: http://feeds.bbci.co.uk/news/world/rss.xml
2026-01-14 12:53:07,166 - INFO - [Times of India] (Thread) requires Selenium. Initializing driver...
2026-01-14 12:53:07,166 - INFO - Initializing headless Selenium Chrome driver (using SeleniumManager)...
2026-01-14 12:53:07,166 - INFO - Starting scrape for The Guardian RSS feed: https://www.theguardian.com/world/rss
2026-01-14 12:53:07,168 - INFO - [The Hindu] (Thread) requires Selenium. Initializing driver...
2026-01-14 12:53:07,168 - INFO - Initializing headless Selenium Chrome driver (using SeleniumManager)...
2026-01-14 12:53:07,168 - INFO - Submitted 4 jobs to thread pool. Waiting up to 420s for completion...
2026-01-14 12:53:07,269 - INFO - Found 45 articles in The Guardian RSS feed. Processing up to 25.
2026-01-14 12:53:07,270 - INFO - [The Guardian] Article: https://www.theguardian.com/us-news/2026/jan/13/trump-administration-ends-tps-somalia
2026-01-14 12:53:07,270 - INFO - [The Guardian] Attempt 1/1: Trying with 'requests_browser' strategy...
2026-01-14 12:53:07,290 - INFO - Found 26 articles in BBC RSS feed. Processing up to 25.
2026-01-14 12:53:07,290 - INFO - [BBC] Article: https://www.bbc.com/news/articles/cqj2qgw8w08o?at_medium=RSS&at_campaign=rss
2026-01-14 12:53:07,290 - INFO - [BBC] Attempt 1/1: Trying with 'requests_browser' strategy...
2026-01-14 12:53:07,313 - INFO - [The Guardian] Success with 'requests_browser'. Found content (870 words).
2026-01-14 12:53:07,376 - INFO - Duplicate article skipped: Trump administration ends temporary protected status for Somalis in US | Trump administration | The Guardian from The Guardian
2026-01-14 12:53:07,515 - INFO - [BBC] Success with 'requests_browser'. Found content (1130 words).
2026-01-14 12:53:07,587 - INFO - Saved article: Trump vows 'very strong action' if Iran executes protesters from BBC
2026-01-14 12:53:08,085 - INFO - Selenium driver initialized successfully.
2026-01-14 12:53:08,086 - INFO - Starting scrape for The Hindu RSS feed: https://www.thehindu.com/news/national/feeder/default.rss
2026-01-14 12:53:08,088 - INFO - Selenium driver initialized successfully.
2026-01-14 12:53:08,088 - INFO - Starting scrape for Times of India RSS feed: https://timesofindia.indiatimes.com/rssfeeds/296589292.cms
2026-01-14 12:53:08,180 - INFO - Found 100 articles in The Hindu RSS feed. Processing up to 25.
2026-01-14 12:53:08,180 - INFO - [The Hindu] Article: https://www.thehindu.com/news/national/telangana/centre-to-release-first-instalment-of-260-cr-to-telangana-gram-panchayats-union-minister-kishan-reddy/article70509405.ece
2026-01-14 12:53:08,180 - INFO - [The Hindu] Attempt 1/1: Trying with 'selenium_browser' strategy...
2026-01-14 12:53:08,215 - INFO - [BBC] Article: https://www.bbc.com/news/articles/ceqz7v1507ro?at_medium=RSS&at_campaign=rss
2026-01-14 12:53:08,215 - INFO - [BBC] Attempt 1/1: Trying with 'requests_browser' strategy...
2026-01-14 12:53:08,259 - INFO - [BBC] Success with 'requests_browser'. Found content (579 words).
2026-01-14 12:53:08,322 - INFO - Saved article: Thailand: At least 32 dead after construction crane falls on train from BBC
2026-01-14 12:53:08,431 - INFO - Found 20 articles in Times of India RSS feed. Processing up to 25.
2026-01-14 12:53:08,432 - INFO - [Times of India] Article: https://timesofindia.indiatimes.com/etimes/trending/tenerife-airport-horror-elderly-man-tries-to-board-flight-with-deceased-wife-what-really-happened/articleshow/126525161.cms
2026-01-14 12:53:08,432 - INFO - [Times of India] Attempt 1/1: Trying with 'selenium_browser' strategy...
2026-01-14 12:53:08,553 - INFO - [The Guardian] Article: https://www.theguardian.com/business/2026/jan/13/developing-countries-poorer-world-bank-report
2026-01-14 12:53:08,553 - INFO - [The Guardian] Attempt 1/1: Trying with 'requests_browser' strategy...
2026-01-14 12:53:08,601 - INFO - [The Guardian] Success with 'requests_browser'. Found content (654 words).
2026-01-14 12:53:08,690 - INFO - Duplicate article skipped: Quarter of developing countries poorer than in 2019, World Bank finds | World Bank | The Guardian from The Guardian
2026-01-14 12:53:09,560 - INFO - [BBC] Article: https://www.bbc.com/news/articles/cpqyn58v0dxo?at_medium=RSS&at_campaign=rss
2026-01-14 12:53:09,560 - INFO - [BBC] Attempt 1/1: Trying with 'requests_browser' strategy...
2026-01-14 12:53:09,634 - INFO - [BBC] Success with 'requests_browser'. Found content (1848 words).
2026-01-14 12:53:09,717 - INFO - Saved article: Greenland summit at White House could shape future of the Arctic from BBC
2026-01-14 12:53:09,793 - INFO - [The Guardian] Article: https://www.theguardian.com/books/2026/jan/12/chimamanda-ngozi-adichie-accuses-lagos-hospital-negligence-son-death
2026-01-14 12:53:09,793 - INFO - [The Guardian] Attempt 1/1: Trying with 'requests_browser' strategy...
2026-01-14 12:53:09,827 - INFO - [The Guardian] Success with 'requests_browser'. Found content (537 words).
2026-01-14 12:53:09,892 - INFO - Duplicate article skipped: Author Chimamanda Ngozi Adichie accuses Lagos hospital of negligence after son’s death | Chimamanda Ngozi Adichie | The Guardian from The Guardian
2026-01-14 12:53:10,742 - INFO - [The Guardian] Article: https://www.theguardian.com/global-development/2026/jan/09/the-gambia-female-genital-mutilation-fgm-supreme-court-case-overturn-ban
2026-01-14 12:53:10,742 - INFO - [The Guardian] Attempt 1/1: Trying with 'requests_browser' strategy...
2026-01-14 12:53:10,799 - INFO - [The Guardian] Success with 'requests_browser'. Found content (850 words).
2026-01-14 12:53:10,939 - INFO - Duplicate article skipped: Attempt to overturn the Gambia’s ban on FGM heard by supreme court | Global development | The Guardian from The Guardian
2026-01-14 12:53:11,180 - INFO - [BBC] Article: https://www.bbc.com/news/articles/c9wx1v84rzyo?at_medium=RSS&at_campaign=rss
2026-01-14 12:53:11,180 - INFO - [BBC] Attempt 1/1: Trying with 'requests_browser' strategy...
2026-01-14 12:53:11,301 - INFO - [BBC] Success with 'requests_browser'. Found content (558 words).
2026-01-14 12:53:11,432 - INFO - Saved article: China announces record trade surplus despite Trump tariffs from BBC
2026-01-14 12:53:11,622 - INFO - [The Guardian] Article: https://www.theguardian.com/world/2026/jan/08/questions-targeting-impact-us-airstrikes-in-nigeria
2026-01-14 12:53:11,622 - INFO - [The Guardian] Attempt 1/1: Trying with 'requests_browser' strategy...
2026-01-14 12:53:11,808 - INFO - [The Guardian] Success with 'requests_browser'. Found content (795 words).
2026-01-14 12:53:12,142 - INFO - Duplicate article skipped: Two weeks on, questions linger over targeting and impact of US airstrikes in Nigeria | Nigeria | The Guardian from The Guardian
2026-01-14 12:53:12,513 - INFO - [BBC] Article: https://www.bbc.com/news/articles/c041de5gn02o?at_medium=RSS&at_campaign=rss
2026-01-14 12:53:12,514 - INFO - [BBC] Attempt 1/1: Trying with 'requests_browser' strategy...
2026-01-14 12:53:12,713 - INFO - [The Hindu] Page content loaded.
2026-01-14 12:53:12,760 - INFO - [BBC] Success with 'requests_browser'. Found content (582 words).
2026-01-14 12:53:12,797 - INFO - [The Guardian] Article: https://www.theguardian.com/environment/2026/jan/12/us-plan-to-exploit-venezuelas-oil-could-eat-up-13-of-carbon-budget-to-keep-15c-limit
2026-01-14 12:53:12,797 - INFO - [The Guardian] Attempt 1/1: Trying with 'requests_browser' strategy...
2026-01-14 12:53:13,160 - INFO - Saved article: Only Donald Trump can stop Vladimir Putin, Polish president tells BBC from BBC
2026-01-14 12:53:13,170 - INFO - [The Guardian] Success with 'requests_browser'. Found content (579 words).
2026-01-14 12:53:13,195 - INFO - [The Hindu] Success with 'selenium_browser'. Found content (271 words).
2026-01-14 12:53:13,433 - INFO - Duplicate article skipped: US plan to exploit Venezuela’s oil could eat up 13% of carbon budget to keep 1.5C limit | Climate crisis | The Guardian from The Guardian
2026-01-14 12:53:13,483 - INFO - Saved article: Centre to release first instalment of ₹260 cr to Telangana Gram Panchayats: Union Minister Kishan Reddy - The Hindu from The Hindu
2026-01-14 12:53:14,004 - INFO - [The Hindu] Article: https://www.thehindu.com/news/national/maharashtra/maharashtra-civic-pollsmahayuti-maha-vikas-agadhi-alliances-contests/article70504699.ece
2026-01-14 12:53:14,004 - INFO - [The Hindu] Attempt 1/1: Trying with 'selenium_browser' strategy...
2026-01-14 12:53:14,187 - INFO - [The Guardian] Article: https://www.theguardian.com/world/2026/jan/12/trump-latin-america-feud-colombia-gustavo-petro
2026-01-14 12:53:14,187 - INFO - [The Guardian] Attempt 1/1: Trying with 'requests_browser' strategy...
2026-01-14 12:53:14,211 - INFO - [BBC] Article: https://www.bbc.com/news/articles/c62vd7542rno?at_medium=RSS&at_campaign=rss
2026-01-14 12:53:14,211 - INFO - [BBC] Attempt 1/1: Trying with 'requests_browser' strategy...
2026-01-14 12:53:14,457 - INFO - [The Guardian] Success with 'requests_browser'. Found content (1373 words).
2026-01-14 12:53:14,556 - INFO - [BBC] Success with 'requests_browser'. Found content (575 words).
2026-01-14 12:53:14,799 - INFO - Duplicate article skipped: Trump’s other Latin American feud: why Colombia’s Petro is not Maduro | Colombia | The Guardian from The Guardian
2026-01-14 12:53:14,857 - INFO - Saved article: Uganda election 2026: Poll chief says he has been threatened over results declaration from BBC
2026-01-14 12:53:15,914 - INFO - [BBC] Article: https://www.bbc.com/sport/tennis/articles/cpdy1yzyjvlo?at_medium=RSS&at_campaign=rss
2026-01-14 12:53:15,914 - INFO - [BBC] Attempt 1/1: Trying with 'requests_browser' strategy...
2026-01-14 12:53:16,049 - INFO - [The Guardian] Article: https://www.theguardian.com/us-news/2026/jan/12/us-oil-producers-global-supply-glut-venezuela
2026-01-14 12:53:16,049 - INFO - [The Guardian] Attempt 1/1: Trying with 'requests_browser' strategy...
2026-01-14 12:53:16,064 - INFO - [BBC] Success with 'requests_browser'. Found content (389 words).
2026-01-14 12:53:16,297 - INFO - [The Guardian] Success with 'requests_browser'. Found content (884 words).
2026-01-14 12:53:16,352 - INFO - Saved article: Australian Open 2026: Sebastian Ofner celebrates early before losing to Nishesh Basavareddy in qualifying - BBC Sport from BBC
2026-01-14 12:53:16,499 - INFO - Duplicate article skipped: US frackers were already facing a global oil supply glut. Trump’s Venezuelan dream could make it worse | US news | The Guardian from The Guardian
2026-01-14 12:53:17,274 - INFO - [The Guardian] Article: https://www.theguardian.com/world/2026/jan/12/carney-heads-to-beijing-as-trump-america-first-agenda-forces-canada-into-trade-rethink
2026-01-14 12:53:17,275 - INFO - [The Guardian] Attempt 1/1: Trying with 'requests_browser' strategy...
2026-01-14 12:53:17,403 - INFO - [The Guardian] Success with 'requests_browser'. Found content (1253 words).
2026-01-14 12:53:17,505 - INFO - [BBC] Article: https://www.bbc.com/news/articles/c5y47pyp906o?at_medium=RSS&at_campaign=rss
2026-01-14 12:53:17,505 - INFO - [BBC] Attempt 1/1: Trying with 'requests_browser' strategy...
2026-01-14 12:53:17,598 - INFO - Duplicate article skipped: Carney heads to Beijing as Trump’s America First agenda forces Canada into trade rethink | Canada | The Guardian from The Guardian
2026-01-14 12:53:17,640 - INFO - [BBC] Success with 'requests_browser'. Found content (560 words).
2026-01-14 12:53:17,811 - INFO - Saved article: LA 2028 Olympics to open ticket raffle - with seats starting at $28 from BBC
2026-01-14 12:53:18,288 - INFO - [The Hindu] Page content loaded.
2026-01-14 12:53:18,394 - INFO - [The Guardian] Article: https://www.theguardian.com/us-news/2026/jan/12/donald-trump-threatens-block-exxonmobil-venezuela
2026-01-14 12:53:18,395 - INFO - [The Guardian] Attempt 1/1: Trying with 'requests_browser' strategy...
2026-01-14 12:53:18,445 - INFO - [The Guardian] Success with 'requests_browser'. Found content (472 words).
2026-01-14 12:53:18,604 - INFO - Duplicate article skipped: Trump threatens to block ExxonMobil from Venezuela after CEO calls country ‘uninvestable’ | Trump administration | The Guardian from The Guardian
2026-01-14 12:53:19,209 - INFO - [The Guardian] Article: https://www.theguardian.com/world/2026/jan/14/thailand-train-crane-accident-deaths
2026-01-14 12:53:19,209 - INFO - [The Guardian] Attempt 1/1: Trying with 'requests_browser' strategy...
2026-01-14 12:53:19,307 - INFO - [BBC] Article: https://www.bbc.com/news/articles/cx2wle7028ko?at_medium=RSS&at_campaign=rss
2026-01-14 12:53:19,307 - INFO - [BBC] Attempt 1/1: Trying with 'requests_browser' strategy...
2026-01-14 12:53:19,312 - INFO - [The Guardian] Success with 'requests_browser'. Found content (403 words).
2026-01-14 12:53:19,430 - INFO - Saved article: At least 22 killed as crane collapses on train in Thailand | Thailand | The Guardian from The Guardian
2026-01-14 12:53:19,434 - INFO - [BBC] Success with 'requests_browser'. Found content (243 words).
2026-01-14 12:53:19,589 - INFO - Saved article: Russian doctors arrested over 9 babies die in maternity hospital from BBC
2026-01-14 12:53:19,628 - INFO - [The Hindu] Success with 'selenium_browser'. Found content (1400 words).
2026-01-14 12:53:19,835 - INFO - Saved article: Maharashtra civic polls: Fight between many avatars of Mahayuti and Maha Vikas Aghadi - The Hindu from The Hindu
2026-01-14 12:53:20,228 - INFO - [BBC] Article: https://www.bbc.com/news/articles/c0lx49z8ly6o?at_medium=RSS&at_campaign=rss
2026-01-14 12:53:20,228 - INFO - [BBC] Attempt 1/1: Trying with 'requests_browser' strategy...
2026-01-14 12:53:20,277 - INFO - [BBC] Success with 'requests_browser'. Found content (694 words).
2026-01-14 12:53:20,327 - INFO - Saved article: K-pop drum duet caps off Japan and South Korea's diplomatic meeting from BBC
2026-01-14 12:53:20,570 - INFO - [The Hindu] Article: https://www.thehindu.com/news/national/tamil-nadu/girls-in-north-india-told-to-stay-in-kitchen-bear-children-dmk-mp-dayanidhi-maran/article70509435.ece
2026-01-14 12:53:20,570 - INFO - [The Hindu] Attempt 1/1: Trying with 'selenium_browser' strategy...
2026-01-14 12:53:20,847 - INFO - [The Guardian] Article: https://www.theguardian.com/world/2026/jan/13/south-korean-prosecutors-demand-death-penalty-for-former-president-yoon-suk-yeol
2026-01-14 12:53:20,847 - INFO - [The Guardian] Attempt 1/1: Trying with 'requests_browser' strategy...
2026-01-14 12:53:20,930 - INFO - [The Guardian] Success with 'requests_browser'. Found content (656 words).
2026-01-14 12:53:21,009 - INFO - Duplicate article skipped: South Korean prosecutors demand death penalty for former president Yoon Suk Yeol | South Korea | The Guardian from The Guardian
2026-01-14 12:53:21,517 - INFO - [BBC] Article: https://www.bbc.com/news/articles/cqj2qg70px9o?at_medium=RSS&at_campaign=rss
2026-01-14 12:53:21,518 - INFO - [BBC] Attempt 1/1: Trying with 'requests_browser' strategy...
2026-01-14 12:53:21,584 - INFO - [BBC] Success with 'requests_browser'. Found content (702 words).
2026-01-14 12:53:21,647 - INFO - Saved article: Trump administration says Venezuela has released jailed US citizens from BBC
2026-01-14 12:53:21,735 - INFO - [The Hindu] Page content loaded.
2026-01-14 12:53:21,901 - INFO - [The Hindu] Success with 'selenium_browser'. Found content (226 words).
2026-01-14 12:53:21,970 - INFO - Saved article: Girls in North India told to stay in kitchen, bear children: DMK MP Dayanidhi Maran - The Hindu from The Hindu
2026-01-14 12:53:22,336 - INFO - [The Guardian] Article: https://www.theguardian.com/music/2026/jan/14/bts-announces-return-with-new-world-tourm-includin-in-2026-and-2027
2026-01-14 12:53:22,336 - INFO - [The Guardian] Attempt 1/1: Trying with 'requests_browser' strategy...
2026-01-14 12:53:22,362 - INFO - [The Guardian] Success with 'requests_browser'. Found content (445 words).
2026-01-14 12:53:22,400 - INFO - Duplicate article skipped: BTS announces return with new world tour in 2026 and 2027 | BTS | The Guardian from The Guardian
2026-01-14 12:53:22,542 - INFO - [BBC] Article: https://www.bbc.com/news/articles/c1dknn00v3eo?at_medium=RSS&at_campaign=rss
2026-01-14 12:53:22,542 - INFO - [BBC] Attempt 1/1: Trying with 'requests_browser' strategy...
2026-01-14 12:53:22,652 - INFO - [BBC] Success with 'requests_browser'. Found content (349 words).
2026-01-14 12:53:22,711 - INFO - [The Hindu] Article: https://www.thehindu.com/news/cities/Delhi/after-sc-relief-to-others-another-delhi-riots-accused-files-bail-plea-in-city-court-seeking-parity/article70509401.ece
2026-01-14 12:53:22,711 - INFO - [The Hindu] Attempt 1/1: Trying with 'selenium_browser' strategy...
2026-01-14 12:53:22,758 - INFO - Saved article: Claudette Colvin, US civil rights pioneer, dies at 86 from BBC
2026-01-14 12:53:23,028 - INFO - [The Guardian] Article: https://www.theguardian.com/world/2026/jan/13/workers-at-chinese-factory-that-produces-labubu-toys-are-being-exploited-says-ngo
2026-01-14 12:53:23,033 - INFO - [The Guardian] Attempt 1/1: Trying with 'requests_browser' strategy...
2026-01-14 12:53:23,128 - INFO - [The Guardian] Success with 'requests_browser'. Found content (870 words).
2026-01-14 12:53:23,213 - INFO - Duplicate article skipped: Workers at Chinese factory that produces Labubu toys are being exploited, says NGO | China | The Guardian from The Guardian
2026-01-14 12:53:23,463 - INFO - [BBC] Article: https://www.bbc.com/news/articles/c5y5p9rzd4ko?at_medium=RSS&at_campaign=rss
2026-01-14 12:53:23,463 - INFO - [BBC] Attempt 1/1: Trying with 'requests_browser' strategy...
2026-01-14 12:53:23,630 - INFO - [BBC] Success with 'requests_browser'. Found content (779 words).
2026-01-14 12:53:23,705 - INFO - Saved article: Global temperatures dip in 2025 but more heat records on way, scientists warn from BBC
2026-01-14 12:53:24,065 - INFO - [The Hindu] Page content loaded.
2026-01-14 12:53:24,150 - INFO - [The Hindu] Success with 'selenium_browser'. Found content (433 words).
2026-01-14 12:53:24,254 - INFO - Saved article: After SC relief to others, another Delhi riots accused files bail plea in city court seeking parity - The Hindu from The Hindu
2026-01-14 12:53:24,365 - INFO - [The Guardian] Article: https://www.theguardian.com/world/2026/jan/13/china-europe-pressure-block-taiwanese-politicians-visas
2026-01-14 12:53:24,366 - INFO - [The Guardian] Attempt 1/1: Trying with 'requests_browser' strategy...
2026-01-14 12:53:24,411 - INFO - [The Guardian] Success with 'requests_browser'. Found content (881 words).
2026-01-14 12:53:24,474 - INFO - Duplicate article skipped: China pressing European countries to bar Taiwan politicians or face crossing a ‘red line’ | Taiwan | The Guardian from The Guardian
2026-01-14 12:53:25,008 - INFO - [BBC] Article: https://www.bbc.com/news/articles/cql40ze5pkpo?at_medium=RSS&at_campaign=rss
2026-01-14 12:53:25,008 - INFO - [BBC] Attempt 1/1: Trying with 'requests_browser' strategy...
2026-01-14 12:53:25,113 - INFO - [BBC] Success with 'requests_browser'. Found content (209 words).
2026-01-14 12:53:25,270 - INFO - Saved article: Actor Kiefer Sutherland arrested over alleged assault of ride-share driver from BBC
2026-01-14 12:53:25,608 - INFO - [The Hindu] Article: https://www.thehindu.com/news/national/uttar-pradesh/protest-erupts-against-demolition-drive-at-manikarnika-ghat-in-varanasi/article70509398.ece
2026-01-14 12:53:25,608 - INFO - [The Hindu] Attempt 1/1: Trying with 'selenium_browser' strategy...
2026-01-14 12:53:25,837 - INFO - [The Guardian] Article: https://www.theguardian.com/australia-news/2026/jan/14/randa-abdel-fattah-defamation-concerns-notice-peter-malinauskas-sa-premier
2026-01-14 12:53:25,837 - INFO - [The Guardian] Attempt 1/1: Trying with 'requests_browser' strategy...
2026-01-14 12:53:25,892 - INFO - [The Guardian] Success with 'requests_browser'. Found content (563 words).
2026-01-14 12:53:26,019 - INFO - Saved article: Randa Abdel-Fattah threatens defamation action against South Australian premier Peter Malinauskas | Peter Malinauskas | The Guardian from The Guardian
2026-01-14 12:53:26,362 - INFO - [BBC] Article: https://www.bbc.com/news/articles/cg4erx1n04lo?at_medium=RSS&at_campaign=rss
2026-01-14 12:53:26,362 - INFO - [BBC] Attempt 1/1: Trying with 'requests_browser' strategy...
2026-01-14 12:53:26,407 - INFO - [BBC] Success with 'requests_browser'. Found content (496 words).
2026-01-14 12:53:26,547 - INFO - Saved article: US approves sale of Nvidia's advanced H200 chips to China from BBC
2026-01-14 12:53:26,640 - INFO - [The Hindu] Page content loaded.
2026-01-14 12:53:26,752 - INFO - [The Hindu] Success with 'selenium_browser'. Found content (308 words).
2026-01-14 12:53:26,850 - INFO - Saved article: Protest erupts against demolition drive at Manikarnika Ghat in Varanasi - The Hindu from The Hindu
2026-01-14 12:53:27,142 - INFO - [The Guardian] Article: https://www.theguardian.com/australia-news/2026/jan/14/senior-liberals-urge-colleagues-to-vote-against-labors-hate-speech-and-gun-laws-in-wake-of-bondi-terror-attack-ntwnfb
2026-01-14 12:53:27,142 - INFO - [The Guardian] Attempt 1/1: Trying with 'requests_browser' strategy...
2026-01-14 12:53:27,190 - INFO - [The Guardian] Success with 'requests_browser'. Found content (769 words).
2026-01-14 12:53:27,290 - INFO - Saved article: Coalition set to vote against Labor’s hate speech and gun laws in wake of Bondi terror attack | Bondi beach terror attack | The Guardian from The Guardian
2026-01-14 12:53:28,030 - INFO - [BBC] Article: https://www.bbc.com/news/articles/c07xdv0mggzo?at_medium=RSS&at_campaign=rss
2026-01-14 12:53:28,031 - INFO - [BBC] Attempt 1/1: Trying with 'requests_browser' strategy...
2026-01-14 12:53:28,143 - INFO - [BBC] Success with 'requests_browser'. Found content (428 words).
2026-01-14 12:53:28,221 - INFO - [The Hindu] Article: https://www.thehindu.com/news/national/supreme-court-to-hear-on-jan-15-eds-case-for-probe-into-obstruction-of-i-pac-raids-by-west-bengal-cm/article70509309.ece
2026-01-14 12:53:28,221 - INFO - [The Hindu] Attempt 1/1: Trying with 'selenium_browser' strategy...
2026-01-14 12:53:28,310 - INFO - Saved article: South Korea: How a chewy cookie inspired by Dubai chocolate has taken over the nation from BBC
2026-01-14 12:53:28,431 - INFO - [The Guardian] Article: https://www.theguardian.com/australia-news/2026/jan/14/australia-exposed-iranian-asylum-seeker-to-torture-on-manus-un-says
2026-01-14 12:53:28,431 - INFO - [The Guardian] Attempt 1/1: Trying with 'requests_browser' strategy...
2026-01-14 12:53:28,567 - INFO - [The Guardian] Success with 'requests_browser'. Found content (563 words).
2026-01-14 12:53:28,821 - INFO - Saved article: Australia exposed Iranian asylum seeker to torture on Manus, UN says | Australian immigration and asylum | The Guardian from The Guardian
2026-01-14 12:53:29,004 - INFO - [BBC] Article: https://www.bbc.com/news/articles/cgm4w1g3dggo?at_medium=RSS&at_campaign=rss
2026-01-14 12:53:29,004 - INFO - [BBC] Attempt 1/1: Trying with 'requests_browser' strategy...
2026-01-14 12:53:29,208 - INFO - [BBC] Success with 'requests_browser'. Found content (1284 words).
2026-01-14 12:53:29,470 - INFO - Saved article: No power or water and -19C: Kyiv seeks relief from Russian strikes and cold from BBC
2026-01-14 12:53:29,632 - INFO - [The Guardian] Article: https://www.theguardian.com/media/2026/jan/14/wes-streeting-asks-expert-jonathan-haidt-address-officials-social-media-ban-for-under-16s
2026-01-14 12:53:29,636 - INFO - [The Guardian] Attempt 1/1: Trying with 'requests_browser' strategy...
2026-01-14 12:53:29,689 - INFO - [The Guardian] Success with 'requests_browser'. Found content (720 words).
2026-01-14 12:53:29,777 - INFO - Saved article: Wes Streeting asks US expert Jonathan Haidt to address officials on social media ban for under-16s | Social media | The Guardian from The Guardian
2026-01-14 12:53:30,011 - INFO - [BBC] Article: https://www.bbc.com/news/articles/cedwgn4pqv4o?at_medium=RSS&at_campaign=rss
2026-01-14 12:53:30,011 - INFO - [BBC] Attempt 1/1: Trying with 'requests_browser' strategy...
2026-01-14 12:53:30,117 - INFO - [BBC] Success with 'requests_browser'. Found content (1064 words).
2026-01-14 12:53:30,247 - INFO - Duplicate article skipped: Jeremy Bowen: Authoritarian regimes die gradually then suddenly, but Iran is not there yet from BBC
2026-01-14 12:53:30,571 - INFO - [The Guardian] Article: https://www.theguardian.com/australia-news/2026/jan/14/craig-silveys-books-pulled-from-wa-and-victoria-curricula-after-child-exploitation-material-charges-ntwnfb
2026-01-14 12:53:30,571 - INFO - [The Guardian] Attempt 1/1: Trying with 'requests_browser' strategy...
2026-01-14 12:53:30,694 - INFO - [The Guardian] Success with 'requests_browser'. Found content (931 words).
2026-01-14 12:53:30,820 - INFO - Saved article: Craig Silvey’s books pulled from WA and Victoria curriculums after child exploitation material charges | Western Australia | The Guardian from The Guardian
2026-01-14 12:53:31,016 - INFO - [BBC] Article: https://www.bbc.com/news/articles/c98pj370mjjo?at_medium=RSS&at_campaign=rss
2026-01-14 12:53:31,016 - INFO - [BBC] Attempt 1/1: Trying with 'requests_browser' strategy...
2026-01-14 12:53:31,095 - INFO - [BBC] Success with 'requests_browser'. Found content (895 words).
2026-01-14 12:53:31,165 - INFO - Saved article: Canada’s Mark Carney faces delicate balancing act in China visit from BBC
2026-01-14 12:53:31,752 - INFO - [The Hindu] Page content loaded.
2026-01-14 12:53:31,797 - INFO - [The Guardian] Article: https://www.theguardian.com/world/2026/jan/14/julio-iglesias-allegations-female-staff-sexual-health-tests
2026-01-14 12:53:31,797 - INFO - [The Guardian] Attempt 1/1: Trying with 'requests_browser' strategy...
2026-01-14 12:53:31,839 - INFO - [The Hindu] Success with 'selenium_browser'. Found content (406 words).
2026-01-14 12:53:31,973 - INFO - Saved article: Supreme Court to hear on January 15 ED's case for probe into ‘obstruction’ of I-PAC raids by West Bengal CM - The Hindu from The Hindu
2026-01-14 12:53:31,981 - INFO - [The Guardian] Success with 'requests_browser'. Found content (685 words).
2026-01-14 12:53:32,042 - INFO - Saved article: Julio Iglesias faces claims female staff were told to have sexual health tests, say reports | Spain | The Guardian from The Guardian
2026-01-14 12:53:32,578 - INFO - [BBC] Article: https://www.bbc.com/news/articles/cj0nm44g361o?at_medium=RSS&at_campaign=rss
2026-01-14 12:53:32,578 - INFO - [BBC] Attempt 1/1: Trying with 'requests_browser' strategy...
2026-01-14 12:53:32,737 - INFO - [BBC] Success with 'requests_browser'. Found content (531 words).
2026-01-14 12:53:32,895 - INFO - Saved article: Yennayer: North Africa's Amazigh people ring in the year 2976 from BBC
2026-01-14 12:53:33,150 - INFO - [The Guardian] Article: https://www.theguardian.com/world/live/2026/jan/14/denmark-greenland-us-latest-news-updates-europe-live-trump
2026-01-14 12:53:33,150 - INFO - [The Guardian] Attempt 1/1: Trying with 'requests_browser' strategy...
2026-01-14 12:53:33,377 - INFO - [The Guardian] Success with 'requests_browser'. Found content (1759 words).
2026-01-14 12:53:33,415 - INFO - [The Hindu] Article: https://www.thehindu.com/news/national/kerala/k/article70509216.ece
2026-01-14 12:53:33,415 - INFO - [The Hindu] Attempt 1/1: Trying with 'selenium_browser' strategy...
2026-01-14 12:53:33,462 - INFO - Saved article: Anything less than US control of Greenland is ‘unacceptable,’ Trump says ahead of talks – Europe live | Europe | The Guardian from The Guardian
2026-01-14 12:53:33,919 - INFO - [BBC] Article: https://www.bbc.com/news/articles/cy05p07pwd2o?at_medium=RSS&at_campaign=rss
2026-01-14 12:53:33,919 - INFO - [BBC] Attempt 1/1: Trying with 'requests_browser' strategy...
2026-01-14 12:53:33,958 - INFO - [BBC] Success with 'requests_browser'. Found content (1257 words).
2026-01-14 12:53:34,214 - INFO - Saved article: India youth offenders: Juvenile justice system letting them down, say experts from BBC
2026-01-14 12:53:34,363 - INFO - [The Hindu] Page content loaded.
2026-01-14 12:53:34,523 - INFO - [The Hindu] Success with 'selenium_browser'. Found content (469 words).
2026-01-14 12:53:34,666 - INFO - [The Guardian] Article: https://www.theguardian.com/politics/2026/jan/13/dealing-with-post-brexit-paperwork-pure-hell-shipping-head-tells-mps
2026-01-14 12:53:34,666 - INFO - [The Guardian] Attempt 1/1: Trying with 'requests_browser' strategy...
2026-01-14 12:53:34,703 - INFO - [The Guardian] Success with 'requests_browser'. Found content (435 words).
2026-01-14 12:53:34,739 - INFO - [BBC] Article: https://www.bbc.com/news/videos/c4g0d892p7go?at_medium=RSS&at_campaign=rss
2026-01-14 12:53:34,739 - INFO - [BBC] Attempt 1/1: Trying with 'requests_browser' strategy...
2026-01-14 12:53:34,816 - INFO - Saved article: Fourteen Bills passed by Kerala Assembly awaiting assent, says Speaker A.N. Shamseer - The Hindu from The Hindu
2026-01-14 12:53:34,816 - INFO - Duplicate article skipped: ‘I’ve had vets chasing lorries down the motorway’: The ‘hell’ of post-Brexit paperwork | Brexit | The Guardian from The Guardian
2026-01-14 12:53:34,826 - WARNING - [BBC] FAILED with 'requests_browser' (content was too short: 68 words).
2026-01-14 12:53:34,826 - ERROR - [BBC] All scrape strategies failed for https://www.bbc.com/news/videos/c4g0d892p7go?at_medium=RSS&at_campaign=rss. Falling back to RSS description.
2026-01-14 12:53:34,828 - INFO - Saved article: Trump vows 'very strong action' if Iran executes protesters from BBC
2026-01-14 12:53:35,422 - INFO - [BBC] Article: https://www.bbc.com/news/videos/cr57v8y9r77o?at_medium=RSS&at_campaign=rss
2026-01-14 12:53:35,423 - INFO - [BBC] Attempt 1/1: Trying with 'requests_browser' strategy...
2026-01-14 12:53:35,600 - INFO - [BBC] Success with 'requests_browser'. Found content (116 words).
2026-01-14 12:53:35,654 - INFO - Saved article: What message do Greenlanders have for Trump? from BBC
2026-01-14 12:53:35,789 - INFO - [The Guardian] Article: https://www.theguardian.com/media/2026/jan/13/peaky-blinders-makers-banijay-merger-talks-traitors-producers-all3media
2026-01-14 12:53:35,789 - INFO - [The Guardian] Attempt 1/1: Trying with 'requests_browser' strategy...
2026-01-14 12:53:35,818 - INFO - [The Guardian] Success with 'requests_browser'. Found content (504 words).
2026-01-14 12:53:35,867 - INFO - Duplicate article skipped: Maker of Peaky Blinders ‘in advanced talks’ to merge with The Traitors producer | Television industry | The Guardian from The Guardian
2026-01-14 12:53:36,277 - INFO - [The Hindu] Article: https://www.thehindu.com/news/national/rahul-gandhi-textbook-example-of-separatism-in-indian-politics-bjp/article70509347.ece
2026-01-14 12:53:36,277 - INFO - [The Hindu] Attempt 1/1: Trying with 'selenium_browser' strategy...
2026-01-14 12:53:36,969 - INFO - [BBC] Article: https://www.bbc.com/news/videos/c87r3122v02o?at_medium=RSS&at_campaign=rss
2026-01-14 12:53:36,969 - INFO - [BBC] Attempt 1/1: Trying with 'requests_browser' strategy...
2026-01-14 12:53:37,041 - WARNING - [BBC] FAILED with 'requests_browser' (content was too short: 77 words).
2026-01-14 12:53:37,042 - ERROR - [BBC] All scrape strategies failed for https://www.bbc.com/news/videos/c87r3122v02o?at_medium=RSS&at_campaign=rss. Falling back to RSS description.
2026-01-14 12:53:37,045 - INFO - Saved article: 'Now there's the threat of executions' in Iran from BBC
2026-01-14 12:53:37,063 - INFO - [The Hindu] Page content loaded.
2026-01-14 12:53:37,131 - INFO - [The Hindu] Success with 'selenium_browser'. Found content (273 words).
2026-01-14 12:53:37,200 - INFO - Saved article: Rahul Gandhi ‘textbook example’ of separatism in Indian politics: BJP - The Hindu from The Hindu
2026-01-14 12:53:37,249 - INFO - [The Guardian] Article: https://www.theguardian.com/world/live/2026/jan/13/zelenskyy-ukraine-russia-strikes-drones-energy-europe-live
2026-01-14 12:53:37,249 - INFO - [The Guardian] Attempt 1/1: Trying with 'requests_browser' strategy...
2026-01-14 12:53:37,376 - INFO - [The Guardian] Success with 'requests_browser'. Found content (1965 words).
2026-01-14 12:53:37,504 - INFO - Duplicate article skipped: Greenland’s PM says territory ‘chooses Denmark over the US’ ahead of talks with JD Vance – as it happened | Ukraine | The Guardian from The Guardian
2026-01-14 12:53:37,684 - INFO - [BBC] Article: https://www.bbc.com/news/videos/c2e134xz2rjo?at_medium=RSS&at_campaign=rss
2026-01-14 12:53:37,684 - INFO - [BBC] Attempt 1/1: Trying with 'requests_browser' strategy...
2026-01-14 12:53:37,957 - WARNING - [BBC] FAILED with 'requests_browser' (content was too short: 79 words).
2026-01-14 12:53:37,957 - ERROR - [BBC] All scrape strategies failed for https://www.bbc.com/news/videos/c2e134xz2rjo?at_medium=RSS&at_campaign=rss. Falling back to RSS description.
2026-01-14 12:53:37,962 - INFO - Saved article: Mortuary videos show how deadly Iran crackdown has become from BBC
2026-01-14 12:53:38,286 - INFO - [The Hindu] Article: https://www.thehindu.com/news/national/karnataka/bjp-mlc-alleges-karnataka-government-hiding-contents-of-dcunha-report-on-bengaluru-stampede-to-save-face/article70509158.ece
2026-01-14 12:53:38,286 - INFO - [The Hindu] Attempt 1/1: Trying with 'selenium_browser' strategy...
2026-01-14 12:53:39,106 - INFO - [The Hindu] Page content loaded.
2026-01-14 12:53:39,156 - INFO - [The Hindu] Success with 'selenium_browser'. Found content (300 words).
2026-01-14 12:53:39,236 - INFO - Saved article: BJP MLC alleges Karnataka govt hiding contents of D’Cunha report on Bengaluru stampede to save face - The Hindu from The Hindu
2026-01-14 12:53:40,605 - INFO - [The Hindu] Article: https://www.thehindu.com/society/femella-foundation-to-stage-a-play-to-launch-its-new-initiative-against-domestic-violence/article70504974.ece
2026-01-14 12:53:40,605 - INFO - [The Hindu] Attempt 1/1: Trying with 'selenium_browser' strategy...
2026-01-14 12:53:41,759 - INFO - [The Hindu] Page content loaded.
2026-01-14 12:53:41,928 - INFO - [The Hindu] Success with 'selenium_browser'. Found content (493 words).
2026-01-14 12:53:42,119 - INFO - Saved article: Femella Foundation to stage a play to launch its new initiative against domestic violence - The Hindu from The Hindu
2026-01-14 12:53:43,145 - INFO - [The Hindu] Article: https://www.thehindu.com/news/national/centre-issues-advisory-for-citizens-against-travel-to-iran/article70509268.ece
2026-01-14 12:53:43,145 - INFO - [The Hindu] Attempt 1/1: Trying with 'selenium_browser' strategy...
2026-01-14 12:53:43,969 - INFO - [The Hindu] Page content loaded.
2026-01-14 12:53:44,227 - INFO - [The Hindu] Success with 'selenium_browser'. Found content (470 words).
2026-01-14 12:53:44,325 - INFO - Saved article: Avoid travelling to Iran: India issues fresh advisory - The Hindu from The Hindu
2026-01-14 12:53:45,288 - INFO - [The Hindu] Article: https://www.thehindu.com/news/national/tamil-nadu/tn-cm-stalin-participates-in-pongal-celebrations-at-secretariat/article70509120.ece
2026-01-14 12:53:45,288 - INFO - [The Hindu] Attempt 1/1: Trying with 'selenium_browser' strategy...
2026-01-14 12:53:46,126 - INFO - [The Hindu] Page content loaded.
2026-01-14 12:53:46,228 - INFO - [The Hindu] Success with 'selenium_browser'. Found content (248 words).
2026-01-14 12:53:46,345 - INFO - Saved article: T.N. CM Stalin participates in Pongal celebrations at Secretariat - The Hindu from The Hindu
2026-01-14 12:53:47,497 - INFO - [The Hindu] Article: https://www.thehindu.com/news/cities/Hyderabad/telangana-police-detain-three-ntv-journalists-over-controversial-programme/article70509166.ece
2026-01-14 12:53:47,498 - INFO - [The Hindu] Attempt 1/1: Trying with 'selenium_browser' strategy...
2026-01-14 12:53:48,351 - INFO - [The Hindu] Page content loaded.
2026-01-14 12:53:48,471 - INFO - [The Hindu] Success with 'selenium_browser'. Found content (214 words).
2026-01-14 12:53:48,547 - INFO - Saved article: Telangana police detain three NTV journalists over controversial programme - The Hindu from The Hindu
2026-01-14 12:53:49,768 - INFO - [The Hindu] Article: https://www.thehindu.com/news/national/kerala/bose-krishnamachari-resigns-from-kochi-biennale-foundation/article70509237.ece
2026-01-14 12:53:49,768 - INFO - [The Hindu] Attempt 1/1: Trying with 'selenium_browser' strategy...
2026-01-14 12:53:50,615 - INFO - [The Hindu] Page content loaded.
2026-01-14 12:53:50,809 - INFO - [The Hindu] Success with 'selenium_browser'. Found content (167 words).
2026-01-14 12:53:50,909 - INFO - Saved article: Bose Krishnamachari resigns from Kochi Biennale Foundation - The Hindu from The Hindu
2026-01-14 12:53:52,076 - INFO - [The Hindu] Article: https://www.thehindu.com/news/national/kerala/udf-councillors-halt-railway-compound-wall-work-citing-obstruction-to-kannur-road-development/article70509098.ece
2026-01-14 12:53:52,076 - INFO - [The Hindu] Attempt 1/1: Trying with 'selenium_browser' strategy...
2026-01-14 12:53:52,895 - INFO - [The Hindu] Page content loaded.
2026-01-14 12:53:53,153 - INFO - [The Hindu] Success with 'selenium_browser'. Found content (258 words).
2026-01-14 12:53:53,237 - INFO - Saved article: UDF councillors halt railway compound wall work citing obstruction to Kannur road development - The Hindu from The Hindu
2026-01-14 12:53:54,565 - INFO - [The Hindu] Article: https://www.thehindu.com/news/cities/Hyderabad/hyderabad-hot-air-balloon-festival-tickets-sell-out-in-minutes-more-to-be-released-on-january-14/article70508904.ece
2026-01-14 12:53:54,565 - INFO - [The Hindu] Attempt 1/1: Trying with 'selenium_browser' strategy...
2026-01-14 12:53:55,443 - INFO - [The Hindu] Page content loaded.
2026-01-14 12:53:55,520 - INFO - [The Hindu] Success with 'selenium_browser'. Found content (399 words).
2026-01-14 12:53:55,628 - INFO - Saved article: Hyderabad Hot Air Balloon festival tickets sell out in minutes; more to be released on January 14 - The Hindu from The Hindu
2026-01-14 12:53:57,105 - INFO - [The Hindu] Article: https://www.thehindu.com/news/national/punjab/centre-denied-political-clearance-for-cm-manns-proposed-visit-to-uk-israel-punjab-aap/article70509103.ece
2026-01-14 12:53:57,105 - INFO - [The Hindu] Attempt 1/1: Trying with 'selenium_browser' strategy...
2026-01-14 12:53:57,501 - WARNING - [Times of India] Page timed out (10s). No <p> tags found. Proceeding anyway.
2026-01-14 12:53:57,768 - INFO - [Times of India] Success with 'selenium_browser'. Found content (550 words).
2026-01-14 12:53:57,876 - INFO - [The Hindu] Page content loaded.
2026-01-14 12:53:57,907 - INFO - Saved article: Tenerife airport horror: Elderly man tries to board flight with deceased wife; what really happened? | - The Times of India from Times of India
2026-01-14 12:53:57,948 - INFO - [The Hindu] Success with 'selenium_browser'. Found content (266 words).
2026-01-14 12:53:58,038 - INFO - Saved article: Centre denied political clearance for CM Mann's proposed visit to U.K., Israel: Punjab AAP - The Hindu from The Hindu
2026-01-14 12:53:59,172 - INFO - [The Hindu] Article: https://www.thehindu.com/news/national/karnataka/skanjet-aviations-initiative-to-launch-regional-airline-gets-backing-from-mysore-chamber-of-commerce-and-industry/article70508651.ece
2026-01-14 12:53:59,172 - INFO - [The Hindu] Attempt 1/1: Trying with 'selenium_browser' strategy...
2026-01-14 12:53:59,375 - INFO - [Times of India] Article: https://timesofindia.indiatimes.com/world/middle-east/what-is-dubais-season-of-wulfa-sheikh-hamdan-bin-mohammed-unveils-cultural-twist-to-ramadan-and-eid-2026/articleshow/126526234.cms
2026-01-14 12:53:59,375 - INFO - [Times of India] Attempt 1/1: Trying with 'selenium_browser' strategy...
2026-01-14 12:54:00,449 - INFO - [The Hindu] Page content loaded.
2026-01-14 12:54:00,678 - INFO - [Times of India] Page content loaded.
2026-01-14 12:54:00,716 - INFO - [The Hindu] Success with 'selenium_browser'. Found content (399 words).
2026-01-14 12:54:00,865 - INFO - Saved article: Skanjet Aviation’s proposed airline gets backing from Mysore Chamber of Commerce and Industry - The Hindu from The Hindu
2026-01-14 12:54:00,952 - INFO - [Times of India] Success with 'selenium_browser'. Found content (764 words).
2026-01-14 12:54:01,267 - INFO - Saved article: What is Dubai's 'Season of Wulfa'? Sheikh Hamdan unveils cultural twist to Ramadan, Eid 2026 - The Times of India from Times of India
2026-01-14 12:54:01,493 - INFO - [The Hindu] Article: https://www.thehindu.com/news/national/mahant-narendra-giri-death-case-supreme-court-grants-bail-to-accused/article70509001.ece
2026-01-14 12:54:01,493 - INFO - [The Hindu] Attempt 1/1: Trying with 'selenium_browser' strategy...
2026-01-14 12:54:02,333 - INFO - [Times of India] Article: https://timesofindia.indiatimes.com/world/us/nato-should-be-leading-the-way-donald-trump-renews-push-to-acquire-greenland-citing-security-concerns-links-takeover-to-golden-dome-defence/articleshow/126526475.cms
2026-01-14 12:54:02,333 - INFO - [Times of India] Attempt 1/1: Trying with 'selenium_browser' strategy...
2026-01-14 12:54:03,250 - INFO - [Times of India] Page content loaded.
2026-01-14 12:54:03,290 - INFO - [The Hindu] Page content loaded.
2026-01-14 12:54:03,380 - INFO - [The Hindu] Success with 'selenium_browser'. Found content (511 words).
2026-01-14 12:54:03,459 - INFO - Saved article: Mahant Narendra Giri death case: Supreme Court grants bail to accused - The Hindu from The Hindu
2026-01-14 12:54:03,504 - INFO - [Times of India] Success with 'selenium_browser'. Found content (472 words).
2026-01-14 12:54:03,563 - INFO - Saved article: ‘Nato should be leading the way’: Donald Trump renews push to acquire Greenland, citing security concerns; links takeover to ‘Golden Dome’ defence - The Times of India from Times of India
2026-01-14 12:54:04,147 - INFO - [Times of India] Article: https://timesofindia.indiatimes.com/world/us/billionaire-bill-ackman-defends-donating-10k-to-ice-agent-who-shot-minnesota-woman-23-years-ago-i-was-accused-/articleshow/126525917.cms
2026-01-14 12:54:04,147 - INFO - [Times of India] Attempt 1/1: Trying with 'selenium_browser' strategy...
2026-01-14 12:54:04,477 - INFO - [The Hindu] Article: https://www.thehindu.com/news/national/tamil-nadu/madras-high-court-stays-order-against-registration-and-operation-of-caste-based-societies/article70508711.ece
2026-01-14 12:54:04,477 - INFO - [The Hindu] Attempt 1/1: Trying with 'selenium_browser' strategy...
2026-01-14 12:54:05,490 - INFO - [Times of India] Page content loaded.
2026-01-14 12:54:05,722 - INFO - [Times of India] Success with 'selenium_browser'. Found content (633 words).
2026-01-14 12:54:05,834 - INFO - Saved article: Billionaire Bill Ackman defends donating $10K to ICE agent who shot Minnesota woman: '23 years ago, I was accused...' - The Times of India from Times of India
2026-01-14 12:54:05,841 - INFO - [The Hindu] Page content loaded.
2026-01-14 12:54:05,931 - INFO - [The Hindu] Success with 'selenium_browser'. Found content (671 words).
2026-01-14 12:54:06,035 - INFO - Saved article: Madras High Court stays order against registration and operation of caste-based societies - The Hindu from The Hindu
2026-01-14 12:54:06,978 - INFO - [Times of India] Article: https://timesofindia.indiatimes.com/world/us/no-tolerance-for-breaches-secret-service-after-anti-trump-agent-assigned-to-jd-vance-caught-on-camera-leaking-sensitive-details/articleshow/126525581.cms
2026-01-14 12:54:06,978 - INFO - [Times of India] Attempt 1/1: Trying with 'selenium_browser' strategy...
2026-01-14 12:54:07,259 - INFO - [The Hindu] Article: https://www.thehindu.com/news/national/karnataka/four-die-in-accident-near-tirthahalli-in-head-on-collision-while-overtaking-on-curve-in-karnataka/article70508905.ece
2026-01-14 12:54:07,259 - INFO - [The Hindu] Attempt 1/1: Trying with 'selenium_browser' strategy...
2026-01-14 12:54:08,676 - INFO - [Times of India] Page content loaded.
2026-01-14 12:54:08,812 - INFO - [Times of India] Success with 'selenium_browser'. Found content (470 words).
2026-01-14 12:54:08,899 - INFO - [The Hindu] Page content loaded.
2026-01-14 12:54:08,914 - INFO - Saved article: ‘No tolerance for breaches’: Secret Service after 'anti-Trump' agent assigned to JD Vance caught on camera 'leaking sensitive details' - The Times of India from Times of India
2026-01-14 12:54:09,017 - INFO - [The Hindu] Success with 'selenium_browser'. Found content (186 words).
2026-01-14 12:54:09,165 - INFO - Saved article: 4 die in accident near Tirthahalli in head-on collision in Karnataka - The Hindu from The Hindu
2026-01-14 12:54:10,127 - INFO - [Times of India] Article: https://timesofindia.indiatimes.com/world/us/factory-floor-flare-up-ford-fires-worker-who-called-trump-pedophile-protector-sabula-says-no-regrets/articleshow/126524646.cms
2026-01-14 12:54:10,127 - INFO - [Times of India] Attempt 1/1: Trying with 'selenium_browser' strategy...
2026-01-14 12:54:10,264 - INFO - [The Hindu] Article: https://www.thehindu.com/news/national/karnataka/teacher-working-as-blo-ends-life-in-school-in-shikaripur-in-karnataka/article70508974.ece
2026-01-14 12:54:10,264 - INFO - [The Hindu] Attempt 1/1: Trying with 'selenium_browser' strategy...
2026-01-14 12:54:11,551 - INFO - [Times of India] Page content loaded.
2026-01-14 12:54:11,777 - INFO - [Times of India] Success with 'selenium_browser'. Found content (369 words).
2026-01-14 12:54:11,871 - INFO - Saved article: Factory floor flare-up: Ford fires worker who called Trump ‘pedophile protector’; Sabula says ‘no regrets’ - The Times of India from Times of India
2026-01-14 12:54:12,217 - INFO - [The Hindu] Page content loaded.
2026-01-14 12:54:12,484 - INFO - [The Hindu] Success with 'selenium_browser'. Found content (228 words).
2026-01-14 12:54:12,604 - INFO - Saved article: Teacher ends life in school in Shikaripur in Karnataka - The Hindu from The Hindu
2026-01-14 12:54:13,288 - INFO - [Times of India] Article: https://timesofindia.indiatimes.com/world/middle-east/india-steps-into-saudi-arabias-mega-metro-dream-lt-joins-riyadh-red-line-expansion-to-diriyah-gate/articleshow/126524948.cms
2026-01-14 12:54:13,288 - INFO - [Times of India] Attempt 1/1: Trying with 'selenium_browser' strategy...
2026-01-14 12:54:14,028 - INFO - [The Hindu] Article: https://www.thehindu.com/videos/watch-india-prepares-for-5-assembly-elections-in-2026-what-can-we-expect/article70508955.ece
2026-01-14 12:54:14,028 - INFO - [The Hindu] Attempt 1/1: Trying with 'selenium_browser' strategy...
2026-01-14 12:54:14,723 - INFO - [Times of India] Page content loaded.
2026-01-14 12:54:14,875 - INFO - [Times of India] Success with 'selenium_browser'. Found content (807 words).
2026-01-14 12:54:14,980 - INFO - Saved article: India steps into Saudi Arabia’s mega metro dream: L&T joins Riyadh red line expansion to Diriyah Gate - The Times of India from Times of India
2026-01-14 12:54:16,465 - INFO - [Times of India] Article: https://timesofindia.indiatimes.com/world/rest-of-world/switzerland-has-built-an-underground-world-so-vast-that-it-competes-with-cities-above/articleshow/126525500.cms
2026-01-14 12:54:16,466 - INFO - [Times of India] Attempt 1/1: Trying with 'selenium_browser' strategy...
2026-01-14 12:54:17,412 - INFO - [The Hindu] Page content loaded.
2026-01-14 12:54:17,626 - INFO - [The Hindu] Success with 'selenium_browser'. Found content (188 words).
2026-01-14 12:54:17,752 - INFO - [Times of India] Page content loaded.
2026-01-14 12:54:17,757 - INFO - Saved article: Watch: India prepares for 5 Assembly elections in 2026. What can we expect? - The Hindu from The Hindu
2026-01-14 12:54:17,855 - INFO - [Times of India] Success with 'selenium_browser'. Found content (696 words).
2026-01-14 12:54:17,912 - INFO - Saved article: Switzerland has built an underground world so vast that it competes with cities above | World News - The Times of India from Times of India
2026-01-14 12:54:18,768 - INFO - [The Hindu] Article: https://www.thehindu.com/news/cities/kolkata/nurses-with-nipah-infection-shifted-to-kolkata-hospital-condition-remains-critical/article70508883.ece
2026-01-14 12:54:18,768 - INFO - [The Hindu] Attempt 1/1: Trying with 'selenium_browser' strategy...
2026-01-14 12:54:19,155 - INFO - [Times of India] Article: https://timesofindia.indiatimes.com/world/europe/will-boost-military-presence-denmark-hits-back-at-us-greenland-threat-to-beef-up-arctic-defences/articleshow/126523643.cms
2026-01-14 12:54:19,155 - INFO - [Times of India] Attempt 1/1: Trying with 'selenium_browser' strategy...
2026-01-14 12:54:19,852 - INFO - [The Hindu] Page content loaded.
2026-01-14 12:54:20,022 - INFO - [The Hindu] Success with 'selenium_browser'. Found content (260 words).
2026-01-14 12:54:20,111 - INFO - Saved article: Nurses with Nipah infection shifted to Kolkata hospital, condition remains critical - The Hindu from The Hindu
2026-01-14 12:54:20,341 - INFO - [Times of India] Page content loaded.
2026-01-14 12:54:20,845 - INFO - [Times of India] Success with 'selenium_browser'. Found content (301 words).
2026-01-14 12:54:20,931 - INFO - Saved article: 'Will boost military presence': Denmark hits back at US' Greenland threat; to beef up Arctic defences - The Times of India from Times of India
2026-01-14 12:54:21,098 - INFO - [The Hindu] Article: https://www.thehindu.com/news/national/jammu-and-kashmir/security-forces-intensify-search-operation-in-jks-kathua/article70508896.ece
2026-01-14 12:54:21,099 - INFO - [The Hindu] Attempt 1/1: Trying with 'selenium_browser' strategy...
2026-01-14 12:54:22,199 - INFO - [Times of India] Article: https://timesofindia.indiatimes.com/world/middle-east/ramadan-souq-returns-to-dubai-this-january-for-25-day-celebration-dates-time-location-live-performances-and-what-to-expect-in-deira/articleshow/126523921.cms
2026-01-14 12:54:22,199 - INFO - [Times of India] Attempt 1/1: Trying with 'selenium_browser' strategy...
2026-01-14 12:54:22,513 - INFO - [The Hindu] Page content loaded.
2026-01-14 12:54:22,631 - INFO - [The Hindu] Success with 'selenium_browser'. Found content (294 words).
2026-01-14 12:54:22,744 - INFO - Saved article: Security forces intensify search operation in J&K’s Kathua - The Hindu from The Hindu
2026-01-14 12:54:23,723 - INFO - [Times of India] Page content loaded.
2026-01-14 12:54:23,984 - INFO - [Times of India] Success with 'selenium_browser'. Found content (477 words).
2026-01-14 12:54:24,036 - INFO - [The Hindu] (Thread) Finished. Attempting to shut down its Selenium driver.
2026-01-14 12:54:24,148 - INFO - Saved article: Ramadan Souq returns to Dubai this Jan for 25-day celebration: Dates, time, location, live performances and what to expect in Deira - The Times of India from Times of India
2026-01-14 12:54:24,298 - INFO - [The Hindu] (Thread) driver.quit() successful.
2026-01-14 12:54:24,713 - INFO - [Times of India] Article: https://timesofindia.indiatimes.com/world/us/what-a-joke-200000-palak-paneer-settlement-resurfaces-online-2-indian-phd-students-win-in-food-smell-racist-case/articleshow/126524123.cms
2026-01-14 12:54:24,713 - INFO - [Times of India] Attempt 1/1: Trying with 'selenium_browser' strategy...
2026-01-14 12:54:25,326 - INFO - [Times of India] Page content loaded.
2026-01-14 12:54:25,452 - INFO - [Times of India] Success with 'selenium_browser'. Found content (259 words).
2026-01-14 12:54:25,530 - INFO - Saved article: 'What a joke': $200,000 palak paneer settlement resurfaces online; 2 Indian PhD students win in food-smell racist case - The Times of India from Times of India
2026-01-14 12:54:26,210 - INFO - [Times of India] Article: https://timesofindia.indiatimes.com/world/middle-east/uae-backs-us-designation-of-muslim-brotherhood-branches-as-terrorist-organisations/articleshow/126522031.cms
2026-01-14 12:54:26,210 - INFO - [Times of India] Attempt 1/1: Trying with 'selenium_browser' strategy...
2026-01-14 12:54:27,026 - INFO - [Times of India] Page content loaded.
2026-01-14 12:54:27,160 - INFO - [Times of India] Success with 'selenium_browser'. Found content (225 words).
2026-01-14 12:54:27,218 - INFO - Saved article: UAE backs US designation of Muslim brotherhood branches as terrorist organisations | World News - The Times of India from Times of India
2026-01-14 12:54:27,909 - INFO - [Times of India] Article: https://timesofindia.indiatimes.com/world/rest-of-world/what-is-turquoise-alert-21-year-old-avondale-woman-isabella-comas-reported-missing-in-phoenix-know-why-it-was-issued-and-other-details/articleshow/126523152.cms
2026-01-14 12:54:27,909 - INFO - [Times of India] Attempt 1/1: Trying with 'selenium_browser' strategy...
2026-01-14 12:54:28,558 - INFO - [Times of India] Page content loaded.
2026-01-14 12:54:28,691 - INFO - [Times of India] Success with 'selenium_browser'. Found content (1015 words).
2026-01-14 12:54:28,749 - INFO - Saved article: What is Turquoise Alert: 21-year-old Avondale woman Isabella Comas reported missing in Phoenix; know why it was issued, and other details | World News - The Times of India from Times of India
2026-01-14 12:54:29,260 - INFO - [Times of India] Article: https://timesofindia.indiatimes.com/world/rest-of-world/canada-bans-travel-to-several-countries-issues-advisories-for-others-what-does-it-say-about-india/photostory/126522947.cms
2026-01-14 12:54:29,260 - INFO - [Times of India] Attempt 1/1: Trying with 'selenium_browser' strategy...
2026-01-14 12:54:29,942 - INFO - [Times of India] Page content loaded.
2026-01-14 12:54:30,086 - INFO - [Times of India] Success with 'selenium_browser'. Found content (382 words).
2026-01-14 12:54:30,181 - INFO - Saved article: Canada bans travel to several countries, issues advisories for others: What does it say about India? from Times of India
2026-01-14 12:54:30,947 - INFO - [Times of India] Article: https://timesofindia.indiatimes.com/science/earths-crust-is-slowly-sinking-beneath-central-turkey-and-scientists-know-why/articleshow/126521859.cms
2026-01-14 12:54:30,947 - INFO - [Times of India] Attempt 1/1: Trying with 'selenium_browser' strategy...
2026-01-14 12:54:31,731 - INFO - [Times of India] Page content loaded.
2026-01-14 12:54:31,956 - INFO - [Times of India] Success with 'selenium_browser'. Found content (769 words).
2026-01-14 12:54:32,000 - INFO - Saved article: Earth’s crust is slowly sinking beneath central Turkey, and scientists know why | - The Times of India from Times of India
2026-01-14 12:54:32,972 - INFO - [Times of India] Article: https://timesofindia.indiatimes.com/world/uk/the-uk-is-watering-down-plans-for-mandatory-digital-id-cards-after-a-backlash/articleshow/126523623.cms
2026-01-14 12:54:32,972 - INFO - [Times of India] Attempt 1/1: Trying with 'selenium_browser' strategy...
2026-01-14 12:54:35,497 - INFO - [Times of India] Page content loaded.
2026-01-14 12:54:35,675 - INFO - [Times of India] Success with 'selenium_browser'. Found content (337 words).
2026-01-14 12:54:35,770 - INFO - Saved article: The UK is watering down plans for mandatory digital ID cards after a backlash - The Times of India from Times of India
2026-01-14 12:54:36,621 - INFO - [Times of India] Article: https://timesofindia.indiatimes.com/world/rest-of-world/nsw-heatwave-kills-hundreds-of-flying-foxes-orphaning-baby-bats/articleshow/126522958.cms
2026-01-14 12:54:36,621 - INFO - [Times of India] Attempt 1/1: Trying with 'selenium_browser' strategy...
2026-01-14 12:54:37,179 - INFO - [Times of India] Page content loaded.
2026-01-14 12:54:37,322 - INFO - [Times of India] Success with 'selenium_browser'. Found content (659 words).
2026-01-14 12:54:37,382 - INFO - Saved article: NSW heatwave kills hundreds of flying foxes, orphaning baby bats | World News - The Times of India from Times of India
2026-01-14 12:54:38,772 - INFO - [Times of India] Article: https://timesofindia.indiatimes.com/world/middle-east/qatar-opens-fifa-world-cup-2026-fan-registration-visa-travel-tips-to-cheer-al-annabi-in-us-canada-mexico/articleshow/126521279.cms
2026-01-14 12:54:38,772 - INFO - [Times of India] Attempt 1/1: Trying with 'selenium_browser' strategy...
2026-01-14 12:54:39,592 - INFO - [Times of India] Page content loaded.
2026-01-14 12:54:39,756 - INFO - [Times of India] Success with 'selenium_browser'. Found content (1049 words).
2026-01-14 12:54:39,838 - INFO - Saved article: Qatar opens FIFA World Cup 2026 fan registration: Visa, travel tips to cheer Al Annabi in US, Canada, Mexico - The Times of India from Times of India
2026-01-14 12:54:40,559 - INFO - [Times of India] Article: https://timesofindia.indiatimes.com/world/middle-east/kuwait-to-phase-out-private-schools-in-residential-areas-by-2028/articleshow/126519906.cms
2026-01-14 12:54:40,560 - INFO - [Times of India] Attempt 1/1: Trying with 'selenium_browser' strategy...
2026-01-14 12:54:41,552 - INFO - [Times of India] Page content loaded.
2026-01-14 12:54:41,708 - INFO - [Times of India] Success with 'selenium_browser'. Found content (333 words).
2026-01-14 12:54:41,761 - INFO - Saved article: Kuwait to phase out private schools in residential areas by 2028 | World News - The Times of India from Times of India
2026-01-14 12:54:42,999 - INFO - [Times of India] Article: https://timesofindia.indiatimes.com/world/middle-east/iran-protests-turn-deadly-over-2500-killed-internet-restored-partially/articleshow/126521028.cms
2026-01-14 12:54:42,999 - INFO - [Times of India] Attempt 1/1: Trying with 'selenium_browser' strategy...
2026-01-14 12:54:43,860 - INFO - [Times of India] Page content loaded.
2026-01-14 12:54:43,993 - INFO - [Times of India] Success with 'selenium_browser'. Found content (685 words).
2026-01-14 12:54:44,048 - INFO - Saved article: Iran protests turn deadly: Over 2500 killed; internet restored partially | World News - The Times of India from Times of India
2026-01-14 12:54:44,958 - INFO - [Times of India] (Thread) Finished. Attempting to shut down its Selenium driver.
2026-01-14 12:54:45,215 - INFO - [Times of India] (Thread) driver.quit() successful.
2026-01-14 12:54:45,215 - INFO - Shutting down thread pool (wait=False)...
2026-01-14 12:54:45,215 - INFO - Scraped: 24 BBC, 25 The Hindu, 20 Times of India, 8 The Guardian articles. (Total saved: 77)
2026-01-14 12:54:45,215 - INFO - --- Scraping job finished ---
2026-01-14 12:54:45,220 - INFO - --- Scraper service stopped and database connection closed. ---
2026-01-14 12:54:45,220 - INFO - --- Main thread finished. Forcing process exit to kill zombie threads. ---
