2026-05-08 13:55:06,221 - INFO - Initializing database connection at: news_articles.db
2026-05-08 13:55:06,222 - INFO - --- Scraper service started (CI Mode: Run Once) ---
2026-05-08 13:55:06,222 - INFO - --- Starting new scraping job (Parallel Mode) ---
2026-05-08 13:55:06,222 - INFO - Creating new robust session with 3 retries on 5xx/connection/read errors.
2026-05-08 13:55:06,222 - INFO - Proxy is DISABLED.
2026-05-08 13:55:06,222 - INFO - Starting scrape for BBC RSS feed: http://feeds.bbci.co.uk/news/world/rss.xml
2026-05-08 13:55:06,223 - INFO - [Times of India] (Thread) requires Selenium. Initializing driver...
2026-05-08 13:55:06,223 - INFO - Initializing headless Selenium Chrome driver (using SeleniumManager)...
2026-05-08 13:55:06,223 - INFO - Starting scrape for The Guardian RSS feed: https://www.theguardian.com/world/rss
2026-05-08 13:55:06,224 - INFO - [The Hindu] (Thread) requires Selenium. Initializing driver...
2026-05-08 13:55:06,224 - INFO - Initializing headless Selenium Chrome driver (using SeleniumManager)...
2026-05-08 13:55:06,224 - INFO - Submitted 4 jobs to thread pool. Waiting up to 420s for completion...
2026-05-08 13:55:06,394 - INFO - Found 45 articles in The Guardian RSS feed. Processing up to 25.
2026-05-08 13:55:06,394 - INFO - [The Guardian] Article: https://www.theguardian.com/world/2026/may/07/two-britons-evacuated-hantavirus-hit-ship-improving-hospital
2026-05-08 13:55:06,394 - INFO - [The Guardian] Attempt 1/1: Trying with 'requests_browser' strategy...
2026-05-08 13:55:06,485 - INFO - [The Guardian] Success with 'requests_browser'. Found content (845 words).
2026-05-08 13:55:06,524 - INFO - Duplicate article skipped: Two Britons evacuated from hantavirus-hit ship ‘improving’ in hospital | Hantavirus | The Guardian from The Guardian
2026-05-08 13:55:06,788 - INFO - Found 41 articles in BBC RSS feed. Processing up to 25.
2026-05-08 13:55:06,788 - INFO - [BBC] Article: https://www.bbc.com/news/articles/c626zyywxjno?at_medium=RSS&at_campaign=rss
2026-05-08 13:55:06,788 - INFO - [BBC] Attempt 1/1: Trying with 'requests_browser' strategy...
2026-05-08 13:55:06,965 - INFO - [BBC] Success with 'requests_browser'. Found content (794 words).
2026-05-08 13:55:07,000 - INFO - Duplicate article skipped: Trump says US-Iran ceasefire still in place after exchange of fire in Strait of Hormuz from BBC
2026-05-08 13:55:07,600 - INFO - [BBC] Article: https://www.bbc.com/news/articles/c202zn5gg0lo?at_medium=RSS&at_campaign=rss
2026-05-08 13:55:07,600 - INFO - [BBC] Attempt 1/1: Trying with 'requests_browser' strategy...
2026-05-08 13:55:07,648 - INFO - [BBC] Success with 'requests_browser'. Found content (806 words).
2026-05-08 13:55:07,702 - INFO - Saved article: Russia and Ukraine accuse each other of breaching Victory Day ceasefire from BBC
2026-05-08 13:55:07,888 - INFO - [The Guardian] Article: https://www.theguardian.com/global-development/2026/may/07/sadia-moalim-ali-woman-somalia-jail-peaceful-protest
2026-05-08 13:55:07,888 - INFO - [The Guardian] Attempt 1/1: Trying with 'requests_browser' strategy...
2026-05-08 13:55:08,047 - INFO - [The Guardian] Success with 'requests_browser'. Found content (795 words).
2026-05-08 13:55:08,075 - INFO - Duplicate article skipped: Woman jailed in Somalia for peaceful protest ‘stripped, kicked and beaten’ | Global development | The Guardian from The Guardian
2026-05-08 13:55:08,479 - INFO - [BBC] Article: https://www.bbc.com/news/articles/clyp1505p84o?at_medium=RSS&at_campaign=rss
2026-05-08 13:55:08,479 - INFO - [BBC] Attempt 1/1: Trying with 'requests_browser' strategy...
2026-05-08 13:55:08,534 - INFO - [BBC] Success with 'requests_browser'. Found content (1091 words).
2026-05-08 13:55:08,566 - INFO - Saved article: Hantavirus cruise ship: race to trace passengers who disembarked before outbreak from BBC
2026-05-08 13:55:08,603 - INFO - [The Guardian] Article: https://www.theguardian.com/world/2026/may/06/cruise-ship-hantavirus-strain-andes-spread-humans-south-africa
2026-05-08 13:55:08,603 - INFO - [The Guardian] Attempt 1/1: Trying with 'requests_browser' strategy...
2026-05-08 13:55:08,685 - INFO - [The Guardian] Success with 'requests_browser'. Found content (1025 words).
2026-05-08 13:55:08,729 - INFO - Duplicate article skipped: Three evacuated from hantavirus-hit ship as Spain says vessel can dock | Hantavirus | The Guardian from The Guardian
2026-05-08 13:55:09,359 - INFO - [BBC] Article: https://www.bbc.com/news/articles/c4g723pkgllo?at_medium=RSS&at_campaign=rss
2026-05-08 13:55:09,359 - INFO - [BBC] Attempt 1/1: Trying with 'requests_browser' strategy...
2026-05-08 13:55:09,403 - INFO - [BBC] Success with 'requests_browser'. Found content (453 words).
2026-05-08 13:55:09,436 - INFO - Saved article: White House calls Mark Hamill 'sick' after actor's Trump grave post from BBC
2026-05-08 13:55:10,084 - INFO - [BBC] Article: https://www.bbc.com/news/articles/ce3pq0136eqo?at_medium=RSS&at_campaign=rss
2026-05-08 13:55:10,084 - INFO - [BBC] Attempt 1/1: Trying with 'requests_browser' strategy...
2026-05-08 13:55:10,090 - INFO - [The Guardian] Article: https://www.theguardian.com/science/2026/may/04/cruise-ship-suspected-hantavirus-outbreak-blocked-docking-cape-verde
2026-05-08 13:55:10,090 - INFO - [The Guardian] Attempt 1/1: Trying with 'requests_browser' strategy...
2026-05-08 13:55:10,127 - INFO - [BBC] Success with 'requests_browser'. Found content (413 words).
2026-05-08 13:55:10,158 - INFO - Saved article: Cyber attack disrupts swath of US and Canada universities and schools from BBC
2026-05-08 13:55:10,281 - INFO - [The Guardian] Success with 'requests_browser'. Found content (1145 words).
2026-05-08 13:55:10,321 - INFO - Duplicate article skipped: British crew member in need of urgent medical care amid suspected hantavirus outbreak on cruise ship | Water transport | The Guardian from The Guardian
2026-05-08 13:55:11,063 - INFO - [BBC] Article: https://www.bbc.com/news/articles/cp3p418x513o?at_medium=RSS&at_campaign=rss
2026-05-08 13:55:11,064 - INFO - [BBC] Attempt 1/1: Trying with 'requests_browser' strategy...
2026-05-08 13:55:11,111 - INFO - [BBC] Success with 'requests_browser'. Found content (836 words).
2026-05-08 13:55:11,144 - INFO - Saved article: Mount Dukono: Three hikers dead after volcano eruption on Indonesian island from BBC
2026-05-08 13:55:11,474 - INFO - [The Guardian] Article: https://www.theguardian.com/business/2026/may/04/nigeria-refinery-dangote-uk-plan-jet-fuel-shortage-strait-of-hormuz
2026-05-08 13:55:11,474 - INFO - [The Guardian] Attempt 1/1: Trying with 'requests_browser' strategy...
2026-05-08 13:55:11,661 - INFO - [The Guardian] Success with 'requests_browser'. Found content (891 words).
2026-05-08 13:55:11,689 - INFO - [BBC] Article: https://www.bbc.com/news/articles/cy4287vpvl7o?at_medium=RSS&at_campaign=rss
2026-05-08 13:55:11,694 - INFO - [BBC] Attempt 1/1: Trying with 'requests_browser' strategy...
2026-05-08 13:55:11,698 - INFO - Duplicate article skipped: Nigerian refinery accused of sacking union members is key to UK plan to tackle jet fuel shortage | Airline industry | The Guardian from The Guardian
2026-05-08 13:55:11,744 - INFO - [BBC] Success with 'requests_browser'. Found content (583 words).
2026-05-08 13:55:11,778 - INFO - Saved article: Cyril Ramaphosa: South Africa president faces call to resign after court ruling from BBC
2026-05-08 13:55:12,741 - INFO - [BBC] Article: https://www.bbc.com/news/articles/c86dp85g59xo?at_medium=RSS&at_campaign=rss
2026-05-08 13:55:12,741 - INFO - [BBC] Attempt 1/1: Trying with 'requests_browser' strategy...
2026-05-08 13:55:12,827 - INFO - [BBC] Success with 'requests_browser'. Found content (594 words).
2026-05-08 13:55:12,861 - INFO - Saved article: Oil prices rise after US and Iran exchange fire in Hormuz strait from BBC
2026-05-08 13:55:13,139 - INFO - [The Guardian] Article: https://www.theguardian.com/world/2026/may/07/mexico-city-sinking-subsidence-2cm-a-month-nasa-nisar
2026-05-08 13:55:13,139 - INFO - [The Guardian] Attempt 1/1: Trying with 'requests_browser' strategy...
2026-05-08 13:55:13,209 - INFO - [The Guardian] Success with 'requests_browser'. Found content (818 words).
2026-05-08 13:55:13,239 - INFO - Duplicate article skipped: Up to 2cm a month: Nasa keeps track as Mexico City sinks into the ground | Mexico | The Guardian from The Guardian
2026-05-08 13:55:13,731 - INFO - [BBC] Article: https://www.bbc.com/news/articles/c5yr41vq2ero?at_medium=RSS&at_campaign=rss
2026-05-08 13:55:13,731 - INFO - [BBC] Attempt 1/1: Trying with 'requests_browser' strategy...
2026-05-08 13:55:13,776 - INFO - [BBC] Success with 'requests_browser'. Found content (855 words).
2026-05-08 13:55:13,807 - INFO - Saved article: Third British national has suspected hantavirus infection, government says from BBC
2026-05-08 13:55:14,089 - INFO - [The Guardian] Article: https://www.theguardian.com/world/2026/may/07/argentina-origins-hantavirus-outbreak-cruise-ship-mv-hondius
2026-05-08 13:55:14,089 - INFO - [The Guardian] Attempt 1/1: Trying with 'requests_browser' strategy...
2026-05-08 13:55:14,260 - INFO - [The Guardian] Success with 'requests_browser'. Found content (895 words).
2026-05-08 13:55:14,305 - INFO - Duplicate article skipped: Argentina races to find origins of cruise ship hantavirus outbreak, amid reports some passengers have returned to US | Argentina | The Guardian from The Guardian
2026-05-08 13:55:14,993 - INFO - [BBC] Article: https://www.bbc.com/news/articles/cp8pk2m4nlxo?at_medium=RSS&at_campaign=rss
2026-05-08 13:55:14,993 - INFO - [BBC] Attempt 1/1: Trying with 'requests_browser' strategy...
2026-05-08 13:55:15,042 - INFO - [BBC] Success with 'requests_browser'. Found content (548 words).
2026-05-08 13:55:15,083 - INFO - Saved article: US jet fuel could be used in Europe to ease possible shortages from BBC
2026-05-08 13:55:15,197 - INFO - Selenium driver initialized successfully.
2026-05-08 13:55:15,197 - INFO - Selenium driver initialized successfully.
2026-05-08 13:55:15,197 - INFO - Starting scrape for Times of India RSS feed: https://timesofindia.indiatimes.com/rssfeeds/296589292.cms
2026-05-08 13:55:15,197 - INFO - Starting scrape for The Hindu RSS feed: https://www.thehindu.com/news/national/feeder/default.rss
2026-05-08 13:55:15,366 - INFO - Found 20 articles in Times of India RSS feed. Processing up to 25.
2026-05-08 13:55:15,366 - INFO - [Times of India] Article: https://timesofindia.indiatimes.com/world/us/kash-patel-orders-lie-detector-tests-for-fbi-staff-to-identify-alleged-leaks-behind-negative-stories-of-his-leadership-report/articleshow/130961100.cms
2026-05-08 13:55:15,366 - INFO - [Times of India] Attempt 1/1: Trying with 'selenium_browser' strategy...
2026-05-08 13:55:15,388 - INFO - [The Guardian] Article: https://www.theguardian.com/us-news/2026/may/07/new-trump-counterterrorism-strategy-targets-europe-terrorism-migration
2026-05-08 13:55:15,388 - INFO - [The Guardian] Attempt 1/1: Trying with 'requests_browser' strategy...
2026-05-08 13:55:15,437 - INFO - Found 60 articles in The Hindu RSS feed. Processing up to 25.
2026-05-08 13:55:15,437 - INFO - [The Hindu] Article: https://www.thehindu.com/news/cities/Coimbatore/dog-show-begins-in-udhagamandalam-to-feature-55-different-breeds/article70954432.ece
2026-05-08 13:55:15,437 - INFO - [The Hindu] Attempt 1/1: Trying with 'selenium_browser' strategy...
2026-05-08 13:55:15,549 - INFO - [The Guardian] Success with 'requests_browser'. Found content (510 words).
2026-05-08 13:55:15,591 - INFO - Duplicate article skipped: US says migration has made Europe an ‘incubator’ for terrorism in new counter-terrorism strategy | Trump administration | The Guardian from The Guardian
2026-05-08 13:55:15,803 - INFO - [BBC] Article: https://www.bbc.com/news/articles/c4g93v8jqnyo?at_medium=RSS&at_campaign=rss
2026-05-08 13:55:15,803 - INFO - [BBC] Attempt 1/1: Trying with 'requests_browser' strategy...
2026-05-08 13:55:15,892 - INFO - [BBC] Success with 'requests_browser'. Found content (1096 words).
2026-05-08 13:55:15,948 - INFO - Saved article: Anti-war protests rock Japan as PM Sanae Takaichi pushes for stronger defence from BBC
2026-05-08 13:55:16,140 - INFO - [The Guardian] Article: https://www.theguardian.com/world/2026/may/06/us-cancels-tourist-visas-board-members-top-costa-rica-newspaper-la-nacion-trump
2026-05-08 13:55:16,140 - INFO - [The Guardian] Attempt 1/1: Trying with 'requests_browser' strategy...
2026-05-08 13:55:16,352 - INFO - [The Guardian] Success with 'requests_browser'. Found content (598 words).
2026-05-08 13:55:16,402 - INFO - Duplicate article skipped: US cancels visas for board of Costa Rica newspaper critical of Trump ally | Costa Rica | The Guardian from The Guardian
2026-05-08 13:55:16,859 - INFO - [The Hindu] Page content loaded.
2026-05-08 13:55:16,955 - INFO - [The Guardian] Article: https://www.theguardian.com/world/2026/may/06/mexico-nightclub-cover-charge-us-citizens
2026-05-08 13:55:16,955 - INFO - [The Guardian] Attempt 1/1: Trying with 'requests_browser' strategy...
2026-05-08 13:55:16,958 - INFO - [BBC] Article: https://www.bbc.com/news/articles/cdjpyjy98xyo?at_medium=RSS&at_campaign=rss
2026-05-08 13:55:16,958 - INFO - [BBC] Attempt 1/1: Trying with 'requests_browser' strategy...
2026-05-08 13:55:17,089 - INFO - [BBC] Success with 'requests_browser'. Found content (570 words).
2026-05-08 13:55:17,116 - INFO - [The Guardian] Success with 'requests_browser'. Found content (511 words).
2026-05-08 13:55:17,404 - INFO - Saved article: Rebel Wilson accused of 'complete revision of history' in Australia defamation case from BBC
2026-05-08 13:55:17,405 - INFO - Duplicate article skipped: Mexico nightclub’s $300 cover charge for US citizens captures popular mood | Mexico | The Guardian from The Guardian
2026-05-08 13:55:17,472 - INFO - [The Hindu] Success with 'selenium_browser'. Found content (205 words).
2026-05-08 13:55:17,647 - INFO - Saved article: Dog show begins in Udhagamandalam; to feature 55 different breeds - The Hindu from The Hindu
2026-05-08 13:55:18,032 - INFO - [The Guardian] Article: https://www.theguardian.com/business/2026/may/08/iran-war-costs-toyota-3bn-prices-materials-soar-sales-fall
2026-05-08 13:55:18,033 - INFO - [The Guardian] Attempt 1/1: Trying with 'requests_browser' strategy...
2026-05-08 13:55:18,224 - INFO - [BBC] Article: https://www.bbc.com/news/articles/c8r8gxjxz10o?at_medium=RSS&at_campaign=rss
2026-05-08 13:55:18,224 - INFO - [BBC] Attempt 1/1: Trying with 'requests_browser' strategy...
2026-05-08 13:55:18,279 - INFO - [The Guardian] Success with 'requests_browser'. Found content (419 words).
2026-05-08 13:55:18,499 - INFO - [The Hindu] Article: https://www.thehindu.com/news/national/kerala/assembly-elections-2026-majority-of-congress-mlas-from-malabar-rally-behind-venugopal/article70955650.ece
2026-05-08 13:55:18,499 - INFO - [The Hindu] Attempt 1/1: Trying with 'selenium_browser' strategy...
2026-05-08 13:55:18,618 - INFO - Saved article: Iran war costs Toyota £3bn as prices of materials soar and sales fall | Toyota | The Guardian from The Guardian
2026-05-08 13:55:18,624 - INFO - [BBC] Success with 'requests_browser'. Found content (936 words).
2026-05-08 13:55:18,740 - INFO - Saved article: Trump and Lula's private Oval Office meeting signals lingering strain - and effort to avoid tension from BBC
2026-05-08 13:55:19,451 - INFO - [The Guardian] Article: https://www.theguardian.com/world/2026/may/08/hikers-dead-missing-eruption-indonesia-mount-dukono-volcano
2026-05-08 13:55:19,451 - INFO - [The Guardian] Attempt 1/1: Trying with 'requests_browser' strategy...
2026-05-08 13:55:19,738 - INFO - [The Guardian] Success with 'requests_browser'. Found content (469 words).
2026-05-08 13:55:19,869 - INFO - Saved article: Three hikers dead after Indonesia’s Mount Dukono volcano erupts | Indonesia | The Guardian from The Guardian
2026-05-08 13:55:20,191 - INFO - [BBC] Article: https://www.bbc.com/news/articles/cdrpx8pl36vo?at_medium=RSS&at_campaign=rss
2026-05-08 13:55:20,191 - INFO - [BBC] Attempt 1/1: Trying with 'requests_browser' strategy...
2026-05-08 13:55:20,339 - INFO - [BBC] Success with 'requests_browser'. Found content (530 words).
2026-05-08 13:55:20,440 - INFO - Duplicate article skipped: Two Islamic-State linked Australian women charged with crimes against humanity from BBC
2026-05-08 13:55:20,724 - INFO - [The Guardian] Article: https://www.theguardian.com/world/2026/may/08/hong-kong-dissident-nathan-law-china-spies-spying-uk
2026-05-08 13:55:20,725 - INFO - [The Guardian] Attempt 1/1: Trying with 'requests_browser' strategy...
2026-05-08 13:55:20,889 - INFO - [The Guardian] Success with 'requests_browser'. Found content (839 words).
2026-05-08 13:55:21,158 - INFO - [BBC] Article: https://www.bbc.com/news/articles/c893y34zlv0o?at_medium=RSS&at_campaign=rss
2026-05-08 13:55:21,158 - INFO - [BBC] Attempt 1/1: Trying with 'requests_browser' strategy...
2026-05-08 13:55:21,209 - INFO - [BBC] Success with 'requests_browser'. Found content (461 words).
2026-05-08 13:55:21,573 - INFO - Saved article: Hong Kong dissident Nathan Law on China spies in UK: ‘We’re not surprised’ | Hong Kong | The Guardian from The Guardian
2026-05-08 13:55:22,538 - INFO - Saved article: Ethiopian woman gives birth to rare quintuplets from BBC
2026-05-08 13:55:22,837 - INFO - [The Guardian] Article: https://www.theguardian.com/world/2026/may/08/solomon-islands-new-leader-pm-jeremiah-manele-ousted-no-confidence-vote
2026-05-08 13:55:22,837 - INFO - [The Guardian] Attempt 1/1: Trying with 'requests_browser' strategy...
2026-05-08 13:55:23,110 - INFO - [The Guardian] Success with 'requests_browser'. Found content (505 words).
2026-05-08 13:55:23,170 - INFO - Duplicate article skipped: Solomon Islands to get new leader after PM ousted in no-confidence vote | Solomon Islands | The Guardian from The Guardian
2026-05-08 13:55:23,679 - INFO - [BBC] Article: https://www.bbc.com/news/articles/cp9py4k8mllo?at_medium=RSS&at_campaign=rss
2026-05-08 13:55:23,679 - INFO - [BBC] Attempt 1/1: Trying with 'requests_browser' strategy...
2026-05-08 13:55:23,784 - INFO - [BBC] Success with 'requests_browser'. Found content (354 words).
2026-05-08 13:55:23,903 - INFO - Saved article: World Cup fans in China and India face broadcast uncertainty from BBC
2026-05-08 13:55:23,932 - INFO - [The Guardian] Article: https://www.theguardian.com/uk-news/2026/may/07/two-men-guilty-spying-for-china-uk-wai-yuen
2026-05-08 13:55:23,932 - INFO - [The Guardian] Attempt 1/1: Trying with 'requests_browser' strategy...
2026-05-08 13:55:24,229 - INFO - [The Guardian] Success with 'requests_browser'. Found content (877 words).
2026-05-08 13:55:24,400 - INFO - Duplicate article skipped: Two men first in British history to be found guilty of spying for China | Crime | The Guardian from The Guardian
2026-05-08 13:55:25,166 - INFO - [BBC] Article: https://www.bbc.com/news/articles/cp3pyk4nw3lo?at_medium=RSS&at_campaign=rss
2026-05-08 13:55:25,166 - INFO - [BBC] Attempt 1/1: Trying with 'requests_browser' strategy...
2026-05-08 13:55:25,263 - INFO - [The Guardian] Article: https://www.theguardian.com/australia-news/live/2026/may/08/woman-charged-with-joining-islamic-state-syria-sydney-royal-commission-antisemitism-hearings-anthony-albanese-labor-angus-taylor-coalition-farrer-byelection-nsw-victoria-queensland-politics-ntwnfb
2026-05-08 13:55:25,263 - INFO - [The Guardian] Attempt 1/1: Trying with 'requests_browser' strategy...
2026-05-08 13:55:25,368 - INFO - [BBC] Success with 'requests_browser'. Found content (579 words).
2026-05-08 13:55:25,580 - INFO - Duplicate article skipped: Trump threatens 'much higher' tariffs on EU by 4 of July from BBC
2026-05-08 13:55:26,468 - INFO - [The Guardian] Success with 'requests_browser'. Found content (2613 words).
2026-05-08 13:55:26,686 - INFO - Duplicate article skipped: Woman who returned from Syria refused bail – as it happened | Australia news | The Guardian from The Guardian
2026-05-08 13:55:26,877 - INFO - [BBC] Article: https://www.bbc.com/news/articles/c62r52l107po?at_medium=RSS&at_campaign=rss
2026-05-08 13:55:26,877 - INFO - [BBC] Attempt 1/1: Trying with 'requests_browser' strategy...
2026-05-08 13:55:26,999 - INFO - [BBC] Success with 'requests_browser'. Found content (308 words).
2026-05-08 13:55:27,295 - INFO - Duplicate article skipped: US to revoke passports of parents with child support debt from BBC
2026-05-08 13:55:27,588 - INFO - [The Guardian] Article: https://www.theguardian.com/australia-news/2026/may/08/is-linked-mother-daughter-charged-crimes-against-humanity-court-ntwnfb
2026-05-08 13:55:27,588 - INFO - [The Guardian] Attempt 1/1: Trying with 'requests_browser' strategy...
2026-05-08 13:55:27,731 - INFO - [The Guardian] Success with 'requests_browser'. Found content (1046 words).
2026-05-08 13:55:27,877 - INFO - Duplicate article skipped: Australian woman accused of joining Islamic State in Syria refused bail | Australian security and counter-terrorism | The Guardian from The Guardian
2026-05-08 13:55:28,200 - INFO - [BBC] Article: https://www.bbc.com/news/articles/cd6p5l3n2q3o?at_medium=RSS&at_campaign=rss
2026-05-08 13:55:28,200 - INFO - [BBC] Attempt 1/1: Trying with 'requests_browser' strategy...
2026-05-08 13:55:28,339 - INFO - [BBC] Success with 'requests_browser'. Found content (1010 words).
2026-05-08 13:55:28,435 - INFO - Duplicate article skipped: Fears of renewed Gaza war as Hamas disarmament talks stall from BBC
2026-05-08 13:55:28,779 - INFO - [The Guardian] Article: https://www.theguardian.com/film/2026/may/08/rebel-wilson-fantastical-liar-court-told-defamation-case-ntwnfb
2026-05-08 13:55:28,779 - INFO - [The Guardian] Attempt 1/1: Trying with 'requests_browser' strategy...
2026-05-08 13:55:28,920 - INFO - [The Guardian] Success with 'requests_browser'. Found content (605 words).
2026-05-08 13:55:29,105 - INFO - Saved article: Rebel Wilson is a ‘fantastical liar’ who ‘made up terrible allegations against multiple people’, court told | Rebel Wilson | The Guardian from The Guardian
2026-05-08 13:55:29,211 - INFO - [BBC] Article: https://www.bbc.com/news/articles/cwy2d0v3p2po?at_medium=RSS&at_campaign=rss
2026-05-08 13:55:29,211 - INFO - [BBC] Attempt 1/1: Trying with 'requests_browser' strategy...
2026-05-08 13:55:29,325 - INFO - [The Hindu] Page content loaded.
2026-05-08 13:55:29,352 - INFO - [BBC] Success with 'requests_browser'. Found content (608 words).
2026-05-08 13:55:29,534 - INFO - Duplicate article skipped: Donald Trump's 'irresponsible war' slowing economic momentum, warns German minister from BBC
2026-05-08 13:55:29,611 - INFO - [The Hindu] Success with 'selenium_browser'. Found content (289 words).
2026-05-08 13:55:29,848 - INFO - Saved article: Assembly elections 2026: Majority of Congress MLAs from Malabar rally behind Venugopal - The Hindu from The Hindu
2026-05-08 13:55:29,930 - INFO - [The Guardian] Article: https://www.theguardian.com/australia-news/2026/may/08/one-nation-candidate-david-farley-farrer-byelection-independents-ntwnfb
2026-05-08 13:55:29,930 - INFO - [The Guardian] Attempt 1/1: Trying with 'requests_browser' strategy...
2026-05-08 13:55:30,133 - INFO - [The Guardian] Success with 'requests_browser'. Found content (874 words).
2026-05-08 13:55:30,219 - INFO - Saved article: One Nation candidate David Farley sought involvement with independent ‘Voices’ movement | Farrer byelection 2026 | The Guardian from The Guardian
2026-05-08 13:55:30,570 - INFO - [BBC] Article: https://www.bbc.com/news/articles/cevpxn0ddp9o?at_medium=RSS&at_campaign=rss
2026-05-08 13:55:30,570 - INFO - [BBC] Attempt 1/1: Trying with 'requests_browser' strategy...
2026-05-08 13:55:30,669 - INFO - [BBC] Success with 'requests_browser'. Found content (676 words).
2026-05-08 13:55:30,765 - INFO - Duplicate article skipped: Aimable Karasira: Rwandan singer dies as he was being released from prison from BBC
2026-05-08 13:55:30,932 - INFO - [The Guardian] Article: https://www.theguardian.com/australia-news/2026/may/08/water-flows-nsw-wetlands-drought-gwydir-australia
2026-05-08 13:55:30,932 - INFO - [The Guardian] Attempt 1/1: Trying with 'requests_browser' strategy...
2026-05-08 13:55:31,046 - INFO - [The Guardian] Success with 'requests_browser'. Found content (788 words).
2026-05-08 13:55:31,138 - INFO - Saved article: Water flows to parched NSW wetlands could be turned back on within weeks as drought fears loom | Murray-Darling Basin | The Guardian from The Guardian
2026-05-08 13:55:31,260 - INFO - [The Hindu] Article: https://www.thehindu.com/news/national/andhra-pradesh/ysrcps-claim-on-jagans-role-in-tvks-victory-in-tn-laughable-says-health-minister-satya-kumar/article70955608.ece
2026-05-08 13:55:31,260 - INFO - [The Hindu] Attempt 1/1: Trying with 'selenium_browser' strategy...
2026-05-08 13:55:32,201 - INFO - [BBC] Article: https://www.bbc.com/news/articles/cq6py38q81ro?at_medium=RSS&at_campaign=rss
2026-05-08 13:55:32,201 - INFO - [BBC] Attempt 1/1: Trying with 'requests_browser' strategy...
2026-05-08 13:55:32,290 - INFO - [BBC] Success with 'requests_browser'. Found content (161 words).
2026-05-08 13:55:32,316 - INFO - [The Guardian] Article: https://www.theguardian.com/world/live/2026/may/08/ukraine-russia-ceasefire-accusations-strikes-rubio-meloni-hanavirus-latest-news-updates
2026-05-08 13:55:32,316 - INFO - [The Guardian] Attempt 1/1: Trying with 'requests_browser' strategy...
2026-05-08 13:55:32,379 - INFO - Duplicate article skipped: Five killed in huge fire at packed Mexico fairground from BBC
2026-05-08 13:55:32,960 - INFO - [BBC] Article: https://www.bbc.com/news/articles/cd7pd0rqwreo?at_medium=RSS&at_campaign=rss
2026-05-08 13:55:32,960 - INFO - [BBC] Attempt 1/1: Trying with 'requests_browser' strategy...
2026-05-08 13:55:33,023 - INFO - [The Guardian] Success with 'requests_browser'. Found content (3214 words).
2026-05-08 13:55:33,235 - INFO - [BBC] Success with 'requests_browser'. Found content (590 words).
2026-05-08 13:55:33,746 - INFO - Saved article: Nato refusing US permission to use bases is ‘a problem’, says Rubio after Meloni meeting – Europe live | World news | The Guardian from The Guardian
2026-05-08 13:55:33,776 - INFO - Duplicate article skipped: US judge releases Jeffrey Epstein's purported suicide note from BBC
2026-05-08 13:55:34,856 - INFO - [BBC] Article: https://www.bbc.com/news/articles/clypjx383j2o?at_medium=RSS&at_campaign=rss
2026-05-08 13:55:34,856 - INFO - [BBC] Attempt 1/1: Trying with 'requests_browser' strategy...
2026-05-08 13:55:34,894 - INFO - [The Guardian] Article: https://www.theguardian.com/world/2026/may/08/spanish-authorities-prepare-arrival-hantavirus-cruise-ship-hondius
2026-05-08 13:55:34,894 - INFO - [The Guardian] Attempt 1/1: Trying with 'requests_browser' strategy...
2026-05-08 13:55:35,048 - INFO - [BBC] Success with 'requests_browser'. Found content (303 words).
2026-05-08 13:55:35,262 - INFO - [The Guardian] Success with 'requests_browser'. Found content (902 words).
2026-05-08 13:55:35,369 - INFO - Duplicate article skipped: Li Shangfu: China announces suspended death sentences for ex-defence ministers from BBC
2026-05-08 13:55:35,610 - INFO - Saved article: Spanish authorities prepare for arrival of hantavirus-stricken cruise ship | Hantavirus | The Guardian from The Guardian
2026-05-08 13:55:36,026 - INFO - [BBC] Article: https://www.bbc.com/sport/football/articles/cdxpq70grzlo?at_medium=RSS&at_campaign=rss
2026-05-08 13:55:36,026 - INFO - [BBC] Attempt 1/1: Trying with 'requests_browser' strategy...
2026-05-08 13:55:36,183 - INFO - [BBC] Success with 'requests_browser'. Found content (578 words).
2026-05-08 13:55:36,372 - INFO - Duplicate article skipped: World Cup 2026: 'I wouldn't pay it', says US President Donald Trump on ticket price for USA game - BBC Sport from BBC
2026-05-08 13:55:36,565 - INFO - [The Guardian] Article: https://www.theguardian.com/politics/2026/may/08/future-of-uk-lies-eu-brexit-failure-european-greens-vula-tsetsi
2026-05-08 13:55:36,565 - INFO - [The Guardian] Attempt 1/1: Trying with 'requests_browser' strategy...
2026-05-08 13:55:37,061 - INFO - [The Guardian] Success with 'requests_browser'. Found content (675 words).
2026-05-08 13:55:37,248 - INFO - Saved article: Future of UK lies in the EU after Brexit ‘failure’, say European Greens | Brexit | The Guardian from The Guardian
2026-05-08 13:55:38,312 - INFO - [The Guardian] Article: https://www.theguardian.com/us-news/2026/may/07/trump-gives-eu-until-4-july-to-ratify-trade-deal-or-face-much-higher-tariffs
2026-05-08 13:55:38,312 - INFO - [The Guardian] Attempt 1/1: Trying with 'requests_browser' strategy...
2026-05-08 13:55:38,405 - INFO - [The Guardian] Success with 'requests_browser'. Found content (545 words).
2026-05-08 13:55:38,487 - INFO - Duplicate article skipped: Trump walks back threat to rip up part of EU trade deal but tells bloc to ratify by 4 July | Trump tariffs | The Guardian from The Guardian
2026-05-08 13:55:39,721 - INFO - [The Guardian] Article: https://www.theguardian.com/environment/2026/may/08/airline-emissions-in-europe-top-pre-covid-levels-despite-pledge-to-decarbonise
2026-05-08 13:55:39,721 - INFO - [The Guardian] Attempt 1/1: Trying with 'requests_browser' strategy...
2026-05-08 13:55:40,009 - INFO - [The Guardian] Success with 'requests_browser'. Found content (583 words).
2026-05-08 13:55:40,100 - INFO - Saved article: Airline emissions in Europe top pre-Covid levels despite pledge to decarbonise | Airline emissions | The Guardian from The Guardian
2026-05-08 13:56:05,980 - INFO - [The Hindu] Page content loaded.
2026-05-08 13:56:06,155 - INFO - [The Hindu] Success with 'selenium_browser'. Found content (232 words).
2026-05-08 13:56:06,213 - INFO - Saved article: YSRCP’s claim on Jagan’s role in TVK’s victory in T.N. laughable, says Health Minister Satya Kumar - The Hindu from The Hindu
2026-05-08 13:56:07,169 - INFO - [The Hindu] Article: https://www.thehindu.com/elections/tamil-nadu-assembly/tamil-nadu-government-formation-live-updates-cpi-cpim-vck-key-to-govt-formation-dmk-aiadmk-tvk-politics/article70953684.ece
2026-05-08 13:56:07,169 - INFO - [The Hindu] Attempt 1/1: Trying with 'selenium_browser' strategy...
2026-05-08 13:56:09,172 - INFO - [The Hindu] Page content loaded.
2026-05-08 13:56:09,320 - INFO - [The Hindu] Success with 'selenium_browser'. Found content (231 words).
2026-05-08 13:56:09,544 - INFO - Duplicate article skipped: Tamil Nadu government formation LIVE: CPI, CPI(M) say no to power share with TVK; Stalin urges Governor to take steps for new govt. - The Hindu from The Hindu
2026-05-08 13:56:10,955 - INFO - [The Hindu] Article: https://www.thehindu.com/elections/west-bengal-assembly/west-bengal-government-formation-live-updates-new-cm-to-be-elected-suvendu-adhikari-aide-death-sparks-unrest/article70954007.ece
2026-05-08 13:56:10,956 - INFO - [The Hindu] Attempt 1/1: Trying with 'selenium_browser' strategy...
2026-05-08 13:56:14,859 - INFO - [The Hindu] Page content loaded.
2026-05-08 13:56:15,027 - INFO - [The Hindu] Success with 'selenium_browser'. Found content (189 words).
2026-05-08 13:56:15,128 - INFO - Saved article: West Bengal government formation LIVE: Suvendu Adhikari meets Bengal Governor, stakes claim to form government - The Hindu from The Hindu
2026-05-08 13:56:15,398 - ERROR - [Times of India] Request failed for strategy 'selenium_browser' on URL https://timesofindia.indiatimes.com/world/us/kash-patel-orders-lie-detector-tests-for-fbi-staff-to-identify-alleged-leaks-behind-negative-stories-of-his-leadership-report/articleshow/130961100.cms: Message: timeout: Timed out receiving message from renderer: 59.922
  (Session info: chrome=147.0.7727.55)
Stacktrace:
#0 0x560888629b6a <unknown>
#1 0x56088802b265 <unknown>
#2 0x560888012b1b <unknown>
#3 0x560888012804 <unknown>
#4 0x56088801054b <unknown>
#5 0x560888010ecf <unknown>
#6 0x56088801fe90 <unknown>
#7 0x560888039c67 <unknown>
#8 0x56088804079b <unknown>
#9 0x56088801161f <unknown>
#10 0x5608880399fd <unknown>
#11 0x5608880c6c7d <unknown>
#12 0x5608880715cf <unknown>
#13 0x560888072391 <unknown>
#14 0x5608885ef04b <unknown>
#15 0x5608885f200d <unknown>
#16 0x5608885db808 <unknown>
#17 0x5608885f2ba0 <unknown>
#18 0x5608885c2280 <unknown>
#19 0x560888616db8 <unknown>
#20 0x560888616f88 <unknown>
#21 0x5608886285de <unknown>
#22 0x7f2d1ce9caa4 <unknown>
#23 0x7f2d1cf29c6c <unknown>

2026-05-08 13:56:15,399 - ERROR - [Times of India] All scrape strategies failed for https://timesofindia.indiatimes.com/world/us/kash-patel-orders-lie-detector-tests-for-fbi-staff-to-identify-alleged-leaks-behind-negative-stories-of-his-leadership-report/articleshow/130961100.cms. Falling back to RSS description.
2026-05-08 13:56:15,402 - INFO - Saved article: Kash Patel orders lie detector tests for FBI staff to identify who questioned his leadership from Times of India
2026-05-08 13:56:16,016 - INFO - [The Hindu] Article: https://www.thehindu.com/news/national/karnataka/power-supply-to-be-hit-today/article70952127.ece
2026-05-08 13:56:16,016 - INFO - [The Hindu] Attempt 1/1: Trying with 'selenium_browser' strategy...
2026-05-08 13:56:16,800 - INFO - [Times of India] Article: https://timesofindia.indiatimes.com/sports/international-sports/i-wouldnt-pay-it-either-donald-trump-slams-sky-high-world-cup-ticket-prices-that-fans-must-pay-to-attend/articleshow/130960756.cms
2026-05-08 13:56:16,800 - INFO - [Times of India] Attempt 1/1: Trying with 'selenium_browser' strategy...
2026-05-08 13:56:18,938 - INFO - [The Hindu] Page content loaded.
2026-05-08 13:56:19,504 - WARNING - [The Hindu] FAILED with 'selenium_browser' (content was too short: 70 words).
2026-05-08 13:56:19,504 - ERROR - [The Hindu] All scrape strategies failed for https://www.thehindu.com/news/national/karnataka/power-supply-to-be-hit-today/article70952127.ece. Falling back to RSS description.
2026-05-08 13:56:19,509 - INFO - Saved article: Power supply to be hit today from The Hindu
2026-05-08 13:56:20,638 - INFO - [The Hindu] Article: https://www.thehindu.com/news/national/karnataka/muslim-leaders-to-meet-next-week-to-take-stock-of-congresss-promises/article70955513.ece
2026-05-08 13:56:20,638 - INFO - [The Hindu] Attempt 1/1: Trying with 'selenium_browser' strategy...
2026-05-08 13:56:24,865 - INFO - [The Hindu] Page content loaded.
2026-05-08 13:56:28,342 - INFO - [The Hindu] Success with 'selenium_browser'. Found content (213 words).
2026-05-08 13:56:28,768 - INFO - Saved article: Muslim leaders to meet next week to take stock of Congress's promises - The Hindu from The Hindu
2026-05-08 13:56:29,616 - INFO - [The Hindu] Article: https://www.thehindu.com/news/national/kerala/dcc-takes-disciplinary-action-against-congress-workers-in-idukki-who-rallied-for-vd-satheesan/article70955756.ece
2026-05-08 13:56:29,616 - INFO - [The Hindu] Attempt 1/1: Trying with 'selenium_browser' strategy...
2026-05-08 13:56:33,038 - INFO - [The Hindu] Page content loaded.
2026-05-08 13:56:33,201 - INFO - [The Hindu] Success with 'selenium_browser'. Found content (103 words).
2026-05-08 13:56:33,261 - INFO - Saved article: Idukki DCC action against workers who rallied for Satheesan as CM sparks internal discord - The Hindu from The Hindu
2026-05-08 13:56:33,923 - INFO - [The Hindu] Article: https://www.thehindu.com/news/national/andhra-pradesh/joint-collector-directs-officials-to-address-water-shortage-in-madanapalle/article70955415.ece
2026-05-08 13:56:33,923 - INFO - [The Hindu] Attempt 1/1: Trying with 'selenium_browser' strategy...
2026-05-08 13:56:36,214 - INFO - [The Hindu] Page content loaded.
2026-05-08 13:56:36,399 - INFO - [The Hindu] Success with 'selenium_browser'. Found content (91 words).
2026-05-08 13:56:36,515 - INFO - Saved article: Joint Collector directs officials to address water shortage in Madanapalle - The Hindu from The Hindu
2026-05-08 13:56:37,026 - INFO - [The Hindu] Article: https://www.thehindu.com/news/national/karnataka/midwives-nurses-are-true-healers-says-doctor/article70952017.ece
2026-05-08 13:56:37,026 - INFO - [The Hindu] Attempt 1/1: Trying with 'selenium_browser' strategy...
2026-05-08 13:56:39,180 - INFO - [The Hindu] Page content loaded.
2026-05-08 13:56:39,373 - INFO - [The Hindu] Success with 'selenium_browser'. Found content (92 words).
2026-05-08 13:56:39,491 - INFO - Saved article: Midwives, nurses are true healers, says doctor - The Hindu from The Hindu
2026-05-08 13:56:40,624 - INFO - [The Hindu] Article: https://www.thehindu.com/news/national/andhra-pradesh/mits-ncc-cadets-complete-himalayan-adventure-camp-in-sikkim/article70955112.ece
2026-05-08 13:56:40,624 - INFO - [The Hindu] Attempt 1/1: Trying with 'selenium_browser' strategy...
2026-05-08 13:57:09,331 - INFO - [Times of India] Page content loaded.
2026-05-08 13:57:09,605 - INFO - [Times of India] Success with 'selenium_browser'. Found content (952 words).
2026-05-08 13:57:09,683 - INFO - Saved article: ‘I wouldn’t pay it either’: Donald Trump slams sky-high World Cup ticket prices that fans must pay to attend | International Sports News - The Times of India from Times of India
2026-05-08 13:57:10,217 - INFO - [Times of India] Article: https://timesofindia.indiatimes.com/world/us/26-year-old-indian-student-dies-of-heart-attack-in-us-a-day-after-celebrating-graduation-walk/articleshow/130960365.cms
2026-05-08 13:57:10,217 - INFO - [Times of India] Attempt 1/1: Trying with 'selenium_browser' strategy...
2026-05-08 13:57:40,657 - ERROR - [The Hindu] Request failed for strategy 'selenium_browser' on URL https://www.thehindu.com/news/national/andhra-pradesh/mits-ncc-cadets-complete-himalayan-adventure-camp-in-sikkim/article70955112.ece: Message: timeout: Timed out receiving message from renderer: 58.133
  (Session info: chrome=147.0.7727.55)
Stacktrace:
#0 0x55eec3f61b6a <unknown>
#1 0x55eec3963265 <unknown>
#2 0x55eec394ab1b <unknown>
#3 0x55eec394a804 <unknown>
#4 0x55eec394854b <unknown>
#5 0x55eec3948ecf <unknown>
#6 0x55eec3957e90 <unknown>
#7 0x55eec3971c67 <unknown>
#8 0x55eec397879b <unknown>
#9 0x55eec394961f <unknown>
#10 0x55eec39719fd <unknown>
#11 0x55eec39fec7d <unknown>
#12 0x55eec39a95cf <unknown>
#13 0x55eec39aa391 <unknown>
#14 0x55eec3f2704b <unknown>
#15 0x55eec3f2a00d <unknown>
#16 0x55eec3f13808 <unknown>
#17 0x55eec3f2aba0 <unknown>
#18 0x55eec3efa280 <unknown>
#19 0x55eec3f4edb8 <unknown>
#20 0x55eec3f4ef88 <unknown>
#21 0x55eec3f605de <unknown>
#22 0x7f6abd49caa4 <unknown>
#23 0x7f6abd529c6c <unknown>

2026-05-08 13:57:40,657 - ERROR - [The Hindu] All scrape strategies failed for https://www.thehindu.com/news/national/andhra-pradesh/mits-ncc-cadets-complete-himalayan-adventure-camp-in-sikkim/article70955112.ece. Falling back to RSS description.
2026-05-08 13:57:40,660 - INFO - Saved article: MITS NCC cadets complete Himalayan adventure camp in Sikkim from The Hindu
2026-05-08 13:57:41,767 - INFO - [The Hindu] Article: https://www.thehindu.com/news/national/telangana/telangana-prison-occupancy-at-846-lower-than-national-average-of-1127-ncrb/article70955445.ece
2026-05-08 13:57:41,767 - INFO - [The Hindu] Attempt 1/1: Trying with 'selenium_browser' strategy...
2026-05-08 13:57:44,229 - INFO - [The Hindu] Page content loaded.
2026-05-08 13:57:45,533 - INFO - [The Hindu] Success with 'selenium_browser'. Found content (312 words).
2026-05-08 13:57:45,867 - INFO - Saved article: Telangana prison occupancy at 84.6%, lower than national average of 112.7%: NCRB - The Hindu from The Hindu
2026-05-08 13:57:46,483 - INFO - [The Hindu] Article: https://www.thehindu.com/news/national/kerala/g-lakshman-promoted-as-adgp-assumes-charge-as-kphcc-md/article70955333.ece
2026-05-08 13:57:46,483 - INFO - [The Hindu] Attempt 1/1: Trying with 'selenium_browser' strategy...
2026-05-08 13:57:48,550 - INFO - [The Hindu] Page content loaded.
2026-05-08 13:57:49,194 - INFO - [The Hindu] Success with 'selenium_browser'. Found content (191 words).
2026-05-08 13:57:49,559 - INFO - Saved article: G. Lakshman promoted as ADGP, assumes charge as KPHCC MD - The Hindu from The Hindu
2026-05-08 13:57:50,710 - INFO - [The Hindu] Article: https://www.thehindu.com/news/national/karnataka/by-raghavendra-offers-invitation-to-eshwarappa/article70955181.ece
2026-05-08 13:57:50,710 - INFO - [The Hindu] Attempt 1/1: Trying with 'selenium_browser' strategy...
2026-05-08 13:57:52,328 - INFO - [The Hindu] Page content loaded.
2026-05-08 13:57:52,514 - INFO - [The Hindu] Success with 'selenium_browser'. Found content (111 words).
2026-05-08 13:57:52,607 - INFO - Saved article: B.Y. Raghavendra offers invitation to Eshwarappa - The Hindu from The Hindu
2026-05-08 13:57:53,533 - INFO - [The Hindu] Article: https://www.thehindu.com/news/national/telangana/four-held-with-mdma-in-amberpet-key-accused-arrested/article70955504.ece
2026-05-08 13:57:53,533 - INFO - [The Hindu] Attempt 1/1: Trying with 'selenium_browser' strategy...
2026-05-08 13:58:05,281 - INFO - [The Hindu] Page content loaded.
2026-05-08 13:58:05,706 - INFO - [The Hindu] Success with 'selenium_browser'. Found content (226 words).
2026-05-08 13:58:05,931 - INFO - Saved article: Four held with MDMA in Amberpet; key accused arrested - The Hindu from The Hindu
2026-05-08 13:58:06,468 - INFO - [The Hindu] Article: https://www.thehindu.com/news/national/andhra-pradesh/tuda-seeks-liberal-central-funding-for-tirupati-infrastructure/article70955700.ece
2026-05-08 13:58:06,468 - INFO - [The Hindu] Attempt 1/1: Trying with 'selenium_browser' strategy...
2026-05-08 13:58:08,933 - INFO - [The Hindu] Page content loaded.
2026-05-08 13:58:09,247 - INFO - [The Hindu] Success with 'selenium_browser'. Found content (247 words).
2026-05-08 13:58:09,332 - INFO - Saved article: TUDA seeks liberal Central funding for Tirupati infrastructure - The Hindu from The Hindu
2026-05-08 13:58:10,082 - INFO - [The Hindu] Article: https://www.thehindu.com/news/national/bihar/centre-to-send-expert-group-to-study-litchi-crisis-in-bihar/article70955320.ece
2026-05-08 13:58:10,082 - INFO - [The Hindu] Attempt 1/1: Trying with 'selenium_browser' strategy...
2026-05-08 13:58:10,256 - ERROR - [Times of India] Request failed for strategy 'selenium_browser' on URL https://timesofindia.indiatimes.com/world/us/26-year-old-indian-student-dies-of-heart-attack-in-us-a-day-after-celebrating-graduation-walk/articleshow/130960365.cms: Message: timeout: Timed out receiving message from renderer: 59.956
  (Session info: chrome=147.0.7727.55)
Stacktrace:
#0 0x560888629b6a <unknown>
#1 0x56088802b265 <unknown>
#2 0x560888012b1b <unknown>
#3 0x560888012804 <unknown>
#4 0x56088801054b <unknown>
#5 0x560888010ecf <unknown>
#6 0x56088801fe90 <unknown>
#7 0x560888039c67 <unknown>
#8 0x56088804079b <unknown>
#9 0x56088801161f <unknown>
#10 0x5608880399fd <unknown>
#11 0x5608880c6c7d <unknown>
#12 0x5608880715cf <unknown>
#13 0x560888072391 <unknown>
#14 0x5608885ef04b <unknown>
#15 0x5608885f200d <unknown>
#16 0x5608885db808 <unknown>
#17 0x5608885f2ba0 <unknown>
#18 0x5608885c2280 <unknown>
#19 0x560888616db8 <unknown>
#20 0x560888616f88 <unknown>
#21 0x5608886285de <unknown>
#22 0x7f2d1ce9caa4 <unknown>
#23 0x7f2d1cf29c6c <unknown>

2026-05-08 13:58:10,256 - ERROR - [Times of India] All scrape strategies failed for https://timesofindia.indiatimes.com/world/us/26-year-old-indian-student-dies-of-heart-attack-in-us-a-day-after-celebrating-graduation-walk/articleshow/130960365.cms. Falling back to RSS description.
2026-05-08 13:58:10,260 - INFO - Saved article: 26-year-old Indian student dies of heart attack in US, a day after celebrating graduation walk from Times of India
2026-05-08 13:58:10,985 - INFO - [Times of India] Article: https://timesofindia.indiatimes.com/sports/international-sports/south-americas-champions-league-match-stopped-less-than-2-mins-in-after-fans-started-burning-stadium-sections/articleshow/130959177.cms
2026-05-08 13:58:10,985 - INFO - [Times of India] Attempt 1/1: Trying with 'selenium_browser' strategy...
2026-05-08 13:58:13,236 - INFO - [Times of India] Page content loaded.
2026-05-08 13:58:13,334 - INFO - [The Hindu] Page content loaded.
2026-05-08 13:58:13,373 - INFO - [Times of India] Success with 'selenium_browser'. Found content (865 words).
2026-05-08 13:58:13,445 - INFO - Saved article: South America’s Champions League match stopped less than 2 mins in after fans started burning stadium sections | International Sports News - The Times of India from Times of India
2026-05-08 13:58:13,868 - INFO - [The Hindu] Success with 'selenium_browser'. Found content (326 words).
2026-05-08 13:58:13,988 - INFO - Saved article: Centre to send expert group to study litchi crisis in Bihar - The Hindu from The Hindu
2026-05-08 13:58:14,887 - INFO - [Times of India] Article: https://timesofindia.indiatimes.com/science/quote-of-the-day-by-carl-jungloneliness-does-not-come-from-having-no-people-about-one-but-from-being-unable-to-communicate-the-things-that-seem-important-to-oneself-or-from-holding-certain-views-which-others-find-inadmissible-/articleshow/130956309.cms
2026-05-08 13:58:14,887 - INFO - [Times of India] Attempt 1/1: Trying with 'selenium_browser' strategy...
2026-05-08 13:58:15,263 - INFO - [The Hindu] Article: https://www.thehindu.com/news/national/kerala/public-drinking-during-koodalmanikyam-fest-four-arrested/article70955680.ece
2026-05-08 13:58:15,263 - INFO - [The Hindu] Attempt 1/1: Trying with 'selenium_browser' strategy...
2026-05-08 13:58:16,971 - INFO - [Times of India] Page content loaded.
2026-05-08 13:58:17,446 - INFO - [Times of India] Success with 'selenium_browser'. Found content (1526 words).
2026-05-08 13:58:17,534 - INFO - [The Hindu] Page content loaded.
2026-05-08 13:58:17,556 - INFO - Saved article: Quote of the day by Carl Jung: “Loneliness does not come from having no people about one, but from being unable to communicate the things that seem important to oneself, or from holding certain views which others find inadmissible.” | - The Times of India from Times of India
2026-05-08 13:58:18,768 - INFO - [Times of India] Article: https://timesofindia.indiatimes.com/world/uk/uks-first-gay-dad-barrie-drewitt-barlow-and-husband-charged-with-rape-sex-trafficking/articleshow/130955929.cms
2026-05-08 13:58:18,770 - INFO - [Times of India] Attempt 1/1: Trying with 'selenium_browser' strategy...
2026-05-08 13:58:19,065 - INFO - [The Hindu] Success with 'selenium_browser'. Found content (203 words).
2026-05-08 13:58:19,208 - INFO - Saved article: Public drinking during Koodalmanikyam fest: Four arrested - The Hindu from The Hindu
2026-05-08 13:58:20,036 - INFO - [The Hindu] Article: https://www.thehindu.com/news/cities/Hyderabad/student-killed-in-hit-and-run-accident-in-gachibowli/article70955465.ece
2026-05-08 13:58:20,036 - INFO - [The Hindu] Attempt 1/1: Trying with 'selenium_browser' strategy...
2026-05-08 13:58:21,738 - INFO - [The Hindu] Page content loaded.
2026-05-08 13:58:21,845 - INFO - [The Hindu] Success with 'selenium_browser'. Found content (141 words).
2026-05-08 13:58:21,939 - INFO - Saved article: Student killed in hit-and-run accident in Gachibowli - The Hindu from The Hindu
2026-05-08 13:58:22,959 - INFO - [The Hindu] Article: https://www.thehindu.com/business/large-scale-banking-fraud-involving-anil-ambanis-adag-requires-thorough-probe-says-sc/article70955604.ece
2026-05-08 13:58:22,959 - INFO - [The Hindu] Attempt 1/1: Trying with 'selenium_browser' strategy...
2026-05-08 13:58:25,860 - INFO - [Times of India] Page content loaded.
2026-05-08 13:58:26,234 - INFO - [Times of India] Success with 'selenium_browser'. Found content (401 words).
2026-05-08 13:58:26,466 - INFO - Saved article: UK’s ‘first gay dad’ Barrie Drewitt-Barlow and husband charged with rape, sex trafficking | World News - The Times of India from Times of India
2026-05-08 13:58:27,000 - INFO - [Times of India] Article: https://timesofindia.indiatimes.com/science/how-black-holes-become-cosmic-monsters-scientists-uncover-the-violent-merger-chain-behind-giant-space-objects/articleshow/130955100.cms
2026-05-08 13:58:27,000 - INFO - [Times of India] Attempt 1/1: Trying with 'selenium_browser' strategy...
2026-05-08 13:58:28,736 - INFO - [The Hindu] Page content loaded.
2026-05-08 13:58:28,886 - INFO - [The Hindu] Success with 'selenium_browser'. Found content (941 words).
2026-05-08 13:58:28,963 - INFO - Saved article: 'Large-scale banking fraud' involving Anil Ambani's ADAG requires thorough probe, says SC - The Hindu from The Hindu
2026-05-08 13:58:30,356 - INFO - [The Hindu] Article: https://www.thehindu.com/elections/kerala-assembly/kerala-assembly-polls-2026-narrow-victory-triggers-political-blame-game-in-kottarakara/article70955421.ece
2026-05-08 13:58:30,356 - INFO - [The Hindu] Attempt 1/1: Trying with 'selenium_browser' strategy...
2026-05-08 13:58:30,531 - INFO - [Times of India] Page content loaded.
2026-05-08 13:58:31,124 - INFO - [Times of India] Success with 'selenium_browser'. Found content (829 words).
2026-05-08 13:58:31,286 - INFO - Saved article: How black holes become cosmic monsters: Scientists uncover the violent merger chain behind giant space objects | - The Times of India from Times of India
2026-05-08 13:58:31,794 - INFO - [The Hindu] Page content loaded.
2026-05-08 13:58:32,126 - INFO - [The Hindu] Success with 'selenium_browser'. Found content (420 words).
2026-05-08 13:58:32,310 - INFO - Saved article: Kerala Assembly Polls 2026: Narrow victory triggers political blame game in Kottarakara - The Hindu from The Hindu
2026-05-08 13:58:32,471 - INFO - [Times of India] Article: https://timesofindia.indiatimes.com/sports/international-sports/most-expensive-ticket-ever-world-cup-final-seat-listed-for-11-5-million-despite-being-one-of-the-worst-in-stadium/articleshow/130954004.cms
2026-05-08 13:58:32,471 - INFO - [Times of India] Attempt 1/1: Trying with 'selenium_browser' strategy...
2026-05-08 13:58:33,035 - INFO - [The Hindu] Article: https://www.thehindu.com/news/national/telangana/dca-seizes-suspected-oxytocin-injections-from-cattle-feed-shops/article70955516.ece
2026-05-08 13:58:33,035 - INFO - [The Hindu] Attempt 1/1: Trying with 'selenium_browser' strategy...
2026-05-08 13:58:35,574 - INFO - [Times of India] Page content loaded.
2026-05-08 13:58:35,752 - INFO - [Times of India] Success with 'selenium_browser'. Found content (706 words).
2026-05-08 13:58:35,835 - INFO - Saved article: Most expensive ticket ever? World Cup final seat listed for $11.5 million despite being one of the worst in stadium | International Sports News - The Times of India from Times of India
2026-05-08 13:58:36,084 - INFO - [The Hindu] Page content loaded.
2026-05-08 13:58:36,293 - INFO - [The Hindu] Success with 'selenium_browser'. Found content (180 words).
2026-05-08 13:58:36,445 - INFO - Saved article: DCA seizes suspected oxytocin injections from cattle feed shops - The Hindu from The Hindu
2026-05-08 13:58:37,003 - INFO - [Times of India] Article: https://timesofindia.indiatimes.com/science/sir-david-attenborough-celebrates-100th-birthday-the-life-legacy-and-global-impact-of-the-worlds-most-beloved-natural-history-broadcaster/articleshow/130954404.cms
2026-05-08 13:58:37,003 - INFO - [Times of India] Attempt 1/1: Trying with 'selenium_browser' strategy...
2026-05-08 13:58:37,927 - INFO - [The Hindu] Article: https://www.thehindu.com/news/national/karnataka/mysuru-zp-ceo-tells-banks-not-to-deduct-gruha-lakshmi-money/article70955374.ece
2026-05-08 13:58:37,927 - INFO - [The Hindu] Attempt 1/1: Trying with 'selenium_browser' strategy...
2026-05-08 13:58:39,159 - INFO - [Times of India] Page content loaded.
2026-05-08 13:58:39,296 - INFO - [Times of India] Success with 'selenium_browser'. Found content (684 words).
2026-05-08 13:58:39,399 - INFO - Saved article: Sir David Attenborough celebrates 100th birthday: The life, legacy, and global impact of the world’s most beloved natural history broadcaster | - The Times of India from Times of India
2026-05-08 13:58:39,953 - INFO - [Times of India] Article: https://timesofindia.indiatimes.com/world/rest-of-world/explainer-can-hantavirus-outbreak-become-covid-2-0/articleshow/130954385.cms
2026-05-08 13:58:39,953 - INFO - [Times of India] Attempt 1/1: Trying with 'selenium_browser' strategy...
2026-05-08 13:58:41,821 - INFO - [The Hindu] Page content loaded.
2026-05-08 13:58:41,949 - INFO - [The Hindu] Success with 'selenium_browser'. Found content (343 words).
2026-05-08 13:58:42,030 - INFO - Saved article: Mysuru ZP CEO tells banks not to deduct Gruha Lakshmi money towards loan repayments - The Hindu from The Hindu
2026-05-08 13:58:42,575 - INFO - [Times of India] Page content loaded.
2026-05-08 13:58:42,818 - INFO - [Times of India] Success with 'selenium_browser'. Found content (744 words).
2026-05-08 13:58:42,876 - INFO - [The Hindu] Article: https://www.thehindu.com/news/national/karnataka/dharwad-to-get-digital-planetarium/article70955246.ece
2026-05-08 13:58:42,876 - INFO - [The Hindu] Attempt 1/1: Trying with 'selenium_browser' strategy...
2026-05-08 13:58:42,934 - INFO - Saved article: Hantavirus Outbreak: Explainer: Can hantavirus outbreak become Covid 2.0? - The Times of India from Times of India
2026-05-08 13:58:43,754 - INFO - [Times of India] Article: https://timesofindia.indiatimes.com/world/uk/british-fashion-brand-co-founder-james-holder-jailed-for-8-years-for-rape-after-cheltenham-night-out/articleshow/130953557.cms
2026-05-08 13:58:43,754 - INFO - [Times of India] Attempt 1/1: Trying with 'selenium_browser' strategy...
2026-05-08 13:58:45,853 - INFO - [Times of India] Page content loaded.
2026-05-08 13:58:46,076 - INFO - [Times of India] Success with 'selenium_browser'. Found content (221 words).
2026-05-08 13:58:46,161 - INFO - Saved article: James Holder: British fashion brand co-founder James Holder jailed for 8 years for rape after Cheltenham night out | World News - The Times of India from Times of India
2026-05-08 13:58:46,730 - INFO - [The Hindu] Page content loaded.
2026-05-08 13:58:47,168 - INFO - [The Hindu] Success with 'selenium_browser'. Found content (219 words).
2026-05-08 13:58:47,428 - INFO - [Times of India] Article: https://timesofindia.indiatimes.com/sports/international-sports/real-madrid-in-crisis-valverde-ruled-out-of-el-clsico-ahead-of-bara-clash-after-training-ground-fight/articleshow/130918210.cms
2026-05-08 13:58:47,429 - INFO - [Times of India] Attempt 1/1: Trying with 'selenium_browser' strategy...
2026-05-08 13:58:47,453 - INFO - Saved article: Dharwad to get digital planetarium - The Hindu from The Hindu
2026-05-08 13:58:48,104 - INFO - [The Hindu] Article: https://www.thehindu.com/news/national/karnataka/government-approves-procurement-of-sunflower-seeds-at-7721/article70955186.ece
2026-05-08 13:58:48,105 - INFO - [The Hindu] Attempt 1/1: Trying with 'selenium_browser' strategy...
2026-05-08 13:58:48,754 - INFO - [Times of India] Page content loaded.
2026-05-08 13:58:49,026 - INFO - [Times of India] Success with 'selenium_browser'. Found content (817 words).
2026-05-08 13:58:49,108 - INFO - Saved article: Real Madrid in crisis? Valverde ruled out of El Clásico ahead of Barça clash after training-ground fight | International Sports News - The Times of India from Times of India
2026-05-08 13:58:49,503 - INFO - [The Hindu] Page content loaded.
2026-05-08 13:58:49,856 - WARNING - [The Hindu] FAILED with 'selenium_browser' (content was too short: 77 words).
2026-05-08 13:58:49,856 - ERROR - [The Hindu] All scrape strategies failed for https://www.thehindu.com/news/national/karnataka/government-approves-procurement-of-sunflower-seeds-at-7721/article70955186.ece. Falling back to RSS description.
2026-05-08 13:58:49,859 - INFO - Saved article: Government orders procurement of sunflower seeds at ₹7,721 from The Hindu
2026-05-08 13:58:50,272 - INFO - [Times of India] Article: https://timesofindia.indiatimes.com/science/rare-earth-mango-found-in-kerala-the-hidden-fungus-locals-call-nilamanga-has-returned-again/articleshow/130949994.cms
2026-05-08 13:58:50,272 - INFO - [Times of India] Attempt 1/1: Trying with 'selenium_browser' strategy...
2026-05-08 13:58:50,552 - INFO - [The Hindu] (Thread) Finished. Attempting to shut down its Selenium driver.
2026-05-08 13:58:50,846 - INFO - [The Hindu] (Thread) driver.quit() successful.
2026-05-08 13:58:51,052 - INFO - [Times of India] Page content loaded.
2026-05-08 13:58:51,199 - INFO - [Times of India] Success with 'selenium_browser'. Found content (721 words).
2026-05-08 13:58:51,255 - INFO - Saved article: Rare ‘Earth Mango’ found in Kerala: The hidden fungus locals call Nilamanga has returned again | - The Times of India from Times of India
2026-05-08 13:58:52,435 - INFO - [Times of India] Article: https://timesofindia.indiatimes.com/world/rest-of-world/a-newly-discovered-6000-year-old-mega-structure-in-romania-is-rewriting-europes-prehistoric-history/articleshow/130894176.cms
2026-05-08 13:58:52,435 - INFO - [Times of India] Attempt 1/1: Trying with 'selenium_browser' strategy...
2026-05-08 13:58:53,473 - INFO - [Times of India] Page content loaded.
2026-05-08 13:58:53,610 - INFO - [Times of India] Success with 'selenium_browser'. Found content (489 words).
2026-05-08 13:58:53,667 - INFO - Saved article: Romania History: A newly discovered 6,000-year-old mega-structure in Romania is rewriting Europe’s prehistoric history | World News - The Times of India from Times of India
2026-05-08 13:58:54,591 - INFO - [Times of India] Article: https://timesofindia.indiatimes.com/world/rest-of-world/one-of-the-rarest-150-million-year-old-dinosaur-skulls-ever-found-has-been-uncovered-in-spain/articleshow/130893810.cms
2026-05-08 13:58:54,591 - INFO - [Times of India] Attempt 1/1: Trying with 'selenium_browser' strategy...
2026-05-08 13:58:55,668 - INFO - [Times of India] Page content loaded.
2026-05-08 13:58:55,797 - INFO - [Times of India] Success with 'selenium_browser'. Found content (352 words).
2026-05-08 13:58:55,850 - INFO - Saved article: Dinosaur Skull Discovery: One of the rarest 150-million-year-old dinosaur skulls ever found has been uncovered in Spain | World News - The Times of India from Times of India
2026-05-08 13:58:56,469 - INFO - [Times of India] Article: https://timesofindia.indiatimes.com/science/nasa-captures-a-sea-of-spinning-clouds-over-antarcticas-remote-volcanic-island/articleshow/130900901.cms
2026-05-08 13:58:56,469 - INFO - [Times of India] Attempt 1/1: Trying with 'selenium_browser' strategy...
2026-05-08 13:58:57,877 - INFO - [Times of India] Page content loaded.
2026-05-08 13:58:58,052 - INFO - [Times of India] Success with 'selenium_browser'. Found content (613 words).
2026-05-08 13:58:58,099 - INFO - Saved article: NASA captures a sea of spinning clouds over Antarctica’s remote volcanic island | - The Times of India from Times of India
2026-05-08 13:58:59,073 - INFO - [Times of India] Article: https://timesofindia.indiatimes.com/world/middle-east/us-iran-weigh-30-day-ceasefire-plan-reopening-strait-of-hormuz-n-talks-still-in-limbo/articleshow/130941278.cms
2026-05-08 13:58:59,073 - INFO - [Times of India] Attempt 1/1: Trying with 'selenium_browser' strategy...
2026-05-08 13:58:59,742 - INFO - [Times of India] Page content loaded.
2026-05-08 13:58:59,861 - INFO - [Times of India] Success with 'selenium_browser'. Found content (333 words).
2026-05-08 13:58:59,918 - INFO - Duplicate article skipped: Us Iran Ceasefire: US, Iran weigh 30-day ceasefire plan, reopening Strait of Hormuz; n-talks still in limbo - The Times of India from Times of India
2026-05-08 13:59:01,175 - INFO - [Times of India] Article: https://timesofindia.indiatimes.com/world/us-streamers/you-will-be-dead-forever-sneako-posts-disturbing-messages-after-australia-reportedly-issues-lifetime-ban-against-streamer/articleshow/130936040.cms
2026-05-08 13:59:01,175 - INFO - [Times of India] Attempt 1/1: Trying with 'selenium_browser' strategy...
2026-05-08 13:59:01,831 - INFO - [Times of India] Page content loaded.
2026-05-08 13:59:01,963 - INFO - [Times of India] Success with 'selenium_browser'. Found content (461 words).
2026-05-08 13:59:02,027 - INFO - Duplicate article skipped: Australian Streamer Banned: “You will be dead forever”: Sneako posts disturbing messages after Australia reportedly issues lifetime ban against streamer - The Times of India from Times of India
2026-05-08 13:59:02,962 - INFO - [Times of India] Article: https://timesofindia.indiatimes.com/science/nasas-new-plasma-engine-could-reduce-travel-time-to-mars/articleshow/130908505.cms
2026-05-08 13:59:02,962 - INFO - [Times of India] Attempt 1/1: Trying with 'selenium_browser' strategy...
2026-05-08 13:59:03,559 - INFO - [Times of India] Page content loaded.
2026-05-08 13:59:03,713 - INFO - [Times of India] Success with 'selenium_browser'. Found content (342 words).
2026-05-08 13:59:03,774 - INFO - Saved article: NASA’s new plasma engine could reduce travel time to Mars | - The Times of India from Times of India
2026-05-08 13:59:04,646 - INFO - [Times of India] Article: https://timesofindia.indiatimes.com/world/us-streamers/he-just-kissed-me-ishowspeed-left-horrified-as-chaotic-livestream-moment-explodes-across-social-media/articleshow/130934326.cms
2026-05-08 13:59:04,646 - INFO - [Times of India] Attempt 1/1: Trying with 'selenium_browser' strategy...
2026-05-08 13:59:05,682 - INFO - [Times of India] Page content loaded.
2026-05-08 13:59:05,800 - INFO - [Times of India] Success with 'selenium_browser'. Found content (487 words).
2026-05-08 13:59:05,845 - INFO - Duplicate article skipped: Ishowspeed: "He just kissed me": IShowSpeed left horrified as chaotic livestream moment explodes across social media - The Times of India from Times of India
2026-05-08 13:59:06,550 - INFO - [Times of India] (Thread) Finished. Attempting to shut down its Selenium driver.
2026-05-08 13:59:07,056 - INFO - [Times of India] (Thread) driver.quit() successful.
2026-05-08 13:59:07,056 - INFO - Shutting down thread pool (wait=False)...
2026-05-08 13:59:07,056 - INFO - Scraped: 10 The Guardian, 14 BBC, 17 Times of India, 24 The Hindu articles. (Total saved: 65)
2026-05-08 13:59:07,056 - INFO - --- Scraping job finished ---
2026-05-08 13:59:07,062 - INFO - --- Scraper service stopped and database connection closed. ---
2026-05-08 13:59:07,062 - INFO - --- Main thread finished. Forcing process exit to kill zombie threads. ---
