2026-01-31 02:08:51,058 - INFO - Initializing database connection at: news_articles.db
2026-01-31 02:08:51,059 - INFO - --- Scraper service started (CI Mode: Run Once) ---
2026-01-31 02:08:51,059 - INFO - --- Starting new scraping job (Parallel Mode) ---
2026-01-31 02:08:51,059 - INFO - Creating new robust session with 3 retries on 5xx/connection/read errors.
2026-01-31 02:08:51,059 - INFO - Proxy is DISABLED.
2026-01-31 02:08:51,059 - INFO - Starting scrape for BBC RSS feed: http://feeds.bbci.co.uk/news/world/rss.xml
2026-01-31 02:08:51,060 - INFO - [Times of India] (Thread) requires Selenium. Initializing driver...
2026-01-31 02:08:51,060 - INFO - Initializing headless Selenium Chrome driver (using SeleniumManager)...
2026-01-31 02:08:51,061 - INFO - Starting scrape for The Guardian RSS feed: https://www.theguardian.com/world/rss
2026-01-31 02:08:51,064 - INFO - [The Hindu] (Thread) requires Selenium. Initializing driver...
2026-01-31 02:08:51,064 - INFO - Initializing headless Selenium Chrome driver (using SeleniumManager)...
2026-01-31 02:08:51,064 - INFO - Submitted 4 jobs to thread pool. Waiting up to 420s for completion...
2026-01-31 02:08:51,227 - INFO - Found 45 articles in The Guardian RSS feed. Processing up to 25.
2026-01-31 02:08:51,227 - INFO - [The Guardian] Article: https://www.theguardian.com/world/2026/jan/30/more-than-200-killed-in-coltan-mine-collapse-in-eastern-drc-officials-say
2026-01-31 02:08:51,227 - INFO - [The Guardian] Attempt 1/1: Trying with 'requests_browser' strategy...
2026-01-31 02:08:51,260 - INFO - [The Guardian] Success with 'requests_browser'. Found content (237 words).
2026-01-31 02:08:51,307 - INFO - Saved article: More than 200 killed in coltan mine collapse in eastern DRC, officials say | Democratic Republic of the Congo | The Guardian from The Guardian
2026-01-31 02:08:51,355 - INFO - Found 28 articles in BBC RSS feed. Processing up to 25.
2026-01-31 02:08:51,355 - INFO - [BBC] Article: https://www.bbc.com/news/articles/cevnmxyy4wjo?at_medium=RSS&at_campaign=rss
2026-01-31 02:08:51,355 - INFO - [BBC] Attempt 1/1: Trying with 'requests_browser' strategy...
2026-01-31 02:08:51,692 - INFO - [BBC] Success with 'requests_browser'. Found content (1329 words).
2026-01-31 02:08:51,736 - INFO - Saved article: Millions of Jeffrey Epstein files released by US justice department from BBC
2026-01-31 02:08:52,237 - INFO - [The Guardian] Article: https://www.theguardian.com/world/2026/jan/30/niger-airport-airbase-attack-islamic-state
2026-01-31 02:08:52,238 - INFO - [The Guardian] Attempt 1/1: Trying with 'requests_browser' strategy...
2026-01-31 02:08:52,275 - INFO - [The Guardian] Success with 'requests_browser'. Found content (455 words).
2026-01-31 02:08:52,319 - INFO - Saved article: Islamic State claims attack on international airport and airbase in Niger | Niger | The Guardian from The Guardian
2026-01-31 02:08:52,944 - INFO - [BBC] Article: https://www.bbc.com/news/articles/czr4jn4621lo?at_medium=RSS&at_campaign=rss
2026-01-31 02:08:52,945 - INFO - [BBC] Attempt 1/1: Trying with 'requests_browser' strategy...
2026-01-31 02:08:52,993 - INFO - [BBC] Success with 'requests_browser'. Found content (1067 words).
2026-01-31 02:08:53,041 - INFO - Saved article: Catherine O'Hara, star of Schitt's Creek and Home Alone, dies aged 71 from BBC
2026-01-31 02:08:53,746 - INFO - [BBC] Article: https://www.bbc.com/news/articles/cr579mdv4m7o?at_medium=RSS&at_campaign=rss
2026-01-31 02:08:53,746 - INFO - [BBC] Attempt 1/1: Trying with 'requests_browser' strategy...
2026-01-31 02:08:53,772 - INFO - [The Guardian] Article: https://www.theguardian.com/world/2026/jan/30/south-africa-expels-israel-diplomat-insults-president
2026-01-31 02:08:53,772 - INFO - [The Guardian] Attempt 1/1: Trying with 'requests_browser' strategy...
2026-01-31 02:08:53,796 - INFO - [BBC] Success with 'requests_browser'. Found content (815 words).
2026-01-31 02:08:53,845 - INFO - Saved article: UN risks 'imminent financial collapse', secretary general warns from BBC
2026-01-31 02:08:53,849 - INFO - [The Guardian] Success with 'requests_browser'. Found content (628 words).
2026-01-31 02:08:53,886 - INFO - Saved article: South Africa expels top Israeli diplomat over ‘insulting attacks’ on president | South Africa | The Guardian from The Guardian
2026-01-31 02:08:55,043 - INFO - [BBC] Article: https://www.bbc.com/news/articles/c2d7yddrl2xo?at_medium=RSS&at_campaign=rss
2026-01-31 02:08:55,043 - INFO - [BBC] Attempt 1/1: Trying with 'requests_browser' strategy...
2026-01-31 02:08:55,092 - INFO - [BBC] Success with 'requests_browser'. Found content (792 words).
2026-01-31 02:08:55,135 - INFO - Saved article: Trump picks Kevin Warsh to lead the US Federal Reserve from BBC
2026-01-31 02:08:55,204 - INFO - [The Guardian] Article: https://www.theguardian.com/world/2026/jan/29/gunfire-blasts-heard-airport-niamey-niger-planes-hit-reports
2026-01-31 02:08:55,204 - INFO - [The Guardian] Attempt 1/1: Trying with 'requests_browser' strategy...
2026-01-31 02:08:55,252 - INFO - [The Guardian] Success with 'requests_browser'. Found content (778 words).
2026-01-31 02:08:55,290 - INFO - Duplicate article skipped: Niger’s military ruler vows retaliation after gunfire and explosions heard in capital | Niger | The Guardian from The Guardian
2026-01-31 02:08:55,804 - INFO - [BBC] Article: https://www.bbc.com/news/articles/c78egdg3r0po?at_medium=RSS&at_campaign=rss
2026-01-31 02:08:55,805 - INFO - [BBC] Attempt 1/1: Trying with 'requests_browser' strategy...
2026-01-31 02:08:55,851 - INFO - [BBC] Success with 'requests_browser'. Found content (512 words).
2026-01-31 02:08:55,915 - INFO - Saved article: Luigi Mangione will not face death penalty if convicted, judge rules from BBC
2026-01-31 02:08:56,533 - INFO - [The Guardian] Article: https://www.theguardian.com/world/2026/jan/26/hundreds-feared-dead-after-attempting-to-cross-mediterranean-amid-cyclone-harry
2026-01-31 02:08:56,533 - INFO - [The Guardian] Attempt 1/1: Trying with 'requests_browser' strategy...
2026-01-31 02:08:56,563 - INFO - [The Guardian] Success with 'requests_browser'. Found content (388 words).
2026-01-31 02:08:56,599 - INFO - Duplicate article skipped: Hundreds feared dead in attempt to cross Mediterranean during cyclone | Italy | The Guardian from The Guardian
2026-01-31 02:08:57,361 - INFO - [BBC] Article: https://www.bbc.com/news/articles/c24gm3dz36po?at_medium=RSS&at_campaign=rss
2026-01-31 02:08:57,361 - INFO - [BBC] Attempt 1/1: Trying with 'requests_browser' strategy...
2026-01-31 02:08:57,411 - INFO - [BBC] Success with 'requests_browser'. Found content (972 words).
2026-01-31 02:08:57,454 - INFO - Saved article: Former CNN host Don Lemon faces charges after anti-ICE protest at Minnesota church from BBC
2026-01-31 02:08:57,585 - INFO - [The Guardian] Article: https://www.theguardian.com/world/2026/jan/30/mexico-sheinbaum-trump-tariffs-cuba-oil-crisis
2026-01-31 02:08:57,585 - INFO - [The Guardian] Attempt 1/1: Trying with 'requests_browser' strategy...
2026-01-31 02:08:57,618 - INFO - [The Guardian] Success with 'requests_browser'. Found content (561 words).
2026-01-31 02:08:57,659 - INFO - Saved article: Mexico president says Trump tariffs on Cuba’s oil suppliers could trigger humanitarian crisis | Cuba | The Guardian from The Guardian
2026-01-31 02:08:58,117 - INFO - Selenium driver initialized successfully.
2026-01-31 02:08:58,117 - INFO - Starting scrape for Times of India RSS feed: https://timesofindia.indiatimes.com/rssfeeds/296589292.cms
2026-01-31 02:08:58,118 - INFO - Selenium driver initialized successfully.
2026-01-31 02:08:58,118 - INFO - Starting scrape for The Hindu RSS feed: https://www.thehindu.com/news/national/feeder/default.rss
2026-01-31 02:08:58,298 - INFO - Found 100 articles in The Hindu RSS feed. Processing up to 25.
2026-01-31 02:08:58,298 - INFO - [The Hindu] Article: https://www.thehindu.com/news/national/telangana/indias-role-in-shaping-global-thinking-on-patient-safety-highlighted-at-apollo-hospitals-international-health-dialogue-2026/article70570973.ece
2026-01-31 02:08:58,298 - INFO - [The Hindu] Attempt 1/1: Trying with 'selenium_browser' strategy...
2026-01-31 02:08:58,303 - INFO - Found 20 articles in Times of India RSS feed. Processing up to 25.
2026-01-31 02:08:58,303 - INFO - [Times of India] Article: https://timesofindia.indiatimes.com/world/us/trump-administration-to-add-65000-h-2b-guest-worker-visas-this-year/articleshow/127812576.cms
2026-01-31 02:08:58,303 - INFO - [Times of India] Attempt 1/1: Trying with 'selenium_browser' strategy...
2026-01-31 02:08:58,838 - INFO - [The Guardian] Article: https://www.theguardian.com/world/2026/jan/30/court-ends-hong-kong-china-panama-canal-contracts
2026-01-31 02:08:58,838 - INFO - [The Guardian] Attempt 1/1: Trying with 'requests_browser' strategy...
2026-01-31 02:08:58,875 - INFO - [BBC] Article: https://www.bbc.com/news/articles/c5yvw89p3p1o?at_medium=RSS&at_campaign=rss
2026-01-31 02:08:58,875 - INFO - [BBC] Attempt 1/1: Trying with 'requests_browser' strategy...
2026-01-31 02:08:58,880 - INFO - [The Guardian] Success with 'requests_browser'. Found content (465 words).
2026-01-31 02:08:58,935 - INFO - Saved article: Panama supreme court cancels Hong Kong company’s canal contracts | Panama canal | The Guardian from The Guardian
2026-01-31 02:08:58,961 - INFO - [BBC] Success with 'requests_browser'. Found content (395 words).
2026-01-31 02:08:59,022 - INFO - Saved article: Civil rights investigation opened into Alex Pretti shooting from BBC
2026-01-31 02:09:00,137 - INFO - [The Guardian] Article: https://www.theguardian.com/world/2026/jan/30/venezuela-approves-bill-to-open-oil-sector-to-foreign-investment-after-us-pressure
2026-01-31 02:09:00,137 - INFO - [The Guardian] Attempt 1/1: Trying with 'requests_browser' strategy...
2026-01-31 02:09:00,317 - INFO - [The Guardian] Success with 'requests_browser'. Found content (829 words).
2026-01-31 02:09:00,357 - INFO - [BBC] Article: https://www.bbc.com/news/articles/cdjnp9m8wvgo?at_medium=RSS&at_campaign=rss
2026-01-31 02:09:00,357 - INFO - [BBC] Attempt 1/1: Trying with 'requests_browser' strategy...
2026-01-31 02:09:00,558 - INFO - Duplicate article skipped: Venezuela approves bill to open oil sector to foreign investment after US pressure | Venezuela | The Guardian from The Guardian
2026-01-31 02:09:00,641 - INFO - [BBC] Success with 'requests_browser'. Found content (1558 words).
2026-01-31 02:09:00,827 - INFO - Saved article: Muhoozi Kainerugaba: Uganda's army chief who threatened to castrate Bobi Wine from BBC
2026-01-31 02:09:01,424 - INFO - [The Guardian] Article: https://www.theguardian.com/us-news/2026/jan/30/weather-tracker-winter-storms-cause-death-and-outages-across-eastern-north-america
2026-01-31 02:09:01,424 - INFO - [The Guardian] Attempt 1/1: Trying with 'requests_browser' strategy...
2026-01-31 02:09:01,538 - INFO - [The Guardian] Success with 'requests_browser'. Found content (352 words).
2026-01-31 02:09:01,634 - INFO - [BBC] Article: https://www.bbc.com/news/articles/cd9ew2kwj0lo?at_medium=RSS&at_campaign=rss
2026-01-31 02:09:01,634 - INFO - [BBC] Attempt 1/1: Trying with 'requests_browser' strategy...
2026-01-31 02:09:01,690 - INFO - Duplicate article skipped: Weather tracker: Winter storms cause death and outages across eastern north America | US news | The Guardian from The Guardian
2026-01-31 02:09:01,754 - INFO - [BBC] Success with 'requests_browser'. Found content (499 words).
2026-01-31 02:09:01,937 - INFO - Saved article: Trump says Iran wants a deal rather than face military action from BBC
2026-01-31 02:09:02,323 - INFO - [The Guardian] Article: https://www.theguardian.com/us-news/2026/jan/29/trump-tariffs-cuba-oil
2026-01-31 02:09:02,323 - INFO - [The Guardian] Attempt 1/1: Trying with 'requests_browser' strategy...
2026-01-31 02:09:02,399 - INFO - [The Hindu] Page content loaded.
2026-01-31 02:09:02,417 - INFO - [The Guardian] Success with 'requests_browser'. Found content (515 words).
2026-01-31 02:09:02,575 - INFO - Duplicate article skipped: Trump threatens tariffs on goods from countries that sell oil to Cuba | Trump tariffs | The Guardian from The Guardian
2026-01-31 02:09:02,584 - INFO - [The Hindu] Success with 'selenium_browser'. Found content (310 words).
2026-01-31 02:09:02,639 - INFO - [BBC] Article: https://www.bbc.com/news/articles/c74vgxp0zr4o?at_medium=RSS&at_campaign=rss
2026-01-31 02:09:02,647 - INFO - [BBC] Attempt 1/1: Trying with 'requests_browser' strategy...
2026-01-31 02:09:02,758 - INFO - Saved article: India’s role in shaping global thinking on patient safety highlighted at Apollo Hospitals International Health Dialogue 2026 - The Hindu from The Hindu
2026-01-31 02:09:02,807 - INFO - [BBC] Success with 'requests_browser'. Found content (352 words).
2026-01-31 02:09:03,147 - INFO - [The Guardian] Article: https://www.theguardian.com/politics/live/2026/jan/30/donald-trump-keir-starmer-china-uk-us-trade-deals-tariffs-latest-news
2026-01-31 02:09:03,147 - INFO - [The Guardian] Attempt 1/1: Trying with 'requests_browser' strategy...
2026-01-31 02:09:03,165 - INFO - Saved article: Mali lawmaker Mamadou Hawa Gassama jailed in Ivory Coast for insulting President Ouattara. from BBC
2026-01-31 02:09:03,836 - INFO - [The Hindu] Article: https://www.thehindu.com/data/expectations-from-a-gender-lens-union-budget-2026-27/article70562510.ece
2026-01-31 02:09:03,836 - INFO - [The Hindu] Attempt 1/1: Trying with 'selenium_browser' strategy...
2026-01-31 02:09:04,351 - INFO - [The Guardian] Success with 'requests_browser'. Found content (2990 words).
2026-01-31 02:09:04,674 - INFO - [BBC] Article: https://www.bbc.com/news/articles/c0q4y95yv4jo?at_medium=RSS&at_campaign=rss
2026-01-31 02:09:04,674 - INFO - [BBC] Attempt 1/1: Trying with 'requests_browser' strategy...
2026-01-31 02:09:04,715 - INFO - Duplicate article skipped: UK politics: Starmer shrugs off Trump’s criticism of ‘very dangerous’ deal with China – as it happened | UK news | The Guardian from The Guardian
2026-01-31 02:09:04,846 - INFO - [BBC] Success with 'requests_browser'. Found content (844 words).
2026-01-31 02:09:05,053 - INFO - Saved article: Stay or go: What's next for coyote that escaped to Alcatraz? from BBC
2026-01-31 02:09:06,056 - INFO - [The Guardian] Article: https://www.theguardian.com/world/2026/jan/30/china-lifts-sanctions-british-mps-peers
2026-01-31 02:09:06,056 - INFO - [The Guardian] Attempt 1/1: Trying with 'requests_browser' strategy...
2026-01-31 02:09:06,129 - INFO - [The Guardian] Success with 'requests_browser'. Found content (815 words).
2026-01-31 02:09:06,205 - INFO - Duplicate article skipped: China has lifted sanctions from six serving British MPs and peers, Starmer says | China | The Guardian from The Guardian
2026-01-31 02:09:06,552 - INFO - [BBC] Article: https://www.bbc.com/news/articles/c4g4yj92kwro?at_medium=RSS&at_campaign=rss
2026-01-31 02:09:06,553 - INFO - [BBC] Attempt 1/1: Trying with 'requests_browser' strategy...
2026-01-31 02:09:06,827 - INFO - [BBC] Success with 'requests_browser'. Found content (896 words).
2026-01-31 02:09:06,952 - INFO - Duplicate article skipped: Ukraine sees quieter night after Trump says Putin will not attack its cities from BBC
2026-01-31 02:09:07,607 - INFO - [The Guardian] Article: https://www.theguardian.com/world/2026/jan/30/trump-dangerous-uk-china-starmer-xi-jinping-beijing
2026-01-31 02:09:07,608 - INFO - [The Guardian] Attempt 1/1: Trying with 'requests_browser' strategy...
2026-01-31 02:09:07,751 - INFO - [The Guardian] Success with 'requests_browser'. Found content (737 words).
2026-01-31 02:09:07,788 - INFO - [BBC] Article: https://www.bbc.com/news/articles/cg5gl8grv66o?at_medium=RSS&at_campaign=rss
2026-01-31 02:09:07,788 - INFO - [BBC] Attempt 1/1: Trying with 'requests_browser' strategy...
2026-01-31 02:09:07,973 - INFO - Duplicate article skipped: Trump says ‘very dangerous’ for UK to do business with China, after Starmer hails progress in Beijing | China | The Guardian from The Guardian
2026-01-31 02:09:07,998 - INFO - [BBC] Success with 'requests_browser'. Found content (363 words).
2026-01-31 02:09:08,132 - INFO - Saved article: Myanmar: 170 killed in air strikes during criticised election, UN says from BBC
2026-01-31 02:09:08,809 - INFO - [BBC] Article: https://www.bbc.com/news/articles/c23ryyrx40yo?at_medium=RSS&at_campaign=rss
2026-01-31 02:09:08,809 - INFO - [BBC] Attempt 1/1: Trying with 'requests_browser' strategy...
2026-01-31 02:09:08,929 - INFO - [The Guardian] Article: https://www.theguardian.com/world/2026/jan/30/palau-pacific-country-blocks-trump-migrant-deal
2026-01-31 02:09:08,929 - INFO - [The Guardian] Attempt 1/1: Trying with 'requests_browser' strategy...
2026-01-31 02:09:09,050 - INFO - [BBC] Success with 'requests_browser'. Found content (459 words).
2026-01-31 02:09:09,109 - INFO - [The Guardian] Success with 'requests_browser'. Found content (568 words).
2026-01-31 02:09:09,293 - INFO - Duplicate article skipped: Donald Trump sues IRS and US Treasury over leaked tax documents from BBC
2026-01-31 02:09:09,308 - INFO - Duplicate article skipped: Palau lawmakers vote to block controversial Trump deal to resettle migrants from US | Palau | The Guardian from The Guardian
2026-01-31 02:09:09,838 - INFO - [The Hindu] Page content loaded.
2026-01-31 02:09:09,949 - INFO - [The Hindu] Success with 'selenium_browser'. Found content (1140 words).
2026-01-31 02:09:09,976 - INFO - [The Guardian] Article: https://www.theguardian.com/politics/2026/jan/29/keir-starmer-opens-door-to-uk-visit-by-xi-jinping-after-bilateral-talks
2026-01-31 02:09:09,976 - INFO - [The Guardian] Attempt 1/1: Trying with 'requests_browser' strategy...
2026-01-31 02:09:10,134 - INFO - Saved article: Expectations from a gender lens in Budget 2026-27 - The Hindu from The Hindu
2026-01-31 02:09:10,159 - INFO - [The Guardian] Success with 'requests_browser'. Found content (1064 words).
2026-01-31 02:09:10,250 - INFO - Duplicate article skipped: Keir Starmer opens door to UK visit by Xi Jinping after bilateral talks | Keir Starmer | The Guardian from The Guardian
2026-01-31 02:09:10,472 - INFO - [BBC] Article: https://www.bbc.com/news/articles/cz0pj0n0yk3o?at_medium=RSS&at_campaign=rss
2026-01-31 02:09:10,472 - INFO - [BBC] Attempt 1/1: Trying with 'requests_browser' strategy...
2026-01-31 02:09:10,518 - INFO - [BBC] Success with 'requests_browser'. Found content (440 words).
2026-01-31 02:09:10,614 - INFO - Duplicate article skipped: Syrian government reaches deal with Kurdish forces from BBC
2026-01-31 02:09:11,186 - INFO - [The Hindu] Article: https://www.thehindu.com/news/national/regime-in-tough-spot-iran-protests-economic-collapse-scott-anderson/article70570603.ece
2026-01-31 02:09:11,186 - INFO - [The Hindu] Attempt 1/1: Trying with 'selenium_browser' strategy...
2026-01-31 02:09:11,256 - INFO - [BBC] Article: https://www.bbc.com/news/articles/c87r2700dq8o?at_medium=RSS&at_campaign=rss
2026-01-31 02:09:11,256 - INFO - [BBC] Attempt 1/1: Trying with 'requests_browser' strategy...
2026-01-31 02:09:11,345 - INFO - [BBC] Success with 'requests_browser'. Found content (763 words).
2026-01-31 02:09:11,450 - INFO - Saved article: Three reasons for the record rise in gold prices, and one why they are falling from BBC
2026-01-31 02:09:11,725 - INFO - [The Guardian] Article: https://www.theguardian.com/australia-news/2026/jan/31/australia-heatwave-bom-weather-forecast-hot-temperature-eighth-day-cool-change
2026-01-31 02:09:11,725 - INFO - [The Guardian] Attempt 1/1: Trying with 'requests_browser' strategy...
2026-01-31 02:09:11,880 - INFO - [The Guardian] Success with 'requests_browser'. Found content (562 words).
2026-01-31 02:09:12,006 - INFO - Saved article: Heatwave across Australia’s south-east continues for eighth day ahead of a welcome cool change | Australia weather | The Guardian from The Guardian
2026-01-31 02:09:12,868 - INFO - [BBC] Article: https://www.bbc.com/news/articles/czx1qrx5jgzo?at_medium=RSS&at_campaign=rss
2026-01-31 02:09:12,868 - INFO - [BBC] Attempt 1/1: Trying with 'requests_browser' strategy...
2026-01-31 02:09:13,043 - INFO - [BBC] Success with 'requests_browser'. Found content (1021 words).
2026-01-31 02:09:13,064 - INFO - [The Guardian] Article: https://www.theguardian.com/australia-news/2026/jan/31/queensland-police-scrap-domestic-violence-unit
2026-01-31 02:09:13,065 - INFO - [The Guardian] Attempt 1/1: Trying with 'requests_browser' strategy...
2026-01-31 02:09:13,189 - INFO - Saved article: Kevin Warsh: Will Trump's pick to head US central bank get him what he wants? from BBC
2026-01-31 02:09:13,219 - INFO - [The Guardian] Success with 'requests_browser'. Found content (496 words).
2026-01-31 02:09:13,230 - INFO - [The Hindu] Page content loaded.
2026-01-31 02:09:13,286 - INFO - Saved article: Queensland police scrap specialist unit providing support for domestic and family violence cases | Queensland | The Guardian from The Guardian
2026-01-31 02:09:13,307 - INFO - [The Hindu] Success with 'selenium_browser'. Found content (1081 words).
2026-01-31 02:09:13,373 - INFO - Saved article: Regime in tough spot as every Iranian has been affected by economic collapse, says Scott Anderson - The Hindu from The Hindu
2026-01-31 02:09:14,203 - INFO - [The Hindu] Article: https://www.thehindu.com/news/national/tamil-nadu/stalin-set-to-visit-sivaganga-district/article70566235.ece
2026-01-31 02:09:14,203 - INFO - [The Hindu] Attempt 1/1: Trying with 'selenium_browser' strategy...
2026-01-31 02:09:14,559 - INFO - [BBC] Article: https://www.bbc.com/news/articles/czx1207757xo?at_medium=RSS&at_campaign=rss
2026-01-31 02:09:14,559 - INFO - [BBC] Attempt 1/1: Trying with 'requests_browser' strategy...
2026-01-31 02:09:14,640 - INFO - [BBC] Success with 'requests_browser'. Found content (1323 words).
2026-01-31 02:09:14,714 - INFO - Duplicate article skipped: Fela Kuti to receive Grammys Lifetime Achievement Award from BBC
2026-01-31 02:09:14,714 - INFO - [The Guardian] Article: https://www.theguardian.com/environment/2026/jan/31/australias-grid-now-relies-on-renewable-energy-as-much-as-coal-those-who-doubted-it-look-foolish
2026-01-31 02:09:14,714 - INFO - [The Guardian] Attempt 1/1: Trying with 'requests_browser' strategy...
2026-01-31 02:09:14,786 - INFO - [The Guardian] Success with 'requests_browser'. Found content (789 words).
2026-01-31 02:09:14,858 - INFO - Saved article: Australia’s grid now relies on renewable energy as much as coal. Those who doubted it look foolish | Climate crisis | The Guardian from The Guardian
2026-01-31 02:09:15,306 - INFO - [Times of India] Page content loaded.
2026-01-31 02:09:15,886 - INFO - [Times of India] Success with 'selenium_browser'. Found content (240 words).
2026-01-31 02:09:16,202 - INFO - [BBC] Article: https://www.bbc.com/news/articles/cn9z497g4vvo?at_medium=RSS&at_campaign=rss
2026-01-31 02:09:16,203 - INFO - [BBC] Attempt 1/1: Trying with 'requests_browser' strategy...
2026-01-31 02:09:16,313 - INFO - [The Guardian] Article: https://www.theguardian.com/environment/2026/jan/31/day-and-night-theres-no-relief-five-ways-this-heatwave-is-one-of-australias-worst-on-record
2026-01-31 02:09:16,314 - INFO - [The Guardian] Attempt 1/1: Trying with 'requests_browser' strategy...
2026-01-31 02:09:16,432 - INFO - Saved article: Trump administration to add roughly 65,000 H-2B guest worker visas this year - The Times of India from Times of India
2026-01-31 02:09:16,513 - INFO - [BBC] Success with 'requests_browser'. Found content (1114 words).
2026-01-31 02:09:16,522 - INFO - [The Guardian] Success with 'requests_browser'. Found content (975 words).
2026-01-31 02:09:16,629 - INFO - [The Hindu] Page content loaded.
2026-01-31 02:09:16,697 - INFO - Saved article: Day and night, there’s no relief: five ways this heatwave is one of Australia’s worst on record | Environment | The Guardian from The Guardian
2026-01-31 02:09:16,697 - INFO - Duplicate article skipped: Why Iran's response to a US attack could be different this time from BBC
2026-01-31 02:09:16,717 - INFO - [The Hindu] Success with 'selenium_browser'. Found content (240 words).
2026-01-31 02:09:16,790 - INFO - Saved article: Stalin set to visit Sivaganga district - The Hindu from The Hindu
2026-01-31 02:09:17,464 - INFO - [BBC] Article: https://www.bbc.com/news/articles/cm2j04lk83zo?at_medium=RSS&at_campaign=rss
2026-01-31 02:09:17,464 - INFO - [BBC] Attempt 1/1: Trying with 'requests_browser' strategy...
2026-01-31 02:09:17,526 - INFO - [The Hindu] Article: https://www.thehindu.com/news/national/tamil-nadu/vande-mataram-should-be-sung-in-its-entirety-across-the-country-k-annamalai/article70570385.ece
2026-01-31 02:09:17,526 - INFO - [The Hindu] Attempt 1/1: Trying with 'selenium_browser' strategy...
2026-01-31 02:09:17,539 - INFO - [BBC] Success with 'requests_browser'. Found content (1074 words).
2026-01-31 02:09:17,573 - INFO - [Times of India] Article: https://timesofindia.indiatimes.com/world/us/epstein-files-us-commerce-secretary-howard-lutnick-planned-visit-to-jeffreys-private-island/articleshow/127812327.cms
2026-01-31 02:09:17,581 - INFO - [Times of India] Attempt 1/1: Trying with 'selenium_browser' strategy...
2026-01-31 02:09:17,591 - INFO - Duplicate article skipped: What did UK and China get out of Starmer's reset visit? from BBC
2026-01-31 02:09:17,715 - INFO - [The Guardian] Article: https://www.theguardian.com/australia-news/2026/jan/30/four-people-including-two-children-found-dead-in-perth-in-suspected-murder-suicide
2026-01-31 02:09:17,715 - INFO - [The Guardian] Attempt 1/1: Trying with 'requests_browser' strategy...
2026-01-31 02:09:17,802 - INFO - [The Guardian] Success with 'requests_browser'. Found content (1032 words).
2026-01-31 02:09:17,912 - INFO - Duplicate article skipped: Four people, including two children, found dead in Perth in suspected murder-suicide | Western Australia | The Guardian from The Guardian
2026-01-31 02:09:18,709 - INFO - [BBC] Article: https://www.bbc.com/news/articles/cd6wegndnjlo?at_medium=RSS&at_campaign=rss
2026-01-31 02:09:18,710 - INFO - [BBC] Attempt 1/1: Trying with 'requests_browser' strategy...
2026-01-31 02:09:18,818 - INFO - [BBC] Success with 'requests_browser'. Found content (690 words).
2026-01-31 02:09:18,893 - INFO - Duplicate article skipped: Why did China execute 11 members of the Myanmar Ming mafia family? from BBC
2026-01-31 02:09:19,124 - INFO - [The Guardian] Article: https://www.theguardian.com/food/2026/jan/31/new-type-of-bordeaux-wine-to-gain-official-status-as-result-of-climate-pressure
2026-01-31 02:09:19,124 - INFO - [The Guardian] Attempt 1/1: Trying with 'requests_browser' strategy...
2026-01-31 02:09:19,210 - INFO - [The Guardian] Success with 'requests_browser'. Found content (624 words).
2026-01-31 02:09:19,452 - INFO - Saved article: New type of Bordeaux wine to gain official status as result of climate pressure | Wine | The Guardian from The Guardian
2026-01-31 02:09:19,516 - INFO - [BBC] Article: https://www.bbc.com/news/articles/ckgnp8n40reo?at_medium=RSS&at_campaign=rss
2026-01-31 02:09:19,517 - INFO - [BBC] Attempt 1/1: Trying with 'requests_browser' strategy...
2026-01-31 02:09:19,656 - INFO - [BBC] Success with 'requests_browser'. Found content (1778 words).
2026-01-31 02:09:19,757 - INFO - Duplicate article skipped: Lake Maracaibo: The oil region at heart of Trump plan to 'Make Venezuela Great Again' from BBC
2026-01-31 02:09:20,230 - INFO - [Times of India] Page content loaded.
2026-01-31 02:09:20,387 - INFO - [The Guardian] Article: https://www.theguardian.com/world/live/2026/jan/30/europe-ukraine-russia-eu-zelenskyy-latest-news-updates
2026-01-31 02:09:20,387 - INFO - [The Guardian] Attempt 1/1: Trying with 'requests_browser' strategy...
2026-01-31 02:09:20,670 - INFO - [BBC] Article: https://www.bbc.com/news/videos/c3ve0xd451go?at_medium=RSS&at_campaign=rss
2026-01-31 02:09:20,670 - INFO - [BBC] Attempt 1/1: Trying with 'requests_browser' strategy...
2026-01-31 02:09:20,909 - INFO - [The Guardian] Success with 'requests_browser'. Found content (3108 words).
2026-01-31 02:09:21,110 - INFO - [BBC] Success with 'requests_browser'. Found content (137 words).
2026-01-31 02:09:21,525 - INFO - Duplicate article skipped: BBC visits Syrian camp holding wives and children of suspected IS fighters from BBC
2026-01-31 02:09:21,525 - INFO - Duplicate article skipped: Hungary doubles down on opposition to Ukraine’s EU accession as Zelenskyy aims for 2027 – as it happened | Ukraine | The Guardian from The Guardian
2026-01-31 02:09:22,097 - INFO - [Times of India] Success with 'selenium_browser'. Found content (498 words).
2026-01-31 02:09:22,187 - INFO - [BBC] Article: https://www.bbc.com/news/videos/cvgnqgl57p2o?at_medium=RSS&at_campaign=rss
2026-01-31 02:09:22,187 - INFO - [BBC] Attempt 1/1: Trying with 'requests_browser' strategy...
2026-01-31 02:09:22,298 - INFO - [The Hindu] Page content loaded.
2026-01-31 02:09:22,304 - INFO - [The Guardian] Article: https://www.theguardian.com/world/2026/jan/30/zelenskyy-cautious-russian-bombing-pause-extreme-cold-weather-ukraine
2026-01-31 02:09:22,304 - INFO - [The Guardian] Attempt 1/1: Trying with 'requests_browser' strategy...
2026-01-31 02:09:22,319 - INFO - Saved article: Epstein files: US commerce secretary Howard Lutnick planned visit to Jeffrey’s private island - The Times of India from Times of India
2026-01-31 02:09:22,417 - INFO - [The Guardian] Success with 'requests_browser'. Found content (442 words).
2026-01-31 02:09:22,492 - INFO - Duplicate article skipped: Zelenskyy cautious on Russian bombing pause during extreme cold weather | Ukraine | The Guardian from The Guardian
2026-01-31 02:09:22,509 - INFO - [BBC] Success with 'requests_browser'. Found content (114 words).
2026-01-31 02:09:22,515 - INFO - [The Hindu] Success with 'selenium_browser'. Found content (238 words).
2026-01-31 02:09:22,683 - INFO - Saved article: 'She's done a great job' - Donald Trump praises Melania's film from BBC
2026-01-31 02:09:22,684 - INFO - Saved article: Vande Mataram should be sung in its entirety across the country: K. Annamalai - The Hindu from The Hindu
2026-01-31 02:09:23,211 - INFO - [Times of India] Article: https://timesofindia.indiatimes.com/world/us/dear-g-is-melania-trump-mentioned-in-the-epstein-files-and-who-is-g/articleshow/127812250.cms
2026-01-31 02:09:23,211 - INFO - [Times of India] Attempt 1/1: Trying with 'selenium_browser' strategy...
2026-01-31 02:09:23,598 - INFO - [The Hindu] Article: https://www.thehindu.com/news/national/jammu-and-kashmir/pdps-parra-introduces-jk-reconciliation-trauma-healing-and-dignity-bill-in-assembly/article70571827.ece
2026-01-31 02:09:23,599 - INFO - [The Hindu] Attempt 1/1: Trying with 'selenium_browser' strategy...
2026-01-31 02:09:23,614 - INFO - [BBC] Article: https://www.bbc.com/news/videos/c0key218pm4o?at_medium=RSS&at_campaign=rss
2026-01-31 02:09:23,614 - INFO - [BBC] Attempt 1/1: Trying with 'requests_browser' strategy...
2026-01-31 02:09:23,647 - INFO - [The Guardian] Article: https://www.theguardian.com/world/2026/jan/29/trump-claims-putin-agreed-to-halt-ukraine-energy-strikes-amid-extreme-cold
2026-01-31 02:09:23,648 - INFO - [The Guardian] Attempt 1/1: Trying with 'requests_browser' strategy...
2026-01-31 02:09:23,855 - INFO - [The Guardian] Success with 'requests_browser'. Found content (650 words).
2026-01-31 02:09:24,106 - INFO - [BBC] Success with 'requests_browser'. Found content (96 words).
2026-01-31 02:09:24,258 - INFO - Duplicate article skipped: Trump claims Putin agreed to halt strikes on Ukraine energy sites amid extreme cold | Ukraine | The Guardian from The Guardian
2026-01-31 02:09:24,500 - INFO - Saved article: Watch: Batman tells city council to not assist ICE at Super Bowl from BBC
2026-01-31 02:09:25,250 - INFO - [The Guardian] Article: https://www.theguardian.com/world/2026/jan/29/greenland-nuuk-comedian-flag-stunt-mayor
2026-01-31 02:09:25,251 - INFO - [The Guardian] Attempt 1/1: Trying with 'requests_browser' strategy...
2026-01-31 02:09:25,382 - INFO - [The Guardian] Success with 'requests_browser'. Found content (339 words).
2026-01-31 02:09:25,592 - INFO - Duplicate article skipped: Greenland threats no laughing matter, says mayor after comic’s flag stunt | Greenland | The Guardian from The Guardian
2026-01-31 02:09:27,555 - INFO - [The Hindu] Page content loaded.
2026-01-31 02:09:27,648 - INFO - [The Hindu] Success with 'selenium_browser'. Found content (324 words).
2026-01-31 02:09:27,814 - INFO - Saved article: PDP’s Parra introduces ‘J&K Reconciliation, Trauma Healing and Dignity’ Bill in Assembly - The Hindu from The Hindu
2026-01-31 02:09:28,530 - INFO - [The Hindu] Article: https://www.thehindu.com/news/national/50-years-ago-on-this-day-for-the-first-time-a-government-was-dismissed-in-tamil-nadu/article70571091.ece
2026-01-31 02:09:28,530 - INFO - [The Hindu] Attempt 1/1: Trying with 'selenium_browser' strategy...
2026-01-31 02:09:32,388 - INFO - [The Hindu] Page content loaded.
2026-01-31 02:09:32,463 - INFO - [The Hindu] Success with 'selenium_browser'. Found content (928 words).
2026-01-31 02:09:32,537 - INFO - Saved article: 50 years ago, on this day, for the first time a Government was dismissed in Tamil Nadu - The Hindu from The Hindu
2026-01-31 02:09:33,766 - INFO - [The Hindu] Article: https://www.thehindu.com/news/national/uttar-pradesh/many-police-officers-use-firearms-on-accusedsuspects-just-to-get-fame-or-out-of-turn-promotion-said-allahabad-hc/article70571227.ece
2026-01-31 02:09:33,766 - INFO - [The Hindu] Attempt 1/1: Trying with 'selenium_browser' strategy...
2026-01-31 02:09:35,589 - INFO - [The Hindu] Page content loaded.
2026-01-31 02:09:35,677 - INFO - [The Hindu] Success with 'selenium_browser'. Found content (482 words).
2026-01-31 02:09:35,741 - INFO - Saved article: Many police officers use firearms on accused/suspects just to get fame or out of turn promotion, said Allahabad HC - The Hindu from The Hindu
2026-01-31 02:09:36,545 - INFO - [The Hindu] Article: https://www.thehindu.com/education/colleges/2026-ugc-equity-rules-cracks-on-campus/article70571618.ece
2026-01-31 02:09:36,545 - INFO - [The Hindu] Attempt 1/1: Trying with 'selenium_browser' strategy...
2026-01-31 02:09:37,513 - INFO - [The Hindu] Page content loaded.
2026-01-31 02:09:37,582 - INFO - [The Hindu] Success with 'selenium_browser'. Found content (2312 words).
2026-01-31 02:09:37,647 - INFO - Saved article: 2026 UGC equity rules: Cracks on campus - The Hindu from The Hindu
2026-01-31 02:09:38,252 - INFO - [The Hindu] Article: https://www.thehindu.com/news/national/uttar-pradesh/bjp-mla-confronts-up-minister-over-delayed-water-projects-in-mahoba-video-went-viral/article70571405.ece
2026-01-31 02:09:38,253 - INFO - [The Hindu] Attempt 1/1: Trying with 'selenium_browser' strategy...
2026-01-31 02:09:39,275 - INFO - [The Hindu] Page content loaded.
2026-01-31 02:09:39,499 - INFO - [The Hindu] Success with 'selenium_browser'. Found content (375 words).
2026-01-31 02:09:39,603 - INFO - Saved article: BJP MLA confronts U.P. Minister over delayed water projects in Mahoba, video went viral - The Hindu from The Hindu
2026-01-31 02:09:40,794 - INFO - [The Hindu] Article: https://www.thehindu.com/news/national/maharashtra/challenges-against-sunetra-pawar-maharashtra-deputy-chief-minister-turbulent-political-scenario/article70572007.ece
2026-01-31 02:09:40,794 - INFO - [The Hindu] Attempt 1/1: Trying with 'selenium_browser' strategy...
2026-01-31 02:09:41,791 - INFO - [The Hindu] Page content loaded.
2026-01-31 02:09:41,924 - INFO - [The Hindu] Success with 'selenium_browser'. Found content (741 words).
2026-01-31 02:09:41,993 - INFO - Saved article: Challenges stacked against Sunetra Pawar, who will take charge in a turbulent political scenario, amid a flux in two parties - The Hindu from The Hindu
2026-01-31 02:09:42,851 - INFO - [The Hindu] Article: https://www.thehindu.com/news/international/indian-origin-printing-firm-boss-convicted-of-covid-loan-fraud-in-uk/article70572161.ece
2026-01-31 02:09:42,851 - INFO - [The Hindu] Attempt 1/1: Trying with 'selenium_browser' strategy...
2026-01-31 02:09:44,509 - INFO - [The Hindu] Page content loaded.
2026-01-31 02:09:44,571 - INFO - [The Hindu] Success with 'selenium_browser'. Found content (503 words).
2026-01-31 02:09:44,633 - INFO - Saved article: Indian-origin printing firm boss convicted of COVID loan fraud in U.K. - The Hindu from The Hindu
2026-01-31 02:09:46,031 - INFO - [The Hindu] Article: https://www.thehindu.com/news/national/rajasthan/rajasthan-assembly-witnesses-heated-exchanges-over-sir-irregularities-issue/article70571103.ece
2026-01-31 02:09:46,031 - INFO - [The Hindu] Attempt 1/1: Trying with 'selenium_browser' strategy...
2026-01-31 02:09:48,951 - INFO - [The Hindu] Page content loaded.
2026-01-31 02:09:49,059 - INFO - [The Hindu] Success with 'selenium_browser'. Found content (377 words).
2026-01-31 02:09:49,205 - INFO - Saved article: Rajasthan Assembly witnesses heated exchanges over ‘SIR irregularities’ issue - The Hindu from The Hindu
2026-01-31 02:09:50,329 - INFO - [The Hindu] Article: https://www.thehindu.com/news/national/telangana/a-soldier-few-know-a-record-few-can-match-brigadier-henry-bhaskars-journey-through-two-wars-and-beyond/article70569402.ece
2026-01-31 02:09:50,329 - INFO - [The Hindu] Attempt 1/1: Trying with 'selenium_browser' strategy...
2026-01-31 02:09:51,492 - INFO - [The Hindu] Page content loaded.
2026-01-31 02:09:51,623 - INFO - [The Hindu] Success with 'selenium_browser'. Found content (754 words).
2026-01-31 02:09:51,714 - INFO - Saved article: A soldier few know, a record few can match: Brigadier Henry Bhaskar’s journey through two wars and beyond - The Hindu from The Hindu
2026-01-31 02:09:52,822 - INFO - [The Hindu] Article: https://www.thehindu.com/news/national/telangana/when-the-sea-became-a-shared-responsibility-for-scientists-and-people-living-along-the-coast/article70569836.ece
2026-01-31 02:09:52,822 - INFO - [The Hindu] Attempt 1/1: Trying with 'selenium_browser' strategy...
2026-01-31 02:09:54,640 - INFO - [The Hindu] Page content loaded.
2026-01-31 02:09:54,692 - INFO - [The Hindu] Success with 'selenium_browser'. Found content (938 words).
2026-01-31 02:09:54,758 - INFO - Saved article: When the sea became a shared responsibility for scientists and people living along the coast - The Hindu from The Hindu
2026-01-31 02:09:56,065 - INFO - [The Hindu] Article: https://www.thehindu.com/news/national/ai171-crash-probe-aaib-assessing-various-aspects-nothing-has-been-ruled-out-says-source/article70572154.ece
2026-01-31 02:09:56,066 - INFO - [The Hindu] Attempt 1/1: Trying with 'selenium_browser' strategy...
2026-01-31 02:09:57,006 - INFO - [The Hindu] Page content loaded.
2026-01-31 02:09:57,063 - INFO - [The Hindu] Success with 'selenium_browser'. Found content (415 words).
2026-01-31 02:09:57,151 - INFO - Saved article: AI171 crash probe: AAIB assessing various aspects; nothing has been ruled out, says source - The Hindu from The Hindu
2026-01-31 02:09:58,488 - INFO - [The Hindu] Article: https://www.thehindu.com/news/national/tamil-nadu/how-can-state-government-squat-on-private-property-asks-madras-high-court-chief-justice/article70571519.ece
2026-01-31 02:09:58,488 - INFO - [The Hindu] Attempt 1/1: Trying with 'selenium_browser' strategy...
2026-01-31 02:09:59,940 - INFO - [The Hindu] Page content loaded.
2026-01-31 02:10:00,021 - INFO - [The Hindu] Success with 'selenium_browser'. Found content (449 words).
2026-01-31 02:10:00,110 - INFO - Saved article: How can State government squat on private property, asks Madras High Court Chief Justice - The Hindu from The Hindu
2026-01-31 02:10:00,708 - INFO - [The Hindu] Article: https://www.thehindu.com/news/national/tamil-nadu/governor-rn-ravi-chief-minister-mk-stalin-pay-tributes-to-mahatma-gandhi/article70569649.ece
2026-01-31 02:10:00,708 - INFO - [The Hindu] Attempt 1/1: Trying with 'selenium_browser' strategy...
2026-01-31 02:10:01,934 - INFO - [The Hindu] Page content loaded.
2026-01-31 02:10:02,113 - INFO - [The Hindu] Success with 'selenium_browser'. Found content (190 words).
2026-01-31 02:10:02,336 - INFO - Saved article: Governor R.N. Ravi, Chief Minister M.K. Stalin pay tributes to Mahatma Gandhi - The Hindu from The Hindu
2026-01-31 02:10:03,363 - INFO - [The Hindu] Article: https://www.thehindu.com/news/national/tamil-nadu/association-pays-tributes-to-freedom-fighters-in-chennai/article70570234.ece
2026-01-31 02:10:03,363 - INFO - [The Hindu] Attempt 1/1: Trying with 'selenium_browser' strategy...
2026-01-31 02:10:04,709 - INFO - [The Hindu] Page content loaded.
2026-01-31 02:10:04,780 - INFO - [The Hindu] Success with 'selenium_browser'. Found content (94 words).
2026-01-31 02:10:04,947 - INFO - Saved article: Association pays tributes to freedom fighters in Chennai - The Hindu from The Hindu
2026-01-31 02:10:06,367 - INFO - [The Hindu] Article: https://www.thehindu.com/news/national/tamil-nadu/bjp-begins-gathering-public-opinion-for-election-manifesto/article70570455.ece
2026-01-31 02:10:06,367 - INFO - [The Hindu] Attempt 1/1: Trying with 'selenium_browser' strategy...
2026-01-31 02:10:07,439 - INFO - [The Hindu] Page content loaded.
2026-01-31 02:10:07,510 - INFO - [The Hindu] Success with 'selenium_browser'. Found content (177 words).
2026-01-31 02:10:07,624 - INFO - Saved article: BJP begins gathering public opinion for election manifesto - The Hindu from The Hindu
2026-01-31 02:10:08,750 - INFO - [The Hindu] Article: https://www.thehindu.com/news/national/maharashtra/maharashtra-zilla-parishad-elections-postponed-to-february-7-sec/article70571423.ece
2026-01-31 02:10:08,751 - INFO - [The Hindu] Attempt 1/1: Trying with 'selenium_browser' strategy...
2026-01-31 02:10:10,787 - INFO - [The Hindu] Page content loaded.
2026-01-31 02:10:10,868 - INFO - [The Hindu] Success with 'selenium_browser'. Found content (279 words).
2026-01-31 02:10:10,973 - INFO - Saved article: Maharashtra Zilla Parishad elections postponed to February 7: SEC - The Hindu from The Hindu
2026-01-31 02:10:11,890 - INFO - [The Hindu] Article: https://www.thehindu.com/news/national/tamil-nadu/will-waive-cooperative-society-loans-for-persons-with-disabilities-promises-palaniswami/article70571770.ece
2026-01-31 02:10:11,890 - INFO - [The Hindu] Attempt 1/1: Trying with 'selenium_browser' strategy...
2026-01-31 02:10:23,237 - ERROR - [Times of India] Request failed for strategy 'selenium_browser' on URL https://timesofindia.indiatimes.com/world/us/dear-g-is-melania-trump-mentioned-in-the-epstein-files-and-who-is-g/articleshow/127812250.cms: Message: timeout: Timed out receiving message from renderer: 57.784
  (Session info: chrome=144.0.7559.96)
Stacktrace:
#0 0x563677381afa <unknown>
#1 0x563676d9b60f <unknown>
#2 0x563676d82d11 <unknown>
#3 0x563676d82936 <unknown>
#4 0x563676d8044b <unknown>
#5 0x563676d80dcf <unknown>
#6 0x563676d902e0 <unknown>
#7 0x563676daa2b7 <unknown>
#8 0x563676db14bb <unknown>
#9 0x563676d81539 <unknown>
#10 0x563676daa04c <unknown>
#11 0x563676e399a3 <unknown>
#12 0x563676de2842 <unknown>
#13 0x563676de3631 <unknown>
#14 0x563677347689 <unknown>
#15 0x56367734a581 <unknown>
#16 0x563677333ca9 <unknown>
#17 0x56367734b13e <unknown>
#18 0x56367731a3a0 <unknown>
#19 0x56367736efc8 <unknown>
#20 0x56367736f19b <unknown>
#21 0x563677380e68 <unknown>
#22 0x7f7092a9caa4 <unknown>
#23 0x7f7092b29c6c <unknown>

2026-01-31 02:10:23,237 - ERROR - [Times of India] All scrape strategies failed for https://timesofindia.indiatimes.com/world/us/dear-g-is-melania-trump-mentioned-in-the-epstein-files-and-who-is-g/articleshow/127812250.cms. Falling back to RSS description.
2026-01-31 02:10:23,239 - INFO - Saved article: ‘Dear G’: Is Melania Trump mentioned in the Epstein files, and who is ‘G’? from Times of India
2026-01-31 02:10:24,194 - INFO - [Times of India] Article: https://timesofindia.indiatimes.com/world/us/who-is-linwei-ding-ex-google-engineer-convicted-of-stealing-us-ai-trade-secrets-for-china/articleshow/127812238.cms
2026-01-31 02:10:24,194 - INFO - [Times of India] Attempt 1/1: Trying with 'selenium_browser' strategy...
2026-01-31 02:10:25,314 - INFO - [Times of India] Page content loaded.
2026-01-31 02:10:25,418 - INFO - [Times of India] Success with 'selenium_browser'. Found content (574 words).
2026-01-31 02:10:25,472 - INFO - Saved article: Who is Linwei Ding? Ex-Google engineer convicted of stealing US AI trade secrets for China | World News - The Times of India from Times of India
2026-01-31 02:10:26,209 - INFO - [Times of India] Article: https://timesofindia.indiatimes.com/world/us/epstein-files-justice-department-temporarily-removes-document-related-to-trump-and-jeffrey/articleshow/127810154.cms
2026-01-31 02:10:26,210 - INFO - [Times of India] Attempt 1/1: Trying with 'selenium_browser' strategy...
2026-01-31 02:10:27,668 - INFO - [Times of India] Page content loaded.
2026-01-31 02:10:27,752 - INFO - [Times of India] Success with 'selenium_browser'. Found content (260 words).
2026-01-31 02:10:27,804 - INFO - Saved article: Epstein Files: Justice department temporarily removes document related to Trump and Jeffrey - The Times of India from Times of India
2026-01-31 02:10:29,175 - INFO - [Times of India] Article: https://timesofindia.indiatimes.com/world/us-streamers/hasanabi-to-stream-on-youtube-following-twitch-suspension/articleshow/127809832.cms
2026-01-31 02:10:29,176 - INFO - [Times of India] Attempt 1/1: Trying with 'selenium_browser' strategy...
2026-01-31 02:10:30,613 - INFO - [Times of India] Page content loaded.
2026-01-31 02:10:30,698 - INFO - [Times of India] Success with 'selenium_browser'. Found content (399 words).
2026-01-31 02:10:30,749 - INFO - Saved article: HasanAbi to stream on YouTube following Twitch suspension - The Times of India from Times of India
2026-01-31 02:10:31,947 - INFO - [Times of India] Article: https://timesofindia.indiatimes.com/world/us/trump-calls-abc-news-fake-and-the-worst-clashes-with-reporter-when-asked-about-10-billion-lawsuit/articleshow/127809635.cms
2026-01-31 02:10:31,947 - INFO - [Times of India] Attempt 1/1: Trying with 'selenium_browser' strategy...
2026-01-31 02:10:33,168 - INFO - [Times of India] Page content loaded.
2026-01-31 02:10:33,340 - INFO - [Times of India] Success with 'selenium_browser'. Found content (343 words).
2026-01-31 02:10:33,389 - INFO - Saved article: Trump calls ABC News ‘fake’ and ‘the worst,’ clashes with reporter when asked about $10 billion lawsuit - The Times of India from Times of India
2026-01-31 02:10:34,025 - INFO - [Times of India] Article: https://timesofindia.indiatimes.com/world/us/epstein-files-was-elon-musk-planning-to-visit-jeffreys-private-island-heres-what-new-document-reveals/articleshow/127809692.cms
2026-01-31 02:10:34,025 - INFO - [Times of India] Attempt 1/1: Trying with 'selenium_browser' strategy...
2026-01-31 02:10:35,239 - INFO - [Times of India] Page content loaded.
2026-01-31 02:10:35,339 - INFO - [Times of India] Success with 'selenium_browser'. Found content (274 words).
2026-01-31 02:10:35,389 - INFO - Saved article: Epstein files: Did Elon Musk plan to visit Jeffrey’s private island? Here’s what new documents reveal - The Times of India from Times of India
2026-01-31 02:10:36,879 - INFO - [Times of India] Article: https://timesofindia.indiatimes.com/world/us-streamers/streamer-pokelawls-calls-out-emiru-for-staying-silent-on-tectone-and-lacari-allegations/articleshow/127809686.cms
2026-01-31 02:10:36,879 - INFO - [Times of India] Attempt 1/1: Trying with 'selenium_browser' strategy...
2026-01-31 02:10:38,290 - INFO - [Times of India] Page content loaded.
2026-01-31 02:10:38,386 - INFO - [Times of India] Success with 'selenium_browser'. Found content (397 words).
2026-01-31 02:10:38,440 - INFO - Saved article: Streamer Pokelawls calls out Emiru for staying silent on Tectone and Lacari allegations - The Times of India from Times of India
2026-01-31 02:10:39,560 - INFO - [Times of India] Article: https://timesofindia.indiatimes.com/world/us/new-engineering-team-in-india-former-amazon-employee-shares-screenshot-with-allegation-after-layoff/articleshow/127809601.cms
2026-01-31 02:10:39,560 - INFO - [Times of India] Attempt 1/1: Trying with 'selenium_browser' strategy...
2026-01-31 02:10:40,958 - INFO - [Times of India] Page content loaded.
2026-01-31 02:10:41,098 - INFO - [Times of India] Success with 'selenium_browser'. Found content (388 words).
2026-01-31 02:10:41,151 - INFO - Saved article: 'New engineering team in India...': Former Amazon employee shares screenshot with allegation after layoff - The Times of India from Times of India
2026-01-31 02:10:41,691 - INFO - [Times of India] Article: https://timesofindia.indiatimes.com/world/uk/uk-police-make-first-arrest-one-year-after-600-high-value-artefacts-were-stolen-from-bristol-museum/articleshow/127804295.cms
2026-01-31 02:10:41,691 - INFO - [Times of India] Attempt 1/1: Trying with 'selenium_browser' strategy...
2026-01-31 02:10:43,165 - INFO - [Times of India] Page content loaded.
2026-01-31 02:10:43,242 - INFO - [Times of India] Success with 'selenium_browser'. Found content (510 words).
2026-01-31 02:10:43,297 - INFO - Saved article: UK police make first arrest one year after 600 'high-value' artefacts were stolen from Bristol Museum | World News - The Times of India from Times of India
2026-01-31 02:10:44,412 - INFO - [Times of India] Article: https://timesofindia.indiatimes.com/world/us/epstein-files-bill-gates-caught-std-from-russian-girls-asked-for-antibiotics-to-secretly-give-to-his-ex-wife-melinda/articleshow/127808742.cms
2026-01-31 02:10:44,412 - INFO - [Times of India] Attempt 1/1: Trying with 'selenium_browser' strategy...
2026-01-31 02:10:45,157 - INFO - [Times of India] Page content loaded.
2026-01-31 02:10:45,321 - INFO - [Times of India] Success with 'selenium_browser'. Found content (440 words).
2026-01-31 02:10:45,424 - INFO - Saved article: Epstein files: Bill Gates caught STD from Russian girls; asked for antibiotics to secretly give to his ex-wife Melinda - The Times of India from Times of India
2026-01-31 02:10:46,583 - INFO - [Times of India] Article: https://timesofindia.indiatimes.com/world/us/agents-are-at-my-door-journalist-georgia-fort-films-moments-before-being-arrested-over-anti-ice-protest-coverage/articleshow/127807337.cms
2026-01-31 02:10:46,583 - INFO - [Times of India] Attempt 1/1: Trying with 'selenium_browser' strategy...
2026-01-31 02:10:48,261 - INFO - [Times of India] Page content loaded.
2026-01-31 02:10:48,351 - INFO - [Times of India] Success with 'selenium_browser'. Found content (363 words).
2026-01-31 02:10:48,402 - INFO - Saved article: ‘Agents are at my door’: Journalist Georgia Fort films moments before being arrested over anti-ICE protest coverage - The Times of India from Times of India
2026-01-31 02:10:49,666 - INFO - [Times of India] Article: https://timesofindia.indiatimes.com/world/us/nikki-haleys-son-spreads-india-hatred-on-x-says-they-have-a-cheap-government/articleshow/127807662.cms
2026-01-31 02:10:49,666 - INFO - [Times of India] Attempt 1/1: Trying with 'selenium_browser' strategy...
2026-01-31 02:10:50,605 - INFO - [Times of India] Page content loaded.
2026-01-31 02:10:50,692 - INFO - [Times of India] Success with 'selenium_browser'. Found content (333 words).
2026-01-31 02:10:50,766 - INFO - Saved article: Nikki Haley's son spreads India hatred on X, says 'they have a cheap government' - The Times of India from Times of India
2026-01-31 02:10:51,781 - INFO - [Times of India] Article: https://timesofindia.indiatimes.com/world/us/h-1b-registration-for-2027-opens-on-march-19-announces-uscis-100000-fee-weighted-selection-and-other-details/articleshow/127806886.cms
2026-01-31 02:10:51,782 - INFO - [Times of India] Attempt 1/1: Trying with 'selenium_browser' strategy...
2026-01-31 02:10:53,156 - INFO - [Times of India] Page content loaded.
2026-01-31 02:10:53,278 - INFO - [Times of India] Success with 'selenium_browser'. Found content (449 words).
2026-01-31 02:10:53,363 - INFO - Saved article: H-1B registration for 2027 opens on March 19, announces USCIS: $100,000 fee, weighted selection and other details - The Times of India from Times of India
2026-01-31 02:10:54,024 - INFO - [Times of India] Article: https://timesofindia.indiatimes.com/world/us/over-3-million-documents-2000-videos-180000-images-doj-to-release-final-set-of-epstein-files/articleshow/127805742.cms
2026-01-31 02:10:54,024 - INFO - [Times of India] Attempt 1/1: Trying with 'selenium_browser' strategy...
2026-01-31 02:10:55,277 - INFO - [Times of India] Page content loaded.
2026-01-31 02:10:55,474 - INFO - [Times of India] Success with 'selenium_browser'. Found content (971 words).
2026-01-31 02:10:55,532 - INFO - Saved article: 'Over 3 million documents, 2,000 videos & 180,000 images': DOJ releases final set of Epstein files - The Times of India from Times of India
2026-01-31 02:10:56,882 - INFO - [Times of India] Article: https://timesofindia.indiatimes.com/world/us/luigi-mangione-wont-face-death-penalty-for-killing-of-united-healthcare-ceo-brian-thompson-rules-judge/articleshow/127805897.cms
2026-01-31 02:10:56,882 - INFO - [Times of India] Attempt 1/1: Trying with 'selenium_browser' strategy...
2026-01-31 02:10:57,974 - INFO - [Times of India] Page content loaded.
2026-01-31 02:10:58,126 - INFO - [Times of India] Success with 'selenium_browser'. Found content (275 words).
2026-01-31 02:10:58,216 - INFO - Saved article: Luigi Mangione won't face death penalty for killing of United HealthCare CEO Brian Thompson, rules judge - The Times of India from Times of India
2026-01-31 02:10:59,123 - INFO - [Times of India] Article: https://timesofindia.indiatimes.com/world/us/indians-are-sending-me-tips-about-hyderabad-fraudsters-texas-journalist-on-h-1b-abuse/articleshow/127805453.cms
2026-01-31 02:10:59,124 - INFO - [Times of India] Attempt 1/1: Trying with 'selenium_browser' strategy...
2026-01-31 02:11:00,131 - INFO - [Times of India] Page content loaded.
2026-01-31 02:11:00,302 - INFO - [Times of India] Success with 'selenium_browser'. Found content (349 words).
2026-01-31 02:11:00,364 - INFO - Saved article: Indians are sending me tips about 'Hyderabad fraudsters': Texas journalist on H-1B abuse - The Times of India from Times of India
2026-01-31 02:11:01,389 - INFO - [Times of India] Article: https://timesofindia.indiatimes.com/world/rest-of-world/indian-origin-man-arrested-in-canada-for-setting-his-own-restaurant-on-fire-for-insurance-money/articleshow/127804698.cms
2026-01-31 02:11:01,389 - INFO - [Times of India] Attempt 1/1: Trying with 'selenium_browser' strategy...
2026-01-31 02:11:02,420 - INFO - [Times of India] Page content loaded.
2026-01-31 02:11:02,555 - INFO - [Times of India] Success with 'selenium_browser'. Found content (116 words).
2026-01-31 02:11:02,621 - INFO - Saved article: Indian-origin man arrested in Canada for setting his own restaurant on fire for insurance money - The Times of India from Times of India
2026-01-31 02:11:03,360 - INFO - [Times of India] Article: https://timesofindia.indiatimes.com/etimes/trending/its-a-nightmare-uk-man-sues-nhs-after-receiving-eight-years-of-chemotherapy-instead-of-six-months/articleshow/127802189.cms
2026-01-31 02:11:03,360 - INFO - [Times of India] Attempt 1/1: Trying with 'selenium_browser' strategy...
2026-01-31 02:11:05,566 - INFO - [Times of India] Page content loaded.
2026-01-31 02:11:05,637 - INFO - [Times of India] Success with 'selenium_browser'. Found content (820 words).
2026-01-31 02:11:05,685 - INFO - Saved article: ‘It’s a nightmare’: UK man sues NHS after receiving eight years of chemotherapy instead of six months | - The Times of India from Times of India
2026-01-31 02:11:06,204 - INFO - [Times of India] (Thread) Finished. Attempting to shut down its Selenium driver.
2026-01-31 02:11:06,377 - INFO - [Times of India] (Thread) driver.quit() successful.
2026-01-31 02:11:11,907 - ERROR - [The Hindu] Request failed for strategy 'selenium_browser' on URL https://www.thehindu.com/news/national/tamil-nadu/will-waive-cooperative-society-loans-for-persons-with-disabilities-promises-palaniswami/article70571770.ece: Message: timeout: Timed out receiving message from renderer: 59.939
  (Session info: chrome=144.0.7559.96)
Stacktrace:
#0 0x56474868bafa <unknown>
#1 0x5647480a560f <unknown>
#2 0x56474808cd11 <unknown>
#3 0x56474808c936 <unknown>
#4 0x56474808a44b <unknown>
#5 0x56474808adcf <unknown>
#6 0x56474809a2e0 <unknown>
#7 0x5647480b42b7 <unknown>
#8 0x5647480bb4bb <unknown>
#9 0x56474808b539 <unknown>
#10 0x5647480b404c <unknown>
#11 0x5647481439a3 <unknown>
#12 0x5647480ec842 <unknown>
#13 0x5647480ed631 <unknown>
#14 0x564748651689 <unknown>
#15 0x564748654581 <unknown>
#16 0x56474863dca9 <unknown>
#17 0x56474865513e <unknown>
#18 0x5647486243a0 <unknown>
#19 0x564748678fc8 <unknown>
#20 0x56474867919b <unknown>
#21 0x56474868ae68 <unknown>
#22 0x7f189449caa4 <unknown>
#23 0x7f1894529c6c <unknown>

2026-01-31 02:11:11,907 - ERROR - [The Hindu] All scrape strategies failed for https://www.thehindu.com/news/national/tamil-nadu/will-waive-cooperative-society-loans-for-persons-with-disabilities-promises-palaniswami/article70571770.ece. Falling back to RSS description.
2026-01-31 02:11:11,909 - INFO - Saved article: Will waive cooperative society loans for persons with disabilities, promises Palaniswami from The Hindu
2026-01-31 02:11:13,096 - INFO - [The Hindu] Article: https://www.thehindu.com/news/national/west-bengal/sir-in-bengal-ex-india-women-cricketer-jhulan-goswami-summoned-for-sir-hearing/article70571938.ece
2026-01-31 02:11:13,096 - INFO - [The Hindu] Attempt 1/1: Trying with 'selenium_browser' strategy...
2026-01-31 02:11:13,674 - INFO - [The Hindu] Page content loaded.
2026-01-31 02:11:13,832 - INFO - [The Hindu] Success with 'selenium_browser'. Found content (215 words).
2026-01-31 02:11:13,895 - INFO - Saved article: SIR in Bengal: Cricketer Jhulan Goswami summoned for hearing - The Hindu from The Hindu
2026-01-31 02:11:14,803 - INFO - [The Hindu] Article: https://www.thehindu.com/news/cities/Delhi/ngt-warns-up-officials-of-prosecution-over-illegal-sand-mining-lapses/article70571946.ece
2026-01-31 02:11:14,804 - INFO - [The Hindu] Attempt 1/1: Trying with 'selenium_browser' strategy...
2026-01-31 02:11:15,645 - INFO - [The Hindu] Page content loaded.
2026-01-31 02:11:15,684 - INFO - [The Hindu] Success with 'selenium_browser'. Found content (401 words).
2026-01-31 02:11:15,752 - INFO - Saved article: NGT warns action against officers for lapses on curbing illegal mining - The Hindu from The Hindu
2026-01-31 02:11:16,661 - INFO - [The Hindu] Article: https://www.thehindu.com/news/cities/Coimbatore/cean-appeals-for-more-transparency-in-preventing-corruption-in-local-bodies-in-the-nilgiris/article70569982.ece
2026-01-31 02:11:16,661 - INFO - [The Hindu] Attempt 1/1: Trying with 'selenium_browser' strategy...
2026-01-31 02:11:17,430 - INFO - [The Hindu] Page content loaded.
2026-01-31 02:11:17,522 - INFO - [The Hindu] Success with 'selenium_browser'. Found content (287 words).
2026-01-31 02:11:17,701 - INFO - Saved article: CEAN appeals for more transparency in preventing corruption in local bodies in the Nilgiris - The Hindu from The Hindu
2026-01-31 02:11:18,901 - INFO - [The Hindu] (Thread) Finished. Attempting to shut down its Selenium driver.
2026-01-31 02:11:19,066 - INFO - [The Hindu] (Thread) driver.quit() successful.
2026-01-31 02:11:19,066 - INFO - Shutting down thread pool (wait=False)...
2026-01-31 02:11:19,066 - INFO - Scraped: 16 BBC, 25 The Hindu, 10 The Guardian, 20 Times of India articles. (Total saved: 71)
2026-01-31 02:11:19,066 - INFO - --- Scraping job finished ---
2026-01-31 02:11:19,071 - INFO - --- Scraper service stopped and database connection closed. ---
2026-01-31 02:11:19,071 - INFO - --- Main thread finished. Forcing process exit to kill zombie threads. ---
