2026-05-02 02:54:06,859 - INFO - Initializing database connection at: news_articles.db
2026-05-02 02:54:06,860 - INFO - --- Scraper service started (CI Mode: Run Once) ---
2026-05-02 02:54:06,860 - INFO - --- Starting new scraping job (Parallel Mode) ---
2026-05-02 02:54:06,860 - INFO - Creating new robust session with 3 retries on 5xx/connection/read errors.
2026-05-02 02:54:06,860 - INFO - Proxy is DISABLED.
2026-05-02 02:54:06,860 - INFO - Starting scrape for BBC RSS feed: http://feeds.bbci.co.uk/news/world/rss.xml
2026-05-02 02:54:06,861 - INFO - [Times of India] (Thread) requires Selenium. Initializing driver...
2026-05-02 02:54:06,861 - INFO - Initializing headless Selenium Chrome driver (using SeleniumManager)...
2026-05-02 02:54:06,861 - INFO - Starting scrape for The Guardian RSS feed: https://www.theguardian.com/world/rss
2026-05-02 02:54:06,862 - INFO - [The Hindu] (Thread) requires Selenium. Initializing driver...
2026-05-02 02:54:06,862 - INFO - Submitted 4 jobs to thread pool. Waiting up to 420s for completion...
2026-05-02 02:54:06,862 - INFO - Initializing headless Selenium Chrome driver (using SeleniumManager)...
2026-05-02 02:54:06,985 - INFO - Found 45 articles in The Guardian RSS feed. Processing up to 25.
2026-05-02 02:54:06,985 - INFO - [The Guardian] Article: https://www.theguardian.com/global-development/2026/may/01/sabastian-sawe-hero-welcome-kenya-sub-two-marathon
2026-05-02 02:54:06,985 - INFO - [The Guardian] Attempt 1/1: Trying with 'requests_browser' strategy...
2026-05-02 02:54:07,087 - INFO - [The Guardian] Success with 'requests_browser'. Found content (832 words).
2026-05-02 02:54:07,157 - INFO - Saved article: Sabastian Sawe receives hero’s welcome in Kenya after sub-two hour marathon feat | Kenya | The Guardian from The Guardian
2026-05-02 02:54:07,250 - INFO - Found 38 articles in BBC RSS feed. Processing up to 25.
2026-05-02 02:54:07,250 - INFO - [BBC] Article: https://www.bbc.com/news/articles/c0729d374mxo?at_medium=RSS&at_campaign=rss
2026-05-02 02:54:07,250 - INFO - [BBC] Attempt 1/1: Trying with 'requests_browser' strategy...
2026-05-02 02:54:07,476 - INFO - [BBC] Success with 'requests_browser'. Found content (631 words).
2026-05-02 02:54:07,517 - INFO - Saved article: US to cut troop levels in Germany by 5,000 amid Trump spat with Merz from BBC
2026-05-02 02:54:08,493 - INFO - [The Guardian] Article: https://www.theguardian.com/global-development/2026/may/01/uganda-copying-russia-and-china-with-new-bill-designed-to-crush-dissent-say-critics
2026-05-02 02:54:08,493 - INFO - [The Guardian] Attempt 1/1: Trying with 'requests_browser' strategy...
2026-05-02 02:54:08,564 - INFO - [The Guardian] Success with 'requests_browser'. Found content (875 words).
2026-05-02 02:54:08,593 - INFO - Duplicate article skipped: Uganda copying Russia and China with new bill designed to crush dissent, say critics | Global development | The Guardian from The Guardian
2026-05-02 02:54:08,994 - INFO - [BBC] Article: https://www.bbc.com/news/articles/c4g4xexy4w7o?at_medium=RSS&at_campaign=rss
2026-05-02 02:54:08,994 - INFO - [BBC] Attempt 1/1: Trying with 'requests_browser' strategy...
2026-05-02 02:54:09,033 - INFO - [BBC] Success with 'requests_browser'. Found content (761 words).
2026-05-02 02:54:09,068 - INFO - Saved article: Trump tells Congress ceasefire means he does not need their approval for Iran war from BBC
2026-05-02 02:54:09,631 - INFO - [The Guardian] Article: https://www.theguardian.com/global-development/2026/may/01/bae-lawsuit-scrap-support-aid-aircraft-encomm-aviation
2026-05-02 02:54:09,632 - INFO - [The Guardian] Attempt 1/1: Trying with 'requests_browser' strategy...
2026-05-02 02:54:09,770 - INFO - [The Guardian] Success with 'requests_browser'. Found content (374 words).
2026-05-02 02:54:09,798 - INFO - Duplicate article skipped: BAE faces £120m lawsuit over decision to scrap support for aid aircraft | Global development | The Guardian from The Guardian
2026-05-02 02:54:09,824 - INFO - [BBC] Article: https://www.bbc.com/news/articles/cpwp50v4ye7o?at_medium=RSS&at_campaign=rss
2026-05-02 02:54:09,824 - INFO - [BBC] Attempt 1/1: Trying with 'requests_browser' strategy...
2026-05-02 02:54:09,951 - INFO - [BBC] Success with 'requests_browser'. Found content (725 words).
2026-05-02 02:54:09,985 - INFO - Duplicate article skipped: Billions of meals at risk due to Iran war, says fertiliser boss from BBC
2026-05-02 02:54:10,678 - INFO - [BBC] Article: https://www.bbc.com/news/articles/cd6w15vgp7lo?at_medium=RSS&at_campaign=rss
2026-05-02 02:54:10,678 - INFO - [BBC] Attempt 1/1: Trying with 'requests_browser' strategy...
2026-05-02 02:54:10,725 - INFO - [BBC] Success with 'requests_browser'. Found content (1383 words).
2026-05-02 02:54:10,761 - INFO - Saved article: Australia wants to be first nation in the world to eliminate a cancer - can it? from BBC
2026-05-02 02:54:11,208 - INFO - [The Guardian] Article: https://www.theguardian.com/business/2026/may/01/iran-war-may-cause-food-shortages-in-africa-world-largest-fertiliser-firm-yara-says
2026-05-02 02:54:11,208 - INFO - [The Guardian] Attempt 1/1: Trying with 'requests_browser' strategy...
2026-05-02 02:54:11,275 - INFO - [The Guardian] Success with 'requests_browser'. Found content (714 words).
2026-05-02 02:54:11,287 - INFO - [BBC] Article: https://www.bbc.com/news/articles/cm2pmk0r3pjo?at_medium=RSS&at_campaign=rss
2026-05-02 02:54:11,292 - INFO - [BBC] Attempt 1/1: Trying with 'requests_browser' strategy...
2026-05-02 02:54:11,304 - INFO - Duplicate article skipped: Iran war may cause food shortages in Africa, world’s largest fertiliser firm says | Chemical industry | The Guardian from The Guardian
2026-05-02 02:54:11,344 - INFO - [BBC] Success with 'requests_browser'. Found content (897 words).
2026-05-02 02:54:11,381 - INFO - Saved article: Who shot a Secret Service officer at the Trump press dinner? from BBC
2026-05-02 02:54:11,868 - INFO - [The Guardian] Article: https://www.theguardian.com/world/2026/apr/29/south-africa-deports-mugabes-son-after-separate-offences-three-months-after-shooting-at-family-home
2026-05-02 02:54:11,868 - INFO - [The Guardian] Attempt 1/1: Trying with 'requests_browser' strategy...
2026-05-02 02:54:11,941 - INFO - [The Guardian] Success with 'requests_browser'. Found content (463 words).
2026-05-02 02:54:11,971 - INFO - Duplicate article skipped: South Africa deports Mugabe’s son for unrelated offences after employee shot at family home | Robert Mugabe | The Guardian from The Guardian
2026-05-02 02:54:12,302 - INFO - [BBC] Article: https://www.bbc.com/news/articles/czx2rnk9y9go?at_medium=RSS&at_campaign=rss
2026-05-02 02:54:12,302 - INFO - [BBC] Attempt 1/1: Trying with 'requests_browser' strategy...
2026-05-02 02:54:12,332 - INFO - [BBC] Success with 'requests_browser'. Found content (378 words).
2026-05-02 02:54:12,364 - INFO - Saved article: French PM fuels row with trip to buy baguettes from BBC
2026-05-02 02:54:12,845 - INFO - [The Guardian] Article: https://www.theguardian.com/world/2026/may/02/cuba-trump-new-sanctions-economy
2026-05-02 02:54:12,846 - INFO - [The Guardian] Attempt 1/1: Trying with 'requests_browser' strategy...
2026-05-02 02:54:12,909 - INFO - [The Guardian] Success with 'requests_browser'. Found content (518 words).
2026-05-02 02:54:12,938 - INFO - Saved article: Cuba says Trump’s fresh sanctions on its economy amount to ‘collective punishment’ | Cuba | The Guardian from The Guardian
2026-05-02 02:54:13,255 - INFO - [BBC] Article: https://www.bbc.com/news/articles/c2k20z5yj3wo?at_medium=RSS&at_campaign=rss
2026-05-02 02:54:13,255 - INFO - [BBC] Attempt 1/1: Trying with 'requests_browser' strategy...
2026-05-02 02:54:13,296 - INFO - [BBC] Success with 'requests_browser'. Found content (650 words).
2026-05-02 02:54:13,329 - INFO - Saved article: US court limits mail-order access to abortion pill mifepristone from BBC
2026-05-02 02:54:13,487 - INFO - [The Guardian] Article: https://www.theguardian.com/us-news/2026/may/01/pope-former-undocumented-immigrant-bishop-west-virginia
2026-05-02 02:54:13,488 - INFO - [The Guardian] Attempt 1/1: Trying with 'requests_browser' strategy...
2026-05-02 02:54:13,561 - INFO - [The Guardian] Success with 'requests_browser'. Found content (465 words).
2026-05-02 02:54:13,637 - INFO - Saved article: Pope appoints former undocumented immigrant as bishop of West Virginia | West Virginia | The Guardian from The Guardian
2026-05-02 02:54:14,584 - INFO - [The Guardian] Article: https://www.theguardian.com/environment/2026/may/01/could-key-climate-talks-mark-ground-zero-in-global-push-to-ditch-fossil-fuels
2026-05-02 02:54:14,585 - INFO - [The Guardian] Attempt 1/1: Trying with 'requests_browser' strategy...
2026-05-02 02:54:14,632 - INFO - Selenium driver initialized successfully.
2026-05-02 02:54:14,632 - INFO - Starting scrape for The Hindu RSS feed: https://www.thehindu.com/news/national/feeder/default.rss
2026-05-02 02:54:14,633 - INFO - Selenium driver initialized successfully.
2026-05-02 02:54:14,633 - INFO - Starting scrape for Times of India RSS feed: https://timesofindia.indiatimes.com/rssfeeds/296589292.cms
2026-05-02 02:54:14,677 - INFO - [BBC] Article: https://www.bbc.com/news/articles/c3e283g80n4o?at_medium=RSS&at_campaign=rss
2026-05-02 02:54:14,677 - INFO - [BBC] Attempt 1/1: Trying with 'requests_browser' strategy...
2026-05-02 02:54:14,705 - INFO - Found 20 articles in Times of India RSS feed. Processing up to 25.
2026-05-02 02:54:14,706 - INFO - [Times of India] Article: https://timesofindia.indiatimes.com/world/us/plane-carrying-pickleball-players-crashes-in-texas-five-killed/articleshow/130708567.cms
2026-05-02 02:54:14,706 - INFO - [Times of India] Attempt 1/1: Trying with 'selenium_browser' strategy...
2026-05-02 02:54:14,713 - INFO - [The Guardian] Success with 'requests_browser'. Found content (1611 words).
2026-05-02 02:54:14,775 - INFO - Saved article: Could Santa Marta climate talks mark ground zero in push to ditch fossil fuels? | Global climate talks | The Guardian from The Guardian
2026-05-02 02:54:14,788 - INFO - Found 60 articles in The Hindu RSS feed. Processing up to 25.
2026-05-02 02:54:14,788 - INFO - [The Hindu] Article: https://www.thehindu.com/news/national/assembly-elections-live-updates-may-2-2026-tamil-nadu-west-bengal-assam-kerala-pondicherry-results/article70930663.ece
2026-05-02 02:54:14,788 - INFO - [The Hindu] Attempt 1/1: Trying with 'selenium_browser' strategy...
2026-05-02 02:54:14,796 - INFO - [BBC] Success with 'requests_browser'. Found content (530 words).
2026-05-02 02:54:14,849 - INFO - Saved article: War criminal Ratko Mladic close to death, lawyers seeking release from jail say from BBC
2026-05-02 02:54:15,684 - INFO - [BBC] Article: https://www.bbc.com/news/articles/cz72j59znw3o?at_medium=RSS&at_campaign=rss
2026-05-02 02:54:15,685 - INFO - [BBC] Attempt 1/1: Trying with 'requests_browser' strategy...
2026-05-02 02:54:15,721 - INFO - [The Guardian] Article: https://www.theguardian.com/world/2026/may/01/antigua-barbuda-gaston-browne-win-election
2026-05-02 02:54:15,721 - INFO - [The Guardian] Attempt 1/1: Trying with 'requests_browser' strategy...
2026-05-02 02:54:15,737 - INFO - [BBC] Success with 'requests_browser'. Found content (508 words).
2026-05-02 02:54:15,789 - INFO - Duplicate article skipped: Pavel Talankin's Oscar for Mr Nobody Against Putin found after going missing on NY flight from BBC
2026-05-02 02:54:15,800 - INFO - [The Guardian] Success with 'requests_browser'. Found content (547 words).
2026-05-02 02:54:15,847 - INFO - Duplicate article skipped: Antigua and Barbuda prime minister set to win fourth term in election | Antigua and Barbuda | The Guardian from The Guardian
2026-05-02 02:54:16,504 - INFO - [BBC] Article: https://www.bbc.com/news/articles/cwy2x7rq3nqo?at_medium=RSS&at_campaign=rss
2026-05-02 02:54:16,508 - INFO - [BBC] Attempt 1/1: Trying with 'requests_browser' strategy...
2026-05-02 02:54:16,610 - INFO - [BBC] Success with 'requests_browser'. Found content (308 words).
2026-05-02 02:54:16,805 - INFO - Saved article: Turkish police arrest more than 500 people at May Day rallies from BBC
2026-05-02 02:54:17,010 - INFO - [The Guardian] Article: https://www.theguardian.com/australia-news/2026/may/01/denise-williams-australian-hiker-missing-canada-nova-scotia
2026-05-02 02:54:17,011 - INFO - [The Guardian] Attempt 1/1: Trying with 'requests_browser' strategy...
2026-05-02 02:54:17,185 - INFO - [The Guardian] Success with 'requests_browser'. Found content (503 words).
2026-05-02 02:54:17,281 - INFO - Duplicate article skipped: Australian hiker missing in Nova Scotia national park not heard from for two weeks | Canada | The Guardian from The Guardian
2026-05-02 02:54:18,181 - INFO - [BBC] Article: https://www.bbc.com/news/articles/cy02gnzlvkko?at_medium=RSS&at_campaign=rss
2026-05-02 02:54:18,181 - INFO - [BBC] Attempt 1/1: Trying with 'requests_browser' strategy...
2026-05-02 02:54:18,197 - INFO - [The Guardian] Article: https://www.theguardian.com/environment/2026/may/01/weather-tracker-tornadoes-and-giant-hail-in-central-us
2026-05-02 02:54:18,198 - INFO - [The Guardian] Attempt 1/1: Trying with 'requests_browser' strategy...
2026-05-02 02:54:18,564 - INFO - [The Guardian] Success with 'requests_browser'. Found content (378 words).
2026-05-02 02:54:18,651 - INFO - [BBC] Success with 'requests_browser'. Found content (632 words).
2026-05-02 02:54:18,865 - INFO - Duplicate article skipped: Weather tracker: Tornadoes and giant hail in central US | US weather | The Guardian from The Guardian
2026-05-02 02:54:18,954 - INFO - Saved article: Israeli police arrest man after nun attacked in Jerusalem from BBC
2026-05-02 02:54:19,530 - INFO - [BBC] Article: https://www.bbc.com/news/articles/c0m2z0k1gngo?at_medium=RSS&at_campaign=rss
2026-05-02 02:54:19,531 - INFO - [BBC] Attempt 1/1: Trying with 'requests_browser' strategy...
2026-05-02 02:54:19,800 - INFO - [BBC] Success with 'requests_browser'. Found content (945 words).
2026-05-02 02:54:19,916 - INFO - [The Guardian] Article: https://www.theguardian.com/world/2026/apr/30/jailed-hong-kong-pro-democracy-activist-jimmy-lai-wins-freedom-of-speech-award-in-germany
2026-05-02 02:54:19,916 - INFO - [The Guardian] Attempt 1/1: Trying with 'requests_browser' strategy...
2026-05-02 02:54:20,090 - INFO - Duplicate article skipped: Israel releases all but two activists in Greece after intercepting Gaza aid flotilla from BBC
2026-05-02 02:54:20,276 - INFO - [The Guardian] Success with 'requests_browser'. Found content (393 words).
2026-05-02 02:54:20,466 - INFO - [The Hindu] Page content loaded.
2026-05-02 02:54:20,476 - INFO - Duplicate article skipped: Jailed Hong Kong pro-democracy activist Jimmy Lai wins free speech award in Germany | Jimmy Lai | The Guardian from The Guardian
2026-05-02 02:54:20,710 - INFO - [BBC] Article: https://www.bbc.com/news/articles/cd6pv55y51wo?at_medium=RSS&at_campaign=rss
2026-05-02 02:54:20,711 - INFO - [BBC] Attempt 1/1: Trying with 'requests_browser' strategy...
2026-05-02 02:54:20,841 - INFO - [The Hindu] Success with 'selenium_browser'. Found content (199 words).
2026-05-02 02:54:20,995 - INFO - [BBC] Success with 'requests_browser'. Found content (400 words).
2026-05-02 02:54:21,003 - INFO - [The Guardian] Article: https://www.theguardian.com/world/2026/apr/30/christchurch-gunman-shooter-mosque-attacker-appeal-fails-ntwnfb
2026-05-02 02:54:21,321 - INFO - [The Guardian] Attempt 1/1: Trying with 'requests_browser' strategy...
2026-05-02 02:54:21,562 - INFO - Saved article: Assembly elections 2026 LIVE: Repolling begins at 15 booths in South 24 Parganas after ECI's repoll order - The Hindu from The Hindu
2026-05-02 02:54:21,565 - INFO - Saved article: Zayn Malik cuts Konnakol tour dates and issues recovery update from BBC
2026-05-02 02:54:21,605 - INFO - [The Guardian] Success with 'requests_browser'. Found content (646 words).
2026-05-02 02:54:21,693 - INFO - Duplicate article skipped: Christchurch gunman fails in bid to appeal against guilty pleas in New Zealand court | Christchurch shooting | The Guardian from The Guardian
2026-05-02 02:54:22,249 - INFO - [BBC] Article: https://www.bbc.com/news/articles/cz72j8eex4eo?at_medium=RSS&at_campaign=rss
2026-05-02 02:54:22,249 - INFO - [BBC] Attempt 1/1: Trying with 'requests_browser' strategy...
2026-05-02 02:54:22,400 - INFO - [BBC] Success with 'requests_browser'. Found content (747 words).
2026-05-02 02:54:22,497 - INFO - [The Guardian] Article: https://www.theguardian.com/australia-news/2026/apr/30/student-allegedly-jailed-china-pro-democracy-protest-in-australia-human-rights-inquiry
2026-05-02 02:54:22,497 - INFO - [The Guardian] Attempt 1/1: Trying with 'requests_browser' strategy...
2026-05-02 02:54:22,539 - INFO - Duplicate article skipped: Myanmar ex-leader Aung San Suu Kyi moved to house arrest, military says from BBC
2026-05-02 02:54:22,726 - INFO - [The Hindu] Article: https://www.thehindu.com/elections/west-bengal-assembly/repoll-in-west-bengal-after-election-commission-order/article70930679.ece
2026-05-02 02:54:22,726 - INFO - [The Hindu] Attempt 1/1: Trying with 'selenium_browser' strategy...
2026-05-02 02:54:22,777 - INFO - [The Guardian] Success with 'requests_browser'. Found content (767 words).
2026-05-02 02:54:23,028 - INFO - Duplicate article skipped: Student’s alleged jailing in China over Australian pro-democracy protests sparks calls for inquiry | Australian universities | The Guardian from The Guardian
2026-05-02 02:54:23,079 - INFO - [BBC] Article: https://www.bbc.com/news/articles/c202pl60kv9o?at_medium=RSS&at_campaign=rss
2026-05-02 02:54:23,100 - INFO - [BBC] Attempt 1/1: Trying with 'requests_browser' strategy...
2026-05-02 02:54:23,185 - INFO - [BBC] Success with 'requests_browser'. Found content (1063 words).
2026-05-02 02:54:23,425 - INFO - Duplicate article skipped: British couple jailed in Iran: 'We're likely to be here for a long time' from BBC
2026-05-02 02:54:24,462 - INFO - [BBC] Article: https://www.bbc.com/news/articles/cqlpvl3wx4qo?at_medium=RSS&at_campaign=rss
2026-05-02 02:54:24,462 - INFO - [BBC] Attempt 1/1: Trying with 'requests_browser' strategy...
2026-05-02 02:54:24,492 - INFO - [BBC] Success with 'requests_browser'. Found content (363 words).
2026-05-02 02:54:24,519 - INFO - [The Guardian] Article: https://www.theguardian.com/technology/2026/apr/29/uk-data-leaks-alibaba-biobank-health-records
2026-05-02 02:54:24,519 - INFO - [The Guardian] Attempt 1/1: Trying with 'requests_browser' strategy...
2026-05-02 02:54:24,755 - INFO - Duplicate article skipped: Brazil's Congress approves plan to drastically cut Bolsonaro's jail term from BBC
2026-05-02 02:54:24,821 - INFO - [The Guardian] Success with 'requests_browser'. Found content (604 words).
2026-05-02 02:54:25,077 - INFO - Duplicate article skipped: More private health records of UK Biobank volunteers appear on Chinese website | Data protection | The Guardian from The Guardian
2026-05-02 02:54:25,448 - INFO - [BBC] Article: https://www.bbc.com/news/articles/cddp4j7p8pzo?at_medium=RSS&at_campaign=rss
2026-05-02 02:54:25,449 - INFO - [BBC] Attempt 1/1: Trying with 'requests_browser' strategy...
2026-05-02 02:54:25,719 - INFO - [BBC] Success with 'requests_browser'. Found content (767 words).
2026-05-02 02:54:25,932 - INFO - [The Guardian] Article: https://www.theguardian.com/australia-news/2026/may/02/kumanjayi-baby-girls-relatives-share-grief-at-child-ripped-away-as-nt-chief-minister-foreshadows-charges
2026-05-02 02:54:25,944 - INFO - [The Guardian] Attempt 1/1: Trying with 'requests_browser' strategy...
2026-05-02 02:54:25,985 - INFO - Duplicate article skipped: Violence in Alice Springs after arrest of man over girl's murder from BBC
2026-05-02 02:54:26,270 - INFO - [The Guardian] Success with 'requests_browser'. Found content (424 words).
2026-05-02 02:54:26,439 - INFO - Saved article: Kumanjayi Baby Girl’s relatives share grief at ‘child ripped away’ as NT chief minister foreshadows charges | Indigenous Australians | The Guardian from The Guardian
2026-05-02 02:54:26,589 - INFO - [BBC] Article: https://www.bbc.com/news/articles/clyprzx10w2o?at_medium=RSS&at_campaign=rss
2026-05-02 02:54:26,589 - INFO - [BBC] Attempt 1/1: Trying with 'requests_browser' strategy...
2026-05-02 02:54:26,732 - INFO - [BBC] Success with 'requests_browser'. Found content (500 words).
2026-05-02 02:54:26,869 - INFO - Duplicate article skipped: Joseph Kabila: US sanctions DR Congo ex-president alleging M23 support from BBC
2026-05-02 02:54:27,209 - INFO - [The Guardian] Article: https://www.theguardian.com/australia-news/2026/may/02/federal-government-accused-of-watering-down-proposal-to-protect-australias-threatened-species-and-ecosystems
2026-05-02 02:54:27,210 - INFO - [The Guardian] Attempt 1/1: Trying with 'requests_browser' strategy...
2026-05-02 02:54:27,419 - INFO - [The Guardian] Success with 'requests_browser'. Found content (598 words).
2026-05-02 02:54:27,536 - INFO - [BBC] Article: https://www.bbc.com/news/articles/cwy2v509217o?at_medium=RSS&at_campaign=rss
2026-05-02 02:54:27,536 - INFO - [BBC] Attempt 1/1: Trying with 'requests_browser' strategy...
2026-05-02 02:54:27,656 - INFO - Saved article: Federal government accused of watering down proposal to protect Australia’s threatened species and ecosystems | Australian politics | The Guardian from The Guardian
2026-05-02 02:54:27,740 - INFO - [BBC] Success with 'requests_browser'. Found content (854 words).
2026-05-02 02:54:28,103 - INFO - Duplicate article skipped: China scraps tariffs for all but one African nation from BBC
2026-05-02 02:54:28,509 - INFO - [The Guardian] Article: https://www.theguardian.com/australia-news/live/2026/may/01/alice-springs-anthony-albanese-labor-angus-taylor-coalition-gaza-flotilla-politics-updates-ntwnfb
2026-05-02 02:54:28,509 - INFO - [The Guardian] Attempt 1/1: Trying with 'requests_browser' strategy...
2026-05-02 02:54:29,248 - INFO - [BBC] Article: https://www.bbc.com/news/articles/cewp2ll1zljo?at_medium=RSS&at_campaign=rss
2026-05-02 02:54:29,249 - INFO - [BBC] Attempt 1/1: Trying with 'requests_browser' strategy...
2026-05-02 02:54:29,429 - INFO - [BBC] Success with 'requests_browser'. Found content (295 words).
2026-05-02 02:54:29,591 - INFO - [The Guardian] Success with 'requests_browser'. Found content (3361 words).
2026-05-02 02:54:29,591 - INFO - Duplicate article skipped: Six injured in Washington state school stabbing from BBC
2026-05-02 02:54:29,775 - INFO - Duplicate article skipped: ‘Barely a street’ in Dubbo without trees poisoned by pesticides, NSW Greens say – as it happened | Australia news | The Guardian from The Guardian
2026-05-02 02:54:30,433 - INFO - [The Guardian] Article: https://www.theguardian.com/australia-news/2026/may/01/nsw-deaths-custody-record-number-ntwnfb
2026-05-02 02:54:30,433 - INFO - [The Guardian] Attempt 1/1: Trying with 'requests_browser' strategy...
2026-05-02 02:54:30,643 - INFO - [The Guardian] Success with 'requests_browser'. Found content (614 words).
2026-05-02 02:54:30,858 - INFO - Duplicate article skipped: ‘Profoundly distressing’: record number of deaths in custody and police operations in NSW | Deaths in custody | The Guardian from The Guardian
2026-05-02 02:54:31,020 - INFO - [BBC] Article: https://www.bbc.com/news/articles/clyp6r9dzedo?at_medium=RSS&at_campaign=rss
2026-05-02 02:54:31,020 - INFO - [BBC] Attempt 1/1: Trying with 'requests_browser' strategy...
2026-05-02 02:54:31,162 - INFO - [BBC] Success with 'requests_browser'. Found content (395 words).
2026-05-02 02:54:31,273 - INFO - Duplicate article skipped: Britney Spears charged in California with driving under influence from BBC
2026-05-02 02:54:31,907 - INFO - [BBC] Article: https://www.bbc.com/news/articles/cx21m88rd14o?at_medium=RSS&at_campaign=rss
2026-05-02 02:54:31,907 - INFO - [BBC] Attempt 1/1: Trying with 'requests_browser' strategy...
2026-05-02 02:54:32,104 - INFO - [BBC] Success with 'requests_browser'. Found content (903 words).
2026-05-02 02:54:32,303 - INFO - Duplicate article skipped: Oil price hits highest since 2022 after report Trump to be briefed on new Iran options from BBC
2026-05-02 02:54:32,350 - INFO - [The Guardian] Article: https://www.theguardian.com/australia-news/2026/may/01/alice-springs-arrest-death-kumanjayi-little-baby-ntwnfb
2026-05-02 02:54:32,351 - INFO - [The Guardian] Attempt 1/1: Trying with 'requests_browser' strategy...
2026-05-02 02:54:32,523 - INFO - [The Guardian] Success with 'requests_browser'. Found content (958 words).
2026-05-02 02:54:32,646 - INFO - Duplicate article skipped: Police say they will charge people with unrest in Alice Springs after arrest over death of Kumanjayi Little Baby | Alice Springs | The Guardian from The Guardian
2026-05-02 02:54:33,669 - INFO - [BBC] Article: https://www.bbc.com/news/articles/c78qdg4g80eo?at_medium=RSS&at_campaign=rss
2026-05-02 02:54:33,670 - INFO - [BBC] Attempt 1/1: Trying with 'requests_browser' strategy...
2026-05-02 02:54:33,758 - INFO - [BBC] Success with 'requests_browser'. Found content (544 words).
2026-05-02 02:54:33,851 - INFO - Duplicate article skipped: Venice Biennale jury resigns days before start of top art exhibition from BBC
2026-05-02 02:54:33,929 - INFO - [The Guardian] Article: https://www.theguardian.com/us-news/2026/may/01/trump-threatens-withdraw-troops-italy-spain-strait-hormuz
2026-05-02 02:54:33,929 - INFO - [The Guardian] Attempt 1/1: Trying with 'requests_browser' strategy...
2026-05-02 02:54:34,112 - INFO - [The Guardian] Success with 'requests_browser'. Found content (1159 words).
2026-05-02 02:54:34,224 - INFO - Duplicate article skipped: US withdrawing 5,000 troops from Germany after Merz says US ‘humiliated’ by Iran | Trump administration | The Guardian from The Guardian
2026-05-02 02:54:34,572 - INFO - [BBC] Article: https://www.bbc.com/sport/articles/cn0pd29x2ppo?at_medium=RSS&at_campaign=rss
2026-05-02 02:54:34,573 - INFO - [BBC] Attempt 1/1: Trying with 'requests_browser' strategy...
2026-05-02 02:54:34,679 - INFO - [BBC] Success with 'requests_browser'. Found content (482 words).
2026-05-02 02:54:34,750 - INFO - Duplicate article skipped: Lindsey Vonn still in 'survival mode' after Olympic crash and unsure whether to retire - BBC Sport from BBC
2026-05-02 02:54:35,345 - INFO - [The Guardian] Article: https://www.theguardian.com/us-news/2026/may/01/trump-tears-up-eu-tariff-deal-raises-import-duties-europe
2026-05-02 02:54:35,346 - INFO - [The Guardian] Attempt 1/1: Trying with 'requests_browser' strategy...
2026-05-02 02:54:35,441 - INFO - [The Guardian] Success with 'requests_browser'. Found content (720 words).
2026-05-02 02:54:35,499 - INFO - [BBC] Article: https://www.bbc.com/news/articles/c87q0vlwvlpo?at_medium=RSS&at_campaign=rss
2026-05-02 02:54:35,499 - INFO - [BBC] Attempt 1/1: Trying with 'requests_browser' strategy...
2026-05-02 02:54:35,501 - INFO - Saved article: Trump tears up part of EU tariff deal to raise import duties on cars and lorries | Trump tariffs | The Guardian from The Guardian
2026-05-02 02:54:35,568 - INFO - [BBC] Success with 'requests_browser'. Found content (306 words).
2026-05-02 02:54:35,640 - INFO - Duplicate article skipped: Former Chick-fil-A employee charged in $80,000 mac-and-cheese scheme from BBC
2026-05-02 02:54:36,344 - INFO - [The Guardian] Article: https://www.theguardian.com/world/2026/may/01/video-attack-french-nun-jerusalem
2026-05-02 02:54:36,345 - INFO - [The Guardian] Attempt 1/1: Trying with 'requests_browser' strategy...
2026-05-02 02:54:36,806 - INFO - [The Guardian] Success with 'requests_browser'. Found content (604 words).
2026-05-02 02:54:36,895 - INFO - Saved article: Attack on French nun in Jerusalem draws widespread condemnation | Israel | The Guardian from The Guardian
2026-05-02 02:54:38,191 - INFO - [The Guardian] Article: https://www.theguardian.com/business/2026/may/01/octopus-energy-boss-blackouts-bills
2026-05-02 02:54:38,191 - INFO - [The Guardian] Attempt 1/1: Trying with 'requests_browser' strategy...
2026-05-02 02:54:38,350 - INFO - [The Guardian] Success with 'requests_browser'. Found content (680 words).
2026-05-02 02:54:38,447 - INFO - Saved article: Octopus Energy boss: some people would accept blackouts if bills cut | Energy industry | The Guardian from The Guardian
2026-05-02 02:54:39,386 - INFO - [The Guardian] Article: https://www.theguardian.com/world/live/2026/may/01/donald-trump-us-troops-italy-spain-germany-nato-europe-latest-news
2026-05-02 02:54:39,387 - INFO - [The Guardian] Attempt 1/1: Trying with 'requests_browser' strategy...
2026-05-02 02:54:39,762 - INFO - [The Guardian] Success with 'requests_browser'. Found content (2298 words).
2026-05-02 02:54:40,080 - INFO - Duplicate article skipped: Trump threatens to withdraw US troops from Italy and Spain – as it happened | World news | The Guardian from The Guardian
2026-05-02 02:55:14,789 - ERROR - [Times of India] Request failed for strategy 'selenium_browser' on URL https://timesofindia.indiatimes.com/world/us/plane-carrying-pickleball-players-crashes-in-texas-five-killed/articleshow/130708567.cms: Message: timeout: Timed out receiving message from renderer: 59.963
  (Session info: chrome=147.0.7727.55)
Stacktrace:
#0 0x55a85d989b6a <unknown>
#1 0x55a85d38b265 <unknown>
#2 0x55a85d372b1b <unknown>
#3 0x55a85d372804 <unknown>
#4 0x55a85d37054b <unknown>
#5 0x55a85d370ecf <unknown>
#6 0x55a85d37fe90 <unknown>
#7 0x55a85d399c67 <unknown>
#8 0x55a85d3a079b <unknown>
#9 0x55a85d37161f <unknown>
#10 0x55a85d3999fd <unknown>
#11 0x55a85d426c7d <unknown>
#12 0x55a85d3d15cf <unknown>
#13 0x55a85d3d2391 <unknown>
#14 0x55a85d94f04b <unknown>
#15 0x55a85d95200d <unknown>
#16 0x55a85d93b808 <unknown>
#17 0x55a85d952ba0 <unknown>
#18 0x55a85d922280 <unknown>
#19 0x55a85d976db8 <unknown>
#20 0x55a85d976f88 <unknown>
#21 0x55a85d9885de <unknown>
#22 0x7f7d6329caa4 <unknown>
#23 0x7f7d63329c6c <unknown>

2026-05-02 02:55:14,789 - ERROR - [Times of India] All scrape strategies failed for https://timesofindia.indiatimes.com/world/us/plane-carrying-pickleball-players-crashes-in-texas-five-killed/articleshow/130708567.cms. Falling back to RSS description.
2026-05-02 02:55:14,795 - INFO - Saved article: Plane carrying pickleball players crashes in Texas, five killed from Times of India
2026-05-02 02:55:15,327 - INFO - [Times of India] Article: https://timesofindia.indiatimes.com/world/us/blast-them-or-make-a-deal-donald-trump-lays-out-stark-choice-for-iran-calls-war-criticism-treasonous/articleshow/130708204.cms
2026-05-02 02:55:15,327 - INFO - [Times of India] Attempt 1/1: Trying with 'selenium_browser' strategy...
2026-05-02 02:55:16,289 - INFO - [Times of India] Page content loaded.
2026-05-02 02:55:16,494 - INFO - [Times of India] Success with 'selenium_browser'. Found content (344 words).
2026-05-02 02:55:16,575 - INFO - Saved article: Donald Trump Iran Policy: ‘Blast them or make a deal’: Donald Trump lays out stark choice for Iran, calls war criticism ‘treasonous’ - The Times of India from Times of India
2026-05-02 02:55:17,832 - INFO - [Times of India] Article: https://timesofindia.indiatimes.com/world/us-streamers/brian-harpole-sues-candace-owens-over-charlie-kirk-claims-as-lawsuit-exposes-alleged-false-accusations-and-records/articleshow/130704356.cms
2026-05-02 02:55:17,833 - INFO - [Times of India] Attempt 1/1: Trying with 'selenium_browser' strategy...
2026-05-02 02:55:19,343 - INFO - [Times of India] Page content loaded.
2026-05-02 02:55:19,505 - INFO - [Times of India] Success with 'selenium_browser'. Found content (461 words).
2026-05-02 02:55:19,577 - INFO - Saved article: Brian Harpole sues Candace Owens over Charlie Kirk claims as lawsuit exposes alleged false accusations and records - The Times of India from Times of India
2026-05-02 02:55:20,437 - INFO - [Times of India] Article: https://timesofindia.indiatimes.com/world/us-streamers/these-numbers-were-so-botted-xqc-makes-shocking-claim-about-overwatch-league-viewership/articleshow/130706148.cms
2026-05-02 02:55:20,438 - INFO - [Times of India] Attempt 1/1: Trying with 'selenium_browser' strategy...
2026-05-02 02:55:21,378 - INFO - [Times of India] Page content loaded.
2026-05-02 02:55:21,528 - INFO - [Times of India] Success with 'selenium_browser'. Found content (410 words).
2026-05-02 02:55:21,590 - INFO - Saved article: Xqc Overwatch League Viewership: “These numbers were so botted”: xQc makes shocking claim about Overwatch League viewership - The Times of India from Times of India
2026-05-02 02:55:22,762 - ERROR - [The Hindu] Request failed for strategy 'selenium_browser' on URL https://www.thehindu.com/elections/west-bengal-assembly/repoll-in-west-bengal-after-election-commission-order/article70930679.ece: Message: timeout: Timed out receiving message from renderer: 54.305
  (Session info: chrome=147.0.7727.55)
Stacktrace:
#0 0x55f18b57bb6a <unknown>
#1 0x55f18af7d265 <unknown>
#2 0x55f18af64b1b <unknown>
#3 0x55f18af64804 <unknown>
#4 0x55f18af6254b <unknown>
#5 0x55f18af62ecf <unknown>
#6 0x55f18af71e90 <unknown>
#7 0x55f18af8bc67 <unknown>
#8 0x55f18af9279b <unknown>
#9 0x55f18af6361f <unknown>
#10 0x55f18af8b9fd <unknown>
#11 0x55f18b018c7d <unknown>
#12 0x55f18afc35cf <unknown>
#13 0x55f18afc4391 <unknown>
#14 0x55f18b54104b <unknown>
#15 0x55f18b54400d <unknown>
#16 0x55f18b52d808 <unknown>
#17 0x55f18b544ba0 <unknown>
#18 0x55f18b514280 <unknown>
#19 0x55f18b568db8 <unknown>
#20 0x55f18b568f88 <unknown>
#21 0x55f18b57a5de <unknown>
#22 0x7f97dfa9caa4 <unknown>
#23 0x7f97dfb29c6c <unknown>

2026-05-02 02:55:22,762 - ERROR - [The Hindu] All scrape strategies failed for https://www.thehindu.com/elections/west-bengal-assembly/repoll-in-west-bengal-after-election-commission-order/article70930679.ece. Falling back to RSS description.
2026-05-02 02:55:22,764 - INFO - Saved article: Voting begins at 15 booths of two Assembly seats after ECI orders repoll in West Bengal from The Hindu
2026-05-02 02:55:22,801 - INFO - [Times of India] Article: https://timesofindia.indiatimes.com/world/us/h-1b-worker-loses-mother-to-cancer-in-india-misses-final-moments-due-to-visa-delays-will-carry-that-pain-forever/articleshow/130706091.cms
2026-05-02 02:55:22,802 - INFO - [Times of India] Attempt 1/1: Trying with 'selenium_browser' strategy...
2026-05-02 02:55:23,555 - INFO - [The Hindu] Article: https://www.thehindu.com/business/Industry/india-to-tap-augmented-solar-capacity-coal-to-weather-el-nino-summer-related-power-demand/article70929050.ece
2026-05-02 02:55:23,555 - INFO - [The Hindu] Attempt 1/1: Trying with 'selenium_browser' strategy...
2026-05-02 02:55:24,174 - INFO - [Times of India] Page content loaded.
2026-05-02 02:55:24,340 - INFO - [Times of India] Success with 'selenium_browser'. Found content (570 words).
2026-05-02 02:55:24,397 - INFO - Saved article: H-1B worker loses mother to cancer in India, misses final moments due to visa delays: 'Will carry that pain forever' - The Times of India from Times of India
2026-05-02 02:55:25,103 - INFO - [The Hindu] Page content loaded.
2026-05-02 02:55:25,157 - INFO - [Times of India] Article: https://timesofindia.indiatimes.com/world/us-streamers/did-ishowspeed-really-get-guadeloupe-citizenship-during-his-viral-caribbean-tour-moment/articleshow/130702448.cms
2026-05-02 02:55:25,158 - INFO - [Times of India] Attempt 1/1: Trying with 'selenium_browser' strategy...
2026-05-02 02:55:25,272 - INFO - [The Hindu] Success with 'selenium_browser'. Found content (707 words).
2026-05-02 02:55:25,488 - INFO - Saved article: India to tap augmented solar capacity, coal to weather El Nino, summer-related power demand - The Hindu from The Hindu
2026-05-02 02:55:26,857 - INFO - [The Hindu] Article: https://www.thehindu.com/news/national/nationwide-cell-broadcast-test-alert-on-may-2/article70928770.ece
2026-05-02 02:55:26,857 - INFO - [The Hindu] Attempt 1/1: Trying with 'selenium_browser' strategy...
2026-05-02 02:55:27,438 - INFO - [Times of India] Page content loaded.
2026-05-02 02:55:27,600 - INFO - [Times of India] Success with 'selenium_browser'. Found content (416 words).
2026-05-02 02:55:27,642 - INFO - Saved article: Did iShowSpeed really get Guadeloupe citizenship during his viral Caribbean tour moment? - The Times of India from Times of India
2026-05-02 02:55:28,720 - INFO - [Times of India] Article: https://timesofindia.indiatimes.com/world/us/12-year-old-boy-faces-deportation-from-us-as-father-refuses-to-take-dna-test-to-prove-citizenship-thousands-of-cases-like-this-/articleshow/130694785.cms
2026-05-02 02:55:28,720 - INFO - [Times of India] Attempt 1/1: Trying with 'selenium_browser' strategy...
2026-05-02 02:55:28,829 - INFO - [The Hindu] Page content loaded.
2026-05-02 02:55:29,070 - INFO - [The Hindu] Success with 'selenium_browser'. Found content (140 words).
2026-05-02 02:55:29,341 - INFO - Saved article: Nationwide cell broadcast test alert on May 2; people may receive emergency alert on mobile phones - The Hindu from The Hindu
2026-05-02 02:55:29,855 - INFO - [The Hindu] Article: https://www.thehindu.com/news/national/bihar/bihar-cm-samrat-choudhary-proposes-system-where-the-children-of-ministers-and-the-poor-study-together/article70928935.ece
2026-05-02 02:55:29,855 - INFO - [The Hindu] Attempt 1/1: Trying with 'selenium_browser' strategy...
2026-05-02 02:55:31,209 - INFO - [Times of India] Page content loaded.
2026-05-02 02:55:31,346 - INFO - [Times of India] Success with 'selenium_browser'. Found content (455 words).
2026-05-02 02:55:31,430 - INFO - Saved article: 12-year-old boy faces deportation from US as father refuses to take DNA test to prove citizenship: 'Thousands of cases like this...' - The Times of India from Times of India
2026-05-02 02:55:31,677 - INFO - [The Hindu] Page content loaded.
2026-05-02 02:55:32,599 - INFO - [Times of India] Article: https://timesofindia.indiatimes.com/sports/international-sports/major-red-card-rule-for-2026-world-cup-mouth-covering-and-walking-off-now-lead-to-instant-dismissal/articleshow/130683000.cms
2026-05-02 02:55:32,599 - INFO - [Times of India] Attempt 1/1: Trying with 'selenium_browser' strategy...
2026-05-02 02:55:32,784 - INFO - [The Hindu] Success with 'selenium_browser'. Found content (502 words).
2026-05-02 02:55:32,923 - INFO - Saved article: Bihar CM Samrat Choudhary proposes system where the children of Ministers and the poor study together - The Hindu from The Hindu
2026-05-02 02:55:33,825 - INFO - [The Hindu] Article: https://www.thehindu.com/news/national/govt-grants-relief-to-firms-hit-by-west-asia-disruptions-extends-contract-deadlines-without-penalty/article70929207.ece
2026-05-02 02:55:33,826 - INFO - [The Hindu] Attempt 1/1: Trying with 'selenium_browser' strategy...
2026-05-02 02:55:34,704 - INFO - [Times of India] Page content loaded.
2026-05-02 02:55:35,129 - INFO - [Times of India] Success with 'selenium_browser'. Found content (910 words).
2026-05-02 02:55:35,194 - INFO - Saved article: Major red card rule for 2026 World Cup: Mouth-covering and walking off now lead to instant dismissal! | International Sports News - The Times of India from Times of India
2026-05-02 02:55:35,205 - INFO - [The Hindu] Page content loaded.
2026-05-02 02:55:35,471 - INFO - [The Hindu] Success with 'selenium_browser'. Found content (88 words).
2026-05-02 02:55:35,563 - INFO - Saved article: Govt grants relief to firms hit by West Asia disruptions, extends contract deadlines without penalty - The Hindu from The Hindu
2026-05-02 02:55:36,094 - INFO - [Times of India] Article: https://timesofindia.indiatimes.com/world/uk/uk-hindu-group-bids-against-christian-muslim-group-for-same-piece-of-faith-land/articleshow/130697922.cms
2026-05-02 02:55:36,094 - INFO - [Times of India] Attempt 1/1: Trying with 'selenium_browser' strategy...
2026-05-02 02:55:36,294 - INFO - [The Hindu] Article: https://www.thehindu.com/news/national/deletion-under-sir-not-evms-pose-serious-threat-to-democracy-omar-abdullah/article70929544.ece
2026-05-02 02:55:36,294 - INFO - [The Hindu] Attempt 1/1: Trying with 'selenium_browser' strategy...
2026-05-02 02:55:37,944 - INFO - [Times of India] Page content loaded.
2026-05-02 02:55:38,127 - INFO - [Times of India] Success with 'selenium_browser'. Found content (556 words).
2026-05-02 02:55:38,309 - INFO - [The Hindu] Page content loaded.
2026-05-02 02:55:38,314 - INFO - Saved article: UK: Hindu group bids against Christian-Muslim group for same piece of faith land - The Times of India from Times of India
2026-05-02 02:55:38,407 - WARNING - [The Hindu] FAILED with 'selenium_browser' (content was too short: 66 words).
2026-05-02 02:55:38,407 - ERROR - [The Hindu] All scrape strategies failed for https://www.thehindu.com/news/national/deletion-under-sir-not-evms-pose-serious-threat-to-democracy-omar-abdullah/article70929544.ece. Falling back to RSS description.
2026-05-02 02:55:38,411 - INFO - Saved article: Deletion under SIR, not EVMs pose serious threat to democracy: Omar Abdullah from The Hindu
2026-05-02 02:55:38,903 - INFO - [Times of India] Article: https://timesofindia.indiatimes.com/sports/international-sports/bbc-apologises-after-power-outage-cuts-world-snooker-championship-semi-final-live-switches-to-nature-show/articleshow/130684196.cms
2026-05-02 02:55:38,904 - INFO - [Times of India] Attempt 1/1: Trying with 'selenium_browser' strategy...
2026-05-02 02:55:39,844 - INFO - [The Hindu] Article: https://www.thehindu.com/news/national/manipur/first-talks-under-new-manipur-government-held-with-kuki-zo-insurgent-groups/article70929230.ece
2026-05-02 02:55:39,844 - INFO - [The Hindu] Attempt 1/1: Trying with 'selenium_browser' strategy...
2026-05-02 02:55:41,485 - INFO - [Times of India] Page content loaded.
2026-05-02 02:55:41,687 - INFO - [Times of India] Success with 'selenium_browser'. Found content (773 words).
2026-05-02 02:55:41,757 - INFO - Saved article: BBC apologises after power outage cuts World Snooker Championship semi-final live, switches to nature show | International Sports News - The Times of India from Times of India
2026-05-02 02:55:42,066 - INFO - [The Hindu] Page content loaded.
2026-05-02 02:55:42,660 - INFO - [The Hindu] Success with 'selenium_browser'. Found content (90 words).
2026-05-02 02:55:42,746 - INFO - Saved article: First talks under new Manipur government held with Kuki-Zo insurgent groups - The Hindu from The Hindu
2026-05-02 02:55:42,992 - INFO - [Times of India] Article: https://timesofindia.indiatimes.com/world/us/us-iran-war-trump-tells-congress-hostilities-terminated-sidesteps-war-powers-deadline-amid-ceasefire/articleshow/130687694.cms
2026-05-02 02:55:42,993 - INFO - [Times of India] Attempt 1/1: Trying with 'selenium_browser' strategy...
2026-05-02 02:55:43,675 - INFO - [The Hindu] Article: https://www.thehindu.com/news/national/andhra-pradesh/ponna-kaluva-utsavam-celebrated/article70929171.ece
2026-05-02 02:55:43,675 - INFO - [The Hindu] Attempt 1/1: Trying with 'selenium_browser' strategy...
2026-05-02 02:55:48,401 - INFO - [Times of India] Page content loaded.
2026-05-02 02:55:48,634 - INFO - [Times of India] Success with 'selenium_browser'. Found content (319 words).
2026-05-02 02:55:48,730 - INFO - Saved article: US-Iran war: Donald Trump tells Congress hostilities ‘terminated’, sidesteps war powers deadline amid ceasefire - The Times of India from Times of India
2026-05-02 02:55:49,307 - INFO - [Times of India] Article: https://timesofindia.indiatimes.com/world/us/chirayu-rana-left-new-job-two-weeks-before-accusing-jpmorgan-executive-lorna-hajdini-of-sexual-harassment/articleshow/130684156.cms
2026-05-02 02:55:49,308 - INFO - [Times of India] Attempt 1/1: Trying with 'selenium_browser' strategy...
2026-05-02 02:55:50,538 - INFO - [Times of India] Page content loaded.
2026-05-02 02:55:50,681 - INFO - [Times of India] Success with 'selenium_browser'. Found content (346 words).
2026-05-02 02:55:50,739 - INFO - Saved article: Chirayu Rana left new job two weeks before accusing JPMorgan executive Lorna Hajdini of sexual harassment - The Times of India from Times of India
2026-05-02 02:55:51,807 - INFO - [Times of India] Article: https://timesofindia.indiatimes.com/science/quote-of-the-day-by-sigmund-freud-people-do-not-really-want-freedom-because-freedom-involves-responsibility-and-most-people-are-frightened-of-responsibility-/articleshow/130684429.cms
2026-05-02 02:55:51,808 - INFO - [Times of India] Attempt 1/1: Trying with 'selenium_browser' strategy...
2026-05-02 02:55:53,095 - INFO - [Times of India] Page content loaded.
2026-05-02 02:55:53,211 - INFO - [Times of India] Success with 'selenium_browser'. Found content (1119 words).
2026-05-02 02:55:53,385 - INFO - Saved article: Quote of the day by Sigmund Freud: “People do not really want freedom, because freedom involves responsibility and most people are frightened of responsibility.” | - The Times of India from Times of India
2026-05-02 02:55:54,097 - INFO - [Times of India] Article: https://timesofindia.indiatimes.com/world/us/meet-apurva-shrivastava-indian-origin-engineer-who-turned-a-missed-call-idea-into-1-billion-ai-startup/articleshow/130683369.cms
2026-05-02 02:55:54,097 - INFO - [Times of India] Attempt 1/1: Trying with 'selenium_browser' strategy...
2026-05-02 02:55:55,023 - INFO - [Times of India] Page content loaded.
2026-05-02 02:55:55,173 - INFO - [Times of India] Success with 'selenium_browser'. Found content (398 words).
2026-05-02 02:55:55,278 - INFO - Saved article: Meet Apurva Shrivastava: Indian-origin engineer who turned a ‘missed call’ idea into $1 billion AI startup - The Times of India from Times of India
2026-05-02 02:55:55,979 - INFO - [Times of India] Article: https://timesofindia.indiatimes.com/world/us-streamers/disguised-toast-opens-up-on-sykkuno-persona-and-criticizes-fans-as-viral-clip-fuels-heated-online-discussion/articleshow/130681958.cms
2026-05-02 02:55:55,980 - INFO - [Times of India] Attempt 1/1: Trying with 'selenium_browser' strategy...
2026-05-02 02:55:57,035 - INFO - [Times of India] Page content loaded.
2026-05-02 02:55:57,233 - INFO - [Times of India] Success with 'selenium_browser'. Found content (518 words).
2026-05-02 02:55:57,297 - INFO - Saved article: Disguised Toast opens up on Sykkuno persona and criticizes fans as viral clip fuels heated online discussion - The Times of India from Times of India
2026-05-02 02:55:58,217 - INFO - [Times of India] Article: https://timesofindia.indiatimes.com/world/us/h-1b-visa-fraud-30-firms-under-investigation-after-reports-of-ghost-offices-to-hire-workers/articleshow/130682706.cms
2026-05-02 02:55:58,217 - INFO - [Times of India] Attempt 1/1: Trying with 'selenium_browser' strategy...
2026-05-02 02:55:59,984 - INFO - [Times of India] Page content loaded.
2026-05-02 02:56:00,138 - INFO - [Times of India] Success with 'selenium_browser'. Found content (534 words).
2026-05-02 02:56:00,199 - INFO - Saved article: H-1B Visa: H-1B visa fraud: 30 firms under investigation after reports of ‘ghost offices’ to hire workers in Texas - The Times of India from Times of India
2026-05-02 02:56:01,408 - INFO - [Times of India] Article: https://timesofindia.indiatimes.com/world/us-streamers/candace-owens-backs-nick-fuentes-in-viral-pepper-spray-incident-as-marla-rose-drops-charges-and-files-lawsuit/articleshow/130683071.cms
2026-05-02 02:56:01,409 - INFO - [Times of India] Attempt 1/1: Trying with 'selenium_browser' strategy...
2026-05-02 02:56:04,007 - INFO - [Times of India] Page content loaded.
2026-05-02 02:56:04,221 - INFO - [Times of India] Success with 'selenium_browser'. Found content (644 words).
2026-05-02 02:56:04,291 - INFO - Saved article: Candace Owens backs Nick Fuentes in viral pepper spray incident as Marla Rose drops charges and files lawsuit - The Times of India from Times of India
2026-05-02 02:56:05,296 - INFO - [Times of India] Article: https://timesofindia.indiatimes.com/science/meet-vladimir-demikhov-scientist-who-created-a-two-headed-dog-and-changed-medicine-forever/articleshow/130682644.cms
2026-05-02 02:56:05,297 - INFO - [Times of India] Attempt 1/1: Trying with 'selenium_browser' strategy...
2026-05-02 02:56:06,721 - INFO - [Times of India] Page content loaded.
2026-05-02 02:56:06,822 - INFO - [Times of India] Success with 'selenium_browser'. Found content (662 words).
2026-05-02 02:56:06,894 - INFO - Saved article: Meet Vladimir Demikhov: Scientist who created a two-headed dog and changed medicine forever | - The Times of India from Times of India
2026-05-02 02:56:07,464 - INFO - [Times of India] Article: https://timesofindia.indiatimes.com/world/uk/superdry-cofounder-james-holder-convicted-of-rape-after-cheltenham-night-out/articleshow/130682630.cms
2026-05-02 02:56:07,464 - INFO - [Times of India] Attempt 1/1: Trying with 'selenium_browser' strategy...
2026-05-02 02:56:09,009 - INFO - [Times of India] Page content loaded.
2026-05-02 02:56:09,217 - INFO - [Times of India] Success with 'selenium_browser'. Found content (323 words).
2026-05-02 02:56:09,265 - INFO - Saved article: Superdry cofounder James Holder convicted of rape after Cheltenham night out - The Times of India from Times of India
2026-05-02 02:56:10,125 - INFO - [Times of India] Article: https://timesofindia.indiatimes.com/world/rest-of-world/7000-year-old-dna-in-morocco-reveals-origins-of-north-african-farming/articleshow/130682453.cms
2026-05-02 02:56:10,125 - INFO - [Times of India] Attempt 1/1: Trying with 'selenium_browser' strategy...
2026-05-02 02:56:11,108 - INFO - [Times of India] Page content loaded.
2026-05-02 02:56:11,224 - INFO - [Times of India] Success with 'selenium_browser'. Found content (423 words).
2026-05-02 02:56:11,280 - INFO - Saved article: 7,000-year-old DNA in Morocco reveals origins of North African farming | World News - The Times of India from Times of India
2026-05-02 02:56:12,362 - INFO - [Times of India] (Thread) Finished. Attempting to shut down its Selenium driver.
2026-05-02 02:56:12,824 - INFO - [Times of India] (Thread) driver.quit() successful.
2026-05-02 02:56:43,692 - ERROR - [The Hindu] Request failed for strategy 'selenium_browser' on URL https://www.thehindu.com/news/national/andhra-pradesh/ponna-kaluva-utsavam-celebrated/article70929171.ece: Message: timeout: Timed out receiving message from renderer: 59.512
  (Session info: chrome=147.0.7727.55)
Stacktrace:
#0 0x55f18b57bb6a <unknown>
#1 0x55f18af7d265 <unknown>
#2 0x55f18af64b1b <unknown>
#3 0x55f18af64804 <unknown>
#4 0x55f18af6254b <unknown>
#5 0x55f18af62ecf <unknown>
#6 0x55f18af71e90 <unknown>
#7 0x55f18af8bc67 <unknown>
#8 0x55f18af9279b <unknown>
#9 0x55f18af6361f <unknown>
#10 0x55f18af8b9fd <unknown>
#11 0x55f18b018c7d <unknown>
#12 0x55f18afc35cf <unknown>
#13 0x55f18afc4391 <unknown>
#14 0x55f18b54104b <unknown>
#15 0x55f18b54400d <unknown>
#16 0x55f18b52d808 <unknown>
#17 0x55f18b544ba0 <unknown>
#18 0x55f18b514280 <unknown>
#19 0x55f18b568db8 <unknown>
#20 0x55f18b568f88 <unknown>
#21 0x55f18b57a5de <unknown>
#22 0x7f97dfa9caa4 <unknown>
#23 0x7f97dfb29c6c <unknown>

2026-05-02 02:56:43,692 - ERROR - [The Hindu] All scrape strategies failed for https://www.thehindu.com/news/national/andhra-pradesh/ponna-kaluva-utsavam-celebrated/article70929171.ece. Falling back to RSS description.
2026-05-02 02:56:43,694 - INFO - Saved article: ‘Ponna Kaluva Utsavam’ celebrated from The Hindu
2026-05-02 02:56:44,478 - INFO - [The Hindu] Article: https://www.thehindu.com/news/national/telangana/cm-meets-tgsrtc-union-leaders/article70929100.ece
2026-05-02 02:56:44,478 - INFO - [The Hindu] Attempt 1/1: Trying with 'selenium_browser' strategy...
2026-05-02 02:56:45,484 - INFO - [The Hindu] Page content loaded.
2026-05-02 02:56:45,562 - INFO - [The Hindu] Success with 'selenium_browser'. Found content (109 words).
2026-05-02 02:56:45,649 - INFO - Saved article: CM meets TGSRTC union leaders - The Hindu from The Hindu
2026-05-02 02:56:46,898 - INFO - [The Hindu] Article: https://www.thehindu.com/news/national/uttar-pradesh/up-cm-announces-wage-reform-warns-industrial-unrest-will-harm-progress/article70928795.ece
2026-05-02 02:56:46,898 - INFO - [The Hindu] Attempt 1/1: Trying with 'selenium_browser' strategy...
2026-05-02 02:57:47,529 - INFO - [The Hindu] Page content loaded.
2026-05-02 02:57:47,617 - INFO - [The Hindu] Success with 'selenium_browser'. Found content (118 words).
2026-05-02 02:57:47,749 - INFO - Saved article: U.P. CM announces wage reform, warns industrial unrest will harm progress - The Hindu from The Hindu
2026-05-02 02:57:48,528 - INFO - [The Hindu] Article: https://www.thehindu.com/elections/west-bengal-assembly/60-day-prohibitory-order-in-kolkatas-central-business-district-from-may-3/article70929766.ece
2026-05-02 02:57:48,528 - INFO - [The Hindu] Attempt 1/1: Trying with 'selenium_browser' strategy...
2026-05-02 02:57:51,080 - INFO - [The Hindu] Page content loaded.
2026-05-02 02:57:51,238 - WARNING - [The Hindu] FAILED with 'selenium_browser' (content was too short: 62 words).
2026-05-02 02:57:51,238 - ERROR - [The Hindu] All scrape strategies failed for https://www.thehindu.com/elections/west-bengal-assembly/60-day-prohibitory-order-in-kolkatas-central-business-district-from-may-3/article70929766.ece. Falling back to RSS description.
2026-05-02 02:57:51,241 - INFO - Saved article: 60-day prohibitory order in Kolkata's central business district from May 3 from The Hindu
2026-05-02 02:57:52,458 - INFO - [The Hindu] Article: https://www.thehindu.com/news/national/census-2027-around-82-lakh-households-have-opted-for-self-enumeration-as-field-visits-begin-in-5-states/article70929763.ece
2026-05-02 02:57:52,459 - INFO - [The Hindu] Attempt 1/1: Trying with 'selenium_browser' strategy...
2026-05-02 02:58:52,475 - ERROR - [The Hindu] Request failed for strategy 'selenium_browser' on URL https://www.thehindu.com/news/national/census-2027-around-82-lakh-households-have-opted-for-self-enumeration-as-field-visits-begin-in-5-states/article70929763.ece: Message: timeout: Timed out receiving message from renderer: 59.734
  (Session info: chrome=147.0.7727.55)
Stacktrace:
#0 0x55f18b57bb6a <unknown>
#1 0x55f18af7d265 <unknown>
#2 0x55f18af64b1b <unknown>
#3 0x55f18af64804 <unknown>
#4 0x55f18af6254b <unknown>
#5 0x55f18af62ecf <unknown>
#6 0x55f18af71e90 <unknown>
#7 0x55f18af8bc67 <unknown>
#8 0x55f18af9279b <unknown>
#9 0x55f18af6361f <unknown>
#10 0x55f18af8b9fd <unknown>
#11 0x55f18b018c7d <unknown>
#12 0x55f18afc35cf <unknown>
#13 0x55f18afc4391 <unknown>
#14 0x55f18b54104b <unknown>
#15 0x55f18b54400d <unknown>
#16 0x55f18b52d808 <unknown>
#17 0x55f18b544ba0 <unknown>
#18 0x55f18b514280 <unknown>
#19 0x55f18b568db8 <unknown>
#20 0x55f18b568f88 <unknown>
#21 0x55f18b57a5de <unknown>
#22 0x7f97dfa9caa4 <unknown>
#23 0x7f97dfb29c6c <unknown>

2026-05-02 02:58:52,475 - ERROR - [The Hindu] All scrape strategies failed for https://www.thehindu.com/news/national/census-2027-around-82-lakh-households-have-opted-for-self-enumeration-as-field-visits-begin-in-5-states/article70929763.ece. Falling back to RSS description.
2026-05-02 02:58:52,477 - INFO - Saved article: Census 2027: Around 82 lakh households have opted for self enumeration as field visits begin in 5 states from The Hindu
2026-05-02 02:58:53,758 - INFO - [The Hindu] Article: https://www.thehindu.com/news/cities/bangalore/burglars-drill-into-jewellery-shop-flee-with-valuables-worth-12-crore/article70928923.ece
2026-05-02 02:58:53,758 - INFO - [The Hindu] Attempt 1/1: Trying with 'selenium_browser' strategy...
2026-05-02 02:59:00,690 - INFO - [The Hindu] Page content loaded.
2026-05-02 02:59:00,825 - INFO - [The Hindu] Success with 'selenium_browser'. Found content (97 words).
2026-05-02 02:59:00,910 - INFO - Saved article: Burglars drill into jewellery shop, flee with valuables worth ₹1.2 crore - The Hindu from The Hindu
2026-05-02 02:59:02,385 - INFO - [The Hindu] Article: https://www.thehindu.com/news/national/karnataka/bengaluru-hotels-to-hike-prices-again-after-commercial-gas-cylinder-price-goes-up-from-2162-to-3152/article70927870.ece
2026-05-02 02:59:02,385 - INFO - [The Hindu] Attempt 1/1: Trying with 'selenium_browser' strategy...
2026-05-02 02:59:04,414 - INFO - [The Hindu] Page content loaded.
2026-05-02 02:59:04,633 - WARNING - [The Hindu] FAILED with 'selenium_browser' (content was too short: 63 words).
2026-05-02 02:59:04,634 - ERROR - [The Hindu] All scrape strategies failed for https://www.thehindu.com/news/national/karnataka/bengaluru-hotels-to-hike-prices-again-after-commercial-gas-cylinder-price-goes-up-from-2162-to-3152/article70927870.ece. Falling back to RSS description.
2026-05-02 02:59:04,634 - INFO - Duplicate article skipped: Bengaluru hotels to hike prices again after commercial gas cylinder price goes up from ₹2,162 to ₹3,152 from The Hindu
2026-05-02 02:59:05,264 - INFO - [The Hindu] Article: https://www.thehindu.com/news/national/telangana/telangana-it-minister-for-stronger-digital-push-in-govt-schools/article70928751.ece
2026-05-02 02:59:05,264 - INFO - [The Hindu] Attempt 1/1: Trying with 'selenium_browser' strategy...
2026-05-02 03:00:05,280 - ERROR - [The Hindu] Request failed for strategy 'selenium_browser' on URL https://www.thehindu.com/news/national/telangana/telangana-it-minister-for-stronger-digital-push-in-govt-schools/article70928751.ece: Message: timeout: Timed out receiving message from renderer: 59.620
  (Session info: chrome=147.0.7727.55)
Stacktrace:
#0 0x55f18b57bb6a <unknown>
#1 0x55f18af7d265 <unknown>
#2 0x55f18af64b1b <unknown>
#3 0x55f18af64804 <unknown>
#4 0x55f18af6254b <unknown>
#5 0x55f18af62ecf <unknown>
#6 0x55f18af71e90 <unknown>
#7 0x55f18af8bc67 <unknown>
#8 0x55f18af9279b <unknown>
#9 0x55f18af6361f <unknown>
#10 0x55f18af8b9fd <unknown>
#11 0x55f18b018c7d <unknown>
#12 0x55f18afc35cf <unknown>
#13 0x55f18afc4391 <unknown>
#14 0x55f18b54104b <unknown>
#15 0x55f18b54400d <unknown>
#16 0x55f18b52d808 <unknown>
#17 0x55f18b544ba0 <unknown>
#18 0x55f18b514280 <unknown>
#19 0x55f18b568db8 <unknown>
#20 0x55f18b568f88 <unknown>
#21 0x55f18b57a5de <unknown>
#22 0x7f97dfa9caa4 <unknown>
#23 0x7f97dfb29c6c <unknown>

2026-05-02 03:00:05,281 - ERROR - [The Hindu] All scrape strategies failed for https://www.thehindu.com/news/national/telangana/telangana-it-minister-for-stronger-digital-push-in-govt-schools/article70928751.ece. Falling back to RSS description.
2026-05-02 03:00:05,282 - INFO - Saved article: Telangana IT Minister for stronger digital push in govt. schools from The Hindu
2026-05-02 03:00:06,493 - INFO - [The Hindu] Article: https://www.thehindu.com/news/cities/Hyderabad/scr-debuts-ai-based-passenger-information-kiosks/article70929135.ece
2026-05-02 03:00:06,493 - INFO - [The Hindu] Attempt 1/1: Trying with 'selenium_browser' strategy...
2026-05-02 03:00:08,115 - INFO - [The Hindu] Page content loaded.
2026-05-02 03:00:08,253 - INFO - [The Hindu] Success with 'selenium_browser'. Found content (274 words).
2026-05-02 03:00:08,357 - INFO - Saved article: SCR debuts AI-based passenger information kiosks - The Hindu from The Hindu
2026-05-02 03:00:09,039 - INFO - [The Hindu] Article: https://www.thehindu.com/business/48-of-nse-firms-have-no-women-as-key-managers-women-losing-out-on-higher-paid-jobs-study/article70929071.ece
2026-05-02 03:00:09,040 - INFO - [The Hindu] Attempt 1/1: Trying with 'selenium_browser' strategy...
2026-05-02 03:00:10,138 - INFO - [The Hindu] Page content loaded.
2026-05-02 03:00:10,280 - INFO - [The Hindu] Success with 'selenium_browser'. Found content (177 words).
2026-05-02 03:00:10,348 - INFO - Saved article: 48% of NSE firms have no women as key managers; women losing out on higher paid jobs: study - The Hindu from The Hindu
2026-05-02 03:00:10,993 - INFO - [The Hindu] Article: https://www.thehindu.com/news/national/telangana/buddha-purnima-marked-at-buddhavanam-with-mobile-museum-on-wheels-launch/article70929371.ece
2026-05-02 03:00:10,993 - INFO - [The Hindu] Attempt 1/1: Trying with 'selenium_browser' strategy...
2026-05-02 03:01:06,863 - CRITICAL - --- TIMEOUT: 1 scrape jobs did not complete in 420s. ---
2026-05-02 03:01:06,863 - ERROR - A thread has timed out and will be abandoned.
2026-05-02 03:01:06,863 - INFO - Shutting down thread pool (wait=False)...
2026-05-02 03:01:06,863 - INFO - Scraped: 9 The Guardian, 10 BBC, 20 Times of India, 1 Timed_Out_Jobs articles. (Total saved: 39)
2026-05-02 03:01:06,863 - INFO - --- Scraping job finished ---
2026-05-02 03:01:06,863 - INFO - --- Scraper service stopped and database connection closed. ---
2026-05-02 03:01:06,863 - INFO - --- Main thread finished. Forcing process exit to kill zombie threads. ---
