2025-11-16 01:50:23,409 - INFO - Initializing database connection at: news_articles.db
2025-11-16 01:50:23,410 - INFO - --- Scraper service started (CI Mode: Run Once) ---
2025-11-16 01:50:23,410 - INFO - --- Starting new scraping job (Parallel Mode) ---
2025-11-16 01:50:23,410 - INFO - Creating new robust session with 3 retries on 5xx/connection/read errors.
2025-11-16 01:50:23,410 - INFO - Proxy is DISABLED.
2025-11-16 01:50:23,410 - INFO - Starting scrape for BBC RSS feed: http://feeds.bbci.co.uk/news/world/rss.xml
2025-11-16 01:50:23,410 - INFO - [Times of India] (Thread) requires Selenium. Initializing driver...
2025-11-16 01:50:23,410 - INFO - Initializing headless Selenium Chrome driver (using SeleniumManager)...
2025-11-16 01:50:23,411 - INFO - Starting scrape for The Guardian RSS feed: https://www.theguardian.com/world/rss
2025-11-16 01:50:23,411 - INFO - [The Hindu] (Thread) requires Selenium. Initializing driver...
2025-11-16 01:50:23,411 - INFO - Initializing headless Selenium Chrome driver (using SeleniumManager)...
2025-11-16 01:50:23,411 - INFO - Submitted 4 jobs to thread pool. Waiting up to 300s for completion...
2025-11-16 01:50:23,516 - INFO - Found 45 articles in The Guardian RSS feed. Processing up to 10.
2025-11-16 01:50:23,517 - INFO - [The Guardian] Article: https://www.theguardian.com/world/2025/nov/15/ethiopia-confirms-outbreak-of-deadly-marburg-virus
2025-11-16 01:50:23,517 - INFO - [The Guardian] Attempt 1/1: Trying with 'requests_browser' strategy...
2025-11-16 01:50:23,545 - INFO - [The Guardian] Success with 'requests_browser'. Found content (279 words).
2025-11-16 01:50:23,582 - INFO - Saved article: Ethiopia confirms outbreak of deadly Marburg virus | Ethiopia | The Guardian from The Guardian
2025-11-16 01:50:23,754 - INFO - Found 26 articles in BBC RSS feed. Processing up to 10.
2025-11-16 01:50:23,754 - INFO - [BBC] Article: https://www.bbc.com/news/articles/c891jp9j79do?at_medium=RSS&at_campaign=rss
2025-11-16 01:50:23,754 - INFO - [BBC] Attempt 1/1: Trying with 'requests_browser' strategy...
2025-11-16 01:50:23,961 - INFO - [BBC] Success with 'requests_browser'. Found content (895 words).
2025-11-16 01:50:24,003 - INFO - Duplicate article skipped: Trump says he will sue BBC for at least $1bn over Panorama edit from BBC
2025-11-16 01:50:24,258 - INFO - [The Guardian] Article: https://www.theguardian.com/australia-news/2025/nov/16/australia-dubai-international-airshow-defence-weapons-arms-fair-sudan-uae
2025-11-16 01:50:24,258 - INFO - [The Guardian] Attempt 1/1: Trying with 'requests_browser' strategy...
2025-11-16 01:50:24,297 - INFO - [The Guardian] Success with 'requests_browser'. Found content (1164 words).
2025-11-16 01:50:24,348 - INFO - Saved article: Australia is selling arms at a weapons fair in Dubai. Are they destined to be used in Sudan atrocities? | Australia news | The Guardian from The Guardian
2025-11-16 01:50:24,843 - INFO - [BBC] Article: https://www.bbc.com/news/articles/cy40z22qqwwo?at_medium=RSS&at_campaign=rss
2025-11-16 01:50:24,843 - INFO - [BBC] Attempt 1/1: Trying with 'requests_browser' strategy...
2025-11-16 01:50:24,882 - INFO - [BBC] Success with 'requests_browser'. Found content (732 words).
2025-11-16 01:50:24,915 - INFO - Saved article: COP30: Thousands march outside COP30 summit in call for action from BBC
2025-11-16 01:50:25,490 - INFO - [The Guardian] Article: https://www.theguardian.com/global-development/2025/nov/15/health-uk-cut-global-fund-aids-tuberculosis-tb-malaria-africa
2025-11-16 01:50:25,490 - INFO - [The Guardian] Attempt 1/1: Trying with 'requests_browser' strategy...
2025-11-16 01:50:25,523 - INFO - [The Guardian] Success with 'requests_browser'. Found content (681 words).
2025-11-16 01:50:25,559 - INFO - Duplicate article skipped: UK warned that 15% cut to health fund will force ‘impossible choices’ on Africa | Global Fund to Fight Aids, Tuberculosis and Malaria | The Guardian from The Guardian
2025-11-16 01:50:25,734 - INFO - [BBC] Article: https://www.bbc.com/news/articles/c9wv4dx05q5o?at_medium=RSS&at_campaign=rss
2025-11-16 01:50:25,734 - INFO - [BBC] Attempt 1/1: Trying with 'requests_browser' strategy...
2025-11-16 01:50:25,762 - INFO - [BBC] Success with 'requests_browser'. Found content (636 words).
2025-11-16 01:50:25,795 - INFO - Duplicate article skipped: Feud erupts as Trump targets MAGA ally Marjorie Taylor Greene from BBC
2025-11-16 01:50:26,818 - INFO - [The Guardian] Article: https://www.theguardian.com/world/2025/nov/14/anger-south-africa-plane-palestinians-held-12-hours
2025-11-16 01:50:26,818 - INFO - [The Guardian] Attempt 1/1: Trying with 'requests_browser' strategy...
2025-11-16 01:50:26,848 - INFO - [The Guardian] Success with 'requests_browser'. Found content (620 words).
2025-11-16 01:50:26,889 - INFO - Duplicate article skipped: South Africa to investigate ‘mysterious’ arrival of 153 Palestinians on plane | South Africa | The Guardian from The Guardian
2025-11-16 01:50:26,993 - INFO - [BBC] Article: https://www.bbc.com/news/articles/cn8vm30rr78o?at_medium=RSS&at_campaign=rss
2025-11-16 01:50:26,993 - INFO - [BBC] Attempt 1/1: Trying with 'requests_browser' strategy...
2025-11-16 01:50:27,023 - INFO - [BBC] Success with 'requests_browser'. Found content (367 words).
2025-11-16 01:50:27,058 - INFO - Saved article: Thousands protest against government in Mexico over violent crime from BBC
2025-11-16 01:50:27,581 - INFO - [BBC] Article: https://www.bbc.com/news/articles/cvgwyyd8l58o?at_medium=RSS&at_campaign=rss
2025-11-16 01:50:27,581 - INFO - [BBC] Attempt 1/1: Trying with 'requests_browser' strategy...
2025-11-16 01:50:27,616 - INFO - [BBC] Success with 'requests_browser'. Found content (418 words).
2025-11-16 01:50:27,651 - INFO - Saved article: Zelensky vows energy sector overhaul after $100m corruption scandal from BBC
2025-11-16 01:50:27,777 - INFO - [The Guardian] Article: https://www.theguardian.com/world/2025/nov/14/british-egyptian-activist-alaa-abd-el-fattah-stopped-from-flying-to-uk-says-family
2025-11-16 01:50:27,777 - INFO - [The Guardian] Attempt 1/1: Trying with 'requests_browser' strategy...
2025-11-16 01:50:27,808 - INFO - [The Guardian] Success with 'requests_browser'. Found content (456 words).
2025-11-16 01:50:27,876 - INFO - Duplicate article skipped: British-Egyptian activist stopped from flying to UK, says family | Egypt | The Guardian from The Guardian
2025-11-16 01:50:28,785 - INFO - [The Guardian] Article: https://www.theguardian.com/environment/2025/nov/15/indigenous-lands-must-be-recognised-as-part-of-climate-policy-says-brazilian-minister
2025-11-16 01:50:28,785 - INFO - [The Guardian] Attempt 1/1: Trying with 'requests_browser' strategy...
2025-11-16 01:50:28,810 - INFO - [The Guardian] Success with 'requests_browser'. Found content (777 words).
2025-11-16 01:50:28,850 - INFO - Saved article: Indigenous lands must be recognised as part of climate policy, says Brazilian minister | Cop30 | The Guardian from The Guardian
2025-11-16 01:50:29,045 - INFO - [BBC] Article: https://www.bbc.com/news/articles/c8x1k0x2k2lo?at_medium=RSS&at_campaign=rss
2025-11-16 01:50:29,045 - INFO - [BBC] Attempt 1/1: Trying with 'requests_browser' strategy...
2025-11-16 01:50:29,072 - INFO - [BBC] Success with 'requests_browser'. Found content (296 words).
2025-11-16 01:50:29,103 - INFO - Saved article: Australia: Nine injured after Walcha demolition derby car rams into crowd from BBC
2025-11-16 01:50:29,785 - INFO - [The Guardian] Article: https://www.theguardian.com/environment/2025/nov/14/protesters-blockade-cop30-summit-over-plight-of-indigenous-peoples
2025-11-16 01:50:29,785 - INFO - [The Guardian] Attempt 1/1: Trying with 'requests_browser' strategy...
2025-11-16 01:50:29,815 - INFO - [The Guardian] Success with 'requests_browser'. Found content (976 words).
2025-11-16 01:50:29,867 - INFO - Duplicate article skipped: Protesters blockade Cop30 summit over plight of Indigenous peoples | Cop30 | The Guardian from The Guardian
2025-11-16 01:50:30,431 - INFO - [BBC] Article: https://www.bbc.com/news/articles/cdxr5drrpqxo?at_medium=RSS&at_campaign=rss
2025-11-16 01:50:30,431 - INFO - [BBC] Attempt 1/1: Trying with 'requests_browser' strategy...
2025-11-16 01:50:30,463 - INFO - [BBC] Success with 'requests_browser'. Found content (580 words).
2025-11-16 01:50:30,497 - INFO - Saved article: Pope Leo welcomes cinema stars to the Vatican from BBC
2025-11-16 01:50:31,024 - INFO - [The Guardian] Article: https://www.theguardian.com/world/2025/nov/14/mark-carney-nation-building-canada
2025-11-16 01:50:31,024 - INFO - [The Guardian] Attempt 1/1: Trying with 'requests_browser' strategy...
2025-11-16 01:50:31,047 - INFO - [The Guardian] Success with 'requests_browser'. Found content (745 words).
2025-11-16 01:50:31,056 - INFO - [BBC] Article: https://www.bbc.com/news/articles/cnvel2gvqeqo?at_medium=RSS&at_campaign=rss
2025-11-16 01:50:31,056 - INFO - [BBC] Attempt 1/1: Trying with 'requests_browser' strategy...
2025-11-16 01:50:31,085 - INFO - Duplicate article skipped: Carney’s ‘nation-building’ programme misses mark to be truly transformative for Canada | Canada | The Guardian from The Guardian
2025-11-16 01:50:31,101 - INFO - [BBC] Success with 'requests_browser'. Found content (320 words).
2025-11-16 01:50:31,140 - INFO - Duplicate article skipped: Kashmir blast: Nine killed in accidental explosion at police station in Indian-administered Kashmir, officials say from BBC
2025-11-16 01:50:32,096 - INFO - Selenium driver initialized successfully.
2025-11-16 01:50:32,096 - INFO - Starting scrape for Times of India RSS feed: https://timesofindia.indiatimes.com/rssfeeds/296589292.cms
2025-11-16 01:50:32,097 - INFO - Selenium driver initialized successfully.
2025-11-16 01:50:32,097 - INFO - Starting scrape for The Hindu RSS feed: https://www.thehindu.com/news/national/feeder/default.rss
2025-11-16 01:50:32,268 - INFO - Found 100 articles in The Hindu RSS feed. Processing up to 10.
2025-11-16 01:50:32,268 - INFO - [The Hindu] Article: https://www.thehindu.com/news/national/tamil-nadu/rejuvenation-helps-otteri-lake-in-vellore-to-reach-full-capacity-since-2021-floods/article70284089.ece
2025-11-16 01:50:32,268 - INFO - [The Hindu] Attempt 1/1: Trying with 'selenium_browser' strategy...
2025-11-16 01:50:32,280 - INFO - Found 20 articles in Times of India RSS feed. Processing up to 10.
2025-11-16 01:50:32,281 - INFO - [Times of India] Article: https://timesofindia.indiatimes.com/world/us/us-visa-bulletin-december-eb-1-eb-2-dates-move-forward-for-indians/articleshow/125355776.cms
2025-11-16 01:50:32,281 - INFO - [Times of India] Attempt 1/1: Trying with 'selenium_browser' strategy...
2025-11-16 01:50:32,466 - INFO - [The Guardian] Article: https://www.theguardian.com/world/2025/nov/14/venezuela-maduro-urges-trump-to-avoid-afghanistan-style-forever-war
2025-11-16 01:50:32,467 - INFO - [The Guardian] Attempt 1/1: Trying with 'requests_browser' strategy...
2025-11-16 01:50:32,468 - INFO - [BBC] Article: https://www.bbc.com/news/articles/cdjr4xw83eko?at_medium=RSS&at_campaign=rss
2025-11-16 01:50:32,468 - INFO - [BBC] Attempt 1/1: Trying with 'requests_browser' strategy...
2025-11-16 01:50:32,518 - INFO - [The Guardian] Success with 'requests_browser'. Found content (499 words).
2025-11-16 01:50:32,566 - INFO - [BBC] Success with 'requests_browser'. Found content (676 words).
2025-11-16 01:50:32,582 - INFO - Duplicate article skipped: Venezuela’s Maduro urges Trump to avoid Afghanistan-style ‘forever war’ | Venezuela | The Guardian from The Guardian
2025-11-16 01:50:32,599 - INFO - Duplicate article skipped: Trump rolls back tariffs on dozens of food products from BBC
2025-11-16 01:50:33,328 - INFO - [The Guardian] Article: https://www.theguardian.com/environment/2025/nov/14/london-judge-rules-bhp-group-liable-for-brazil-2015-samarco-dam-collapse
2025-11-16 01:50:33,328 - INFO - [The Guardian] Attempt 1/1: Trying with 'requests_browser' strategy...
2025-11-16 01:50:33,387 - INFO - [The Guardian] Success with 'requests_browser'. Found content (407 words).
2025-11-16 01:50:33,440 - INFO - [BBC] Article: https://www.bbc.com/news/articles/cn09n94qg92o?at_medium=RSS&at_campaign=rss
2025-11-16 01:50:33,440 - INFO - [BBC] Attempt 1/1: Trying with 'requests_browser' strategy...
2025-11-16 01:50:33,467 - INFO - Duplicate article skipped: Mining firm BHP found liable in UK for disastrous Brazilian dam collapse | Mining | The Guardian from The Guardian
2025-11-16 01:50:33,519 - INFO - [BBC] Success with 'requests_browser'. Found content (1253 words).
2025-11-16 01:50:33,586 - INFO - Saved article: Epstein files: Who else was mentioned? from BBC
2025-11-16 01:50:36,182 - INFO - [The Hindu] Page content loaded.
2025-11-16 01:50:36,281 - INFO - [The Hindu] Success with 'selenium_browser'. Found content (420 words).
2025-11-16 01:50:36,408 - INFO - Saved article: Rejuvenation helps Otteri lake in Vellore to reach full capacity since 2021 floods - The Hindu from The Hindu
2025-11-16 01:50:36,921 - INFO - [The Hindu] Article: https://www.thehindu.com/business/Economy/venezuela-keen-to-increase-cooperation-in-critical-minerals-sector-with-india/article70285364.ece
2025-11-16 01:50:36,921 - INFO - [The Hindu] Attempt 1/1: Trying with 'selenium_browser' strategy...
2025-11-16 01:50:41,763 - INFO - [The Hindu] Page content loaded.
2025-11-16 01:50:41,850 - INFO - [The Hindu] Success with 'selenium_browser'. Found content (247 words).
2025-11-16 01:50:42,039 - INFO - Saved article: Venezuela keen to increase cooperation in critical minerals sector with India - The Hindu from The Hindu
2025-11-16 01:50:43,434 - INFO - [The Hindu] Article: https://www.thehindu.com/news/national/tamil-nadu/p-chidambaram-launches-book-on-indian-community-in-singapore/article70284835.ece
2025-11-16 01:50:43,434 - INFO - [The Hindu] Attempt 1/1: Trying with 'selenium_browser' strategy...
2025-11-16 01:50:45,334 - INFO - [The Hindu] Page content loaded.
2025-11-16 01:50:45,740 - INFO - [The Hindu] Success with 'selenium_browser'. Found content (276 words).
2025-11-16 01:50:45,884 - INFO - Saved article: P. Chidambaram launches book on Indian community in Singapore - The Hindu from The Hindu
2025-11-16 01:50:46,597 - INFO - [The Hindu] Article: https://www.thehindu.com/news/national/tamil-nadu/state-highways-dept-opens-nine-swanky-bus-shelters-in-tiruvannamalai-town/article70284073.ece
2025-11-16 01:50:46,597 - INFO - [The Hindu] Attempt 1/1: Trying with 'selenium_browser' strategy...
2025-11-16 01:50:52,589 - INFO - [The Hindu] Page content loaded.
2025-11-16 01:50:52,817 - INFO - [The Hindu] Success with 'selenium_browser'. Found content (300 words).
2025-11-16 01:50:52,950 - INFO - Saved article: State Highways Dept. opens nine swanky bus shelters in Tiruvannamalai town - The Hindu from The Hindu
2025-11-16 01:50:54,247 - INFO - [The Hindu] Article: https://www.thehindu.com/business/hindustan-zinc-gets-licence-to-explore-mine-tungsten-block-in-andhra-pradesh/article70285363.ece
2025-11-16 01:50:54,247 - INFO - [The Hindu] Attempt 1/1: Trying with 'selenium_browser' strategy...
2025-11-16 01:50:55,459 - INFO - [The Hindu] Page content loaded.
2025-11-16 01:50:55,539 - INFO - [The Hindu] Success with 'selenium_browser'. Found content (226 words).
2025-11-16 01:50:55,620 - INFO - Saved article: Hindustan Zinc gets licence to explore, mine tungsten block in Andhra Pradesh - The Hindu from The Hindu
2025-11-16 01:50:56,300 - INFO - [The Hindu] Article: https://www.thehindu.com/news/national/west-bengal/visit-raj-bhavan-and-verify-says-west-bengal-governor-after-tmc-mp-alleges-arms-distributed-from-raj-bhavan/article70285243.ece
2025-11-16 01:50:56,300 - INFO - [The Hindu] Attempt 1/1: Trying with 'selenium_browser' strategy...
2025-11-16 01:50:57,252 - INFO - [The Hindu] Page content loaded.
2025-11-16 01:50:57,352 - INFO - [The Hindu] Success with 'selenium_browser'. Found content (414 words).
2025-11-16 01:50:57,443 - INFO - Saved article: ‘Visit Raj Bhavan and verify’, says West Bengal Governor after TMC MP alleges arms distributed from Raj Bhavan - The Hindu from The Hindu
2025-11-16 01:50:58,600 - INFO - [The Hindu] Article: https://www.thehindu.com/elections/bihar-assembly/our-voters-went-with-nda-out-of-fear-that-rjd-will-bring-back-jungle-raj-jan-suraaj/article70284931.ece
2025-11-16 01:50:58,600 - INFO - [The Hindu] Attempt 1/1: Trying with 'selenium_browser' strategy...
2025-11-16 01:51:01,029 - INFO - [The Hindu] Page content loaded.
2025-11-16 01:51:01,171 - INFO - [The Hindu] Success with 'selenium_browser'. Found content (838 words).
2025-11-16 01:51:01,282 - INFO - Saved article: Our voters went with NDA out of fear that RJD will bring back jungle raj: Jan Suraaj - The Hindu from The Hindu
2025-11-16 01:51:01,873 - INFO - [The Hindu] Article: https://www.thehindu.com/news/national/uttar-pradesh/double-engine-government-ensures-security-dignity-self-reliance-of-tribal-communities-says-uttar-pradesh-cm/article70284221.ece
2025-11-16 01:51:01,873 - INFO - [The Hindu] Attempt 1/1: Trying with 'selenium_browser' strategy...
2025-11-16 01:51:02,860 - INFO - [The Hindu] Page content loaded.
2025-11-16 01:51:02,955 - INFO - [The Hindu] Success with 'selenium_browser'. Found content (355 words).
2025-11-16 01:51:03,023 - INFO - Saved article: Double-engine government ensures security, dignity, self-reliance of tribal communities, says Uttar Pradesh CM - The Hindu from The Hindu
2025-11-16 01:51:04,079 - INFO - [The Hindu] Article: https://www.thehindu.com/news/national/west-bengal/west-bengal-sir-blos-seek-deadline-extension-assistance-with-data-entry-cite-unmanageable-workload/article70283922.ece
2025-11-16 01:51:04,079 - INFO - [The Hindu] Attempt 1/1: Trying with 'selenium_browser' strategy...
2025-11-16 01:51:06,230 - INFO - [The Hindu] Page content loaded.
2025-11-16 01:51:06,293 - INFO - [The Hindu] Success with 'selenium_browser'. Found content (596 words).
2025-11-16 01:51:06,360 - INFO - Saved article: West Bengal SIR: BLOs seek deadline extension, assistance with data entry; cite ‘unmanageable workload’ - The Hindu from The Hindu
2025-11-16 01:51:06,957 - INFO - [The Hindu] Article: https://www.thehindu.com/business/Industry/turning-threads/article70271559.ece
2025-11-16 01:51:06,957 - INFO - [The Hindu] Attempt 1/1: Trying with 'selenium_browser' strategy...
2025-11-16 01:52:32,381 - ERROR - [Times of India] Request failed for strategy 'selenium_browser' on URL https://timesofindia.indiatimes.com/world/us/us-visa-bulletin-december-eb-1-eb-2-dates-move-forward-for-indians/articleshow/125355776.cms: HTTPConnectionPool(host='localhost', port=57345): Read timed out. (read timeout=120)
2025-11-16 01:52:32,382 - ERROR - [Times of India] All scrape strategies failed for https://timesofindia.indiatimes.com/world/us/us-visa-bulletin-december-eb-1-eb-2-dates-move-forward-for-indians/articleshow/125355776.cms. Falling back to RSS description.
2025-11-16 01:52:32,383 - INFO - Saved article: US visa bulletin December: EB-1, EB-2 dates move forward for Indians from Times of India
2025-11-16 01:52:33,605 - INFO - [Times of India] Article: https://timesofindia.indiatimes.com/world/us/vivek-ramaswamy-is-culturally-indian-maga-debates-why-they-hate-trump-backed-ohio-guv-candidate/articleshow/125355294.cms
2025-11-16 01:52:33,605 - INFO - [Times of India] Attempt 1/1: Trying with 'selenium_browser' strategy...
2025-11-16 01:53:07,019 - ERROR - [The Hindu] Request failed for strategy 'selenium_browser' on URL https://www.thehindu.com/business/Industry/turning-threads/article70271559.ece: HTTPConnectionPool(host='localhost', port=51551): Read timed out. (read timeout=120)
2025-11-16 01:53:07,019 - ERROR - [The Hindu] All scrape strategies failed for https://www.thehindu.com/business/Industry/turning-threads/article70271559.ece. Falling back to RSS description.
2025-11-16 01:53:07,021 - INFO - Saved article: Turning threads from The Hindu
2025-11-16 01:53:08,130 - INFO - [The Hindu] (Thread) Finished. Attempting to shut down its Selenium driver.
2025-11-16 01:54:33,706 - ERROR - [Times of India] Request failed for strategy 'selenium_browser' on URL https://timesofindia.indiatimes.com/world/us/vivek-ramaswamy-is-culturally-indian-maga-debates-why-they-hate-trump-backed-ohio-guv-candidate/articleshow/125355294.cms: HTTPConnectionPool(host='localhost', port=57345): Read timed out. (read timeout=120)
2025-11-16 01:54:33,706 - ERROR - [Times of India] All scrape strategies failed for https://timesofindia.indiatimes.com/world/us/vivek-ramaswamy-is-culturally-indian-maga-debates-why-they-hate-trump-backed-ohio-guv-candidate/articleshow/125355294.cms. Falling back to RSS description.
2025-11-16 01:54:33,708 - INFO - Saved article: 'Vivek Ramaswamy is culturally Indian': MAGA debates why they hate Trump-backed Ohio Guv candidate from Times of India
2025-11-16 01:54:34,596 - INFO - [Times of India] Article: https://timesofindia.indiatimes.com/world/us/trump-planning-to-limit-green-card-for-immigrants-from-travel-ban-countries-what-does-it-mean/articleshow/125353703.cms
2025-11-16 01:54:34,596 - INFO - [Times of India] Attempt 1/1: Trying with 'selenium_browser' strategy...
2025-11-16 01:55:08,145 - WARNING - Retrying (Retry(total=2, connect=None, read=None, redirect=None, status=None)) after connection broken by 'ReadTimeoutError("HTTPConnectionPool(host='localhost', port=51551): Read timed out. (read timeout=120)")': /session/e28e2f8320f9112780f871814c57fa98
2025-11-16 01:55:23,412 - CRITICAL - --- TIMEOUT: 2 scrape jobs did not complete in 300s. ---
2025-11-16 01:55:23,412 - ERROR - A thread has timed out and will be abandoned.
2025-11-16 01:55:23,412 - ERROR - A thread has timed out and will be abandoned.
2025-11-16 01:55:23,412 - INFO - Shutting down thread pool (wait=False)...
2025-11-16 01:55:23,412 - INFO - Scraped: 6 BBC, 3 The Guardian, 2 Timed_Out_Jobs articles. (Total saved: 9)
2025-11-16 01:55:23,412 - INFO - --- Scraping job finished ---
2025-11-16 01:55:23,412 - INFO - --- Scraper service stopped and database connection closed. ---
2025-11-16 01:55:23,412 - INFO - --- Main thread finished. Forcing process exit to kill zombie threads. ---
